current timestep 0
num of flexible agents: 50
num of flexible tasks: 10
Solving time: 0.0004138 seconds
plan limit 980
current timestep 1
num of flexible agents: 47
num of flexible tasks: 17
Solving time: 0.0004163 seconds
plan limit 980
current timestep 2
num of flexible agents: 47
num of flexible tasks: 27
Solving time: 0.0004856 seconds
plan limit 980
current timestep 3
num of flexible agents: 44
num of flexible tasks: 34
Solving time: 0.0005309 seconds
plan limit 980
current timestep 4
num of flexible agents: 41
num of flexible tasks: 41
Solving time: 0.0005775 seconds
plan limit 971
current timestep 5
num of flexible agents: 38
num of flexible tasks: 48
Solving time: 0.0004955 seconds
plan limit 980
current timestep 6
num of flexible agents: 31
num of flexible tasks: 51
Solving time: 0.0005924 seconds
plan limit 979
current timestep 7
num of flexible agents: 25
num of flexible tasks: 55
Solving time: 0.0005069 seconds
plan limit 980
current timestep 8
num of flexible agents: 20
num of flexible tasks: 60
Solving time: 0.0003552 seconds
plan limit 980
current timestep 9
num of flexible agents: 11
num of flexible tasks: 61
Solving time: 0.0003509 seconds
plan limit 980
current timestep 10
num of flexible agents: 5
num of flexible tasks: 65
Solving time: 0.0003248 seconds
plan limit 980
current timestep 11
num of flexible agents: 3
num of flexible tasks: 73
Solving time: 0.000872 seconds
plan limit 979
current timestep 12
num of flexible agents: 4
num of flexible tasks: 82
Solving time: 0.0002858 seconds
plan limit 980
current timestep 13
num of flexible agents: 3
num of flexible tasks: 91
Solving time: 0.0008292 seconds
plan limit 979
current timestep 14
num of flexible agents: 4
num of flexible tasks: 101
Solving time: 0.0003291 seconds
plan limit 980
current timestep 15
num of flexible agents: 2
num of flexible tasks: 108
Solving time: 0.0007749 seconds
plan limit 979
current timestep 16
num of flexible agents: 0
num of flexible tasks: 116
Solving time: 0.0002332 seconds
plan limit 980
current timestep 17
num of flexible agents: 0
num of flexible tasks: 126
Solving time: 0.0003844 seconds
plan limit 980
current timestep 18
num of flexible agents: 1
num of flexible tasks: 136
Solving time: 0.0007208 seconds
plan limit 979
current timestep 19
num of flexible agents: 5
num of flexible tasks: 146
Solving time: 0.0003552 seconds
plan limit 980
current timestep 20
num of flexible agents: 5
num of flexible tasks: 154
Solving time: 0.000309 seconds
plan limit 980
current timestep 21
num of flexible agents: 3
num of flexible tasks: 161
Solving time: 0.0008184 seconds
plan limit 979
current timestep 22
num of flexible agents: 5
num of flexible tasks: 170
Solving time: 0.0003088 seconds
plan limit 980
current timestep 23
num of flexible agents: 4
num of flexible tasks: 177
Solving time: 0.0003028 seconds
plan limit 980
current timestep 24
num of flexible agents: 5
num of flexible tasks: 185
Solving time: 0.0003162 seconds
plan limit 980
current timestep 25
num of flexible agents: 3
num of flexible tasks: 191
Solving time: 0.0008276 seconds
plan limit 979
current timestep 26
num of flexible agents: 5
num of flexible tasks: 200
Solving time: 0.0003378 seconds
plan limit 980
current timestep 27
num of flexible agents: 3
num of flexible tasks: 206
Solving time: 0.00081 seconds
plan limit 979
current timestep 28
num of flexible agents: 2
num of flexible tasks: 214
Solving time: 0.000795 seconds
plan limit 979
current timestep 29
num of flexible agents: 5
num of flexible tasks: 224
Solving time: 0.000295 seconds
plan limit 980
current timestep 30
num of flexible agents: 1
num of flexible tasks: 229
Solving time: 0.0003094 seconds
plan limit 980
current timestep 31
num of flexible agents: 1
num of flexible tasks: 238
Solving time: 0.0006 seconds
plan limit 980
current timestep 32
num of flexible agents: 4
num of flexible tasks: 247
Solving time: 0.0009006 seconds
plan limit 979
current timestep 33
num of flexible agents: 4
num of flexible tasks: 254
Solving time: 0.0009291 seconds
plan limit 979
current timestep 34
num of flexible agents: 2
num of flexible tasks: 260
Solving time: 0.0007557 seconds
plan limit 979
current timestep 35
num of flexible agents: 0
num of flexible tasks: 268
Solving time: 0.0003331 seconds
plan limit 980
current timestep 36
num of flexible agents: 2
num of flexible tasks: 278
Solving time: 0.0006946 seconds
plan limit 980
current timestep 37
num of flexible agents: 1
num of flexible tasks: 286
Solving time: 0.0004747 seconds
plan limit 980
current timestep 38
num of flexible agents: 0
num of flexible tasks: 295
Solving time: 0.0003283 seconds
plan limit 980
current timestep 39
num of flexible agents: 4
num of flexible tasks: 305
Solving time: 0.0008266 seconds
plan limit 979
current timestep 40
num of flexible agents: 4
num of flexible tasks: 313
Solving time: 0.00094 seconds
plan limit 979
current timestep 41
num of flexible agents: 6
num of flexible tasks: 320
Solving time: 0.0010467 seconds
plan limit 979
current timestep 42
num of flexible agents: 5
num of flexible tasks: 325
Solving time: 0.0010842 seconds
plan limit 979
current timestep 43
num of flexible agents: 5
num of flexible tasks: 331
Solving time: 0.0010664 seconds
plan limit 979
current timestep 44
num of flexible agents: 2
num of flexible tasks: 336
Solving time: 0.000675 seconds
plan limit 980
current timestep 45
num of flexible agents: 1
num of flexible tasks: 344
Solving time: 0.0006054 seconds
plan limit 980
current timestep 46
num of flexible agents: 1
num of flexible tasks: 353
Solving time: 0.0005088 seconds
plan limit 980
current timestep 47
num of flexible agents: 3
num of flexible tasks: 363
Solving time: 0.0008339 seconds
plan limit 979
current timestep 48
num of flexible agents: 2
num of flexible tasks: 370
Solving time: 0.0008034 seconds
plan limit 979
current timestep 49
num of flexible agents: 1
num of flexible tasks: 378
Solving time: 0.0002487 seconds
plan limit 980
current timestep 50
num of flexible agents: 1
num of flexible tasks: 377
Solving time: 0.0006214 seconds
plan limit 980
current timestep 51
num of flexible agents: 1
num of flexible tasks: 376
Solving time: 0.0003415 seconds
plan limit 980
current timestep 52
num of flexible agents: 3
num of flexible tasks: 375
Solving time: 0.0010876 seconds
plan limit 979
current timestep 53
num of flexible agents: 2
num of flexible tasks: 372
Solving time: 0.0006943 seconds
plan limit 980
current timestep 54
num of flexible agents: 4
num of flexible tasks: 370
Solving time: 0.0009229 seconds
plan limit 979
current timestep 55
num of flexible agents: 4
num of flexible tasks: 366
Solving time: 0.0010541 seconds
plan limit 979
current timestep 56
num of flexible agents: 3
num of flexible tasks: 363
Solving time: 0.000848 seconds
plan limit 979
current timestep 57
num of flexible agents: 2
num of flexible tasks: 360
Solving time: 0.0006978 seconds
plan limit 979
current timestep 58
num of flexible agents: 2
num of flexible tasks: 359
Solving time: 0.0006907 seconds
plan limit 980
current timestep 59
num of flexible agents: 2
num of flexible tasks: 357
Solving time: 0.0007149 seconds
plan limit 979
current timestep 60
num of flexible agents: 0
num of flexible tasks: 355
Solving time: 0.0002643 seconds
plan limit 980
current timestep 61
num of flexible agents: 1
num of flexible tasks: 355
Solving time: 0.0006025 seconds
plan limit 980
current timestep 62
num of flexible agents: 4
num of flexible tasks: 355
Solving time: 0.0008653 seconds
plan limit 979
current timestep 63
num of flexible agents: 5
num of flexible tasks: 352
Solving time: 0.0009328 seconds
plan limit 979
current timestep 64
num of flexible agents: 3
num of flexible tasks: 348
Solving time: 0.0007469 seconds
plan limit 979
current timestep 65
num of flexible agents: 1
num of flexible tasks: 345
Solving time: 0.0005618 seconds
plan limit 980
current timestep 66
num of flexible agents: 1
num of flexible tasks: 344
Solving time: 0.0004048 seconds
plan limit 980
current timestep 67
num of flexible agents: 4
num of flexible tasks: 343
Solving time: 0.0008076 seconds
plan limit 979
current timestep 68
num of flexible agents: 1
num of flexible tasks: 339
Solving time: 0.0008087 seconds
plan limit 979
current timestep 69
num of flexible agents: 4
num of flexible tasks: 338
Solving time: 0.0008409 seconds
plan limit 979
current timestep 70
num of flexible agents: 5
num of flexible tasks: 336
Solving time: 0.0009271 seconds
plan limit 979
current timestep 71
num of flexible agents: 5
num of flexible tasks: 333
Solving time: 0.0011364 seconds
plan limit 979
current timestep 72
num of flexible agents: 5
num of flexible tasks: 329
Solving time: 0.0009817 seconds
plan limit 979
current timestep 73
num of flexible agents: 2
num of flexible tasks: 325
Solving time: 0.0007104 seconds
plan limit 979
current timestep 74
num of flexible agents: 0
num of flexible tasks: 323
Solving time: 0.0002396 seconds
plan limit 980
current timestep 75
num of flexible agents: 6
num of flexible tasks: 323
Solving time: 0.0014898 seconds
plan limit 978
current timestep 76
num of flexible agents: 1
num of flexible tasks: 317
Solving time: 0.0007938 seconds
plan limit 979
current timestep 77
num of flexible agents: 1
num of flexible tasks: 316
Solving time: 0.0004825 seconds
plan limit 980
current timestep 78
num of flexible agents: 0
num of flexible tasks: 315
Solving time: 0.0007934 seconds
plan limit 979
current timestep 79
num of flexible agents: 3
num of flexible tasks: 315
Solving time: 0.000756 seconds
plan limit 979
current timestep 80
num of flexible agents: 3
num of flexible tasks: 312
Solving time: 0.0008144 seconds
plan limit 979
current timestep 81
num of flexible agents: 5
num of flexible tasks: 310
Solving time: 0.0009414 seconds
plan limit 979
current timestep 82
num of flexible agents: 3
num of flexible tasks: 306
Solving time: 0.0008941 seconds
plan limit 979
current timestep 83
num of flexible agents: 6
num of flexible tasks: 305
Solving time: 0.0011294 seconds
plan limit 979
current timestep 84
num of flexible agents: 3
num of flexible tasks: 301
Solving time: 0.0009186 seconds
plan limit 979
current timestep 85
num of flexible agents: 2
num of flexible tasks: 300
Solving time: 0.0006928 seconds
plan limit 979
current timestep 86
num of flexible agents: 2
num of flexible tasks: 299
Solving time: 0.0009154 seconds
plan limit 979
current timestep 87
num of flexible agents: 6
num of flexible tasks: 299
Solving time: 0.0010275 seconds
plan limit 979
current timestep 88
num of flexible agents: 3
num of flexible tasks: 295
Solving time: 0.0008104 seconds
plan limit 979
current timestep 89
num of flexible agents: 6
num of flexible tasks: 294
Solving time: 0.0009367 seconds
plan limit 979
current timestep 90
num of flexible agents: 5
num of flexible tasks: 291
Solving time: 0.0008915 seconds
plan limit 979
current timestep 91
num of flexible agents: 6
num of flexible tasks: 288
Solving time: 0.0003007 seconds
plan limit 980
current timestep 92
num of flexible agents: 5
num of flexible tasks: 284
Solving time: 0.001141 seconds
plan limit 979
current timestep 93
num of flexible agents: 3
num of flexible tasks: 282
Solving time: 0.0007893 seconds
plan limit 979
current timestep 94
num of flexible agents: 3
num of flexible tasks: 280
Solving time: 0.0007431 seconds
plan limit 979
current timestep 95
num of flexible agents: 1
num of flexible tasks: 277
Solving time: 0.0005978 seconds
plan limit 980
current timestep 96
num of flexible agents: 1
num of flexible tasks: 276
Solving time: 0.0007939 seconds
plan limit 979
current timestep 97
num of flexible agents: 3
num of flexible tasks: 275
Solving time: 0.0007575 seconds
plan limit 979
current timestep 98
num of flexible agents: 1
num of flexible tasks: 272
Solving time: 0.0006091 seconds
plan limit 980
current timestep 99
num of flexible agents: 4
num of flexible tasks: 272
Solving time: 0.0008406 seconds
plan limit 979
current timestep 100
num of flexible agents: 4
num of flexible tasks: 268
Solving time: 0.0008226 seconds
plan limit 979
current timestep 101
num of flexible agents: 3
num of flexible tasks: 266
Solving time: 0.000935 seconds
plan limit 979
current timestep 102
num of flexible agents: 5
num of flexible tasks: 264
Solving time: 0.0008842 seconds
plan limit 979
current timestep 103
num of flexible agents: 4
num of flexible tasks: 260
Solving time: 0.0009782 seconds
plan limit 979
current timestep 104
num of flexible agents: 2
num of flexible tasks: 257
Solving time: 0.0008518 seconds
plan limit 979
current timestep 105
num of flexible agents: 3
num of flexible tasks: 256
Solving time: 0.000749 seconds
plan limit 979
current timestep 106
num of flexible agents: 4
num of flexible tasks: 254
Solving time: 0.0010686 seconds
plan limit 979
current timestep 107
num of flexible agents: 4
num of flexible tasks: 251
Solving time: 0.0008528 seconds
plan limit 979
current timestep 108
num of flexible agents: 2
num of flexible tasks: 248
Solving time: 0.0006996 seconds
plan limit 979
current timestep 109
num of flexible agents: 2
num of flexible tasks: 247
Solving time: 0.0006716 seconds
plan limit 980
current timestep 110
num of flexible agents: 4
num of flexible tasks: 246
Solving time: 0.0008445 seconds
plan limit 979
current timestep 111
num of flexible agents: 5
num of flexible tasks: 243
Solving time: 0.0010331 seconds
plan limit 979
current timestep 112
num of flexible agents: 4
num of flexible tasks: 239
Solving time: 0.0010095 seconds
plan limit 979
current timestep 113
num of flexible agents: 1
num of flexible tasks: 236
Solving time: 0.0006272 seconds
plan limit 980
current timestep 114
num of flexible agents: 2
num of flexible tasks: 235
Solving time: 0.0008646 seconds
plan limit 979
current timestep 115
num of flexible agents: 2
num of flexible tasks: 235
Solving time: 0.0008551 seconds
plan limit 979
current timestep 116
num of flexible agents: 1
num of flexible tasks: 234
Solving time: 0.0006452 seconds
plan limit 980
current timestep 117
num of flexible agents: 2
num of flexible tasks: 234
Solving time: 0.0008657 seconds
plan limit 979
current timestep 118
num of flexible agents: 2
num of flexible tasks: 232
Solving time: 0.0008647 seconds
plan limit 979
current timestep 119
num of flexible agents: 2
num of flexible tasks: 231
Solving time: 0.000712 seconds
plan limit 980
current timestep 120
num of flexible agents: 5
num of flexible tasks: 230
Solving time: 0.0008915 seconds
plan limit 979
current timestep 121
num of flexible agents: 6
num of flexible tasks: 228
Solving time: 0.0002882 seconds
plan limit 980
current timestep 122
num of flexible agents: 4
num of flexible tasks: 224
Solving time: 0.0008156 seconds
plan limit 979
current timestep 123
num of flexible agents: 3
num of flexible tasks: 220
Solving time: 0.0007503 seconds
plan limit 979
current timestep 124
num of flexible agents: 3
num of flexible tasks: 218
Solving time: 0.0008215 seconds
plan limit 979
current timestep 125
num of flexible agents: 3
num of flexible tasks: 215
Solving time: 0.000763 seconds
plan limit 979
current timestep 126
num of flexible agents: 0
num of flexible tasks: 212
Solving time: 0.0002401 seconds
plan limit 980
current timestep 127
num of flexible agents: 3
num of flexible tasks: 212
Solving time: 0.0008033 seconds
plan limit 971
current timestep 128
num of flexible agents: 6
num of flexible tasks: 212
Solving time: 0.0003116 seconds
plan limit 980
current timestep 129
num of flexible agents: 8
num of flexible tasks: 210
Solving time: 0.0003874 seconds
plan limit 980
current timestep 130
num of flexible agents: 8
num of flexible tasks: 206
Solving time: 0.0004765 seconds
plan limit 980
current timestep 131
num of flexible agents: 4
num of flexible tasks: 200
Solving time: 0.0010252 seconds
plan limit 979
current timestep 132
num of flexible agents: 2
num of flexible tasks: 197
Solving time: 0.0008847 seconds
plan limit 979
current timestep 133
num of flexible agents: 1
num of flexible tasks: 196
Solving time: 0.0006279 seconds
plan limit 979
current timestep 134
num of flexible agents: 4
num of flexible tasks: 196
Solving time: 0.0009501 seconds
plan limit 979
current timestep 135
num of flexible agents: 2
num of flexible tasks: 193
Solving time: 0.0007654 seconds
plan limit 979
current timestep 136
num of flexible agents: 4
num of flexible tasks: 192
Solving time: 0.0008671 seconds
plan limit 979
current timestep 137
num of flexible agents: 4
num of flexible tasks: 190
Solving time: 0.0008886 seconds
plan limit 979
current timestep 138
num of flexible agents: 4
num of flexible tasks: 189
Solving time: 0.0008781 seconds
plan limit 979
current timestep 139
num of flexible agents: 4
num of flexible tasks: 186
Solving time: 0.0012215 seconds
plan limit 979
current timestep 140
num of flexible agents: 6
num of flexible tasks: 185
Solving time: 0.0006295 seconds
plan limit 979
current timestep 141
num of flexible agents: 4
num of flexible tasks: 180
Solving time: 0.0008772 seconds
plan limit 979
current timestep 142
num of flexible agents: 3
num of flexible tasks: 177
Solving time: 0.0008458 seconds
plan limit 979
current timestep 143
num of flexible agents: 8
num of flexible tasks: 177
Solving time: 0.0007156 seconds
plan limit 979
current timestep 144
num of flexible agents: 7
num of flexible tasks: 173
Solving time: 0.000328 seconds
plan limit 980
current timestep 145
num of flexible agents: 5
num of flexible tasks: 169
Solving time: 0.0010542 seconds
plan limit 979
current timestep 146
num of flexible agents: 10
num of flexible tasks: 169
Solving time: 0.0005944 seconds
plan limit 979
current timestep 147
num of flexible agents: 7
num of flexible tasks: 165
Solving time: 0.0003242 seconds
plan limit 980
current timestep 148
num of flexible agents: 6
num of flexible tasks: 163
Solving time: 0.0004032 seconds
plan limit 980
current timestep 149
num of flexible agents: 10
num of flexible tasks: 162
Solving time: 0.0003479 seconds
plan limit 980
current timestep 150
num of flexible agents: 6
num of flexible tasks: 158
Solving time: 0.0004335 seconds
plan limit 980
current timestep 151
num of flexible agents: 5
num of flexible tasks: 157
Solving time: 0.0010777 seconds
plan limit 979
current timestep 152
num of flexible agents: 7
num of flexible tasks: 156
Solving time: 0.0003733 seconds
plan limit 980
current timestep 153
num of flexible agents: 6
num of flexible tasks: 154
Solving time: 0.0004202 seconds
plan limit 980
current timestep 154
num of flexible agents: 4
num of flexible tasks: 150
Solving time: 0.0011066 seconds
plan limit 979
current timestep 155
num of flexible agents: 1
num of flexible tasks: 147
Solving time: 0.0004343 seconds
plan limit 980
current timestep 156
num of flexible agents: 4
num of flexible tasks: 147
Solving time: 0.0009176 seconds
plan limit 979
current timestep 157
num of flexible agents: 5
num of flexible tasks: 146
Solving time: 0.0008973 seconds
plan limit 979
current timestep 158
num of flexible agents: 4
num of flexible tasks: 142
Solving time: 0.0009507 seconds
plan limit 979
current timestep 159
num of flexible agents: 5
num of flexible tasks: 141
Solving time: 0.0009157 seconds
plan limit 979
current timestep 160
num of flexible agents: 6
num of flexible tasks: 140
Solving time: 0.0003953 seconds
plan limit 980
current timestep 161
num of flexible agents: 5
num of flexible tasks: 139
Solving time: 0.0009229 seconds
plan limit 979
current timestep 162
num of flexible agents: 6
num of flexible tasks: 138
Solving time: 0.0003819 seconds
plan limit 980
current timestep 163
num of flexible agents: 6
num of flexible tasks: 136
Solving time: 0.0003081 seconds
plan limit 980
current timestep 164
num of flexible agents: 5
num of flexible tasks: 133
Solving time: 0.0009254 seconds
plan limit 979
current timestep 165
num of flexible agents: 6
num of flexible tasks: 131
Solving time: 0.000316 seconds
plan limit 980
current timestep 166
num of flexible agents: 3
num of flexible tasks: 128
Solving time: 0.0008745 seconds
plan limit 979
current timestep 167
num of flexible agents: 5
num of flexible tasks: 127
Solving time: 0.0008992 seconds
plan limit 979
current timestep 168
num of flexible agents: 3
num of flexible tasks: 125
Solving time: 0.0008676 seconds
plan limit 979
current timestep 169
num of flexible agents: 4
num of flexible tasks: 124
Solving time: 0.0010283 seconds
plan limit 979
current timestep 170
num of flexible agents: 6
num of flexible tasks: 123
Solving time: 0.0003283 seconds
plan limit 980
current timestep 171
num of flexible agents: 7
num of flexible tasks: 119
Solving time: 0.0003186 seconds
plan limit 980
current timestep 172
num of flexible agents: 4
num of flexible tasks: 114
Solving time: 0.0009477 seconds
plan limit 979
current timestep 173
num of flexible agents: 2
num of flexible tasks: 112
Solving time: 0.0008175 seconds
plan limit 979
current timestep 174
num of flexible agents: 2
num of flexible tasks: 111
Solving time: 0.0008629 seconds
plan limit 979
current timestep 175
num of flexible agents: 5
num of flexible tasks: 110
Solving time: 0.0010545 seconds
plan limit 979
current timestep 176
num of flexible agents: 6
num of flexible tasks: 105
Solving time: 0.0004517 seconds
plan limit 980
current timestep 177
num of flexible agents: 9
num of flexible tasks: 104
Solving time: 0.0003453 seconds
plan limit 980
current timestep 178
num of flexible agents: 7
num of flexible tasks: 101
Solving time: 0.0002769 seconds
plan limit 980
current timestep 179
num of flexible agents: 3
num of flexible tasks: 96
Solving time: 0.0008718 seconds
plan limit 979
current timestep 180
num of flexible agents: 1
num of flexible tasks: 94
Solving time: 0.000359 seconds
plan limit 980
current timestep 181
num of flexible agents: 5
num of flexible tasks: 94
Solving time: 0.0009679 seconds
plan limit 979
current timestep 182
num of flexible agents: 4
num of flexible tasks: 92
Solving time: 0.0009211 seconds
plan limit 979
current timestep 183
num of flexible agents: 7
num of flexible tasks: 91
Solving time: 0.0003253 seconds
plan limit 980
current timestep 184
num of flexible agents: 8
num of flexible tasks: 88
Solving time: 0.0003499 seconds
plan limit 980
current timestep 185
num of flexible agents: 5
num of flexible tasks: 85
Solving time: 0.000885 seconds
plan limit 979
current timestep 186
num of flexible agents: 9
num of flexible tasks: 85
Solving time: 0.000328 seconds
plan limit 980
current timestep 187
num of flexible agents: 10
num of flexible tasks: 82
Solving time: 0.0003183 seconds
plan limit 980
current timestep 188
num of flexible agents: 7
num of flexible tasks: 79
Solving time: 0.0003269 seconds
plan limit 980
current timestep 189
num of flexible agents: 7
num of flexible tasks: 78
Solving time: 0.0004761 seconds
plan limit 980
current timestep 190
num of flexible agents: 6
num of flexible tasks: 75
Solving time: 0.0003414 seconds
plan limit 980
current timestep 191
num of flexible agents: 7
num of flexible tasks: 74
Solving time: 0.0003365 seconds
plan limit 980
current timestep 192
num of flexible agents: 9
num of flexible tasks: 73
Solving time: 0.0003253 seconds
plan limit 980
current timestep 193
num of flexible agents: 9
num of flexible tasks: 70
Solving time: 0.0003205 seconds
plan limit 980
current timestep 194
num of flexible agents: 11
num of flexible tasks: 68
Solving time: 0.0003749 seconds
plan limit 980
current timestep 195
num of flexible agents: 9
num of flexible tasks: 64
Solving time: 0.0003309 seconds
plan limit 980
current timestep 196
num of flexible agents: 6
num of flexible tasks: 59
Solving time: 0.0003136 seconds
plan limit 980
current timestep 197
num of flexible agents: 9
num of flexible tasks: 57
Solving time: 0.0004663 seconds
plan limit 980
current timestep 198
num of flexible agents: 6
num of flexible tasks: 53
Solving time: 0.0004581 seconds
plan limit 980
current timestep 199
num of flexible agents: 5
num of flexible tasks: 51
Solving time: 0.0009281 seconds
plan limit 979
current timestep 200
num of flexible agents: 5
num of flexible tasks: 50
Solving time: 0.0009241 seconds
plan limit 979
current timestep 201
num of flexible agents: 6
num of flexible tasks: 49
Solving time: 0.0003213 seconds
plan limit 980
current timestep 202
num of flexible agents: 8
num of flexible tasks: 49
Solving time: 0.000299 seconds
plan limit 980
current timestep 203
num of flexible agents: 9
num of flexible tasks: 48
Solving time: 0.0004473 seconds
plan limit 980
current timestep 204
num of flexible agents: 9
num of flexible tasks: 46
Solving time: 0.0004837 seconds
plan limit 980
current timestep 205
num of flexible agents: 10
num of flexible tasks: 43
Solving time: 0.0003674 seconds
plan limit 980
current timestep 206
num of flexible agents: 8
num of flexible tasks: 40
Solving time: 0.000357 seconds
plan limit 980
current timestep 207
num of flexible agents: 6
num of flexible tasks: 37
Solving time: 0.0003873 seconds
plan limit 980
current timestep 208
num of flexible agents: 7
num of flexible tasks: 37
Solving time: 0.0003781 seconds
plan limit 980
current timestep 209
num of flexible agents: 10
num of flexible tasks: 36
Solving time: 0.0003535 seconds
plan limit 980
current timestep 210
num of flexible agents: 11
num of flexible tasks: 34
Solving time: 0.0003892 seconds
plan limit 980
current timestep 211
num of flexible agents: 10
num of flexible tasks: 33
Solving time: 0.0003419 seconds
plan limit 980
current timestep 212
num of flexible agents: 11
num of flexible tasks: 32
Solving time: 0.0004014 seconds
plan limit 980
current timestep 213
num of flexible agents: 9
num of flexible tasks: 29
Solving time: 0.0003597 seconds
plan limit 980
current timestep 214
num of flexible agents: 13
num of flexible tasks: 29
Solving time: 0.0009061 seconds
plan limit 979
current timestep 215
num of flexible agents: 15
num of flexible tasks: 29
Solving time: 0.0003821 seconds
plan limit 980
current timestep 216
num of flexible agents: 20
num of flexible tasks: 29
Solving time: 0.0005923 seconds
plan limit 980
current timestep 217
num of flexible agents: 21
num of flexible tasks: 27
Solving time: 0.0004835 seconds
plan limit 980
current timestep 218
num of flexible agents: 20
num of flexible tasks: 26
Solving time: 0.0005061 seconds
plan limit 980
current timestep 219
num of flexible agents: 18
num of flexible tasks: 23
Solving time: 0.0007047 seconds
plan limit 980
current timestep 220
num of flexible agents: 17
num of flexible tasks: 21
Solving time: 0.0004888 seconds
plan limit 980
current timestep 221
num of flexible agents: 19
num of flexible tasks: 20
Solving time: 0.0004715 seconds
plan limit 980
current timestep 222
num of flexible agents: 18
num of flexible tasks: 18
Solving time: 0.0005052 seconds
plan limit 980
current timestep 223
num of flexible agents: 19
num of flexible tasks: 17
Solving time: 0.000451 seconds
plan limit 980
current timestep 224
num of flexible agents: 18
num of flexible tasks: 15
Solving time: 0.0004441 seconds
plan limit 980
current timestep 225
num of flexible agents: 18
num of flexible tasks: 14
Solving time: 0.0006159 seconds
plan limit 980
current timestep 226
num of flexible agents: 19
num of flexible tasks: 12
Solving time: 0.0005694 seconds
plan limit 980
current timestep 227
num of flexible agents: 20
num of flexible tasks: 11
Solving time: 0.0003417 seconds
plan limit 980
current timestep 228
num of flexible agents: 21
num of flexible tasks: 8
Solving time: 0.0002924 seconds
plan limit 980
current timestep 229
num of flexible agents: 22
num of flexible tasks: 8
Solving time: 0.0002811 seconds
plan limit 980
current timestep 230
num of flexible agents: 22
num of flexible tasks: 7
Solving time: 0.0003073 seconds
plan limit 980
current timestep 231
num of flexible agents: 23
num of flexible tasks: 5
Solving time: 0.0002835 seconds
plan limit 980
current timestep 232
num of flexible agents: 22
num of flexible tasks: 4
Solving time: 0.0003256 seconds
plan limit 980
current timestep 233
num of flexible agents: 22
num of flexible tasks: 3
Solving time: 0.0003085 seconds
plan limit 980
current timestep 234
num of flexible agents: 24
num of flexible tasks: 1
Solving time: 0.0002598 seconds
plan limit 980
current timestep 235
num of flexible agents: 24
num of flexible tasks: 0
Solving time: 0.0002234 seconds
plan limit 980
current timestep 236
num of flexible agents: 25
num of flexible tasks: 0
Solving time: 0.0002368 seconds
plan limit 980
current timestep 237
num of flexible agents: 29
num of flexible tasks: 0
Solving time: 0.0002303 seconds
plan limit 980
current timestep 238
num of flexible agents: 30
num of flexible tasks: 0
Solving time: 0.0001863 seconds
plan limit 980
current timestep 239
num of flexible agents: 30
num of flexible tasks: 0
Solving time: 0.0001701 seconds
plan limit 980
current timestep 240
num of flexible agents: 31
num of flexible tasks: 0
Solving time: 0.0001869 seconds
plan limit 980
current timestep 241
num of flexible agents: 31
num of flexible tasks: 0
Solving time: 0.0001675 seconds
plan limit 980
current timestep 242
num of flexible agents: 31
num of flexible tasks: 0
Solving time: 0.0001975 seconds
plan limit 980
current timestep 243
num of flexible agents: 32
num of flexible tasks: 0
Solving time: 0.0001719 seconds
plan limit 980
current timestep 244
num of flexible agents: 33
num of flexible tasks: 0
Solving time: 0.0001679 seconds
plan limit 980
current timestep 245
num of flexible agents: 36
num of flexible tasks: 0
Solving time: 0.000232 seconds
plan limit 980
current timestep 246
num of flexible agents: 37
num of flexible tasks: 0
Solving time: 0.0002187 seconds
plan limit 980
current timestep 247
num of flexible agents: 37
num of flexible tasks: 0
Solving time: 0.0002149 seconds
plan limit 980
current timestep 248
num of flexible agents: 37
num of flexible tasks: 0
Solving time: 0.0002225 seconds
plan limit 980
current timestep 249
num of flexible agents: 38
num of flexible tasks: 0
Solving time: 0.0002426 seconds
plan limit 980
current timestep 250
num of flexible agents: 38
num of flexible tasks: 0
Solving time: 0.000296 seconds
plan limit 980
current timestep 251
num of flexible agents: 39
num of flexible tasks: 0
Solving time: 0.0002095 seconds
plan limit 980
current timestep 252
num of flexible agents: 39
num of flexible tasks: 0
Solving time: 0.0002643 seconds
plan limit 980
current timestep 253
num of flexible agents: 41
num of flexible tasks: 0
Solving time: 0.0002881 seconds
plan limit 980
current timestep 254
num of flexible agents: 41
num of flexible tasks: 0
Solving time: 0.0002085 seconds
plan limit 980
current timestep 255
num of flexible agents: 42
num of flexible tasks: 0
Solving time: 0.0002081 seconds
plan limit 980
current timestep 256
num of flexible agents: 43
num of flexible tasks: 0
Solving time: 0.0004633 seconds
plan limit 980
current timestep 257
num of flexible agents: 44
num of flexible tasks: 0
Solving time: 0.0002165 seconds
plan limit 980
current timestep 258
num of flexible agents: 44
num of flexible tasks: 0
Solving time: 0.0003262 seconds
plan limit 980
current timestep 259
num of flexible agents: 44
num of flexible tasks: 0
Solving time: 0.0002191 seconds
plan limit 980
current timestep 260
num of flexible agents: 45
num of flexible tasks: 0
Solving time: 0.0003174 seconds
plan limit 980
current timestep 261
num of flexible agents: 47
num of flexible tasks: 0
Solving time: 0.0002463 seconds
plan limit 980
current timestep 262
num of flexible agents: 47
num of flexible tasks: 0
Solving time: 0.0003124 seconds
plan limit 980
current timestep 263
num of flexible agents: 47
num of flexible tasks: 0
Solving time: 0.0002176 seconds
plan limit 980
current timestep 264
num of flexible agents: 47
num of flexible tasks: 0
Solving time: 0.0002253 seconds
plan limit 980
current timestep 265
num of flexible agents: 48
num of flexible tasks: 0
Solving time: 0.0002396 seconds
plan limit 980
current timestep 266
num of flexible agents: 49
num of flexible tasks: 0
Solving time: 0.0002356 seconds
plan limit 980
current timestep 267
num of flexible agents: 49
num of flexible tasks: 0
Solving time: 0.0002584 seconds
plan limit 980
current timestep 268
num of flexible agents: 49
num of flexible tasks: 0
Solving time: 0.0003759 seconds
plan limit 980
current timestep 269
num of flexible agents: 49
num of flexible tasks: 0
Solving time: 0.0001859 seconds
plan limit 980
current timestep 270
num of flexible agents: 49
num of flexible tasks: 0
Solving time: 0.0002595 seconds
plan limit 980
current timestep 271
num of flexible agents: 49
num of flexible tasks: 0
Solving time: 0.0001801 seconds
plan limit 980
