current timestep 0
num of flexible agents: 100
num of flexible tasks: 2
Solving time: 0.000312361 seconds
plan limit 980
current timestep 1
num of flexible agents: 99
num of flexible tasks: 3
Solving time: 0.000284329 seconds
plan limit 980
current timestep 2
num of flexible agents: 98
num of flexible tasks: 4
Solving time: 0.000254896 seconds
plan limit 980
current timestep 3
num of flexible agents: 98
num of flexible tasks: 6
Solving time: 0.000242594 seconds
plan limit 980
current timestep 4
num of flexible agents: 97
num of flexible tasks: 7
Solving time: 0.00023451 seconds
plan limit 980
current timestep 5
num of flexible agents: 92
num of flexible tasks: 4
Solving time: 0.000232283 seconds
plan limit 980
current timestep 6
num of flexible agents: 90
num of flexible tasks: 4
Solving time: 0.000261939 seconds
plan limit 980
current timestep 7
num of flexible agents: 89
num of flexible tasks: 5
Solving time: 0.000251292 seconds
plan limit 980
current timestep 8
num of flexible agents: 88
num of flexible tasks: 6
Solving time: 0.000277665 seconds
plan limit 980
current timestep 9
num of flexible agents: 88
num of flexible tasks: 8
Solving time: 0.000343752 seconds
plan limit 980
current timestep 10
num of flexible agents: 89
num of flexible tasks: 10
Solving time: 0.000331325 seconds
plan limit 980
current timestep 11
num of flexible agents: 87
num of flexible tasks: 10
Solving time: 0.000268109 seconds
plan limit 980
current timestep 12
num of flexible agents: 86
num of flexible tasks: 10
Solving time: 0.000288972 seconds
plan limit 980
current timestep 13
num of flexible agents: 83
num of flexible tasks: 9
Solving time: 0.000287251 seconds
plan limit 980
current timestep 14
num of flexible agents: 83
num of flexible tasks: 11
Solving time: 0.000309388 seconds
plan limit 980
current timestep 15
num of flexible agents: 80
num of flexible tasks: 10
Solving time: 0.000270834 seconds
plan limit 980
current timestep 16
num of flexible agents: 80
num of flexible tasks: 12
Solving time: 0.000264388 seconds
plan limit 980
current timestep 17
num of flexible agents: 76
num of flexible tasks: 10
Solving time: 0.000251726 seconds
plan limit 980
current timestep 18
num of flexible agents: 73
num of flexible tasks: 9
Solving time: 0.000250118 seconds
plan limit 980
current timestep 19
num of flexible agents: 69
num of flexible tasks: 6
Solving time: 0.000268809 seconds
plan limit 980
current timestep 20
num of flexible agents: 67
num of flexible tasks: 6
Solving time: 0.000238518 seconds
plan limit 980
current timestep 21
num of flexible agents: 67
num of flexible tasks: 7
Solving time: 0.000279696 seconds
plan limit 980
current timestep 22
num of flexible agents: 67
num of flexible tasks: 8
Solving time: 0.000262796 seconds
plan limit 980
current timestep 23
num of flexible agents: 67
num of flexible tasks: 9
Solving time: 0.000256404 seconds
plan limit 980
current timestep 24
num of flexible agents: 65
num of flexible tasks: 8
Solving time: 0.000300315 seconds
plan limit 980
current timestep 25
num of flexible agents: 64
num of flexible tasks: 9
Solving time: 0.000281029 seconds
plan limit 980
current timestep 26
num of flexible agents: 65
num of flexible tasks: 11
Solving time: 0.000276698 seconds
plan limit 980
current timestep 27
num of flexible agents: 64
num of flexible tasks: 11
Solving time: 0.000301225 seconds
plan limit 980
current timestep 28
num of flexible agents: 61
num of flexible tasks: 10
Solving time: 0.000362196 seconds
plan limit 980
current timestep 29
num of flexible agents: 62
num of flexible tasks: 10
Solving time: 0.000303805 seconds
plan limit 980
current timestep 30
num of flexible agents: 62
num of flexible tasks: 11
Solving time: 0.000257802 seconds
plan limit 980
current timestep 31
num of flexible agents: 60
num of flexible tasks: 11
Solving time: 0.000333217 seconds
plan limit 980
current timestep 32
num of flexible agents: 60
num of flexible tasks: 12
Solving time: 0.000277074 seconds
plan limit 980
current timestep 33
num of flexible agents: 60
num of flexible tasks: 12
Solving time: 0.000304086 seconds
plan limit 980
current timestep 34
num of flexible agents: 60
num of flexible tasks: 10
Solving time: 0.000285523 seconds
plan limit 980
current timestep 35
num of flexible agents: 60
num of flexible tasks: 10
Solving time: 0.000266101 seconds
plan limit 980
current timestep 36
num of flexible agents: 58
num of flexible tasks: 9
Solving time: 0.000254013 seconds
plan limit 980
current timestep 37
num of flexible agents: 58
num of flexible tasks: 10
Solving time: 0.000303585 seconds
plan limit 980
current timestep 38
num of flexible agents: 57
num of flexible tasks: 10
Solving time: 0.000253942 seconds
plan limit 980
current timestep 39
num of flexible agents: 56
num of flexible tasks: 10
Solving time: 0.000292804 seconds
plan limit 980
current timestep 40
num of flexible agents: 59
num of flexible tasks: 11
Solving time: 0.000257085 seconds
plan limit 980
current timestep 41
num of flexible agents: 62
num of flexible tasks: 13
Solving time: 0.00026821 seconds
plan limit 980
current timestep 42
num of flexible agents: 60
num of flexible tasks: 11
Solving time: 0.0002902 seconds
plan limit 980
current timestep 43
num of flexible agents: 55
num of flexible tasks: 8
Solving time: 0.000234787 seconds
plan limit 980
current timestep 44
num of flexible agents: 57
num of flexible tasks: 9
Solving time: 0.000252347 seconds
plan limit 980
current timestep 45
num of flexible agents: 54
num of flexible tasks: 6
Solving time: 0.000236202 seconds
plan limit 980
current timestep 46
num of flexible agents: 51
num of flexible tasks: 5
Solving time: 0.000264233 seconds
plan limit 980
current timestep 47
num of flexible agents: 54
num of flexible tasks: 5
Solving time: 0.000250077 seconds
plan limit 980
current timestep 48
num of flexible agents: 57
num of flexible tasks: 7
Solving time: 0.000233655 seconds
plan limit 980
current timestep 49
num of flexible agents: 56
num of flexible tasks: 8
Solving time: 0.000255262 seconds
plan limit 980
current timestep 50
num of flexible agents: 56
num of flexible tasks: 8
Solving time: 0.000251309 seconds
plan limit 980
current timestep 51
num of flexible agents: 54
num of flexible tasks: 8
Solving time: 0.000244613 seconds
plan limit 980
current timestep 52
num of flexible agents: 50
num of flexible tasks: 5
Solving time: 0.000263689 seconds
plan limit 980
current timestep 53
num of flexible agents: 51
num of flexible tasks: 5
Solving time: 0.000272658 seconds
plan limit 980
current timestep 54
num of flexible agents: 56
num of flexible tasks: 7
Solving time: 0.000271271 seconds
plan limit 980
current timestep 55
num of flexible agents: 59
num of flexible tasks: 9
Solving time: 0.000338921 seconds
plan limit 980
current timestep 56
num of flexible agents: 60
num of flexible tasks: 10
Solving time: 0.000291037 seconds
plan limit 980
current timestep 57
num of flexible agents: 61
num of flexible tasks: 10
Solving time: 0.000271877 seconds
plan limit 980
current timestep 58
num of flexible agents: 61
num of flexible tasks: 9
Solving time: 0.000317464 seconds
plan limit 980
current timestep 59
num of flexible agents: 65
num of flexible tasks: 11
Solving time: 0.000255168 seconds
plan limit 980
current timestep 60
num of flexible agents: 65
num of flexible tasks: 10
Solving time: 0.000258889 seconds
plan limit 980
current timestep 61
num of flexible agents: 67
num of flexible tasks: 9
Solving time: 0.00026591 seconds
plan limit 980
current timestep 62
num of flexible agents: 67
num of flexible tasks: 8
Solving time: 0.000247601 seconds
plan limit 980
current timestep 63
num of flexible agents: 68
num of flexible tasks: 10
Solving time: 0.000279447 seconds
plan limit 980
current timestep 64
num of flexible agents: 64
num of flexible tasks: 8
Solving time: 0.000278818 seconds
plan limit 980
current timestep 65
num of flexible agents: 64
num of flexible tasks: 7
Solving time: 0.000226634 seconds
plan limit 980
current timestep 66
num of flexible agents: 65
num of flexible tasks: 8
Solving time: 0.000258093 seconds
plan limit 980
current timestep 67
num of flexible agents: 62
num of flexible tasks: 5
Solving time: 0.000238137 seconds
plan limit 980
current timestep 68
num of flexible agents: 64
num of flexible tasks: 6
Solving time: 0.000287353 seconds
plan limit 980
current timestep 69
num of flexible agents: 66
num of flexible tasks: 8
Solving time: 0.000274489 seconds
plan limit 980
current timestep 70
num of flexible agents: 67
num of flexible tasks: 9
Solving time: 0.000287231 seconds
plan limit 980
current timestep 71
num of flexible agents: 63
num of flexible tasks: 6
Solving time: 0.000260672 seconds
plan limit 980
current timestep 72
num of flexible agents: 63
num of flexible tasks: 7
Solving time: 0.000238577 seconds
plan limit 980
current timestep 73
num of flexible agents: 64
num of flexible tasks: 7
Solving time: 0.00025019 seconds
plan limit 980
current timestep 74
num of flexible agents: 66
num of flexible tasks: 9
Solving time: 0.000255574 seconds
plan limit 980
current timestep 75
num of flexible agents: 66
num of flexible tasks: 6
Solving time: 0.000234711 seconds
plan limit 980
current timestep 76
num of flexible agents: 64
num of flexible tasks: 6
Solving time: 0.000255225 seconds
plan limit 980
current timestep 77
num of flexible agents: 63
num of flexible tasks: 5
Solving time: 0.000249542 seconds
plan limit 980
current timestep 78
num of flexible agents: 64
num of flexible tasks: 4
Solving time: 0.000256819 seconds
plan limit 980
current timestep 79
num of flexible agents: 64
num of flexible tasks: 6
Solving time: 0.000260993 seconds
plan limit 980
current timestep 80
num of flexible agents: 62
num of flexible tasks: 5
Solving time: 0.000243842 seconds
plan limit 980
current timestep 81
num of flexible agents: 60
num of flexible tasks: 5
Solving time: 0.000248746 seconds
plan limit 980
current timestep 82
num of flexible agents: 63
num of flexible tasks: 7
Solving time: 0.000262547 seconds
plan limit 980
current timestep 83
num of flexible agents: 59
num of flexible tasks: 5
Solving time: 0.000242053 seconds
plan limit 980
current timestep 84
num of flexible agents: 61
num of flexible tasks: 6
Solving time: 0.000243061 seconds
plan limit 980
current timestep 85
num of flexible agents: 60
num of flexible tasks: 5
Solving time: 0.000248185 seconds
plan limit 980
current timestep 86
num of flexible agents: 60
num of flexible tasks: 6
Solving time: 0.000300683 seconds
plan limit 980
current timestep 87
num of flexible agents: 60
num of flexible tasks: 7
Solving time: 0.000289163 seconds
plan limit 980
current timestep 88
num of flexible agents: 60
num of flexible tasks: 8
Solving time: 0.000285215 seconds
plan limit 980
current timestep 89
num of flexible agents: 59
num of flexible tasks: 9
Solving time: 0.000286164 seconds
plan limit 980
current timestep 90
num of flexible agents: 59
num of flexible tasks: 9
Solving time: 0.000278535 seconds
plan limit 980
current timestep 91
num of flexible agents: 57
num of flexible tasks: 6
Solving time: 0.00028296 seconds
plan limit 980
current timestep 92
num of flexible agents: 59
num of flexible tasks: 8
Solving time: 0.000318966 seconds
plan limit 980
current timestep 93
num of flexible agents: 61
num of flexible tasks: 10
Solving time: 0.000267472 seconds
plan limit 980
current timestep 94
num of flexible agents: 59
num of flexible tasks: 9
Solving time: 0.000270662 seconds
plan limit 980
current timestep 95
num of flexible agents: 59
num of flexible tasks: 8
Solving time: 0.000263761 seconds
plan limit 980
current timestep 96
num of flexible agents: 60
num of flexible tasks: 8
Solving time: 0.000250799 seconds
plan limit 980
current timestep 97
num of flexible agents: 59
num of flexible tasks: 7
Solving time: 0.00027055 seconds
plan limit 980
current timestep 98
num of flexible agents: 58
num of flexible tasks: 6
Solving time: 0.000241137 seconds
plan limit 980
current timestep 99
num of flexible agents: 63
num of flexible tasks: 8
Solving time: 0.000231577 seconds
plan limit 980
current timestep 100
num of flexible agents: 62
num of flexible tasks: 7
Solving time: 0.000288727 seconds
plan limit 980
current timestep 101
num of flexible agents: 59
num of flexible tasks: 6
Solving time: 0.000227535 seconds
plan limit 980
current timestep 102
num of flexible agents: 59
num of flexible tasks: 4
Solving time: 0.00024025 seconds
plan limit 980
current timestep 103
num of flexible agents: 58
num of flexible tasks: 4
Solving time: 0.000219813 seconds
plan limit 980
current timestep 104
num of flexible agents: 57
num of flexible tasks: 4
Solving time: 0.000244325 seconds
plan limit 980
current timestep 105
num of flexible agents: 57
num of flexible tasks: 4
Solving time: 0.000224957 seconds
plan limit 980
current timestep 106
num of flexible agents: 57
num of flexible tasks: 4
Solving time: 0.000211748 seconds
plan limit 980
current timestep 107
num of flexible agents: 55
num of flexible tasks: 4
Solving time: 0.000238727 seconds
plan limit 980
current timestep 108
num of flexible agents: 56
num of flexible tasks: 5
Solving time: 0.000266488 seconds
plan limit 980
current timestep 109
num of flexible agents: 57
num of flexible tasks: 7
Solving time: 0.000259942 seconds
plan limit 980
current timestep 110
num of flexible agents: 56
num of flexible tasks: 8
Solving time: 0.000263527 seconds
plan limit 980
current timestep 111
num of flexible agents: 58
num of flexible tasks: 8
Solving time: 0.000233329 seconds
plan limit 980
current timestep 112
num of flexible agents: 56
num of flexible tasks: 7
Solving time: 0.000270506 seconds
plan limit 980
current timestep 113
num of flexible agents: 58
num of flexible tasks: 9
Solving time: 0.000281913 seconds
plan limit 980
current timestep 114
num of flexible agents: 58
num of flexible tasks: 8
Solving time: 0.000292021 seconds
plan limit 980
current timestep 115
num of flexible agents: 59
num of flexible tasks: 9
Solving time: 0.000296874 seconds
plan limit 980
current timestep 116
num of flexible agents: 56
num of flexible tasks: 7
Solving time: 0.000254099 seconds
plan limit 980
current timestep 117
num of flexible agents: 55
num of flexible tasks: 7
Solving time: 0.000237488 seconds
plan limit 980
current timestep 118
num of flexible agents: 52
num of flexible tasks: 3
Solving time: 0.000268993 seconds
plan limit 980
current timestep 119
num of flexible agents: 53
num of flexible tasks: 4
Solving time: 0.000247148 seconds
plan limit 980
current timestep 120
num of flexible agents: 57
num of flexible tasks: 6
Solving time: 0.00025619 seconds
plan limit 980
current timestep 121
num of flexible agents: 58
num of flexible tasks: 7
Solving time: 0.000238372 seconds
plan limit 980
current timestep 122
num of flexible agents: 55
num of flexible tasks: 6
Solving time: 0.000243213 seconds
plan limit 980
current timestep 123
num of flexible agents: 55
num of flexible tasks: 6
Solving time: 0.000247401 seconds
plan limit 980
current timestep 124
num of flexible agents: 56
num of flexible tasks: 8
Solving time: 0.000236819 seconds
plan limit 980
current timestep 125
num of flexible agents: 58
num of flexible tasks: 9
Solving time: 0.000255323 seconds
plan limit 980
current timestep 126
num of flexible agents: 57
num of flexible tasks: 7
Solving time: 0.000255629 seconds
plan limit 980
current timestep 127
num of flexible agents: 57
num of flexible tasks: 5
Solving time: 0.000237713 seconds
plan limit 980
current timestep 128
num of flexible agents: 59
num of flexible tasks: 6
Solving time: 0.00024666 seconds
plan limit 980
current timestep 129
num of flexible agents: 57
num of flexible tasks: 6
Solving time: 0.000234907 seconds
plan limit 980
current timestep 130
num of flexible agents: 59
num of flexible tasks: 6
Solving time: 0.000237 seconds
plan limit 980
current timestep 131
num of flexible agents: 59
num of flexible tasks: 7
Solving time: 0.000242447 seconds
plan limit 980
current timestep 132
num of flexible agents: 59
num of flexible tasks: 7
Solving time: 0.000233691 seconds
plan limit 980
current timestep 133
num of flexible agents: 58
num of flexible tasks: 6
Solving time: 0.000249723 seconds
plan limit 980
current timestep 134
num of flexible agents: 58
num of flexible tasks: 5
Solving time: 0.000232271 seconds
plan limit 980
current timestep 135
num of flexible agents: 59
num of flexible tasks: 5
Solving time: 0.000218993 seconds
plan limit 980
current timestep 136
num of flexible agents: 61
num of flexible tasks: 7
Solving time: 0.000249168 seconds
plan limit 980
current timestep 137
num of flexible agents: 59
num of flexible tasks: 7
Solving time: 0.000238518 seconds
plan limit 980
current timestep 138
num of flexible agents: 58
num of flexible tasks: 7
Solving time: 0.000263589 seconds
plan limit 980
current timestep 139
num of flexible agents: 57
num of flexible tasks: 7
Solving time: 0.000247261 seconds
plan limit 980
current timestep 140
num of flexible agents: 56
num of flexible tasks: 6
Solving time: 0.00022879 seconds
plan limit 980
current timestep 141
num of flexible agents: 55
num of flexible tasks: 5
Solving time: 0.000258528 seconds
plan limit 980
current timestep 142
num of flexible agents: 54
num of flexible tasks: 6
Solving time: 0.000244799 seconds
plan limit 980
current timestep 143
num of flexible agents: 57
num of flexible tasks: 7
Solving time: 0.000269746 seconds
plan limit 980
current timestep 144
num of flexible agents: 58
num of flexible tasks: 9
Solving time: 0.00026566 seconds
plan limit 980
current timestep 145
num of flexible agents: 57
num of flexible tasks: 8
Solving time: 0.00026414 seconds
plan limit 980
current timestep 146
num of flexible agents: 56
num of flexible tasks: 7
Solving time: 0.00027816 seconds
plan limit 980
current timestep 147
num of flexible agents: 58
num of flexible tasks: 7
Solving time: 0.000244217 seconds
plan limit 980
current timestep 148
num of flexible agents: 61
num of flexible tasks: 8
Solving time: 0.00023384 seconds
plan limit 980
current timestep 149
num of flexible agents: 61
num of flexible tasks: 8
Solving time: 0.000314282 seconds
plan limit 980
current timestep 150
num of flexible agents: 60
num of flexible tasks: 6
Solving time: 0.000264502 seconds
plan limit 980
current timestep 151
num of flexible agents: 58
num of flexible tasks: 4
Solving time: 0.000264435 seconds
plan limit 980
current timestep 152
num of flexible agents: 56
num of flexible tasks: 4
Solving time: 0.000236333 seconds
plan limit 980
current timestep 153
num of flexible agents: 57
num of flexible tasks: 4
Solving time: 0.000260467 seconds
plan limit 980
current timestep 154
num of flexible agents: 62
num of flexible tasks: 6
Solving time: 0.000295893 seconds
plan limit 980
current timestep 155
num of flexible agents: 65
num of flexible tasks: 8
Solving time: 0.000301766 seconds
plan limit 980
current timestep 156
num of flexible agents: 66
num of flexible tasks: 8
Solving time: 0.000263382 seconds
plan limit 980
current timestep 157
num of flexible agents: 65
num of flexible tasks: 8
Solving time: 0.000290366 seconds
plan limit 980
current timestep 158
num of flexible agents: 66
num of flexible tasks: 7
Solving time: 0.000282151 seconds
plan limit 980
current timestep 159
num of flexible agents: 65
num of flexible tasks: 7
Solving time: 0.00026089 seconds
plan limit 980
current timestep 160
num of flexible agents: 62
num of flexible tasks: 6
Solving time: 0.000271542 seconds
plan limit 980
current timestep 161
num of flexible agents: 62
num of flexible tasks: 8
Solving time: 0.000282315 seconds
plan limit 980
current timestep 162
num of flexible agents: 61
num of flexible tasks: 9
Solving time: 0.000285078 seconds
plan limit 980
current timestep 163
num of flexible agents: 61
num of flexible tasks: 9
Solving time: 0.000269124 seconds
plan limit 980
current timestep 164
num of flexible agents: 59
num of flexible tasks: 8
Solving time: 0.000263399 seconds
plan limit 980
current timestep 165
num of flexible agents: 61
num of flexible tasks: 10
Solving time: 0.000300408 seconds
plan limit 980
current timestep 166
num of flexible agents: 59
num of flexible tasks: 9
Solving time: 0.000264681 seconds
plan limit 980
current timestep 167
num of flexible agents: 57
num of flexible tasks: 7
Solving time: 0.000264314 seconds
plan limit 980
current timestep 168
num of flexible agents: 58
num of flexible tasks: 7
Solving time: 0.000289763 seconds
plan limit 980
current timestep 169
num of flexible agents: 59
num of flexible tasks: 8
Solving time: 0.00026529 seconds
plan limit 980
current timestep 170
num of flexible agents: 60
num of flexible tasks: 9
Solving time: 0.000295746 seconds
plan limit 980
current timestep 171
num of flexible agents: 58
num of flexible tasks: 8
Solving time: 0.000298843 seconds
plan limit 980
current timestep 172
num of flexible agents: 57
num of flexible tasks: 8
Solving time: 0.000316884 seconds
plan limit 980
current timestep 173
num of flexible agents: 56
num of flexible tasks: 8
Solving time: 0.000265361 seconds
plan limit 980
current timestep 174
num of flexible agents: 58
num of flexible tasks: 9
Solving time: 0.000322868 seconds
plan limit 980
current timestep 175
num of flexible agents: 57
num of flexible tasks: 8
Solving time: 0.000297787 seconds
plan limit 980
current timestep 176
num of flexible agents: 56
num of flexible tasks: 5
Solving time: 0.000275314 seconds
plan limit 980
current timestep 177
num of flexible agents: 58
num of flexible tasks: 6
Solving time: 0.000289093 seconds
plan limit 980
current timestep 178
num of flexible agents: 59
num of flexible tasks: 7
Solving time: 0.000274208 seconds
plan limit 980
current timestep 179
num of flexible agents: 62
num of flexible tasks: 8
Solving time: 0.00026571 seconds
plan limit 980
current timestep 180
num of flexible agents: 62
num of flexible tasks: 8
Solving time: 0.000275993 seconds
plan limit 980
current timestep 181
num of flexible agents: 59
num of flexible tasks: 7
Solving time: 0.000243464 seconds
plan limit 980
current timestep 182
num of flexible agents: 57
num of flexible tasks: 6
Solving time: 0.000300356 seconds
plan limit 980
current timestep 183
num of flexible agents: 58
num of flexible tasks: 7
Solving time: 0.000255144 seconds
plan limit 980
current timestep 184
num of flexible agents: 59
num of flexible tasks: 9
Solving time: 0.000285794 seconds
plan limit 980
current timestep 185
num of flexible agents: 59
num of flexible tasks: 8
Solving time: 0.000277064 seconds
plan limit 980
current timestep 186
num of flexible agents: 59
num of flexible tasks: 8
Solving time: 0.000291967 seconds
plan limit 980
current timestep 187
num of flexible agents: 58
num of flexible tasks: 9
Solving time: 0.000288614 seconds
plan limit 980
current timestep 188
num of flexible agents: 57
num of flexible tasks: 8
Solving time: 0.000315354 seconds
plan limit 980
current timestep 189
num of flexible agents: 54
num of flexible tasks: 7
Solving time: 0.000286074 seconds
plan limit 980
current timestep 190
num of flexible agents: 56
num of flexible tasks: 9
Solving time: 0.000279939 seconds
plan limit 980
current timestep 191
num of flexible agents: 58
num of flexible tasks: 10
Solving time: 0.000319573 seconds
plan limit 980
current timestep 192
num of flexible agents: 60
num of flexible tasks: 11
Solving time: 0.000310437 seconds
plan limit 980
current timestep 193
num of flexible agents: 59
num of flexible tasks: 11
Solving time: 0.000293704 seconds
plan limit 980
current timestep 194
num of flexible agents: 57
num of flexible tasks: 11
Solving time: 0.00027477 seconds
plan limit 980
current timestep 195
num of flexible agents: 57
num of flexible tasks: 10
Solving time: 0.000315975 seconds
plan limit 980
current timestep 196
num of flexible agents: 57
num of flexible tasks: 11
Solving time: 0.000309882 seconds
plan limit 980
current timestep 197
num of flexible agents: 59
num of flexible tasks: 10
Solving time: 0.000318936 seconds
plan limit 980
current timestep 198
num of flexible agents: 61
num of flexible tasks: 9
Solving time: 0.000296087 seconds
plan limit 980
current timestep 199
num of flexible agents: 61
num of flexible tasks: 8
Solving time: 0.000279459 seconds
plan limit 980
current timestep 200
num of flexible agents: 59
num of flexible tasks: 8
Solving time: 0.00031435 seconds
plan limit 980
current timestep 201
num of flexible agents: 57
num of flexible tasks: 7
Solving time: 0.000283779 seconds
plan limit 980
current timestep 202
num of flexible agents: 56
num of flexible tasks: 6
Solving time: 0.000279322 seconds
plan limit 980
current timestep 203
num of flexible agents: 55
num of flexible tasks: 5
Solving time: 0.000258265 seconds
plan limit 980
current timestep 204
num of flexible agents: 58
num of flexible tasks: 7
Solving time: 0.000251409 seconds
plan limit 980
current timestep 205
num of flexible agents: 58
num of flexible tasks: 9
Solving time: 0.000297716 seconds
plan limit 980
current timestep 206
num of flexible agents: 57
num of flexible tasks: 8
Solving time: 0.000306509 seconds
plan limit 980
current timestep 207
num of flexible agents: 57
num of flexible tasks: 7
Solving time: 0.000298436 seconds
plan limit 980
current timestep 208
num of flexible agents: 59
num of flexible tasks: 8
Solving time: 0.000250861 seconds
plan limit 980
current timestep 209
num of flexible agents: 60
num of flexible tasks: 10
Solving time: 0.000301479 seconds
plan limit 980
current timestep 210
num of flexible agents: 59
num of flexible tasks: 9
Solving time: 0.000278179 seconds
plan limit 980
current timestep 211
num of flexible agents: 62
num of flexible tasks: 10
Solving time: 0.000309144 seconds
plan limit 980
current timestep 212
num of flexible agents: 62
num of flexible tasks: 10
Solving time: 0.000301106 seconds
plan limit 980
current timestep 213
num of flexible agents: 57
num of flexible tasks: 7
Solving time: 0.00032281 seconds
plan limit 980
current timestep 214
num of flexible agents: 59
num of flexible tasks: 7
Solving time: 0.00030719 seconds
plan limit 980
current timestep 215
num of flexible agents: 58
num of flexible tasks: 8
Solving time: 0.000303725 seconds
plan limit 980
current timestep 216
num of flexible agents: 59
num of flexible tasks: 9
Solving time: 0.000280238 seconds
plan limit 980
current timestep 217
num of flexible agents: 58
num of flexible tasks: 9
Solving time: 0.000296841 seconds
plan limit 980
current timestep 218
num of flexible agents: 61
num of flexible tasks: 11
Solving time: 0.000285066 seconds
plan limit 980
current timestep 219
num of flexible agents: 59
num of flexible tasks: 8
Solving time: 0.000243344 seconds
plan limit 980
current timestep 220
num of flexible agents: 58
num of flexible tasks: 8
Solving time: 0.000261715 seconds
plan limit 980
current timestep 221
num of flexible agents: 58
num of flexible tasks: 9
Solving time: 0.000276278 seconds
plan limit 980
current timestep 222
num of flexible agents: 59
num of flexible tasks: 11
Solving time: 0.000258156 seconds
plan limit 980
current timestep 223
num of flexible agents: 56
num of flexible tasks: 8
Solving time: 0.000327811 seconds
plan limit 980
current timestep 224
num of flexible agents: 56
num of flexible tasks: 8
Solving time: 0.000276699 seconds
plan limit 980
current timestep 225
num of flexible agents: 57
num of flexible tasks: 9
Solving time: 0.000253836 seconds
plan limit 980
current timestep 226
num of flexible agents: 57
num of flexible tasks: 10
Solving time: 0.000260885 seconds
plan limit 980
current timestep 227
num of flexible agents: 57
num of flexible tasks: 9
Solving time: 0.00024176 seconds
plan limit 980
current timestep 228
num of flexible agents: 56
num of flexible tasks: 9
Solving time: 0.000249733 seconds
plan limit 980
current timestep 229
num of flexible agents: 54
num of flexible tasks: 8
Solving time: 0.000282753 seconds
plan limit 980
current timestep 230
num of flexible agents: 53
num of flexible tasks: 8
Solving time: 0.000245776 seconds
plan limit 980
current timestep 231
num of flexible agents: 54
num of flexible tasks: 9
Solving time: 0.000281856 seconds
plan limit 980
current timestep 232
num of flexible agents: 56
num of flexible tasks: 10
Solving time: 0.000292697 seconds
plan limit 980
current timestep 233
num of flexible agents: 58
num of flexible tasks: 10
Solving time: 0.000264336 seconds
plan limit 980
current timestep 234
num of flexible agents: 56
num of flexible tasks: 8
Solving time: 0.000270537 seconds
plan limit 980
current timestep 235
num of flexible agents: 57
num of flexible tasks: 9
Solving time: 0.000286221 seconds
plan limit 980
current timestep 236
num of flexible agents: 56
num of flexible tasks: 9
Solving time: 0.000289708 seconds
plan limit 980
current timestep 237
num of flexible agents: 57
num of flexible tasks: 9
Solving time: 0.000261207 seconds
plan limit 980
current timestep 238
num of flexible agents: 57
num of flexible tasks: 9
Solving time: 0.000310477 seconds
plan limit 980
current timestep 239
num of flexible agents: 55
num of flexible tasks: 8
Solving time: 0.000266099 seconds
plan limit 980
current timestep 240
num of flexible agents: 58
num of flexible tasks: 9
Solving time: 0.000244916 seconds
plan limit 980
current timestep 241
num of flexible agents: 55
num of flexible tasks: 8
Solving time: 0.000288017 seconds
plan limit 980
current timestep 242
num of flexible agents: 58
num of flexible tasks: 10
Solving time: 0.00025946 seconds
plan limit 980
current timestep 243
num of flexible agents: 56
num of flexible tasks: 9
Solving time: 0.000257977 seconds
plan limit 980
current timestep 244
num of flexible agents: 57
num of flexible tasks: 8
Solving time: 0.000234034 seconds
plan limit 980
current timestep 245
num of flexible agents: 57
num of flexible tasks: 7
Solving time: 0.000270782 seconds
plan limit 980
current timestep 246
num of flexible agents: 58
num of flexible tasks: 8
Solving time: 0.000276716 seconds
plan limit 980
current timestep 247
num of flexible agents: 56
num of flexible tasks: 7
Solving time: 0.000243461 seconds
plan limit 980
current timestep 248
num of flexible agents: 55
num of flexible tasks: 7
Solving time: 0.000250983 seconds
plan limit 980
current timestep 249
num of flexible agents: 55
num of flexible tasks: 8
Solving time: 0.000259407 seconds
plan limit 980
current timestep 250
num of flexible agents: 55
num of flexible tasks: 6
Solving time: 0.000290447 seconds
plan limit 980
current timestep 251
num of flexible agents: 54
num of flexible tasks: 3
Solving time: 0.000231337 seconds
plan limit 980
current timestep 252
num of flexible agents: 56
num of flexible tasks: 3
Solving time: 0.000247877 seconds
plan limit 980
current timestep 253
num of flexible agents: 58
num of flexible tasks: 3
Solving time: 0.000240718 seconds
plan limit 980
current timestep 254
num of flexible agents: 60
num of flexible tasks: 2
Solving time: 0.000843222 seconds
plan limit 980
current timestep 255
num of flexible agents: 64
num of flexible tasks: 2
Solving time: 0.000885051 seconds
plan limit 980
current timestep 256
num of flexible agents: 68
num of flexible tasks: 1
Solving time: 0.000223347 seconds
plan limit 980
current timestep 257
num of flexible agents: 70
num of flexible tasks: 0
Solving time: 0.000204861 seconds
plan limit 980
current timestep 258
num of flexible agents: 70
num of flexible tasks: 0
Solving time: 0.000199403 seconds
plan limit 980
current timestep 259
num of flexible agents: 72
num of flexible tasks: 0
Solving time: 0.000185154 seconds
plan limit 980
current timestep 260
num of flexible agents: 73
num of flexible tasks: 0
Solving time: 0.000186361 seconds
plan limit 980
current timestep 261
num of flexible agents: 74
num of flexible tasks: 0
Solving time: 0.000213321 seconds
plan limit 980
current timestep 262
num of flexible agents: 77
num of flexible tasks: 0
Solving time: 0.000209656 seconds
plan limit 980
current timestep 263
num of flexible agents: 80
num of flexible tasks: 0
Solving time: 0.000216236 seconds
plan limit 980
current timestep 264
num of flexible agents: 80
num of flexible tasks: 0
Solving time: 0.000230548 seconds
plan limit 980
current timestep 265
num of flexible agents: 81
num of flexible tasks: 0
Solving time: 0.000209091 seconds
plan limit 980
current timestep 266
num of flexible agents: 82
num of flexible tasks: 0
Solving time: 0.000211726 seconds
plan limit 980
current timestep 267
num of flexible agents: 84
num of flexible tasks: 0
Solving time: 0.000196613 seconds
plan limit 980
current timestep 268
num of flexible agents: 87
num of flexible tasks: 0
Solving time: 0.000218186 seconds
plan limit 980
current timestep 269
num of flexible agents: 88
num of flexible tasks: 0
Solving time: 0.000206497 seconds
plan limit 980
current timestep 270
num of flexible agents: 89
num of flexible tasks: 0
Solving time: 0.00023183 seconds
plan limit 980
current timestep 271
num of flexible agents: 90
num of flexible tasks: 0
Solving time: 0.000211419 seconds
plan limit 980
current timestep 272
num of flexible agents: 90
num of flexible tasks: 0
Solving time: 0.000212844 seconds
plan limit 980
current timestep 273
num of flexible agents: 91
num of flexible tasks: 0
Solving time: 0.000236553 seconds
plan limit 980
current timestep 274
num of flexible agents: 91
num of flexible tasks: 0
Solving time: 0.000207663 seconds
plan limit 980
current timestep 275
num of flexible agents: 93
num of flexible tasks: 0
Solving time: 0.000205736 seconds
plan limit 980
current timestep 276
num of flexible agents: 94
num of flexible tasks: 0
Solving time: 0.000210407 seconds
plan limit 980
current timestep 277
num of flexible agents: 95
num of flexible tasks: 0
Solving time: 0.000215235 seconds
plan limit 980
current timestep 278
num of flexible agents: 95
num of flexible tasks: 0
Solving time: 0.000229718 seconds
plan limit 980
current timestep 279
num of flexible agents: 95
num of flexible tasks: 0
Solving time: 0.000200321 seconds
plan limit 980
current timestep 280
num of flexible agents: 95
num of flexible tasks: 0
Solving time: 0.000212057 seconds
plan limit 980
current timestep 281
num of flexible agents: 96
num of flexible tasks: 0
Solving time: 0.000207494 seconds
plan limit 980
current timestep 282
num of flexible agents: 96
num of flexible tasks: 0
Solving time: 0.000223006 seconds
plan limit 980
current timestep 283
num of flexible agents: 97
num of flexible tasks: 0
Solving time: 0.000203036 seconds
plan limit 980
current timestep 284
num of flexible agents: 97
num of flexible tasks: 0
Solving time: 0.000206384 seconds
plan limit 980
current timestep 285
num of flexible agents: 98
num of flexible tasks: 0
Solving time: 0.00019856 seconds
plan limit 980
current timestep 286
num of flexible agents: 99
num of flexible tasks: 0
Solving time: 0.000251116 seconds
plan limit 980
current timestep 287
num of flexible agents: 99
num of flexible tasks: 0
Solving time: 0.000201979 seconds
plan limit 980
current timestep 288
num of flexible agents: 99
num of flexible tasks: 0
Solving time: 0.000218095 seconds
plan limit 980
current timestep 289
num of flexible agents: 99
num of flexible tasks: 0
Solving time: 0.00019888 seconds
plan limit 980
All tasks finished at timestep 290
