current timestep 0
num of flexible agents: 100
num of flexible tasks: 2
Solving time: 0.000300338 seconds
plan limit 980
current timestep 1
num of flexible agents: 100
num of flexible tasks: 4
Solving time: 0.000289754 seconds
plan limit 980
current timestep 2
num of flexible agents: 100
num of flexible tasks: 6
Solving time: 0.000285589 seconds
plan limit 980
current timestep 3
num of flexible agents: 98
num of flexible tasks: 6
Solving time: 0.000261919 seconds
plan limit 980
current timestep 4
num of flexible agents: 98
num of flexible tasks: 8
Solving time: 0.000262734 seconds
plan limit 980
current timestep 5
num of flexible agents: 98
num of flexible tasks: 10
Solving time: 0.000267738 seconds
plan limit 980
current timestep 6
num of flexible agents: 97
num of flexible tasks: 11
Solving time: 0.000293258 seconds
plan limit 980
current timestep 7
num of flexible agents: 92
num of flexible tasks: 8
Solving time: 0.000268441 seconds
plan limit 980
current timestep 8
num of flexible agents: 91
num of flexible tasks: 8
Solving time: 0.000258856 seconds
plan limit 980
current timestep 9
num of flexible agents: 89
num of flexible tasks: 8
Solving time: 0.000310874 seconds
plan limit 980
current timestep 10
num of flexible agents: 88
num of flexible tasks: 9
Solving time: 0.000308335 seconds
plan limit 980
current timestep 11
num of flexible agents: 86
num of flexible tasks: 9
Solving time: 0.000285025 seconds
plan limit 980
current timestep 12
num of flexible agents: 84
num of flexible tasks: 9
Solving time: 0.000314076 seconds
plan limit 980
current timestep 13
num of flexible agents: 83
num of flexible tasks: 9
Solving time: 0.000281469 seconds
plan limit 980
current timestep 14
num of flexible agents: 81
num of flexible tasks: 9
Solving time: 0.000291864 seconds
plan limit 980
current timestep 15
num of flexible agents: 79
num of flexible tasks: 9
Solving time: 0.000272881 seconds
plan limit 980
current timestep 16
num of flexible agents: 80
num of flexible tasks: 9
Solving time: 0.000238473 seconds
plan limit 980
current timestep 17
num of flexible agents: 79
num of flexible tasks: 10
Solving time: 0.000287562 seconds
plan limit 980
current timestep 18
num of flexible agents: 77
num of flexible tasks: 10
Solving time: 0.000259674 seconds
plan limit 980
current timestep 19
num of flexible agents: 74
num of flexible tasks: 8
Solving time: 0.000276157 seconds
plan limit 980
current timestep 20
num of flexible agents: 73
num of flexible tasks: 9
Solving time: 0.000275518 seconds
plan limit 980
current timestep 21
num of flexible agents: 70
num of flexible tasks: 8
Solving time: 0.000334067 seconds
plan limit 980
current timestep 22
num of flexible agents: 72
num of flexible tasks: 10
Solving time: 0.000291983 seconds
plan limit 980
current timestep 23
num of flexible agents: 73
num of flexible tasks: 10
Solving time: 0.000283926 seconds
plan limit 980
current timestep 24
num of flexible agents: 74
num of flexible tasks: 10
Solving time: 0.00025928 seconds
plan limit 980
current timestep 25
num of flexible agents: 73
num of flexible tasks: 10
Solving time: 0.000290886 seconds
plan limit 980
current timestep 26
num of flexible agents: 74
num of flexible tasks: 12
Solving time: 0.000315323 seconds
plan limit 980
current timestep 27
num of flexible agents: 73
num of flexible tasks: 13
Solving time: 0.000265747 seconds
plan limit 980
current timestep 28
num of flexible agents: 70
num of flexible tasks: 9
Solving time: 0.00028196 seconds
plan limit 980
current timestep 29
num of flexible agents: 67
num of flexible tasks: 8
Solving time: 0.000258578 seconds
plan limit 980
current timestep 30
num of flexible agents: 68
num of flexible tasks: 9
Solving time: 0.0002703 seconds
plan limit 980
current timestep 31
num of flexible agents: 71
num of flexible tasks: 11
Solving time: 0.000291702 seconds
plan limit 980
current timestep 32
num of flexible agents: 72
num of flexible tasks: 12
Solving time: 0.000247925 seconds
plan limit 980
current timestep 33
num of flexible agents: 73
num of flexible tasks: 13
Solving time: 0.000247392 seconds
plan limit 980
current timestep 34
num of flexible agents: 71
num of flexible tasks: 10
Solving time: 0.000257995 seconds
plan limit 980
current timestep 35
num of flexible agents: 71
num of flexible tasks: 11
Solving time: 0.000320255 seconds
plan limit 980
current timestep 36
num of flexible agents: 69
num of flexible tasks: 9
Solving time: 0.000261444 seconds
plan limit 980
current timestep 37
num of flexible agents: 68
num of flexible tasks: 8
Solving time: 0.000266495 seconds
plan limit 980
current timestep 38
num of flexible agents: 67
num of flexible tasks: 8
Solving time: 0.000266005 seconds
plan limit 980
current timestep 39
num of flexible agents: 69
num of flexible tasks: 10
Solving time: 0.000245567 seconds
plan limit 980
current timestep 40
num of flexible agents: 67
num of flexible tasks: 9
Solving time: 0.000261022 seconds
plan limit 980
current timestep 41
num of flexible agents: 64
num of flexible tasks: 7
Solving time: 0.000257657 seconds
plan limit 980
current timestep 42
num of flexible agents: 66
num of flexible tasks: 8
Solving time: 0.000242295 seconds
plan limit 980
current timestep 43
num of flexible agents: 62
num of flexible tasks: 5
Solving time: 0.000264711 seconds
plan limit 980
current timestep 44
num of flexible agents: 64
num of flexible tasks: 6
Solving time: 0.000245628 seconds
plan limit 980
current timestep 45
num of flexible agents: 63
num of flexible tasks: 7
Solving time: 0.000246172 seconds
plan limit 980
current timestep 46
num of flexible agents: 64
num of flexible tasks: 7
Solving time: 0.000233954 seconds
plan limit 980
current timestep 47
num of flexible agents: 65
num of flexible tasks: 7
Solving time: 0.000241427 seconds
plan limit 980
current timestep 48
num of flexible agents: 65
num of flexible tasks: 9
Solving time: 0.000281253 seconds
plan limit 980
current timestep 49
num of flexible agents: 63
num of flexible tasks: 8
Solving time: 0.000296114 seconds
plan limit 980
current timestep 50
num of flexible agents: 62
num of flexible tasks: 9
Solving time: 0.000284356 seconds
plan limit 980
current timestep 51
num of flexible agents: 60
num of flexible tasks: 9
Solving time: 0.000292701 seconds
plan limit 980
current timestep 52
num of flexible agents: 63
num of flexible tasks: 9
Solving time: 0.000267275 seconds
plan limit 980
current timestep 53
num of flexible agents: 63
num of flexible tasks: 8
Solving time: 0.00028572 seconds
plan limit 980
current timestep 54
num of flexible agents: 66
num of flexible tasks: 10
Solving time: 0.000256253 seconds
plan limit 980
current timestep 55
num of flexible agents: 67
num of flexible tasks: 10
Solving time: 0.000238671 seconds
plan limit 980
current timestep 56
num of flexible agents: 64
num of flexible tasks: 8
Solving time: 0.000271707 seconds
plan limit 980
current timestep 57
num of flexible agents: 63
num of flexible tasks: 8
Solving time: 0.000270155 seconds
plan limit 980
current timestep 58
num of flexible agents: 64
num of flexible tasks: 9
Solving time: 0.000262816 seconds
plan limit 980
current timestep 59
num of flexible agents: 61
num of flexible tasks: 7
Solving time: 0.000272632 seconds
plan limit 980
current timestep 60
num of flexible agents: 65
num of flexible tasks: 9
Solving time: 0.000257592 seconds
plan limit 980
current timestep 61
num of flexible agents: 64
num of flexible tasks: 10
Solving time: 0.000270483 seconds
plan limit 980
current timestep 62
num of flexible agents: 65
num of flexible tasks: 10
Solving time: 0.000279272 seconds
plan limit 980
current timestep 63
num of flexible agents: 63
num of flexible tasks: 10
Solving time: 0.000264473 seconds
plan limit 980
current timestep 64
num of flexible agents: 61
num of flexible tasks: 10
Solving time: 0.000295482 seconds
plan limit 980
current timestep 65
num of flexible agents: 60
num of flexible tasks: 9
Solving time: 0.000305831 seconds
plan limit 980
current timestep 66
num of flexible agents: 59
num of flexible tasks: 9
Solving time: 0.000284086 seconds
plan limit 980
current timestep 67
num of flexible agents: 56
num of flexible tasks: 7
Solving time: 0.000295106 seconds
plan limit 980
current timestep 68
num of flexible agents: 56
num of flexible tasks: 7
Solving time: 0.000292602 seconds
plan limit 980
current timestep 69
num of flexible agents: 54
num of flexible tasks: 7
Solving time: 0.000367944 seconds
plan limit 980
current timestep 70
num of flexible agents: 55
num of flexible tasks: 7
Solving time: 0.000330139 seconds
plan limit 980
current timestep 71
num of flexible agents: 54
num of flexible tasks: 8
Solving time: 0.000397105 seconds
plan limit 980
current timestep 72
num of flexible agents: 55
num of flexible tasks: 10
Solving time: 0.000321218 seconds
plan limit 980
current timestep 73
num of flexible agents: 56
num of flexible tasks: 11
Solving time: 0.000327652 seconds
plan limit 980
current timestep 74
num of flexible agents: 54
num of flexible tasks: 11
Solving time: 0.000334438 seconds
plan limit 980
current timestep 75
num of flexible agents: 54
num of flexible tasks: 10
Solving time: 0.000306606 seconds
plan limit 980
current timestep 76
num of flexible agents: 52
num of flexible tasks: 9
Solving time: 0.000279446 seconds
plan limit 980
current timestep 77
num of flexible agents: 53
num of flexible tasks: 11
Solving time: 0.000314169 seconds
plan limit 980
current timestep 78
num of flexible agents: 54
num of flexible tasks: 12
Solving time: 0.000315688 seconds
plan limit 980
current timestep 79
num of flexible agents: 54
num of flexible tasks: 12
Solving time: 0.000291581 seconds
plan limit 980
current timestep 80
num of flexible agents: 52
num of flexible tasks: 12
Solving time: 0.000266626 seconds
plan limit 980
current timestep 81
num of flexible agents: 55
num of flexible tasks: 13
Solving time: 0.00025628 seconds
plan limit 980
current timestep 82
num of flexible agents: 54
num of flexible tasks: 11
Solving time: 0.000272916 seconds
plan limit 980
current timestep 83
num of flexible agents: 53
num of flexible tasks: 10
Solving time: 0.000302641 seconds
plan limit 980
current timestep 84
num of flexible agents: 53
num of flexible tasks: 10
Solving time: 0.000290891 seconds
plan limit 980
current timestep 85
num of flexible agents: 56
num of flexible tasks: 12
Solving time: 0.000279887 seconds
plan limit 980
current timestep 86
num of flexible agents: 57
num of flexible tasks: 10
Solving time: 0.000242384 seconds
plan limit 980
current timestep 87
num of flexible agents: 55
num of flexible tasks: 9
Solving time: 0.000254409 seconds
plan limit 980
current timestep 88
num of flexible agents: 56
num of flexible tasks: 9
Solving time: 0.00026788 seconds
plan limit 980
current timestep 89
num of flexible agents: 56
num of flexible tasks: 10
Solving time: 0.000269788 seconds
plan limit 980
current timestep 90
num of flexible agents: 57
num of flexible tasks: 10
Solving time: 0.000259998 seconds
plan limit 980
current timestep 91
num of flexible agents: 55
num of flexible tasks: 9
Solving time: 0.000260442 seconds
plan limit 980
current timestep 92
num of flexible agents: 55
num of flexible tasks: 9
Solving time: 0.000253652 seconds
plan limit 980
current timestep 93
num of flexible agents: 54
num of flexible tasks: 10
Solving time: 0.000288074 seconds
plan limit 980
current timestep 94
num of flexible agents: 54
num of flexible tasks: 9
Solving time: 0.000299064 seconds
plan limit 980
current timestep 95
num of flexible agents: 56
num of flexible tasks: 9
Solving time: 0.000268205 seconds
plan limit 980
current timestep 96
num of flexible agents: 53
num of flexible tasks: 7
Solving time: 0.000251864 seconds
plan limit 980
current timestep 97
num of flexible agents: 52
num of flexible tasks: 6
Solving time: 0.000258677 seconds
plan limit 980
current timestep 98
num of flexible agents: 54
num of flexible tasks: 7
Solving time: 0.000258313 seconds
plan limit 980
current timestep 99
num of flexible agents: 53
num of flexible tasks: 7
Solving time: 0.000236635 seconds
plan limit 980
current timestep 100
num of flexible agents: 51
num of flexible tasks: 6
Solving time: 0.000226494 seconds
plan limit 980
current timestep 101
num of flexible agents: 52
num of flexible tasks: 6
Solving time: 0.000227134 seconds
plan limit 980
current timestep 102
num of flexible agents: 52
num of flexible tasks: 6
Solving time: 0.00026874 seconds
plan limit 980
current timestep 103
num of flexible agents: 52
num of flexible tasks: 7
Solving time: 0.000273785 seconds
plan limit 980
current timestep 104
num of flexible agents: 52
num of flexible tasks: 6
Solving time: 0.000258986 seconds
plan limit 980
current timestep 105
num of flexible agents: 51
num of flexible tasks: 5
Solving time: 0.00022922 seconds
plan limit 980
current timestep 106
num of flexible agents: 54
num of flexible tasks: 5
Solving time: 0.000216336 seconds
plan limit 980
current timestep 107
num of flexible agents: 52
num of flexible tasks: 4
Solving time: 0.00026481 seconds
plan limit 980
current timestep 108
num of flexible agents: 54
num of flexible tasks: 6
Solving time: 0.000260115 seconds
plan limit 980
current timestep 109
num of flexible agents: 53
num of flexible tasks: 5
Solving time: 0.000253898 seconds
plan limit 980
current timestep 110
num of flexible agents: 54
num of flexible tasks: 7
Solving time: 0.000271819 seconds
plan limit 980
current timestep 111
num of flexible agents: 56
num of flexible tasks: 8
Solving time: 0.000276957 seconds
plan limit 980
current timestep 112
num of flexible agents: 57
num of flexible tasks: 9
Solving time: 0.000265352 seconds
plan limit 980
current timestep 113
num of flexible agents: 58
num of flexible tasks: 10
Solving time: 0.000284689 seconds
plan limit 980
current timestep 114
num of flexible agents: 56
num of flexible tasks: 8
Solving time: 0.000261522 seconds
plan limit 980
current timestep 115
num of flexible agents: 52
num of flexible tasks: 6
Solving time: 0.000236059 seconds
plan limit 980
current timestep 116
num of flexible agents: 52
num of flexible tasks: 5
Solving time: 0.000307845 seconds
plan limit 980
current timestep 117
num of flexible agents: 52
num of flexible tasks: 6
Solving time: 0.000247433 seconds
plan limit 980
current timestep 118
num of flexible agents: 52
num of flexible tasks: 6
Solving time: 0.000254115 seconds
plan limit 980
current timestep 119
num of flexible agents: 53
num of flexible tasks: 7
Solving time: 0.000257951 seconds
plan limit 980
current timestep 120
num of flexible agents: 53
num of flexible tasks: 8
Solving time: 0.000241243 seconds
plan limit 980
current timestep 121
num of flexible agents: 53
num of flexible tasks: 9
Solving time: 0.000252675 seconds
plan limit 980
current timestep 122
num of flexible agents: 52
num of flexible tasks: 7
Solving time: 0.000237058 seconds
plan limit 980
current timestep 123
num of flexible agents: 52
num of flexible tasks: 9
Solving time: 0.000226068 seconds
plan limit 980
current timestep 124
num of flexible agents: 52
num of flexible tasks: 7
Solving time: 0.000238017 seconds
plan limit 980
current timestep 125
num of flexible agents: 50
num of flexible tasks: 7
Solving time: 0.000230791 seconds
plan limit 980
current timestep 126
num of flexible agents: 49
num of flexible tasks: 6
Solving time: 0.000258202 seconds
plan limit 980
current timestep 127
num of flexible agents: 53
num of flexible tasks: 7
Solving time: 0.000266762 seconds
plan limit 980
current timestep 128
num of flexible agents: 52
num of flexible tasks: 6
Solving time: 0.000218301 seconds
plan limit 980
current timestep 129
num of flexible agents: 52
num of flexible tasks: 5
Solving time: 0.000251611 seconds
plan limit 980
current timestep 130
num of flexible agents: 52
num of flexible tasks: 6
Solving time: 0.000294993 seconds
plan limit 980
current timestep 131
num of flexible agents: 56
num of flexible tasks: 8
Solving time: 0.000247603 seconds
plan limit 980
current timestep 132
num of flexible agents: 57
num of flexible tasks: 7
Solving time: 0.000236332 seconds
plan limit 980
current timestep 133
num of flexible agents: 59
num of flexible tasks: 8
Solving time: 0.000236327 seconds
plan limit 980
current timestep 134
num of flexible agents: 57
num of flexible tasks: 6
Solving time: 0.000218603 seconds
plan limit 980
current timestep 135
num of flexible agents: 56
num of flexible tasks: 6
Solving time: 0.000255919 seconds
plan limit 980
current timestep 136
num of flexible agents: 55
num of flexible tasks: 7
Solving time: 0.000243477 seconds
plan limit 980
current timestep 137
num of flexible agents: 55
num of flexible tasks: 8
Solving time: 0.000278617 seconds
plan limit 980
current timestep 138
num of flexible agents: 57
num of flexible tasks: 9
Solving time: 0.000244045 seconds
plan limit 980
current timestep 139
num of flexible agents: 54
num of flexible tasks: 8
Solving time: 0.000292639 seconds
plan limit 980
current timestep 140
num of flexible agents: 56
num of flexible tasks: 9
Solving time: 0.000285494 seconds
plan limit 980
current timestep 141
num of flexible agents: 55
num of flexible tasks: 9
Solving time: 0.000255298 seconds
plan limit 980
current timestep 142
num of flexible agents: 56
num of flexible tasks: 10
Solving time: 0.000255655 seconds
plan limit 980
current timestep 143
num of flexible agents: 55
num of flexible tasks: 9
Solving time: 0.000258714 seconds
plan limit 980
current timestep 144
num of flexible agents: 56
num of flexible tasks: 10
Solving time: 0.000236369 seconds
plan limit 980
current timestep 145
num of flexible agents: 55
num of flexible tasks: 9
Solving time: 0.000233244 seconds
plan limit 980
current timestep 146
num of flexible agents: 56
num of flexible tasks: 8
Solving time: 0.000259983 seconds
plan limit 980
current timestep 147
num of flexible agents: 53
num of flexible tasks: 6
Solving time: 0.000249533 seconds
plan limit 980
current timestep 148
num of flexible agents: 55
num of flexible tasks: 8
Solving time: 0.000282473 seconds
plan limit 980
current timestep 149
num of flexible agents: 55
num of flexible tasks: 9
Solving time: 0.000256345 seconds
plan limit 980
current timestep 150
num of flexible agents: 55
num of flexible tasks: 10
Solving time: 0.000255236 seconds
plan limit 980
current timestep 151
num of flexible agents: 55
num of flexible tasks: 9
Solving time: 0.000261127 seconds
plan limit 980
current timestep 152
num of flexible agents: 54
num of flexible tasks: 8
Solving time: 0.000238793 seconds
plan limit 980
current timestep 153
num of flexible agents: 59
num of flexible tasks: 10
Solving time: 0.000294812 seconds
plan limit 980
current timestep 154
num of flexible agents: 57
num of flexible tasks: 7
Solving time: 0.000264681 seconds
plan limit 980
current timestep 155
num of flexible agents: 56
num of flexible tasks: 5
Solving time: 0.000244007 seconds
plan limit 980
current timestep 156
num of flexible agents: 58
num of flexible tasks: 6
Solving time: 0.000230024 seconds
plan limit 980
current timestep 157
num of flexible agents: 58
num of flexible tasks: 6
Solving time: 0.0002617 seconds
plan limit 980
current timestep 158
num of flexible agents: 60
num of flexible tasks: 8
Solving time: 0.000235083 seconds
plan limit 980
current timestep 159
num of flexible agents: 57
num of flexible tasks: 7
Solving time: 0.000263467 seconds
plan limit 980
current timestep 160
num of flexible agents: 53
num of flexible tasks: 5
Solving time: 0.000234365 seconds
plan limit 980
current timestep 161
num of flexible agents: 56
num of flexible tasks: 7
Solving time: 0.00023065 seconds
plan limit 980
current timestep 162
num of flexible agents: 55
num of flexible tasks: 6
Solving time: 0.000268757 seconds
plan limit 980
current timestep 163
num of flexible agents: 54
num of flexible tasks: 6
Solving time: 0.000248738 seconds
plan limit 980
current timestep 164
num of flexible agents: 53
num of flexible tasks: 7
Solving time: 0.00026779 seconds
plan limit 980
current timestep 165
num of flexible agents: 49
num of flexible tasks: 4
Solving time: 0.000258303 seconds
plan limit 980
current timestep 166
num of flexible agents: 50
num of flexible tasks: 5
Solving time: 0.000270297 seconds
plan limit 980
current timestep 167
num of flexible agents: 50
num of flexible tasks: 4
Solving time: 0.000242393 seconds
plan limit 980
current timestep 168
num of flexible agents: 51
num of flexible tasks: 6
Solving time: 0.000228328 seconds
plan limit 980
current timestep 169
num of flexible agents: 50
num of flexible tasks: 6
Solving time: 0.000236934 seconds
plan limit 980
current timestep 170
num of flexible agents: 49
num of flexible tasks: 5
Solving time: 0.000254578 seconds
plan limit 980
current timestep 171
num of flexible agents: 50
num of flexible tasks: 6
Solving time: 0.000273282 seconds
plan limit 980
current timestep 172
num of flexible agents: 53
num of flexible tasks: 8
Solving time: 0.000265332 seconds
plan limit 980
current timestep 173
num of flexible agents: 53
num of flexible tasks: 8
Solving time: 0.000289923 seconds
plan limit 980
current timestep 174
num of flexible agents: 56
num of flexible tasks: 8
Solving time: 0.000267193 seconds
plan limit 980
current timestep 175
num of flexible agents: 54
num of flexible tasks: 7
Solving time: 0.000242463 seconds
plan limit 980
current timestep 176
num of flexible agents: 54
num of flexible tasks: 9
Solving time: 0.000261343 seconds
plan limit 980
current timestep 177
num of flexible agents: 53
num of flexible tasks: 9
Solving time: 0.000247732 seconds
plan limit 980
current timestep 178
num of flexible agents: 53
num of flexible tasks: 8
Solving time: 0.000244288 seconds
plan limit 980
current timestep 179
num of flexible agents: 52
num of flexible tasks: 7
Solving time: 0.000251486 seconds
plan limit 980
current timestep 180
num of flexible agents: 56
num of flexible tasks: 8
Solving time: 0.00026323 seconds
plan limit 980
current timestep 181
num of flexible agents: 52
num of flexible tasks: 5
Solving time: 0.000271521 seconds
plan limit 980
current timestep 182
num of flexible agents: 55
num of flexible tasks: 7
Solving time: 0.000244938 seconds
plan limit 980
current timestep 183
num of flexible agents: 54
num of flexible tasks: 6
Solving time: 0.000294847 seconds
plan limit 980
current timestep 184
num of flexible agents: 53
num of flexible tasks: 7
Solving time: 0.000304383 seconds
plan limit 980
current timestep 185
num of flexible agents: 55
num of flexible tasks: 7
Solving time: 0.000294159 seconds
plan limit 980
current timestep 186
num of flexible agents: 57
num of flexible tasks: 8
Solving time: 0.000255414 seconds
plan limit 980
current timestep 187
num of flexible agents: 57
num of flexible tasks: 6
Solving time: 0.000273901 seconds
plan limit 980
current timestep 188
num of flexible agents: 56
num of flexible tasks: 7
Solving time: 0.000282866 seconds
plan limit 980
current timestep 189
num of flexible agents: 57
num of flexible tasks: 7
Solving time: 0.000314625 seconds
plan limit 980
current timestep 190
num of flexible agents: 59
num of flexible tasks: 8
Solving time: 0.000272276 seconds
plan limit 980
current timestep 191
num of flexible agents: 62
num of flexible tasks: 9
Solving time: 0.000276403 seconds
plan limit 980
current timestep 192
num of flexible agents: 63
num of flexible tasks: 9
Solving time: 0.000274025 seconds
plan limit 980
current timestep 193
num of flexible agents: 58
num of flexible tasks: 6
Solving time: 0.000266088 seconds
plan limit 980
current timestep 194
num of flexible agents: 58
num of flexible tasks: 7
Solving time: 0.000261327 seconds
plan limit 980
current timestep 195
num of flexible agents: 59
num of flexible tasks: 8
Solving time: 0.000277496 seconds
plan limit 980
current timestep 196
num of flexible agents: 58
num of flexible tasks: 8
Solving time: 0.00025978 seconds
plan limit 980
current timestep 197
num of flexible agents: 56
num of flexible tasks: 6
Solving time: 0.00027094 seconds
plan limit 980
current timestep 198
num of flexible agents: 56
num of flexible tasks: 6
Solving time: 0.000290003 seconds
plan limit 980
current timestep 199
num of flexible agents: 56
num of flexible tasks: 7
Solving time: 0.000282756 seconds
plan limit 980
current timestep 200
num of flexible agents: 56
num of flexible tasks: 8
Solving time: 0.000270759 seconds
plan limit 980
current timestep 201
num of flexible agents: 58
num of flexible tasks: 8
Solving time: 0.000245163 seconds
plan limit 980
current timestep 202
num of flexible agents: 57
num of flexible tasks: 7
Solving time: 0.000268524 seconds
plan limit 980
current timestep 203
num of flexible agents: 56
num of flexible tasks: 6
Solving time: 0.000248454 seconds
plan limit 980
current timestep 204
num of flexible agents: 56
num of flexible tasks: 7
Solving time: 0.000259375 seconds
plan limit 980
current timestep 205
num of flexible agents: 55
num of flexible tasks: 8
Solving time: 0.000316449 seconds
plan limit 980
current timestep 206
num of flexible agents: 57
num of flexible tasks: 9
Solving time: 0.000273222 seconds
plan limit 980
current timestep 207
num of flexible agents: 57
num of flexible tasks: 10
Solving time: 0.00029063 seconds
plan limit 980
current timestep 208
num of flexible agents: 57
num of flexible tasks: 9
Solving time: 0.000272424 seconds
plan limit 980
current timestep 209
num of flexible agents: 56
num of flexible tasks: 8
Solving time: 0.000240504 seconds
plan limit 980
current timestep 210
num of flexible agents: 60
num of flexible tasks: 8
Solving time: 0.000298188 seconds
plan limit 980
current timestep 211
num of flexible agents: 59
num of flexible tasks: 6
Solving time: 0.000262938 seconds
plan limit 980
current timestep 212
num of flexible agents: 60
num of flexible tasks: 7
Solving time: 0.000274278 seconds
plan limit 980
current timestep 213
num of flexible agents: 60
num of flexible tasks: 8
Solving time: 0.000280649 seconds
plan limit 980
current timestep 214
num of flexible agents: 61
num of flexible tasks: 9
Solving time: 0.00025861 seconds
plan limit 980
current timestep 215
num of flexible agents: 56
num of flexible tasks: 6
Solving time: 0.000256367 seconds
plan limit 980
current timestep 216
num of flexible agents: 57
num of flexible tasks: 8
Solving time: 0.000328409 seconds
plan limit 980
current timestep 217
num of flexible agents: 57
num of flexible tasks: 9
Solving time: 0.000274739 seconds
plan limit 980
current timestep 218
num of flexible agents: 57
num of flexible tasks: 9
Solving time: 0.000268092 seconds
plan limit 980
current timestep 219
num of flexible agents: 56
num of flexible tasks: 10
Solving time: 0.000275589 seconds
plan limit 980
current timestep 220
num of flexible agents: 53
num of flexible tasks: 7
Solving time: 0.000294227 seconds
plan limit 980
current timestep 221
num of flexible agents: 53
num of flexible tasks: 8
Solving time: 0.000280474 seconds
plan limit 980
current timestep 222
num of flexible agents: 54
num of flexible tasks: 8
Solving time: 0.000286616 seconds
plan limit 980
current timestep 223
num of flexible agents: 53
num of flexible tasks: 9
Solving time: 0.000302019 seconds
plan limit 980
current timestep 224
num of flexible agents: 53
num of flexible tasks: 10
Solving time: 0.000320323 seconds
plan limit 980
current timestep 225
num of flexible agents: 55
num of flexible tasks: 10
Solving time: 0.000358608 seconds
plan limit 980
current timestep 226
num of flexible agents: 55
num of flexible tasks: 11
Solving time: 0.000364513 seconds
plan limit 980
current timestep 227
num of flexible agents: 57
num of flexible tasks: 12
Solving time: 0.000321076 seconds
plan limit 980
current timestep 228
num of flexible agents: 55
num of flexible tasks: 11
Solving time: 0.000299972 seconds
plan limit 980
current timestep 229
num of flexible agents: 56
num of flexible tasks: 12
Solving time: 0.000314786 seconds
plan limit 980
current timestep 230
num of flexible agents: 56
num of flexible tasks: 10
Solving time: 0.000319137 seconds
plan limit 980
current timestep 231
num of flexible agents: 53
num of flexible tasks: 9
Solving time: 0.00030736 seconds
plan limit 980
current timestep 232
num of flexible agents: 54
num of flexible tasks: 10
Solving time: 0.000325568 seconds
plan limit 980
current timestep 233
num of flexible agents: 55
num of flexible tasks: 12
Solving time: 0.0003238 seconds
plan limit 980
current timestep 234
num of flexible agents: 54
num of flexible tasks: 13
Solving time: 0.000325237 seconds
plan limit 980
current timestep 235
num of flexible agents: 58
num of flexible tasks: 14
Solving time: 0.000310686 seconds
plan limit 980
current timestep 236
num of flexible agents: 56
num of flexible tasks: 13
Solving time: 0.000329394 seconds
plan limit 980
current timestep 237
num of flexible agents: 58
num of flexible tasks: 12
Solving time: 0.000323545 seconds
plan limit 980
current timestep 238
num of flexible agents: 58
num of flexible tasks: 10
Solving time: 0.000328681 seconds
plan limit 980
current timestep 239
num of flexible agents: 57
num of flexible tasks: 11
Solving time: 0.00035292 seconds
plan limit 980
current timestep 240
num of flexible agents: 57
num of flexible tasks: 11
Solving time: 0.000312936 seconds
plan limit 980
current timestep 241
num of flexible agents: 60
num of flexible tasks: 12
Solving time: 0.000291415 seconds
plan limit 980
current timestep 242
num of flexible agents: 60
num of flexible tasks: 12
Solving time: 0.000292868 seconds
plan limit 980
current timestep 243
num of flexible agents: 57
num of flexible tasks: 10
Solving time: 0.000301065 seconds
plan limit 980
current timestep 244
num of flexible agents: 55
num of flexible tasks: 10
Solving time: 0.00032602 seconds
plan limit 980
current timestep 245
num of flexible agents: 56
num of flexible tasks: 10
Solving time: 0.000323119 seconds
plan limit 980
current timestep 246
num of flexible agents: 56
num of flexible tasks: 10
Solving time: 0.000310351 seconds
plan limit 980
current timestep 247
num of flexible agents: 55
num of flexible tasks: 10
Solving time: 0.00031694 seconds
plan limit 980
current timestep 248
num of flexible agents: 55
num of flexible tasks: 10
Solving time: 0.000296945 seconds
plan limit 980
current timestep 249
num of flexible agents: 58
num of flexible tasks: 11
Solving time: 0.000289239 seconds
plan limit 980
current timestep 250
num of flexible agents: 56
num of flexible tasks: 8
Solving time: 0.000286262 seconds
plan limit 980
current timestep 251
num of flexible agents: 54
num of flexible tasks: 5
Solving time: 0.000273854 seconds
plan limit 980
current timestep 252
num of flexible agents: 57
num of flexible tasks: 5
Solving time: 0.00026865 seconds
plan limit 980
current timestep 253
num of flexible agents: 59
num of flexible tasks: 3
Solving time: 0.000268604 seconds
plan limit 980
current timestep 254
num of flexible agents: 61
num of flexible tasks: 2
Solving time: 0.000273532 seconds
plan limit 980
current timestep 255
num of flexible agents: 63
num of flexible tasks: 2
Solving time: 0.000232531 seconds
plan limit 980
current timestep 256
num of flexible agents: 67
num of flexible tasks: 2
Solving time: 0.000263165 seconds
plan limit 980
current timestep 257
num of flexible agents: 68
num of flexible tasks: 2
Solving time: 0.000256414 seconds
plan limit 980
current timestep 258
num of flexible agents: 70
num of flexible tasks: 2
Solving time: 0.000235792 seconds
plan limit 980
current timestep 259
num of flexible agents: 72
num of flexible tasks: 2
Solving time: 0.000244116 seconds
plan limit 980
current timestep 260
num of flexible agents: 72
num of flexible tasks: 0
Solving time: 0.000222111 seconds
plan limit 980
current timestep 261
num of flexible agents: 74
num of flexible tasks: 0
Solving time: 0.0002212 seconds
plan limit 980
current timestep 262
num of flexible agents: 75
num of flexible tasks: 0
Solving time: 0.000219454 seconds
plan limit 980
current timestep 263
num of flexible agents: 76
num of flexible tasks: 0
Solving time: 0.000218484 seconds
plan limit 980
current timestep 264
num of flexible agents: 82
num of flexible tasks: 0
Solving time: 0.00023366 seconds
plan limit 980
current timestep 265
num of flexible agents: 82
num of flexible tasks: 0
Solving time: 0.000213342 seconds
plan limit 980
current timestep 266
num of flexible agents: 83
num of flexible tasks: 0
Solving time: 0.000242782 seconds
plan limit 980
current timestep 267
num of flexible agents: 83
num of flexible tasks: 0
Solving time: 0.000225081 seconds
plan limit 980
current timestep 268
num of flexible agents: 86
num of flexible tasks: 0
Solving time: 0.00023062 seconds
plan limit 980
current timestep 269
num of flexible agents: 88
num of flexible tasks: 0
Solving time: 0.00023216 seconds
plan limit 980
current timestep 270
num of flexible agents: 91
num of flexible tasks: 0
Solving time: 0.000250601 seconds
plan limit 980
current timestep 271
num of flexible agents: 91
num of flexible tasks: 0
Solving time: 0.00024628 seconds
plan limit 980
current timestep 272
num of flexible agents: 93
num of flexible tasks: 0
Solving time: 0.00022454 seconds
plan limit 980
current timestep 273
num of flexible agents: 93
num of flexible tasks: 0
Solving time: 0.000235203 seconds
plan limit 980
current timestep 274
num of flexible agents: 94
num of flexible tasks: 0
Solving time: 0.000230525 seconds
plan limit 980
current timestep 275
num of flexible agents: 94
num of flexible tasks: 0
Solving time: 0.000224537 seconds
plan limit 980
current timestep 276
num of flexible agents: 94
num of flexible tasks: 0
Solving time: 0.000230835 seconds
plan limit 980
current timestep 277
num of flexible agents: 95
num of flexible tasks: 0
Solving time: 0.000219313 seconds
plan limit 980
current timestep 278
num of flexible agents: 96
num of flexible tasks: 0
Solving time: 0.00022675 seconds
plan limit 980
current timestep 279
num of flexible agents: 96
num of flexible tasks: 0
Solving time: 0.000220225 seconds
plan limit 980
current timestep 280
num of flexible agents: 96
num of flexible tasks: 0
Solving time: 0.000231819 seconds
plan limit 980
current timestep 281
num of flexible agents: 96
num of flexible tasks: 0
Solving time: 0.000220344 seconds
plan limit 980
current timestep 282
num of flexible agents: 96
num of flexible tasks: 0
Solving time: 0.000237109 seconds
plan limit 980
current timestep 283
num of flexible agents: 97
num of flexible tasks: 0
Solving time: 0.000234526 seconds
plan limit 980
current timestep 284
num of flexible agents: 97
num of flexible tasks: 0
Solving time: 0.000264359 seconds
plan limit 980
current timestep 285
num of flexible agents: 98
num of flexible tasks: 0
Solving time: 0.000240101 seconds
plan limit 980
current timestep 286
num of flexible agents: 99
num of flexible tasks: 0
Solving time: 0.000227751 seconds
plan limit 980
current timestep 287
num of flexible agents: 99
num of flexible tasks: 0
Solving time: 0.000229206 seconds
plan limit 980
current timestep 288
num of flexible agents: 99
num of flexible tasks: 0
Solving time: 0.000232859 seconds
plan limit 980
All tasks finished at timestep 289
