new free agents: 0
current timestep 0
new free agents: 0
num of flexible agents: 10000
num of flexible tasks: 10000
Solving time: 2.6256 seconds
plan limit 9288
num of waits: 0
current timestep 1
new free agents: 0
plan limit 11980
no goal cnt in pibt 0
num of waits: 2
current timestep 2
new free agents: 0
plan limit 11980
no goal cnt in pibt 0
num of waits: 0
current timestep 3
new free agents: 0
plan limit 11980
no goal cnt in pibt 0
num of waits: 1
current timestep 4
new free agents: 0
plan limit 11980
no goal cnt in pibt 0
num of waits: 1
current timestep 5
new free agents: 0
plan limit 11980
no goal cnt in pibt 0
num of waits: 2
current timestep 6
new free agents: 0
plan limit 11980
no goal cnt in pibt 0
num of waits: 1
current timestep 7
new free agents: 0
plan limit 11980
no goal cnt in pibt 0
num of waits: 3
current timestep 8
new free agents: 0
plan limit 11980
no goal cnt in pibt 0
num of waits: 2
current timestep 9
new free agents: 0
plan limit 11980
no goal cnt in pibt 0
num of waits: 2
current timestep 10
new free agents: 0
num of flexible agents: 2466
num of flexible tasks: 2466
Solving time: 2.02238 seconds
plan limit 9903
compute initial stop until 1892
num of waits: 0
num of waits: 3
current timestep 12
new free agents: 0
plan limit 11980
no goal cnt in pibt 0
num of waits: 2
current timestep 13
new free agents: 0
plan limit 11980
no goal cnt in pibt 0
num of waits: 6
current timestep 14
new free agents: 0
plan limit 11980
no goal cnt in pibt 0
num of waits: 1
current timestep 15
new free agents: 1
plan limit 11980
no goal cnt in pibt 1
num of waits: 3
current timestep 16
new free agents: 1
plan limit 11980
no goal cnt in pibt 2
num of waits: 3
current timestep 17
new free agents: 3
plan limit 11980
no goal cnt in pibt 5
num of waits: 6
current timestep 18
new free agents: 0
plan limit 11980
no goal cnt in pibt 5
num of waits: 15
current timestep 19
new free agents: 1
plan limit 11980
no goal cnt in pibt 6
num of waits: 8
current timestep 20
new free agents: 4
plan limit 11980
no goal cnt in pibt 10
num of waits: 11
current timestep 21
new free agents: 1
num of flexible agents: 1316
num of flexible tasks: 1316
Solving time: 1.71903 seconds
plan limit 10198
compute initial stop until 3721
num of waits: 0
num of waits: 10
current timestep 23
new free agents: 2
plan limit 11980
no goal cnt in pibt 2
num of waits: 28
current timestep 24
new free agents: 1
plan limit 11980
no goal cnt in pibt 3
num of waits: 23
current timestep 25
new free agents: 5
plan limit 11980
no goal cnt in pibt 8
num of waits: 22
current timestep 26
new free agents: 3
plan limit 11980
no goal cnt in pibt 11
num of waits: 22
current timestep 27
new free agents: 2
plan limit 11980
no goal cnt in pibt 13
num of waits: 23
current timestep 28
new free agents: 2
plan limit 11980
no goal cnt in pibt 15
num of waits: 25
current timestep 29
new free agents: 0
plan limit 11980
no goal cnt in pibt 15
num of waits: 27
current timestep 30
new free agents: 6
plan limit 11980
no goal cnt in pibt 21
num of waits: 26
current timestep 31
new free agents: 3
plan limit 11980
no goal cnt in pibt 24
num of waits: 36
current timestep 32
new free agents: 4
num of flexible agents: 1030
num of flexible tasks: 1030
Solving time: 1.78435 seconds
plan limit 10118
compute initial stop until 5449
num of waits: 0
num of waits: 49
current timestep 34
new free agents: 1
plan limit 11980
no goal cnt in pibt 1
num of waits: 55
current timestep 35
new free agents: 1
plan limit 11980
no goal cnt in pibt 2
num of waits: 41
current timestep 36
new free agents: 2
plan limit 11980
no goal cnt in pibt 4
num of waits: 37
current timestep 37
new free agents: 3
plan limit 11980
no goal cnt in pibt 7
num of waits: 41
current timestep 38
new free agents: 1
plan limit 11980
no goal cnt in pibt 8
num of waits: 39
current timestep 39
new free agents: 3
plan limit 11980
no goal cnt in pibt 11
num of waits: 32
current timestep 40
new free agents: 5
plan limit 11980
no goal cnt in pibt 16
num of waits: 43
current timestep 41
new free agents: 5
plan limit 11980
no goal cnt in pibt 21
num of waits: 45
current timestep 42
new free agents: 4
plan limit 11980
no goal cnt in pibt 25
num of waits: 59
current timestep 43
new free agents: 2
num of flexible agents: 877
num of flexible tasks: 877
Solving time: 1.6297 seconds
plan limit 10268
compute initial stop until 7164
num of waits: 0
num of waits: 65
current timestep 45
new free agents: 7
plan limit 11980
no goal cnt in pibt 7
num of waits: 78
current timestep 46
new free agents: 3
plan limit 11980
no goal cnt in pibt 10
num of waits: 57
current timestep 47
new free agents: 3
plan limit 11980
no goal cnt in pibt 13
num of waits: 58
current timestep 48
new free agents: 6
plan limit 11980
no goal cnt in pibt 19
num of waits: 55
current timestep 49
new free agents: 4
plan limit 11980
no goal cnt in pibt 23
num of waits: 59
current timestep 50
new free agents: 7
plan limit 11980
no goal cnt in pibt 30
num of waits: 57
current timestep 51
new free agents: 0
plan limit 11980
no goal cnt in pibt 30
num of waits: 69
current timestep 52
new free agents: 3
plan limit 11980
no goal cnt in pibt 33
num of waits: 67
current timestep 53
new free agents: 5
plan limit 11980
no goal cnt in pibt 38
num of waits: 67
current timestep 54
new free agents: 2
num of flexible agents: 805
num of flexible tasks: 805
Solving time: 1.54045 seconds
plan limit 10353
compute initial stop until 8892
num of waits: 0
num of waits: 77
current timestep 56
new free agents: 5
plan limit 11980
no goal cnt in pibt 5
num of waits: 85
current timestep 57
new free agents: 7
plan limit 11980
no goal cnt in pibt 12
num of waits: 90
current timestep 58
new free agents: 4
plan limit 11980
no goal cnt in pibt 16
num of waits: 83
current timestep 59
new free agents: 1
plan limit 11980
no goal cnt in pibt 17
num of waits: 96
current timestep 60
new free agents: 6
plan limit 11980
no goal cnt in pibt 23
num of waits: 81
current timestep 61
new free agents: 3
plan limit 11980
no goal cnt in pibt 26
num of waits: 78
current timestep 62
new free agents: 5
plan limit 11980
no goal cnt in pibt 31
num of waits: 91
current timestep 63
new free agents: 6
plan limit 11980
no goal cnt in pibt 37
num of waits: 89
current timestep 64
new free agents: 2
plan limit 11980
no goal cnt in pibt 39
num of waits: 110
current timestep 65
new free agents: 5
num of flexible agents: 756
num of flexible tasks: 756
Solving time: 1.45494 seconds
plan limit 10426
num of waits: 0
num of waits: 101
current timestep 67
new free agents: 4
plan limit 11980
no goal cnt in pibt 4
num of waits: 115
current timestep 68
new free agents: 7
plan limit 11980
no goal cnt in pibt 11
num of waits: 109
current timestep 69
new free agents: 4
plan limit 11980
no goal cnt in pibt 15
num of waits: 108
current timestep 70
new free agents: 8
plan limit 11980
no goal cnt in pibt 23
num of waits: 95
current timestep 71
new free agents: 2
plan limit 11980
no goal cnt in pibt 25
num of waits: 98
current timestep 72
new free agents: 4
plan limit 11980
no goal cnt in pibt 29
num of waits: 113
current timestep 73
new free agents: 3
plan limit 11980
no goal cnt in pibt 32
num of waits: 108
current timestep 74
new free agents: 6
plan limit 11980
no goal cnt in pibt 38
num of waits: 93
current timestep 75
new free agents: 6
plan limit 11980
no goal cnt in pibt 44
num of waits: 117
current timestep 76
new free agents: 2
num of flexible agents: 722
num of flexible tasks: 722
Solving time: 1.54328 seconds
plan limit 10333
num of waits: 0
num of waits: 117
current timestep 78
new free agents: 4
plan limit 11980
no goal cnt in pibt 4
num of waits: 119
current timestep 79
new free agents: 3
plan limit 11980
no goal cnt in pibt 7
num of waits: 113
current timestep 80
new free agents: 5
plan limit 11980
no goal cnt in pibt 12
num of waits: 116
current timestep 81
new free agents: 3
plan limit 11980
no goal cnt in pibt 15
num of waits: 120
current timestep 82
new free agents: 8
plan limit 11980
no goal cnt in pibt 23
num of waits: 137
current timestep 83
new free agents: 3
plan limit 11980
no goal cnt in pibt 26
num of waits: 129
current timestep 84
new free agents: 6
plan limit 11980
no goal cnt in pibt 32
num of waits: 117
current timestep 85
new free agents: 5
plan limit 11980
no goal cnt in pibt 37
num of waits: 128
current timestep 86
new free agents: 4
plan limit 11980
no goal cnt in pibt 41
num of waits: 114
current timestep 87
new free agents: 4
num of flexible agents: 691
num of flexible tasks: 691
Solving time: 1.51493 seconds
plan limit 10360
num of waits: 0
num of waits: 139
current timestep 89
new free agents: 5
plan limit 11980
no goal cnt in pibt 5
num of waits: 137
current timestep 90
new free agents: 1
plan limit 11980
no goal cnt in pibt 6
num of waits: 134
current timestep 91
new free agents: 5
plan limit 11980
no goal cnt in pibt 11
num of waits: 115
current timestep 92
new free agents: 6
plan limit 11980
no goal cnt in pibt 17
num of waits: 137
current timestep 93
new free agents: 4
plan limit 11980
no goal cnt in pibt 21
num of waits: 122
current timestep 94
new free agents: 7
plan limit 11980
no goal cnt in pibt 28
num of waits: 108
current timestep 95
new free agents: 5
plan limit 11980
no goal cnt in pibt 33
num of waits: 145
current timestep 96
new free agents: 6
plan limit 11980
no goal cnt in pibt 39
num of waits: 147
current timestep 97
new free agents: 2
plan limit 11980
no goal cnt in pibt 41
num of waits: 142
current timestep 98
new free agents: 4
num of flexible agents: 663
num of flexible tasks: 663
Solving time: 1.35705 seconds
plan limit 10518
num of waits: 0
num of waits: 146
current timestep 100
new free agents: 6
plan limit 11980
no goal cnt in pibt 6
num of waits: 154
current timestep 101
new free agents: 5
plan limit 11980
no goal cnt in pibt 11
num of waits: 138
current timestep 102
new free agents: 3
plan limit 11980
no goal cnt in pibt 14
num of waits: 146
current timestep 103
new free agents: 3
plan limit 11980
no goal cnt in pibt 17
num of waits: 131
current timestep 104
new free agents: 3
plan limit 11980
no goal cnt in pibt 20
num of waits: 146
current timestep 105
new free agents: 5
plan limit 11980
no goal cnt in pibt 25
num of waits: 130
current timestep 106
new free agents: 3
plan limit 11980
no goal cnt in pibt 28
num of waits: 146
current timestep 107
new free agents: 3
plan limit 11980
no goal cnt in pibt 31
num of waits: 145
current timestep 108
new free agents: 6
plan limit 11980
no goal cnt in pibt 37
num of waits: 165
current timestep 109
new free agents: 5
num of flexible agents: 641
num of flexible tasks: 641
Solving time: 1.25311 seconds
plan limit 10619
num of waits: 0
num of waits: 171
current timestep 111
new free agents: 2
plan limit 11980
no goal cnt in pibt 2
num of waits: 149
current timestep 112
new free agents: 4
plan limit 11980
no goal cnt in pibt 6
num of waits: 155
current timestep 113
new free agents: 2
plan limit 11980
no goal cnt in pibt 8
num of waits: 170
current timestep 114
new free agents: 4
plan limit 11980
no goal cnt in pibt 12
num of waits: 169
current timestep 115
new free agents: 5
plan limit 11980
no goal cnt in pibt 17
num of waits: 171
current timestep 116
new free agents: 4
plan limit 11980
no goal cnt in pibt 21
num of waits: 198
current timestep 117
new free agents: 5
plan limit 11980
no goal cnt in pibt 26
num of waits: 140
current timestep 118
new free agents: 4
plan limit 11980
no goal cnt in pibt 30
num of waits: 159
current timestep 119
new free agents: 0
plan limit 11980
no goal cnt in pibt 30
num of waits: 153
current timestep 120
new free agents: 1
num of flexible agents: 625
num of flexible tasks: 625
Solving time: 1.29295 seconds
plan limit 10569
num of waits: 0
num of waits: 179
current timestep 122
new free agents: 6
plan limit 11980
no goal cnt in pibt 6
num of waits: 185
current timestep 123
new free agents: 3
plan limit 11980
no goal cnt in pibt 9
num of waits: 194
current timestep 124
new free agents: 5
plan limit 11980
no goal cnt in pibt 14
num of waits: 186
current timestep 125
new free agents: 4
plan limit 11980
no goal cnt in pibt 18
num of waits: 188
current timestep 126
new free agents: 4
plan limit 11980
no goal cnt in pibt 22
num of waits: 181
current timestep 127
new free agents: 6
plan limit 11980
no goal cnt in pibt 28
num of waits: 168
current timestep 128
new free agents: 1
plan limit 11980
no goal cnt in pibt 29
num of waits: 180
current timestep 129
new free agents: 2
plan limit 11980
no goal cnt in pibt 31
num of waits: 143
current timestep 130
new free agents: 2
plan limit 11980
no goal cnt in pibt 33
num of waits: 172
current timestep 131
new free agents: 2
num of flexible agents: 613
num of flexible tasks: 613
Solving time: 1.07567 seconds
plan limit 10787
num of waits: 0
num of waits: 152
current timestep 133
new free agents: 3
plan limit 11980
no goal cnt in pibt 3
num of waits: 177
current timestep 134
new free agents: 5
plan limit 11980
no goal cnt in pibt 8
num of waits: 172
current timestep 135
new free agents: 5
plan limit 11980
no goal cnt in pibt 13
num of waits: 207
current timestep 136
new free agents: 4
plan limit 11980
no goal cnt in pibt 17
num of waits: 166
current timestep 137
new free agents: 1
plan limit 11980
no goal cnt in pibt 18
num of waits: 179
current timestep 138
new free agents: 3
plan limit 11980
no goal cnt in pibt 21
num of waits: 181
current timestep 139
new free agents: 0
plan limit 11980
no goal cnt in pibt 21
num of waits: 190
current timestep 140
new free agents: 1
plan limit 11980
no goal cnt in pibt 22
num of waits: 167
current timestep 141
new free agents: 3
plan limit 11980
no goal cnt in pibt 25
num of waits: 170
current timestep 142
new free agents: 3
num of flexible agents: 601
num of flexible tasks: 601
Solving time: 1.11933 seconds
plan limit 10751
num of waits: 0
num of waits: 166
current timestep 144
new free agents: 6
plan limit 11980
no goal cnt in pibt 6
num of waits: 187
current timestep 145
new free agents: 1
plan limit 11980
no goal cnt in pibt 7
num of waits: 202
current timestep 146
new free agents: 5
plan limit 11980
no goal cnt in pibt 12
num of waits: 186
current timestep 147
new free agents: 2
plan limit 11980
no goal cnt in pibt 14
num of waits: 178
current timestep 148
new free agents: 3
plan limit 11980
no goal cnt in pibt 17
num of waits: 195
current timestep 149
new free agents: 3
plan limit 11980
no goal cnt in pibt 20
num of waits: 152
current timestep 150
new free agents: 3
plan limit 11980
no goal cnt in pibt 23
num of waits: 157
current timestep 151
new free agents: 2
plan limit 11980
no goal cnt in pibt 25
num of waits: 183
current timestep 152
new free agents: 5
plan limit 11980
no goal cnt in pibt 30
num of waits: 182
current timestep 153
new free agents: 2
num of flexible agents: 582
num of flexible tasks: 582
Solving time: 1.22018 seconds
plan limit 10652
num of waits: 0
num of waits: 158
current timestep 155
new free agents: 3
plan limit 11980
no goal cnt in pibt 3
num of waits: 202
current timestep 156
new free agents: 2
plan limit 11980
no goal cnt in pibt 5
num of waits: 200
current timestep 157
new free agents: 2
plan limit 11980
no goal cnt in pibt 7
num of waits: 179
current timestep 158
new free agents: 1
plan limit 11980
no goal cnt in pibt 8
num of waits: 169
current timestep 159
new free agents: 3
plan limit 11980
no goal cnt in pibt 11
num of waits: 191
current timestep 160
new free agents: 3
plan limit 11980
no goal cnt in pibt 14
num of waits: 170
current timestep 161
new free agents: 1
plan limit 11980
no goal cnt in pibt 15
num of waits: 189
current timestep 162
new free agents: 0
plan limit 11980
no goal cnt in pibt 15
num of waits: 195
current timestep 163
new free agents: 1
plan limit 11980
no goal cnt in pibt 16
num of waits: 202
current timestep 164
new free agents: 4
num of flexible agents: 565
num of flexible tasks: 565
Solving time: 1.18059 seconds
plan limit 10692
num of waits: 0
num of waits: 195
current timestep 166
new free agents: 4
plan limit 11980
no goal cnt in pibt 4
num of waits: 183
current timestep 167
new free agents: 0
plan limit 11980
no goal cnt in pibt 4
num of waits: 208
current timestep 168
new free agents: 1
plan limit 11980
no goal cnt in pibt 5
num of waits: 234
current timestep 169
new free agents: 2
plan limit 11980
no goal cnt in pibt 7
num of waits: 224
current timestep 170
new free agents: 1
plan limit 11980
no goal cnt in pibt 8
num of waits: 215
current timestep 171
new free agents: 5
plan limit 11980
no goal cnt in pibt 13
num of waits: 183
current timestep 172
new free agents: 3
plan limit 11980
no goal cnt in pibt 16
num of waits: 203
current timestep 173
new free agents: 3
plan limit 11980
no goal cnt in pibt 19
num of waits: 191
current timestep 174
new free agents: 3
plan limit 11980
no goal cnt in pibt 22
num of waits: 209
current timestep 175
new free agents: 1
num of flexible agents: 553
num of flexible tasks: 553
Solving time: 1.22579 seconds
plan limit 10642
num of waits: 0
num of waits: 203
current timestep 177
new free agents: 3
plan limit 11980
no goal cnt in pibt 3
num of waits: 193
current timestep 178
new free agents: 1
plan limit 11980
no goal cnt in pibt 4
num of waits: 220
current timestep 179
new free agents: 0
plan limit 11980
no goal cnt in pibt 4
num of waits: 191
current timestep 180
new free agents: 3
plan limit 11980
no goal cnt in pibt 7
num of waits: 191
current timestep 181
new free agents: 3
plan limit 11980
no goal cnt in pibt 10
num of waits: 184
current timestep 182
new free agents: 1
plan limit 11980
no goal cnt in pibt 11
num of waits: 186
current timestep 183
new free agents: 1
plan limit 11980
no goal cnt in pibt 12
num of waits: 189
current timestep 184
new free agents: 1
plan limit 11980
no goal cnt in pibt 13
num of waits: 191
current timestep 185
new free agents: 2
plan limit 11980
no goal cnt in pibt 15
num of waits: 199
current timestep 186
new free agents: 2
num of flexible agents: 544
num of flexible tasks: 544
Solving time: 1.23294 seconds
plan limit 10636
num of waits: 0
num of waits: 202
current timestep 188
new free agents: 4
plan limit 11980
no goal cnt in pibt 4
num of waits: 201
current timestep 189
new free agents: 4
plan limit 11980
no goal cnt in pibt 8
num of waits: 205
current timestep 190
new free agents: 3
plan limit 11980
no goal cnt in pibt 11
num of waits: 190
current timestep 191
new free agents: 1
plan limit 11980
no goal cnt in pibt 12
num of waits: 204
current timestep 192
new free agents: 2
plan limit 11980
no goal cnt in pibt 14
num of waits: 188
current timestep 193
new free agents: 1
plan limit 11980
no goal cnt in pibt 15
num of waits: 190
current timestep 194
new free agents: 1
plan limit 11980
no goal cnt in pibt 16
num of waits: 198
current timestep 195
new free agents: 2
plan limit 11980
no goal cnt in pibt 18
num of waits: 202
current timestep 196
new free agents: 1
plan limit 11980
no goal cnt in pibt 19
num of waits: 205
current timestep 197
new free agents: 2
num of flexible agents: 541
num of flexible tasks: 541
Solving time: 1.50683 seconds
plan limit 10367
num of waits: 0
num of waits: 209
current timestep 199
new free agents: 0
plan limit 11980
no goal cnt in pibt 0
num of waits: 218
current timestep 200
new free agents: 2
plan limit 11980
no goal cnt in pibt 2
num of waits: 208
current timestep 201
new free agents: 4
plan limit 11980
no goal cnt in pibt 6
num of waits: 230
current timestep 202
new free agents: 0
plan limit 11980
no goal cnt in pibt 6
num of waits: 203
current timestep 203
new free agents: 0
plan limit 11980
no goal cnt in pibt 6
num of waits: 209
current timestep 204
new free agents: 4
plan limit 11980
no goal cnt in pibt 10
num of waits: 217
current timestep 205
new free agents: 1
plan limit 11980
no goal cnt in pibt 11
num of waits: 209
current timestep 206
new free agents: 3
plan limit 11980
no goal cnt in pibt 14
num of waits: 224
current timestep 207
new free agents: 1
plan limit 11980
no goal cnt in pibt 15
num of waits: 212
current timestep 208
new free agents: 1
num of flexible agents: 531
num of flexible tasks: 531
Solving time: 1.49496 seconds
plan limit 10377
num of waits: 0
num of waits: 199
current timestep 210
new free agents: 3
plan limit 11980
no goal cnt in pibt 3
num of waits: 232
current timestep 211
new free agents: 3
plan limit 11980
no goal cnt in pibt 6
num of waits: 218
current timestep 212
new free agents: 3
plan limit 11980
no goal cnt in pibt 9
num of waits: 205
current timestep 213
new free agents: 1
plan limit 11980
no goal cnt in pibt 10
num of waits: 215
current timestep 214
new free agents: 3
plan limit 11980
no goal cnt in pibt 13
num of waits: 212
current timestep 215
new free agents: 3
plan limit 11980
no goal cnt in pibt 16
num of waits: 193
current timestep 216
new free agents: 1
plan limit 11980
no goal cnt in pibt 17
num of waits: 223
current timestep 217
new free agents: 0
plan limit 11980
no goal cnt in pibt 17
num of waits: 220
current timestep 218
new free agents: 0
plan limit 11980
no goal cnt in pibt 17
num of waits: 215
current timestep 219
new free agents: 2
num of flexible agents: 529
num of flexible tasks: 529
Solving time: 1.81236 seconds
plan limit 10059
num of waits: 0
num of waits: 226
current timestep 221
new free agents: 2
plan limit 11980
no goal cnt in pibt 2
num of waits: 209
current timestep 222
new free agents: 0
plan limit 11980
no goal cnt in pibt 2
num of waits: 225
current timestep 223
new free agents: 2
plan limit 11980
no goal cnt in pibt 4
num of waits: 224
current timestep 224
new free agents: 1
plan limit 11980
no goal cnt in pibt 5
num of waits: 213
current timestep 225
new free agents: 2
plan limit 11980
no goal cnt in pibt 7
num of waits: 240
current timestep 226
new free agents: 1
plan limit 11980
no goal cnt in pibt 8
num of waits: 198
current timestep 227
new free agents: 2
plan limit 11980
no goal cnt in pibt 10
num of waits: 236
current timestep 228
new free agents: 1
plan limit 11980
no goal cnt in pibt 11
num of waits: 224
current timestep 229
new free agents: 0
plan limit 11980
no goal cnt in pibt 11
num of waits: 247
current timestep 230
new free agents: 0
num of flexible agents: 521
num of flexible tasks: 521
Solving time: 1.7864 seconds
plan limit 10084
num of waits: 0
num of waits: 228
current timestep 232
new free agents: 3
plan limit 11980
no goal cnt in pibt 3
num of waits: 248
current timestep 233
new free agents: 0
plan limit 11980
no goal cnt in pibt 3
num of waits: 217
current timestep 234
new free agents: 1
plan limit 11980
no goal cnt in pibt 4
num of waits: 231
current timestep 235
new free agents: 3
plan limit 11980
no goal cnt in pibt 7
num of waits: 218
current timestep 236
new free agents: 4
plan limit 11980
no goal cnt in pibt 11
num of waits: 194
current timestep 237
new free agents: 2
plan limit 11980
no goal cnt in pibt 13
num of waits: 194
current timestep 238
new free agents: 0
plan limit 11980
no goal cnt in pibt 13
num of waits: 217
current timestep 239
new free agents: 0
plan limit 11980
no goal cnt in pibt 13
num of waits: 208
current timestep 240
new free agents: 3
plan limit 11980
no goal cnt in pibt 16
num of waits: 211
current timestep 241
new free agents: 0
num of flexible agents: 519
num of flexible tasks: 519
Solving time: 1.70619 seconds
plan limit 10164
num of waits: 0
num of waits: 257
current timestep 243
new free agents: 2
plan limit 11980
no goal cnt in pibt 2
num of waits: 233
current timestep 244
new free agents: 0
plan limit 11980
no goal cnt in pibt 2
num of waits: 243
current timestep 245
new free agents: 2
plan limit 11980
no goal cnt in pibt 4
num of waits: 230
current timestep 246
new free agents: 2
plan limit 11980
no goal cnt in pibt 6
num of waits: 224
current timestep 247
new free agents: 1
plan limit 11980
no goal cnt in pibt 7
num of waits: 244
current timestep 248
new free agents: 1
plan limit 11980
no goal cnt in pibt 8
num of waits: 263
current timestep 249
new free agents: 0
plan limit 11980
no goal cnt in pibt 8
num of waits: 252
current timestep 250
new free agents: 0
plan limit 11980
no goal cnt in pibt 8
num of waits: 230
current timestep 251
new free agents: 0
plan limit 11980
no goal cnt in pibt 8
num of waits: 231
current timestep 252
new free agents: 3
num of flexible agents: 518
num of flexible tasks: 518
Solving time: 1.62567 seconds
plan limit 10245
num of waits: 0
num of waits: 213
current timestep 254
new free agents: 1
plan limit 11980
no goal cnt in pibt 1
num of waits: 237
current timestep 255
new free agents: 1
plan limit 11980
no goal cnt in pibt 2
num of waits: 210
current timestep 256
new free agents: 4
plan limit 11980
no goal cnt in pibt 6
num of waits: 263
current timestep 257
new free agents: 1
plan limit 11980
no goal cnt in pibt 7
num of waits: 230
current timestep 258
new free agents: 2
plan limit 11980
no goal cnt in pibt 9
num of waits: 247
current timestep 259
new free agents: 1
plan limit 11980
no goal cnt in pibt 10
num of waits: 213
current timestep 260
new free agents: 5
plan limit 11980
no goal cnt in pibt 15
num of waits: 235
current timestep 261
new free agents: 2
plan limit 11980
no goal cnt in pibt 17
num of waits: 220
current timestep 262
new free agents: 2
plan limit 11980
no goal cnt in pibt 19
num of waits: 215
current timestep 263
new free agents: 1
num of flexible agents: 521
num of flexible tasks: 521
Solving time: 1.64402 seconds
plan limit 10224
num of waits: 0
num of waits: 221
current timestep 265
new free agents: 1
plan limit 11980
no goal cnt in pibt 1
num of waits: 237
current timestep 266
new free agents: 0
plan limit 11980
no goal cnt in pibt 1
num of waits: 227
current timestep 267
new free agents: 2
plan limit 11980
no goal cnt in pibt 3
num of waits: 246
current timestep 268
new free agents: 1
plan limit 11980
no goal cnt in pibt 4
num of waits: 232
current timestep 269
new free agents: 2
plan limit 11980
no goal cnt in pibt 6
num of waits: 262
current timestep 270
new free agents: 5
plan limit 11980
no goal cnt in pibt 11
num of waits: 251
current timestep 271
new free agents: 0
plan limit 11980
no goal cnt in pibt 11
num of waits: 247
current timestep 272
new free agents: 1
plan limit 11980
no goal cnt in pibt 12
num of waits: 242
current timestep 273
new free agents: 2
plan limit 11980
no goal cnt in pibt 14
num of waits: 237
current timestep 274
new free agents: 0
num of flexible agents: 519
num of flexible tasks: 519
Solving time: 1.64626 seconds
plan limit 10221
num of waits: 0
num of waits: 213
current timestep 276
new free agents: 0
plan limit 11980
no goal cnt in pibt 0
num of waits: 226
current timestep 277
new free agents: 3
plan limit 11980
no goal cnt in pibt 3
num of waits: 225
current timestep 278
new free agents: 0
plan limit 11980
no goal cnt in pibt 3
num of waits: 220
current timestep 279
new free agents: 3
plan limit 11980
no goal cnt in pibt 6
num of waits: 203
current timestep 280
new free agents: 0
plan limit 11980
no goal cnt in pibt 6
num of waits: 259
current timestep 281
new free agents: 0
plan limit 11980
no goal cnt in pibt 6
num of waits: 198
current timestep 282
new free agents: 3
plan limit 11980
no goal cnt in pibt 9
num of waits: 245
current timestep 283
new free agents: 0
plan limit 11980
no goal cnt in pibt 9
num of waits: 232
current timestep 284
new free agents: 0
plan limit 11980
no goal cnt in pibt 9
num of waits: 243
current timestep 285
new free agents: 3
num of flexible agents: 513
num of flexible tasks: 513
Solving time: 1.77467 seconds
plan limit 10085
num of waits: 0
num of waits: 241
current timestep 287
new free agents: 3
plan limit 11980
no goal cnt in pibt 3
num of waits: 264
current timestep 288
new free agents: 1
plan limit 11980
no goal cnt in pibt 4
num of waits: 239
current timestep 289
new free agents: 2
plan limit 11980
no goal cnt in pibt 6
num of waits: 258
current timestep 290
new free agents: 0
plan limit 11980
no goal cnt in pibt 6
num of waits: 258
current timestep 291
new free agents: 1
plan limit 11980
no goal cnt in pibt 7
num of waits: 268
current timestep 292
new free agents: 0
plan limit 11980
no goal cnt in pibt 7
num of waits: 219
current timestep 293
new free agents: 0
plan limit 11980
no goal cnt in pibt 7
num of waits: 243
current timestep 294
new free agents: 0
plan limit 11980
no goal cnt in pibt 7
num of waits: 248
current timestep 295
new free agents: 0
plan limit 11980
no goal cnt in pibt 7
num of waits: 249
current timestep 296
new free agents: 1
num of flexible agents: 512
num of flexible tasks: 512
Solving time: 1.6712 seconds
plan limit 10189
num of waits: 0
num of waits: 234
current timestep 298
new free agents: 2
plan limit 11980
no goal cnt in pibt 2
num of waits: 244
current timestep 299
new free agents: 1
plan limit 11980
no goal cnt in pibt 3
num of waits: 228
current timestep 300
new free agents: 2
plan limit 11980
no goal cnt in pibt 5
num of waits: 274
current timestep 301
new free agents: 4
plan limit 11980
no goal cnt in pibt 9
num of waits: 266
current timestep 302
new free agents: 0
plan limit 11980
no goal cnt in pibt 9
num of waits: 235
current timestep 303
new free agents: 0
plan limit 11980
no goal cnt in pibt 9
num of waits: 237
current timestep 304
new free agents: 0
plan limit 11980
no goal cnt in pibt 9
num of waits: 231
current timestep 305
new free agents: 3
plan limit 11980
no goal cnt in pibt 12
num of waits: 250
current timestep 306
new free agents: 5
plan limit 11980
no goal cnt in pibt 17
num of waits: 226
current timestep 307
new free agents: 1
num of flexible agents: 516
num of flexible tasks: 516
Solving time: 1.69378 seconds
plan limit 10169
num of waits: 0
num of waits: 266
current timestep 309
new free agents: 2
plan limit 11980
no goal cnt in pibt 2
num of waits: 245
current timestep 310
new free agents: 0
plan limit 11980
no goal cnt in pibt 2
num of waits: 247
current timestep 311
new free agents: 2
plan limit 11980
no goal cnt in pibt 4
num of waits: 256
current timestep 312
new free agents: 1
plan limit 11980
no goal cnt in pibt 5
num of waits: 222
current timestep 313
new free agents: 1
plan limit 11980
no goal cnt in pibt 6
num of waits: 254
current timestep 314
new free agents: 4
plan limit 11980
no goal cnt in pibt 10
num of waits: 257
current timestep 315
new free agents: 3
plan limit 11980
no goal cnt in pibt 13
num of waits: 283
current timestep 316
new free agents: 0
plan limit 11980
no goal cnt in pibt 13
num of waits: 232
current timestep 317
new free agents: 0
plan limit 11980
no goal cnt in pibt 13
num of waits: 261
current timestep 318
new free agents: 1
num of flexible agents: 517
num of flexible tasks: 517
Solving time: 1.77142 seconds
plan limit 10091
num of waits: 0
num of waits: 241
current timestep 320
new free agents: 0
plan limit 11980
no goal cnt in pibt 0
num of waits: 247
current timestep 321
new free agents: 0
plan limit 11980
no goal cnt in pibt 0
num of waits: 276
current timestep 322
new free agents: 1
plan limit 11980
no goal cnt in pibt 1
num of waits: 250
current timestep 323
new free agents: 2
plan limit 11980
no goal cnt in pibt 3
num of waits: 255
current timestep 324
new free agents: 1
plan limit 11980
no goal cnt in pibt 4
num of waits: 266
current timestep 325
new free agents: 1
plan limit 11980
no goal cnt in pibt 5
num of waits: 228
current timestep 326
new free agents: 2
plan limit 11980
no goal cnt in pibt 7
num of waits: 251
current timestep 327
new free agents: 1
plan limit 11980
no goal cnt in pibt 8
num of waits: 243
current timestep 328
new free agents: 0
plan limit 11980
no goal cnt in pibt 8
num of waits: 216
current timestep 329
new free agents: 1
num of flexible agents: 517
num of flexible tasks: 517
Solving time: 1.79105 seconds
plan limit 10076
num of waits: 0
num of waits: 273
current timestep 331
new free agents: 2
plan limit 11980
no goal cnt in pibt 2
num of waits: 256
current timestep 332
new free agents: 1
plan limit 11980
no goal cnt in pibt 3
num of waits: 263
current timestep 333
new free agents: 3
plan limit 11980
no goal cnt in pibt 6
num of waits: 234
current timestep 334
new free agents: 0
plan limit 11980
no goal cnt in pibt 6
num of waits: 247
current timestep 335
new free agents: 2
plan limit 11980
no goal cnt in pibt 8
num of waits: 264
current timestep 336
new free agents: 0
plan limit 11980
no goal cnt in pibt 8
num of waits: 266
current timestep 337
new free agents: 1
plan limit 11980
no goal cnt in pibt 9
num of waits: 251
current timestep 338
new free agents: 1
plan limit 11980
no goal cnt in pibt 10
num of waits: 275
current timestep 339
new free agents: 0
plan limit 11980
no goal cnt in pibt 10
num of waits: 257
current timestep 340
new free agents: 2
num of flexible agents: 516
num of flexible tasks: 516
Solving time: 1.82822 seconds
plan limit 10031
num of waits: 0
num of waits: 288
current timestep 342
new free agents: 1
plan limit 11980
no goal cnt in pibt 1
num of waits: 279
current timestep 343
new free agents: 1
plan limit 11980
no goal cnt in pibt 2
num of waits: 274
current timestep 344
new free agents: 1
plan limit 11980
no goal cnt in pibt 3
num of waits: 282
current timestep 345
new free agents: 3
plan limit 11980
no goal cnt in pibt 6
num of waits: 250
current timestep 346
new free agents: 1
plan limit 11980
no goal cnt in pibt 7
num of waits: 272
current timestep 347
new free agents: 1
plan limit 11980
no goal cnt in pibt 8
num of waits: 254
current timestep 348
new free agents: 0
plan limit 11980
no goal cnt in pibt 8
num of waits: 261
current timestep 349
new free agents: 3
plan limit 11980
no goal cnt in pibt 11
num of waits: 258
current timestep 350
new free agents: 3
plan limit 11980
no goal cnt in pibt 14
num of waits: 246
current timestep 351
new free agents: 0
num of flexible agents: 515
num of flexible tasks: 515
Solving time: 1.86974 seconds
plan limit 9996
num of waits: 0
num of waits: 237
current timestep 353
new free agents: 0
plan limit 11980
no goal cnt in pibt 0
num of waits: 223
current timestep 354
new free agents: 3
plan limit 11980
no goal cnt in pibt 3
num of waits: 269
current timestep 355
new free agents: 2
plan limit 11980
no goal cnt in pibt 5
num of waits: 240
current timestep 356
new free agents: 1
plan limit 11980
no goal cnt in pibt 6
num of waits: 271
current timestep 357
new free agents: 2
plan limit 11980
no goal cnt in pibt 8
num of waits: 261
current timestep 358
new free agents: 1
plan limit 11980
no goal cnt in pibt 9
num of waits: 263
current timestep 359
new free agents: 0
plan limit 11980
no goal cnt in pibt 9
num of waits: 305
current timestep 360
new free agents: 1
plan limit 11980
no goal cnt in pibt 10
num of waits: 280
current timestep 361
new free agents: 2
plan limit 11980
no goal cnt in pibt 12
num of waits: 238
current timestep 362
new free agents: 0
num of flexible agents: 514
num of flexible tasks: 514
Solving time: 1.83428 seconds
plan limit 10030
num of waits: 0
num of waits: 296
current timestep 364
new free agents: 2
plan limit 11980
no goal cnt in pibt 2
num of waits: 264
current timestep 365
new free agents: 4
plan limit 11980
no goal cnt in pibt 6
num of waits: 253
current timestep 366
new free agents: 2
plan limit 11980
no goal cnt in pibt 8
num of waits: 256
current timestep 367
new free agents: 1
plan limit 11980
no goal cnt in pibt 9
num of waits: 277
current timestep 368
new free agents: 0
plan limit 11980
no goal cnt in pibt 9
num of waits: 272
current timestep 369
new free agents: 1
plan limit 11980
no goal cnt in pibt 10
num of waits: 275
current timestep 370
new free agents: 0
plan limit 11980
no goal cnt in pibt 10
num of waits: 264
current timestep 371
new free agents: 2
plan limit 11980
no goal cnt in pibt 12
num of waits: 274
current timestep 372
new free agents: 2
plan limit 11980
no goal cnt in pibt 14
num of waits: 243
current timestep 373
new free agents: 1
num of flexible agents: 518
num of flexible tasks: 518
Solving time: 1.82931 seconds
plan limit 10036
num of waits: 0
num of waits: 258
current timestep 375
new free agents: 2
plan limit 11980
no goal cnt in pibt 2
num of waits: 253
current timestep 376
new free agents: 2
plan limit 11980
no goal cnt in pibt 4
num of waits: 272
current timestep 377
new free agents: 0
plan limit 11980
no goal cnt in pibt 4
num of waits: 263
current timestep 378
new free agents: 2
plan limit 11980
no goal cnt in pibt 6
num of waits: 272
current timestep 379
new free agents: 0
plan limit 11980
no goal cnt in pibt 6
num of waits: 276
current timestep 380
new free agents: 1
plan limit 11980
no goal cnt in pibt 7
num of waits: 277
current timestep 381
new free agents: 0
plan limit 11980
no goal cnt in pibt 7
num of waits: 246
current timestep 382
new free agents: 0
plan limit 11980
no goal cnt in pibt 7
num of waits: 233
current timestep 383
new free agents: 0
plan limit 11980
no goal cnt in pibt 7
num of waits: 275
current timestep 384
new free agents: 0
num of flexible agents: 512
num of flexible tasks: 512
Solving time: 1.75205 seconds
plan limit 10118
num of waits: 0
num of waits: 225
current timestep 386
new free agents: 2
plan limit 11980
no goal cnt in pibt 2
num of waits: 245
current timestep 387
new free agents: 1
plan limit 11980
no goal cnt in pibt 3
num of waits: 250
current timestep 388
new free agents: 1
plan limit 11980
no goal cnt in pibt 4
num of waits: 272
current timestep 389
new free agents: 1
plan limit 11980
no goal cnt in pibt 5
num of waits: 240
current timestep 390
new free agents: 1
plan limit 11980
no goal cnt in pibt 6
num of waits: 250
current timestep 391
new free agents: 1
plan limit 11980
no goal cnt in pibt 7
num of waits: 255
current timestep 392
new free agents: 2
plan limit 11980
no goal cnt in pibt 9
num of waits: 276
current timestep 393
new free agents: 2
plan limit 11980
no goal cnt in pibt 11
num of waits: 256
current timestep 394
new free agents: 0
plan limit 11980
no goal cnt in pibt 11
num of waits: 259
current timestep 395
new free agents: 0
num of flexible agents: 516
num of flexible tasks: 516
Solving time: 1.89871 seconds
plan limit 9965
num of waits: 0
num of waits: 265
current timestep 397
new free agents: 1
plan limit 11980
no goal cnt in pibt 1
num of waits: 219
current timestep 398
new free agents: 0
plan limit 11980
no goal cnt in pibt 1
num of waits: 278
current timestep 399
new free agents: 0
plan limit 11980
no goal cnt in pibt 1
num of waits: 285
current timestep 400
new free agents: 3
plan limit 11980
no goal cnt in pibt 4
num of waits: 243
current timestep 401
new free agents: 0
plan limit 11980
no goal cnt in pibt 4
num of waits: 296
current timestep 402
new free agents: 0
plan limit 11980
no goal cnt in pibt 4
num of waits: 279
current timestep 403
new free agents: 1
plan limit 11980
no goal cnt in pibt 5
num of waits: 292
current timestep 404
new free agents: 1
plan limit 11980
no goal cnt in pibt 6
num of waits: 275
current timestep 405
new free agents: 0
plan limit 11980
no goal cnt in pibt 6
num of waits: 270
current timestep 406
new free agents: 1
num of flexible agents: 517
num of flexible tasks: 517
Solving time: 1.78778 seconds
plan limit 10072
num of waits: 0
num of waits: 253
current timestep 408
new free agents: 2
plan limit 11980
no goal cnt in pibt 2
num of waits: 264
current timestep 409
new free agents: 1
plan limit 11980
no goal cnt in pibt 3
num of waits: 265
current timestep 410
new free agents: 2
plan limit 11980
no goal cnt in pibt 5
num of waits: 280
current timestep 411
new free agents: 1
plan limit 11980
no goal cnt in pibt 6
num of waits: 241
current timestep 412
new free agents: 0
plan limit 11980
no goal cnt in pibt 6
num of waits: 286
current timestep 413
new free agents: 1
plan limit 11980
no goal cnt in pibt 7
num of waits: 267
current timestep 414
new free agents: 2
plan limit 11980
no goal cnt in pibt 9
num of waits: 273
current timestep 415
new free agents: 0
plan limit 11980
no goal cnt in pibt 9
num of waits: 278
current timestep 416
new free agents: 2
plan limit 11980
no goal cnt in pibt 11
num of waits: 286
current timestep 417
new free agents: 0
num of flexible agents: 518
num of flexible tasks: 518
Solving time: 1.74369 seconds
plan limit 10125
num of waits: 0
num of waits: 260
current timestep 419
new free agents: 1
plan limit 11980
no goal cnt in pibt 1
num of waits: 298
current timestep 420
new free agents: 0
plan limit 11980
no goal cnt in pibt 1
num of waits: 246
current timestep 421
new free agents: 0
plan limit 11980
no goal cnt in pibt 1
num of waits: 269
current timestep 422
new free agents: 1
plan limit 11980
no goal cnt in pibt 2
num of waits: 249
current timestep 423
new free agents: 2
plan limit 11980
no goal cnt in pibt 4
num of waits: 271
current timestep 424
new free agents: 0
plan limit 11980
no goal cnt in pibt 4
num of waits: 259
current timestep 425
new free agents: 1
plan limit 11980
no goal cnt in pibt 5
num of waits: 265
current timestep 426
new free agents: 3
plan limit 11980
no goal cnt in pibt 8
num of waits: 256
current timestep 427
new free agents: 1
plan limit 11980
no goal cnt in pibt 9
num of waits: 270
current timestep 428
new free agents: 2
num of flexible agents: 520
num of flexible tasks: 520
Solving time: 1.92954 seconds
plan limit 9934
num of waits: 0
num of waits: 255
current timestep 430
new free agents: 1
plan limit 11980
no goal cnt in pibt 1
num of waits: 258
current timestep 431
new free agents: 3
plan limit 11980
no goal cnt in pibt 4
num of waits: 283
current timestep 432
new free agents: 1
plan limit 11980
no goal cnt in pibt 5
num of waits: 316
current timestep 433
new free agents: 0
plan limit 11980
no goal cnt in pibt 5
num of waits: 258
current timestep 434
new free agents: 0
plan limit 11980
no goal cnt in pibt 5
num of waits: 265
current timestep 435
new free agents: 2
plan limit 11980
no goal cnt in pibt 7
num of waits: 282
current timestep 436
new free agents: 2
plan limit 11980
no goal cnt in pibt 9
num of waits: 261
current timestep 437
new free agents: 0
plan limit 11980
no goal cnt in pibt 9
num of waits: 238
current timestep 438
new free agents: 1
plan limit 11980
no goal cnt in pibt 10
num of waits: 246
current timestep 439
new free agents: 0
num of flexible agents: 524
num of flexible tasks: 524
Solving time: 2.02797 seconds
plan limit 9834
num of waits: 0
num of waits: 290
current timestep 441
new free agents: 0
plan limit 11980
no goal cnt in pibt 0
num of waits: 275
current timestep 442
new free agents: 0
plan limit 11980
no goal cnt in pibt 0
num of waits: 285
current timestep 443
new free agents: 0
plan limit 11980
no goal cnt in pibt 0
num of waits: 273
current timestep 444
new free agents: 1
plan limit 11980
no goal cnt in pibt 1
num of waits: 256
current timestep 445
new free agents: 0
plan limit 11980
no goal cnt in pibt 1
num of waits: 260
current timestep 446
new free agents: 0
plan limit 11980
no goal cnt in pibt 1
num of waits: 250
current timestep 447
new free agents: 0
plan limit 11980
no goal cnt in pibt 1
num of waits: 298
current timestep 448
new free agents: 1
plan limit 11980
no goal cnt in pibt 2
num of waits: 270
current timestep 449
new free agents: 1
plan limit 11980
no goal cnt in pibt 3
num of waits: 279
current timestep 450
new free agents: 0
num of flexible agents: 520
num of flexible tasks: 520
Solving time: 2.14119 seconds
plan limit 9721
num of waits: 0
num of waits: 288
current timestep 452
new free agents: 2
plan limit 11980
no goal cnt in pibt 2
num of waits: 281
current timestep 453
new free agents: 1
plan limit 11980
no goal cnt in pibt 3
num of waits: 291
current timestep 454
new free agents: 0
plan limit 11980
no goal cnt in pibt 3
num of waits: 249
current timestep 455
new free agents: 0
plan limit 11980
no goal cnt in pibt 3
num of waits: 291
current timestep 456
new free agents: 0
plan limit 11980
no goal cnt in pibt 3
num of waits: 271
current timestep 457
new free agents: 0
plan limit 11980
no goal cnt in pibt 3
num of waits: 268
current timestep 458
new free agents: 0
plan limit 11980
no goal cnt in pibt 3
num of waits: 248
current timestep 459
new free agents: 3
plan limit 11980
no goal cnt in pibt 6
num of waits: 256
current timestep 460
new free agents: 0
plan limit 11980
no goal cnt in pibt 6
num of waits: 272
current timestep 461
new free agents: 0
num of flexible agents: 522
num of flexible tasks: 522
Solving time: 2.09892 seconds
plan limit 9763
num of waits: 0
num of waits: 267
current timestep 463
new free agents: 1
plan limit 11980
no goal cnt in pibt 1
num of waits: 268
current timestep 464
new free agents: 1
plan limit 11980
no goal cnt in pibt 2
num of waits: 253
current timestep 465
new free agents: 0
plan limit 11980
no goal cnt in pibt 2
num of waits: 269
current timestep 466
new free agents: 1
plan limit 11980
no goal cnt in pibt 3
num of waits: 261
current timestep 467
new free agents: 1
plan limit 11980
no goal cnt in pibt 4
num of waits: 243
current timestep 468
new free agents: 3
plan limit 11980
no goal cnt in pibt 7
num of waits: 284
current timestep 469
new free agents: 1
plan limit 11980
no goal cnt in pibt 8
num of waits: 240
current timestep 470
new free agents: 2
plan limit 11980
no goal cnt in pibt 10
num of waits: 274
current timestep 471
new free agents: 0
plan limit 11980
no goal cnt in pibt 10
num of waits: 288
current timestep 472
new free agents: 0
num of flexible agents: 523
num of flexible tasks: 523
Solving time: 2.01487 seconds
plan limit 9851
num of waits: 0
num of waits: 247
current timestep 474
new free agents: 0
plan limit 11980
no goal cnt in pibt 0
num of waits: 224
current timestep 475
new free agents: 0
plan limit 11980
no goal cnt in pibt 0
num of waits: 285
current timestep 476
new free agents: 2
plan limit 11980
no goal cnt in pibt 2
num of waits: 247
current timestep 477
new free agents: 0
plan limit 11980
no goal cnt in pibt 2
num of waits: 264
current timestep 478
new free agents: 0
plan limit 11980
no goal cnt in pibt 2
num of waits: 287
current timestep 479
new free agents: 0
plan limit 11980
no goal cnt in pibt 2
num of waits: 227
current timestep 480
new free agents: 2
plan limit 11980
no goal cnt in pibt 4
num of waits: 256
current timestep 481
new free agents: 1
plan limit 11980
no goal cnt in pibt 5
num of waits: 290
current timestep 482
new free agents: 0
plan limit 11980
no goal cnt in pibt 5
num of waits: 273
current timestep 483
new free agents: 1
num of flexible agents: 521
num of flexible tasks: 521
Solving time: 2.04753 seconds
plan limit 9815
num of waits: 0
num of waits: 257
current timestep 485
new free agents: 1
plan limit 11980
no goal cnt in pibt 1
num of waits: 290
current timestep 486
new free agents: 0
plan limit 11980
no goal cnt in pibt 1
num of waits: 289
current timestep 487
new free agents: 1
plan limit 11980
no goal cnt in pibt 2
num of waits: 286
current timestep 488
new free agents: 0
plan limit 11980
no goal cnt in pibt 2
num of waits: 274
current timestep 489
new free agents: 0
plan limit 11980
no goal cnt in pibt 2
num of waits: 254
current timestep 490
new free agents: 1
plan limit 11980
no goal cnt in pibt 3
num of waits: 318
current timestep 491
new free agents: 0
plan limit 11980
no goal cnt in pibt 3
num of waits: 270
current timestep 492
new free agents: 0
plan limit 11980
no goal cnt in pibt 3
num of waits: 282
current timestep 493
new free agents: 1
plan limit 11980
no goal cnt in pibt 4
num of waits: 273
current timestep 494
new free agents: 2
num of flexible agents: 521
num of flexible tasks: 521
Solving time: 2.00741 seconds
plan limit 9857
num of waits: 0
num of waits: 280
current timestep 496
new free agents: 1
plan limit 11980
no goal cnt in pibt 1
num of waits: 232
current timestep 497
new free agents: 1
plan limit 11980
no goal cnt in pibt 2
num of waits: 253
current timestep 498
new free agents: 0
plan limit 11980
no goal cnt in pibt 2
num of waits: 272
current timestep 499
new free agents: 0
plan limit 11980
no goal cnt in pibt 2
num of waits: 284
