current timestep 0
num of flexible agents: 50
num of flexible tasks: 2
Solving time: 0.000246712 seconds
plan limit 980
current timestep 1
num of flexible agents: 48
num of flexible tasks: 2
Solving time: 0.000260088 seconds
plan limit 980
current timestep 2
num of flexible agents: 47
num of flexible tasks: 3
Solving time: 0.00028524 seconds
plan limit 980
current timestep 3
num of flexible agents: 47
num of flexible tasks: 5
Solving time: 0.00025549 seconds
plan limit 980
current timestep 4
num of flexible agents: 46
num of flexible tasks: 6
Solving time: 0.000295603 seconds
plan limit 980
current timestep 5
num of flexible agents: 45
num of flexible tasks: 7
Solving time: 0.000370412 seconds
plan limit 980
current timestep 6
num of flexible agents: 45
num of flexible tasks: 9
Solving time: 0.000313541 seconds
plan limit 980
current timestep 7
num of flexible agents: 44
num of flexible tasks: 10
Solving time: 0.00034959 seconds
plan limit 980
current timestep 8
num of flexible agents: 41
num of flexible tasks: 9
Solving time: 0.00030123 seconds
plan limit 980
current timestep 9
num of flexible agents: 40
num of flexible tasks: 10
Solving time: 0.000329681 seconds
plan limit 980
current timestep 10
num of flexible agents: 40
num of flexible tasks: 12
Solving time: 0.000322132 seconds
plan limit 980
current timestep 11
num of flexible agents: 40
num of flexible tasks: 14
Solving time: 0.000366377 seconds
plan limit 980
current timestep 12
num of flexible agents: 37
num of flexible tasks: 13
Solving time: 0.000375578 seconds
plan limit 980
current timestep 13
num of flexible agents: 35
num of flexible tasks: 13
Solving time: 0.000374605 seconds
plan limit 980
current timestep 14
num of flexible agents: 32
num of flexible tasks: 12
Solving time: 0.000393782 seconds
plan limit 980
current timestep 15
num of flexible agents: 31
num of flexible tasks: 13
Solving time: 0.000379051 seconds
plan limit 980
current timestep 16
num of flexible agents: 31
num of flexible tasks: 15
Solving time: 0.000384054 seconds
plan limit 980
current timestep 17
num of flexible agents: 30
num of flexible tasks: 16
Solving time: 0.000428211 seconds
plan limit 980
current timestep 18
num of flexible agents: 29
num of flexible tasks: 16
Solving time: 0.000355981 seconds
plan limit 980
current timestep 19
num of flexible agents: 29
num of flexible tasks: 17
Solving time: 0.000394729 seconds
plan limit 980
current timestep 20
num of flexible agents: 32
num of flexible tasks: 19
Solving time: 0.000455642 seconds
plan limit 980
current timestep 21
num of flexible agents: 33
num of flexible tasks: 21
Solving time: 0.000426863 seconds
plan limit 980
current timestep 22
num of flexible agents: 30
num of flexible tasks: 20
Solving time: 0.00040404 seconds
plan limit 980
current timestep 23
num of flexible agents: 28
num of flexible tasks: 20
Solving time: 0.000393866 seconds
plan limit 980
current timestep 24
num of flexible agents: 24
num of flexible tasks: 18
Solving time: 0.000462593 seconds
plan limit 980
current timestep 25
num of flexible agents: 23
num of flexible tasks: 19
Solving time: 0.000469105 seconds
plan limit 980
current timestep 26
num of flexible agents: 23
num of flexible tasks: 21
Solving time: 0.000404593 seconds
plan limit 980
current timestep 27
num of flexible agents: 23
num of flexible tasks: 22
Solving time: 0.000407498 seconds
plan limit 980
current timestep 28
num of flexible agents: 21
num of flexible tasks: 20
Solving time: 0.000448871 seconds
plan limit 980
current timestep 29
num of flexible agents: 18
num of flexible tasks: 19
Solving time: 0.000459361 seconds
plan limit 980
current timestep 30
num of flexible agents: 18
num of flexible tasks: 19
Solving time: 0.000420163 seconds
plan limit 980
current timestep 31
num of flexible agents: 17
num of flexible tasks: 20
Solving time: 0.000392901 seconds
plan limit 980
current timestep 32
num of flexible agents: 16
num of flexible tasks: 21
Solving time: 0.000440542 seconds
plan limit 980
current timestep 33
num of flexible agents: 18
num of flexible tasks: 23
Solving time: 0.000423472 seconds
plan limit 980
current timestep 34
num of flexible agents: 19
num of flexible tasks: 25
Solving time: 0.000380066 seconds
plan limit 980
current timestep 35
num of flexible agents: 20
num of flexible tasks: 26
Solving time: 0.000385508 seconds
plan limit 980
current timestep 36
num of flexible agents: 20
num of flexible tasks: 27
Solving time: 0.000439114 seconds
plan limit 980
current timestep 37
num of flexible agents: 19
num of flexible tasks: 27
Solving time: 0.000444755 seconds
plan limit 980
current timestep 38
num of flexible agents: 20
num of flexible tasks: 29
Solving time: 0.000410787 seconds
plan limit 980
current timestep 39
num of flexible agents: 17
num of flexible tasks: 28
Solving time: 0.00041189 seconds
plan limit 980
current timestep 40
num of flexible agents: 17
num of flexible tasks: 29
Solving time: 0.000392865 seconds
plan limit 980
current timestep 41
num of flexible agents: 18
num of flexible tasks: 31
Solving time: 0.000367726 seconds
plan limit 980
current timestep 42
num of flexible agents: 17
num of flexible tasks: 32
Solving time: 0.000402382 seconds
plan limit 980
current timestep 43
num of flexible agents: 20
num of flexible tasks: 34
Solving time: 0.000373413 seconds
plan limit 980
current timestep 44
num of flexible agents: 19
num of flexible tasks: 32
Solving time: 0.000346812 seconds
plan limit 980
current timestep 45
num of flexible agents: 19
num of flexible tasks: 34
Solving time: 0.000348209 seconds
plan limit 980
current timestep 46
num of flexible agents: 19
num of flexible tasks: 34
Solving time: 0.000371072 seconds
plan limit 980
current timestep 47
num of flexible agents: 18
num of flexible tasks: 34
Solving time: 0.000389289 seconds
plan limit 980
current timestep 48
num of flexible agents: 18
num of flexible tasks: 32
Solving time: 0.000328248 seconds
plan limit 980
current timestep 49
num of flexible agents: 18
num of flexible tasks: 30
Solving time: 0.000360418 seconds
plan limit 980
current timestep 50
num of flexible agents: 20
num of flexible tasks: 32
Solving time: 0.000342018 seconds
plan limit 980
current timestep 51
num of flexible agents: 18
num of flexible tasks: 32
Solving time: 0.000365297 seconds
plan limit 980
current timestep 52
num of flexible agents: 14
num of flexible tasks: 29
Solving time: 0.000325755 seconds
plan limit 980
current timestep 53
num of flexible agents: 10
num of flexible tasks: 26
Solving time: 0.000315428 seconds
plan limit 980
current timestep 54
num of flexible agents: 10
num of flexible tasks: 25
Solving time: 0.000349 seconds
plan limit 980
current timestep 55
num of flexible agents: 10
num of flexible tasks: 25
Solving time: 0.000303291 seconds
plan limit 980
current timestep 56
num of flexible agents: 9
num of flexible tasks: 25
Solving time: 0.000321703 seconds
plan limit 980
current timestep 57
num of flexible agents: 7
num of flexible tasks: 24
Solving time: 0.000334501 seconds
plan limit 980
current timestep 58
num of flexible agents: 7
num of flexible tasks: 24
Solving time: 0.000309472 seconds
plan limit 980
current timestep 59
num of flexible agents: 9
num of flexible tasks: 26
Solving time: 0.000333083 seconds
plan limit 980
current timestep 60
num of flexible agents: 9
num of flexible tasks: 27
Solving time: 0.000334007 seconds
plan limit 980
current timestep 61
num of flexible agents: 9
num of flexible tasks: 27
Solving time: 0.000330268 seconds
plan limit 980
current timestep 62
num of flexible agents: 12
num of flexible tasks: 28
Solving time: 0.000313229 seconds
plan limit 980
current timestep 63
num of flexible agents: 14
num of flexible tasks: 29
Solving time: 0.000368356 seconds
plan limit 980
current timestep 64
num of flexible agents: 11
num of flexible tasks: 28
Solving time: 0.00034647 seconds
plan limit 980
current timestep 65
num of flexible agents: 11
num of flexible tasks: 29
Solving time: 0.00036282 seconds
plan limit 980
current timestep 66
num of flexible agents: 10
num of flexible tasks: 28
Solving time: 0.000342712 seconds
plan limit 980
current timestep 67
num of flexible agents: 8
num of flexible tasks: 26
Solving time: 0.000336419 seconds
plan limit 980
current timestep 68
num of flexible agents: 8
num of flexible tasks: 27
Solving time: 0.000317841 seconds
plan limit 980
current timestep 69
num of flexible agents: 8
num of flexible tasks: 27
Solving time: 0.000312501 seconds
plan limit 980
current timestep 70
num of flexible agents: 9
num of flexible tasks: 29
Solving time: 0.000306285 seconds
plan limit 980
current timestep 71
num of flexible agents: 10
num of flexible tasks: 29
Solving time: 0.000335289 seconds
plan limit 980
current timestep 72
num of flexible agents: 12
num of flexible tasks: 30
Solving time: 0.000325421 seconds
plan limit 980
current timestep 73
num of flexible agents: 12
num of flexible tasks: 30
Solving time: 0.000376265 seconds
plan limit 980
current timestep 74
num of flexible agents: 16
num of flexible tasks: 32
Solving time: 0.000349048 seconds
plan limit 980
current timestep 75
num of flexible agents: 18
num of flexible tasks: 34
Solving time: 0.000372394 seconds
plan limit 980
current timestep 76
num of flexible agents: 14
num of flexible tasks: 32
Solving time: 0.000368367 seconds
plan limit 980
current timestep 77
num of flexible agents: 12
num of flexible tasks: 31
Solving time: 0.000345238 seconds
plan limit 980
current timestep 78
num of flexible agents: 15
num of flexible tasks: 32
Solving time: 0.000357859 seconds
plan limit 980
current timestep 79
num of flexible agents: 17
num of flexible tasks: 31
Solving time: 0.000412011 seconds
plan limit 980
current timestep 80
num of flexible agents: 14
num of flexible tasks: 29
Solving time: 0.000369496 seconds
plan limit 980
current timestep 81
num of flexible agents: 13
num of flexible tasks: 29
Solving time: 0.000339892 seconds
plan limit 980
current timestep 82
num of flexible agents: 9
num of flexible tasks: 27
Solving time: 0.00031301 seconds
plan limit 980
current timestep 83
num of flexible agents: 13
num of flexible tasks: 27
Solving time: 0.000364669 seconds
plan limit 980
current timestep 84
num of flexible agents: 12
num of flexible tasks: 26
Solving time: 0.000336492 seconds
plan limit 980
current timestep 85
num of flexible agents: 11
num of flexible tasks: 26
Solving time: 0.000335971 seconds
plan limit 980
current timestep 86
num of flexible agents: 8
num of flexible tasks: 25
Solving time: 0.000300157 seconds
plan limit 980
current timestep 87
num of flexible agents: 9
num of flexible tasks: 27
Solving time: 0.000295102 seconds
plan limit 980
current timestep 88
num of flexible agents: 7
num of flexible tasks: 26
Solving time: 0.000287472 seconds
plan limit 980
current timestep 89
num of flexible agents: 6
num of flexible tasks: 24
Solving time: 0.00030072 seconds
plan limit 980
current timestep 90
num of flexible agents: 7
num of flexible tasks: 24
Solving time: 0.000304192 seconds
plan limit 980
current timestep 91
num of flexible agents: 10
num of flexible tasks: 25
Solving time: 0.000335063 seconds
plan limit 980
current timestep 92
num of flexible agents: 13
num of flexible tasks: 27
Solving time: 0.000342376 seconds
plan limit 980
current timestep 93
num of flexible agents: 13
num of flexible tasks: 28
Solving time: 0.000308822 seconds
plan limit 980
current timestep 94
num of flexible agents: 13
num of flexible tasks: 29
Solving time: 0.000340984 seconds
plan limit 980
current timestep 95
num of flexible agents: 12
num of flexible tasks: 28
Solving time: 0.00031462 seconds
plan limit 980
current timestep 96
num of flexible agents: 12
num of flexible tasks: 27
Solving time: 0.000328888 seconds
plan limit 980
current timestep 97
num of flexible agents: 12
num of flexible tasks: 28
Solving time: 0.000331676 seconds
plan limit 980
current timestep 98
num of flexible agents: 14
num of flexible tasks: 30
Solving time: 0.000300587 seconds
plan limit 980
current timestep 99
num of flexible agents: 9
num of flexible tasks: 27
Solving time: 0.000309189 seconds
plan limit 980
current timestep 100
num of flexible agents: 8
num of flexible tasks: 27
Solving time: 0.000338634 seconds
plan limit 980
current timestep 101
num of flexible agents: 7
num of flexible tasks: 27
Solving time: 0.000283953 seconds
plan limit 980
current timestep 102
num of flexible agents: 8
num of flexible tasks: 28
Solving time: 0.000328732 seconds
plan limit 980
current timestep 103
num of flexible agents: 6
num of flexible tasks: 26
Solving time: 0.000280887 seconds
plan limit 980
current timestep 104
num of flexible agents: 9
num of flexible tasks: 28
Solving time: 0.000289418 seconds
plan limit 980
current timestep 105
num of flexible agents: 9
num of flexible tasks: 29
Solving time: 0.000286708 seconds
plan limit 980
current timestep 106
num of flexible agents: 5
num of flexible tasks: 26
Solving time: 0.000260541 seconds
plan limit 980
current timestep 107
num of flexible agents: 4
num of flexible tasks: 25
Solving time: 0.000319018 seconds
plan limit 980
current timestep 108
num of flexible agents: 3
num of flexible tasks: 26
Solving time: 0.00026212 seconds
plan limit 980
current timestep 109
num of flexible agents: 7
num of flexible tasks: 28
Solving time: 0.000322469 seconds
plan limit 980
current timestep 110
num of flexible agents: 8
num of flexible tasks: 29
Solving time: 0.000316562 seconds
plan limit 980
current timestep 111
num of flexible agents: 8
num of flexible tasks: 30
Solving time: 0.000309104 seconds
plan limit 980
current timestep 112
num of flexible agents: 7
num of flexible tasks: 28
Solving time: 0.000289047 seconds
plan limit 980
current timestep 113
num of flexible agents: 8
num of flexible tasks: 29
Solving time: 0.000320375 seconds
plan limit 980
current timestep 114
num of flexible agents: 8
num of flexible tasks: 28
Solving time: 0.000300368 seconds
plan limit 980
current timestep 115
num of flexible agents: 6
num of flexible tasks: 27
Solving time: 0.00030059 seconds
plan limit 980
current timestep 116
num of flexible agents: 5
num of flexible tasks: 28
Solving time: 0.000291584 seconds
plan limit 980
current timestep 117
num of flexible agents: 4
num of flexible tasks: 29
Solving time: 0.000304291 seconds
plan limit 980
current timestep 118
num of flexible agents: 8
num of flexible tasks: 30
Solving time: 0.000299672 seconds
plan limit 980
current timestep 119
num of flexible agents: 6
num of flexible tasks: 30
Solving time: 0.000303193 seconds
plan limit 980
current timestep 120
num of flexible agents: 3
num of flexible tasks: 29
Solving time: 0.000273411 seconds
plan limit 980
current timestep 121
num of flexible agents: 7
num of flexible tasks: 31
Solving time: 0.000334166 seconds
plan limit 980
current timestep 122
num of flexible agents: 7
num of flexible tasks: 32
Solving time: 0.000334038 seconds
plan limit 980
current timestep 123
num of flexible agents: 8
num of flexible tasks: 34
Solving time: 0.00035263 seconds
plan limit 980
current timestep 124
num of flexible agents: 7
num of flexible tasks: 34
Solving time: 0.000358331 seconds
plan limit 980
current timestep 125
num of flexible agents: 7
num of flexible tasks: 35
Solving time: 0.000307217 seconds
plan limit 980
current timestep 126
num of flexible agents: 8
num of flexible tasks: 36
Solving time: 0.000307687 seconds
plan limit 980
current timestep 127
num of flexible agents: 11
num of flexible tasks: 37
Solving time: 0.000314291 seconds
plan limit 980
current timestep 128
num of flexible agents: 12
num of flexible tasks: 35
Solving time: 0.000338644 seconds
plan limit 980
current timestep 129
num of flexible agents: 8
num of flexible tasks: 32
Solving time: 0.000326241 seconds
plan limit 980
current timestep 130
num of flexible agents: 10
num of flexible tasks: 33
Solving time: 0.000320308 seconds
plan limit 980
current timestep 131
num of flexible agents: 11
num of flexible tasks: 33
Solving time: 0.000325169 seconds
plan limit 980
current timestep 132
num of flexible agents: 10
num of flexible tasks: 32
Solving time: 0.000376398 seconds
plan limit 980
current timestep 133
num of flexible agents: 12
num of flexible tasks: 34
Solving time: 0.000353918 seconds
plan limit 980
current timestep 134
num of flexible agents: 12
num of flexible tasks: 33
Solving time: 0.000342897 seconds
plan limit 980
current timestep 135
num of flexible agents: 13
num of flexible tasks: 33
Solving time: 0.000329804 seconds
plan limit 980
current timestep 136
num of flexible agents: 13
num of flexible tasks: 33
Solving time: 0.00032164 seconds
plan limit 980
current timestep 137
num of flexible agents: 10
num of flexible tasks: 32
Solving time: 0.000306048 seconds
plan limit 980
current timestep 138
num of flexible agents: 11
num of flexible tasks: 33
Solving time: 0.000365415 seconds
plan limit 980
current timestep 139
num of flexible agents: 9
num of flexible tasks: 31
Solving time: 0.000344688 seconds
plan limit 980
current timestep 140
num of flexible agents: 8
num of flexible tasks: 31
Solving time: 0.000347371 seconds
plan limit 980
current timestep 141
num of flexible agents: 8
num of flexible tasks: 32
Solving time: 0.000344462 seconds
plan limit 980
current timestep 142
num of flexible agents: 8
num of flexible tasks: 33
Solving time: 0.000351522 seconds
plan limit 980
current timestep 143
num of flexible agents: 9
num of flexible tasks: 34
Solving time: 0.000328916 seconds
plan limit 980
current timestep 144
num of flexible agents: 9
num of flexible tasks: 34
Solving time: 0.000347899 seconds
plan limit 980
current timestep 145
num of flexible agents: 11
num of flexible tasks: 34
Solving time: 0.00037376 seconds
plan limit 980
current timestep 146
num of flexible agents: 8
num of flexible tasks: 33
Solving time: 0.000344429 seconds
plan limit 980
current timestep 147
num of flexible agents: 10
num of flexible tasks: 35
Solving time: 0.00031286 seconds
plan limit 980
current timestep 148
num of flexible agents: 12
num of flexible tasks: 37
Solving time: 0.000344326 seconds
plan limit 980
current timestep 149
num of flexible agents: 14
num of flexible tasks: 38
Solving time: 0.000345057 seconds
plan limit 980
current timestep 150
num of flexible agents: 16
num of flexible tasks: 38
Solving time: 0.000345257 seconds
plan limit 980
current timestep 151
num of flexible agents: 11
num of flexible tasks: 33
Solving time: 0.000343962 seconds
plan limit 980
current timestep 152
num of flexible agents: 13
num of flexible tasks: 34
Solving time: 0.000348677 seconds
plan limit 980
current timestep 153
num of flexible agents: 9
num of flexible tasks: 31
Solving time: 0.000331105 seconds
plan limit 980
current timestep 154
num of flexible agents: 10
num of flexible tasks: 33
Solving time: 0.000377865 seconds
plan limit 980
current timestep 155
num of flexible agents: 11
num of flexible tasks: 34
Solving time: 0.000323681 seconds
plan limit 980
current timestep 156
num of flexible agents: 8
num of flexible tasks: 33
Solving time: 0.000318795 seconds
plan limit 980
current timestep 157
num of flexible agents: 9
num of flexible tasks: 35
Solving time: 0.000338401 seconds
plan limit 980
current timestep 158
num of flexible agents: 9
num of flexible tasks: 34
Solving time: 0.000330236 seconds
plan limit 980
current timestep 159
num of flexible agents: 6
num of flexible tasks: 32
Solving time: 0.000335977 seconds
plan limit 980
current timestep 160
num of flexible agents: 8
num of flexible tasks: 33
Solving time: 0.000340438 seconds
plan limit 980
current timestep 161
num of flexible agents: 11
num of flexible tasks: 34
Solving time: 0.000333945 seconds
plan limit 980
current timestep 162
num of flexible agents: 11
num of flexible tasks: 33
Solving time: 0.000328401 seconds
plan limit 980
current timestep 163
num of flexible agents: 12
num of flexible tasks: 35
Solving time: 0.000362086 seconds
plan limit 980
current timestep 164
num of flexible agents: 12
num of flexible tasks: 36
Solving time: 0.000343754 seconds
plan limit 980
current timestep 165
num of flexible agents: 12
num of flexible tasks: 37
Solving time: 0.000335543 seconds
plan limit 980
current timestep 166
num of flexible agents: 15
num of flexible tasks: 38
Solving time: 0.000356083 seconds
plan limit 980
current timestep 167
num of flexible agents: 13
num of flexible tasks: 37
Solving time: 0.000346363 seconds
plan limit 980
current timestep 168
num of flexible agents: 12
num of flexible tasks: 37
Solving time: 0.000345781 seconds
plan limit 980
current timestep 169
num of flexible agents: 8
num of flexible tasks: 35
Solving time: 0.000318697 seconds
plan limit 980
current timestep 170
num of flexible agents: 6
num of flexible tasks: 34
Solving time: 0.000311353 seconds
plan limit 980
current timestep 171
num of flexible agents: 5
num of flexible tasks: 34
Solving time: 0.000324686 seconds
plan limit 980
current timestep 172
num of flexible agents: 6
num of flexible tasks: 35
Solving time: 0.000288256 seconds
plan limit 980
current timestep 173
num of flexible agents: 6
num of flexible tasks: 35
Solving time: 0.000299935 seconds
plan limit 980
current timestep 174
num of flexible agents: 7
num of flexible tasks: 36
Solving time: 0.000285343 seconds
plan limit 980
current timestep 175
num of flexible agents: 7
num of flexible tasks: 35
Solving time: 0.000281829 seconds
plan limit 980
current timestep 176
num of flexible agents: 9
num of flexible tasks: 36
Solving time: 0.000311549 seconds
plan limit 980
current timestep 177
num of flexible agents: 12
num of flexible tasks: 37
Solving time: 0.000315895 seconds
plan limit 980
current timestep 178
num of flexible agents: 12
num of flexible tasks: 37
Solving time: 0.000315331 seconds
plan limit 980
current timestep 179
num of flexible agents: 14
num of flexible tasks: 37
Solving time: 0.000358541 seconds
plan limit 980
current timestep 180
num of flexible agents: 13
num of flexible tasks: 36
Solving time: 0.000347817 seconds
plan limit 980
current timestep 181
num of flexible agents: 12
num of flexible tasks: 35
Solving time: 0.000329187 seconds
plan limit 980
current timestep 182
num of flexible agents: 13
num of flexible tasks: 36
Solving time: 0.000327595 seconds
plan limit 980
current timestep 183
num of flexible agents: 11
num of flexible tasks: 35
Solving time: 0.000326146 seconds
plan limit 980
current timestep 184
num of flexible agents: 11
num of flexible tasks: 35
Solving time: 0.000319527 seconds
plan limit 980
current timestep 185
num of flexible agents: 11
num of flexible tasks: 35
Solving time: 0.000347055 seconds
plan limit 980
current timestep 186
num of flexible agents: 10
num of flexible tasks: 34
Solving time: 0.000324385 seconds
plan limit 980
current timestep 187
num of flexible agents: 8
num of flexible tasks: 33
Solving time: 0.000339471 seconds
plan limit 980
current timestep 188
num of flexible agents: 7
num of flexible tasks: 33
Solving time: 0.000341058 seconds
plan limit 980
current timestep 189
num of flexible agents: 4
num of flexible tasks: 32
Solving time: 0.000300914 seconds
plan limit 980
current timestep 190
num of flexible agents: 5
num of flexible tasks: 32
Solving time: 0.000297456 seconds
plan limit 980
current timestep 191
num of flexible agents: 4
num of flexible tasks: 32
Solving time: 0.000308662 seconds
plan limit 980
current timestep 192
num of flexible agents: 6
num of flexible tasks: 34
Solving time: 0.000307885 seconds
plan limit 980
current timestep 193
num of flexible agents: 8
num of flexible tasks: 36
Solving time: 0.000303901 seconds
plan limit 980
current timestep 194
num of flexible agents: 8
num of flexible tasks: 34
Solving time: 0.000368587 seconds
plan limit 980
current timestep 195
num of flexible agents: 7
num of flexible tasks: 34
Solving time: 0.000339839 seconds
plan limit 980
current timestep 196
num of flexible agents: 9
num of flexible tasks: 36
Solving time: 0.000318064 seconds
plan limit 980
current timestep 197
num of flexible agents: 10
num of flexible tasks: 35
Solving time: 0.000318846 seconds
plan limit 980
current timestep 198
num of flexible agents: 10
num of flexible tasks: 36
Solving time: 0.000305981 seconds
plan limit 980
current timestep 199
num of flexible agents: 10
num of flexible tasks: 38
Solving time: 0.000311214 seconds
plan limit 980
current timestep 200
num of flexible agents: 9
num of flexible tasks: 37
Solving time: 0.000341662 seconds
plan limit 980
current timestep 201
num of flexible agents: 11
num of flexible tasks: 38
Solving time: 0.000323337 seconds
plan limit 980
current timestep 202
num of flexible agents: 14
num of flexible tasks: 38
Solving time: 0.000342898 seconds
plan limit 980
current timestep 203
num of flexible agents: 15
num of flexible tasks: 38
Solving time: 0.000351192 seconds
plan limit 980
current timestep 204
num of flexible agents: 11
num of flexible tasks: 35
Solving time: 0.000369939 seconds
plan limit 980
current timestep 205
num of flexible agents: 8
num of flexible tasks: 34
Solving time: 0.000305203 seconds
plan limit 980
current timestep 206
num of flexible agents: 8
num of flexible tasks: 35
Solving time: 0.000326076 seconds
plan limit 980
current timestep 207
num of flexible agents: 6
num of flexible tasks: 35
Solving time: 0.000300565 seconds
plan limit 980
current timestep 208
num of flexible agents: 4
num of flexible tasks: 33
Solving time: 0.000308036 seconds
plan limit 980
current timestep 209
num of flexible agents: 6
num of flexible tasks: 33
Solving time: 0.000342811 seconds
plan limit 980
current timestep 210
num of flexible agents: 7
num of flexible tasks: 34
Solving time: 0.000340266 seconds
plan limit 980
current timestep 211
num of flexible agents: 7
num of flexible tasks: 35
Solving time: 0.000313155 seconds
plan limit 980
current timestep 212
num of flexible agents: 7
num of flexible tasks: 34
Solving time: 0.00031848 seconds
plan limit 980
current timestep 213
num of flexible agents: 4
num of flexible tasks: 30
Solving time: 0.000329666 seconds
plan limit 980
current timestep 214
num of flexible agents: 3
num of flexible tasks: 31
Solving time: 0.000263558 seconds
plan limit 980
current timestep 215
num of flexible agents: 5
num of flexible tasks: 31
Solving time: 0.000300927 seconds
plan limit 980
current timestep 216
num of flexible agents: 6
num of flexible tasks: 32
Solving time: 0.000312797 seconds
plan limit 980
current timestep 217
num of flexible agents: 5
num of flexible tasks: 31
Solving time: 0.000326505 seconds
plan limit 980
current timestep 218
num of flexible agents: 9
num of flexible tasks: 33
Solving time: 0.000374636 seconds
plan limit 980
current timestep 219
num of flexible agents: 8
num of flexible tasks: 32
Solving time: 0.00033214 seconds
plan limit 980
current timestep 220
num of flexible agents: 13
num of flexible tasks: 33
Solving time: 0.000343056 seconds
plan limit 980
current timestep 221
num of flexible agents: 13
num of flexible tasks: 34
Solving time: 0.000361276 seconds
plan limit 980
current timestep 222
num of flexible agents: 16
num of flexible tasks: 35
Solving time: 0.000377071 seconds
plan limit 980
current timestep 223
num of flexible agents: 12
num of flexible tasks: 33
Solving time: 0.000320808 seconds
plan limit 980
current timestep 224
num of flexible agents: 9
num of flexible tasks: 32
Solving time: 0.000326677 seconds
plan limit 980
current timestep 225
num of flexible agents: 11
num of flexible tasks: 33
Solving time: 0.000327979 seconds
plan limit 980
current timestep 226
num of flexible agents: 11
num of flexible tasks: 34
Solving time: 0.000356374 seconds
plan limit 980
current timestep 227
num of flexible agents: 6
num of flexible tasks: 31
Solving time: 0.000334039 seconds
plan limit 980
current timestep 228
num of flexible agents: 7
num of flexible tasks: 32
Solving time: 0.000316552 seconds
plan limit 980
current timestep 229
num of flexible agents: 5
num of flexible tasks: 32
Solving time: 0.000288872 seconds
plan limit 980
current timestep 230
num of flexible agents: 7
num of flexible tasks: 33
Solving time: 0.00030105 seconds
plan limit 980
current timestep 231
num of flexible agents: 5
num of flexible tasks: 33
Solving time: 0.000307144 seconds
plan limit 980
current timestep 232
num of flexible agents: 5
num of flexible tasks: 31
Solving time: 0.000294791 seconds
plan limit 980
current timestep 233
num of flexible agents: 7
num of flexible tasks: 32
Solving time: 0.000319639 seconds
plan limit 980
current timestep 234
num of flexible agents: 9
num of flexible tasks: 33
Solving time: 0.000335745 seconds
plan limit 980
current timestep 235
num of flexible agents: 9
num of flexible tasks: 34
Solving time: 0.000309637 seconds
plan limit 980
current timestep 236
num of flexible agents: 8
num of flexible tasks: 33
Solving time: 0.000316957 seconds
plan limit 980
current timestep 237
num of flexible agents: 9
num of flexible tasks: 34
Solving time: 0.000313585 seconds
plan limit 980
current timestep 238
num of flexible agents: 8
num of flexible tasks: 33
Solving time: 0.0003455 seconds
plan limit 980
current timestep 239
num of flexible agents: 11
num of flexible tasks: 35
Solving time: 0.000345193 seconds
plan limit 980
current timestep 240
num of flexible agents: 12
num of flexible tasks: 34
Solving time: 0.000364025 seconds
plan limit 980
current timestep 241
num of flexible agents: 8
num of flexible tasks: 31
Solving time: 0.000291422 seconds
plan limit 980
current timestep 242
num of flexible agents: 10
num of flexible tasks: 33
Solving time: 0.000307461 seconds
plan limit 980
current timestep 243
num of flexible agents: 8
num of flexible tasks: 32
Solving time: 0.000281833 seconds
plan limit 980
current timestep 244
num of flexible agents: 6
num of flexible tasks: 32
Solving time: 0.000317078 seconds
plan limit 980
current timestep 245
num of flexible agents: 7
num of flexible tasks: 32
Solving time: 0.000310393 seconds
plan limit 980
current timestep 246
num of flexible agents: 7
num of flexible tasks: 33
Solving time: 0.00030175 seconds
plan limit 980
current timestep 247
num of flexible agents: 9
num of flexible tasks: 34
Solving time: 0.000306281 seconds
plan limit 980
current timestep 248
num of flexible agents: 6
num of flexible tasks: 33
Solving time: 0.000303016 seconds
plan limit 980
current timestep 249
num of flexible agents: 6
num of flexible tasks: 33
Solving time: 0.000338444 seconds
plan limit 980
current timestep 250
num of flexible agents: 6
num of flexible tasks: 33
Solving time: 0.000291216 seconds
plan limit 980
current timestep 251
num of flexible agents: 6
num of flexible tasks: 32
Solving time: 0.000296413 seconds
plan limit 980
current timestep 252
num of flexible agents: 6
num of flexible tasks: 30
Solving time: 0.000306696 seconds
plan limit 980
current timestep 253
num of flexible agents: 4
num of flexible tasks: 27
Solving time: 0.000323479 seconds
plan limit 980
current timestep 254
num of flexible agents: 5
num of flexible tasks: 26
Solving time: 0.000326986 seconds
plan limit 980
current timestep 255
num of flexible agents: 8
num of flexible tasks: 26
Solving time: 0.00031428 seconds
plan limit 980
current timestep 256
num of flexible agents: 11
num of flexible tasks: 25
Solving time: 0.000349463 seconds
plan limit 980
current timestep 257
num of flexible agents: 10
num of flexible tasks: 21
Solving time: 0.000365431 seconds
plan limit 980
current timestep 258
num of flexible agents: 12
num of flexible tasks: 21
Solving time: 0.000397991 seconds
plan limit 980
current timestep 259
num of flexible agents: 13
num of flexible tasks: 20
Solving time: 0.000404965 seconds
plan limit 980
current timestep 260
num of flexible agents: 16
num of flexible tasks: 19
Solving time: 0.000442016 seconds
plan limit 980
current timestep 261
num of flexible agents: 15
num of flexible tasks: 15
Solving time: 0.000415571 seconds
plan limit 980
current timestep 262
num of flexible agents: 15
num of flexible tasks: 14
Solving time: 0.000452818 seconds
plan limit 980
current timestep 263
num of flexible agents: 16
num of flexible tasks: 14
Solving time: 0.000466329 seconds
plan limit 980
current timestep 264
num of flexible agents: 18
num of flexible tasks: 13
Solving time: 0.000396247 seconds
plan limit 980
current timestep 265
num of flexible agents: 20
num of flexible tasks: 13
Solving time: 0.00035873 seconds
plan limit 980
current timestep 266
num of flexible agents: 22
num of flexible tasks: 13
Solving time: 0.000347957 seconds
plan limit 980
current timestep 267
num of flexible agents: 22
num of flexible tasks: 12
Solving time: 0.000324967 seconds
plan limit 980
current timestep 268
num of flexible agents: 19
num of flexible tasks: 7
Solving time: 0.00027946 seconds
plan limit 980
current timestep 269
num of flexible agents: 20
num of flexible tasks: 6
Solving time: 0.000260687 seconds
plan limit 980
current timestep 270
num of flexible agents: 19
num of flexible tasks: 5
Solving time: 0.000264276 seconds
plan limit 980
current timestep 271
num of flexible agents: 20
num of flexible tasks: 5
Solving time: 0.000272536 seconds
plan limit 980
current timestep 272
num of flexible agents: 18
num of flexible tasks: 2
Solving time: 0.000302402 seconds
plan limit 980
current timestep 273
num of flexible agents: 21
num of flexible tasks: 2
Solving time: 0.000239927 seconds
plan limit 980
current timestep 274
num of flexible agents: 23
num of flexible tasks: 2
Solving time: 0.000240772 seconds
plan limit 980
current timestep 275
num of flexible agents: 24
num of flexible tasks: 2
Solving time: 0.000226605 seconds
plan limit 980
current timestep 276
num of flexible agents: 23
num of flexible tasks: 1
Solving time: 0.000318706 seconds
plan limit 980
current timestep 277
num of flexible agents: 24
num of flexible tasks: 1
Solving time: 0.000258949 seconds
plan limit 980
current timestep 278
num of flexible agents: 24
num of flexible tasks: 1
Solving time: 0.000269537 seconds
plan limit 980
current timestep 279
num of flexible agents: 24
num of flexible tasks: 1
Solving time: 0.000284014 seconds
plan limit 980
current timestep 280
num of flexible agents: 26
num of flexible tasks: 0
Solving time: 0.000218655 seconds
plan limit 980
current timestep 281
num of flexible agents: 28
num of flexible tasks: 0
Solving time: 0.000238019 seconds
plan limit 980
current timestep 282
num of flexible agents: 30
num of flexible tasks: 0
Solving time: 0.000221076 seconds
plan limit 980
current timestep 283
num of flexible agents: 30
num of flexible tasks: 0
Solving time: 0.000230061 seconds
plan limit 980
current timestep 284
num of flexible agents: 31
num of flexible tasks: 0
Solving time: 0.000266447 seconds
plan limit 980
current timestep 285
num of flexible agents: 34
num of flexible tasks: 0
Solving time: 0.000231971 seconds
plan limit 980
current timestep 286
num of flexible agents: 34
num of flexible tasks: 0
Solving time: 0.00024287 seconds
plan limit 980
current timestep 287
num of flexible agents: 35
num of flexible tasks: 0
Solving time: 0.00024287 seconds
plan limit 980
current timestep 288
num of flexible agents: 37
num of flexible tasks: 0
Solving time: 0.000224989 seconds
plan limit 980
current timestep 289
num of flexible agents: 37
num of flexible tasks: 0
Solving time: 0.000232654 seconds
plan limit 980
current timestep 290
num of flexible agents: 39
num of flexible tasks: 0
Solving time: 0.000231469 seconds
plan limit 980
current timestep 291
num of flexible agents: 40
num of flexible tasks: 0
Solving time: 0.000213697 seconds
plan limit 980
current timestep 292
num of flexible agents: 40
num of flexible tasks: 0
Solving time: 0.000215008 seconds
plan limit 980
current timestep 293
num of flexible agents: 41
num of flexible tasks: 0
Solving time: 0.000193985 seconds
plan limit 980
current timestep 294
num of flexible agents: 41
num of flexible tasks: 0
Solving time: 0.000211453 seconds
plan limit 980
current timestep 295
num of flexible agents: 42
num of flexible tasks: 0
Solving time: 0.000216035 seconds
plan limit 980
current timestep 296
num of flexible agents: 42
num of flexible tasks: 0
Solving time: 0.000215522 seconds
plan limit 980
current timestep 297
num of flexible agents: 42
num of flexible tasks: 0
Solving time: 0.000224573 seconds
plan limit 980
current timestep 298
num of flexible agents: 44
num of flexible tasks: 0
Solving time: 0.000210522 seconds
plan limit 980
current timestep 299
num of flexible agents: 44
num of flexible tasks: 0
Solving time: 0.000221338 seconds
plan limit 980
current timestep 300
num of flexible agents: 44
num of flexible tasks: 0
Solving time: 0.000219964 seconds
plan limit 980
current timestep 301
num of flexible agents: 44
num of flexible tasks: 0
Solving time: 0.000224818 seconds
plan limit 980
current timestep 302
num of flexible agents: 46
num of flexible tasks: 0
Solving time: 0.000205978 seconds
plan limit 980
current timestep 303
num of flexible agents: 46
num of flexible tasks: 0
Solving time: 0.000229993 seconds
plan limit 980
current timestep 304
num of flexible agents: 48
num of flexible tasks: 0
Solving time: 0.000231038 seconds
plan limit 980
current timestep 305
num of flexible agents: 49
num of flexible tasks: 0
Solving time: 0.000208364 seconds
plan limit 980
All tasks finished at timestep 306
