current timestep 0
num of flexible agents: 80
num of flexible tasks: 2
Solving time: 0.000280226 seconds
plan limit 980
current timestep 1
num of flexible agents: 79
num of flexible tasks: 3
Solving time: 0.000317718 seconds
plan limit 980
current timestep 2
num of flexible agents: 78
num of flexible tasks: 4
Solving time: 0.000327841 seconds
plan limit 980
current timestep 3
num of flexible agents: 77
num of flexible tasks: 5
Solving time: 0.000285015 seconds
plan limit 980
current timestep 4
num of flexible agents: 77
num of flexible tasks: 7
Solving time: 0.00030518 seconds
plan limit 980
current timestep 5
num of flexible agents: 76
num of flexible tasks: 8
Solving time: 0.000315685 seconds
plan limit 980
current timestep 6
num of flexible agents: 74
num of flexible tasks: 8
Solving time: 0.000314557 seconds
plan limit 980
current timestep 7
num of flexible agents: 74
num of flexible tasks: 10
Solving time: 0.000318943 seconds
plan limit 980
current timestep 8
num of flexible agents: 73
num of flexible tasks: 11
Solving time: 0.000315762 seconds
plan limit 980
current timestep 9
num of flexible agents: 73
num of flexible tasks: 12
Solving time: 0.000314693 seconds
plan limit 980
current timestep 10
num of flexible agents: 72
num of flexible tasks: 13
Solving time: 0.000305142 seconds
plan limit 980
current timestep 11
num of flexible agents: 71
num of flexible tasks: 14
Solving time: 0.000325 seconds
plan limit 980
current timestep 12
num of flexible agents: 70
num of flexible tasks: 15
Solving time: 0.000311785 seconds
plan limit 980
current timestep 13
num of flexible agents: 65
num of flexible tasks: 12
Solving time: 0.000309616 seconds
plan limit 980
current timestep 14
num of flexible agents: 63
num of flexible tasks: 12
Solving time: 0.000319567 seconds
plan limit 980
current timestep 15
num of flexible agents: 61
num of flexible tasks: 12
Solving time: 0.000336792 seconds
plan limit 980
current timestep 16
num of flexible agents: 59
num of flexible tasks: 12
Solving time: 0.000292715 seconds
plan limit 980
current timestep 17
num of flexible agents: 55
num of flexible tasks: 10
Solving time: 0.000321834 seconds
plan limit 980
current timestep 18
num of flexible agents: 55
num of flexible tasks: 11
Solving time: 0.00029261 seconds
plan limit 980
current timestep 19
num of flexible agents: 55
num of flexible tasks: 12
Solving time: 0.000329037 seconds
plan limit 980
current timestep 20
num of flexible agents: 55
num of flexible tasks: 13
Solving time: 0.000370046 seconds
plan limit 980
current timestep 21
num of flexible agents: 53
num of flexible tasks: 11
Solving time: 0.000301458 seconds
plan limit 980
current timestep 22
num of flexible agents: 52
num of flexible tasks: 12
Solving time: 0.000329611 seconds
plan limit 980
current timestep 23
num of flexible agents: 50
num of flexible tasks: 11
Solving time: 0.000287158 seconds
plan limit 980
current timestep 24
num of flexible agents: 49
num of flexible tasks: 10
Solving time: 0.000310494 seconds
plan limit 980
current timestep 25
num of flexible agents: 49
num of flexible tasks: 10
Solving time: 0.000305591 seconds
plan limit 980
current timestep 26
num of flexible agents: 49
num of flexible tasks: 11
Solving time: 0.000298527 seconds
plan limit 980
current timestep 27
num of flexible agents: 48
num of flexible tasks: 10
Solving time: 0.000343991 seconds
plan limit 980
current timestep 28
num of flexible agents: 48
num of flexible tasks: 11
Solving time: 0.000272877 seconds
plan limit 980
current timestep 29
num of flexible agents: 49
num of flexible tasks: 13
Solving time: 0.000354544 seconds
plan limit 980
current timestep 30
num of flexible agents: 47
num of flexible tasks: 13
Solving time: 0.000332351 seconds
plan limit 980
current timestep 31
num of flexible agents: 45
num of flexible tasks: 12
Solving time: 0.000293307 seconds
plan limit 980
current timestep 32
num of flexible agents: 45
num of flexible tasks: 13
Solving time: 0.000308474 seconds
plan limit 980
current timestep 33
num of flexible agents: 43
num of flexible tasks: 13
Solving time: 0.00028273 seconds
plan limit 980
current timestep 34
num of flexible agents: 38
num of flexible tasks: 10
Solving time: 0.000276164 seconds
plan limit 980
current timestep 35
num of flexible agents: 38
num of flexible tasks: 11
Solving time: 0.000287344 seconds
plan limit 980
current timestep 36
num of flexible agents: 39
num of flexible tasks: 11
Solving time: 0.000279893 seconds
plan limit 980
current timestep 37
num of flexible agents: 38
num of flexible tasks: 12
Solving time: 0.00026339 seconds
plan limit 980
current timestep 38
num of flexible agents: 36
num of flexible tasks: 12
Solving time: 0.000400729 seconds
plan limit 980
current timestep 39
num of flexible agents: 40
num of flexible tasks: 13
Solving time: 0.000336063 seconds
plan limit 980
current timestep 40
num of flexible agents: 41
num of flexible tasks: 14
Solving time: 0.000261666 seconds
plan limit 980
current timestep 41
num of flexible agents: 38
num of flexible tasks: 12
Solving time: 0.000280198 seconds
plan limit 980
current timestep 42
num of flexible agents: 37
num of flexible tasks: 11
Solving time: 0.000273201 seconds
plan limit 980
current timestep 43
num of flexible agents: 36
num of flexible tasks: 9
Solving time: 0.000300151 seconds
plan limit 980
current timestep 44
num of flexible agents: 38
num of flexible tasks: 10
Solving time: 0.000288945 seconds
plan limit 980
current timestep 45
num of flexible agents: 39
num of flexible tasks: 11
Solving time: 0.000275943 seconds
plan limit 980
current timestep 46
num of flexible agents: 39
num of flexible tasks: 10
Solving time: 0.000280132 seconds
plan limit 980
current timestep 47
num of flexible agents: 40
num of flexible tasks: 10
Solving time: 0.0002619 seconds
plan limit 980
current timestep 48
num of flexible agents: 40
num of flexible tasks: 10
Solving time: 0.000272551 seconds
plan limit 980
current timestep 49
num of flexible agents: 38
num of flexible tasks: 10
Solving time: 0.000298447 seconds
plan limit 980
current timestep 50
num of flexible agents: 38
num of flexible tasks: 9
Solving time: 0.000283013 seconds
plan limit 980
current timestep 51
num of flexible agents: 34
num of flexible tasks: 7
Solving time: 0.000275464 seconds
plan limit 980
current timestep 52
num of flexible agents: 36
num of flexible tasks: 9
Solving time: 0.000300051 seconds
plan limit 980
current timestep 53
num of flexible agents: 36
num of flexible tasks: 8
Solving time: 0.000268553 seconds
plan limit 980
current timestep 54
num of flexible agents: 37
num of flexible tasks: 9
Solving time: 0.00028328 seconds
plan limit 980
current timestep 55
num of flexible agents: 35
num of flexible tasks: 9
Solving time: 0.000289992 seconds
plan limit 980
current timestep 56
num of flexible agents: 35
num of flexible tasks: 8
Solving time: 0.000259004 seconds
plan limit 980
current timestep 57
num of flexible agents: 35
num of flexible tasks: 9
Solving time: 0.000245669 seconds
plan limit 980
current timestep 58
num of flexible agents: 33
num of flexible tasks: 8
Solving time: 0.000255668 seconds
plan limit 980
current timestep 59
num of flexible agents: 34
num of flexible tasks: 9
Solving time: 0.000267165 seconds
plan limit 980
current timestep 60
num of flexible agents: 35
num of flexible tasks: 8
Solving time: 0.000242189 seconds
plan limit 980
current timestep 61
num of flexible agents: 35
num of flexible tasks: 8
Solving time: 0.000273987 seconds
plan limit 980
current timestep 62
num of flexible agents: 33
num of flexible tasks: 6
Solving time: 0.000262525 seconds
plan limit 980
current timestep 63
num of flexible agents: 34
num of flexible tasks: 7
Solving time: 0.000289285 seconds
plan limit 980
current timestep 64
num of flexible agents: 35
num of flexible tasks: 8
Solving time: 0.00027705 seconds
plan limit 980
current timestep 65
num of flexible agents: 34
num of flexible tasks: 8
Solving time: 0.000282553 seconds
plan limit 980
current timestep 66
num of flexible agents: 36
num of flexible tasks: 10
Solving time: 0.000287093 seconds
plan limit 980
current timestep 67
num of flexible agents: 36
num of flexible tasks: 10
Solving time: 0.000254184 seconds
plan limit 980
current timestep 68
num of flexible agents: 36
num of flexible tasks: 10
Solving time: 0.000262922 seconds
plan limit 980
current timestep 69
num of flexible agents: 35
num of flexible tasks: 7
Solving time: 0.000312799 seconds
plan limit 980
current timestep 70
num of flexible agents: 36
num of flexible tasks: 8
Solving time: 0.000258588 seconds
plan limit 980
current timestep 71
num of flexible agents: 38
num of flexible tasks: 9
Solving time: 0.000259829 seconds
plan limit 980
current timestep 72
num of flexible agents: 37
num of flexible tasks: 9
Solving time: 0.000243965 seconds
plan limit 980
current timestep 73
num of flexible agents: 36
num of flexible tasks: 9
Solving time: 0.000285818 seconds
plan limit 980
current timestep 74
num of flexible agents: 39
num of flexible tasks: 11
Solving time: 0.00030163 seconds
plan limit 980
current timestep 75
num of flexible agents: 39
num of flexible tasks: 12
Solving time: 0.000310561 seconds
plan limit 980
current timestep 76
num of flexible agents: 35
num of flexible tasks: 10
Solving time: 0.000295108 seconds
plan limit 980
current timestep 77
num of flexible agents: 36
num of flexible tasks: 10
Solving time: 0.000285799 seconds
plan limit 980
current timestep 78
num of flexible agents: 33
num of flexible tasks: 7
Solving time: 0.000278408 seconds
plan limit 980
current timestep 79
num of flexible agents: 36
num of flexible tasks: 7
Solving time: 0.000309522 seconds
plan limit 980
current timestep 80
num of flexible agents: 37
num of flexible tasks: 8
Solving time: 0.000251389 seconds
plan limit 980
current timestep 81
num of flexible agents: 40
num of flexible tasks: 9
Solving time: 0.000272339 seconds
plan limit 980
current timestep 82
num of flexible agents: 40
num of flexible tasks: 8
Solving time: 0.000259657 seconds
plan limit 980
current timestep 83
num of flexible agents: 38
num of flexible tasks: 7
Solving time: 0.000258921 seconds
plan limit 980
current timestep 84
num of flexible agents: 37
num of flexible tasks: 6
Solving time: 0.000270122 seconds
plan limit 980
current timestep 85
num of flexible agents: 39
num of flexible tasks: 8
Solving time: 0.000334046 seconds
plan limit 980
current timestep 86
num of flexible agents: 38
num of flexible tasks: 6
Solving time: 0.000263033 seconds
plan limit 980
current timestep 87
num of flexible agents: 36
num of flexible tasks: 5
Solving time: 0.000258015 seconds
plan limit 980
current timestep 88
num of flexible agents: 36
num of flexible tasks: 5
Solving time: 0.000286725 seconds
plan limit 980
current timestep 89
num of flexible agents: 41
num of flexible tasks: 7
Solving time: 0.000244286 seconds
plan limit 980
current timestep 90
num of flexible agents: 42
num of flexible tasks: 7
Solving time: 0.00027518 seconds
plan limit 980
current timestep 91
num of flexible agents: 44
num of flexible tasks: 9
Solving time: 0.000264235 seconds
plan limit 980
current timestep 92
num of flexible agents: 44
num of flexible tasks: 9
Solving time: 0.000272176 seconds
plan limit 980
current timestep 93
num of flexible agents: 42
num of flexible tasks: 9
Solving time: 0.000266006 seconds
plan limit 980
current timestep 94
num of flexible agents: 41
num of flexible tasks: 8
Solving time: 0.000254141 seconds
plan limit 980
current timestep 95
num of flexible agents: 40
num of flexible tasks: 8
Solving time: 0.000269636 seconds
plan limit 980
current timestep 96
num of flexible agents: 40
num of flexible tasks: 7
Solving time: 0.000227388 seconds
plan limit 980
current timestep 97
num of flexible agents: 37
num of flexible tasks: 5
Solving time: 0.00028045 seconds
plan limit 980
current timestep 98
num of flexible agents: 37
num of flexible tasks: 5
Solving time: 0.000258177 seconds
plan limit 980
current timestep 99
num of flexible agents: 35
num of flexible tasks: 4
Solving time: 0.000259782 seconds
plan limit 980
current timestep 100
num of flexible agents: 35
num of flexible tasks: 5
Solving time: 0.000267789 seconds
plan limit 980
current timestep 101
num of flexible agents: 34
num of flexible tasks: 6
Solving time: 0.00025639 seconds
plan limit 980
current timestep 102
num of flexible agents: 37
num of flexible tasks: 7
Solving time: 0.000297287 seconds
plan limit 980
current timestep 103
num of flexible agents: 35
num of flexible tasks: 6
Solving time: 0.000263881 seconds
plan limit 980
current timestep 104
num of flexible agents: 36
num of flexible tasks: 7
Solving time: 0.000266094 seconds
plan limit 980
current timestep 105
num of flexible agents: 38
num of flexible tasks: 9
Solving time: 0.000325072 seconds
plan limit 980
current timestep 106
num of flexible agents: 38
num of flexible tasks: 9
Solving time: 0.000292242 seconds
plan limit 980
current timestep 107
num of flexible agents: 37
num of flexible tasks: 8
Solving time: 0.000317034 seconds
plan limit 980
current timestep 108
num of flexible agents: 39
num of flexible tasks: 10
Solving time: 0.000285119 seconds
plan limit 980
current timestep 109
num of flexible agents: 40
num of flexible tasks: 11
Solving time: 0.000261853 seconds
plan limit 980
current timestep 110
num of flexible agents: 38
num of flexible tasks: 10
Solving time: 0.000274271 seconds
plan limit 980
current timestep 111
num of flexible agents: 39
num of flexible tasks: 11
Solving time: 0.000287597 seconds
plan limit 980
current timestep 112
num of flexible agents: 42
num of flexible tasks: 11
Solving time: 0.000260121 seconds
plan limit 980
current timestep 113
num of flexible agents: 41
num of flexible tasks: 10
Solving time: 0.000238437 seconds
plan limit 980
current timestep 114
num of flexible agents: 39
num of flexible tasks: 9
Solving time: 0.00026752 seconds
plan limit 980
current timestep 115
num of flexible agents: 37
num of flexible tasks: 9
Solving time: 0.000256127 seconds
plan limit 980
current timestep 116
num of flexible agents: 36
num of flexible tasks: 9
Solving time: 0.000278965 seconds
plan limit 980
current timestep 117
num of flexible agents: 33
num of flexible tasks: 8
Solving time: 0.000267129 seconds
plan limit 980
current timestep 118
num of flexible agents: 33
num of flexible tasks: 8
Solving time: 0.00025666 seconds
plan limit 980
current timestep 119
num of flexible agents: 34
num of flexible tasks: 10
Solving time: 0.000300471 seconds
plan limit 980
current timestep 120
num of flexible agents: 34
num of flexible tasks: 9
Solving time: 0.000292443 seconds
plan limit 980
current timestep 121
num of flexible agents: 36
num of flexible tasks: 8
Solving time: 0.000264392 seconds
plan limit 980
current timestep 122
num of flexible agents: 40
num of flexible tasks: 9
Solving time: 0.000288171 seconds
plan limit 980
current timestep 123
num of flexible agents: 41
num of flexible tasks: 10
Solving time: 0.000267324 seconds
plan limit 980
current timestep 124
num of flexible agents: 42
num of flexible tasks: 10
Solving time: 0.000279917 seconds
plan limit 980
current timestep 125
num of flexible agents: 42
num of flexible tasks: 11
Solving time: 0.00030404 seconds
plan limit 980
current timestep 126
num of flexible agents: 42
num of flexible tasks: 11
Solving time: 0.000288191 seconds
plan limit 980
current timestep 127
num of flexible agents: 42
num of flexible tasks: 12
Solving time: 0.000286978 seconds
plan limit 980
current timestep 128
num of flexible agents: 38
num of flexible tasks: 10
Solving time: 0.000270329 seconds
plan limit 980
current timestep 129
num of flexible agents: 35
num of flexible tasks: 8
Solving time: 0.000265263 seconds
plan limit 980
current timestep 130
num of flexible agents: 36
num of flexible tasks: 8
Solving time: 0.000296823 seconds
plan limit 980
current timestep 131
num of flexible agents: 36
num of flexible tasks: 9
Solving time: 0.00027514 seconds
plan limit 980
current timestep 132
num of flexible agents: 37
num of flexible tasks: 9
Solving time: 0.000305608 seconds
plan limit 980
current timestep 133
num of flexible agents: 36
num of flexible tasks: 9
Solving time: 0.000298777 seconds
plan limit 980
current timestep 134
num of flexible agents: 34
num of flexible tasks: 8
Solving time: 0.000315806 seconds
plan limit 980
current timestep 135
num of flexible agents: 35
num of flexible tasks: 10
Solving time: 0.000290594 seconds
plan limit 980
current timestep 136
num of flexible agents: 35
num of flexible tasks: 11
Solving time: 0.000274651 seconds
plan limit 980
current timestep 137
num of flexible agents: 33
num of flexible tasks: 10
Solving time: 0.000317633 seconds
plan limit 980
current timestep 138
num of flexible agents: 32
num of flexible tasks: 10
Solving time: 0.000341106 seconds
plan limit 980
current timestep 139
num of flexible agents: 32
num of flexible tasks: 10
Solving time: 0.00039602 seconds
plan limit 980
current timestep 140
num of flexible agents: 30
num of flexible tasks: 8
Solving time: 0.000255616 seconds
plan limit 980
current timestep 141
num of flexible agents: 33
num of flexible tasks: 10
Solving time: 0.00032373 seconds
plan limit 980
current timestep 142
num of flexible agents: 30
num of flexible tasks: 9
Solving time: 0.000274504 seconds
plan limit 980
current timestep 143
num of flexible agents: 29
num of flexible tasks: 7
Solving time: 0.000276466 seconds
plan limit 980
current timestep 144
num of flexible agents: 30
num of flexible tasks: 8
Solving time: 0.000326259 seconds
plan limit 980
current timestep 145
num of flexible agents: 33
num of flexible tasks: 10
Solving time: 0.000318488 seconds
plan limit 980
current timestep 146
num of flexible agents: 33
num of flexible tasks: 10
Solving time: 0.000325906 seconds
plan limit 980
current timestep 147
num of flexible agents: 34
num of flexible tasks: 11
Solving time: 0.000352024 seconds
plan limit 980
current timestep 148
num of flexible agents: 35
num of flexible tasks: 11
Solving time: 0.000348145 seconds
plan limit 980
current timestep 149
num of flexible agents: 33
num of flexible tasks: 10
Solving time: 0.000316038 seconds
plan limit 980
current timestep 150
num of flexible agents: 34
num of flexible tasks: 11
Solving time: 0.000284082 seconds
plan limit 980
current timestep 151
num of flexible agents: 33
num of flexible tasks: 10
Solving time: 0.000289678 seconds
plan limit 980
current timestep 152
num of flexible agents: 33
num of flexible tasks: 11
Solving time: 0.000331905 seconds
plan limit 980
current timestep 153
num of flexible agents: 34
num of flexible tasks: 12
Solving time: 0.000331952 seconds
plan limit 980
current timestep 154
num of flexible agents: 35
num of flexible tasks: 13
Solving time: 0.000303106 seconds
plan limit 980
current timestep 155
num of flexible agents: 34
num of flexible tasks: 7
Solving time: 0.000275285 seconds
plan limit 980
current timestep 156
num of flexible agents: 36
num of flexible tasks: 8
Solving time: 0.000285829 seconds
plan limit 980
current timestep 157
num of flexible agents: 36
num of flexible tasks: 8
Solving time: 0.00028577 seconds
plan limit 980
current timestep 158
num of flexible agents: 39
num of flexible tasks: 10
Solving time: 0.00025053 seconds
plan limit 980
current timestep 159
num of flexible agents: 37
num of flexible tasks: 9
Solving time: 0.000270562 seconds
plan limit 980
current timestep 160
num of flexible agents: 37
num of flexible tasks: 9
Solving time: 0.000267388 seconds
plan limit 980
current timestep 161
num of flexible agents: 40
num of flexible tasks: 8
Solving time: 0.000268265 seconds
plan limit 980
current timestep 162
num of flexible agents: 37
num of flexible tasks: 6
Solving time: 0.000300607 seconds
plan limit 980
current timestep 163
num of flexible agents: 37
num of flexible tasks: 7
Solving time: 0.000259772 seconds
plan limit 980
current timestep 164
num of flexible agents: 36
num of flexible tasks: 6
Solving time: 0.000288167 seconds
plan limit 980
current timestep 165
num of flexible agents: 35
num of flexible tasks: 6
Solving time: 0.00024579 seconds
plan limit 980
current timestep 166
num of flexible agents: 38
num of flexible tasks: 8
Solving time: 0.00030652 seconds
plan limit 980
current timestep 167
num of flexible agents: 40
num of flexible tasks: 10
Solving time: 0.000291223 seconds
plan limit 980
current timestep 168
num of flexible agents: 39
num of flexible tasks: 10
Solving time: 0.000275302 seconds
plan limit 980
current timestep 169
num of flexible agents: 44
num of flexible tasks: 11
Solving time: 0.000274455 seconds
plan limit 980
current timestep 170
num of flexible agents: 43
num of flexible tasks: 10
Solving time: 0.000280422 seconds
plan limit 980
current timestep 171
num of flexible agents: 44
num of flexible tasks: 10
Solving time: 0.000245737 seconds
plan limit 980
current timestep 172
num of flexible agents: 42
num of flexible tasks: 8
Solving time: 0.000241092 seconds
plan limit 980
current timestep 173
num of flexible agents: 40
num of flexible tasks: 8
Solving time: 0.000243842 seconds
plan limit 980
current timestep 174
num of flexible agents: 43
num of flexible tasks: 7
Solving time: 0.000258939 seconds
plan limit 980
current timestep 175
num of flexible agents: 45
num of flexible tasks: 7
Solving time: 0.000240899 seconds
plan limit 980
current timestep 176
num of flexible agents: 44
num of flexible tasks: 7
Solving time: 0.000242122 seconds
plan limit 980
current timestep 177
num of flexible agents: 43
num of flexible tasks: 8
Solving time: 0.00028195 seconds
plan limit 980
current timestep 178
num of flexible agents: 43
num of flexible tasks: 7
Solving time: 0.000284332 seconds
plan limit 980
current timestep 179
num of flexible agents: 44
num of flexible tasks: 7
Solving time: 0.000253911 seconds
plan limit 980
current timestep 180
num of flexible agents: 43
num of flexible tasks: 7
Solving time: 0.000283656 seconds
plan limit 980
current timestep 181
num of flexible agents: 40
num of flexible tasks: 6
Solving time: 0.000251511 seconds
plan limit 980
current timestep 182
num of flexible agents: 42
num of flexible tasks: 8
Solving time: 0.000262299 seconds
plan limit 980
current timestep 183
num of flexible agents: 41
num of flexible tasks: 6
Solving time: 0.000236358 seconds
plan limit 980
current timestep 184
num of flexible agents: 42
num of flexible tasks: 6
Solving time: 0.000229711 seconds
plan limit 980
current timestep 185
num of flexible agents: 45
num of flexible tasks: 7
Solving time: 0.000246208 seconds
plan limit 980
current timestep 186
num of flexible agents: 43
num of flexible tasks: 5
Solving time: 0.000243371 seconds
plan limit 980
current timestep 187
num of flexible agents: 42
num of flexible tasks: 5
Solving time: 0.000245575 seconds
plan limit 980
current timestep 188
num of flexible agents: 40
num of flexible tasks: 5
Solving time: 0.000230442 seconds
plan limit 980
current timestep 189
num of flexible agents: 42
num of flexible tasks: 6
Solving time: 0.000258662 seconds
plan limit 980
current timestep 190
num of flexible agents: 41
num of flexible tasks: 6
Solving time: 0.000252313 seconds
plan limit 980
current timestep 191
num of flexible agents: 43
num of flexible tasks: 8
Solving time: 0.000250068 seconds
plan limit 980
current timestep 192
num of flexible agents: 42
num of flexible tasks: 8
Solving time: 0.000253314 seconds
plan limit 980
current timestep 193
num of flexible agents: 42
num of flexible tasks: 9
Solving time: 0.000275612 seconds
plan limit 980
current timestep 194
num of flexible agents: 42
num of flexible tasks: 11
Solving time: 0.00030337 seconds
plan limit 980
current timestep 195
num of flexible agents: 44
num of flexible tasks: 10
Solving time: 0.000287728 seconds
plan limit 980
current timestep 196
num of flexible agents: 41
num of flexible tasks: 8
Solving time: 0.000305652 seconds
plan limit 980
current timestep 197
num of flexible agents: 41
num of flexible tasks: 8
Solving time: 0.000296654 seconds
plan limit 980
current timestep 198
num of flexible agents: 40
num of flexible tasks: 8
Solving time: 0.000283342 seconds
plan limit 980
current timestep 199
num of flexible agents: 40
num of flexible tasks: 9
Solving time: 0.000269945 seconds
plan limit 980
current timestep 200
num of flexible agents: 42
num of flexible tasks: 9
Solving time: 0.000300272 seconds
plan limit 980
current timestep 201
num of flexible agents: 43
num of flexible tasks: 9
Solving time: 0.000303009 seconds
plan limit 980
current timestep 202
num of flexible agents: 41
num of flexible tasks: 7
Solving time: 0.000257441 seconds
plan limit 980
current timestep 203
num of flexible agents: 41
num of flexible tasks: 7
Solving time: 0.000252911 seconds
plan limit 980
current timestep 204
num of flexible agents: 42
num of flexible tasks: 6
Solving time: 0.000244918 seconds
plan limit 980
current timestep 205
num of flexible agents: 39
num of flexible tasks: 5
Solving time: 0.00023515 seconds
plan limit 980
current timestep 206
num of flexible agents: 38
num of flexible tasks: 6
Solving time: 0.00023895 seconds
plan limit 980
current timestep 207
num of flexible agents: 35
num of flexible tasks: 5
Solving time: 0.000249951 seconds
plan limit 980
current timestep 208
num of flexible agents: 36
num of flexible tasks: 7
Solving time: 0.000291529 seconds
plan limit 980
current timestep 209
num of flexible agents: 36
num of flexible tasks: 7
Solving time: 0.000288878 seconds
plan limit 980
current timestep 210
num of flexible agents: 35
num of flexible tasks: 8
Solving time: 0.000272187 seconds
plan limit 980
current timestep 211
num of flexible agents: 38
num of flexible tasks: 8
Solving time: 0.000264761 seconds
plan limit 980
current timestep 212
num of flexible agents: 37
num of flexible tasks: 8
Solving time: 0.000282746 seconds
plan limit 980
current timestep 213
num of flexible agents: 38
num of flexible tasks: 9
Solving time: 0.000288576 seconds
plan limit 980
current timestep 214
num of flexible agents: 38
num of flexible tasks: 10
Solving time: 0.000253988 seconds
plan limit 980
current timestep 215
num of flexible agents: 37
num of flexible tasks: 7
Solving time: 0.000279286 seconds
plan limit 980
current timestep 216
num of flexible agents: 35
num of flexible tasks: 7
Solving time: 0.000261949 seconds
plan limit 980
current timestep 217
num of flexible agents: 38
num of flexible tasks: 8
Solving time: 0.000255924 seconds
plan limit 980
current timestep 218
num of flexible agents: 39
num of flexible tasks: 9
Solving time: 0.000287694 seconds
plan limit 980
current timestep 219
num of flexible agents: 36
num of flexible tasks: 7
Solving time: 0.00024281 seconds
plan limit 980
current timestep 220
num of flexible agents: 35
num of flexible tasks: 7
Solving time: 0.00030549 seconds
plan limit 980
current timestep 221
num of flexible agents: 35
num of flexible tasks: 7
Solving time: 0.000336887 seconds
plan limit 980
current timestep 222
num of flexible agents: 38
num of flexible tasks: 8
Solving time: 0.000280332 seconds
plan limit 980
current timestep 223
num of flexible agents: 41
num of flexible tasks: 10
Solving time: 0.000275534 seconds
plan limit 980
current timestep 224
num of flexible agents: 41
num of flexible tasks: 11
Solving time: 0.000271944 seconds
plan limit 980
current timestep 225
num of flexible agents: 39
num of flexible tasks: 10
Solving time: 0.000258053 seconds
plan limit 980
current timestep 226
num of flexible agents: 39
num of flexible tasks: 10
Solving time: 0.000300008 seconds
plan limit 980
current timestep 227
num of flexible agents: 38
num of flexible tasks: 9
Solving time: 0.000261642 seconds
plan limit 980
current timestep 228
num of flexible agents: 37
num of flexible tasks: 9
Solving time: 0.000305339 seconds
plan limit 980
current timestep 229
num of flexible agents: 37
num of flexible tasks: 9
Solving time: 0.000287813 seconds
plan limit 980
current timestep 230
num of flexible agents: 34
num of flexible tasks: 8
Solving time: 0.000267277 seconds
plan limit 980
current timestep 231
num of flexible agents: 32
num of flexible tasks: 5
Solving time: 0.000253416 seconds
plan limit 980
current timestep 232
num of flexible agents: 32
num of flexible tasks: 6
Solving time: 0.000279665 seconds
plan limit 980
current timestep 233
num of flexible agents: 34
num of flexible tasks: 7
Solving time: 0.000253899 seconds
plan limit 980
current timestep 234
num of flexible agents: 37
num of flexible tasks: 8
Solving time: 0.000283381 seconds
plan limit 980
current timestep 235
num of flexible agents: 40
num of flexible tasks: 10
Solving time: 0.000293147 seconds
plan limit 980
current timestep 236
num of flexible agents: 36
num of flexible tasks: 7
Solving time: 0.000262829 seconds
plan limit 980
current timestep 237
num of flexible agents: 36
num of flexible tasks: 7
Solving time: 0.000260941 seconds
plan limit 980
current timestep 238
num of flexible agents: 34
num of flexible tasks: 7
Solving time: 0.000267504 seconds
plan limit 980
current timestep 239
num of flexible agents: 37
num of flexible tasks: 8
Solving time: 0.00027037 seconds
plan limit 980
current timestep 240
num of flexible agents: 39
num of flexible tasks: 10
Solving time: 0.000303777 seconds
plan limit 980
current timestep 241
num of flexible agents: 36
num of flexible tasks: 8
Solving time: 0.000273862 seconds
plan limit 980
current timestep 242
num of flexible agents: 35
num of flexible tasks: 8
Solving time: 0.000233687 seconds
plan limit 980
current timestep 243
num of flexible agents: 36
num of flexible tasks: 8
Solving time: 0.000264494 seconds
plan limit 980
current timestep 244
num of flexible agents: 35
num of flexible tasks: 7
Solving time: 0.000283757 seconds
plan limit 980
current timestep 245
num of flexible agents: 36
num of flexible tasks: 8
Solving time: 0.000275202 seconds
plan limit 980
current timestep 246
num of flexible agents: 42
num of flexible tasks: 10
Solving time: 0.000268128 seconds
plan limit 980
current timestep 247
num of flexible agents: 42
num of flexible tasks: 9
Solving time: 0.00024427 seconds
plan limit 980
current timestep 248
num of flexible agents: 39
num of flexible tasks: 7
Solving time: 0.000282333 seconds
plan limit 980
current timestep 249
num of flexible agents: 37
num of flexible tasks: 6
Solving time: 0.000321499 seconds
plan limit 980
current timestep 250
num of flexible agents: 39
num of flexible tasks: 5
Solving time: 0.000269792 seconds
plan limit 980
current timestep 251
num of flexible agents: 38
num of flexible tasks: 4
Solving time: 0.000233279 seconds
plan limit 980
current timestep 252
num of flexible agents: 40
num of flexible tasks: 2
Solving time: 0.000234112 seconds
plan limit 980
current timestep 253
num of flexible agents: 41
num of flexible tasks: 2
Solving time: 0.000237374 seconds
plan limit 980
current timestep 254
num of flexible agents: 44
num of flexible tasks: 1
Solving time: 0.000215518 seconds
plan limit 980
current timestep 255
num of flexible agents: 45
num of flexible tasks: 1
Solving time: 0.000192006 seconds
plan limit 980
current timestep 256
num of flexible agents: 46
num of flexible tasks: 1
Solving time: 0.000224416 seconds
plan limit 980
current timestep 257
num of flexible agents: 48
num of flexible tasks: 0
Solving time: 0.000230782 seconds
plan limit 980
current timestep 258
num of flexible agents: 49
num of flexible tasks: 0
Solving time: 0.000212617 seconds
plan limit 980
current timestep 259
num of flexible agents: 50
num of flexible tasks: 0
Solving time: 0.000203327 seconds
plan limit 980
current timestep 260
num of flexible agents: 53
num of flexible tasks: 0
Solving time: 0.000207797 seconds
plan limit 980
current timestep 261
num of flexible agents: 54
num of flexible tasks: 0
Solving time: 0.000221331 seconds
plan limit 980
current timestep 262
num of flexible agents: 56
num of flexible tasks: 0
Solving time: 0.000235455 seconds
plan limit 980
current timestep 263
num of flexible agents: 59
num of flexible tasks: 0
Solving time: 0.000234208 seconds
plan limit 980
current timestep 264
num of flexible agents: 61
num of flexible tasks: 0
Solving time: 0.000212047 seconds
plan limit 980
current timestep 265
num of flexible agents: 64
num of flexible tasks: 0
Solving time: 0.000210608 seconds
plan limit 980
current timestep 266
num of flexible agents: 64
num of flexible tasks: 0
Solving time: 0.000224433 seconds
plan limit 980
current timestep 267
num of flexible agents: 65
num of flexible tasks: 0
Solving time: 0.000225233 seconds
plan limit 980
current timestep 268
num of flexible agents: 65
num of flexible tasks: 0
Solving time: 0.000228942 seconds
plan limit 980
current timestep 269
num of flexible agents: 67
num of flexible tasks: 0
Solving time: 0.000221072 seconds
plan limit 980
current timestep 270
num of flexible agents: 69
num of flexible tasks: 0
Solving time: 0.000231602 seconds
plan limit 980
current timestep 271
num of flexible agents: 70
num of flexible tasks: 0
Solving time: 0.00024522 seconds
plan limit 980
current timestep 272
num of flexible agents: 71
num of flexible tasks: 0
Solving time: 0.000207637 seconds
plan limit 980
current timestep 273
num of flexible agents: 71
num of flexible tasks: 0
Solving time: 0.000214654 seconds
plan limit 980
current timestep 274
num of flexible agents: 71
num of flexible tasks: 0
Solving time: 0.000212051 seconds
plan limit 980
current timestep 275
num of flexible agents: 72
num of flexible tasks: 0
Solving time: 0.000218607 seconds
plan limit 980
current timestep 276
num of flexible agents: 72
num of flexible tasks: 0
Solving time: 0.000220612 seconds
plan limit 980
current timestep 277
num of flexible agents: 72
num of flexible tasks: 0
Solving time: 0.000212982 seconds
plan limit 980
current timestep 278
num of flexible agents: 72
num of flexible tasks: 0
Solving time: 0.000209578 seconds
plan limit 980
current timestep 279
num of flexible agents: 72
num of flexible tasks: 0
Solving time: 0.000213427 seconds
plan limit 980
current timestep 280
num of flexible agents: 73
num of flexible tasks: 0
Solving time: 0.000209845 seconds
plan limit 980
current timestep 281
num of flexible agents: 74
num of flexible tasks: 0
Solving time: 0.000211598 seconds
plan limit 980
current timestep 282
num of flexible agents: 75
num of flexible tasks: 0
Solving time: 0.000218619 seconds
plan limit 980
current timestep 283
num of flexible agents: 76
num of flexible tasks: 0
Solving time: 0.000213086 seconds
plan limit 980
current timestep 284
num of flexible agents: 76
num of flexible tasks: 0
Solving time: 0.00025804 seconds
plan limit 980
current timestep 285
num of flexible agents: 76
num of flexible tasks: 0
Solving time: 0.000227239 seconds
plan limit 980
current timestep 286
num of flexible agents: 76
num of flexible tasks: 0
Solving time: 0.000212698 seconds
plan limit 980
current timestep 287
num of flexible agents: 77
num of flexible tasks: 0
Solving time: 0.000203842 seconds
plan limit 980
current timestep 288
num of flexible agents: 78
num of flexible tasks: 0
Solving time: 0.000217481 seconds
plan limit 980
current timestep 289
num of flexible agents: 79
num of flexible tasks: 0
Solving time: 0.000217441 seconds
plan limit 980
current timestep 290
num of flexible agents: 79
num of flexible tasks: 0
Solving time: 0.000256997 seconds
plan limit 980
current timestep 291
num of flexible agents: 79
num of flexible tasks: 0
Solving time: 0.000213189 seconds
plan limit 980
current timestep 292
num of flexible agents: 79
num of flexible tasks: 0
Solving time: 0.000244469 seconds
plan limit 980
current timestep 293
num of flexible agents: 79
num of flexible tasks: 0
Solving time: 0.000214791 seconds
plan limit 980
current timestep 294
num of flexible agents: 79
num of flexible tasks: 0
Solving time: 0.000235051 seconds
plan limit 980
current timestep 295
num of flexible agents: 79
num of flexible tasks: 0
Solving time: 0.000210575 seconds
plan limit 980
current timestep 296
num of flexible agents: 79
num of flexible tasks: 0
Solving time: 0.000241024 seconds
plan limit 980
current timestep 297
num of flexible agents: 79
num of flexible tasks: 0
Solving time: 0.000208052 seconds
plan limit 980
current timestep 298
num of flexible agents: 79
num of flexible tasks: 0
Solving time: 0.000249634 seconds
plan limit 980
current timestep 299
num of flexible agents: 79
num of flexible tasks: 0
Solving time: 0.000222916 seconds
plan limit 980
current timestep 300
num of flexible agents: 79
num of flexible tasks: 0
Solving time: 0.000233559 seconds
plan limit 980
All tasks finished at timestep 301
