current timestep 0
num of flexible agents: 80
num of flexible tasks: 2
Solving time: 0.000315863 seconds
plan limit 980
current timestep 1
num of flexible agents: 80
num of flexible tasks: 4
Solving time: 0.000284907 seconds
plan limit 980
current timestep 2
num of flexible agents: 80
num of flexible tasks: 6
Solving time: 0.000289068 seconds
plan limit 980
current timestep 3
num of flexible agents: 76
num of flexible tasks: 4
Solving time: 0.000217598 seconds
plan limit 980
current timestep 4
num of flexible agents: 75
num of flexible tasks: 5
Solving time: 0.000254512 seconds
plan limit 980
current timestep 5
num of flexible agents: 74
num of flexible tasks: 6
Solving time: 0.000267635 seconds
plan limit 980
current timestep 6
num of flexible agents: 72
num of flexible tasks: 6
Solving time: 0.000299611 seconds
plan limit 980
current timestep 7
num of flexible agents: 72
num of flexible tasks: 8
Solving time: 0.000262429 seconds
plan limit 980
current timestep 8
num of flexible agents: 70
num of flexible tasks: 8
Solving time: 0.000292084 seconds
plan limit 980
current timestep 9
num of flexible agents: 69
num of flexible tasks: 9
Solving time: 0.000315894 seconds
plan limit 980
current timestep 10
num of flexible agents: 68
num of flexible tasks: 10
Solving time: 0.000300788 seconds
plan limit 980
current timestep 11
num of flexible agents: 67
num of flexible tasks: 11
Solving time: 0.000322187 seconds
plan limit 980
current timestep 12
num of flexible agents: 67
num of flexible tasks: 13
Solving time: 0.000338408 seconds
plan limit 980
current timestep 13
num of flexible agents: 68
num of flexible tasks: 15
Solving time: 0.00034328 seconds
plan limit 980
current timestep 14
num of flexible agents: 64
num of flexible tasks: 13
Solving time: 0.000353591 seconds
plan limit 980
current timestep 15
num of flexible agents: 61
num of flexible tasks: 12
Solving time: 0.000303369 seconds
plan limit 980
current timestep 16
num of flexible agents: 58
num of flexible tasks: 10
Solving time: 0.000294457 seconds
plan limit 980
current timestep 17
num of flexible agents: 56
num of flexible tasks: 10
Solving time: 0.00027131 seconds
plan limit 980
current timestep 18
num of flexible agents: 55
num of flexible tasks: 10
Solving time: 0.000254587 seconds
plan limit 980
current timestep 19
num of flexible agents: 54
num of flexible tasks: 9
Solving time: 0.000262062 seconds
plan limit 980
current timestep 20
num of flexible agents: 54
num of flexible tasks: 10
Solving time: 0.000270459 seconds
plan limit 980
current timestep 21
num of flexible agents: 53
num of flexible tasks: 11
Solving time: 0.000291994 seconds
plan limit 980
current timestep 22
num of flexible agents: 52
num of flexible tasks: 11
Solving time: 0.00030513 seconds
plan limit 980
current timestep 23
num of flexible agents: 48
num of flexible tasks: 9
Solving time: 0.000306778 seconds
plan limit 980
current timestep 24
num of flexible agents: 49
num of flexible tasks: 9
Solving time: 0.000294168 seconds
plan limit 980
current timestep 25
num of flexible agents: 47
num of flexible tasks: 9
Solving time: 0.000283766 seconds
plan limit 980
current timestep 26
num of flexible agents: 47
num of flexible tasks: 11
Solving time: 0.000323456 seconds
plan limit 980
current timestep 27
num of flexible agents: 44
num of flexible tasks: 10
Solving time: 0.000317776 seconds
plan limit 980
current timestep 28
num of flexible agents: 43
num of flexible tasks: 10
Solving time: 0.00030744 seconds
plan limit 980
current timestep 29
num of flexible agents: 46
num of flexible tasks: 11
Solving time: 0.000290959 seconds
plan limit 980
current timestep 30
num of flexible agents: 45
num of flexible tasks: 10
Solving time: 0.000285782 seconds
plan limit 980
current timestep 31
num of flexible agents: 42
num of flexible tasks: 9
Solving time: 0.000314617 seconds
plan limit 980
current timestep 32
num of flexible agents: 41
num of flexible tasks: 9
Solving time: 0.000303585 seconds
plan limit 980
current timestep 33
num of flexible agents: 42
num of flexible tasks: 10
Solving time: 0.000306273 seconds
plan limit 980
current timestep 34
num of flexible agents: 39
num of flexible tasks: 9
Solving time: 0.000288907 seconds
plan limit 980
current timestep 35
num of flexible agents: 39
num of flexible tasks: 9
Solving time: 0.000273605 seconds
plan limit 980
current timestep 36
num of flexible agents: 38
num of flexible tasks: 9
Solving time: 0.000268507 seconds
plan limit 980
current timestep 37
num of flexible agents: 35
num of flexible tasks: 7
Solving time: 0.000290598 seconds
plan limit 980
current timestep 38
num of flexible agents: 37
num of flexible tasks: 8
Solving time: 0.000251079 seconds
plan limit 980
current timestep 39
num of flexible agents: 36
num of flexible tasks: 7
Solving time: 0.000233888 seconds
plan limit 980
current timestep 40
num of flexible agents: 37
num of flexible tasks: 8
Solving time: 0.000250427 seconds
plan limit 980
current timestep 41
num of flexible agents: 35
num of flexible tasks: 7
Solving time: 0.000310352 seconds
plan limit 980
current timestep 42
num of flexible agents: 35
num of flexible tasks: 8
Solving time: 0.000273372 seconds
plan limit 980
current timestep 43
num of flexible agents: 37
num of flexible tasks: 9
Solving time: 0.000283969 seconds
plan limit 980
current timestep 44
num of flexible agents: 35
num of flexible tasks: 9
Solving time: 0.000299271 seconds
plan limit 980
current timestep 45
num of flexible agents: 34
num of flexible tasks: 9
Solving time: 0.000308584 seconds
plan limit 980
current timestep 46
num of flexible agents: 33
num of flexible tasks: 9
Solving time: 0.000322995 seconds
plan limit 980
current timestep 47
num of flexible agents: 32
num of flexible tasks: 9
Solving time: 0.000325491 seconds
plan limit 980
current timestep 48
num of flexible agents: 35
num of flexible tasks: 10
Solving time: 0.00033352 seconds
plan limit 980
current timestep 49
num of flexible agents: 33
num of flexible tasks: 9
Solving time: 0.000345461 seconds
plan limit 980
current timestep 50
num of flexible agents: 37
num of flexible tasks: 11
Solving time: 0.000320308 seconds
plan limit 980
current timestep 51
num of flexible agents: 36
num of flexible tasks: 11
Solving time: 0.000350898 seconds
plan limit 980
current timestep 52
num of flexible agents: 37
num of flexible tasks: 12
Solving time: 0.000305642 seconds
plan limit 980
current timestep 53
num of flexible agents: 36
num of flexible tasks: 11
Solving time: 0.000316447 seconds
plan limit 980
current timestep 54
num of flexible agents: 36
num of flexible tasks: 12
Solving time: 0.000275538 seconds
plan limit 980
current timestep 55
num of flexible agents: 37
num of flexible tasks: 14
Solving time: 0.000302128 seconds
plan limit 980
current timestep 56
num of flexible agents: 36
num of flexible tasks: 14
Solving time: 0.000288643 seconds
plan limit 980
current timestep 57
num of flexible agents: 33
num of flexible tasks: 11
Solving time: 0.000254025 seconds
plan limit 980
current timestep 58
num of flexible agents: 34
num of flexible tasks: 12
Solving time: 0.000304774 seconds
plan limit 980
current timestep 59
num of flexible agents: 34
num of flexible tasks: 10
Solving time: 0.000290816 seconds
plan limit 980
current timestep 60
num of flexible agents: 31
num of flexible tasks: 8
Solving time: 0.000327377 seconds
plan limit 980
current timestep 61
num of flexible agents: 34
num of flexible tasks: 9
Solving time: 0.000254424 seconds
plan limit 980
current timestep 62
num of flexible agents: 35
num of flexible tasks: 9
Solving time: 0.000260761 seconds
plan limit 980
current timestep 63
num of flexible agents: 32
num of flexible tasks: 8
Solving time: 0.000271559 seconds
plan limit 980
current timestep 64
num of flexible agents: 34
num of flexible tasks: 9
Solving time: 0.000288034 seconds
plan limit 980
current timestep 65
num of flexible agents: 35
num of flexible tasks: 10
Solving time: 0.000259379 seconds
plan limit 980
current timestep 66
num of flexible agents: 36
num of flexible tasks: 11
Solving time: 0.000299655 seconds
plan limit 980
current timestep 67
num of flexible agents: 33
num of flexible tasks: 9
Solving time: 0.000269756 seconds
plan limit 980
current timestep 68
num of flexible agents: 32
num of flexible tasks: 7
Solving time: 0.00026772 seconds
plan limit 980
current timestep 69
num of flexible agents: 33
num of flexible tasks: 7
Solving time: 0.000265703 seconds
plan limit 980
current timestep 70
num of flexible agents: 33
num of flexible tasks: 8
Solving time: 0.000296513 seconds
plan limit 980
current timestep 71
num of flexible agents: 35
num of flexible tasks: 8
Solving time: 0.000237249 seconds
plan limit 980
current timestep 72
num of flexible agents: 37
num of flexible tasks: 9
Solving time: 0.000247939 seconds
plan limit 980
current timestep 73
num of flexible agents: 35
num of flexible tasks: 6
Solving time: 0.000271091 seconds
plan limit 980
current timestep 74
num of flexible agents: 36
num of flexible tasks: 7
Solving time: 0.00026022 seconds
plan limit 980
current timestep 75
num of flexible agents: 36
num of flexible tasks: 7
Solving time: 0.000260513 seconds
plan limit 980
current timestep 76
num of flexible agents: 38
num of flexible tasks: 8
Solving time: 0.000286689 seconds
plan limit 980
current timestep 77
num of flexible agents: 39
num of flexible tasks: 7
Solving time: 0.000263199 seconds
plan limit 980
current timestep 78
num of flexible agents: 39
num of flexible tasks: 8
Solving time: 0.000289504 seconds
plan limit 980
current timestep 79
num of flexible agents: 38
num of flexible tasks: 9
Solving time: 0.000288667 seconds
plan limit 980
current timestep 80
num of flexible agents: 38
num of flexible tasks: 10
Solving time: 0.000269615 seconds
plan limit 980
current timestep 81
num of flexible agents: 38
num of flexible tasks: 10
Solving time: 0.00025876 seconds
plan limit 980
current timestep 82
num of flexible agents: 39
num of flexible tasks: 11
Solving time: 0.000275051 seconds
plan limit 980
current timestep 83
num of flexible agents: 38
num of flexible tasks: 9
Solving time: 0.000266091 seconds
plan limit 980
current timestep 84
num of flexible agents: 39
num of flexible tasks: 9
Solving time: 0.00029473 seconds
plan limit 980
current timestep 85
num of flexible agents: 38
num of flexible tasks: 8
Solving time: 0.000278007 seconds
plan limit 980
current timestep 86
num of flexible agents: 38
num of flexible tasks: 9
Solving time: 0.000313643 seconds
plan limit 980
current timestep 87
num of flexible agents: 36
num of flexible tasks: 8
Solving time: 0.000323026 seconds
plan limit 980
current timestep 88
num of flexible agents: 39
num of flexible tasks: 9
Solving time: 0.000252052 seconds
plan limit 980
current timestep 89
num of flexible agents: 37
num of flexible tasks: 8
Solving time: 0.000246077 seconds
plan limit 980
current timestep 90
num of flexible agents: 36
num of flexible tasks: 8
Solving time: 0.000234896 seconds
plan limit 980
current timestep 91
num of flexible agents: 34
num of flexible tasks: 7
Solving time: 0.000222739 seconds
plan limit 980
current timestep 92
num of flexible agents: 34
num of flexible tasks: 6
Solving time: 0.000296007 seconds
plan limit 980
current timestep 93
num of flexible agents: 36
num of flexible tasks: 8
Solving time: 0.00023935 seconds
plan limit 980
current timestep 94
num of flexible agents: 37
num of flexible tasks: 9
Solving time: 0.000279096 seconds
plan limit 980
current timestep 95
num of flexible agents: 36
num of flexible tasks: 9
Solving time: 0.000262833 seconds
plan limit 980
current timestep 96
num of flexible agents: 36
num of flexible tasks: 10
Solving time: 0.000265452 seconds
plan limit 980
current timestep 97
num of flexible agents: 35
num of flexible tasks: 9
Solving time: 0.000278905 seconds
plan limit 980
current timestep 98
num of flexible agents: 36
num of flexible tasks: 10
Solving time: 0.000268462 seconds
plan limit 980
current timestep 99
num of flexible agents: 36
num of flexible tasks: 10
Solving time: 0.000239533 seconds
plan limit 980
current timestep 100
num of flexible agents: 39
num of flexible tasks: 9
Solving time: 0.000221785 seconds
plan limit 980
current timestep 101
num of flexible agents: 37
num of flexible tasks: 8
Solving time: 0.000230072 seconds
plan limit 980
current timestep 102
num of flexible agents: 36
num of flexible tasks: 8
Solving time: 0.000230759 seconds
plan limit 980
current timestep 103
num of flexible agents: 33
num of flexible tasks: 6
Solving time: 0.000245812 seconds
plan limit 980
current timestep 104
num of flexible agents: 30
num of flexible tasks: 5
Solving time: 0.000264349 seconds
plan limit 980
current timestep 105
num of flexible agents: 30
num of flexible tasks: 6
Solving time: 0.000249308 seconds
plan limit 980
current timestep 106
num of flexible agents: 32
num of flexible tasks: 7
Solving time: 0.000279415 seconds
plan limit 980
current timestep 107
num of flexible agents: 33
num of flexible tasks: 5
Solving time: 0.000269911 seconds
plan limit 980
current timestep 108
num of flexible agents: 35
num of flexible tasks: 7
Solving time: 0.000240956 seconds
plan limit 980
current timestep 109
num of flexible agents: 37
num of flexible tasks: 9
Solving time: 0.000281342 seconds
plan limit 980
current timestep 110
num of flexible agents: 36
num of flexible tasks: 7
Solving time: 0.000249717 seconds
plan limit 980
current timestep 111
num of flexible agents: 40
num of flexible tasks: 8
Solving time: 0.000270622 seconds
plan limit 980
current timestep 112
num of flexible agents: 41
num of flexible tasks: 10
Solving time: 0.000265152 seconds
plan limit 980
current timestep 113
num of flexible agents: 41
num of flexible tasks: 10
Solving time: 0.000262138 seconds
plan limit 980
current timestep 114
num of flexible agents: 42
num of flexible tasks: 10
Solving time: 0.000260844 seconds
plan limit 980
current timestep 115
num of flexible agents: 39
num of flexible tasks: 8
Solving time: 0.000323106 seconds
plan limit 980
current timestep 116
num of flexible agents: 39
num of flexible tasks: 9
Solving time: 0.000268977 seconds
plan limit 980
current timestep 117
num of flexible agents: 40
num of flexible tasks: 10
Solving time: 0.000282508 seconds
plan limit 980
current timestep 118
num of flexible agents: 40
num of flexible tasks: 8
Solving time: 0.000266882 seconds
plan limit 980
current timestep 119
num of flexible agents: 40
num of flexible tasks: 8
Solving time: 0.000257348 seconds
plan limit 980
current timestep 120
num of flexible agents: 41
num of flexible tasks: 9
Solving time: 0.000262719 seconds
plan limit 980
current timestep 121
num of flexible agents: 41
num of flexible tasks: 8
Solving time: 0.000310593 seconds
plan limit 980
current timestep 122
num of flexible agents: 40
num of flexible tasks: 7
Solving time: 0.000269281 seconds
plan limit 980
current timestep 123
num of flexible agents: 41
num of flexible tasks: 9
Solving time: 0.00028134 seconds
plan limit 980
current timestep 124
num of flexible agents: 40
num of flexible tasks: 9
Solving time: 0.000338738 seconds
plan limit 980
current timestep 125
num of flexible agents: 43
num of flexible tasks: 11
Solving time: 0.000281014 seconds
plan limit 980
current timestep 126
num of flexible agents: 41
num of flexible tasks: 10
Solving time: 0.000323802 seconds
plan limit 980
current timestep 127
num of flexible agents: 41
num of flexible tasks: 11
Solving time: 0.000266568 seconds
plan limit 980
current timestep 128
num of flexible agents: 44
num of flexible tasks: 12
Solving time: 0.000359986 seconds
plan limit 980
current timestep 129
num of flexible agents: 45
num of flexible tasks: 13
Solving time: 0.000290611 seconds
plan limit 980
current timestep 130
num of flexible agents: 44
num of flexible tasks: 12
Solving time: 0.000282382 seconds
plan limit 980
current timestep 131
num of flexible agents: 43
num of flexible tasks: 12
Solving time: 0.000325345 seconds
plan limit 980
current timestep 132
num of flexible agents: 41
num of flexible tasks: 12
Solving time: 0.000296608 seconds
plan limit 980
current timestep 133
num of flexible agents: 39
num of flexible tasks: 11
Solving time: 0.000302973 seconds
plan limit 980
current timestep 134
num of flexible agents: 36
num of flexible tasks: 8
Solving time: 0.000290914 seconds
plan limit 980
current timestep 135
num of flexible agents: 36
num of flexible tasks: 7
Solving time: 0.000273829 seconds
plan limit 980
current timestep 136
num of flexible agents: 37
num of flexible tasks: 8
Solving time: 0.000300356 seconds
plan limit 980
current timestep 137
num of flexible agents: 36
num of flexible tasks: 8
Solving time: 0.000273748 seconds
plan limit 980
current timestep 138
num of flexible agents: 36
num of flexible tasks: 9
Solving time: 0.000265662 seconds
plan limit 980
current timestep 139
num of flexible agents: 38
num of flexible tasks: 10
Solving time: 0.000297971 seconds
plan limit 980
current timestep 140
num of flexible agents: 39
num of flexible tasks: 11
Solving time: 0.00025609 seconds
plan limit 980
current timestep 141
num of flexible agents: 42
num of flexible tasks: 12
Solving time: 0.000272033 seconds
plan limit 980
current timestep 142
num of flexible agents: 41
num of flexible tasks: 11
Solving time: 0.000299099 seconds
plan limit 980
current timestep 143
num of flexible agents: 39
num of flexible tasks: 8
Solving time: 0.000261492 seconds
plan limit 980
current timestep 144
num of flexible agents: 38
num of flexible tasks: 6
Solving time: 0.000239023 seconds
plan limit 980
current timestep 145
num of flexible agents: 43
num of flexible tasks: 7
Solving time: 0.000253715 seconds
plan limit 980
current timestep 146
num of flexible agents: 42
num of flexible tasks: 6
Solving time: 0.000240451 seconds
plan limit 980
current timestep 147
num of flexible agents: 40
num of flexible tasks: 5
Solving time: 0.000266477 seconds
plan limit 980
current timestep 148
num of flexible agents: 37
num of flexible tasks: 3
Solving time: 0.000254073 seconds
plan limit 980
current timestep 149
num of flexible agents: 37
num of flexible tasks: 4
Solving time: 0.000257067 seconds
plan limit 980
current timestep 150
num of flexible agents: 38
num of flexible tasks: 6
Solving time: 0.000274225 seconds
plan limit 980
current timestep 151
num of flexible agents: 40
num of flexible tasks: 8
Solving time: 0.000255794 seconds
plan limit 980
current timestep 152
num of flexible agents: 39
num of flexible tasks: 8
Solving time: 0.000293225 seconds
plan limit 980
current timestep 153
num of flexible agents: 39
num of flexible tasks: 8
Solving time: 0.000276579 seconds
plan limit 980
current timestep 154
num of flexible agents: 39
num of flexible tasks: 8
Solving time: 0.000256247 seconds
plan limit 980
current timestep 155
num of flexible agents: 39
num of flexible tasks: 8
Solving time: 0.000273268 seconds
plan limit 980
current timestep 156
num of flexible agents: 38
num of flexible tasks: 9
Solving time: 0.000365138 seconds
plan limit 980
current timestep 157
num of flexible agents: 36
num of flexible tasks: 7
Solving time: 0.000274234 seconds
plan limit 980
current timestep 158
num of flexible agents: 36
num of flexible tasks: 8
Solving time: 0.000293966 seconds
plan limit 980
current timestep 159
num of flexible agents: 36
num of flexible tasks: 8
Solving time: 0.000274631 seconds
plan limit 980
current timestep 160
num of flexible agents: 37
num of flexible tasks: 9
Solving time: 0.000270106 seconds
plan limit 980
current timestep 161
num of flexible agents: 35
num of flexible tasks: 7
Solving time: 0.000264082 seconds
plan limit 980
current timestep 162
num of flexible agents: 34
num of flexible tasks: 7
Solving time: 0.000243927 seconds
plan limit 980
current timestep 163
num of flexible agents: 35
num of flexible tasks: 8
Solving time: 0.000254215 seconds
plan limit 980
current timestep 164
num of flexible agents: 35
num of flexible tasks: 7
Solving time: 0.000279859 seconds
plan limit 980
current timestep 165
num of flexible agents: 36
num of flexible tasks: 7
Solving time: 0.000271405 seconds
plan limit 980
current timestep 166
num of flexible agents: 38
num of flexible tasks: 7
Solving time: 0.000264828 seconds
plan limit 980
current timestep 167
num of flexible agents: 38
num of flexible tasks: 7
Solving time: 0.000250342 seconds
plan limit 980
current timestep 168
num of flexible agents: 40
num of flexible tasks: 8
Solving time: 0.000252805 seconds
plan limit 980
current timestep 169
num of flexible agents: 41
num of flexible tasks: 8
Solving time: 0.000244883 seconds
plan limit 980
current timestep 170
num of flexible agents: 38
num of flexible tasks: 6
Solving time: 0.000296344 seconds
plan limit 980
current timestep 171
num of flexible agents: 39
num of flexible tasks: 8
Solving time: 0.000246974 seconds
plan limit 980
current timestep 172
num of flexible agents: 40
num of flexible tasks: 8
Solving time: 0.000241535 seconds
plan limit 980
current timestep 173
num of flexible agents: 44
num of flexible tasks: 8
Solving time: 0.000283295 seconds
plan limit 980
current timestep 174
num of flexible agents: 42
num of flexible tasks: 7
Solving time: 0.000249256 seconds
plan limit 980
current timestep 175
num of flexible agents: 44
num of flexible tasks: 7
Solving time: 0.000262053 seconds
plan limit 980
current timestep 176
num of flexible agents: 44
num of flexible tasks: 7
Solving time: 0.000263952 seconds
plan limit 980
current timestep 177
num of flexible agents: 44
num of flexible tasks: 8
Solving time: 0.00025607 seconds
plan limit 980
current timestep 178
num of flexible agents: 43
num of flexible tasks: 9
Solving time: 0.000279617 seconds
plan limit 980
current timestep 179
num of flexible agents: 41
num of flexible tasks: 8
Solving time: 0.000297868 seconds
plan limit 980
current timestep 180
num of flexible agents: 39
num of flexible tasks: 7
Solving time: 0.000277642 seconds
plan limit 980
current timestep 181
num of flexible agents: 39
num of flexible tasks: 8
Solving time: 0.000259911 seconds
plan limit 980
current timestep 182
num of flexible agents: 40
num of flexible tasks: 10
Solving time: 0.000256505 seconds
plan limit 980
current timestep 183
num of flexible agents: 41
num of flexible tasks: 9
Solving time: 0.000279699 seconds
plan limit 980
current timestep 184
num of flexible agents: 39
num of flexible tasks: 8
Solving time: 0.000290746 seconds
plan limit 980
current timestep 185
num of flexible agents: 41
num of flexible tasks: 7
Solving time: 0.000295887 seconds
plan limit 980
current timestep 186
num of flexible agents: 43
num of flexible tasks: 8
Solving time: 0.000271292 seconds
plan limit 980
current timestep 187
num of flexible agents: 41
num of flexible tasks: 8
Solving time: 0.000262368 seconds
plan limit 980
current timestep 188
num of flexible agents: 44
num of flexible tasks: 9
Solving time: 0.000252585 seconds
plan limit 980
current timestep 189
num of flexible agents: 46
num of flexible tasks: 10
Solving time: 0.000260205 seconds
plan limit 980
current timestep 190
num of flexible agents: 44
num of flexible tasks: 9
Solving time: 0.000267217 seconds
plan limit 980
current timestep 191
num of flexible agents: 44
num of flexible tasks: 9
Solving time: 0.000260871 seconds
plan limit 980
current timestep 192
num of flexible agents: 43
num of flexible tasks: 7
Solving time: 0.000246315 seconds
plan limit 980
current timestep 193
num of flexible agents: 43
num of flexible tasks: 8
Solving time: 0.000249509 seconds
plan limit 980
current timestep 194
num of flexible agents: 43
num of flexible tasks: 10
Solving time: 0.000308404 seconds
plan limit 980
current timestep 195
num of flexible agents: 42
num of flexible tasks: 8
Solving time: 0.000272629 seconds
plan limit 980
current timestep 196
num of flexible agents: 40
num of flexible tasks: 7
Solving time: 0.000254323 seconds
plan limit 980
current timestep 197
num of flexible agents: 38
num of flexible tasks: 7
Solving time: 0.000274245 seconds
plan limit 980
current timestep 198
num of flexible agents: 38
num of flexible tasks: 8
Solving time: 0.000272033 seconds
plan limit 980
current timestep 199
num of flexible agents: 36
num of flexible tasks: 7
Solving time: 0.00028964 seconds
plan limit 980
current timestep 200
num of flexible agents: 37
num of flexible tasks: 8
Solving time: 0.000254344 seconds
plan limit 980
current timestep 201
num of flexible agents: 36
num of flexible tasks: 7
Solving time: 0.000274997 seconds
plan limit 980
current timestep 202
num of flexible agents: 37
num of flexible tasks: 8
Solving time: 0.00030185 seconds
plan limit 980
current timestep 203
num of flexible agents: 39
num of flexible tasks: 9
Solving time: 0.000277452 seconds
plan limit 980
current timestep 204
num of flexible agents: 37
num of flexible tasks: 8
Solving time: 0.000247995 seconds
plan limit 980
current timestep 205
num of flexible agents: 36
num of flexible tasks: 8
Solving time: 0.000278316 seconds
plan limit 980
current timestep 206
num of flexible agents: 35
num of flexible tasks: 8
Solving time: 0.000256926 seconds
plan limit 980
current timestep 207
num of flexible agents: 33
num of flexible tasks: 8
Solving time: 0.000251476 seconds
plan limit 980
current timestep 208
num of flexible agents: 33
num of flexible tasks: 10
Solving time: 0.000273134 seconds
plan limit 980
current timestep 209
num of flexible agents: 35
num of flexible tasks: 11
Solving time: 0.000299929 seconds
plan limit 980
current timestep 210
num of flexible agents: 36
num of flexible tasks: 13
Solving time: 0.000309115 seconds
plan limit 980
current timestep 211
num of flexible agents: 37
num of flexible tasks: 14
Solving time: 0.000341754 seconds
plan limit 980
current timestep 212
num of flexible agents: 40
num of flexible tasks: 14
Solving time: 0.000267111 seconds
plan limit 980
current timestep 213
num of flexible agents: 37
num of flexible tasks: 12
Solving time: 0.000314682 seconds
plan limit 980
current timestep 214
num of flexible agents: 39
num of flexible tasks: 14
Solving time: 0.000300107 seconds
plan limit 980
current timestep 215
num of flexible agents: 39
num of flexible tasks: 15
Solving time: 0.000346361 seconds
plan limit 980
current timestep 216
num of flexible agents: 39
num of flexible tasks: 16
Solving time: 0.000315712 seconds
plan limit 980
current timestep 217
num of flexible agents: 37
num of flexible tasks: 16
Solving time: 0.000318831 seconds
plan limit 980
current timestep 218
num of flexible agents: 39
num of flexible tasks: 17
Solving time: 0.000338379 seconds
plan limit 980
current timestep 219
num of flexible agents: 38
num of flexible tasks: 15
Solving time: 0.000280504 seconds
plan limit 980
current timestep 220
num of flexible agents: 37
num of flexible tasks: 13
Solving time: 0.000366748 seconds
plan limit 980
current timestep 221
num of flexible agents: 39
num of flexible tasks: 15
Solving time: 0.000284167 seconds
plan limit 980
current timestep 222
num of flexible agents: 38
num of flexible tasks: 15
Solving time: 0.000274668 seconds
plan limit 980
current timestep 223
num of flexible agents: 38
num of flexible tasks: 16
Solving time: 0.000326624 seconds
plan limit 980
current timestep 224
num of flexible agents: 38
num of flexible tasks: 15
Solving time: 0.000306452 seconds
plan limit 980
current timestep 225
num of flexible agents: 37
num of flexible tasks: 15
Solving time: 0.000320676 seconds
plan limit 980
current timestep 226
num of flexible agents: 34
num of flexible tasks: 13
Solving time: 0.000320657 seconds
plan limit 980
current timestep 227
num of flexible agents: 33
num of flexible tasks: 13
Solving time: 0.00030673 seconds
plan limit 980
current timestep 228
num of flexible agents: 30
num of flexible tasks: 12
Solving time: 0.000349093 seconds
plan limit 980
current timestep 229
num of flexible agents: 29
num of flexible tasks: 11
Solving time: 0.000338251 seconds
plan limit 980
current timestep 230
num of flexible agents: 33
num of flexible tasks: 12
Solving time: 0.000299528 seconds
plan limit 980
current timestep 231
num of flexible agents: 32
num of flexible tasks: 11
Solving time: 0.000305449 seconds
plan limit 980
current timestep 232
num of flexible agents: 35
num of flexible tasks: 13
Solving time: 0.000286889 seconds
plan limit 980
current timestep 233
num of flexible agents: 32
num of flexible tasks: 11
Solving time: 0.000289905 seconds
plan limit 980
current timestep 234
num of flexible agents: 32
num of flexible tasks: 12
Solving time: 0.000294478 seconds
plan limit 980
current timestep 235
num of flexible agents: 32
num of flexible tasks: 11
Solving time: 0.000272395 seconds
plan limit 980
current timestep 236
num of flexible agents: 36
num of flexible tasks: 11
Solving time: 0.000281605 seconds
plan limit 980
current timestep 237
num of flexible agents: 36
num of flexible tasks: 10
Solving time: 0.000295385 seconds
plan limit 980
current timestep 238
num of flexible agents: 38
num of flexible tasks: 11
Solving time: 0.000245527 seconds
plan limit 980
current timestep 239
num of flexible agents: 34
num of flexible tasks: 8
Solving time: 0.000278869 seconds
plan limit 980
current timestep 240
num of flexible agents: 35
num of flexible tasks: 7
Solving time: 0.000268563 seconds
plan limit 980
current timestep 241
num of flexible agents: 35
num of flexible tasks: 8
Solving time: 0.000232134 seconds
plan limit 980
current timestep 242
num of flexible agents: 34
num of flexible tasks: 9
Solving time: 0.000274582 seconds
plan limit 980
current timestep 243
num of flexible agents: 33
num of flexible tasks: 9
Solving time: 0.000247853 seconds
plan limit 980
current timestep 244
num of flexible agents: 34
num of flexible tasks: 9
Solving time: 0.000259966 seconds
plan limit 980
current timestep 245
num of flexible agents: 33
num of flexible tasks: 8
Solving time: 0.000249668 seconds
plan limit 980
current timestep 246
num of flexible agents: 33
num of flexible tasks: 7
Solving time: 0.000244685 seconds
plan limit 980
current timestep 247
num of flexible agents: 32
num of flexible tasks: 7
Solving time: 0.000267146 seconds
plan limit 980
current timestep 248
num of flexible agents: 32
num of flexible tasks: 8
Solving time: 0.000257701 seconds
plan limit 980
current timestep 249
num of flexible agents: 31
num of flexible tasks: 8
Solving time: 0.000278325 seconds
plan limit 980
current timestep 250
num of flexible agents: 34
num of flexible tasks: 8
Solving time: 0.000264123 seconds
plan limit 980
current timestep 251
num of flexible agents: 33
num of flexible tasks: 5
Solving time: 0.000224021 seconds
plan limit 980
current timestep 252
num of flexible agents: 32
num of flexible tasks: 2
Solving time: 0.000223833 seconds
plan limit 980
current timestep 253
num of flexible agents: 34
num of flexible tasks: 1
Solving time: 0.000248672 seconds
plan limit 980
current timestep 254
num of flexible agents: 35
num of flexible tasks: 1
Solving time: 0.000237157 seconds
plan limit 980
current timestep 255
num of flexible agents: 38
num of flexible tasks: 1
Solving time: 0.000239934 seconds
plan limit 980
current timestep 256
num of flexible agents: 39
num of flexible tasks: 1
Solving time: 0.00024764 seconds
plan limit 980
current timestep 257
num of flexible agents: 41
num of flexible tasks: 1
Solving time: 0.000243541 seconds
plan limit 980
current timestep 258
num of flexible agents: 43
num of flexible tasks: 0
Solving time: 0.000217725 seconds
plan limit 980
current timestep 259
num of flexible agents: 45
num of flexible tasks: 0
Solving time: 0.000213327 seconds
plan limit 980
current timestep 260
num of flexible agents: 49
num of flexible tasks: 0
Solving time: 0.000203868 seconds
plan limit 980
current timestep 261
num of flexible agents: 52
num of flexible tasks: 0
Solving time: 0.000244562 seconds
plan limit 980
current timestep 262
num of flexible agents: 54
num of flexible tasks: 0
Solving time: 0.000214907 seconds
plan limit 980
current timestep 263
num of flexible agents: 54
num of flexible tasks: 0
Solving time: 0.0002193 seconds
plan limit 980
current timestep 264
num of flexible agents: 55
num of flexible tasks: 0
Solving time: 0.000204857 seconds
plan limit 980
current timestep 265
num of flexible agents: 56
num of flexible tasks: 0
Solving time: 0.00018486 seconds
plan limit 980
current timestep 266
num of flexible agents: 57
num of flexible tasks: 0
Solving time: 0.000239111 seconds
plan limit 980
current timestep 267
num of flexible agents: 57
num of flexible tasks: 0
Solving time: 0.000217839 seconds
plan limit 980
current timestep 268
num of flexible agents: 59
num of flexible tasks: 0
Solving time: 0.000227601 seconds
plan limit 980
current timestep 269
num of flexible agents: 62
num of flexible tasks: 0
Solving time: 0.000222291 seconds
plan limit 980
current timestep 270
num of flexible agents: 62
num of flexible tasks: 0
Solving time: 0.000228796 seconds
plan limit 980
current timestep 271
num of flexible agents: 62
num of flexible tasks: 0
Solving time: 0.000208324 seconds
plan limit 980
current timestep 272
num of flexible agents: 63
num of flexible tasks: 0
Solving time: 0.000231893 seconds
plan limit 980
current timestep 273
num of flexible agents: 64
num of flexible tasks: 0
Solving time: 0.000240288 seconds
plan limit 980
current timestep 274
num of flexible agents: 66
num of flexible tasks: 0
Solving time: 0.000236438 seconds
plan limit 980
current timestep 275
num of flexible agents: 66
num of flexible tasks: 0
Solving time: 0.000229228 seconds
plan limit 980
current timestep 276
num of flexible agents: 67
num of flexible tasks: 0
Solving time: 0.000248088 seconds
plan limit 980
current timestep 277
num of flexible agents: 69
num of flexible tasks: 0
Solving time: 0.000213564 seconds
plan limit 980
current timestep 278
num of flexible agents: 71
num of flexible tasks: 0
Solving time: 0.000211843 seconds
plan limit 980
current timestep 279
num of flexible agents: 74
num of flexible tasks: 0
Solving time: 0.000221239 seconds
plan limit 980
current timestep 280
num of flexible agents: 75
num of flexible tasks: 0
Solving time: 0.000229225 seconds
plan limit 980
current timestep 281
num of flexible agents: 77
num of flexible tasks: 0
Solving time: 0.000221385 seconds
plan limit 980
current timestep 282
num of flexible agents: 79
num of flexible tasks: 0
Solving time: 0.000207182 seconds
plan limit 980
current timestep 283
num of flexible agents: 79
num of flexible tasks: 0
Solving time: 0.000211013 seconds
plan limit 980
current timestep 284
num of flexible agents: 79
num of flexible tasks: 0
Solving time: 0.000232344 seconds
plan limit 980
current timestep 285
num of flexible agents: 79
num of flexible tasks: 0
Solving time: 0.000209546 seconds
plan limit 980
current timestep 286
num of flexible agents: 79
num of flexible tasks: 0
Solving time: 0.000206043 seconds
plan limit 980
current timestep 287
num of flexible agents: 79
num of flexible tasks: 0
Solving time: 0.00020817 seconds
plan limit 980
current timestep 288
num of flexible agents: 79
num of flexible tasks: 0
Solving time: 0.000220765 seconds
plan limit 980
current timestep 289
num of flexible agents: 79
num of flexible tasks: 0
Solving time: 0.00021855 seconds
plan limit 980
current timestep 290
num of flexible agents: 79
num of flexible tasks: 0
Solving time: 0.000208272 seconds
plan limit 980
All tasks finished at timestep 291
