current timestep 0
num of flexible agents: 80
num of flexible tasks: 2
Solving time: 0.000301684 seconds
plan limit 980
current timestep 1
num of flexible agents: 79
num of flexible tasks: 3
Solving time: 0.000267375 seconds
plan limit 980
current timestep 2
num of flexible agents: 79
num of flexible tasks: 5
Solving time: 0.000268298 seconds
plan limit 980
current timestep 3
num of flexible agents: 79
num of flexible tasks: 7
Solving time: 0.00026706 seconds
plan limit 980
current timestep 4
num of flexible agents: 78
num of flexible tasks: 8
Solving time: 0.000240952 seconds
plan limit 980
current timestep 5
num of flexible agents: 76
num of flexible tasks: 8
Solving time: 0.000243956 seconds
plan limit 980
current timestep 6
num of flexible agents: 72
num of flexible tasks: 6
Solving time: 0.000267895 seconds
plan limit 980
current timestep 7
num of flexible agents: 68
num of flexible tasks: 4
Solving time: 0.000310761 seconds
plan limit 980
current timestep 8
num of flexible agents: 68
num of flexible tasks: 6
Solving time: 0.000306364 seconds
plan limit 980
current timestep 9
num of flexible agents: 68
num of flexible tasks: 8
Solving time: 0.000311269 seconds
plan limit 980
current timestep 10
num of flexible agents: 68
num of flexible tasks: 10
Solving time: 0.000292774 seconds
plan limit 980
current timestep 11
num of flexible agents: 67
num of flexible tasks: 10
Solving time: 0.00032794 seconds
plan limit 980
current timestep 12
num of flexible agents: 66
num of flexible tasks: 11
Solving time: 0.000368661 seconds
plan limit 980
current timestep 13
num of flexible agents: 66
num of flexible tasks: 12
Solving time: 0.000378765 seconds
plan limit 980
current timestep 14
num of flexible agents: 66
num of flexible tasks: 14
Solving time: 0.000315838 seconds
plan limit 980
current timestep 15
num of flexible agents: 66
num of flexible tasks: 16
Solving time: 0.000320583 seconds
plan limit 980
current timestep 16
num of flexible agents: 66
num of flexible tasks: 18
Solving time: 0.000377593 seconds
plan limit 980
current timestep 17
num of flexible agents: 65
num of flexible tasks: 18
Solving time: 0.000329645 seconds
plan limit 980
current timestep 18
num of flexible agents: 63
num of flexible tasks: 17
Solving time: 0.000329916 seconds
plan limit 980
current timestep 19
num of flexible agents: 59
num of flexible tasks: 15
Solving time: 0.000361815 seconds
plan limit 980
current timestep 20
num of flexible agents: 59
num of flexible tasks: 16
Solving time: 0.000353625 seconds
plan limit 980
current timestep 21
num of flexible agents: 57
num of flexible tasks: 16
Solving time: 0.000358169 seconds
plan limit 980
current timestep 22
num of flexible agents: 53
num of flexible tasks: 14
Solving time: 0.000337849 seconds
plan limit 980
current timestep 23
num of flexible agents: 51
num of flexible tasks: 12
Solving time: 0.000298173 seconds
plan limit 980
current timestep 24
num of flexible agents: 52
num of flexible tasks: 14
Solving time: 0.000372308 seconds
plan limit 980
current timestep 25
num of flexible agents: 53
num of flexible tasks: 15
Solving time: 0.00031244 seconds
plan limit 980
current timestep 26
num of flexible agents: 50
num of flexible tasks: 13
Solving time: 0.000359968 seconds
plan limit 980
current timestep 27
num of flexible agents: 48
num of flexible tasks: 13
Solving time: 0.0003214 seconds
plan limit 980
current timestep 28
num of flexible agents: 47
num of flexible tasks: 13
Solving time: 0.000307965 seconds
plan limit 980
current timestep 29
num of flexible agents: 44
num of flexible tasks: 12
Solving time: 0.000334723 seconds
plan limit 980
current timestep 30
num of flexible agents: 46
num of flexible tasks: 13
Solving time: 0.000275831 seconds
plan limit 980
current timestep 31
num of flexible agents: 43
num of flexible tasks: 12
Solving time: 0.000347498 seconds
plan limit 980
current timestep 32
num of flexible agents: 43
num of flexible tasks: 13
Solving time: 0.000303147 seconds
plan limit 980
current timestep 33
num of flexible agents: 43
num of flexible tasks: 12
Solving time: 0.000299411 seconds
plan limit 980
current timestep 34
num of flexible agents: 41
num of flexible tasks: 12
Solving time: 0.00031509 seconds
plan limit 980
current timestep 35
num of flexible agents: 40
num of flexible tasks: 11
Solving time: 0.000306553 seconds
plan limit 980
current timestep 36
num of flexible agents: 38
num of flexible tasks: 10
Solving time: 0.00027956 seconds
plan limit 980
current timestep 37
num of flexible agents: 37
num of flexible tasks: 10
Solving time: 0.000310372 seconds
plan limit 980
current timestep 38
num of flexible agents: 38
num of flexible tasks: 10
Solving time: 0.000290134 seconds
plan limit 980
current timestep 39
num of flexible agents: 38
num of flexible tasks: 11
Solving time: 0.000315135 seconds
plan limit 980
current timestep 40
num of flexible agents: 38
num of flexible tasks: 11
Solving time: 0.000298612 seconds
plan limit 980
current timestep 41
num of flexible agents: 36
num of flexible tasks: 10
Solving time: 0.000280526 seconds
plan limit 980
current timestep 42
num of flexible agents: 35
num of flexible tasks: 11
Solving time: 0.00026278 seconds
plan limit 980
current timestep 43
num of flexible agents: 36
num of flexible tasks: 11
Solving time: 0.000333176 seconds
plan limit 980
current timestep 44
num of flexible agents: 37
num of flexible tasks: 12
Solving time: 0.00031254 seconds
plan limit 980
current timestep 45
num of flexible agents: 38
num of flexible tasks: 12
Solving time: 0.000253575 seconds
plan limit 980
current timestep 46
num of flexible agents: 38
num of flexible tasks: 13
Solving time: 0.0003295 seconds
plan limit 980
current timestep 47
num of flexible agents: 39
num of flexible tasks: 14
Solving time: 0.000292192 seconds
plan limit 980
current timestep 48
num of flexible agents: 36
num of flexible tasks: 13
Solving time: 0.000311964 seconds
plan limit 980
current timestep 49
num of flexible agents: 33
num of flexible tasks: 9
Solving time: 0.000293795 seconds
plan limit 980
current timestep 50
num of flexible agents: 35
num of flexible tasks: 10
Solving time: 0.000296683 seconds
plan limit 980
current timestep 51
num of flexible agents: 35
num of flexible tasks: 9
Solving time: 0.000309147 seconds
plan limit 980
current timestep 52
num of flexible agents: 34
num of flexible tasks: 10
Solving time: 0.000346737 seconds
plan limit 980
current timestep 53
num of flexible agents: 37
num of flexible tasks: 10
Solving time: 0.00031623 seconds
plan limit 980
current timestep 54
num of flexible agents: 37
num of flexible tasks: 11
Solving time: 0.000298628 seconds
plan limit 980
current timestep 55
num of flexible agents: 39
num of flexible tasks: 12
Solving time: 0.000276052 seconds
plan limit 980
current timestep 56
num of flexible agents: 38
num of flexible tasks: 9
Solving time: 0.000262627 seconds
plan limit 980
current timestep 57
num of flexible agents: 38
num of flexible tasks: 9
Solving time: 0.000266888 seconds
plan limit 980
current timestep 58
num of flexible agents: 37
num of flexible tasks: 9
Solving time: 0.000252165 seconds
plan limit 980
current timestep 59
num of flexible agents: 33
num of flexible tasks: 5
Solving time: 0.000259288 seconds
plan limit 980
current timestep 60
num of flexible agents: 36
num of flexible tasks: 6
Solving time: 0.000271225 seconds
plan limit 980
current timestep 61
num of flexible agents: 35
num of flexible tasks: 7
Solving time: 0.000273726 seconds
plan limit 980
current timestep 62
num of flexible agents: 35
num of flexible tasks: 8
Solving time: 0.000284637 seconds
plan limit 980
current timestep 63
num of flexible agents: 34
num of flexible tasks: 7
Solving time: 0.00025238 seconds
plan limit 980
current timestep 64
num of flexible agents: 37
num of flexible tasks: 9
Solving time: 0.000276759 seconds
plan limit 980
current timestep 65
num of flexible agents: 37
num of flexible tasks: 9
Solving time: 0.000257643 seconds
plan limit 980
current timestep 66
num of flexible agents: 37
num of flexible tasks: 7
Solving time: 0.000264071 seconds
plan limit 980
current timestep 67
num of flexible agents: 36
num of flexible tasks: 8
Solving time: 0.000360584 seconds
plan limit 980
current timestep 68
num of flexible agents: 36
num of flexible tasks: 8
Solving time: 0.000296972 seconds
plan limit 980
current timestep 69
num of flexible agents: 40
num of flexible tasks: 10
Solving time: 0.00025301 seconds
plan limit 980
current timestep 70
num of flexible agents: 38
num of flexible tasks: 9
Solving time: 0.000261045 seconds
plan limit 980
current timestep 71
num of flexible agents: 40
num of flexible tasks: 9
Solving time: 0.000216348 seconds
plan limit 980
current timestep 72
num of flexible agents: 39
num of flexible tasks: 8
Solving time: 0.000240015 seconds
plan limit 980
current timestep 73
num of flexible agents: 40
num of flexible tasks: 7
Solving time: 0.000241914 seconds
plan limit 980
current timestep 74
num of flexible agents: 40
num of flexible tasks: 8
Solving time: 0.000259053 seconds
plan limit 980
current timestep 75
num of flexible agents: 40
num of flexible tasks: 7
Solving time: 0.000255127 seconds
plan limit 980
current timestep 76
num of flexible agents: 39
num of flexible tasks: 6
Solving time: 0.000256424 seconds
plan limit 980
current timestep 77
num of flexible agents: 37
num of flexible tasks: 5
Solving time: 0.000277862 seconds
plan limit 980
current timestep 78
num of flexible agents: 35
num of flexible tasks: 5
Solving time: 0.000245089 seconds
plan limit 980
current timestep 79
num of flexible agents: 34
num of flexible tasks: 5
Solving time: 0.000274282 seconds
plan limit 980
current timestep 80
num of flexible agents: 39
num of flexible tasks: 6
Solving time: 0.000259042 seconds
plan limit 980
current timestep 81
num of flexible agents: 41
num of flexible tasks: 7
Solving time: 0.00025166 seconds
plan limit 980
current timestep 82
num of flexible agents: 39
num of flexible tasks: 6
Solving time: 0.000262844 seconds
plan limit 980
current timestep 83
num of flexible agents: 39
num of flexible tasks: 7
Solving time: 0.000265095 seconds
plan limit 980
current timestep 84
num of flexible agents: 39
num of flexible tasks: 7
Solving time: 0.000261046 seconds
plan limit 980
current timestep 85
num of flexible agents: 39
num of flexible tasks: 8
Solving time: 0.000304244 seconds
plan limit 980
current timestep 86
num of flexible agents: 38
num of flexible tasks: 6
Solving time: 0.00024945 seconds
plan limit 980
current timestep 87
num of flexible agents: 36
num of flexible tasks: 4
Solving time: 0.00027793 seconds
plan limit 980
current timestep 88
num of flexible agents: 40
num of flexible tasks: 6
Solving time: 0.000231261 seconds
plan limit 980
current timestep 89
num of flexible agents: 39
num of flexible tasks: 6
Solving time: 0.000255227 seconds
plan limit 980
current timestep 90
num of flexible agents: 37
num of flexible tasks: 6
Solving time: 0.000242524 seconds
plan limit 980
current timestep 91
num of flexible agents: 37
num of flexible tasks: 7
Solving time: 0.000227847 seconds
plan limit 980
current timestep 92
num of flexible agents: 42
num of flexible tasks: 9
Solving time: 0.000247547 seconds
plan limit 980
current timestep 93
num of flexible agents: 42
num of flexible tasks: 8
Solving time: 0.000281763 seconds
plan limit 980
current timestep 94
num of flexible agents: 40
num of flexible tasks: 8
Solving time: 0.00029614 seconds
plan limit 980
current timestep 95
num of flexible agents: 42
num of flexible tasks: 8
Solving time: 0.000240606 seconds
plan limit 980
current timestep 96
num of flexible agents: 44
num of flexible tasks: 8
Solving time: 0.000243554 seconds
plan limit 980
current timestep 97
num of flexible agents: 43
num of flexible tasks: 7
Solving time: 0.00023899 seconds
plan limit 980
current timestep 98
num of flexible agents: 44
num of flexible tasks: 8
Solving time: 0.000235729 seconds
plan limit 980
current timestep 99
num of flexible agents: 41
num of flexible tasks: 6
Solving time: 0.000277769 seconds
plan limit 980
current timestep 100
num of flexible agents: 41
num of flexible tasks: 6
Solving time: 0.000233174 seconds
plan limit 980
current timestep 101
num of flexible agents: 45
num of flexible tasks: 6
Solving time: 0.000242265 seconds
plan limit 980
current timestep 102
num of flexible agents: 45
num of flexible tasks: 7
Solving time: 0.000262814 seconds
plan limit 980
current timestep 103
num of flexible agents: 46
num of flexible tasks: 7
Solving time: 0.000262438 seconds
plan limit 980
current timestep 104
num of flexible agents: 47
num of flexible tasks: 9
Solving time: 0.000251037 seconds
plan limit 980
current timestep 105
num of flexible agents: 47
num of flexible tasks: 8
Solving time: 0.000245108 seconds
plan limit 980
current timestep 106
num of flexible agents: 45
num of flexible tasks: 8
Solving time: 0.000245274 seconds
plan limit 980
current timestep 107
num of flexible agents: 43
num of flexible tasks: 8
Solving time: 0.000249929 seconds
plan limit 980
current timestep 108
num of flexible agents: 44
num of flexible tasks: 9
Solving time: 0.000271258 seconds
plan limit 980
current timestep 109
num of flexible agents: 46
num of flexible tasks: 11
Solving time: 0.000275549 seconds
plan limit 980
current timestep 110
num of flexible agents: 48
num of flexible tasks: 12
Solving time: 0.000279236 seconds
plan limit 980
current timestep 111
num of flexible agents: 44
num of flexible tasks: 10
Solving time: 0.000240198 seconds
plan limit 980
current timestep 112
num of flexible agents: 44
num of flexible tasks: 8
Solving time: 0.00027216 seconds
plan limit 980
current timestep 113
num of flexible agents: 44
num of flexible tasks: 9
Solving time: 0.000255321 seconds
plan limit 980
current timestep 114
num of flexible agents: 41
num of flexible tasks: 7
Solving time: 0.000273269 seconds
plan limit 980
current timestep 115
num of flexible agents: 41
num of flexible tasks: 8
Solving time: 0.000276311 seconds
plan limit 980
current timestep 116
num of flexible agents: 40
num of flexible tasks: 9
Solving time: 0.000264328 seconds
plan limit 980
current timestep 117
num of flexible agents: 39
num of flexible tasks: 9
Solving time: 0.000269075 seconds
plan limit 980
current timestep 118
num of flexible agents: 37
num of flexible tasks: 9
Solving time: 0.000268642 seconds
plan limit 980
current timestep 119
num of flexible agents: 36
num of flexible tasks: 9
Solving time: 0.000262657 seconds
plan limit 980
current timestep 120
num of flexible agents: 36
num of flexible tasks: 8
Solving time: 0.000247666 seconds
plan limit 980
current timestep 121
num of flexible agents: 37
num of flexible tasks: 7
Solving time: 0.000220252 seconds
plan limit 980
current timestep 122
num of flexible agents: 37
num of flexible tasks: 7
Solving time: 0.000245098 seconds
plan limit 980
current timestep 123
num of flexible agents: 39
num of flexible tasks: 8
Solving time: 0.000224111 seconds
plan limit 980
current timestep 124
num of flexible agents: 37
num of flexible tasks: 6
Solving time: 0.000253543 seconds
plan limit 980
current timestep 125
num of flexible agents: 37
num of flexible tasks: 7
Solving time: 0.000229081 seconds
plan limit 980
current timestep 126
num of flexible agents: 36
num of flexible tasks: 7
Solving time: 0.000247694 seconds
plan limit 980
current timestep 127
num of flexible agents: 36
num of flexible tasks: 7
Solving time: 0.000244074 seconds
plan limit 980
current timestep 128
num of flexible agents: 37
num of flexible tasks: 8
Solving time: 0.000274216 seconds
plan limit 980
current timestep 129
num of flexible agents: 42
num of flexible tasks: 10
Solving time: 0.000269329 seconds
plan limit 980
current timestep 130
num of flexible agents: 42
num of flexible tasks: 10
Solving time: 0.00031468 seconds
plan limit 980
current timestep 131
num of flexible agents: 43
num of flexible tasks: 10
Solving time: 0.000320569 seconds
plan limit 980
current timestep 132
num of flexible agents: 40
num of flexible tasks: 8
Solving time: 0.000257981 seconds
plan limit 980
current timestep 133
num of flexible agents: 39
num of flexible tasks: 9
Solving time: 0.000270093 seconds
plan limit 980
current timestep 134
num of flexible agents: 36
num of flexible tasks: 7
Solving time: 0.0002724 seconds
plan limit 980
current timestep 135
num of flexible agents: 34
num of flexible tasks: 7
Solving time: 0.000274411 seconds
plan limit 980
current timestep 136
num of flexible agents: 34
num of flexible tasks: 8
Solving time: 0.000302359 seconds
plan limit 980
current timestep 137
num of flexible agents: 36
num of flexible tasks: 10
Solving time: 0.000300624 seconds
plan limit 980
current timestep 138
num of flexible agents: 37
num of flexible tasks: 11
Solving time: 0.000314711 seconds
plan limit 980
current timestep 139
num of flexible agents: 37
num of flexible tasks: 12
Solving time: 0.000282444 seconds
plan limit 980
current timestep 140
num of flexible agents: 38
num of flexible tasks: 13
Solving time: 0.000280105 seconds
plan limit 980
current timestep 141
num of flexible agents: 35
num of flexible tasks: 12
Solving time: 0.000294571 seconds
plan limit 980
current timestep 142
num of flexible agents: 34
num of flexible tasks: 11
Solving time: 0.000271238 seconds
plan limit 980
current timestep 143
num of flexible agents: 35
num of flexible tasks: 11
Solving time: 0.000279323 seconds
plan limit 980
current timestep 144
num of flexible agents: 37
num of flexible tasks: 12
Solving time: 0.000298233 seconds
plan limit 980
current timestep 145
num of flexible agents: 36
num of flexible tasks: 12
Solving time: 0.000302753 seconds
plan limit 980
current timestep 146
num of flexible agents: 35
num of flexible tasks: 10
Solving time: 0.000295593 seconds
plan limit 980
current timestep 147
num of flexible agents: 37
num of flexible tasks: 11
Solving time: 0.000284624 seconds
plan limit 980
current timestep 148
num of flexible agents: 36
num of flexible tasks: 11
Solving time: 0.0002953 seconds
plan limit 980
current timestep 149
num of flexible agents: 35
num of flexible tasks: 11
Solving time: 0.000323513 seconds
plan limit 980
current timestep 150
num of flexible agents: 37
num of flexible tasks: 12
Solving time: 0.000277719 seconds
plan limit 980
current timestep 151
num of flexible agents: 37
num of flexible tasks: 11
Solving time: 0.000294943 seconds
plan limit 980
current timestep 152
num of flexible agents: 36
num of flexible tasks: 9
Solving time: 0.000256776 seconds
plan limit 980
current timestep 153
num of flexible agents: 36
num of flexible tasks: 11
Solving time: 0.000272869 seconds
plan limit 980
current timestep 154
num of flexible agents: 36
num of flexible tasks: 11
Solving time: 0.000271374 seconds
plan limit 980
current timestep 155
num of flexible agents: 34
num of flexible tasks: 9
Solving time: 0.000282162 seconds
plan limit 980
current timestep 156
num of flexible agents: 35
num of flexible tasks: 11
Solving time: 0.000269472 seconds
plan limit 980
current timestep 157
num of flexible agents: 35
num of flexible tasks: 10
Solving time: 0.000285047 seconds
plan limit 980
current timestep 158
num of flexible agents: 37
num of flexible tasks: 10
Solving time: 0.000278099 seconds
plan limit 980
current timestep 159
num of flexible agents: 40
num of flexible tasks: 12
Solving time: 0.000301865 seconds
plan limit 980
current timestep 160
num of flexible agents: 37
num of flexible tasks: 10
Solving time: 0.000258628 seconds
plan limit 980
current timestep 161
num of flexible agents: 38
num of flexible tasks: 10
Solving time: 0.000273917 seconds
plan limit 980
current timestep 162
num of flexible agents: 39
num of flexible tasks: 10
Solving time: 0.000268693 seconds
plan limit 980
current timestep 163
num of flexible agents: 39
num of flexible tasks: 9
Solving time: 0.00029493 seconds
plan limit 980
current timestep 164
num of flexible agents: 36
num of flexible tasks: 8
Solving time: 0.000259539 seconds
plan limit 980
current timestep 165
num of flexible agents: 36
num of flexible tasks: 8
Solving time: 0.000269325 seconds
plan limit 980
current timestep 166
num of flexible agents: 34
num of flexible tasks: 7
Solving time: 0.000242163 seconds
plan limit 980
current timestep 167
num of flexible agents: 34
num of flexible tasks: 7
Solving time: 0.000242692 seconds
plan limit 980
current timestep 168
num of flexible agents: 30
num of flexible tasks: 5
Solving time: 0.000222945 seconds
plan limit 980
current timestep 169
num of flexible agents: 30
num of flexible tasks: 5
Solving time: 0.000240117 seconds
plan limit 980
current timestep 170
num of flexible agents: 32
num of flexible tasks: 6
Solving time: 0.000262731 seconds
plan limit 980
current timestep 171
num of flexible agents: 32
num of flexible tasks: 6
Solving time: 0.000280851 seconds
plan limit 980
current timestep 172
num of flexible agents: 31
num of flexible tasks: 6
Solving time: 0.0003038 seconds
plan limit 980
current timestep 173
num of flexible agents: 34
num of flexible tasks: 8
Solving time: 0.000240347 seconds
plan limit 980
current timestep 174
num of flexible agents: 37
num of flexible tasks: 9
Solving time: 0.000249298 seconds
plan limit 980
current timestep 175
num of flexible agents: 39
num of flexible tasks: 11
Solving time: 0.000266006 seconds
plan limit 980
current timestep 176
num of flexible agents: 36
num of flexible tasks: 9
Solving time: 0.000266955 seconds
plan limit 980
current timestep 177
num of flexible agents: 35
num of flexible tasks: 9
Solving time: 0.000276699 seconds
plan limit 980
current timestep 178
num of flexible agents: 33
num of flexible tasks: 9
Solving time: 0.000265011 seconds
plan limit 980
current timestep 179
num of flexible agents: 34
num of flexible tasks: 10
Solving time: 0.00029353 seconds
plan limit 980
current timestep 180
num of flexible agents: 35
num of flexible tasks: 12
Solving time: 0.000267586 seconds
plan limit 980
current timestep 181
num of flexible agents: 35
num of flexible tasks: 12
Solving time: 0.000305726 seconds
plan limit 980
current timestep 182
num of flexible agents: 35
num of flexible tasks: 11
Solving time: 0.000287938 seconds
plan limit 980
current timestep 183
num of flexible agents: 37
num of flexible tasks: 11
Solving time: 0.000293095 seconds
plan limit 980
current timestep 184
num of flexible agents: 38
num of flexible tasks: 11
Solving time: 0.000273209 seconds
plan limit 980
current timestep 185
num of flexible agents: 38
num of flexible tasks: 11
Solving time: 0.000314344 seconds
plan limit 980
current timestep 186
num of flexible agents: 38
num of flexible tasks: 10
Solving time: 0.000275471 seconds
plan limit 980
current timestep 187
num of flexible agents: 40
num of flexible tasks: 11
Solving time: 0.000271459 seconds
plan limit 980
current timestep 188
num of flexible agents: 40
num of flexible tasks: 10
Solving time: 0.000250105 seconds
plan limit 980
current timestep 189
num of flexible agents: 42
num of flexible tasks: 10
Solving time: 0.000259886 seconds
plan limit 980
current timestep 190
num of flexible agents: 40
num of flexible tasks: 9
Solving time: 0.000245168 seconds
plan limit 980
current timestep 191
num of flexible agents: 42
num of flexible tasks: 9
Solving time: 0.000242329 seconds
plan limit 980
current timestep 192
num of flexible agents: 39
num of flexible tasks: 8
Solving time: 0.000229161 seconds
plan limit 980
current timestep 193
num of flexible agents: 43
num of flexible tasks: 9
Solving time: 0.000287115 seconds
plan limit 980
current timestep 194
num of flexible agents: 42
num of flexible tasks: 9
Solving time: 0.000258405 seconds
plan limit 980
current timestep 195
num of flexible agents: 40
num of flexible tasks: 8
Solving time: 0.000240706 seconds
plan limit 980
current timestep 196
num of flexible agents: 36
num of flexible tasks: 5
Solving time: 0.000266646 seconds
plan limit 980
current timestep 197
num of flexible agents: 36
num of flexible tasks: 6
Solving time: 0.000223823 seconds
plan limit 980
current timestep 198
num of flexible agents: 34
num of flexible tasks: 6
Solving time: 0.000233928 seconds
plan limit 980
current timestep 199
num of flexible agents: 35
num of flexible tasks: 7
Solving time: 0.000263334 seconds
plan limit 980
current timestep 200
num of flexible agents: 35
num of flexible tasks: 8
Solving time: 0.000256602 seconds
plan limit 980
current timestep 201
num of flexible agents: 32
num of flexible tasks: 6
Solving time: 0.000272961 seconds
plan limit 980
current timestep 202
num of flexible agents: 33
num of flexible tasks: 6
Solving time: 0.00025794 seconds
plan limit 980
current timestep 203
num of flexible agents: 33
num of flexible tasks: 6
Solving time: 0.000235294 seconds
plan limit 980
current timestep 204
num of flexible agents: 35
num of flexible tasks: 8
Solving time: 0.000293505 seconds
plan limit 980
current timestep 205
num of flexible agents: 36
num of flexible tasks: 8
Solving time: 0.000242423 seconds
plan limit 980
current timestep 206
num of flexible agents: 36
num of flexible tasks: 6
Solving time: 0.000255149 seconds
plan limit 980
current timestep 207
num of flexible agents: 35
num of flexible tasks: 6
Solving time: 0.00025197 seconds
plan limit 980
current timestep 208
num of flexible agents: 35
num of flexible tasks: 7
Solving time: 0.000273556 seconds
plan limit 980
current timestep 209
num of flexible agents: 36
num of flexible tasks: 8
Solving time: 0.000272148 seconds
plan limit 980
current timestep 210
num of flexible agents: 38
num of flexible tasks: 10
Solving time: 0.000260371 seconds
plan limit 980
current timestep 211
num of flexible agents: 39
num of flexible tasks: 11
Solving time: 0.000295179 seconds
plan limit 980
current timestep 212
num of flexible agents: 37
num of flexible tasks: 9
Solving time: 0.000279453 seconds
plan limit 980
current timestep 213
num of flexible agents: 43
num of flexible tasks: 10
Solving time: 0.000268484 seconds
plan limit 980
current timestep 214
num of flexible agents: 42
num of flexible tasks: 10
Solving time: 0.000281525 seconds
plan limit 980
current timestep 215
num of flexible agents: 39
num of flexible tasks: 8
Solving time: 0.000246773 seconds
plan limit 980
current timestep 216
num of flexible agents: 37
num of flexible tasks: 7
Solving time: 0.000245315 seconds
plan limit 980
current timestep 217
num of flexible agents: 37
num of flexible tasks: 7
Solving time: 0.000276899 seconds
plan limit 980
current timestep 218
num of flexible agents: 37
num of flexible tasks: 7
Solving time: 0.000259926 seconds
plan limit 980
current timestep 219
num of flexible agents: 37
num of flexible tasks: 7
Solving time: 0.000272248 seconds
plan limit 980
current timestep 220
num of flexible agents: 39
num of flexible tasks: 7
Solving time: 0.00027477 seconds
plan limit 980
current timestep 221
num of flexible agents: 40
num of flexible tasks: 8
Solving time: 0.000239573 seconds
plan limit 980
current timestep 222
num of flexible agents: 36
num of flexible tasks: 6
Solving time: 0.000260682 seconds
plan limit 980
current timestep 223
num of flexible agents: 35
num of flexible tasks: 7
Solving time: 0.000241879 seconds
plan limit 980
current timestep 224
num of flexible agents: 33
num of flexible tasks: 7
Solving time: 0.000228074 seconds
plan limit 980
current timestep 225
num of flexible agents: 33
num of flexible tasks: 7
Solving time: 0.000243414 seconds
plan limit 980
current timestep 226
num of flexible agents: 32
num of flexible tasks: 5
Solving time: 0.000266898 seconds
plan limit 980
current timestep 227
num of flexible agents: 35
num of flexible tasks: 7
Solving time: 0.000276373 seconds
plan limit 980
current timestep 228
num of flexible agents: 36
num of flexible tasks: 7
Solving time: 0.000270576 seconds
plan limit 980
current timestep 229
num of flexible agents: 41
num of flexible tasks: 8
Solving time: 0.000297982 seconds
plan limit 980
current timestep 230
num of flexible agents: 41
num of flexible tasks: 9
Solving time: 0.00025954 seconds
plan limit 980
current timestep 231
num of flexible agents: 41
num of flexible tasks: 10
Solving time: 0.000299012 seconds
plan limit 980
current timestep 232
num of flexible agents: 43
num of flexible tasks: 11
Solving time: 0.000263715 seconds
plan limit 980
current timestep 233
num of flexible agents: 41
num of flexible tasks: 10
Solving time: 0.000272006 seconds
plan limit 980
current timestep 234
num of flexible agents: 41
num of flexible tasks: 10
Solving time: 0.000271352 seconds
plan limit 980
current timestep 235
num of flexible agents: 39
num of flexible tasks: 10
Solving time: 0.000305041 seconds
plan limit 980
current timestep 236
num of flexible agents: 39
num of flexible tasks: 10
Solving time: 0.000280174 seconds
plan limit 980
current timestep 237
num of flexible agents: 37
num of flexible tasks: 10
Solving time: 0.000303273 seconds
plan limit 980
current timestep 238
num of flexible agents: 37
num of flexible tasks: 10
Solving time: 0.000289151 seconds
plan limit 980
current timestep 239
num of flexible agents: 35
num of flexible tasks: 9
Solving time: 0.000283516 seconds
plan limit 980
current timestep 240
num of flexible agents: 36
num of flexible tasks: 10
Solving time: 0.000295433 seconds
plan limit 980
current timestep 241
num of flexible agents: 36
num of flexible tasks: 11
Solving time: 0.000301551 seconds
plan limit 980
current timestep 242
num of flexible agents: 36
num of flexible tasks: 12
Solving time: 0.000273085 seconds
plan limit 980
current timestep 243
num of flexible agents: 33
num of flexible tasks: 11
Solving time: 0.000295282 seconds
plan limit 980
current timestep 244
num of flexible agents: 34
num of flexible tasks: 12
Solving time: 0.000338429 seconds
plan limit 980
current timestep 245
num of flexible agents: 32
num of flexible tasks: 11
Solving time: 0.000336616 seconds
plan limit 980
current timestep 246
num of flexible agents: 31
num of flexible tasks: 11
Solving time: 0.000314727 seconds
plan limit 980
current timestep 247
num of flexible agents: 30
num of flexible tasks: 10
Solving time: 0.000287067 seconds
plan limit 980
current timestep 248
num of flexible agents: 32
num of flexible tasks: 12
Solving time: 0.000262684 seconds
plan limit 980
current timestep 249
num of flexible agents: 36
num of flexible tasks: 12
Solving time: 0.000302401 seconds
plan limit 980
current timestep 250
num of flexible agents: 35
num of flexible tasks: 8
Solving time: 0.000278009 seconds
plan limit 980
current timestep 251
num of flexible agents: 34
num of flexible tasks: 6
Solving time: 0.000238371 seconds
plan limit 980
current timestep 252
num of flexible agents: 35
num of flexible tasks: 3
Solving time: 0.000242453 seconds
plan limit 980
current timestep 253
num of flexible agents: 39
num of flexible tasks: 3
Solving time: 0.000220434 seconds
plan limit 980
current timestep 254
num of flexible agents: 37
num of flexible tasks: 0
Solving time: 0.000229408 seconds
plan limit 980
current timestep 255
num of flexible agents: 38
num of flexible tasks: 0
Solving time: 0.000207232 seconds
plan limit 980
current timestep 256
num of flexible agents: 39
num of flexible tasks: 0
Solving time: 0.000224578 seconds
plan limit 980
current timestep 257
num of flexible agents: 41
num of flexible tasks: 0
Solving time: 0.000238382 seconds
plan limit 980
current timestep 258
num of flexible agents: 44
num of flexible tasks: 0
Solving time: 0.000227688 seconds
plan limit 980
current timestep 259
num of flexible agents: 47
num of flexible tasks: 0
Solving time: 0.000208997 seconds
plan limit 980
current timestep 260
num of flexible agents: 49
num of flexible tasks: 0
Solving time: 0.000204604 seconds
plan limit 980
current timestep 261
num of flexible agents: 52
num of flexible tasks: 0
Solving time: 0.000207651 seconds
plan limit 980
current timestep 262
num of flexible agents: 54
num of flexible tasks: 0
Solving time: 0.000214874 seconds
plan limit 980
current timestep 263
num of flexible agents: 55
num of flexible tasks: 0
Solving time: 0.000234437 seconds
plan limit 980
current timestep 264
num of flexible agents: 58
num of flexible tasks: 0
Solving time: 0.000208621 seconds
plan limit 980
current timestep 265
num of flexible agents: 61
num of flexible tasks: 0
Solving time: 0.000228693 seconds
plan limit 980
current timestep 266
num of flexible agents: 61
num of flexible tasks: 0
Solving time: 0.000214956 seconds
plan limit 980
current timestep 267
num of flexible agents: 62
num of flexible tasks: 0
Solving time: 0.000225884 seconds
plan limit 980
current timestep 268
num of flexible agents: 62
num of flexible tasks: 0
Solving time: 0.000210818 seconds
plan limit 980
current timestep 269
num of flexible agents: 63
num of flexible tasks: 0
Solving time: 0.000209486 seconds
plan limit 980
current timestep 270
num of flexible agents: 67
num of flexible tasks: 0
Solving time: 0.000207601 seconds
plan limit 980
current timestep 271
num of flexible agents: 70
num of flexible tasks: 0
Solving time: 0.000214041 seconds
plan limit 980
current timestep 272
num of flexible agents: 72
num of flexible tasks: 0
Solving time: 0.000224984 seconds
plan limit 980
current timestep 273
num of flexible agents: 73
num of flexible tasks: 0
Solving time: 0.000221277 seconds
plan limit 980
current timestep 274
num of flexible agents: 73
num of flexible tasks: 0
Solving time: 0.000210284 seconds
plan limit 980
current timestep 275
num of flexible agents: 75
num of flexible tasks: 0
Solving time: 0.000205872 seconds
plan limit 980
current timestep 276
num of flexible agents: 75
num of flexible tasks: 0
Solving time: 0.000204834 seconds
plan limit 980
current timestep 277
num of flexible agents: 77
num of flexible tasks: 0
Solving time: 0.000241759 seconds
plan limit 980
current timestep 278
num of flexible agents: 77
num of flexible tasks: 0
Solving time: 0.000209925 seconds
plan limit 980
current timestep 279
num of flexible agents: 77
num of flexible tasks: 0
Solving time: 0.000222588 seconds
plan limit 980
current timestep 280
num of flexible agents: 77
num of flexible tasks: 0
Solving time: 0.000208678 seconds
plan limit 980
current timestep 281
num of flexible agents: 77
num of flexible tasks: 0
Solving time: 0.00025357 seconds
plan limit 980
current timestep 282
num of flexible agents: 77
num of flexible tasks: 0
Solving time: 0.000212807 seconds
plan limit 980
current timestep 283
num of flexible agents: 77
num of flexible tasks: 0
Solving time: 0.000218326 seconds
plan limit 980
current timestep 284
num of flexible agents: 78
num of flexible tasks: 0
Solving time: 0.000230593 seconds
plan limit 980
current timestep 285
num of flexible agents: 78
num of flexible tasks: 0
Solving time: 0.000210293 seconds
plan limit 980
current timestep 286
num of flexible agents: 79
num of flexible tasks: 0
Solving time: 0.00022904 seconds
plan limit 980
current timestep 287
num of flexible agents: 79
num of flexible tasks: 0
Solving time: 0.000208684 seconds
plan limit 980
current timestep 288
num of flexible agents: 79
num of flexible tasks: 0
Solving time: 0.000209371 seconds
plan limit 980
current timestep 289
num of flexible agents: 79
num of flexible tasks: 0
Solving time: 0.000228047 seconds
plan limit 980
current timestep 290
num of flexible agents: 79
num of flexible tasks: 0
Solving time: 0.000211093 seconds
plan limit 980
current timestep 291
num of flexible agents: 79
num of flexible tasks: 0
Solving time: 0.000219429 seconds
plan limit 980
current timestep 292
num of flexible agents: 79
num of flexible tasks: 0
Solving time: 0.000214664 seconds
plan limit 980
current timestep 293
num of flexible agents: 79
num of flexible tasks: 0
Solving time: 0.000213116 seconds
plan limit 980
All tasks finished at timestep 294
