current timestep 0
num of flexible agents: 80
num of flexible tasks: 2
Solving time: 0.000289244 seconds
plan limit 980
current timestep 1
num of flexible agents: 80
num of flexible tasks: 4
Solving time: 0.000339005 seconds
plan limit 980
current timestep 2
num of flexible agents: 79
num of flexible tasks: 5
Solving time: 0.000265333 seconds
plan limit 980
current timestep 3
num of flexible agents: 79
num of flexible tasks: 7
Solving time: 0.000289749 seconds
plan limit 980
current timestep 4
num of flexible agents: 79
num of flexible tasks: 9
Solving time: 0.000286451 seconds
plan limit 980
current timestep 5
num of flexible agents: 79
num of flexible tasks: 11
Solving time: 0.000275401 seconds
plan limit 980
current timestep 6
num of flexible agents: 77
num of flexible tasks: 11
Solving time: 0.000313755 seconds
plan limit 980
current timestep 7
num of flexible agents: 72
num of flexible tasks: 8
Solving time: 0.000272318 seconds
plan limit 980
current timestep 8
num of flexible agents: 70
num of flexible tasks: 8
Solving time: 0.000270062 seconds
plan limit 980
current timestep 9
num of flexible agents: 68
num of flexible tasks: 8
Solving time: 0.00027986 seconds
plan limit 980
current timestep 10
num of flexible agents: 67
num of flexible tasks: 9
Solving time: 0.000325253 seconds
plan limit 980
current timestep 11
num of flexible agents: 65
num of flexible tasks: 9
Solving time: 0.000290716 seconds
plan limit 980
current timestep 12
num of flexible agents: 63
num of flexible tasks: 9
Solving time: 0.000293202 seconds
plan limit 980
current timestep 13
num of flexible agents: 61
num of flexible tasks: 9
Solving time: 0.00032897 seconds
plan limit 980
current timestep 14
num of flexible agents: 60
num of flexible tasks: 9
Solving time: 0.000336342 seconds
plan limit 980
current timestep 15
num of flexible agents: 59
num of flexible tasks: 10
Solving time: 0.000345938 seconds
plan limit 980
current timestep 16
num of flexible agents: 58
num of flexible tasks: 11
Solving time: 0.000318373 seconds
plan limit 980
current timestep 17
num of flexible agents: 57
num of flexible tasks: 12
Solving time: 0.000313226 seconds
plan limit 980
current timestep 18
num of flexible agents: 55
num of flexible tasks: 12
Solving time: 0.000325586 seconds
plan limit 980
current timestep 19
num of flexible agents: 57
num of flexible tasks: 12
Solving time: 0.000292318 seconds
plan limit 980
current timestep 20
num of flexible agents: 58
num of flexible tasks: 14
Solving time: 0.000336867 seconds
plan limit 980
current timestep 21
num of flexible agents: 56
num of flexible tasks: 14
Solving time: 0.000338233 seconds
plan limit 980
current timestep 22
num of flexible agents: 54
num of flexible tasks: 12
Solving time: 0.000299298 seconds
plan limit 980
current timestep 23
num of flexible agents: 55
num of flexible tasks: 13
Solving time: 0.000302807 seconds
plan limit 980
current timestep 24
num of flexible agents: 53
num of flexible tasks: 12
Solving time: 0.000371774 seconds
plan limit 980
current timestep 25
num of flexible agents: 50
num of flexible tasks: 10
Solving time: 0.000300861 seconds
plan limit 980
current timestep 26
num of flexible agents: 49
num of flexible tasks: 11
Solving time: 0.000324134 seconds
plan limit 980
current timestep 27
num of flexible agents: 49
num of flexible tasks: 11
Solving time: 0.000316373 seconds
plan limit 980
current timestep 28
num of flexible agents: 52
num of flexible tasks: 13
Solving time: 0.000319583 seconds
plan limit 980
current timestep 29
num of flexible agents: 51
num of flexible tasks: 12
Solving time: 0.000298457 seconds
plan limit 980
current timestep 30
num of flexible agents: 49
num of flexible tasks: 11
Solving time: 0.000286139 seconds
plan limit 980
current timestep 31
num of flexible agents: 48
num of flexible tasks: 11
Solving time: 0.000282145 seconds
plan limit 980
current timestep 32
num of flexible agents: 47
num of flexible tasks: 11
Solving time: 0.000290001 seconds
plan limit 980
current timestep 33
num of flexible agents: 46
num of flexible tasks: 11
Solving time: 0.000279403 seconds
plan limit 980
current timestep 34
num of flexible agents: 43
num of flexible tasks: 9
Solving time: 0.000291249 seconds
plan limit 980
current timestep 35
num of flexible agents: 43
num of flexible tasks: 9
Solving time: 0.000318838 seconds
plan limit 980
current timestep 36
num of flexible agents: 43
num of flexible tasks: 8
Solving time: 0.000315203 seconds
plan limit 980
current timestep 37
num of flexible agents: 41
num of flexible tasks: 8
Solving time: 0.000313048 seconds
plan limit 980
current timestep 38
num of flexible agents: 40
num of flexible tasks: 9
Solving time: 0.000296464 seconds
plan limit 980
current timestep 39
num of flexible agents: 43
num of flexible tasks: 10
Solving time: 0.000270104 seconds
plan limit 980
current timestep 40
num of flexible agents: 43
num of flexible tasks: 11
Solving time: 0.000295948 seconds
plan limit 980
current timestep 41
num of flexible agents: 42
num of flexible tasks: 11
Solving time: 0.000310328 seconds
plan limit 980
current timestep 42
num of flexible agents: 41
num of flexible tasks: 10
Solving time: 0.000314856 seconds
plan limit 980
current timestep 43
num of flexible agents: 41
num of flexible tasks: 10
Solving time: 0.000315694 seconds
plan limit 980
current timestep 44
num of flexible agents: 43
num of flexible tasks: 12
Solving time: 0.000326553 seconds
plan limit 980
current timestep 45
num of flexible agents: 43
num of flexible tasks: 13
Solving time: 0.0002775 seconds
plan limit 980
current timestep 46
num of flexible agents: 39
num of flexible tasks: 10
Solving time: 0.00028306 seconds
plan limit 980
current timestep 47
num of flexible agents: 39
num of flexible tasks: 11
Solving time: 0.000311357 seconds
plan limit 980
current timestep 48
num of flexible agents: 40
num of flexible tasks: 10
Solving time: 0.000292496 seconds
plan limit 980
current timestep 49
num of flexible agents: 39
num of flexible tasks: 9
Solving time: 0.000284051 seconds
plan limit 980
current timestep 50
num of flexible agents: 37
num of flexible tasks: 9
Solving time: 0.000285043 seconds
plan limit 980
current timestep 51
num of flexible agents: 36
num of flexible tasks: 10
Solving time: 0.000312776 seconds
plan limit 980
current timestep 52
num of flexible agents: 43
num of flexible tasks: 11
Solving time: 0.000304765 seconds
plan limit 980
current timestep 53
num of flexible agents: 43
num of flexible tasks: 10
Solving time: 0.000295281 seconds
plan limit 980
current timestep 54
num of flexible agents: 43
num of flexible tasks: 10
Solving time: 0.000271486 seconds
plan limit 980
current timestep 55
num of flexible agents: 37
num of flexible tasks: 6
Solving time: 0.000268724 seconds
plan limit 980
current timestep 56
num of flexible agents: 38
num of flexible tasks: 7
Solving time: 0.000283496 seconds
plan limit 980
current timestep 57
num of flexible agents: 37
num of flexible tasks: 7
Solving time: 0.000278893 seconds
plan limit 980
current timestep 58
num of flexible agents: 35
num of flexible tasks: 7
Solving time: 0.000266702 seconds
plan limit 980
current timestep 59
num of flexible agents: 36
num of flexible tasks: 5
Solving time: 0.000265305 seconds
plan limit 980
current timestep 60
num of flexible agents: 38
num of flexible tasks: 6
Solving time: 0.00034395 seconds
plan limit 980
current timestep 61
num of flexible agents: 38
num of flexible tasks: 7
Solving time: 0.000306187 seconds
plan limit 980
current timestep 62
num of flexible agents: 37
num of flexible tasks: 7
Solving time: 0.000313451 seconds
plan limit 980
current timestep 63
num of flexible agents: 37
num of flexible tasks: 8
Solving time: 0.000300178 seconds
plan limit 980
current timestep 64
num of flexible agents: 38
num of flexible tasks: 9
Solving time: 0.000325965 seconds
plan limit 980
current timestep 65
num of flexible agents: 41
num of flexible tasks: 11
Solving time: 0.000345607 seconds
plan limit 980
current timestep 66
num of flexible agents: 42
num of flexible tasks: 9
Solving time: 0.00029573 seconds
plan limit 980
current timestep 67
num of flexible agents: 40
num of flexible tasks: 8
Solving time: 0.000281913 seconds
plan limit 980
current timestep 68
num of flexible agents: 39
num of flexible tasks: 8
Solving time: 0.000288905 seconds
plan limit 980
current timestep 69
num of flexible agents: 38
num of flexible tasks: 7
Solving time: 0.000300172 seconds
plan limit 980
current timestep 70
num of flexible agents: 40
num of flexible tasks: 9
Solving time: 0.000301239 seconds
plan limit 980
current timestep 71
num of flexible agents: 40
num of flexible tasks: 9
Solving time: 0.000323403 seconds
plan limit 980
current timestep 72
num of flexible agents: 41
num of flexible tasks: 10
Solving time: 0.000273101 seconds
plan limit 980
current timestep 73
num of flexible agents: 41
num of flexible tasks: 12
Solving time: 0.000248901 seconds
plan limit 980
current timestep 74
num of flexible agents: 39
num of flexible tasks: 10
Solving time: 0.000306417 seconds
plan limit 980
current timestep 75
num of flexible agents: 39
num of flexible tasks: 9
Solving time: 0.000272998 seconds
plan limit 980
current timestep 76
num of flexible agents: 41
num of flexible tasks: 9
Solving time: 0.000271587 seconds
plan limit 980
current timestep 77
num of flexible agents: 38
num of flexible tasks: 8
Solving time: 0.000301899 seconds
plan limit 980
current timestep 78
num of flexible agents: 40
num of flexible tasks: 9
Solving time: 0.000312072 seconds
plan limit 980
current timestep 79
num of flexible agents: 40
num of flexible tasks: 8
Solving time: 0.000327008 seconds
plan limit 980
current timestep 80
num of flexible agents: 43
num of flexible tasks: 9
Solving time: 0.00030096 seconds
plan limit 980
current timestep 81
num of flexible agents: 42
num of flexible tasks: 9
Solving time: 0.00029679 seconds
plan limit 980
current timestep 82
num of flexible agents: 41
num of flexible tasks: 9
Solving time: 0.000274018 seconds
plan limit 980
current timestep 83
num of flexible agents: 41
num of flexible tasks: 9
Solving time: 0.000281858 seconds
plan limit 980
current timestep 84
num of flexible agents: 42
num of flexible tasks: 9
Solving time: 0.000257084 seconds
plan limit 980
current timestep 85
num of flexible agents: 40
num of flexible tasks: 8
Solving time: 0.000240766 seconds
plan limit 980
current timestep 86
num of flexible agents: 37
num of flexible tasks: 6
Solving time: 0.000236314 seconds
plan limit 980
current timestep 87
num of flexible agents: 35
num of flexible tasks: 5
Solving time: 0.000239449 seconds
plan limit 980
current timestep 88
num of flexible agents: 35
num of flexible tasks: 7
Solving time: 0.000238205 seconds
plan limit 980
current timestep 89
num of flexible agents: 34
num of flexible tasks: 7
Solving time: 0.000238221 seconds
plan limit 980
current timestep 90
num of flexible agents: 35
num of flexible tasks: 8
Solving time: 0.000237358 seconds
plan limit 980
current timestep 91
num of flexible agents: 37
num of flexible tasks: 8
Solving time: 0.000259616 seconds
plan limit 980
current timestep 92
num of flexible agents: 36
num of flexible tasks: 8
Solving time: 0.000315311 seconds
plan limit 980
current timestep 93
num of flexible agents: 34
num of flexible tasks: 8
Solving time: 0.000293836 seconds
plan limit 980
current timestep 94
num of flexible agents: 35
num of flexible tasks: 8
Solving time: 0.000277294 seconds
plan limit 980
current timestep 95
num of flexible agents: 39
num of flexible tasks: 9
Solving time: 0.000271922 seconds
plan limit 980
current timestep 96
num of flexible agents: 40
num of flexible tasks: 9
Solving time: 0.000247512 seconds
plan limit 980
current timestep 97
num of flexible agents: 41
num of flexible tasks: 11
Solving time: 0.000353616 seconds
plan limit 980
current timestep 98
num of flexible agents: 45
num of flexible tasks: 12
Solving time: 0.00027867 seconds
plan limit 980
current timestep 99
num of flexible agents: 43
num of flexible tasks: 11
Solving time: 0.000264293 seconds
plan limit 980
current timestep 100
num of flexible agents: 45
num of flexible tasks: 13
Solving time: 0.00028036 seconds
plan limit 980
current timestep 101
num of flexible agents: 44
num of flexible tasks: 11
Solving time: 0.000262828 seconds
plan limit 980
current timestep 102
num of flexible agents: 42
num of flexible tasks: 10
Solving time: 0.000273194 seconds
plan limit 980
current timestep 103
num of flexible agents: 45
num of flexible tasks: 10
Solving time: 0.000273896 seconds
plan limit 980
current timestep 104
num of flexible agents: 42
num of flexible tasks: 8
Solving time: 0.0002558 seconds
plan limit 980
current timestep 105
num of flexible agents: 42
num of flexible tasks: 8
Solving time: 0.000267299 seconds
plan limit 980
current timestep 106
num of flexible agents: 43
num of flexible tasks: 9
Solving time: 0.000262209 seconds
plan limit 980
current timestep 107
num of flexible agents: 42
num of flexible tasks: 8
Solving time: 0.000285953 seconds
plan limit 980
current timestep 108
num of flexible agents: 44
num of flexible tasks: 9
Solving time: 0.000288806 seconds
plan limit 980
current timestep 109
num of flexible agents: 42
num of flexible tasks: 7
Solving time: 0.000271954 seconds
plan limit 980
current timestep 110
num of flexible agents: 44
num of flexible tasks: 8
Solving time: 0.000298149 seconds
plan limit 980
current timestep 111
num of flexible agents: 42
num of flexible tasks: 7
Solving time: 0.000299396 seconds
plan limit 980
current timestep 112
num of flexible agents: 42
num of flexible tasks: 8
Solving time: 0.000248007 seconds
plan limit 980
current timestep 113
num of flexible agents: 41
num of flexible tasks: 9
Solving time: 0.000256825 seconds
plan limit 980
current timestep 114
num of flexible agents: 44
num of flexible tasks: 10
Solving time: 0.000243282 seconds
plan limit 980
current timestep 115
num of flexible agents: 42
num of flexible tasks: 10
Solving time: 0.000278061 seconds
plan limit 980
current timestep 116
num of flexible agents: 42
num of flexible tasks: 10
Solving time: 0.00025643 seconds
plan limit 980
current timestep 117
num of flexible agents: 39
num of flexible tasks: 9
Solving time: 0.000280342 seconds
plan limit 980
current timestep 118
num of flexible agents: 38
num of flexible tasks: 9
Solving time: 0.000253403 seconds
plan limit 980
current timestep 119
num of flexible agents: 40
num of flexible tasks: 9
Solving time: 0.000242891 seconds
plan limit 980
current timestep 120
num of flexible agents: 40
num of flexible tasks: 8
Solving time: 0.000294846 seconds
plan limit 980
current timestep 121
num of flexible agents: 39
num of flexible tasks: 6
Solving time: 0.000278295 seconds
plan limit 980
current timestep 122
num of flexible agents: 43
num of flexible tasks: 8
Solving time: 0.000288043 seconds
plan limit 980
current timestep 123
num of flexible agents: 43
num of flexible tasks: 10
Solving time: 0.000290324 seconds
plan limit 980
current timestep 124
num of flexible agents: 44
num of flexible tasks: 12
Solving time: 0.000269914 seconds
plan limit 980
current timestep 125
num of flexible agents: 42
num of flexible tasks: 10
Solving time: 0.000271374 seconds
plan limit 980
current timestep 126
num of flexible agents: 39
num of flexible tasks: 9
Solving time: 0.000266211 seconds
plan limit 980
current timestep 127
num of flexible agents: 38
num of flexible tasks: 9
Solving time: 0.000283529 seconds
plan limit 980
current timestep 128
num of flexible agents: 39
num of flexible tasks: 11
Solving time: 0.000279304 seconds
plan limit 980
current timestep 129
num of flexible agents: 40
num of flexible tasks: 11
Solving time: 0.000275817 seconds
plan limit 980
current timestep 130
num of flexible agents: 40
num of flexible tasks: 12
Solving time: 0.000293331 seconds
plan limit 980
current timestep 131
num of flexible agents: 40
num of flexible tasks: 10
Solving time: 0.000276264 seconds
plan limit 980
current timestep 132
num of flexible agents: 42
num of flexible tasks: 11
Solving time: 0.00027886 seconds
plan limit 980
current timestep 133
num of flexible agents: 40
num of flexible tasks: 11
Solving time: 0.000275479 seconds
plan limit 980
current timestep 134
num of flexible agents: 38
num of flexible tasks: 11
Solving time: 0.000245782 seconds
plan limit 980
current timestep 135
num of flexible agents: 37
num of flexible tasks: 11
Solving time: 0.000257909 seconds
plan limit 980
current timestep 136
num of flexible agents: 38
num of flexible tasks: 12
Solving time: 0.000255225 seconds
plan limit 980
current timestep 137
num of flexible agents: 34
num of flexible tasks: 9
Solving time: 0.000245458 seconds
plan limit 980
current timestep 138
num of flexible agents: 34
num of flexible tasks: 9
Solving time: 0.000287494 seconds
plan limit 980
current timestep 139
num of flexible agents: 37
num of flexible tasks: 7
Solving time: 0.000237432 seconds
plan limit 980
current timestep 140
num of flexible agents: 35
num of flexible tasks: 7
Solving time: 0.000264905 seconds
plan limit 980
current timestep 141
num of flexible agents: 37
num of flexible tasks: 7
Solving time: 0.000274623 seconds
plan limit 980
current timestep 142
num of flexible agents: 38
num of flexible tasks: 8
Solving time: 0.000260368 seconds
plan limit 980
current timestep 143
num of flexible agents: 39
num of flexible tasks: 9
Solving time: 0.000231912 seconds
plan limit 980
current timestep 144
num of flexible agents: 41
num of flexible tasks: 9
Solving time: 0.000250967 seconds
plan limit 980
current timestep 145
num of flexible agents: 40
num of flexible tasks: 7
Solving time: 0.000230088 seconds
plan limit 980
current timestep 146
num of flexible agents: 41
num of flexible tasks: 9
Solving time: 0.000267189 seconds
plan limit 980
current timestep 147
num of flexible agents: 39
num of flexible tasks: 6
Solving time: 0.000260595 seconds
plan limit 980
current timestep 148
num of flexible agents: 39
num of flexible tasks: 7
Solving time: 0.000237981 seconds
plan limit 980
current timestep 149
num of flexible agents: 39
num of flexible tasks: 8
Solving time: 0.00023109 seconds
plan limit 980
current timestep 150
num of flexible agents: 40
num of flexible tasks: 9
Solving time: 0.00027993 seconds
plan limit 980
current timestep 151
num of flexible agents: 40
num of flexible tasks: 9
Solving time: 0.000323487 seconds
plan limit 980
current timestep 152
num of flexible agents: 41
num of flexible tasks: 10
Solving time: 0.000268759 seconds
plan limit 980
current timestep 153
num of flexible agents: 43
num of flexible tasks: 12
Solving time: 0.000296061 seconds
plan limit 980
current timestep 154
num of flexible agents: 43
num of flexible tasks: 11
Solving time: 0.000324038 seconds
plan limit 980
current timestep 155
num of flexible agents: 42
num of flexible tasks: 11
Solving time: 0.000280761 seconds
plan limit 980
current timestep 156
num of flexible agents: 42
num of flexible tasks: 11
Solving time: 0.000261123 seconds
plan limit 980
current timestep 157
num of flexible agents: 43
num of flexible tasks: 11
Solving time: 0.000267274 seconds
plan limit 980
current timestep 158
num of flexible agents: 45
num of flexible tasks: 12
Solving time: 0.00029094 seconds
plan limit 980
current timestep 159
num of flexible agents: 46
num of flexible tasks: 14
Solving time: 0.000297033 seconds
plan limit 980
current timestep 160
num of flexible agents: 46
num of flexible tasks: 14
Solving time: 0.000346558 seconds
plan limit 980
current timestep 161
num of flexible agents: 47
num of flexible tasks: 13
Solving time: 0.000346688 seconds
plan limit 980
current timestep 162
num of flexible agents: 51
num of flexible tasks: 14
Solving time: 0.000336953 seconds
plan limit 980
current timestep 163
num of flexible agents: 46
num of flexible tasks: 10
Solving time: 0.000287299 seconds
plan limit 980
current timestep 164
num of flexible agents: 46
num of flexible tasks: 11
Solving time: 0.000299725 seconds
plan limit 980
current timestep 165
num of flexible agents: 48
num of flexible tasks: 13
Solving time: 0.000303808 seconds
plan limit 980
current timestep 166
num of flexible agents: 48
num of flexible tasks: 13
Solving time: 0.000305091 seconds
plan limit 980
current timestep 167
num of flexible agents: 46
num of flexible tasks: 12
Solving time: 0.000307594 seconds
plan limit 980
current timestep 168
num of flexible agents: 46
num of flexible tasks: 12
Solving time: 0.000270841 seconds
plan limit 980
current timestep 169
num of flexible agents: 42
num of flexible tasks: 9
Solving time: 0.000246211 seconds
plan limit 980
current timestep 170
num of flexible agents: 44
num of flexible tasks: 8
Solving time: 0.000291845 seconds
plan limit 980
current timestep 171
num of flexible agents: 43
num of flexible tasks: 7
Solving time: 0.000255491 seconds
plan limit 980
current timestep 172
num of flexible agents: 41
num of flexible tasks: 6
Solving time: 0.000257916 seconds
plan limit 980
current timestep 173
num of flexible agents: 40
num of flexible tasks: 7
Solving time: 0.000248964 seconds
plan limit 980
current timestep 174
num of flexible agents: 39
num of flexible tasks: 8
Solving time: 0.000255162 seconds
plan limit 980
current timestep 175
num of flexible agents: 40
num of flexible tasks: 9
Solving time: 0.00024456 seconds
plan limit 980
current timestep 176
num of flexible agents: 38
num of flexible tasks: 6
Solving time: 0.00021946 seconds
plan limit 980
current timestep 177
num of flexible agents: 37
num of flexible tasks: 5
Solving time: 0.000233536 seconds
plan limit 980
current timestep 178
num of flexible agents: 35
num of flexible tasks: 4
Solving time: 0.000222826 seconds
plan limit 980
current timestep 179
num of flexible agents: 35
num of flexible tasks: 4
Solving time: 0.000222695 seconds
plan limit 980
current timestep 180
num of flexible agents: 34
num of flexible tasks: 5
Solving time: 0.000252507 seconds
plan limit 980
current timestep 181
num of flexible agents: 32
num of flexible tasks: 5
Solving time: 0.000261357 seconds
plan limit 980
current timestep 182
num of flexible agents: 33
num of flexible tasks: 6
Solving time: 0.000253552 seconds
plan limit 980
current timestep 183
num of flexible agents: 34
num of flexible tasks: 6
Solving time: 0.000261023 seconds
plan limit 980
current timestep 184
num of flexible agents: 37
num of flexible tasks: 7
Solving time: 0.000252254 seconds
plan limit 980
current timestep 185
num of flexible agents: 38
num of flexible tasks: 9
Solving time: 0.000245206 seconds
plan limit 980
current timestep 186
num of flexible agents: 37
num of flexible tasks: 9
Solving time: 0.000267063 seconds
plan limit 980
current timestep 187
num of flexible agents: 38
num of flexible tasks: 9
Solving time: 0.000271979 seconds
plan limit 980
current timestep 188
num of flexible agents: 37
num of flexible tasks: 9
Solving time: 0.000326648 seconds
plan limit 980
current timestep 189
num of flexible agents: 38
num of flexible tasks: 9
Solving time: 0.000274953 seconds
plan limit 980
current timestep 190
num of flexible agents: 36
num of flexible tasks: 8
Solving time: 0.00027127 seconds
plan limit 980
current timestep 191
num of flexible agents: 35
num of flexible tasks: 8
Solving time: 0.000317271 seconds
plan limit 980
current timestep 192
num of flexible agents: 35
num of flexible tasks: 9
Solving time: 0.00032016 seconds
plan limit 980
current timestep 193
num of flexible agents: 34
num of flexible tasks: 10
Solving time: 0.000323561 seconds
plan limit 980
current timestep 194
num of flexible agents: 35
num of flexible tasks: 11
Solving time: 0.000319655 seconds
plan limit 980
current timestep 195
num of flexible agents: 37
num of flexible tasks: 12
Solving time: 0.000300352 seconds
plan limit 980
current timestep 196
num of flexible agents: 36
num of flexible tasks: 13
Solving time: 0.000287279 seconds
plan limit 980
current timestep 197
num of flexible agents: 40
num of flexible tasks: 13
Solving time: 0.000293407 seconds
plan limit 980
current timestep 198
num of flexible agents: 38
num of flexible tasks: 12
Solving time: 0.00032657 seconds
plan limit 980
current timestep 199
num of flexible agents: 39
num of flexible tasks: 11
Solving time: 0.00030207 seconds
plan limit 980
current timestep 200
num of flexible agents: 40
num of flexible tasks: 12
Solving time: 0.000324037 seconds
plan limit 980
current timestep 201
num of flexible agents: 37
num of flexible tasks: 10
Solving time: 0.000264364 seconds
plan limit 980
current timestep 202
num of flexible agents: 35
num of flexible tasks: 10
Solving time: 0.000318251 seconds
plan limit 980
current timestep 203
num of flexible agents: 32
num of flexible tasks: 9
Solving time: 0.000288506 seconds
plan limit 980
current timestep 204
num of flexible agents: 30
num of flexible tasks: 8
Solving time: 0.000244821 seconds
plan limit 980
current timestep 205
num of flexible agents: 29
num of flexible tasks: 7
Solving time: 0.000311189 seconds
plan limit 980
current timestep 206
num of flexible agents: 29
num of flexible tasks: 8
Solving time: 0.000290454 seconds
plan limit 980
current timestep 207
num of flexible agents: 29
num of flexible tasks: 8
Solving time: 0.0002894 seconds
plan limit 980
current timestep 208
num of flexible agents: 30
num of flexible tasks: 9
Solving time: 0.000306377 seconds
plan limit 980
current timestep 209
num of flexible agents: 30
num of flexible tasks: 10
Solving time: 0.000306362 seconds
plan limit 980
current timestep 210
num of flexible agents: 32
num of flexible tasks: 11
Solving time: 0.000313596 seconds
plan limit 980
current timestep 211
num of flexible agents: 35
num of flexible tasks: 12
Solving time: 0.00039425 seconds
plan limit 980
current timestep 212
num of flexible agents: 38
num of flexible tasks: 12
Solving time: 0.000365301 seconds
plan limit 980
current timestep 213
num of flexible agents: 41
num of flexible tasks: 14
Solving time: 0.000358676 seconds
plan limit 980
current timestep 214
num of flexible agents: 40
num of flexible tasks: 14
Solving time: 0.000352369 seconds
plan limit 980
current timestep 215
num of flexible agents: 44
num of flexible tasks: 14
Solving time: 0.000365684 seconds
plan limit 980
current timestep 216
num of flexible agents: 42
num of flexible tasks: 13
Solving time: 0.000379713 seconds
plan limit 980
current timestep 217
num of flexible agents: 42
num of flexible tasks: 13
Solving time: 0.000370981 seconds
plan limit 980
current timestep 218
num of flexible agents: 41
num of flexible tasks: 11
Solving time: 0.000301684 seconds
plan limit 980
current timestep 219
num of flexible agents: 43
num of flexible tasks: 13
Solving time: 0.000352007 seconds
plan limit 980
current timestep 220
num of flexible agents: 41
num of flexible tasks: 10
Solving time: 0.000342153 seconds
plan limit 980
current timestep 221
num of flexible agents: 40
num of flexible tasks: 10
Solving time: 0.000297775 seconds
plan limit 980
current timestep 222
num of flexible agents: 39
num of flexible tasks: 9
Solving time: 0.000307134 seconds
plan limit 980
current timestep 223
num of flexible agents: 38
num of flexible tasks: 9
Solving time: 0.000278968 seconds
plan limit 980
current timestep 224
num of flexible agents: 41
num of flexible tasks: 11
Solving time: 0.00029673 seconds
plan limit 980
current timestep 225
num of flexible agents: 41
num of flexible tasks: 9
Solving time: 0.000270991 seconds
plan limit 980
current timestep 226
num of flexible agents: 40
num of flexible tasks: 8
Solving time: 0.000270241 seconds
plan limit 980
current timestep 227
num of flexible agents: 39
num of flexible tasks: 9
Solving time: 0.000290866 seconds
plan limit 980
current timestep 228
num of flexible agents: 38
num of flexible tasks: 10
Solving time: 0.000300868 seconds
plan limit 980
current timestep 229
num of flexible agents: 39
num of flexible tasks: 10
Solving time: 0.000283982 seconds
plan limit 980
current timestep 230
num of flexible agents: 38
num of flexible tasks: 10
Solving time: 0.00024049 seconds
plan limit 980
current timestep 231
num of flexible agents: 37
num of flexible tasks: 9
Solving time: 0.000305565 seconds
plan limit 980
current timestep 232
num of flexible agents: 36
num of flexible tasks: 9
Solving time: 0.000252939 seconds
plan limit 980
current timestep 233
num of flexible agents: 36
num of flexible tasks: 9
Solving time: 0.000330172 seconds
plan limit 980
current timestep 234
num of flexible agents: 37
num of flexible tasks: 11
Solving time: 0.000328116 seconds
plan limit 980
current timestep 235
num of flexible agents: 36
num of flexible tasks: 9
Solving time: 0.000286271 seconds
plan limit 980
current timestep 236
num of flexible agents: 37
num of flexible tasks: 10
Solving time: 0.000286404 seconds
plan limit 980
current timestep 237
num of flexible agents: 37
num of flexible tasks: 11
Solving time: 0.000264554 seconds
plan limit 980
current timestep 238
num of flexible agents: 38
num of flexible tasks: 11
Solving time: 0.000284424 seconds
plan limit 980
current timestep 239
num of flexible agents: 38
num of flexible tasks: 10
Solving time: 0.000285294 seconds
plan limit 980
current timestep 240
num of flexible agents: 34
num of flexible tasks: 7
Solving time: 0.000309562 seconds
plan limit 980
current timestep 241
num of flexible agents: 33
num of flexible tasks: 7
Solving time: 0.000308173 seconds
plan limit 980
current timestep 242
num of flexible agents: 36
num of flexible tasks: 8
Solving time: 0.000315542 seconds
plan limit 980
current timestep 243
num of flexible agents: 35
num of flexible tasks: 9
Solving time: 0.000367013 seconds
plan limit 980
current timestep 244
num of flexible agents: 34
num of flexible tasks: 9
Solving time: 0.000287992 seconds
plan limit 980
current timestep 245
num of flexible agents: 35
num of flexible tasks: 10
Solving time: 0.000333941 seconds
plan limit 980
current timestep 246
num of flexible agents: 33
num of flexible tasks: 9
Solving time: 0.000314838 seconds
plan limit 980
current timestep 247
num of flexible agents: 33
num of flexible tasks: 10
Solving time: 0.000366591 seconds
plan limit 980
current timestep 248
num of flexible agents: 32
num of flexible tasks: 10
Solving time: 0.00033215 seconds
plan limit 980
current timestep 249
num of flexible agents: 34
num of flexible tasks: 10
Solving time: 0.000327197 seconds
plan limit 980
current timestep 250
num of flexible agents: 38
num of flexible tasks: 8
Solving time: 0.000291558 seconds
plan limit 980
current timestep 251
num of flexible agents: 37
num of flexible tasks: 5
Solving time: 0.00029014 seconds
plan limit 980
current timestep 252
num of flexible agents: 38
num of flexible tasks: 5
Solving time: 0.000318303 seconds
plan limit 980
current timestep 253
num of flexible agents: 39
num of flexible tasks: 5
Solving time: 0.000253122 seconds
plan limit 980
current timestep 254
num of flexible agents: 38
num of flexible tasks: 4
Solving time: 0.000243656 seconds
plan limit 980
current timestep 255
num of flexible agents: 38
num of flexible tasks: 2
Solving time: 0.000261906 seconds
plan limit 980
current timestep 256
num of flexible agents: 38
num of flexible tasks: 2
Solving time: 0.00022256 seconds
plan limit 980
current timestep 257
num of flexible agents: 42
num of flexible tasks: 2
Solving time: 0.000230632 seconds
plan limit 980
current timestep 258
num of flexible agents: 41
num of flexible tasks: 1
Solving time: 0.000216274 seconds
plan limit 980
current timestep 259
num of flexible agents: 44
num of flexible tasks: 0
Solving time: 0.000236822 seconds
plan limit 980
current timestep 260
num of flexible agents: 45
num of flexible tasks: 0
Solving time: 0.000210877 seconds
plan limit 980
current timestep 261
num of flexible agents: 45
num of flexible tasks: 0
Solving time: 0.000238175 seconds
plan limit 980
current timestep 262
num of flexible agents: 47
num of flexible tasks: 0
Solving time: 0.000236965 seconds
plan limit 980
current timestep 263
num of flexible agents: 50
num of flexible tasks: 0
Solving time: 0.000231732 seconds
plan limit 980
current timestep 264
num of flexible agents: 50
num of flexible tasks: 0
Solving time: 0.00020518 seconds
plan limit 980
current timestep 265
num of flexible agents: 53
num of flexible tasks: 0
Solving time: 0.000226603 seconds
plan limit 980
current timestep 266
num of flexible agents: 54
num of flexible tasks: 0
Solving time: 0.000228628 seconds
plan limit 980
current timestep 267
num of flexible agents: 57
num of flexible tasks: 0
Solving time: 0.000209577 seconds
plan limit 980
current timestep 268
num of flexible agents: 59
num of flexible tasks: 0
Solving time: 0.000232275 seconds
plan limit 980
current timestep 269
num of flexible agents: 60
num of flexible tasks: 0
Solving time: 0.00021181 seconds
plan limit 980
current timestep 270
num of flexible agents: 63
num of flexible tasks: 0
Solving time: 0.000226969 seconds
plan limit 980
current timestep 271
num of flexible agents: 66
num of flexible tasks: 0
Solving time: 0.000224011 seconds
plan limit 980
current timestep 272
num of flexible agents: 68
num of flexible tasks: 0
Solving time: 0.00021595 seconds
plan limit 980
current timestep 273
num of flexible agents: 68
num of flexible tasks: 0
Solving time: 0.000217015 seconds
plan limit 980
current timestep 274
num of flexible agents: 69
num of flexible tasks: 0
Solving time: 0.000224796 seconds
plan limit 980
current timestep 275
num of flexible agents: 69
num of flexible tasks: 0
Solving time: 0.000241792 seconds
plan limit 980
current timestep 276
num of flexible agents: 70
num of flexible tasks: 0
Solving time: 0.00023238 seconds
plan limit 980
current timestep 277
num of flexible agents: 73
num of flexible tasks: 0
Solving time: 0.000249513 seconds
plan limit 980
current timestep 278
num of flexible agents: 76
num of flexible tasks: 0
Solving time: 0.000222964 seconds
plan limit 980
current timestep 279
num of flexible agents: 76
num of flexible tasks: 0
Solving time: 0.000220781 seconds
plan limit 980
current timestep 280
num of flexible agents: 76
num of flexible tasks: 0
Solving time: 0.000251489 seconds
plan limit 980
current timestep 281
num of flexible agents: 76
num of flexible tasks: 0
Solving time: 0.000246482 seconds
plan limit 980
current timestep 282
num of flexible agents: 77
num of flexible tasks: 0
Solving time: 0.000219793 seconds
plan limit 980
current timestep 283
num of flexible agents: 77
num of flexible tasks: 0
Solving time: 0.000213256 seconds
plan limit 980
current timestep 284
num of flexible agents: 77
num of flexible tasks: 0
Solving time: 0.000249527 seconds
plan limit 980
current timestep 285
num of flexible agents: 78
num of flexible tasks: 0
Solving time: 0.00022379 seconds
plan limit 980
current timestep 286
num of flexible agents: 78
num of flexible tasks: 0
Solving time: 0.000235323 seconds
plan limit 980
current timestep 287
num of flexible agents: 78
num of flexible tasks: 0
Solving time: 0.000221216 seconds
plan limit 980
current timestep 288
num of flexible agents: 79
num of flexible tasks: 0
Solving time: 0.00026227 seconds
plan limit 980
All tasks finished at timestep 289
