current timestep 0
num of flexible agents: 80
num of flexible tasks: 2
Solving time: 0.000340487 seconds
plan limit 980
current timestep 1
num of flexible agents: 79
num of flexible tasks: 3
Solving time: 0.000333198 seconds
plan limit 980
current timestep 2
num of flexible agents: 78
num of flexible tasks: 4
Solving time: 0.000283874 seconds
plan limit 980
current timestep 3
num of flexible agents: 78
num of flexible tasks: 6
Solving time: 0.0003091 seconds
plan limit 980
current timestep 4
num of flexible agents: 78
num of flexible tasks: 8
Solving time: 0.000328054 seconds
plan limit 980
current timestep 5
num of flexible agents: 77
num of flexible tasks: 9
Solving time: 0.000309358 seconds
plan limit 980
current timestep 6
num of flexible agents: 75
num of flexible tasks: 9
Solving time: 0.000292048 seconds
plan limit 980
current timestep 7
num of flexible agents: 74
num of flexible tasks: 10
Solving time: 0.000296988 seconds
plan limit 980
current timestep 8
num of flexible agents: 71
num of flexible tasks: 9
Solving time: 0.000314941 seconds
plan limit 980
current timestep 9
num of flexible agents: 70
num of flexible tasks: 10
Solving time: 0.000312771 seconds
plan limit 980
current timestep 10
num of flexible agents: 68
num of flexible tasks: 10
Solving time: 0.00035641 seconds
plan limit 980
current timestep 11
num of flexible agents: 68
num of flexible tasks: 11
Solving time: 0.000306716 seconds
plan limit 980
current timestep 12
num of flexible agents: 67
num of flexible tasks: 12
Solving time: 0.000314525 seconds
plan limit 980
current timestep 13
num of flexible agents: 63
num of flexible tasks: 10
Solving time: 0.000308843 seconds
plan limit 980
current timestep 14
num of flexible agents: 62
num of flexible tasks: 11
Solving time: 0.00032305 seconds
plan limit 980
current timestep 15
num of flexible agents: 60
num of flexible tasks: 11
Solving time: 0.00032982 seconds
plan limit 980
current timestep 16
num of flexible agents: 60
num of flexible tasks: 12
Solving time: 0.000287801 seconds
plan limit 980
current timestep 17
num of flexible agents: 58
num of flexible tasks: 12
Solving time: 0.000328621 seconds
plan limit 980
current timestep 18
num of flexible agents: 60
num of flexible tasks: 14
Solving time: 0.000309008 seconds
plan limit 980
current timestep 19
num of flexible agents: 58
num of flexible tasks: 14
Solving time: 0.000293172 seconds
plan limit 980
current timestep 20
num of flexible agents: 57
num of flexible tasks: 14
Solving time: 0.000350356 seconds
plan limit 980
current timestep 21
num of flexible agents: 54
num of flexible tasks: 12
Solving time: 0.000298414 seconds
plan limit 980
current timestep 22
num of flexible agents: 52
num of flexible tasks: 12
Solving time: 0.00036986 seconds
plan limit 980
current timestep 23
num of flexible agents: 52
num of flexible tasks: 14
Solving time: 0.00034174 seconds
plan limit 980
current timestep 24
num of flexible agents: 50
num of flexible tasks: 13
Solving time: 0.000300511 seconds
plan limit 980
current timestep 25
num of flexible agents: 46
num of flexible tasks: 10
Solving time: 0.000301014 seconds
plan limit 980
current timestep 26
num of flexible agents: 44
num of flexible tasks: 10
Solving time: 0.00028765 seconds
plan limit 980
current timestep 27
num of flexible agents: 46
num of flexible tasks: 11
Solving time: 0.000294741 seconds
plan limit 980
current timestep 28
num of flexible agents: 44
num of flexible tasks: 10
Solving time: 0.000282709 seconds
plan limit 980
current timestep 29
num of flexible agents: 47
num of flexible tasks: 11
Solving time: 0.000314143 seconds
plan limit 980
current timestep 30
num of flexible agents: 46
num of flexible tasks: 11
Solving time: 0.000319847 seconds
plan limit 980
current timestep 31
num of flexible agents: 50
num of flexible tasks: 13
Solving time: 0.000299409 seconds
plan limit 980
current timestep 32
num of flexible agents: 47
num of flexible tasks: 12
Solving time: 0.000355494 seconds
plan limit 980
current timestep 33
num of flexible agents: 46
num of flexible tasks: 11
Solving time: 0.000300829 seconds
plan limit 980
current timestep 34
num of flexible agents: 44
num of flexible tasks: 11
Solving time: 0.000288441 seconds
plan limit 980
current timestep 35
num of flexible agents: 43
num of flexible tasks: 12
Solving time: 0.000337337 seconds
plan limit 980
current timestep 36
num of flexible agents: 42
num of flexible tasks: 13
Solving time: 0.000323948 seconds
plan limit 980
current timestep 37
num of flexible agents: 40
num of flexible tasks: 13
Solving time: 0.000336745 seconds
plan limit 980
current timestep 38
num of flexible agents: 40
num of flexible tasks: 13
Solving time: 0.000315002 seconds
plan limit 980
current timestep 39
num of flexible agents: 40
num of flexible tasks: 14
Solving time: 0.000287457 seconds
plan limit 980
current timestep 40
num of flexible agents: 40
num of flexible tasks: 15
Solving time: 0.000320405 seconds
plan limit 980
current timestep 41
num of flexible agents: 39
num of flexible tasks: 14
Solving time: 0.000300118 seconds
plan limit 980
current timestep 42
num of flexible agents: 38
num of flexible tasks: 14
Solving time: 0.000301268 seconds
plan limit 980
current timestep 43
num of flexible agents: 36
num of flexible tasks: 13
Solving time: 0.000300017 seconds
plan limit 980
current timestep 44
num of flexible agents: 34
num of flexible tasks: 11
Solving time: 0.000323868 seconds
plan limit 980
current timestep 45
num of flexible agents: 33
num of flexible tasks: 11
Solving time: 0.000376476 seconds
plan limit 980
current timestep 46
num of flexible agents: 33
num of flexible tasks: 11
Solving time: 0.000338039 seconds
plan limit 980
current timestep 47
num of flexible agents: 33
num of flexible tasks: 11
Solving time: 0.0003356 seconds
plan limit 980
current timestep 48
num of flexible agents: 36
num of flexible tasks: 12
Solving time: 0.000367422 seconds
plan limit 980
current timestep 49
num of flexible agents: 36
num of flexible tasks: 10
Solving time: 0.000328165 seconds
plan limit 980
current timestep 50
num of flexible agents: 39
num of flexible tasks: 12
Solving time: 0.000387829 seconds
plan limit 980
current timestep 51
num of flexible agents: 39
num of flexible tasks: 12
Solving time: 0.000322491 seconds
plan limit 980
current timestep 52
num of flexible agents: 43
num of flexible tasks: 13
Solving time: 0.000342317 seconds
plan limit 980
current timestep 53
num of flexible agents: 41
num of flexible tasks: 11
Solving time: 0.000319117 seconds
plan limit 980
current timestep 54
num of flexible agents: 43
num of flexible tasks: 12
Solving time: 0.000342971 seconds
plan limit 980
current timestep 55
num of flexible agents: 40
num of flexible tasks: 11
Solving time: 0.000303421 seconds
plan limit 980
current timestep 56
num of flexible agents: 41
num of flexible tasks: 11
Solving time: 0.000301992 seconds
plan limit 980
current timestep 57
num of flexible agents: 39
num of flexible tasks: 10
Solving time: 0.000274284 seconds
plan limit 980
current timestep 58
num of flexible agents: 38
num of flexible tasks: 8
Solving time: 0.000279432 seconds
plan limit 980
current timestep 59
num of flexible agents: 39
num of flexible tasks: 9
Solving time: 0.000307123 seconds
plan limit 980
current timestep 60
num of flexible agents: 38
num of flexible tasks: 8
Solving time: 0.000253162 seconds
plan limit 980
current timestep 61
num of flexible agents: 39
num of flexible tasks: 9
Solving time: 0.000274439 seconds
plan limit 980
current timestep 62
num of flexible agents: 37
num of flexible tasks: 7
Solving time: 0.00131098 seconds
plan limit 979
current timestep 63
num of flexible agents: 35
num of flexible tasks: 7
Solving time: 0.000248345 seconds
plan limit 980
current timestep 64
num of flexible agents: 37
num of flexible tasks: 8
Solving time: 0.000248792 seconds
plan limit 980
current timestep 65
num of flexible agents: 33
num of flexible tasks: 6
Solving time: 0.000255762 seconds
plan limit 980
current timestep 66
num of flexible agents: 33
num of flexible tasks: 8
Solving time: 0.00025595 seconds
plan limit 980
current timestep 67
num of flexible agents: 34
num of flexible tasks: 10
Solving time: 0.000265828 seconds
plan limit 980
current timestep 68
num of flexible agents: 31
num of flexible tasks: 9
Solving time: 0.000292052 seconds
plan limit 980
current timestep 69
num of flexible agents: 33
num of flexible tasks: 10
Solving time: 0.000333097 seconds
plan limit 980
current timestep 70
num of flexible agents: 37
num of flexible tasks: 11
Solving time: 0.000276661 seconds
plan limit 980
current timestep 71
num of flexible agents: 42
num of flexible tasks: 12
Solving time: 0.000243192 seconds
plan limit 980
current timestep 72
num of flexible agents: 41
num of flexible tasks: 9
Solving time: 0.00024549 seconds
plan limit 980
current timestep 73
num of flexible agents: 39
num of flexible tasks: 8
Solving time: 0.000283104 seconds
plan limit 980
current timestep 74
num of flexible agents: 39
num of flexible tasks: 7
Solving time: 0.000260605 seconds
plan limit 980
current timestep 75
num of flexible agents: 37
num of flexible tasks: 7
Solving time: 0.000263091 seconds
plan limit 980
current timestep 76
num of flexible agents: 37
num of flexible tasks: 8
Solving time: 0.000250899 seconds
plan limit 980
current timestep 77
num of flexible agents: 38
num of flexible tasks: 10
Solving time: 0.000274179 seconds
plan limit 980
current timestep 78
num of flexible agents: 38
num of flexible tasks: 10
Solving time: 0.000285192 seconds
plan limit 980
current timestep 79
num of flexible agents: 36
num of flexible tasks: 9
Solving time: 0.000297139 seconds
plan limit 980
current timestep 80
num of flexible agents: 35
num of flexible tasks: 8
Solving time: 0.000299684 seconds
plan limit 980
current timestep 81
num of flexible agents: 35
num of flexible tasks: 7
Solving time: 0.000255555 seconds
plan limit 980
current timestep 82
num of flexible agents: 35
num of flexible tasks: 7
Solving time: 0.000262585 seconds
plan limit 980
current timestep 83
num of flexible agents: 37
num of flexible tasks: 9
Solving time: 0.000291326 seconds
plan limit 980
current timestep 84
num of flexible agents: 40
num of flexible tasks: 11
Solving time: 0.000258308 seconds
plan limit 980
current timestep 85
num of flexible agents: 36
num of flexible tasks: 9
Solving time: 0.000252701 seconds
plan limit 980
current timestep 86
num of flexible agents: 33
num of flexible tasks: 6
Solving time: 0.000255117 seconds
plan limit 980
current timestep 87
num of flexible agents: 38
num of flexible tasks: 8
Solving time: 0.000245196 seconds
plan limit 980
current timestep 88
num of flexible agents: 39
num of flexible tasks: 9
Solving time: 0.00025143 seconds
plan limit 980
current timestep 89
num of flexible agents: 39
num of flexible tasks: 8
Solving time: 0.000236235 seconds
plan limit 980
current timestep 90
num of flexible agents: 39
num of flexible tasks: 8
Solving time: 0.000276014 seconds
plan limit 980
current timestep 91
num of flexible agents: 41
num of flexible tasks: 10
Solving time: 0.000251256 seconds
plan limit 980
current timestep 92
num of flexible agents: 40
num of flexible tasks: 10
Solving time: 0.000260125 seconds
plan limit 980
current timestep 93
num of flexible agents: 37
num of flexible tasks: 8
Solving time: 0.000245812 seconds
plan limit 980
current timestep 94
num of flexible agents: 39
num of flexible tasks: 10
Solving time: 0.000245818 seconds
plan limit 980
current timestep 95
num of flexible agents: 39
num of flexible tasks: 8
Solving time: 0.000240349 seconds
plan limit 980
current timestep 96
num of flexible agents: 39
num of flexible tasks: 8
Solving time: 0.000272297 seconds
plan limit 980
current timestep 97
num of flexible agents: 39
num of flexible tasks: 8
Solving time: 0.000260086 seconds
plan limit 980
current timestep 98
num of flexible agents: 40
num of flexible tasks: 9
Solving time: 0.000237037 seconds
plan limit 980
current timestep 99
num of flexible agents: 36
num of flexible tasks: 7
Solving time: 0.000242583 seconds
plan limit 980
current timestep 100
num of flexible agents: 36
num of flexible tasks: 8
Solving time: 0.000276741 seconds
plan limit 980
current timestep 101
num of flexible agents: 38
num of flexible tasks: 9
Solving time: 0.000301725 seconds
plan limit 980
current timestep 102
num of flexible agents: 36
num of flexible tasks: 8
Solving time: 0.000281775 seconds
plan limit 980
current timestep 103
num of flexible agents: 36
num of flexible tasks: 7
Solving time: 0.000261202 seconds
plan limit 980
current timestep 104
num of flexible agents: 36
num of flexible tasks: 8
Solving time: 0.000263435 seconds
plan limit 980
current timestep 105
num of flexible agents: 35
num of flexible tasks: 8
Solving time: 0.000305704 seconds
plan limit 980
current timestep 106
num of flexible agents: 36
num of flexible tasks: 8
Solving time: 0.000264066 seconds
plan limit 980
current timestep 107
num of flexible agents: 35
num of flexible tasks: 8
Solving time: 0.00024043 seconds
plan limit 980
current timestep 108
num of flexible agents: 35
num of flexible tasks: 9
Solving time: 0.000255671 seconds
plan limit 980
current timestep 109
num of flexible agents: 33
num of flexible tasks: 6
Solving time: 0.000244767 seconds
plan limit 980
current timestep 110
num of flexible agents: 34
num of flexible tasks: 7
Solving time: 0.000268425 seconds
plan limit 980
current timestep 111
num of flexible agents: 33
num of flexible tasks: 7
Solving time: 0.000236225 seconds
plan limit 980
current timestep 112
num of flexible agents: 34
num of flexible tasks: 8
Solving time: 0.0002461 seconds
plan limit 980
current timestep 113
num of flexible agents: 35
num of flexible tasks: 8
Solving time: 0.000252314 seconds
plan limit 980
current timestep 114
num of flexible agents: 33
num of flexible tasks: 7
Solving time: 0.000271764 seconds
plan limit 980
current timestep 115
num of flexible agents: 36
num of flexible tasks: 9
Solving time: 0.000269513 seconds
plan limit 980
current timestep 116
num of flexible agents: 35
num of flexible tasks: 9
Solving time: 0.000270833 seconds
plan limit 980
current timestep 117
num of flexible agents: 35
num of flexible tasks: 9
Solving time: 0.000263023 seconds
plan limit 980
current timestep 118
num of flexible agents: 33
num of flexible tasks: 7
Solving time: 0.000300919 seconds
plan limit 980
current timestep 119
num of flexible agents: 33
num of flexible tasks: 7
Solving time: 0.000290689 seconds
plan limit 980
current timestep 120
num of flexible agents: 34
num of flexible tasks: 8
Solving time: 0.000287205 seconds
plan limit 980
current timestep 121
num of flexible agents: 36
num of flexible tasks: 9
Solving time: 0.000257633 seconds
plan limit 980
current timestep 122
num of flexible agents: 41
num of flexible tasks: 9
Solving time: 0.000277369 seconds
plan limit 980
current timestep 123
num of flexible agents: 43
num of flexible tasks: 9
Solving time: 0.0002699 seconds
plan limit 980
current timestep 124
num of flexible agents: 46
num of flexible tasks: 8
Solving time: 0.000246325 seconds
plan limit 980
current timestep 125
num of flexible agents: 47
num of flexible tasks: 7
Solving time: 0.000261574 seconds
plan limit 980
current timestep 126
num of flexible agents: 47
num of flexible tasks: 7
Solving time: 0.000264465 seconds
plan limit 980
current timestep 127
num of flexible agents: 46
num of flexible tasks: 7
Solving time: 0.000256978 seconds
plan limit 980
current timestep 128
num of flexible agents: 43
num of flexible tasks: 5
Solving time: 0.000261569 seconds
plan limit 980
current timestep 129
num of flexible agents: 45
num of flexible tasks: 7
Solving time: 0.000266092 seconds
plan limit 980
current timestep 130
num of flexible agents: 45
num of flexible tasks: 8
Solving time: 0.000236581 seconds
plan limit 980
current timestep 131
num of flexible agents: 44
num of flexible tasks: 8
Solving time: 0.000259982 seconds
plan limit 980
current timestep 132
num of flexible agents: 42
num of flexible tasks: 7
Solving time: 0.000241853 seconds
plan limit 980
current timestep 133
num of flexible agents: 42
num of flexible tasks: 7
Solving time: 0.000260655 seconds
plan limit 980
current timestep 134
num of flexible agents: 43
num of flexible tasks: 7
Solving time: 0.000258626 seconds
plan limit 980
current timestep 135
num of flexible agents: 42
num of flexible tasks: 5
Solving time: 0.00023473 seconds
plan limit 980
current timestep 136
num of flexible agents: 44
num of flexible tasks: 5
Solving time: 0.000251035 seconds
plan limit 980
current timestep 137
num of flexible agents: 44
num of flexible tasks: 5
Solving time: 0.000256325 seconds
plan limit 980
current timestep 138
num of flexible agents: 44
num of flexible tasks: 7
Solving time: 0.000276463 seconds
plan limit 980
current timestep 139
num of flexible agents: 42
num of flexible tasks: 7
Solving time: 0.000261919 seconds
plan limit 980
current timestep 140
num of flexible agents: 42
num of flexible tasks: 7
Solving time: 0.000275684 seconds
plan limit 980
current timestep 141
num of flexible agents: 42
num of flexible tasks: 8
Solving time: 0.000287537 seconds
plan limit 980
current timestep 142
num of flexible agents: 43
num of flexible tasks: 8
Solving time: 0.000265028 seconds
plan limit 980
current timestep 143
num of flexible agents: 42
num of flexible tasks: 7
Solving time: 0.000250929 seconds
plan limit 980
current timestep 144
num of flexible agents: 40
num of flexible tasks: 7
Solving time: 0.000247314 seconds
plan limit 980
current timestep 145
num of flexible agents: 41
num of flexible tasks: 8
Solving time: 0.000259964 seconds
plan limit 980
current timestep 146
num of flexible agents: 39
num of flexible tasks: 7
Solving time: 0.000270885 seconds
plan limit 980
current timestep 147
num of flexible agents: 38
num of flexible tasks: 7
Solving time: 0.000252092 seconds
plan limit 980
current timestep 148
num of flexible agents: 39
num of flexible tasks: 7
Solving time: 0.000300726 seconds
plan limit 980
current timestep 149
num of flexible agents: 39
num of flexible tasks: 7
Solving time: 0.00026166 seconds
plan limit 980
current timestep 150
num of flexible agents: 37
num of flexible tasks: 7
Solving time: 0.00025932 seconds
plan limit 980
current timestep 151
num of flexible agents: 37
num of flexible tasks: 9
Solving time: 0.000292182 seconds
plan limit 980
current timestep 152
num of flexible agents: 35
num of flexible tasks: 7
Solving time: 0.000280906 seconds
plan limit 980
current timestep 153
num of flexible agents: 36
num of flexible tasks: 8
Solving time: 0.000282038 seconds
plan limit 980
current timestep 154
num of flexible agents: 38
num of flexible tasks: 9
Solving time: 0.000289572 seconds
plan limit 980
current timestep 155
num of flexible agents: 40
num of flexible tasks: 10
Solving time: 0.000298322 seconds
plan limit 980
current timestep 156
num of flexible agents: 42
num of flexible tasks: 12
Solving time: 0.000387598 seconds
plan limit 980
current timestep 157
num of flexible agents: 43
num of flexible tasks: 14
Solving time: 0.000296734 seconds
plan limit 980
current timestep 158
num of flexible agents: 43
num of flexible tasks: 14
Solving time: 0.000311354 seconds
plan limit 980
current timestep 159
num of flexible agents: 41
num of flexible tasks: 12
Solving time: 0.000311201 seconds
plan limit 980
current timestep 160
num of flexible agents: 39
num of flexible tasks: 11
Solving time: 0.000285355 seconds
plan limit 980
current timestep 161
num of flexible agents: 39
num of flexible tasks: 11
Solving time: 0.000315782 seconds
plan limit 980
current timestep 162
num of flexible agents: 39
num of flexible tasks: 11
Solving time: 0.000283246 seconds
plan limit 980
current timestep 163
num of flexible agents: 37
num of flexible tasks: 8
Solving time: 0.000303398 seconds
plan limit 980
current timestep 164
num of flexible agents: 36
num of flexible tasks: 7
Solving time: 0.000287713 seconds
plan limit 980
current timestep 165
num of flexible agents: 35
num of flexible tasks: 8
Solving time: 0.000307034 seconds
plan limit 980
current timestep 166
num of flexible agents: 34
num of flexible tasks: 8
Solving time: 0.000292877 seconds
plan limit 980
current timestep 167
num of flexible agents: 36
num of flexible tasks: 9
Solving time: 0.000279587 seconds
plan limit 980
current timestep 168
num of flexible agents: 36
num of flexible tasks: 11
Solving time: 0.000302764 seconds
plan limit 980
current timestep 169
num of flexible agents: 37
num of flexible tasks: 11
Solving time: 0.000326765 seconds
plan limit 980
current timestep 170
num of flexible agents: 38
num of flexible tasks: 10
Solving time: 0.000313442 seconds
plan limit 980
current timestep 171
num of flexible agents: 38
num of flexible tasks: 10
Solving time: 0.000308565 seconds
plan limit 980
current timestep 172
num of flexible agents: 35
num of flexible tasks: 9
Solving time: 0.00028737 seconds
plan limit 980
current timestep 173
num of flexible agents: 34
num of flexible tasks: 9
Solving time: 0.000298952 seconds
plan limit 980
current timestep 174
num of flexible agents: 35
num of flexible tasks: 9
Solving time: 0.00033666 seconds
plan limit 980
current timestep 175
num of flexible agents: 34
num of flexible tasks: 8
Solving time: 0.000327272 seconds
plan limit 980
current timestep 176
num of flexible agents: 38
num of flexible tasks: 9
Solving time: 0.000274731 seconds
plan limit 980
current timestep 177
num of flexible agents: 36
num of flexible tasks: 7
Solving time: 0.000281153 seconds
plan limit 980
current timestep 178
num of flexible agents: 37
num of flexible tasks: 9
Solving time: 0.000295237 seconds
plan limit 980
current timestep 179
num of flexible agents: 36
num of flexible tasks: 6
Solving time: 0.000276731 seconds
plan limit 980
current timestep 180
num of flexible agents: 37
num of flexible tasks: 8
Solving time: 0.000250393 seconds
plan limit 980
current timestep 181
num of flexible agents: 37
num of flexible tasks: 9
Solving time: 0.000254246 seconds
plan limit 980
current timestep 182
num of flexible agents: 35
num of flexible tasks: 6
Solving time: 0.000273728 seconds
plan limit 980
current timestep 183
num of flexible agents: 37
num of flexible tasks: 6
Solving time: 0.000265457 seconds
plan limit 980
current timestep 184
num of flexible agents: 37
num of flexible tasks: 6
Solving time: 0.000245782 seconds
plan limit 980
current timestep 185
num of flexible agents: 38
num of flexible tasks: 6
Solving time: 0.000242456 seconds
plan limit 980
current timestep 186
num of flexible agents: 38
num of flexible tasks: 8
Solving time: 0.00025836 seconds
plan limit 980
current timestep 187
num of flexible agents: 41
num of flexible tasks: 9
Solving time: 0.000276526 seconds
plan limit 980
current timestep 188
num of flexible agents: 40
num of flexible tasks: 8
Solving time: 0.000281156 seconds
plan limit 980
current timestep 189
num of flexible agents: 43
num of flexible tasks: 10
Solving time: 0.00028374 seconds
plan limit 980
current timestep 190
num of flexible agents: 44
num of flexible tasks: 8
Solving time: 0.000277812 seconds
plan limit 980
current timestep 191
num of flexible agents: 43
num of flexible tasks: 8
Solving time: 0.000286067 seconds
plan limit 980
current timestep 192
num of flexible agents: 42
num of flexible tasks: 8
Solving time: 0.000258762 seconds
plan limit 980
current timestep 193
num of flexible agents: 43
num of flexible tasks: 9
Solving time: 0.00029358 seconds
plan limit 980
current timestep 194
num of flexible agents: 43
num of flexible tasks: 10
Solving time: 0.000309399 seconds
plan limit 980
current timestep 195
num of flexible agents: 41
num of flexible tasks: 9
Solving time: 0.000272628 seconds
plan limit 980
current timestep 196
num of flexible agents: 42
num of flexible tasks: 10
Solving time: 0.000274594 seconds
plan limit 980
current timestep 197
num of flexible agents: 39
num of flexible tasks: 9
Solving time: 0.000318053 seconds
plan limit 980
current timestep 198
num of flexible agents: 38
num of flexible tasks: 8
Solving time: 0.000266908 seconds
plan limit 980
current timestep 199
num of flexible agents: 38
num of flexible tasks: 9
Solving time: 0.000296291 seconds
plan limit 980
current timestep 200
num of flexible agents: 37
num of flexible tasks: 8
Solving time: 0.000270235 seconds
plan limit 980
current timestep 201
num of flexible agents: 39
num of flexible tasks: 9
Solving time: 0.000291834 seconds
plan limit 980
current timestep 202
num of flexible agents: 39
num of flexible tasks: 7
Solving time: 0.00026482 seconds
plan limit 980
current timestep 203
num of flexible agents: 39
num of flexible tasks: 6
Solving time: 0.000283763 seconds
plan limit 980
current timestep 204
num of flexible agents: 38
num of flexible tasks: 4
Solving time: 0.000274458 seconds
plan limit 980
current timestep 205
num of flexible agents: 39
num of flexible tasks: 6
Solving time: 0.000251625 seconds
plan limit 980
current timestep 206
num of flexible agents: 39
num of flexible tasks: 7
Solving time: 0.000255611 seconds
plan limit 980
current timestep 207
num of flexible agents: 42
num of flexible tasks: 9
Solving time: 0.000309162 seconds
plan limit 980
current timestep 208
num of flexible agents: 42
num of flexible tasks: 9
Solving time: 0.000237224 seconds
plan limit 980
current timestep 209
num of flexible agents: 45
num of flexible tasks: 11
Solving time: 0.000251372 seconds
plan limit 980
current timestep 210
num of flexible agents: 43
num of flexible tasks: 9
Solving time: 0.000269418 seconds
plan limit 980
current timestep 211
num of flexible agents: 44
num of flexible tasks: 7
Solving time: 0.000251409 seconds
plan limit 980
current timestep 212
num of flexible agents: 42
num of flexible tasks: 6
Solving time: 0.000269321 seconds
plan limit 980
current timestep 213
num of flexible agents: 41
num of flexible tasks: 5
Solving time: 0.000238676 seconds
plan limit 980
current timestep 214
num of flexible agents: 45
num of flexible tasks: 7
Solving time: 0.000239715 seconds
plan limit 980
current timestep 215
num of flexible agents: 42
num of flexible tasks: 6
Solving time: 0.000326476 seconds
plan limit 980
current timestep 216
num of flexible agents: 43
num of flexible tasks: 8
Solving time: 0.000237861 seconds
plan limit 980
current timestep 217
num of flexible agents: 45
num of flexible tasks: 9
Solving time: 0.00025163 seconds
plan limit 980
current timestep 218
num of flexible agents: 45
num of flexible tasks: 9
Solving time: 0.000245551 seconds
plan limit 980
current timestep 219
num of flexible agents: 44
num of flexible tasks: 9
Solving time: 0.000242883 seconds
plan limit 980
current timestep 220
num of flexible agents: 42
num of flexible tasks: 8
Solving time: 0.000252722 seconds
plan limit 980
current timestep 221
num of flexible agents: 40
num of flexible tasks: 7
Solving time: 0.000265036 seconds
plan limit 980
current timestep 222
num of flexible agents: 38
num of flexible tasks: 7
Solving time: 0.000232979 seconds
plan limit 980
current timestep 223
num of flexible agents: 40
num of flexible tasks: 8
Solving time: 0.000262359 seconds
plan limit 980
current timestep 224
num of flexible agents: 37
num of flexible tasks: 7
Solving time: 0.000273527 seconds
plan limit 980
current timestep 225
num of flexible agents: 38
num of flexible tasks: 9
Solving time: 0.000276285 seconds
plan limit 980
current timestep 226
num of flexible agents: 35
num of flexible tasks: 7
Solving time: 0.000268066 seconds
plan limit 980
current timestep 227
num of flexible agents: 37
num of flexible tasks: 8
Solving time: 0.000246538 seconds
plan limit 980
current timestep 228
num of flexible agents: 34
num of flexible tasks: 7
Solving time: 0.000300071 seconds
plan limit 980
current timestep 229
num of flexible agents: 37
num of flexible tasks: 8
Solving time: 0.0003116 seconds
plan limit 980
current timestep 230
num of flexible agents: 37
num of flexible tasks: 8
Solving time: 0.000279994 seconds
plan limit 980
current timestep 231
num of flexible agents: 36
num of flexible tasks: 6
Solving time: 0.000248396 seconds
plan limit 980
current timestep 232
num of flexible agents: 37
num of flexible tasks: 7
Solving time: 0.000278188 seconds
plan limit 980
current timestep 233
num of flexible agents: 39
num of flexible tasks: 9
Solving time: 0.000322947 seconds
plan limit 980
current timestep 234
num of flexible agents: 39
num of flexible tasks: 10
Solving time: 0.000275106 seconds
plan limit 980
current timestep 235
num of flexible agents: 41
num of flexible tasks: 11
Solving time: 0.000260347 seconds
plan limit 980
current timestep 236
num of flexible agents: 42
num of flexible tasks: 12
Solving time: 0.000301723 seconds
plan limit 980
current timestep 237
num of flexible agents: 43
num of flexible tasks: 12
Solving time: 0.000244847 seconds
plan limit 980
current timestep 238
num of flexible agents: 42
num of flexible tasks: 11
Solving time: 0.000288773 seconds
plan limit 980
current timestep 239
num of flexible agents: 40
num of flexible tasks: 11
Solving time: 0.00025822 seconds
plan limit 980
current timestep 240
num of flexible agents: 39
num of flexible tasks: 10
Solving time: 0.000305279 seconds
plan limit 980
current timestep 241
num of flexible agents: 38
num of flexible tasks: 11
Solving time: 0.000269918 seconds
plan limit 980
current timestep 242
num of flexible agents: 37
num of flexible tasks: 12
Solving time: 0.000254911 seconds
plan limit 980
current timestep 243
num of flexible agents: 39
num of flexible tasks: 12
Solving time: 0.000237334 seconds
plan limit 980
current timestep 244
num of flexible agents: 41
num of flexible tasks: 9
Solving time: 0.000263438 seconds
plan limit 980
current timestep 245
num of flexible agents: 37
num of flexible tasks: 7
Solving time: 0.000259018 seconds
plan limit 980
current timestep 246
num of flexible agents: 35
num of flexible tasks: 7
Solving time: 0.00028786 seconds
plan limit 980
current timestep 247
num of flexible agents: 36
num of flexible tasks: 8
Solving time: 0.000323325 seconds
plan limit 980
current timestep 248
num of flexible agents: 36
num of flexible tasks: 10
Solving time: 0.000275759 seconds
plan limit 980
current timestep 249
num of flexible agents: 40
num of flexible tasks: 12
Solving time: 0.000287974 seconds
plan limit 980
current timestep 250
num of flexible agents: 40
num of flexible tasks: 9
Solving time: 0.000239273 seconds
plan limit 980
current timestep 251
num of flexible agents: 41
num of flexible tasks: 8
Solving time: 0.000244824 seconds
plan limit 980
current timestep 252
num of flexible agents: 41
num of flexible tasks: 6
Solving time: 0.000252891 seconds
plan limit 980
current timestep 253
num of flexible agents: 41
num of flexible tasks: 5
Solving time: 0.000240756 seconds
plan limit 980
current timestep 254
num of flexible agents: 41
num of flexible tasks: 4
Solving time: 0.000218167 seconds
plan limit 980
current timestep 255
num of flexible agents: 42
num of flexible tasks: 3
Solving time: 0.000220703 seconds
plan limit 980
current timestep 256
num of flexible agents: 41
num of flexible tasks: 2
Solving time: 0.000211539 seconds
plan limit 980
current timestep 257
num of flexible agents: 42
num of flexible tasks: 2
Solving time: 0.000225225 seconds
plan limit 980
current timestep 258
num of flexible agents: 45
num of flexible tasks: 0
Solving time: 0.000189764 seconds
plan limit 980
current timestep 259
num of flexible agents: 46
num of flexible tasks: 0
Solving time: 0.000212348 seconds
plan limit 980
current timestep 260
num of flexible agents: 46
num of flexible tasks: 0
Solving time: 0.0001936 seconds
plan limit 980
current timestep 261
num of flexible agents: 46
num of flexible tasks: 0
Solving time: 0.000211522 seconds
plan limit 980
current timestep 262
num of flexible agents: 48
num of flexible tasks: 0
Solving time: 0.000219457 seconds
plan limit 980
current timestep 263
num of flexible agents: 49
num of flexible tasks: 0
Solving time: 0.000211594 seconds
plan limit 980
current timestep 264
num of flexible agents: 50
num of flexible tasks: 0
Solving time: 0.000203829 seconds
plan limit 980
current timestep 265
num of flexible agents: 53
num of flexible tasks: 0
Solving time: 0.000207564 seconds
plan limit 980
current timestep 266
num of flexible agents: 55
num of flexible tasks: 0
Solving time: 0.00019726 seconds
plan limit 980
current timestep 267
num of flexible agents: 56
num of flexible tasks: 0
Solving time: 0.000198183 seconds
plan limit 980
current timestep 268
num of flexible agents: 59
num of flexible tasks: 0
Solving time: 0.000198131 seconds
plan limit 980
current timestep 269
num of flexible agents: 60
num of flexible tasks: 0
Solving time: 0.000215711 seconds
plan limit 980
current timestep 270
num of flexible agents: 61
num of flexible tasks: 0
Solving time: 0.000213358 seconds
plan limit 980
current timestep 271
num of flexible agents: 64
num of flexible tasks: 0
Solving time: 0.000182382 seconds
plan limit 980
current timestep 272
num of flexible agents: 66
num of flexible tasks: 0
Solving time: 0.000195996 seconds
plan limit 980
current timestep 273
num of flexible agents: 69
num of flexible tasks: 0
Solving time: 0.000202122 seconds
plan limit 980
current timestep 274
num of flexible agents: 69
num of flexible tasks: 0
Solving time: 0.000248979 seconds
plan limit 980
current timestep 275
num of flexible agents: 70
num of flexible tasks: 0
Solving time: 0.000223727 seconds
plan limit 980
current timestep 276
num of flexible agents: 72
num of flexible tasks: 0
Solving time: 0.000222288 seconds
plan limit 980
current timestep 277
num of flexible agents: 72
num of flexible tasks: 0
Solving time: 0.000214598 seconds
plan limit 980
current timestep 278
num of flexible agents: 75
num of flexible tasks: 0
Solving time: 0.000193041 seconds
plan limit 980
current timestep 279
num of flexible agents: 76
num of flexible tasks: 0
Solving time: 0.000197585 seconds
plan limit 980
current timestep 280
num of flexible agents: 76
num of flexible tasks: 0
Solving time: 0.000201469 seconds
plan limit 980
current timestep 281
num of flexible agents: 77
num of flexible tasks: 0
Solving time: 0.000221317 seconds
plan limit 980
current timestep 282
num of flexible agents: 77
num of flexible tasks: 0
Solving time: 0.000219499 seconds
plan limit 980
current timestep 283
num of flexible agents: 78
num of flexible tasks: 0
Solving time: 0.00021495 seconds
plan limit 980
current timestep 284
num of flexible agents: 78
num of flexible tasks: 0
Solving time: 0.000233141 seconds
plan limit 980
current timestep 285
num of flexible agents: 78
num of flexible tasks: 0
Solving time: 0.000200533 seconds
plan limit 980
current timestep 286
num of flexible agents: 78
num of flexible tasks: 0
Solving time: 0.000202537 seconds
plan limit 980
current timestep 287
num of flexible agents: 78
num of flexible tasks: 0
Solving time: 0.000196922 seconds
plan limit 980
current timestep 288
num of flexible agents: 78
num of flexible tasks: 0
Solving time: 0.000198131 seconds
plan limit 980
current timestep 289
num of flexible agents: 78
num of flexible tasks: 0
Solving time: 0.000198464 seconds
plan limit 980
current timestep 290
num of flexible agents: 78
num of flexible tasks: 0
Solving time: 0.000202185 seconds
plan limit 980
current timestep 291
num of flexible agents: 78
num of flexible tasks: 0
Solving time: 0.000203399 seconds
plan limit 980
current timestep 292
num of flexible agents: 78
num of flexible tasks: 0
Solving time: 0.000195839 seconds
plan limit 980
current timestep 293
num of flexible agents: 78
num of flexible tasks: 0
Solving time: 0.000210356 seconds
plan limit 980
current timestep 294
num of flexible agents: 79
num of flexible tasks: 0
Solving time: 0.000198727 seconds
plan limit 980
current timestep 295
num of flexible agents: 79
num of flexible tasks: 0
Solving time: 0.000196778 seconds
plan limit 980
current timestep 296
num of flexible agents: 79
num of flexible tasks: 0
Solving time: 0.000202485 seconds
plan limit 980
current timestep 297
num of flexible agents: 79
num of flexible tasks: 0
Solving time: 0.000217954 seconds
plan limit 980
All tasks finished at timestep 298
