current timestep 0
num of flexible agents: 80
num of flexible tasks: 2
Solving time: 0.000297877 seconds
plan limit 980
current timestep 1
num of flexible agents: 78
num of flexible tasks: 2
Solving time: 0.000327211 seconds
plan limit 980
current timestep 2
num of flexible agents: 78
num of flexible tasks: 4
Solving time: 0.000288357 seconds
plan limit 980
current timestep 3
num of flexible agents: 77
num of flexible tasks: 5
Solving time: 0.000290353 seconds
plan limit 980
current timestep 4
num of flexible agents: 77
num of flexible tasks: 7
Solving time: 0.000285105 seconds
plan limit 980
current timestep 5
num of flexible agents: 75
num of flexible tasks: 7
Solving time: 0.000273933 seconds
plan limit 980
current timestep 6
num of flexible agents: 74
num of flexible tasks: 8
Solving time: 0.000341534 seconds
plan limit 980
current timestep 7
num of flexible agents: 72
num of flexible tasks: 8
Solving time: 0.000320606 seconds
plan limit 980
current timestep 8
num of flexible agents: 71
num of flexible tasks: 9
Solving time: 0.00031211 seconds
plan limit 980
current timestep 9
num of flexible agents: 71
num of flexible tasks: 11
Solving time: 0.000337755 seconds
plan limit 980
current timestep 10
num of flexible agents: 70
num of flexible tasks: 11
Solving time: 0.000319762 seconds
plan limit 980
current timestep 11
num of flexible agents: 68
num of flexible tasks: 11
Solving time: 0.000326695 seconds
plan limit 980
current timestep 12
num of flexible agents: 68
num of flexible tasks: 12
Solving time: 0.000348574 seconds
plan limit 980
current timestep 13
num of flexible agents: 66
num of flexible tasks: 12
Solving time: 0.000359592 seconds
plan limit 980
current timestep 14
num of flexible agents: 64
num of flexible tasks: 12
Solving time: 0.000369528 seconds
plan limit 980
current timestep 15
num of flexible agents: 64
num of flexible tasks: 13
Solving time: 0.000326933 seconds
plan limit 980
current timestep 16
num of flexible agents: 62
num of flexible tasks: 13
Solving time: 0.000343242 seconds
plan limit 980
current timestep 17
num of flexible agents: 60
num of flexible tasks: 13
Solving time: 0.000354125 seconds
plan limit 980
current timestep 18
num of flexible agents: 58
num of flexible tasks: 13
Solving time: 0.000366715 seconds
plan limit 980
current timestep 19
num of flexible agents: 57
num of flexible tasks: 14
Solving time: 0.000345663 seconds
plan limit 980
current timestep 20
num of flexible agents: 55
num of flexible tasks: 14
Solving time: 0.000361322 seconds
plan limit 980
current timestep 21
num of flexible agents: 55
num of flexible tasks: 16
Solving time: 0.000385851 seconds
plan limit 980
current timestep 22
num of flexible agents: 53
num of flexible tasks: 16
Solving time: 0.000345723 seconds
plan limit 980
current timestep 23
num of flexible agents: 53
num of flexible tasks: 17
Solving time: 0.000348874 seconds
plan limit 980
current timestep 24
num of flexible agents: 51
num of flexible tasks: 16
Solving time: 0.000340182 seconds
plan limit 980
current timestep 25
num of flexible agents: 46
num of flexible tasks: 12
Solving time: 0.000354442 seconds
plan limit 980
current timestep 26
num of flexible agents: 48
num of flexible tasks: 14
Solving time: 0.000342695 seconds
plan limit 980
current timestep 27
num of flexible agents: 48
num of flexible tasks: 15
Solving time: 0.000345298 seconds
plan limit 980
current timestep 28
num of flexible agents: 46
num of flexible tasks: 15
Solving time: 0.000333061 seconds
plan limit 980
current timestep 29
num of flexible agents: 46
num of flexible tasks: 16
Solving time: 0.000353235 seconds
plan limit 980
current timestep 30
num of flexible agents: 44
num of flexible tasks: 16
Solving time: 0.000304288 seconds
plan limit 980
current timestep 31
num of flexible agents: 43
num of flexible tasks: 17
Solving time: 0.000372516 seconds
plan limit 980
current timestep 32
num of flexible agents: 46
num of flexible tasks: 19
Solving time: 0.000340812 seconds
plan limit 980
current timestep 33
num of flexible agents: 43
num of flexible tasks: 18
Solving time: 0.00034923 seconds
plan limit 980
current timestep 34
num of flexible agents: 43
num of flexible tasks: 18
Solving time: 0.000402654 seconds
plan limit 980
current timestep 35
num of flexible agents: 44
num of flexible tasks: 20
Solving time: 0.000384353 seconds
plan limit 980
current timestep 36
num of flexible agents: 42
num of flexible tasks: 19
Solving time: 0.00035564 seconds
plan limit 980
current timestep 37
num of flexible agents: 39
num of flexible tasks: 18
Solving time: 0.000353707 seconds
plan limit 980
current timestep 38
num of flexible agents: 39
num of flexible tasks: 19
Solving time: 0.00035782 seconds
plan limit 980
current timestep 39
num of flexible agents: 39
num of flexible tasks: 19
Solving time: 0.000294285 seconds
plan limit 980
current timestep 40
num of flexible agents: 36
num of flexible tasks: 16
Solving time: 0.00032459 seconds
plan limit 980
current timestep 41
num of flexible agents: 34
num of flexible tasks: 14
Solving time: 0.000283711 seconds
plan limit 980
current timestep 42
num of flexible agents: 32
num of flexible tasks: 12
Solving time: 0.000295521 seconds
plan limit 980
current timestep 43
num of flexible agents: 31
num of flexible tasks: 11
Solving time: 0.000322509 seconds
plan limit 980
current timestep 44
num of flexible agents: 33
num of flexible tasks: 13
Solving time: 0.000294984 seconds
plan limit 980
current timestep 45
num of flexible agents: 34
num of flexible tasks: 11
Solving time: 0.000301051 seconds
plan limit 980
current timestep 46
num of flexible agents: 31
num of flexible tasks: 10
Solving time: 0.000274304 seconds
plan limit 980
current timestep 47
num of flexible agents: 30
num of flexible tasks: 10
Solving time: 0.000285278 seconds
plan limit 980
current timestep 48
num of flexible agents: 31
num of flexible tasks: 11
Solving time: 0.000261218 seconds
plan limit 980
current timestep 49
num of flexible agents: 33
num of flexible tasks: 10
Solving time: 0.000291414 seconds
plan limit 980
current timestep 50
num of flexible agents: 31
num of flexible tasks: 8
Solving time: 0.00027199 seconds
plan limit 980
current timestep 51
num of flexible agents: 33
num of flexible tasks: 9
Solving time: 0.000304006 seconds
plan limit 980
current timestep 52
num of flexible agents: 33
num of flexible tasks: 8
Solving time: 0.000334464 seconds
plan limit 980
current timestep 53
num of flexible agents: 34
num of flexible tasks: 9
Solving time: 0.000258127 seconds
plan limit 980
current timestep 54
num of flexible agents: 35
num of flexible tasks: 9
Solving time: 0.000265106 seconds
plan limit 980
current timestep 55
num of flexible agents: 38
num of flexible tasks: 11
Solving time: 0.000292556 seconds
plan limit 980
current timestep 56
num of flexible agents: 37
num of flexible tasks: 10
Solving time: 0.000315684 seconds
plan limit 980
current timestep 57
num of flexible agents: 38
num of flexible tasks: 12
Solving time: 0.000291278 seconds
plan limit 980
current timestep 58
num of flexible agents: 37
num of flexible tasks: 11
Solving time: 0.000294721 seconds
plan limit 980
current timestep 59
num of flexible agents: 34
num of flexible tasks: 10
Solving time: 0.000280672 seconds
plan limit 980
current timestep 60
num of flexible agents: 34
num of flexible tasks: 9
Solving time: 0.000279232 seconds
plan limit 980
current timestep 61
num of flexible agents: 34
num of flexible tasks: 8
Solving time: 0.000274838 seconds
plan limit 980
current timestep 62
num of flexible agents: 33
num of flexible tasks: 7
Solving time: 0.000239026 seconds
plan limit 980
current timestep 63
num of flexible agents: 33
num of flexible tasks: 8
Solving time: 0.000281419 seconds
plan limit 980
current timestep 64
num of flexible agents: 36
num of flexible tasks: 9
Solving time: 0.000245639 seconds
plan limit 980
current timestep 65
num of flexible agents: 36
num of flexible tasks: 8
Solving time: 0.000257127 seconds
plan limit 980
current timestep 66
num of flexible agents: 35
num of flexible tasks: 8
Solving time: 0.000251652 seconds
plan limit 980
current timestep 67
num of flexible agents: 36
num of flexible tasks: 10
Solving time: 0.000248065 seconds
plan limit 980
current timestep 68
num of flexible agents: 35
num of flexible tasks: 9
Solving time: 0.000265738 seconds
plan limit 980
current timestep 69
num of flexible agents: 38
num of flexible tasks: 9
Solving time: 0.000249462 seconds
plan limit 980
current timestep 70
num of flexible agents: 36
num of flexible tasks: 7
Solving time: 0.000240683 seconds
plan limit 980
current timestep 71
num of flexible agents: 35
num of flexible tasks: 5
Solving time: 0.000254176 seconds
plan limit 980
current timestep 72
num of flexible agents: 37
num of flexible tasks: 7
Solving time: 0.000256899 seconds
plan limit 980
current timestep 73
num of flexible agents: 37
num of flexible tasks: 8
Solving time: 0.000300653 seconds
plan limit 980
current timestep 74
num of flexible agents: 37
num of flexible tasks: 8
Solving time: 0.000275583 seconds
plan limit 980
current timestep 75
num of flexible agents: 37
num of flexible tasks: 8
Solving time: 0.00031075 seconds
plan limit 980
current timestep 76
num of flexible agents: 35
num of flexible tasks: 7
Solving time: 0.000304765 seconds
plan limit 980
current timestep 77
num of flexible agents: 37
num of flexible tasks: 8
Solving time: 0.000278936 seconds
plan limit 980
current timestep 78
num of flexible agents: 38
num of flexible tasks: 8
Solving time: 0.00031193 seconds
plan limit 980
current timestep 79
num of flexible agents: 40
num of flexible tasks: 10
Solving time: 0.000313293 seconds
plan limit 980
current timestep 80
num of flexible agents: 40
num of flexible tasks: 11
Solving time: 0.000321542 seconds
plan limit 980
current timestep 81
num of flexible agents: 41
num of flexible tasks: 12
Solving time: 0.000278239 seconds
plan limit 980
current timestep 82
num of flexible agents: 39
num of flexible tasks: 9
Solving time: 0.000286902 seconds
plan limit 980
current timestep 83
num of flexible agents: 39
num of flexible tasks: 8
Solving time: 0.000282351 seconds
plan limit 980
current timestep 84
num of flexible agents: 36
num of flexible tasks: 7
Solving time: 0.000271029 seconds
plan limit 980
current timestep 85
num of flexible agents: 35
num of flexible tasks: 7
Solving time: 0.000256948 seconds
plan limit 980
current timestep 86
num of flexible agents: 36
num of flexible tasks: 7
Solving time: 0.000246628 seconds
plan limit 980
current timestep 87
num of flexible agents: 33
num of flexible tasks: 5
Solving time: 0.000272043 seconds
plan limit 980
current timestep 88
num of flexible agents: 34
num of flexible tasks: 7
Solving time: 0.000267774 seconds
plan limit 980
current timestep 89
num of flexible agents: 35
num of flexible tasks: 8
Solving time: 0.000262086 seconds
plan limit 980
current timestep 90
num of flexible agents: 35
num of flexible tasks: 9
Solving time: 0.000272533 seconds
plan limit 980
current timestep 91
num of flexible agents: 38
num of flexible tasks: 8
Solving time: 0.000259787 seconds
plan limit 980
current timestep 92
num of flexible agents: 41
num of flexible tasks: 9
Solving time: 0.000253064 seconds
plan limit 980
current timestep 93
num of flexible agents: 41
num of flexible tasks: 8
Solving time: 0.000310795 seconds
plan limit 980
current timestep 94
num of flexible agents: 39
num of flexible tasks: 7
Solving time: 0.000240678 seconds
plan limit 980
current timestep 95
num of flexible agents: 44
num of flexible tasks: 9
Solving time: 0.000289806 seconds
plan limit 980
current timestep 96
num of flexible agents: 45
num of flexible tasks: 10
Solving time: 0.00025831 seconds
plan limit 980
current timestep 97
num of flexible agents: 43
num of flexible tasks: 8
Solving time: 0.000242376 seconds
plan limit 980
current timestep 98
num of flexible agents: 42
num of flexible tasks: 7
Solving time: 0.000294648 seconds
plan limit 980
current timestep 99
num of flexible agents: 42
num of flexible tasks: 8
Solving time: 0.000250631 seconds
plan limit 980
current timestep 100
num of flexible agents: 42
num of flexible tasks: 9
Solving time: 0.000255201 seconds
plan limit 980
current timestep 101
num of flexible agents: 39
num of flexible tasks: 7
Solving time: 0.000233982 seconds
plan limit 980
current timestep 102
num of flexible agents: 41
num of flexible tasks: 7
Solving time: 0.000244177 seconds
plan limit 980
current timestep 103
num of flexible agents: 42
num of flexible tasks: 8
Solving time: 0.000287133 seconds
plan limit 980
current timestep 104
num of flexible agents: 41
num of flexible tasks: 7
Solving time: 0.000250151 seconds
plan limit 980
current timestep 105
num of flexible agents: 40
num of flexible tasks: 7
Solving time: 0.000243663 seconds
plan limit 980
current timestep 106
num of flexible agents: 39
num of flexible tasks: 8
Solving time: 0.000279802 seconds
plan limit 980
current timestep 107
num of flexible agents: 40
num of flexible tasks: 8
Solving time: 0.000290132 seconds
plan limit 980
current timestep 108
num of flexible agents: 39
num of flexible tasks: 9
Solving time: 0.000280258 seconds
plan limit 980
current timestep 109
num of flexible agents: 41
num of flexible tasks: 11
Solving time: 0.000281967 seconds
plan limit 980
current timestep 110
num of flexible agents: 38
num of flexible tasks: 10
Solving time: 0.000294192 seconds
plan limit 980
current timestep 111
num of flexible agents: 39
num of flexible tasks: 11
Solving time: 0.000277549 seconds
plan limit 980
current timestep 112
num of flexible agents: 38
num of flexible tasks: 9
Solving time: 0.000271825 seconds
plan limit 980
current timestep 113
num of flexible agents: 40
num of flexible tasks: 9
Solving time: 0.00030051 seconds
plan limit 980
current timestep 114
num of flexible agents: 41
num of flexible tasks: 9
Solving time: 0.000298006 seconds
plan limit 980
current timestep 115
num of flexible agents: 40
num of flexible tasks: 8
Solving time: 0.000272812 seconds
plan limit 980
current timestep 116
num of flexible agents: 40
num of flexible tasks: 9
Solving time: 0.000282233 seconds
plan limit 980
current timestep 117
num of flexible agents: 41
num of flexible tasks: 8
Solving time: 0.000247049 seconds
plan limit 980
current timestep 118
num of flexible agents: 37
num of flexible tasks: 6
Solving time: 0.000279011 seconds
plan limit 980
current timestep 119
num of flexible agents: 37
num of flexible tasks: 8
Solving time: 0.000271074 seconds
plan limit 980
current timestep 120
num of flexible agents: 39
num of flexible tasks: 9
Solving time: 0.000267634 seconds
plan limit 980
current timestep 121
num of flexible agents: 39
num of flexible tasks: 10
Solving time: 0.000270598 seconds
plan limit 980
current timestep 122
num of flexible agents: 39
num of flexible tasks: 10
Solving time: 0.000266131 seconds
plan limit 980
current timestep 123
num of flexible agents: 37
num of flexible tasks: 8
Solving time: 0.000258576 seconds
plan limit 980
current timestep 124
num of flexible agents: 33
num of flexible tasks: 5
Solving time: 0.000290807 seconds
plan limit 980
current timestep 125
num of flexible agents: 35
num of flexible tasks: 5
Solving time: 0.000245723 seconds
plan limit 980
current timestep 126
num of flexible agents: 33
num of flexible tasks: 5
Solving time: 0.000264048 seconds
plan limit 980
current timestep 127
num of flexible agents: 37
num of flexible tasks: 5
Solving time: 0.000247635 seconds
plan limit 980
current timestep 128
num of flexible agents: 39
num of flexible tasks: 7
Solving time: 0.000272965 seconds
plan limit 980
current timestep 129
num of flexible agents: 37
num of flexible tasks: 6
Solving time: 0.000304225 seconds
plan limit 980
current timestep 130
num of flexible agents: 40
num of flexible tasks: 7
Solving time: 0.000287078 seconds
plan limit 980
current timestep 131
num of flexible agents: 39
num of flexible tasks: 6
Solving time: 0.000272891 seconds
plan limit 980
current timestep 132
num of flexible agents: 39
num of flexible tasks: 7
Solving time: 0.000255437 seconds
plan limit 980
current timestep 133
num of flexible agents: 36
num of flexible tasks: 5
Solving time: 0.000287975 seconds
plan limit 980
current timestep 134
num of flexible agents: 34
num of flexible tasks: 5
Solving time: 0.0003038 seconds
plan limit 980
current timestep 135
num of flexible agents: 34
num of flexible tasks: 6
Solving time: 0.000270448 seconds
plan limit 980
current timestep 136
num of flexible agents: 35
num of flexible tasks: 7
Solving time: 0.000249767 seconds
plan limit 980
current timestep 137
num of flexible agents: 36
num of flexible tasks: 8
Solving time: 0.000261264 seconds
plan limit 980
current timestep 138
num of flexible agents: 37
num of flexible tasks: 9
Solving time: 0.000260565 seconds
plan limit 980
current timestep 139
num of flexible agents: 35
num of flexible tasks: 8
Solving time: 0.000272832 seconds
plan limit 980
current timestep 140
num of flexible agents: 34
num of flexible tasks: 7
Solving time: 0.000261058 seconds
plan limit 980
current timestep 141
num of flexible agents: 35
num of flexible tasks: 7
Solving time: 0.000244949 seconds
plan limit 980
current timestep 142
num of flexible agents: 34
num of flexible tasks: 7
Solving time: 0.000264318 seconds
plan limit 980
current timestep 143
num of flexible agents: 35
num of flexible tasks: 7
Solving time: 0.000240502 seconds
plan limit 980
current timestep 144
num of flexible agents: 32
num of flexible tasks: 5
Solving time: 0.000251103 seconds
plan limit 980
current timestep 145
num of flexible agents: 33
num of flexible tasks: 7
Solving time: 0.000262528 seconds
plan limit 980
current timestep 146
num of flexible agents: 35
num of flexible tasks: 8
Solving time: 0.000249392 seconds
plan limit 980
current timestep 147
num of flexible agents: 32
num of flexible tasks: 7
Solving time: 0.000266988 seconds
plan limit 980
current timestep 148
num of flexible agents: 32
num of flexible tasks: 7
Solving time: 0.000278535 seconds
plan limit 980
current timestep 149
num of flexible agents: 35
num of flexible tasks: 7
Solving time: 0.000247307 seconds
plan limit 980
current timestep 150
num of flexible agents: 34
num of flexible tasks: 8
Solving time: 0.00025995 seconds
plan limit 980
current timestep 151
num of flexible agents: 33
num of flexible tasks: 7
Solving time: 0.000260673 seconds
plan limit 980
current timestep 152
num of flexible agents: 32
num of flexible tasks: 7
Solving time: 0.00024311 seconds
plan limit 980
current timestep 153
num of flexible agents: 29
num of flexible tasks: 6
Solving time: 0.000268436 seconds
plan limit 980
current timestep 154
num of flexible agents: 31
num of flexible tasks: 7
Solving time: 0.000277119 seconds
plan limit 980
current timestep 155
num of flexible agents: 30
num of flexible tasks: 7
Solving time: 0.00028843 seconds
plan limit 980
current timestep 156
num of flexible agents: 31
num of flexible tasks: 8
Solving time: 0.000266076 seconds
plan limit 980
current timestep 157
num of flexible agents: 34
num of flexible tasks: 10
Solving time: 0.000309023 seconds
plan limit 980
current timestep 158
num of flexible agents: 34
num of flexible tasks: 7
Solving time: 0.000238725 seconds
plan limit 980
current timestep 159
num of flexible agents: 36
num of flexible tasks: 8
Solving time: 0.000225102 seconds
plan limit 980
current timestep 160
num of flexible agents: 38
num of flexible tasks: 8
Solving time: 0.000227465 seconds
plan limit 980
current timestep 161
num of flexible agents: 38
num of flexible tasks: 8
Solving time: 0.000233894 seconds
plan limit 980
current timestep 162
num of flexible agents: 36
num of flexible tasks: 6
Solving time: 0.000263393 seconds
plan limit 980
current timestep 163
num of flexible agents: 38
num of flexible tasks: 7
Solving time: 0.000222276 seconds
plan limit 980
current timestep 164
num of flexible agents: 37
num of flexible tasks: 5
Solving time: 0.000251589 seconds
plan limit 980
current timestep 165
num of flexible agents: 37
num of flexible tasks: 6
Solving time: 0.000231863 seconds
plan limit 980
current timestep 166
num of flexible agents: 35
num of flexible tasks: 6
Solving time: 0.000268592 seconds
plan limit 980
current timestep 167
num of flexible agents: 34
num of flexible tasks: 5
Solving time: 0.000243617 seconds
plan limit 980
current timestep 168
num of flexible agents: 36
num of flexible tasks: 6
Solving time: 0.000239625 seconds
plan limit 980
current timestep 169
num of flexible agents: 37
num of flexible tasks: 7
Solving time: 0.000265953 seconds
plan limit 980
current timestep 170
num of flexible agents: 38
num of flexible tasks: 9
Solving time: 0.0002605 seconds
plan limit 980
current timestep 171
num of flexible agents: 39
num of flexible tasks: 9
Solving time: 0.0002919 seconds
plan limit 980
current timestep 172
num of flexible agents: 38
num of flexible tasks: 9
Solving time: 0.000284032 seconds
plan limit 980
current timestep 173
num of flexible agents: 38
num of flexible tasks: 9
Solving time: 0.000263048 seconds
plan limit 980
current timestep 174
num of flexible agents: 41
num of flexible tasks: 11
Solving time: 0.00026559 seconds
plan limit 980
current timestep 175
num of flexible agents: 39
num of flexible tasks: 10
Solving time: 0.000275931 seconds
plan limit 980
current timestep 176
num of flexible agents: 38
num of flexible tasks: 9
Solving time: 0.000274917 seconds
plan limit 980
current timestep 177
num of flexible agents: 38
num of flexible tasks: 9
Solving time: 0.000273082 seconds
plan limit 980
current timestep 178
num of flexible agents: 38
num of flexible tasks: 9
Solving time: 0.000251512 seconds
plan limit 980
current timestep 179
num of flexible agents: 39
num of flexible tasks: 9
Solving time: 0.000244129 seconds
plan limit 980
current timestep 180
num of flexible agents: 39
num of flexible tasks: 10
Solving time: 0.000305271 seconds
plan limit 980
current timestep 181
num of flexible agents: 38
num of flexible tasks: 10
Solving time: 0.000243054 seconds
plan limit 980
current timestep 182
num of flexible agents: 34
num of flexible tasks: 7
Solving time: 0.00022648 seconds
plan limit 980
current timestep 183
num of flexible agents: 34
num of flexible tasks: 6
Solving time: 0.000251072 seconds
plan limit 980
current timestep 184
num of flexible agents: 35
num of flexible tasks: 6
Solving time: 0.000229902 seconds
plan limit 980
current timestep 185
num of flexible agents: 35
num of flexible tasks: 7
Solving time: 0.000261375 seconds
plan limit 980
current timestep 186
num of flexible agents: 36
num of flexible tasks: 7
Solving time: 0.00026616 seconds
plan limit 980
current timestep 187
num of flexible agents: 39
num of flexible tasks: 9
Solving time: 0.000297716 seconds
plan limit 980
current timestep 188
num of flexible agents: 45
num of flexible tasks: 11
Solving time: 0.000295834 seconds
plan limit 980
current timestep 189
num of flexible agents: 45
num of flexible tasks: 12
Solving time: 0.000298281 seconds
plan limit 980
current timestep 190
num of flexible agents: 47
num of flexible tasks: 12
Solving time: 0.000282253 seconds
plan limit 980
current timestep 191
num of flexible agents: 48
num of flexible tasks: 10
Solving time: 0.000267336 seconds
plan limit 980
current timestep 192
num of flexible agents: 44
num of flexible tasks: 8
Solving time: 0.000263933 seconds
plan limit 980
current timestep 193
num of flexible agents: 45
num of flexible tasks: 10
Solving time: 0.000274737 seconds
plan limit 980
current timestep 194
num of flexible agents: 46
num of flexible tasks: 9
Solving time: 0.000253681 seconds
plan limit 980
current timestep 195
num of flexible agents: 45
num of flexible tasks: 7
Solving time: 0.000277907 seconds
plan limit 980
current timestep 196
num of flexible agents: 44
num of flexible tasks: 8
Solving time: 0.0003183 seconds
plan limit 980
current timestep 197
num of flexible agents: 42
num of flexible tasks: 8
Solving time: 0.000264272 seconds
plan limit 980
current timestep 198
num of flexible agents: 43
num of flexible tasks: 8
Solving time: 0.000261988 seconds
plan limit 980
current timestep 199
num of flexible agents: 44
num of flexible tasks: 10
Solving time: 0.000257069 seconds
plan limit 980
current timestep 200
num of flexible agents: 44
num of flexible tasks: 10
Solving time: 0.000263029 seconds
plan limit 980
current timestep 201
num of flexible agents: 42
num of flexible tasks: 7
Solving time: 0.000248554 seconds
plan limit 980
current timestep 202
num of flexible agents: 40
num of flexible tasks: 6
Solving time: 0.000244738 seconds
plan limit 980
current timestep 203
num of flexible agents: 41
num of flexible tasks: 7
Solving time: 0.000298163 seconds
plan limit 980
current timestep 204
num of flexible agents: 43
num of flexible tasks: 9
Solving time: 0.000286076 seconds
plan limit 980
current timestep 205
num of flexible agents: 40
num of flexible tasks: 7
Solving time: 0.000236662 seconds
plan limit 980
current timestep 206
num of flexible agents: 41
num of flexible tasks: 8
Solving time: 0.000262999 seconds
plan limit 980
current timestep 207
num of flexible agents: 44
num of flexible tasks: 9
Solving time: 0.000278181 seconds
plan limit 980
current timestep 208
num of flexible agents: 44
num of flexible tasks: 9
Solving time: 0.000267726 seconds
plan limit 980
current timestep 209
num of flexible agents: 43
num of flexible tasks: 7
Solving time: 0.000242324 seconds
plan limit 980
current timestep 210
num of flexible agents: 45
num of flexible tasks: 9
Solving time: 0.000278212 seconds
plan limit 980
current timestep 211
num of flexible agents: 44
num of flexible tasks: 8
Solving time: 0.000300766 seconds
plan limit 980
current timestep 212
num of flexible agents: 42
num of flexible tasks: 8
Solving time: 0.000286206 seconds
plan limit 980
current timestep 213
num of flexible agents: 41
num of flexible tasks: 8
Solving time: 0.000268477 seconds
plan limit 980
current timestep 214
num of flexible agents: 44
num of flexible tasks: 7
Solving time: 0.000243419 seconds
plan limit 980
current timestep 215
num of flexible agents: 42
num of flexible tasks: 7
Solving time: 0.000238434 seconds
plan limit 980
current timestep 216
num of flexible agents: 42
num of flexible tasks: 7
Solving time: 0.00026716 seconds
plan limit 980
current timestep 217
num of flexible agents: 42
num of flexible tasks: 7
Solving time: 0.000254902 seconds
plan limit 980
current timestep 218
num of flexible agents: 45
num of flexible tasks: 9
Solving time: 0.000258974 seconds
plan limit 980
current timestep 219
num of flexible agents: 43
num of flexible tasks: 9
Solving time: 0.00028772 seconds
plan limit 980
current timestep 220
num of flexible agents: 46
num of flexible tasks: 10
Solving time: 0.000248377 seconds
plan limit 980
current timestep 221
num of flexible agents: 46
num of flexible tasks: 11
Solving time: 0.000298046 seconds
plan limit 980
current timestep 222
num of flexible agents: 44
num of flexible tasks: 8
Solving time: 0.000276779 seconds
plan limit 980
current timestep 223
num of flexible agents: 40
num of flexible tasks: 4
Solving time: 0.00021476 seconds
plan limit 980
current timestep 224
num of flexible agents: 41
num of flexible tasks: 5
Solving time: 0.000266184 seconds
plan limit 980
current timestep 225
num of flexible agents: 43
num of flexible tasks: 5
Solving time: 0.000244432 seconds
plan limit 980
current timestep 226
num of flexible agents: 43
num of flexible tasks: 5
Solving time: 0.000303746 seconds
plan limit 980
current timestep 227
num of flexible agents: 43
num of flexible tasks: 7
Solving time: 0.000255207 seconds
plan limit 980
current timestep 228
num of flexible agents: 44
num of flexible tasks: 8
Solving time: 0.000263657 seconds
plan limit 980
current timestep 229
num of flexible agents: 43
num of flexible tasks: 9
Solving time: 0.000276856 seconds
plan limit 980
current timestep 230
num of flexible agents: 42
num of flexible tasks: 9
Solving time: 0.000260408 seconds
plan limit 980
current timestep 231
num of flexible agents: 42
num of flexible tasks: 8
Solving time: 0.000264992 seconds
plan limit 980
current timestep 232
num of flexible agents: 40
num of flexible tasks: 8
Solving time: 0.00025291 seconds
plan limit 980
current timestep 233
num of flexible agents: 42
num of flexible tasks: 10
Solving time: 0.0002679 seconds
plan limit 980
current timestep 234
num of flexible agents: 47
num of flexible tasks: 10
Solving time: 0.000320933 seconds
plan limit 980
current timestep 235
num of flexible agents: 43
num of flexible tasks: 8
Solving time: 0.000298075 seconds
plan limit 980
current timestep 236
num of flexible agents: 43
num of flexible tasks: 8
Solving time: 0.00027181 seconds
plan limit 980
current timestep 237
num of flexible agents: 43
num of flexible tasks: 8
Solving time: 0.000261706 seconds
plan limit 980
current timestep 238
num of flexible agents: 45
num of flexible tasks: 9
Solving time: 0.000242096 seconds
plan limit 980
current timestep 239
num of flexible agents: 45
num of flexible tasks: 9
Solving time: 0.000320927 seconds
plan limit 980
current timestep 240
num of flexible agents: 42
num of flexible tasks: 6
Solving time: 0.00026395 seconds
plan limit 980
current timestep 241
num of flexible agents: 42
num of flexible tasks: 6
Solving time: 0.000268663 seconds
plan limit 980
current timestep 242
num of flexible agents: 42
num of flexible tasks: 7
Solving time: 0.000281113 seconds
plan limit 980
current timestep 243
num of flexible agents: 43
num of flexible tasks: 9
Solving time: 0.000266975 seconds
plan limit 980
current timestep 244
num of flexible agents: 42
num of flexible tasks: 7
Solving time: 0.000301396 seconds
plan limit 980
current timestep 245
num of flexible agents: 39
num of flexible tasks: 5
Solving time: 0.000303232 seconds
plan limit 980
current timestep 246
num of flexible agents: 38
num of flexible tasks: 6
Solving time: 0.000272133 seconds
plan limit 980
current timestep 247
num of flexible agents: 39
num of flexible tasks: 8
Solving time: 0.000262062 seconds
plan limit 980
current timestep 248
num of flexible agents: 37
num of flexible tasks: 8
Solving time: 0.00029144 seconds
plan limit 980
current timestep 249
num of flexible agents: 35
num of flexible tasks: 7
Solving time: 0.000240934 seconds
plan limit 980
current timestep 250
num of flexible agents: 35
num of flexible tasks: 6
Solving time: 0.000253815 seconds
plan limit 980
current timestep 251
num of flexible agents: 36
num of flexible tasks: 4
Solving time: 0.0002194 seconds
plan limit 980
current timestep 252
num of flexible agents: 39
num of flexible tasks: 4
Solving time: 0.000216104 seconds
plan limit 980
current timestep 253
num of flexible agents: 42
num of flexible tasks: 4
Solving time: 0.000248553 seconds
plan limit 980
current timestep 254
num of flexible agents: 42
num of flexible tasks: 3
Solving time: 0.000215377 seconds
plan limit 980
current timestep 255
num of flexible agents: 42
num of flexible tasks: 1
Solving time: 0.000229588 seconds
plan limit 980
current timestep 256
num of flexible agents: 46
num of flexible tasks: 0
Solving time: 0.000195474 seconds
plan limit 980
current timestep 257
num of flexible agents: 48
num of flexible tasks: 0
Solving time: 0.000224969 seconds
plan limit 980
current timestep 258
num of flexible agents: 54
num of flexible tasks: 0
Solving time: 0.000239482 seconds
plan limit 980
current timestep 259
num of flexible agents: 56
num of flexible tasks: 0
Solving time: 0.000207542 seconds
plan limit 980
current timestep 260
num of flexible agents: 57
num of flexible tasks: 0
Solving time: 0.000215266 seconds
plan limit 980
current timestep 261
num of flexible agents: 57
num of flexible tasks: 0
Solving time: 0.000204875 seconds
plan limit 980
current timestep 262
num of flexible agents: 58
num of flexible tasks: 0
Solving time: 0.00022386 seconds
plan limit 980
current timestep 263
num of flexible agents: 61
num of flexible tasks: 0
Solving time: 0.000216401 seconds
plan limit 980
current timestep 264
num of flexible agents: 64
num of flexible tasks: 0
Solving time: 0.000198903 seconds
plan limit 980
current timestep 265
num of flexible agents: 65
num of flexible tasks: 0
Solving time: 0.000206717 seconds
plan limit 980
current timestep 266
num of flexible agents: 65
num of flexible tasks: 0
Solving time: 0.000203029 seconds
plan limit 980
current timestep 267
num of flexible agents: 65
num of flexible tasks: 0
Solving time: 0.000247568 seconds
plan limit 980
current timestep 268
num of flexible agents: 65
num of flexible tasks: 0
Solving time: 0.000232923 seconds
plan limit 980
current timestep 269
num of flexible agents: 67
num of flexible tasks: 0
Solving time: 0.000205705 seconds
plan limit 980
current timestep 270
num of flexible agents: 67
num of flexible tasks: 0
Solving time: 0.000220286 seconds
plan limit 980
current timestep 271
num of flexible agents: 67
num of flexible tasks: 0
Solving time: 0.000222662 seconds
plan limit 980
current timestep 272
num of flexible agents: 70
num of flexible tasks: 0
Solving time: 0.000204092 seconds
plan limit 980
current timestep 273
num of flexible agents: 72
num of flexible tasks: 0
Solving time: 0.00021486 seconds
plan limit 980
current timestep 274
num of flexible agents: 72
num of flexible tasks: 0
Solving time: 0.000214914 seconds
plan limit 980
current timestep 275
num of flexible agents: 72
num of flexible tasks: 0
Solving time: 0.00021152 seconds
plan limit 980
current timestep 276
num of flexible agents: 73
num of flexible tasks: 0
Solving time: 0.000241022 seconds
plan limit 980
current timestep 277
num of flexible agents: 74
num of flexible tasks: 0
Solving time: 0.00022024 seconds
plan limit 980
current timestep 278
num of flexible agents: 74
num of flexible tasks: 0
Solving time: 0.000207412 seconds
plan limit 980
current timestep 279
num of flexible agents: 75
num of flexible tasks: 0
Solving time: 0.000206424 seconds
plan limit 980
current timestep 280
num of flexible agents: 75
num of flexible tasks: 0
Solving time: 0.000230064 seconds
plan limit 980
current timestep 281
num of flexible agents: 76
num of flexible tasks: 0
Solving time: 0.000217374 seconds
plan limit 980
current timestep 282
num of flexible agents: 77
num of flexible tasks: 0
Solving time: 0.000230631 seconds
plan limit 980
current timestep 283
num of flexible agents: 78
num of flexible tasks: 0
Solving time: 0.000219277 seconds
plan limit 980
current timestep 284
num of flexible agents: 78
num of flexible tasks: 0
Solving time: 0.000208828 seconds
plan limit 980
current timestep 285
num of flexible agents: 78
num of flexible tasks: 0
Solving time: 0.000214721 seconds
plan limit 980
current timestep 286
num of flexible agents: 78
num of flexible tasks: 0
Solving time: 0.000208589 seconds
plan limit 980
current timestep 287
num of flexible agents: 78
num of flexible tasks: 0
Solving time: 0.000213451 seconds
plan limit 980
current timestep 288
num of flexible agents: 78
num of flexible tasks: 0
Solving time: 0.000205708 seconds
plan limit 980
current timestep 289
num of flexible agents: 79
num of flexible tasks: 0
Solving time: 0.000246023 seconds
plan limit 980
current timestep 290
num of flexible agents: 79
num of flexible tasks: 0
Solving time: 0.000230216 seconds
plan limit 980
All tasks finished at timestep 291
