current timestep 0
num of flexible agents: 80
num of flexible tasks: 2
Solving time: 0.000306821 seconds
plan limit 980
current timestep 1
num of flexible agents: 78
num of flexible tasks: 2
Solving time: 0.000307746 seconds
plan limit 980
current timestep 2
num of flexible agents: 78
num of flexible tasks: 4
Solving time: 0.000278724 seconds
plan limit 980
current timestep 3
num of flexible agents: 78
num of flexible tasks: 6
Solving time: 0.000252691 seconds
plan limit 980
current timestep 4
num of flexible agents: 77
num of flexible tasks: 7
Solving time: 0.000271208 seconds
plan limit 980
current timestep 5
num of flexible agents: 77
num of flexible tasks: 9
Solving time: 0.000276367 seconds
plan limit 980
current timestep 6
num of flexible agents: 76
num of flexible tasks: 10
Solving time: 0.000268182 seconds
plan limit 980
current timestep 7
num of flexible agents: 73
num of flexible tasks: 9
Solving time: 0.000297111 seconds
plan limit 980
current timestep 8
num of flexible agents: 70
num of flexible tasks: 8
Solving time: 0.00029256 seconds
plan limit 980
current timestep 9
num of flexible agents: 70
num of flexible tasks: 10
Solving time: 0.000289458 seconds
plan limit 980
current timestep 10
num of flexible agents: 68
num of flexible tasks: 10
Solving time: 0.000297883 seconds
plan limit 980
current timestep 11
num of flexible agents: 66
num of flexible tasks: 10
Solving time: 0.000284511 seconds
plan limit 980
current timestep 12
num of flexible agents: 62
num of flexible tasks: 7
Solving time: 0.000289654 seconds
plan limit 980
current timestep 13
num of flexible agents: 62
num of flexible tasks: 9
Solving time: 0.000339779 seconds
plan limit 980
current timestep 14
num of flexible agents: 59
num of flexible tasks: 8
Solving time: 0.000327931 seconds
plan limit 980
current timestep 15
num of flexible agents: 58
num of flexible tasks: 8
Solving time: 0.000319131 seconds
plan limit 980
current timestep 16
num of flexible agents: 57
num of flexible tasks: 9
Solving time: 0.000289472 seconds
plan limit 980
current timestep 17
num of flexible agents: 56
num of flexible tasks: 9
Solving time: 0.00026473 seconds
plan limit 980
current timestep 18
num of flexible agents: 56
num of flexible tasks: 10
Solving time: 0.000288861 seconds
plan limit 980
current timestep 19
num of flexible agents: 53
num of flexible tasks: 9
Solving time: 0.000303579 seconds
plan limit 980
current timestep 20
num of flexible agents: 53
num of flexible tasks: 10
Solving time: 0.000280747 seconds
plan limit 980
current timestep 21
num of flexible agents: 51
num of flexible tasks: 9
Solving time: 0.000297182 seconds
plan limit 980
current timestep 22
num of flexible agents: 50
num of flexible tasks: 9
Solving time: 0.000275804 seconds
plan limit 980
current timestep 23
num of flexible agents: 48
num of flexible tasks: 9
Solving time: 0.000341832 seconds
plan limit 980
current timestep 24
num of flexible agents: 49
num of flexible tasks: 11
Solving time: 0.000344279 seconds
plan limit 980
current timestep 25
num of flexible agents: 47
num of flexible tasks: 11
Solving time: 0.000399745 seconds
plan limit 980
current timestep 26
num of flexible agents: 49
num of flexible tasks: 13
Solving time: 0.000347876 seconds
plan limit 980
current timestep 27
num of flexible agents: 48
num of flexible tasks: 13
Solving time: 0.000356512 seconds
plan limit 980
current timestep 28
num of flexible agents: 47
num of flexible tasks: 14
Solving time: 0.000369249 seconds
plan limit 980
current timestep 29
num of flexible agents: 47
num of flexible tasks: 14
Solving time: 0.000347481 seconds
plan limit 980
current timestep 30
num of flexible agents: 47
num of flexible tasks: 13
Solving time: 0.000289606 seconds
plan limit 980
current timestep 31
num of flexible agents: 48
num of flexible tasks: 13
Solving time: 0.00033911 seconds
plan limit 980
current timestep 32
num of flexible agents: 45
num of flexible tasks: 11
Solving time: 0.00030426 seconds
plan limit 980
current timestep 33
num of flexible agents: 44
num of flexible tasks: 11
Solving time: 0.000283431 seconds
plan limit 980
current timestep 34
num of flexible agents: 43
num of flexible tasks: 11
Solving time: 0.000287786 seconds
plan limit 980
current timestep 35
num of flexible agents: 44
num of flexible tasks: 10
Solving time: 0.000261685 seconds
plan limit 980
current timestep 36
num of flexible agents: 42
num of flexible tasks: 10
Solving time: 0.000299276 seconds
plan limit 980
current timestep 37
num of flexible agents: 42
num of flexible tasks: 11
Solving time: 0.00030449 seconds
plan limit 980
current timestep 38
num of flexible agents: 41
num of flexible tasks: 10
Solving time: 0.000317525 seconds
plan limit 980
current timestep 39
num of flexible agents: 41
num of flexible tasks: 11
Solving time: 0.000303556 seconds
plan limit 980
current timestep 40
num of flexible agents: 40
num of flexible tasks: 10
Solving time: 0.000320438 seconds
plan limit 980
current timestep 41
num of flexible agents: 41
num of flexible tasks: 11
Solving time: 0.000329389 seconds
plan limit 980
current timestep 42
num of flexible agents: 38
num of flexible tasks: 9
Solving time: 0.000291235 seconds
plan limit 980
current timestep 43
num of flexible agents: 39
num of flexible tasks: 10
Solving time: 0.000305893 seconds
plan limit 980
current timestep 44
num of flexible agents: 41
num of flexible tasks: 12
Solving time: 0.000317848 seconds
plan limit 980
current timestep 45
num of flexible agents: 41
num of flexible tasks: 13
Solving time: 0.00030457 seconds
plan limit 980
current timestep 46
num of flexible agents: 39
num of flexible tasks: 13
Solving time: 0.000312881 seconds
plan limit 980
current timestep 47
num of flexible agents: 38
num of flexible tasks: 11
Solving time: 0.00034551 seconds
plan limit 980
current timestep 48
num of flexible agents: 36
num of flexible tasks: 10
Solving time: 0.000303106 seconds
plan limit 980
current timestep 49
num of flexible agents: 36
num of flexible tasks: 12
Solving time: 0.000344193 seconds
plan limit 980
current timestep 50
num of flexible agents: 40
num of flexible tasks: 13
Solving time: 0.000343367 seconds
plan limit 980
current timestep 51
num of flexible agents: 37
num of flexible tasks: 11
Solving time: 0.000324135 seconds
plan limit 980
current timestep 52
num of flexible agents: 35
num of flexible tasks: 9
Solving time: 0.000312611 seconds
plan limit 980
current timestep 53
num of flexible agents: 35
num of flexible tasks: 10
Solving time: 0.000300847 seconds
plan limit 980
current timestep 54
num of flexible agents: 35
num of flexible tasks: 10
Solving time: 0.000318167 seconds
plan limit 980
current timestep 55
num of flexible agents: 36
num of flexible tasks: 11
Solving time: 0.000333686 seconds
plan limit 980
current timestep 56
num of flexible agents: 39
num of flexible tasks: 12
Solving time: 0.000315776 seconds
plan limit 980
current timestep 57
num of flexible agents: 35
num of flexible tasks: 10
Solving time: 0.000321239 seconds
plan limit 980
current timestep 58
num of flexible agents: 34
num of flexible tasks: 10
Solving time: 0.000305199 seconds
plan limit 980
current timestep 59
num of flexible agents: 35
num of flexible tasks: 10
Solving time: 0.000309511 seconds
plan limit 980
current timestep 60
num of flexible agents: 35
num of flexible tasks: 10
Solving time: 0.000291385 seconds
plan limit 980
current timestep 61
num of flexible agents: 34
num of flexible tasks: 9
Solving time: 0.000297568 seconds
plan limit 980
current timestep 62
num of flexible agents: 34
num of flexible tasks: 10
Solving time: 0.000281288 seconds
plan limit 980
current timestep 63
num of flexible agents: 37
num of flexible tasks: 11
Solving time: 0.000287464 seconds
plan limit 980
current timestep 64
num of flexible agents: 37
num of flexible tasks: 10
Solving time: 0.000310807 seconds
plan limit 980
current timestep 65
num of flexible agents: 35
num of flexible tasks: 9
Solving time: 0.000284335 seconds
plan limit 980
current timestep 66
num of flexible agents: 35
num of flexible tasks: 6
Solving time: 0.000267853 seconds
plan limit 980
current timestep 67
num of flexible agents: 37
num of flexible tasks: 7
Solving time: 0.000279976 seconds
plan limit 980
current timestep 68
num of flexible agents: 38
num of flexible tasks: 8
Solving time: 0.000255951 seconds
plan limit 980
current timestep 69
num of flexible agents: 39
num of flexible tasks: 7
Solving time: 0.000246109 seconds
plan limit 980
current timestep 70
num of flexible agents: 40
num of flexible tasks: 7
Solving time: 0.000240137 seconds
plan limit 980
current timestep 71
num of flexible agents: 40
num of flexible tasks: 7
Solving time: 0.000231849 seconds
plan limit 980
current timestep 72
num of flexible agents: 40
num of flexible tasks: 7
Solving time: 0.000257027 seconds
plan limit 980
current timestep 73
num of flexible agents: 39
num of flexible tasks: 7
Solving time: 0.000246517 seconds
plan limit 980
current timestep 74
num of flexible agents: 39
num of flexible tasks: 7
Solving time: 0.000237576 seconds
plan limit 980
current timestep 75
num of flexible agents: 39
num of flexible tasks: 8
Solving time: 0.000249802 seconds
plan limit 980
current timestep 76
num of flexible agents: 38
num of flexible tasks: 6
Solving time: 0.000232105 seconds
plan limit 980
current timestep 77
num of flexible agents: 38
num of flexible tasks: 6
Solving time: 0.000270461 seconds
plan limit 980
current timestep 78
num of flexible agents: 38
num of flexible tasks: 4
Solving time: 0.000267632 seconds
plan limit 980
current timestep 79
num of flexible agents: 38
num of flexible tasks: 5
Solving time: 0.000256059 seconds
plan limit 980
current timestep 80
num of flexible agents: 38
num of flexible tasks: 7
Solving time: 0.000305999 seconds
plan limit 980
current timestep 81
num of flexible agents: 41
num of flexible tasks: 8
Solving time: 0.000305598 seconds
plan limit 980
current timestep 82
num of flexible agents: 41
num of flexible tasks: 9
Solving time: 0.000331007 seconds
plan limit 980
current timestep 83
num of flexible agents: 43
num of flexible tasks: 10
Solving time: 0.000311673 seconds
plan limit 980
current timestep 84
num of flexible agents: 41
num of flexible tasks: 9
Solving time: 0.000278542 seconds
plan limit 980
current timestep 85
num of flexible agents: 44
num of flexible tasks: 11
Solving time: 0.000296556 seconds
plan limit 980
current timestep 86
num of flexible agents: 41
num of flexible tasks: 10
Solving time: 0.000301147 seconds
plan limit 980
current timestep 87
num of flexible agents: 42
num of flexible tasks: 11
Solving time: 0.000326154 seconds
plan limit 980
current timestep 88
num of flexible agents: 43
num of flexible tasks: 12
Solving time: 0.000297106 seconds
plan limit 980
current timestep 89
num of flexible agents: 41
num of flexible tasks: 11
Solving time: 0.000299 seconds
plan limit 980
current timestep 90
num of flexible agents: 42
num of flexible tasks: 12
Solving time: 0.000326153 seconds
plan limit 980
current timestep 91
num of flexible agents: 43
num of flexible tasks: 13
Solving time: 0.000314376 seconds
plan limit 980
current timestep 92
num of flexible agents: 42
num of flexible tasks: 11
Solving time: 0.000286459 seconds
plan limit 980
current timestep 93
num of flexible agents: 42
num of flexible tasks: 10
Solving time: 0.000265591 seconds
plan limit 980
current timestep 94
num of flexible agents: 40
num of flexible tasks: 9
Solving time: 0.000284415 seconds
plan limit 980
current timestep 95
num of flexible agents: 42
num of flexible tasks: 9
Solving time: 0.000289403 seconds
plan limit 980
current timestep 96
num of flexible agents: 39
num of flexible tasks: 8
Solving time: 0.000279848 seconds
plan limit 980
current timestep 97
num of flexible agents: 36
num of flexible tasks: 7
Solving time: 0.000260829 seconds
plan limit 980
current timestep 98
num of flexible agents: 37
num of flexible tasks: 8
Solving time: 0.000246803 seconds
plan limit 980
current timestep 99
num of flexible agents: 38
num of flexible tasks: 8
Solving time: 0.000249432 seconds
plan limit 980
current timestep 100
num of flexible agents: 37
num of flexible tasks: 8
Solving time: 0.000289401 seconds
plan limit 980
current timestep 101
num of flexible agents: 38
num of flexible tasks: 8
Solving time: 0.000251097 seconds
plan limit 980
current timestep 102
num of flexible agents: 38
num of flexible tasks: 8
Solving time: 0.000273234 seconds
plan limit 980
current timestep 103
num of flexible agents: 39
num of flexible tasks: 9
Solving time: 0.000276209 seconds
plan limit 980
current timestep 104
num of flexible agents: 38
num of flexible tasks: 8
Solving time: 0.000305962 seconds
plan limit 980
current timestep 105
num of flexible agents: 39
num of flexible tasks: 7
Solving time: 0.000266983 seconds
plan limit 980
current timestep 106
num of flexible agents: 38
num of flexible tasks: 7
Solving time: 0.000261964 seconds
plan limit 980
current timestep 107
num of flexible agents: 38
num of flexible tasks: 7
Solving time: 0.000271477 seconds
plan limit 980
current timestep 108
num of flexible agents: 41
num of flexible tasks: 9
Solving time: 0.000275677 seconds
plan limit 980
current timestep 109
num of flexible agents: 44
num of flexible tasks: 9
Solving time: 0.000324479 seconds
plan limit 980
current timestep 110
num of flexible agents: 43
num of flexible tasks: 10
Solving time: 0.000274269 seconds
plan limit 980
current timestep 111
num of flexible agents: 42
num of flexible tasks: 9
Solving time: 0.000313111 seconds
plan limit 980
current timestep 112
num of flexible agents: 43
num of flexible tasks: 8
Solving time: 0.000306628 seconds
plan limit 980
current timestep 113
num of flexible agents: 44
num of flexible tasks: 8
Solving time: 0.000298494 seconds
plan limit 980
current timestep 114
num of flexible agents: 46
num of flexible tasks: 8
Solving time: 0.000257922 seconds
plan limit 980
current timestep 115
num of flexible agents: 49
num of flexible tasks: 9
Solving time: 0.000281522 seconds
plan limit 980
current timestep 116
num of flexible agents: 51
num of flexible tasks: 10
Solving time: 0.000273571 seconds
plan limit 980
current timestep 117
num of flexible agents: 50
num of flexible tasks: 11
Solving time: 0.000245067 seconds
plan limit 980
current timestep 118
num of flexible agents: 48
num of flexible tasks: 10
Solving time: 0.000265474 seconds
plan limit 980
current timestep 119
num of flexible agents: 45
num of flexible tasks: 8
Solving time: 0.000292605 seconds
plan limit 980
current timestep 120
num of flexible agents: 44
num of flexible tasks: 8
Solving time: 0.000288076 seconds
plan limit 980
current timestep 121
num of flexible agents: 48
num of flexible tasks: 8
Solving time: 0.000314892 seconds
plan limit 980
current timestep 122
num of flexible agents: 50
num of flexible tasks: 10
Solving time: 0.000259608 seconds
plan limit 980
current timestep 123
num of flexible agents: 49
num of flexible tasks: 10
Solving time: 0.000290485 seconds
plan limit 980
current timestep 124
num of flexible agents: 44
num of flexible tasks: 7
Solving time: 0.000270856 seconds
plan limit 980
current timestep 125
num of flexible agents: 48
num of flexible tasks: 9
Solving time: 0.000289793 seconds
plan limit 980
current timestep 126
num of flexible agents: 46
num of flexible tasks: 8
Solving time: 0.00026122 seconds
plan limit 980
current timestep 127
num of flexible agents: 44
num of flexible tasks: 7
Solving time: 0.000277682 seconds
plan limit 980
current timestep 128
num of flexible agents: 44
num of flexible tasks: 8
Solving time: 0.000309137 seconds
plan limit 980
current timestep 129
num of flexible agents: 43
num of flexible tasks: 9
Solving time: 0.00027819 seconds
plan limit 980
current timestep 130
num of flexible agents: 43
num of flexible tasks: 9
Solving time: 0.000286877 seconds
plan limit 980
current timestep 131
num of flexible agents: 43
num of flexible tasks: 9
Solving time: 0.000261006 seconds
plan limit 980
current timestep 132
num of flexible agents: 43
num of flexible tasks: 10
Solving time: 0.000284626 seconds
plan limit 980
current timestep 133
num of flexible agents: 43
num of flexible tasks: 9
Solving time: 0.000259328 seconds
plan limit 980
current timestep 134
num of flexible agents: 42
num of flexible tasks: 10
Solving time: 0.000248147 seconds
plan limit 980
current timestep 135
num of flexible agents: 42
num of flexible tasks: 11
Solving time: 0.000257866 seconds
plan limit 980
current timestep 136
num of flexible agents: 41
num of flexible tasks: 11
Solving time: 0.000275128 seconds
plan limit 980
current timestep 137
num of flexible agents: 43
num of flexible tasks: 12
Solving time: 0.000327706 seconds
plan limit 980
current timestep 138
num of flexible agents: 42
num of flexible tasks: 12
Solving time: 0.000282714 seconds
plan limit 980
current timestep 139
num of flexible agents: 43
num of flexible tasks: 12
Solving time: 0.000294534 seconds
plan limit 980
current timestep 140
num of flexible agents: 42
num of flexible tasks: 11
Solving time: 0.000281749 seconds
plan limit 980
current timestep 141
num of flexible agents: 40
num of flexible tasks: 10
Solving time: 0.000255722 seconds
plan limit 980
current timestep 142
num of flexible agents: 43
num of flexible tasks: 11
Solving time: 0.000241674 seconds
plan limit 980
current timestep 143
num of flexible agents: 43
num of flexible tasks: 10
Solving time: 0.000233269 seconds
plan limit 980
current timestep 144
num of flexible agents: 41
num of flexible tasks: 9
Solving time: 0.000242631 seconds
plan limit 980
current timestep 145
num of flexible agents: 39
num of flexible tasks: 9
Solving time: 0.000257677 seconds
plan limit 980
current timestep 146
num of flexible agents: 41
num of flexible tasks: 9
Solving time: 0.000252485 seconds
plan limit 980
current timestep 147
num of flexible agents: 37
num of flexible tasks: 6
Solving time: 0.000255909 seconds
plan limit 980
current timestep 148
num of flexible agents: 36
num of flexible tasks: 6
Solving time: 0.000294847 seconds
plan limit 980
current timestep 149
num of flexible agents: 38
num of flexible tasks: 7
Solving time: 0.000263223 seconds
plan limit 980
current timestep 150
num of flexible agents: 39
num of flexible tasks: 7
Solving time: 0.000260919 seconds
plan limit 980
current timestep 151
num of flexible agents: 38
num of flexible tasks: 7
Solving time: 0.000312341 seconds
plan limit 980
current timestep 152
num of flexible agents: 37
num of flexible tasks: 7
Solving time: 0.000293258 seconds
plan limit 980
current timestep 153
num of flexible agents: 40
num of flexible tasks: 8
Solving time: 0.000270894 seconds
plan limit 980
current timestep 154
num of flexible agents: 40
num of flexible tasks: 7
Solving time: 0.000252673 seconds
plan limit 980
current timestep 155
num of flexible agents: 41
num of flexible tasks: 9
Solving time: 0.000281578 seconds
plan limit 980
current timestep 156
num of flexible agents: 39
num of flexible tasks: 8
Solving time: 0.000269805 seconds
plan limit 980
current timestep 157
num of flexible agents: 40
num of flexible tasks: 8
Solving time: 0.000270529 seconds
plan limit 980
current timestep 158
num of flexible agents: 42
num of flexible tasks: 9
Solving time: 0.000296807 seconds
plan limit 980
current timestep 159
num of flexible agents: 43
num of flexible tasks: 10
Solving time: 0.000251349 seconds
plan limit 980
current timestep 160
num of flexible agents: 43
num of flexible tasks: 10
Solving time: 0.00030538 seconds
plan limit 980
current timestep 161
num of flexible agents: 44
num of flexible tasks: 12
Solving time: 0.000276838 seconds
plan limit 980
current timestep 162
num of flexible agents: 47
num of flexible tasks: 13
Solving time: 0.000310393 seconds
plan limit 980
current timestep 163
num of flexible agents: 43
num of flexible tasks: 11
Solving time: 0.000292178 seconds
plan limit 980
current timestep 164
num of flexible agents: 43
num of flexible tasks: 10
Solving time: 0.000275921 seconds
plan limit 980
current timestep 165
num of flexible agents: 44
num of flexible tasks: 10
Solving time: 0.000277199 seconds
plan limit 980
current timestep 166
num of flexible agents: 48
num of flexible tasks: 11
Solving time: 0.000308274 seconds
plan limit 980
current timestep 167
num of flexible agents: 44
num of flexible tasks: 8
Solving time: 0.000259362 seconds
plan limit 980
current timestep 168
num of flexible agents: 46
num of flexible tasks: 9
Solving time: 0.000331758 seconds
plan limit 980
current timestep 169
num of flexible agents: 48
num of flexible tasks: 9
Solving time: 0.00030139 seconds
plan limit 980
current timestep 170
num of flexible agents: 48
num of flexible tasks: 9
Solving time: 0.000266012 seconds
plan limit 980
current timestep 171
num of flexible agents: 47
num of flexible tasks: 10
Solving time: 0.000285186 seconds
plan limit 980
current timestep 172
num of flexible agents: 47
num of flexible tasks: 10
Solving time: 0.000288664 seconds
plan limit 980
current timestep 173
num of flexible agents: 46
num of flexible tasks: 11
Solving time: 0.00030244 seconds
plan limit 980
current timestep 174
num of flexible agents: 46
num of flexible tasks: 12
Solving time: 0.000291719 seconds
plan limit 980
current timestep 175
num of flexible agents: 44
num of flexible tasks: 10
Solving time: 0.000334194 seconds
plan limit 980
current timestep 176
num of flexible agents: 43
num of flexible tasks: 9
Solving time: 0.000280146 seconds
plan limit 980
current timestep 177
num of flexible agents: 41
num of flexible tasks: 9
Solving time: 0.00031723 seconds
plan limit 980
current timestep 178
num of flexible agents: 43
num of flexible tasks: 10
Solving time: 0.000331072 seconds
plan limit 980
current timestep 179
num of flexible agents: 43
num of flexible tasks: 10
Solving time: 0.000308108 seconds
plan limit 980
current timestep 180
num of flexible agents: 43
num of flexible tasks: 9
Solving time: 0.000264272 seconds
plan limit 980
current timestep 181
num of flexible agents: 42
num of flexible tasks: 9
Solving time: 0.000285929 seconds
plan limit 980
current timestep 182
num of flexible agents: 43
num of flexible tasks: 9
Solving time: 0.000266219 seconds
plan limit 980
current timestep 183
num of flexible agents: 41
num of flexible tasks: 6
Solving time: 0.000266953 seconds
plan limit 980
current timestep 184
num of flexible agents: 43
num of flexible tasks: 8
Solving time: 0.00026155 seconds
plan limit 980
current timestep 185
num of flexible agents: 40
num of flexible tasks: 5
Solving time: 0.000245294 seconds
plan limit 980
current timestep 186
num of flexible agents: 40
num of flexible tasks: 6
Solving time: 0.000289424 seconds
plan limit 980
current timestep 187
num of flexible agents: 42
num of flexible tasks: 8
Solving time: 0.000259547 seconds
plan limit 980
current timestep 188
num of flexible agents: 41
num of flexible tasks: 9
Solving time: 0.000296117 seconds
plan limit 980
current timestep 189
num of flexible agents: 37
num of flexible tasks: 7
Solving time: 0.000263665 seconds
plan limit 980
current timestep 190
num of flexible agents: 36
num of flexible tasks: 7
Solving time: 0.000274183 seconds
plan limit 980
current timestep 191
num of flexible agents: 35
num of flexible tasks: 7
Solving time: 0.000282728 seconds
plan limit 980
current timestep 192
num of flexible agents: 36
num of flexible tasks: 8
Solving time: 0.000310475 seconds
plan limit 980
current timestep 193
num of flexible agents: 36
num of flexible tasks: 9
Solving time: 0.000293903 seconds
plan limit 980
current timestep 194
num of flexible agents: 36
num of flexible tasks: 9
Solving time: 0.000267797 seconds
plan limit 980
current timestep 195
num of flexible agents: 37
num of flexible tasks: 10
Solving time: 0.000271994 seconds
plan limit 980
current timestep 196
num of flexible agents: 36
num of flexible tasks: 10
Solving time: 0.00028524 seconds
plan limit 980
current timestep 197
num of flexible agents: 34
num of flexible tasks: 10
Solving time: 0.000284942 seconds
plan limit 980
current timestep 198
num of flexible agents: 31
num of flexible tasks: 8
Solving time: 0.000268818 seconds
plan limit 980
current timestep 199
num of flexible agents: 29
num of flexible tasks: 6
Solving time: 0.000276566 seconds
plan limit 980
current timestep 200
num of flexible agents: 30
num of flexible tasks: 6
Solving time: 0.000301942 seconds
plan limit 980
current timestep 201
num of flexible agents: 32
num of flexible tasks: 7
Solving time: 0.000288443 seconds
plan limit 980
current timestep 202
num of flexible agents: 34
num of flexible tasks: 9
Solving time: 0.000305292 seconds
plan limit 980
current timestep 203
num of flexible agents: 35
num of flexible tasks: 8
Solving time: 0.000284147 seconds
plan limit 980
current timestep 204
num of flexible agents: 35
num of flexible tasks: 9
Solving time: 0.000275088 seconds
plan limit 980
current timestep 205
num of flexible agents: 33
num of flexible tasks: 8
Solving time: 0.000327634 seconds
plan limit 980
current timestep 206
num of flexible agents: 35
num of flexible tasks: 10
Solving time: 0.00034451 seconds
plan limit 980
current timestep 207
num of flexible agents: 34
num of flexible tasks: 11
Solving time: 0.000299423 seconds
plan limit 980
current timestep 208
num of flexible agents: 35
num of flexible tasks: 10
Solving time: 0.000321408 seconds
plan limit 980
current timestep 209
num of flexible agents: 35
num of flexible tasks: 10
Solving time: 0.000307327 seconds
plan limit 980
current timestep 210
num of flexible agents: 34
num of flexible tasks: 11
Solving time: 0.00036202 seconds
plan limit 980
current timestep 211
num of flexible agents: 38
num of flexible tasks: 13
Solving time: 0.000363995 seconds
plan limit 980
current timestep 212
num of flexible agents: 39
num of flexible tasks: 14
Solving time: 0.000370045 seconds
plan limit 980
current timestep 213
num of flexible agents: 39
num of flexible tasks: 15
Solving time: 0.000324736 seconds
plan limit 980
current timestep 214
num of flexible agents: 38
num of flexible tasks: 14
Solving time: 0.000317249 seconds
plan limit 980
current timestep 215
num of flexible agents: 38
num of flexible tasks: 13
Solving time: 0.000316809 seconds
plan limit 980
current timestep 216
num of flexible agents: 38
num of flexible tasks: 12
Solving time: 0.000340879 seconds
plan limit 980
current timestep 217
num of flexible agents: 35
num of flexible tasks: 10
Solving time: 0.000293223 seconds
plan limit 980
current timestep 218
num of flexible agents: 34
num of flexible tasks: 10
Solving time: 0.000307975 seconds
plan limit 980
current timestep 219
num of flexible agents: 31
num of flexible tasks: 9
Solving time: 0.000293357 seconds
plan limit 980
current timestep 220
num of flexible agents: 38
num of flexible tasks: 10
Solving time: 0.000232004 seconds
plan limit 980
current timestep 221
num of flexible agents: 39
num of flexible tasks: 9
Solving time: 0.00025917 seconds
plan limit 980
current timestep 222
num of flexible agents: 39
num of flexible tasks: 8
Solving time: 0.000233317 seconds
plan limit 980
current timestep 223
num of flexible agents: 38
num of flexible tasks: 7
Solving time: 0.000243491 seconds
plan limit 980
current timestep 224
num of flexible agents: 39
num of flexible tasks: 7
Solving time: 0.000273252 seconds
plan limit 980
current timestep 225
num of flexible agents: 40
num of flexible tasks: 5
Solving time: 0.000237328 seconds
plan limit 980
current timestep 226
num of flexible agents: 40
num of flexible tasks: 7
Solving time: 0.000267086 seconds
plan limit 980
current timestep 227
num of flexible agents: 41
num of flexible tasks: 6
Solving time: 0.000269505 seconds
plan limit 980
current timestep 228
num of flexible agents: 40
num of flexible tasks: 6
Solving time: 0.00029626 seconds
plan limit 980
current timestep 229
num of flexible agents: 40
num of flexible tasks: 7
Solving time: 0.000259472 seconds
plan limit 980
current timestep 230
num of flexible agents: 40
num of flexible tasks: 7
Solving time: 0.000276137 seconds
plan limit 980
current timestep 231
num of flexible agents: 39
num of flexible tasks: 7
Solving time: 0.000292955 seconds
plan limit 980
current timestep 232
num of flexible agents: 41
num of flexible tasks: 9
Solving time: 0.000293145 seconds
plan limit 980
current timestep 233
num of flexible agents: 41
num of flexible tasks: 9
Solving time: 0.000332386 seconds
plan limit 980
current timestep 234
num of flexible agents: 40
num of flexible tasks: 9
Solving time: 0.000283973 seconds
plan limit 980
current timestep 235
num of flexible agents: 40
num of flexible tasks: 10
Solving time: 0.000286954 seconds
plan limit 980
current timestep 236
num of flexible agents: 39
num of flexible tasks: 10
Solving time: 0.000255012 seconds
plan limit 980
current timestep 237
num of flexible agents: 37
num of flexible tasks: 9
Solving time: 0.000287469 seconds
plan limit 980
current timestep 238
num of flexible agents: 36
num of flexible tasks: 10
Solving time: 0.000285101 seconds
plan limit 980
current timestep 239
num of flexible agents: 35
num of flexible tasks: 9
Solving time: 0.000312385 seconds
plan limit 980
current timestep 240
num of flexible agents: 36
num of flexible tasks: 10
Solving time: 0.00029457 seconds
plan limit 980
current timestep 241
num of flexible agents: 37
num of flexible tasks: 10
Solving time: 0.000313341 seconds
plan limit 980
current timestep 242
num of flexible agents: 36
num of flexible tasks: 8
Solving time: 0.000311836 seconds
plan limit 980
current timestep 243
num of flexible agents: 38
num of flexible tasks: 9
Solving time: 0.000291073 seconds
plan limit 980
current timestep 244
num of flexible agents: 35
num of flexible tasks: 8
Solving time: 0.000303972 seconds
plan limit 980
current timestep 245
num of flexible agents: 36
num of flexible tasks: 9
Solving time: 0.000337217 seconds
plan limit 980
current timestep 246
num of flexible agents: 39
num of flexible tasks: 10
Solving time: 0.000270044 seconds
plan limit 980
current timestep 247
num of flexible agents: 37
num of flexible tasks: 8
Solving time: 0.000292952 seconds
plan limit 980
current timestep 248
num of flexible agents: 37
num of flexible tasks: 10
Solving time: 0.000268496 seconds
plan limit 980
current timestep 249
num of flexible agents: 36
num of flexible tasks: 9
Solving time: 0.000255569 seconds
plan limit 980
current timestep 250
num of flexible agents: 39
num of flexible tasks: 8
Solving time: 0.000267156 seconds
plan limit 980
current timestep 251
num of flexible agents: 38
num of flexible tasks: 6
Solving time: 0.000230167 seconds
plan limit 980
current timestep 252
num of flexible agents: 37
num of flexible tasks: 3
Solving time: 0.000220485 seconds
plan limit 980
current timestep 253
num of flexible agents: 39
num of flexible tasks: 3
Solving time: 0.000213638 seconds
plan limit 980
current timestep 254
num of flexible agents: 42
num of flexible tasks: 2
Solving time: 0.000255216 seconds
plan limit 980
current timestep 255
num of flexible agents: 45
num of flexible tasks: 2
Solving time: 0.000216138 seconds
plan limit 980
current timestep 256
num of flexible agents: 46
num of flexible tasks: 1
Solving time: 0.000232333 seconds
plan limit 980
current timestep 257
num of flexible agents: 47
num of flexible tasks: 1
Solving time: 0.000225351 seconds
plan limit 980
current timestep 258
num of flexible agents: 47
num of flexible tasks: 0
Solving time: 0.000208584 seconds
plan limit 980
current timestep 259
num of flexible agents: 48
num of flexible tasks: 0
Solving time: 0.000204408 seconds
plan limit 980
current timestep 260
num of flexible agents: 49
num of flexible tasks: 0
Solving time: 0.000230754 seconds
plan limit 980
current timestep 261
num of flexible agents: 50
num of flexible tasks: 0
Solving time: 0.000208187 seconds
plan limit 980
current timestep 262
num of flexible agents: 53
num of flexible tasks: 0
Solving time: 0.000210709 seconds
plan limit 980
current timestep 263
num of flexible agents: 56
num of flexible tasks: 0
Solving time: 0.000211766 seconds
plan limit 980
current timestep 264
num of flexible agents: 60
num of flexible tasks: 0
Solving time: 0.000192605 seconds
plan limit 980
current timestep 265
num of flexible agents: 61
num of flexible tasks: 0
Solving time: 0.000216255 seconds
plan limit 980
current timestep 266
num of flexible agents: 64
num of flexible tasks: 0
Solving time: 0.000222614 seconds
plan limit 980
current timestep 267
num of flexible agents: 66
num of flexible tasks: 0
Solving time: 0.000207419 seconds
plan limit 980
current timestep 268
num of flexible agents: 67
num of flexible tasks: 0
Solving time: 0.000205263 seconds
plan limit 980
current timestep 269
num of flexible agents: 69
num of flexible tasks: 0
Solving time: 0.000235231 seconds
plan limit 980
current timestep 270
num of flexible agents: 70
num of flexible tasks: 0
Solving time: 0.000207054 seconds
plan limit 980
current timestep 271
num of flexible agents: 70
num of flexible tasks: 0
Solving time: 0.000218008 seconds
plan limit 980
current timestep 272
num of flexible agents: 70
num of flexible tasks: 0
Solving time: 0.000217677 seconds
plan limit 980
current timestep 273
num of flexible agents: 71
num of flexible tasks: 0
Solving time: 0.000222967 seconds
plan limit 980
current timestep 274
num of flexible agents: 72
num of flexible tasks: 0
Solving time: 0.000232955 seconds
plan limit 980
current timestep 275
num of flexible agents: 73
num of flexible tasks: 0
Solving time: 0.000224218 seconds
plan limit 980
current timestep 276
num of flexible agents: 73
num of flexible tasks: 0
Solving time: 0.000210682 seconds
plan limit 980
current timestep 277
num of flexible agents: 75
num of flexible tasks: 0
Solving time: 0.000223273 seconds
plan limit 980
current timestep 278
num of flexible agents: 75
num of flexible tasks: 0
Solving time: 0.00021395 seconds
plan limit 980
current timestep 279
num of flexible agents: 75
num of flexible tasks: 0
Solving time: 0.000235089 seconds
plan limit 980
current timestep 280
num of flexible agents: 76
num of flexible tasks: 0
Solving time: 0.000210455 seconds
plan limit 980
current timestep 281
num of flexible agents: 76
num of flexible tasks: 0
Solving time: 0.000229905 seconds
plan limit 980
current timestep 282
num of flexible agents: 78
num of flexible tasks: 0
Solving time: 0.000220465 seconds
plan limit 980
current timestep 283
num of flexible agents: 78
num of flexible tasks: 0
Solving time: 0.000220721 seconds
plan limit 980
current timestep 284
num of flexible agents: 79
num of flexible tasks: 0
Solving time: 0.000210703 seconds
plan limit 980
current timestep 285
num of flexible agents: 79
num of flexible tasks: 0
Solving time: 0.000211943 seconds
plan limit 980
current timestep 286
num of flexible agents: 79
num of flexible tasks: 0
Solving time: 0.000218011 seconds
plan limit 980
current timestep 287
num of flexible agents: 79
num of flexible tasks: 0
Solving time: 0.000210816 seconds
plan limit 980
All tasks finished at timestep 288
