current timestep 0
num of flexible agents: 80
num of flexible tasks: 2
Solving time: 0.000309223 seconds
plan limit 980
current timestep 1
num of flexible agents: 79
num of flexible tasks: 3
Solving time: 0.000308283 seconds
plan limit 980
current timestep 2
num of flexible agents: 79
num of flexible tasks: 5
Solving time: 0.000265085 seconds
plan limit 980
current timestep 3
num of flexible agents: 79
num of flexible tasks: 7
Solving time: 0.00027009 seconds
plan limit 980
current timestep 4
num of flexible agents: 78
num of flexible tasks: 8
Solving time: 0.000253246 seconds
plan limit 980
current timestep 5
num of flexible agents: 77
num of flexible tasks: 9
Solving time: 0.000290684 seconds
plan limit 980
current timestep 6
num of flexible agents: 74
num of flexible tasks: 8
Solving time: 0.000282435 seconds
plan limit 980
current timestep 7
num of flexible agents: 74
num of flexible tasks: 10
Solving time: 0.000313104 seconds
plan limit 980
current timestep 8
num of flexible agents: 71
num of flexible tasks: 9
Solving time: 0.00029973 seconds
plan limit 980
current timestep 9
num of flexible agents: 71
num of flexible tasks: 11
Solving time: 0.000281635 seconds
plan limit 980
current timestep 10
num of flexible agents: 70
num of flexible tasks: 12
Solving time: 0.000317665 seconds
plan limit 980
current timestep 11
num of flexible agents: 67
num of flexible tasks: 11
Solving time: 0.000352786 seconds
plan limit 980
current timestep 12
num of flexible agents: 65
num of flexible tasks: 11
Solving time: 0.000351981 seconds
plan limit 980
current timestep 13
num of flexible agents: 63
num of flexible tasks: 11
Solving time: 0.000343059 seconds
plan limit 980
current timestep 14
num of flexible agents: 62
num of flexible tasks: 12
Solving time: 0.00034863 seconds
plan limit 980
current timestep 15
num of flexible agents: 63
num of flexible tasks: 14
Solving time: 0.000301236 seconds
plan limit 980
current timestep 16
num of flexible agents: 60
num of flexible tasks: 13
Solving time: 0.000304363 seconds
plan limit 980
current timestep 17
num of flexible agents: 58
num of flexible tasks: 13
Solving time: 0.000283378 seconds
plan limit 980
current timestep 18
num of flexible agents: 59
num of flexible tasks: 15
Solving time: 0.000315887 seconds
plan limit 980
current timestep 19
num of flexible agents: 57
num of flexible tasks: 15
Solving time: 0.000327354 seconds
plan limit 980
current timestep 20
num of flexible agents: 53
num of flexible tasks: 13
Solving time: 0.000290412 seconds
plan limit 980
current timestep 21
num of flexible agents: 52
num of flexible tasks: 14
Solving time: 0.000336239 seconds
plan limit 980
current timestep 22
num of flexible agents: 49
num of flexible tasks: 13
Solving time: 0.00033485 seconds
plan limit 980
current timestep 23
num of flexible agents: 49
num of flexible tasks: 14
Solving time: 0.000344335 seconds
plan limit 980
current timestep 24
num of flexible agents: 49
num of flexible tasks: 15
Solving time: 0.000349591 seconds
plan limit 980
current timestep 25
num of flexible agents: 47
num of flexible tasks: 14
Solving time: 0.000338931 seconds
plan limit 980
current timestep 26
num of flexible agents: 44
num of flexible tasks: 13
Solving time: 0.000322445 seconds
plan limit 980
current timestep 27
num of flexible agents: 44
num of flexible tasks: 15
Solving time: 0.000320682 seconds
plan limit 980
current timestep 28
num of flexible agents: 43
num of flexible tasks: 16
Solving time: 0.000311524 seconds
plan limit 980
current timestep 29
num of flexible agents: 41
num of flexible tasks: 15
Solving time: 0.00032368 seconds
plan limit 980
current timestep 30
num of flexible agents: 39
num of flexible tasks: 14
Solving time: 0.000299276 seconds
plan limit 980
current timestep 31
num of flexible agents: 40
num of flexible tasks: 15
Solving time: 0.00031994 seconds
plan limit 980
current timestep 32
num of flexible agents: 41
num of flexible tasks: 15
Solving time: 0.000314462 seconds
plan limit 980
current timestep 33
num of flexible agents: 38
num of flexible tasks: 13
Solving time: 0.000269412 seconds
plan limit 980
current timestep 34
num of flexible agents: 38
num of flexible tasks: 12
Solving time: 0.00028011 seconds
plan limit 980
current timestep 35
num of flexible agents: 35
num of flexible tasks: 10
Solving time: 0.000262065 seconds
plan limit 980
current timestep 36
num of flexible agents: 31
num of flexible tasks: 8
Solving time: 0.000254634 seconds
plan limit 980
current timestep 37
num of flexible agents: 30
num of flexible tasks: 9
Solving time: 0.000317748 seconds
plan limit 980
current timestep 38
num of flexible agents: 32
num of flexible tasks: 9
Solving time: 0.000278771 seconds
plan limit 980
current timestep 39
num of flexible agents: 35
num of flexible tasks: 10
Solving time: 0.000301501 seconds
plan limit 980
current timestep 40
num of flexible agents: 34
num of flexible tasks: 10
Solving time: 0.000301789 seconds
plan limit 980
current timestep 41
num of flexible agents: 36
num of flexible tasks: 11
Solving time: 0.000343946 seconds
plan limit 980
current timestep 42
num of flexible agents: 36
num of flexible tasks: 12
Solving time: 0.000310591 seconds
plan limit 980
current timestep 43
num of flexible agents: 37
num of flexible tasks: 13
Solving time: 0.000330028 seconds
plan limit 980
current timestep 44
num of flexible agents: 36
num of flexible tasks: 12
Solving time: 0.000330795 seconds
plan limit 980
current timestep 45
num of flexible agents: 35
num of flexible tasks: 13
Solving time: 0.000327787 seconds
plan limit 980
current timestep 46
num of flexible agents: 35
num of flexible tasks: 14
Solving time: 0.000388811 seconds
plan limit 980
current timestep 47
num of flexible agents: 38
num of flexible tasks: 15
Solving time: 0.000358583 seconds
plan limit 980
current timestep 48
num of flexible agents: 38
num of flexible tasks: 14
Solving time: 0.000328337 seconds
plan limit 980
current timestep 49
num of flexible agents: 38
num of flexible tasks: 15
Solving time: 0.000337826 seconds
plan limit 980
current timestep 50
num of flexible agents: 35
num of flexible tasks: 13
Solving time: 0.000344017 seconds
plan limit 980
current timestep 51
num of flexible agents: 37
num of flexible tasks: 13
Solving time: 0.000364944 seconds
plan limit 980
current timestep 52
num of flexible agents: 37
num of flexible tasks: 14
Solving time: 0.000308437 seconds
plan limit 980
current timestep 53
num of flexible agents: 36
num of flexible tasks: 13
Solving time: 0.000276461 seconds
plan limit 980
current timestep 54
num of flexible agents: 31
num of flexible tasks: 9
Solving time: 0.000273979 seconds
plan limit 980
current timestep 55
num of flexible agents: 34
num of flexible tasks: 11
Solving time: 0.000335178 seconds
plan limit 980
current timestep 56
num of flexible agents: 34
num of flexible tasks: 12
Solving time: 0.000292082 seconds
plan limit 980
current timestep 57
num of flexible agents: 33
num of flexible tasks: 12
Solving time: 0.000267222 seconds
plan limit 980
current timestep 58
num of flexible agents: 34
num of flexible tasks: 12
Solving time: 0.000314711 seconds
plan limit 980
current timestep 59
num of flexible agents: 30
num of flexible tasks: 10
Solving time: 0.00031696 seconds
plan limit 980
current timestep 60
num of flexible agents: 30
num of flexible tasks: 10
Solving time: 0.000289337 seconds
plan limit 980
current timestep 61
num of flexible agents: 30
num of flexible tasks: 10
Solving time: 0.000282571 seconds
plan limit 980
current timestep 62
num of flexible agents: 30
num of flexible tasks: 11
Solving time: 0.000262505 seconds
plan limit 980
current timestep 63
num of flexible agents: 31
num of flexible tasks: 12
Solving time: 0.000332219 seconds
plan limit 980
current timestep 64
num of flexible agents: 28
num of flexible tasks: 10
Solving time: 0.000300359 seconds
plan limit 980
current timestep 65
num of flexible agents: 29
num of flexible tasks: 10
Solving time: 0.000340139 seconds
plan limit 980
current timestep 66
num of flexible agents: 30
num of flexible tasks: 8
Solving time: 0.000300741 seconds
plan limit 980
current timestep 67
num of flexible agents: 29
num of flexible tasks: 8
Solving time: 0.000303451 seconds
plan limit 980
current timestep 68
num of flexible agents: 31
num of flexible tasks: 10
Solving time: 0.000383844 seconds
plan limit 980
current timestep 69
num of flexible agents: 32
num of flexible tasks: 12
Solving time: 0.000317126 seconds
plan limit 980
current timestep 70
num of flexible agents: 32
num of flexible tasks: 10
Solving time: 0.000286389 seconds
plan limit 980
current timestep 71
num of flexible agents: 35
num of flexible tasks: 12
Solving time: 0.000305388 seconds
plan limit 980
current timestep 72
num of flexible agents: 39
num of flexible tasks: 13
Solving time: 0.000266344 seconds
plan limit 980
current timestep 73
num of flexible agents: 39
num of flexible tasks: 12
Solving time: 0.000284024 seconds
plan limit 980
current timestep 74
num of flexible agents: 40
num of flexible tasks: 13
Solving time: 0.000285064 seconds
plan limit 980
current timestep 75
num of flexible agents: 40
num of flexible tasks: 11
Solving time: 0.000288315 seconds
plan limit 980
current timestep 76
num of flexible agents: 40
num of flexible tasks: 13
Solving time: 0.000295699 seconds
plan limit 980
current timestep 77
num of flexible agents: 42
num of flexible tasks: 12
Solving time: 0.000258628 seconds
plan limit 980
current timestep 78
num of flexible agents: 41
num of flexible tasks: 11
Solving time: 0.000301463 seconds
plan limit 980
current timestep 79
num of flexible agents: 37
num of flexible tasks: 9
Solving time: 0.000275993 seconds
plan limit 980
current timestep 80
num of flexible agents: 36
num of flexible tasks: 8
Solving time: 0.000254184 seconds
plan limit 980
current timestep 81
num of flexible agents: 34
num of flexible tasks: 8
Solving time: 0.000288982 seconds
plan limit 980
current timestep 82
num of flexible agents: 36
num of flexible tasks: 8
Solving time: 0.00030222 seconds
plan limit 980
current timestep 83
num of flexible agents: 37
num of flexible tasks: 9
Solving time: 0.000295143 seconds
plan limit 980
current timestep 84
num of flexible agents: 37
num of flexible tasks: 11
Solving time: 0.000308496 seconds
plan limit 980
current timestep 85
num of flexible agents: 35
num of flexible tasks: 10
Solving time: 0.000294652 seconds
plan limit 980
current timestep 86
num of flexible agents: 35
num of flexible tasks: 9
Solving time: 0.000322729 seconds
plan limit 980
current timestep 87
num of flexible agents: 34
num of flexible tasks: 9
Solving time: 0.000333491 seconds
plan limit 980
current timestep 88
num of flexible agents: 36
num of flexible tasks: 10
Solving time: 0.000336168 seconds
plan limit 980
current timestep 89
num of flexible agents: 38
num of flexible tasks: 10
Solving time: 0.000333128 seconds
plan limit 980
current timestep 90
num of flexible agents: 38
num of flexible tasks: 8
Solving time: 0.000259784 seconds
plan limit 980
current timestep 91
num of flexible agents: 38
num of flexible tasks: 8
Solving time: 0.000290186 seconds
plan limit 980
current timestep 92
num of flexible agents: 38
num of flexible tasks: 9
Solving time: 0.00027828 seconds
plan limit 980
current timestep 93
num of flexible agents: 37
num of flexible tasks: 7
Solving time: 0.000270821 seconds
plan limit 980
current timestep 94
num of flexible agents: 37
num of flexible tasks: 8
Solving time: 0.000287565 seconds
plan limit 980
current timestep 95
num of flexible agents: 38
num of flexible tasks: 9
Solving time: 0.000263245 seconds
plan limit 980
current timestep 96
num of flexible agents: 39
num of flexible tasks: 9
Solving time: 0.000251307 seconds
plan limit 980
current timestep 97
num of flexible agents: 37
num of flexible tasks: 9
Solving time: 0.000275119 seconds
plan limit 980
current timestep 98
num of flexible agents: 36
num of flexible tasks: 8
Solving time: 0.000258737 seconds
plan limit 980
current timestep 99
num of flexible agents: 33
num of flexible tasks: 7
Solving time: 0.000243468 seconds
plan limit 980
current timestep 100
num of flexible agents: 33
num of flexible tasks: 7
Solving time: 0.000330701 seconds
plan limit 980
current timestep 101
num of flexible agents: 34
num of flexible tasks: 7
Solving time: 0.000282538 seconds
plan limit 980
current timestep 102
num of flexible agents: 37
num of flexible tasks: 9
Solving time: 0.000258074 seconds
plan limit 980
current timestep 103
num of flexible agents: 36
num of flexible tasks: 9
Solving time: 0.000278269 seconds
plan limit 980
current timestep 104
num of flexible agents: 38
num of flexible tasks: 9
Solving time: 0.000290535 seconds
plan limit 980
current timestep 105
num of flexible agents: 37
num of flexible tasks: 7
Solving time: 0.000291605 seconds
plan limit 980
current timestep 106
num of flexible agents: 38
num of flexible tasks: 7
Solving time: 0.000295726 seconds
plan limit 980
current timestep 107
num of flexible agents: 41
num of flexible tasks: 9
Solving time: 0.000288462 seconds
plan limit 980
current timestep 108
num of flexible agents: 42
num of flexible tasks: 9
Solving time: 0.000300121 seconds
plan limit 980
current timestep 109
num of flexible agents: 44
num of flexible tasks: 10
Solving time: 0.000308995 seconds
plan limit 980
current timestep 110
num of flexible agents: 45
num of flexible tasks: 12
Solving time: 0.000289541 seconds
plan limit 980
current timestep 111
num of flexible agents: 42
num of flexible tasks: 10
Solving time: 0.000260347 seconds
plan limit 980
current timestep 112
num of flexible agents: 39
num of flexible tasks: 9
Solving time: 0.000292128 seconds
plan limit 980
current timestep 113
num of flexible agents: 39
num of flexible tasks: 8
Solving time: 0.000289011 seconds
plan limit 980
current timestep 114
num of flexible agents: 41
num of flexible tasks: 9
Solving time: 0.000255077 seconds
plan limit 980
current timestep 115
num of flexible agents: 40
num of flexible tasks: 9
Solving time: 0.000277788 seconds
plan limit 980
current timestep 116
num of flexible agents: 41
num of flexible tasks: 7
Solving time: 0.000250706 seconds
plan limit 980
current timestep 117
num of flexible agents: 41
num of flexible tasks: 7
Solving time: 0.000276888 seconds
plan limit 980
current timestep 118
num of flexible agents: 40
num of flexible tasks: 6
Solving time: 0.000253482 seconds
plan limit 980
current timestep 119
num of flexible agents: 40
num of flexible tasks: 7
Solving time: 0.000253466 seconds
plan limit 980
current timestep 120
num of flexible agents: 37
num of flexible tasks: 5
Solving time: 0.00025439 seconds
plan limit 980
current timestep 121
num of flexible agents: 37
num of flexible tasks: 6
Solving time: 0.000265945 seconds
plan limit 980
current timestep 122
num of flexible agents: 40
num of flexible tasks: 7
Solving time: 0.000271141 seconds
plan limit 980
current timestep 123
num of flexible agents: 39
num of flexible tasks: 7
Solving time: 0.000290465 seconds
plan limit 980
current timestep 124
num of flexible agents: 40
num of flexible tasks: 7
Solving time: 0.000253352 seconds
plan limit 980
current timestep 125
num of flexible agents: 39
num of flexible tasks: 8
Solving time: 0.00026956 seconds
plan limit 980
current timestep 126
num of flexible agents: 38
num of flexible tasks: 7
Solving time: 0.000259312 seconds
plan limit 980
current timestep 127
num of flexible agents: 37
num of flexible tasks: 6
Solving time: 0.000288325 seconds
plan limit 980
current timestep 128
num of flexible agents: 36
num of flexible tasks: 5
Solving time: 0.000244289 seconds
plan limit 980
current timestep 129
num of flexible agents: 39
num of flexible tasks: 7
Solving time: 0.000269735 seconds
plan limit 980
current timestep 130
num of flexible agents: 40
num of flexible tasks: 8
Solving time: 0.000286903 seconds
plan limit 980
current timestep 131
num of flexible agents: 42
num of flexible tasks: 10
Solving time: 0.000290082 seconds
plan limit 980
current timestep 132
num of flexible agents: 41
num of flexible tasks: 9
Solving time: 0.000312119 seconds
plan limit 980
current timestep 133
num of flexible agents: 41
num of flexible tasks: 9
Solving time: 0.00028081 seconds
plan limit 980
current timestep 134
num of flexible agents: 45
num of flexible tasks: 10
Solving time: 0.000269729 seconds
plan limit 980
current timestep 135
num of flexible agents: 45
num of flexible tasks: 7
Solving time: 0.000251303 seconds
plan limit 980
current timestep 136
num of flexible agents: 42
num of flexible tasks: 5
Solving time: 0.000250489 seconds
plan limit 980
current timestep 137
num of flexible agents: 42
num of flexible tasks: 6
Solving time: 0.000240098 seconds
plan limit 980
current timestep 138
num of flexible agents: 39
num of flexible tasks: 4
Solving time: 0.000275069 seconds
plan limit 980
current timestep 139
num of flexible agents: 42
num of flexible tasks: 5
Solving time: 0.000233994 seconds
plan limit 980
current timestep 140
num of flexible agents: 44
num of flexible tasks: 7
Solving time: 0.000249459 seconds
plan limit 980
current timestep 141
num of flexible agents: 42
num of flexible tasks: 6
Solving time: 0.000277729 seconds
plan limit 980
current timestep 142
num of flexible agents: 43
num of flexible tasks: 7
Solving time: 0.00025851 seconds
plan limit 980
current timestep 143
num of flexible agents: 44
num of flexible tasks: 8
Solving time: 0.000247913 seconds
plan limit 980
current timestep 144
num of flexible agents: 43
num of flexible tasks: 6
Solving time: 0.000243846 seconds
plan limit 980
current timestep 145
num of flexible agents: 41
num of flexible tasks: 4
Solving time: 0.00022277 seconds
plan limit 980
current timestep 146
num of flexible agents: 44
num of flexible tasks: 5
Solving time: 0.000241839 seconds
plan limit 980
current timestep 147
num of flexible agents: 43
num of flexible tasks: 6
Solving time: 0.000244177 seconds
plan limit 980
current timestep 148
num of flexible agents: 42
num of flexible tasks: 6
Solving time: 0.000255221 seconds
plan limit 980
current timestep 149
num of flexible agents: 44
num of flexible tasks: 7
Solving time: 0.000272208 seconds
plan limit 980
current timestep 150
num of flexible agents: 43
num of flexible tasks: 7
Solving time: 0.000248194 seconds
plan limit 980
current timestep 151
num of flexible agents: 44
num of flexible tasks: 8
Solving time: 0.000274245 seconds
plan limit 980
current timestep 152
num of flexible agents: 44
num of flexible tasks: 9
Solving time: 0.00027208 seconds
plan limit 980
current timestep 153
num of flexible agents: 45
num of flexible tasks: 10
Solving time: 0.0002606 seconds
plan limit 980
current timestep 154
num of flexible agents: 45
num of flexible tasks: 11
Solving time: 0.00030181 seconds
plan limit 980
current timestep 155
num of flexible agents: 44
num of flexible tasks: 11
Solving time: 0.000273724 seconds
plan limit 980
current timestep 156
num of flexible agents: 43
num of flexible tasks: 9
Solving time: 0.000267525 seconds
plan limit 980
current timestep 157
num of flexible agents: 42
num of flexible tasks: 8
Solving time: 0.000261878 seconds
plan limit 980
current timestep 158
num of flexible agents: 45
num of flexible tasks: 10
Solving time: 0.000276467 seconds
plan limit 980
current timestep 159
num of flexible agents: 45
num of flexible tasks: 9
Solving time: 0.000281633 seconds
plan limit 980
current timestep 160
num of flexible agents: 45
num of flexible tasks: 9
Solving time: 0.000260578 seconds
plan limit 980
current timestep 161
num of flexible agents: 45
num of flexible tasks: 9
Solving time: 0.000277088 seconds
plan limit 980
current timestep 162
num of flexible agents: 44
num of flexible tasks: 8
Solving time: 0.000291794 seconds
plan limit 980
current timestep 163
num of flexible agents: 43
num of flexible tasks: 9
Solving time: 0.000310356 seconds
plan limit 980
current timestep 164
num of flexible agents: 40
num of flexible tasks: 8
Solving time: 0.000245397 seconds
plan limit 980
current timestep 165
num of flexible agents: 41
num of flexible tasks: 8
Solving time: 0.000282272 seconds
plan limit 980
current timestep 166
num of flexible agents: 43
num of flexible tasks: 9
Solving time: 0.000275856 seconds
plan limit 980
current timestep 167
num of flexible agents: 43
num of flexible tasks: 11
Solving time: 0.000312066 seconds
plan limit 980
current timestep 168
num of flexible agents: 39
num of flexible tasks: 9
Solving time: 0.000308554 seconds
plan limit 980
current timestep 169
num of flexible agents: 42
num of flexible tasks: 11
Solving time: 0.000310836 seconds
plan limit 980
current timestep 170
num of flexible agents: 43
num of flexible tasks: 13
Solving time: 0.000278367 seconds
plan limit 980
current timestep 171
num of flexible agents: 42
num of flexible tasks: 12
Solving time: 0.000304602 seconds
plan limit 980
current timestep 172
num of flexible agents: 40
num of flexible tasks: 12
Solving time: 0.000301619 seconds
plan limit 980
current timestep 173
num of flexible agents: 38
num of flexible tasks: 12
Solving time: 0.000309278 seconds
plan limit 980
current timestep 174
num of flexible agents: 38
num of flexible tasks: 11
Solving time: 0.00034409 seconds
plan limit 980
current timestep 175
num of flexible agents: 37
num of flexible tasks: 12
Solving time: 0.000279603 seconds
plan limit 980
current timestep 176
num of flexible agents: 37
num of flexible tasks: 12
Solving time: 0.00030764 seconds
plan limit 980
current timestep 177
num of flexible agents: 36
num of flexible tasks: 13
Solving time: 0.000358186 seconds
plan limit 980
current timestep 178
num of flexible agents: 37
num of flexible tasks: 14
Solving time: 0.000335542 seconds
plan limit 980
current timestep 179
num of flexible agents: 35
num of flexible tasks: 12
Solving time: 0.000308338 seconds
plan limit 980
current timestep 180
num of flexible agents: 35
num of flexible tasks: 12
Solving time: 0.000326108 seconds
plan limit 980
current timestep 181
num of flexible agents: 33
num of flexible tasks: 12
Solving time: 0.00031725 seconds
plan limit 980
current timestep 182
num of flexible agents: 31
num of flexible tasks: 10
Solving time: 0.000278136 seconds
plan limit 980
current timestep 183
num of flexible agents: 32
num of flexible tasks: 12
Solving time: 0.000318107 seconds
plan limit 980
current timestep 184
num of flexible agents: 30
num of flexible tasks: 10
Solving time: 0.000324335 seconds
plan limit 980
current timestep 185
num of flexible agents: 30
num of flexible tasks: 10
Solving time: 0.000321615 seconds
plan limit 980
current timestep 186
num of flexible agents: 29
num of flexible tasks: 9
Solving time: 0.000264048 seconds
plan limit 980
current timestep 187
num of flexible agents: 29
num of flexible tasks: 9
Solving time: 0.000295399 seconds
plan limit 980
current timestep 188
num of flexible agents: 31
num of flexible tasks: 9
Solving time: 0.000262244 seconds
plan limit 980
current timestep 189
num of flexible agents: 32
num of flexible tasks: 10
Solving time: 0.000295467 seconds
plan limit 980
current timestep 190
num of flexible agents: 32
num of flexible tasks: 11
Solving time: 0.000297505 seconds
plan limit 980
current timestep 191
num of flexible agents: 33
num of flexible tasks: 9
Solving time: 0.000286501 seconds
plan limit 980
current timestep 192
num of flexible agents: 31
num of flexible tasks: 7
Solving time: 0.000290263 seconds
plan limit 980
current timestep 193
num of flexible agents: 32
num of flexible tasks: 9
Solving time: 0.000268042 seconds
plan limit 980
current timestep 194
num of flexible agents: 33
num of flexible tasks: 10
Solving time: 0.000257171 seconds
plan limit 980
current timestep 195
num of flexible agents: 33
num of flexible tasks: 8
Solving time: 0.000284799 seconds
plan limit 980
current timestep 196
num of flexible agents: 34
num of flexible tasks: 9
Solving time: 0.000253538 seconds
plan limit 980
current timestep 197
num of flexible agents: 32
num of flexible tasks: 8
Solving time: 0.0002548 seconds
plan limit 980
current timestep 198
num of flexible agents: 32
num of flexible tasks: 9
Solving time: 0.000283885 seconds
plan limit 980
current timestep 199
num of flexible agents: 35
num of flexible tasks: 10
Solving time: 0.000308402 seconds
plan limit 980
current timestep 200
num of flexible agents: 40
num of flexible tasks: 12
Solving time: 0.000310586 seconds
plan limit 980
current timestep 201
num of flexible agents: 43
num of flexible tasks: 14
Solving time: 0.000287631 seconds
plan limit 980
current timestep 202
num of flexible agents: 42
num of flexible tasks: 13
Solving time: 0.00028309 seconds
plan limit 980
current timestep 203
num of flexible agents: 39
num of flexible tasks: 10
Solving time: 0.000254434 seconds
plan limit 980
current timestep 204
num of flexible agents: 38
num of flexible tasks: 9
Solving time: 0.000276633 seconds
plan limit 980
current timestep 205
num of flexible agents: 39
num of flexible tasks: 8
Solving time: 0.000274828 seconds
plan limit 980
current timestep 206
num of flexible agents: 41
num of flexible tasks: 9
Solving time: 0.000248269 seconds
plan limit 980
current timestep 207
num of flexible agents: 42
num of flexible tasks: 8
Solving time: 0.000255386 seconds
plan limit 980
current timestep 208
num of flexible agents: 41
num of flexible tasks: 8
Solving time: 0.000281356 seconds
plan limit 980
current timestep 209
num of flexible agents: 43
num of flexible tasks: 9
Solving time: 0.000260451 seconds
plan limit 980
current timestep 210
num of flexible agents: 42
num of flexible tasks: 10
Solving time: 0.000266574 seconds
plan limit 980
current timestep 211
num of flexible agents: 38
num of flexible tasks: 7
Solving time: 0.000244902 seconds
plan limit 980
current timestep 212
num of flexible agents: 41
num of flexible tasks: 9
Solving time: 0.000267134 seconds
plan limit 980
current timestep 213
num of flexible agents: 39
num of flexible tasks: 6
Solving time: 0.000278529 seconds
plan limit 980
current timestep 214
num of flexible agents: 39
num of flexible tasks: 7
Solving time: 0.000278697 seconds
plan limit 980
current timestep 215
num of flexible agents: 39
num of flexible tasks: 8
Solving time: 0.000253761 seconds
plan limit 980
current timestep 216
num of flexible agents: 39
num of flexible tasks: 8
Solving time: 0.000255572 seconds
plan limit 980
current timestep 217
num of flexible agents: 36
num of flexible tasks: 6
Solving time: 0.000253737 seconds
plan limit 980
current timestep 218
num of flexible agents: 36
num of flexible tasks: 6
Solving time: 0.000240625 seconds
plan limit 980
current timestep 219
num of flexible agents: 37
num of flexible tasks: 7
Solving time: 0.0002423 seconds
plan limit 980
current timestep 220
num of flexible agents: 36
num of flexible tasks: 6
Solving time: 0.000228863 seconds
plan limit 980
current timestep 221
num of flexible agents: 33
num of flexible tasks: 5
Solving time: 0.000254691 seconds
plan limit 980
current timestep 222
num of flexible agents: 33
num of flexible tasks: 6
Solving time: 0.000280625 seconds
plan limit 980
current timestep 223
num of flexible agents: 30
num of flexible tasks: 5
Solving time: 0.000239505 seconds
plan limit 980
current timestep 224
num of flexible agents: 35
num of flexible tasks: 6
Solving time: 0.000244495 seconds
plan limit 980
current timestep 225
num of flexible agents: 35
num of flexible tasks: 7
Solving time: 0.000256552 seconds
plan limit 980
current timestep 226
num of flexible agents: 36
num of flexible tasks: 8
Solving time: 0.000267392 seconds
plan limit 980
current timestep 227
num of flexible agents: 34
num of flexible tasks: 7
Solving time: 0.000241539 seconds
plan limit 980
current timestep 228
num of flexible agents: 36
num of flexible tasks: 8
Solving time: 0.000260811 seconds
plan limit 980
current timestep 229
num of flexible agents: 35
num of flexible tasks: 7
Solving time: 0.000338378 seconds
plan limit 980
current timestep 230
num of flexible agents: 37
num of flexible tasks: 9
Solving time: 0.000288727 seconds
plan limit 980
current timestep 231
num of flexible agents: 37
num of flexible tasks: 10
Solving time: 0.000266293 seconds
plan limit 980
current timestep 232
num of flexible agents: 35
num of flexible tasks: 10
Solving time: 0.000297455 seconds
plan limit 980
current timestep 233
num of flexible agents: 39
num of flexible tasks: 12
Solving time: 0.000268744 seconds
plan limit 980
current timestep 234
num of flexible agents: 38
num of flexible tasks: 10
Solving time: 0.000253467 seconds
plan limit 980
current timestep 235
num of flexible agents: 35
num of flexible tasks: 7
Solving time: 0.000253865 seconds
plan limit 980
current timestep 236
num of flexible agents: 38
num of flexible tasks: 9
Solving time: 0.000275209 seconds
plan limit 980
current timestep 237
num of flexible agents: 39
num of flexible tasks: 9
Solving time: 0.000310913 seconds
plan limit 980
current timestep 238
num of flexible agents: 42
num of flexible tasks: 9
Solving time: 0.000291623 seconds
plan limit 980
current timestep 239
num of flexible agents: 41
num of flexible tasks: 8
Solving time: 0.000281347 seconds
plan limit 980
current timestep 240
num of flexible agents: 40
num of flexible tasks: 9
Solving time: 0.000276385 seconds
plan limit 980
current timestep 241
num of flexible agents: 37
num of flexible tasks: 8
Solving time: 0.000309823 seconds
plan limit 980
current timestep 242
num of flexible agents: 38
num of flexible tasks: 10
Solving time: 0.000271881 seconds
plan limit 980
current timestep 243
num of flexible agents: 37
num of flexible tasks: 8
Solving time: 0.00027214 seconds
plan limit 980
current timestep 244
num of flexible agents: 37
num of flexible tasks: 9
Solving time: 0.000275032 seconds
plan limit 980
current timestep 245
num of flexible agents: 36
num of flexible tasks: 9
Solving time: 0.000273009 seconds
plan limit 980
current timestep 246
num of flexible agents: 35
num of flexible tasks: 8
Solving time: 0.000329797 seconds
plan limit 980
current timestep 247
num of flexible agents: 35
num of flexible tasks: 9
Solving time: 0.000309599 seconds
plan limit 980
current timestep 248
num of flexible agents: 35
num of flexible tasks: 9
Solving time: 0.000280743 seconds
plan limit 980
current timestep 249
num of flexible agents: 35
num of flexible tasks: 9
Solving time: 0.000268 seconds
plan limit 980
current timestep 250
num of flexible agents: 40
num of flexible tasks: 9
Solving time: 0.000257201 seconds
plan limit 980
current timestep 251
num of flexible agents: 39
num of flexible tasks: 6
Solving time: 0.000242132 seconds
plan limit 980
current timestep 252
num of flexible agents: 39
num of flexible tasks: 5
Solving time: 0.00022276 seconds
plan limit 980
current timestep 253
num of flexible agents: 38
num of flexible tasks: 2
Solving time: 0.000232955 seconds
plan limit 980
current timestep 254
num of flexible agents: 40
num of flexible tasks: 1
Solving time: 0.000206301 seconds
plan limit 980
current timestep 255
num of flexible agents: 39
num of flexible tasks: 0
Solving time: 0.000216835 seconds
plan limit 980
current timestep 256
num of flexible agents: 40
num of flexible tasks: 0
Solving time: 0.000213287 seconds
plan limit 980
current timestep 257
num of flexible agents: 42
num of flexible tasks: 0
Solving time: 0.000196925 seconds
plan limit 980
current timestep 258
num of flexible agents: 43
num of flexible tasks: 0
Solving time: 0.000225109 seconds
plan limit 980
current timestep 259
num of flexible agents: 45
num of flexible tasks: 0
Solving time: 0.000228298 seconds
plan limit 980
current timestep 260
num of flexible agents: 45
num of flexible tasks: 0
Solving time: 0.000238026 seconds
plan limit 980
current timestep 261
num of flexible agents: 46
num of flexible tasks: 0
Solving time: 0.000215718 seconds
plan limit 980
current timestep 262
num of flexible agents: 48
num of flexible tasks: 0
Solving time: 0.000230334 seconds
plan limit 980
current timestep 263
num of flexible agents: 50
num of flexible tasks: 0
Solving time: 0.000216171 seconds
plan limit 980
current timestep 264
num of flexible agents: 50
num of flexible tasks: 0
Solving time: 0.00024867 seconds
plan limit 980
current timestep 265
num of flexible agents: 54
num of flexible tasks: 0
Solving time: 0.000220858 seconds
plan limit 980
current timestep 266
num of flexible agents: 58
num of flexible tasks: 0
Solving time: 0.000210328 seconds
plan limit 980
current timestep 267
num of flexible agents: 63
num of flexible tasks: 0
Solving time: 0.000213854 seconds
plan limit 980
current timestep 268
num of flexible agents: 66
num of flexible tasks: 0
Solving time: 0.000207184 seconds
plan limit 980
current timestep 269
num of flexible agents: 67
num of flexible tasks: 0
Solving time: 0.000208909 seconds
plan limit 980
current timestep 270
num of flexible agents: 68
num of flexible tasks: 0
Solving time: 0.000224375 seconds
plan limit 980
current timestep 271
num of flexible agents: 69
num of flexible tasks: 0
Solving time: 0.000220265 seconds
plan limit 980
current timestep 272
num of flexible agents: 69
num of flexible tasks: 0
Solving time: 0.000221037 seconds
plan limit 980
current timestep 273
num of flexible agents: 70
num of flexible tasks: 0
Solving time: 0.000233109 seconds
plan limit 980
current timestep 274
num of flexible agents: 73
num of flexible tasks: 0
Solving time: 0.000239393 seconds
plan limit 980
current timestep 275
num of flexible agents: 73
num of flexible tasks: 0
Solving time: 0.000223562 seconds
plan limit 980
current timestep 276
num of flexible agents: 73
num of flexible tasks: 0
Solving time: 0.000244033 seconds
plan limit 980
current timestep 277
num of flexible agents: 73
num of flexible tasks: 0
Solving time: 0.000228001 seconds
plan limit 980
current timestep 278
num of flexible agents: 74
num of flexible tasks: 0
Solving time: 0.000218881 seconds
plan limit 980
current timestep 279
num of flexible agents: 74
num of flexible tasks: 0
Solving time: 0.000215417 seconds
plan limit 980
current timestep 280
num of flexible agents: 76
num of flexible tasks: 0
Solving time: 0.000219065 seconds
plan limit 980
current timestep 281
num of flexible agents: 79
num of flexible tasks: 0
Solving time: 0.000237226 seconds
plan limit 980
All tasks finished at timestep 282
