current timestep 0
num of flexible agents: 80
num of flexible tasks: 2
Solving time: 0.000347369 seconds
plan limit 980
current timestep 1
num of flexible agents: 79
num of flexible tasks: 3
Solving time: 0.000356114 seconds
plan limit 980
current timestep 2
num of flexible agents: 79
num of flexible tasks: 5
Solving time: 0.000314736 seconds
plan limit 980
current timestep 3
num of flexible agents: 79
num of flexible tasks: 7
Solving time: 0.000294326 seconds
plan limit 980
current timestep 4
num of flexible agents: 79
num of flexible tasks: 9
Solving time: 0.000360099 seconds
plan limit 980
current timestep 5
num of flexible agents: 77
num of flexible tasks: 9
Solving time: 0.000368109 seconds
plan limit 980
current timestep 6
num of flexible agents: 77
num of flexible tasks: 11
Solving time: 0.000361345 seconds
plan limit 980
current timestep 7
num of flexible agents: 75
num of flexible tasks: 11
Solving time: 0.000318247 seconds
plan limit 980
current timestep 8
num of flexible agents: 73
num of flexible tasks: 11
Solving time: 0.000343612 seconds
plan limit 980
current timestep 9
num of flexible agents: 71
num of flexible tasks: 10
Solving time: 0.000316411 seconds
plan limit 980
current timestep 10
num of flexible agents: 70
num of flexible tasks: 11
Solving time: 0.000337174 seconds
plan limit 980
current timestep 11
num of flexible agents: 68
num of flexible tasks: 11
Solving time: 0.000362517 seconds
plan limit 980
current timestep 12
num of flexible agents: 64
num of flexible tasks: 9
Solving time: 0.000372256 seconds
plan limit 980
current timestep 13
num of flexible agents: 61
num of flexible tasks: 8
Solving time: 0.000317654 seconds
plan limit 980
current timestep 14
num of flexible agents: 59
num of flexible tasks: 8
Solving time: 0.000316149 seconds
plan limit 980
current timestep 15
num of flexible agents: 59
num of flexible tasks: 10
Solving time: 0.00032377 seconds
plan limit 980
current timestep 16
num of flexible agents: 58
num of flexible tasks: 10
Solving time: 0.000364763 seconds
plan limit 980
current timestep 17
num of flexible agents: 56
num of flexible tasks: 9
Solving time: 0.000336221 seconds
plan limit 980
current timestep 18
num of flexible agents: 57
num of flexible tasks: 11
Solving time: 0.000344986 seconds
plan limit 980
current timestep 19
num of flexible agents: 57
num of flexible tasks: 11
Solving time: 0.000401208 seconds
plan limit 980
current timestep 20
num of flexible agents: 59
num of flexible tasks: 13
Solving time: 0.000335514 seconds
plan limit 980
current timestep 21
num of flexible agents: 60
num of flexible tasks: 14
Solving time: 0.000437779 seconds
plan limit 980
current timestep 22
num of flexible agents: 60
num of flexible tasks: 15
Solving time: 0.00036522 seconds
plan limit 980
current timestep 23
num of flexible agents: 60
num of flexible tasks: 16
Solving time: 0.000299458 seconds
plan limit 980
current timestep 24
num of flexible agents: 58
num of flexible tasks: 16
Solving time: 0.00037453 seconds
plan limit 980
current timestep 25
num of flexible agents: 54
num of flexible tasks: 14
Solving time: 0.000359974 seconds
plan limit 980
current timestep 26
num of flexible agents: 55
num of flexible tasks: 15
Solving time: 0.000361898 seconds
plan limit 980
current timestep 27
num of flexible agents: 54
num of flexible tasks: 16
Solving time: 0.000375918 seconds
plan limit 980
current timestep 28
num of flexible agents: 54
num of flexible tasks: 18
Solving time: 0.000403248 seconds
plan limit 980
current timestep 29
num of flexible agents: 56
num of flexible tasks: 18
Solving time: 0.000375428 seconds
plan limit 980
current timestep 30
num of flexible agents: 54
num of flexible tasks: 16
Solving time: 0.000420937 seconds
plan limit 980
current timestep 31
num of flexible agents: 53
num of flexible tasks: 13
Solving time: 0.000294339 seconds
plan limit 980
current timestep 32
num of flexible agents: 54
num of flexible tasks: 15
Solving time: 0.000316976 seconds
plan limit 980
current timestep 33
num of flexible agents: 49
num of flexible tasks: 12
Solving time: 0.000320238 seconds
plan limit 980
current timestep 34
num of flexible agents: 47
num of flexible tasks: 11
Solving time: 0.000308019 seconds
plan limit 980
current timestep 35
num of flexible agents: 46
num of flexible tasks: 11
Solving time: 0.00032907 seconds
plan limit 980
current timestep 36
num of flexible agents: 44
num of flexible tasks: 11
Solving time: 0.000313882 seconds
plan limit 980
current timestep 37
num of flexible agents: 42
num of flexible tasks: 11
Solving time: 0.000380149 seconds
plan limit 980
current timestep 38
num of flexible agents: 41
num of flexible tasks: 12
Solving time: 0.000426332 seconds
plan limit 980
current timestep 39
num of flexible agents: 40
num of flexible tasks: 11
Solving time: 0.0003913 seconds
plan limit 980
current timestep 40
num of flexible agents: 40
num of flexible tasks: 11
Solving time: 0.000365378 seconds
plan limit 980
current timestep 41
num of flexible agents: 41
num of flexible tasks: 13
Solving time: 0.000356806 seconds
plan limit 980
current timestep 42
num of flexible agents: 41
num of flexible tasks: 14
Solving time: 0.000371285 seconds
plan limit 980
current timestep 43
num of flexible agents: 43
num of flexible tasks: 14
Solving time: 0.000368505 seconds
plan limit 980
current timestep 44
num of flexible agents: 43
num of flexible tasks: 15
Solving time: 0.000365099 seconds
plan limit 980
current timestep 45
num of flexible agents: 44
num of flexible tasks: 14
Solving time: 0.000347081 seconds
plan limit 980
current timestep 46
num of flexible agents: 39
num of flexible tasks: 11
Solving time: 0.000416313 seconds
plan limit 980
current timestep 47
num of flexible agents: 35
num of flexible tasks: 9
Solving time: 0.000376173 seconds
plan limit 980
current timestep 48
num of flexible agents: 37
num of flexible tasks: 10
Solving time: 0.000406601 seconds
plan limit 980
current timestep 49
num of flexible agents: 38
num of flexible tasks: 11
Solving time: 0.000308311 seconds
plan limit 980
current timestep 50
num of flexible agents: 40
num of flexible tasks: 12
Solving time: 0.000327775 seconds
plan limit 980
current timestep 51
num of flexible agents: 40
num of flexible tasks: 14
Solving time: 0.00036859 seconds
plan limit 980
current timestep 52
num of flexible agents: 41
num of flexible tasks: 15
Solving time: 0.000342275 seconds
plan limit 980
current timestep 53
num of flexible agents: 43
num of flexible tasks: 16
Solving time: 0.000309431 seconds
plan limit 980
current timestep 54
num of flexible agents: 39
num of flexible tasks: 13
Solving time: 0.000277521 seconds
plan limit 980
current timestep 55
num of flexible agents: 43
num of flexible tasks: 14
Solving time: 0.00028487 seconds
plan limit 980
current timestep 56
num of flexible agents: 41
num of flexible tasks: 11
Solving time: 0.00025866 seconds
plan limit 980
current timestep 57
num of flexible agents: 39
num of flexible tasks: 9
Solving time: 0.000270505 seconds
plan limit 980
current timestep 58
num of flexible agents: 39
num of flexible tasks: 8
Solving time: 0.000255543 seconds
plan limit 980
current timestep 59
num of flexible agents: 38
num of flexible tasks: 7
Solving time: 0.000284618 seconds
plan limit 980
current timestep 60
num of flexible agents: 37
num of flexible tasks: 8
Solving time: 0.000288847 seconds
plan limit 980
current timestep 61
num of flexible agents: 37
num of flexible tasks: 8
Solving time: 0.00026503 seconds
plan limit 980
current timestep 62
num of flexible agents: 39
num of flexible tasks: 9
Solving time: 0.000283048 seconds
plan limit 980
current timestep 63
num of flexible agents: 37
num of flexible tasks: 6
Solving time: 0.000295527 seconds
plan limit 980
current timestep 64
num of flexible agents: 40
num of flexible tasks: 7
Solving time: 0.000291316 seconds
plan limit 980
current timestep 65
num of flexible agents: 39
num of flexible tasks: 7
Solving time: 0.000292752 seconds
plan limit 980
current timestep 66
num of flexible agents: 39
num of flexible tasks: 7
Solving time: 0.000285441 seconds
plan limit 980
current timestep 67
num of flexible agents: 38
num of flexible tasks: 7
Solving time: 0.00028253 seconds
plan limit 980
current timestep 68
num of flexible agents: 38
num of flexible tasks: 9
Solving time: 0.000307506 seconds
plan limit 980
current timestep 69
num of flexible agents: 38
num of flexible tasks: 9
Solving time: 0.000306797 seconds
plan limit 980
current timestep 70
num of flexible agents: 39
num of flexible tasks: 11
Solving time: 0.000292433 seconds
plan limit 980
current timestep 71
num of flexible agents: 36
num of flexible tasks: 10
Solving time: 0.000278277 seconds
plan limit 980
current timestep 72
num of flexible agents: 38
num of flexible tasks: 11
Solving time: 0.000321932 seconds
plan limit 980
current timestep 73
num of flexible agents: 39
num of flexible tasks: 12
Solving time: 0.000283614 seconds
plan limit 980
current timestep 74
num of flexible agents: 38
num of flexible tasks: 13
Solving time: 0.000286534 seconds
plan limit 980
current timestep 75
num of flexible agents: 38
num of flexible tasks: 13
Solving time: 0.00035113 seconds
plan limit 980
current timestep 76
num of flexible agents: 40
num of flexible tasks: 14
Solving time: 0.000348696 seconds
plan limit 980
current timestep 77
num of flexible agents: 37
num of flexible tasks: 13
Solving time: 0.000331199 seconds
plan limit 980
current timestep 78
num of flexible agents: 37
num of flexible tasks: 13
Solving time: 0.000300967 seconds
plan limit 980
current timestep 79
num of flexible agents: 35
num of flexible tasks: 13
Solving time: 0.000336778 seconds
plan limit 980
current timestep 80
num of flexible agents: 34
num of flexible tasks: 13
Solving time: 0.000297224 seconds
plan limit 980
current timestep 81
num of flexible agents: 31
num of flexible tasks: 10
Solving time: 0.000235847 seconds
plan limit 980
current timestep 82
num of flexible agents: 34
num of flexible tasks: 11
Solving time: 0.000288813 seconds
plan limit 980
current timestep 83
num of flexible agents: 36
num of flexible tasks: 11
Solving time: 0.000338211 seconds
plan limit 980
current timestep 84
num of flexible agents: 35
num of flexible tasks: 11
Solving time: 0.000305681 seconds
plan limit 980
current timestep 85
num of flexible agents: 35
num of flexible tasks: 10
Solving time: 0.000296983 seconds
plan limit 980
current timestep 86
num of flexible agents: 34
num of flexible tasks: 9
Solving time: 0.000296526 seconds
plan limit 980
current timestep 87
num of flexible agents: 33
num of flexible tasks: 9
Solving time: 0.000291967 seconds
plan limit 980
current timestep 88
num of flexible agents: 35
num of flexible tasks: 11
Solving time: 0.000321235 seconds
plan limit 980
current timestep 89
num of flexible agents: 34
num of flexible tasks: 9
Solving time: 0.000282323 seconds
plan limit 980
current timestep 90
num of flexible agents: 33
num of flexible tasks: 9
Solving time: 0.000321333 seconds
plan limit 980
current timestep 91
num of flexible agents: 33
num of flexible tasks: 11
Solving time: 0.000286538 seconds
plan limit 980
current timestep 92
num of flexible agents: 33
num of flexible tasks: 11
Solving time: 0.000288232 seconds
plan limit 980
current timestep 93
num of flexible agents: 32
num of flexible tasks: 9
Solving time: 0.00028605 seconds
plan limit 980
current timestep 94
num of flexible agents: 34
num of flexible tasks: 10
Solving time: 0.00027094 seconds
plan limit 980
current timestep 95
num of flexible agents: 33
num of flexible tasks: 10
Solving time: 0.000290838 seconds
plan limit 980
current timestep 96
num of flexible agents: 30
num of flexible tasks: 8
Solving time: 0.000264633 seconds
plan limit 980
current timestep 97
num of flexible agents: 31
num of flexible tasks: 9
Solving time: 0.000246073 seconds
plan limit 980
current timestep 98
num of flexible agents: 30
num of flexible tasks: 10
Solving time: 0.000257069 seconds
plan limit 980
current timestep 99
num of flexible agents: 29
num of flexible tasks: 9
Solving time: 0.000296582 seconds
plan limit 980
current timestep 100
num of flexible agents: 30
num of flexible tasks: 8
Solving time: 0.000300304 seconds
plan limit 980
current timestep 101
num of flexible agents: 31
num of flexible tasks: 9
Solving time: 0.0002604 seconds
plan limit 980
current timestep 102
num of flexible agents: 31
num of flexible tasks: 10
Solving time: 0.000293907 seconds
plan limit 980
current timestep 103
num of flexible agents: 28
num of flexible tasks: 7
Solving time: 0.000281822 seconds
plan limit 980
current timestep 104
num of flexible agents: 30
num of flexible tasks: 8
Solving time: 0.000334489 seconds
plan limit 980
current timestep 105
num of flexible agents: 30
num of flexible tasks: 8
Solving time: 0.000279184 seconds
plan limit 980
current timestep 106
num of flexible agents: 31
num of flexible tasks: 9
Solving time: 0.000314229 seconds
plan limit 980
current timestep 107
num of flexible agents: 33
num of flexible tasks: 9
Solving time: 0.000304244 seconds
plan limit 980
current timestep 108
num of flexible agents: 33
num of flexible tasks: 10
Solving time: 0.000288703 seconds
plan limit 980
current timestep 109
num of flexible agents: 29
num of flexible tasks: 7
Solving time: 0.000277893 seconds
plan limit 980
current timestep 110
num of flexible agents: 30
num of flexible tasks: 8
Solving time: 0.000279498 seconds
plan limit 980
current timestep 111
num of flexible agents: 30
num of flexible tasks: 8
Solving time: 0.000318715 seconds
plan limit 980
current timestep 112
num of flexible agents: 31
num of flexible tasks: 9
Solving time: 0.000344937 seconds
plan limit 980
current timestep 113
num of flexible agents: 33
num of flexible tasks: 10
Solving time: 0.000306114 seconds
plan limit 980
current timestep 114
num of flexible agents: 34
num of flexible tasks: 11
Solving time: 0.000298363 seconds
plan limit 980
current timestep 115
num of flexible agents: 31
num of flexible tasks: 9
Solving time: 0.000275507 seconds
plan limit 980
current timestep 116
num of flexible agents: 32
num of flexible tasks: 8
Solving time: 0.000277956 seconds
plan limit 980
current timestep 117
num of flexible agents: 29
num of flexible tasks: 7
Solving time: 0.000276072 seconds
plan limit 980
current timestep 118
num of flexible agents: 32
num of flexible tasks: 8
Solving time: 0.000262914 seconds
plan limit 980
current timestep 119
num of flexible agents: 31
num of flexible tasks: 9
Solving time: 0.000260174 seconds
plan limit 980
current timestep 120
num of flexible agents: 27
num of flexible tasks: 6
Solving time: 0.000312281 seconds
plan limit 980
current timestep 121
num of flexible agents: 30
num of flexible tasks: 7
Solving time: 0.000282516 seconds
plan limit 980
current timestep 122
num of flexible agents: 33
num of flexible tasks: 8
Solving time: 0.000271109 seconds
plan limit 980
current timestep 123
num of flexible agents: 34
num of flexible tasks: 9
Solving time: 0.000298362 seconds
plan limit 980
current timestep 124
num of flexible agents: 35
num of flexible tasks: 8
Solving time: 0.000288692 seconds
plan limit 980
current timestep 125
num of flexible agents: 36
num of flexible tasks: 7
Solving time: 0.000255696 seconds
plan limit 980
current timestep 126
num of flexible agents: 31
num of flexible tasks: 4
Solving time: 0.000265936 seconds
plan limit 980
current timestep 127
num of flexible agents: 31
num of flexible tasks: 4
Solving time: 0.000257957 seconds
plan limit 980
current timestep 128
num of flexible agents: 33
num of flexible tasks: 6
Solving time: 0.000275565 seconds
plan limit 980
current timestep 129
num of flexible agents: 35
num of flexible tasks: 7
Solving time: 0.000276256 seconds
plan limit 980
current timestep 130
num of flexible agents: 34
num of flexible tasks: 7
Solving time: 0.000310505 seconds
plan limit 980
current timestep 131
num of flexible agents: 39
num of flexible tasks: 8
Solving time: 0.000285768 seconds
plan limit 980
current timestep 132
num of flexible agents: 36
num of flexible tasks: 6
Solving time: 0.000270218 seconds
plan limit 980
current timestep 133
num of flexible agents: 39
num of flexible tasks: 8
Solving time: 0.000298876 seconds
plan limit 980
current timestep 134
num of flexible agents: 35
num of flexible tasks: 6
Solving time: 0.000266904 seconds
plan limit 980
current timestep 135
num of flexible agents: 36
num of flexible tasks: 6
Solving time: 0.000250171 seconds
plan limit 980
current timestep 136
num of flexible agents: 36
num of flexible tasks: 7
Solving time: 0.000266439 seconds
plan limit 980
current timestep 137
num of flexible agents: 36
num of flexible tasks: 7
Solving time: 0.000334894 seconds
plan limit 980
current timestep 138
num of flexible agents: 35
num of flexible tasks: 6
Solving time: 0.000280091 seconds
plan limit 980
current timestep 139
num of flexible agents: 35
num of flexible tasks: 5
Solving time: 0.000317868 seconds
plan limit 980
current timestep 140
num of flexible agents: 36
num of flexible tasks: 7
Solving time: 0.000292799 seconds
plan limit 980
current timestep 141
num of flexible agents: 34
num of flexible tasks: 7
Solving time: 0.000341051 seconds
plan limit 980
current timestep 142
num of flexible agents: 37
num of flexible tasks: 8
Solving time: 0.000303052 seconds
plan limit 980
current timestep 143
num of flexible agents: 38
num of flexible tasks: 8
Solving time: 0.000278219 seconds
plan limit 980
current timestep 144
num of flexible agents: 36
num of flexible tasks: 8
Solving time: 0.00029906 seconds
plan limit 980
current timestep 145
num of flexible agents: 34
num of flexible tasks: 6
Solving time: 0.000330761 seconds
plan limit 980
current timestep 146
num of flexible agents: 36
num of flexible tasks: 7
Solving time: 0.00031812 seconds
plan limit 980
current timestep 147
num of flexible agents: 38
num of flexible tasks: 9
Solving time: 0.000338399 seconds
plan limit 980
current timestep 148
num of flexible agents: 39
num of flexible tasks: 10
Solving time: 0.000304951 seconds
plan limit 980
current timestep 149
num of flexible agents: 41
num of flexible tasks: 11
Solving time: 0.000247102 seconds
plan limit 980
current timestep 150
num of flexible agents: 40
num of flexible tasks: 10
Solving time: 0.000339278 seconds
plan limit 980
current timestep 151
num of flexible agents: 39
num of flexible tasks: 10
Solving time: 0.00030691 seconds
plan limit 980
current timestep 152
num of flexible agents: 41
num of flexible tasks: 12
Solving time: 0.000313264 seconds
plan limit 980
current timestep 153
num of flexible agents: 41
num of flexible tasks: 11
Solving time: 0.000325805 seconds
plan limit 980
current timestep 154
num of flexible agents: 39
num of flexible tasks: 11
Solving time: 0.000326325 seconds
plan limit 980
current timestep 155
num of flexible agents: 38
num of flexible tasks: 11
Solving time: 0.000325024 seconds
plan limit 980
current timestep 156
num of flexible agents: 39
num of flexible tasks: 11
Solving time: 0.000290235 seconds
plan limit 980
current timestep 157
num of flexible agents: 37
num of flexible tasks: 10
Solving time: 0.000312028 seconds
plan limit 980
current timestep 158
num of flexible agents: 41
num of flexible tasks: 12
Solving time: 0.000270305 seconds
plan limit 980
current timestep 159
num of flexible agents: 40
num of flexible tasks: 10
Solving time: 0.000264123 seconds
plan limit 980
current timestep 160
num of flexible agents: 40
num of flexible tasks: 11
Solving time: 0.000292352 seconds
plan limit 980
current timestep 161
num of flexible agents: 36
num of flexible tasks: 9
Solving time: 0.000251049 seconds
plan limit 980
current timestep 162
num of flexible agents: 36
num of flexible tasks: 9
Solving time: 0.00027025 seconds
plan limit 980
current timestep 163
num of flexible agents: 36
num of flexible tasks: 8
Solving time: 0.000278322 seconds
plan limit 980
current timestep 164
num of flexible agents: 36
num of flexible tasks: 9
Solving time: 0.000269929 seconds
plan limit 980
current timestep 165
num of flexible agents: 35
num of flexible tasks: 8
Solving time: 0.000298749 seconds
plan limit 980
current timestep 166
num of flexible agents: 36
num of flexible tasks: 9
Solving time: 0.00030122 seconds
plan limit 980
current timestep 167
num of flexible agents: 37
num of flexible tasks: 11
Solving time: 0.000289817 seconds
plan limit 980
current timestep 168
num of flexible agents: 39
num of flexible tasks: 12
Solving time: 0.000307096 seconds
plan limit 980
current timestep 169
num of flexible agents: 41
num of flexible tasks: 13
Solving time: 0.000299211 seconds
plan limit 980
current timestep 170
num of flexible agents: 41
num of flexible tasks: 11
Solving time: 0.000297645 seconds
plan limit 980
current timestep 171
num of flexible agents: 39
num of flexible tasks: 9
Solving time: 0.00029998 seconds
plan limit 980
current timestep 172
num of flexible agents: 40
num of flexible tasks: 8
Solving time: 0.000264545 seconds
plan limit 980
current timestep 173
num of flexible agents: 39
num of flexible tasks: 8
Solving time: 0.000316504 seconds
plan limit 980
current timestep 174
num of flexible agents: 38
num of flexible tasks: 7
Solving time: 0.00029973 seconds
plan limit 980
current timestep 175
num of flexible agents: 37
num of flexible tasks: 8
Solving time: 0.00029625 seconds
plan limit 980
current timestep 176
num of flexible agents: 39
num of flexible tasks: 10
Solving time: 0.000307492 seconds
plan limit 980
current timestep 177
num of flexible agents: 40
num of flexible tasks: 10
Solving time: 0.000301043 seconds
plan limit 980
current timestep 178
num of flexible agents: 37
num of flexible tasks: 8
Solving time: 0.000227233 seconds
plan limit 980
current timestep 179
num of flexible agents: 39
num of flexible tasks: 9
Solving time: 0.000277605 seconds
plan limit 980
current timestep 180
num of flexible agents: 37
num of flexible tasks: 7
Solving time: 0.000299988 seconds
plan limit 980
current timestep 181
num of flexible agents: 38
num of flexible tasks: 7
Solving time: 0.00028364 seconds
plan limit 980
current timestep 182
num of flexible agents: 40
num of flexible tasks: 8
Solving time: 0.000274863 seconds
plan limit 980
current timestep 183
num of flexible agents: 41
num of flexible tasks: 8
Solving time: 0.00029439 seconds
plan limit 980
current timestep 184
num of flexible agents: 40
num of flexible tasks: 8
Solving time: 0.000308451 seconds
plan limit 980
current timestep 185
num of flexible agents: 40
num of flexible tasks: 9
Solving time: 0.000303351 seconds
plan limit 980
current timestep 186
num of flexible agents: 40
num of flexible tasks: 10
Solving time: 0.000342753 seconds
plan limit 980
current timestep 187
num of flexible agents: 41
num of flexible tasks: 12
Solving time: 0.000304416 seconds
plan limit 980
current timestep 188
num of flexible agents: 41
num of flexible tasks: 11
Solving time: 0.000303355 seconds
plan limit 980
current timestep 189
num of flexible agents: 42
num of flexible tasks: 12
Solving time: 0.000298394 seconds
plan limit 980
current timestep 190
num of flexible agents: 37
num of flexible tasks: 7
Solving time: 0.000272286 seconds
plan limit 980
current timestep 191
num of flexible agents: 37
num of flexible tasks: 7
Solving time: 0.000283339 seconds
plan limit 980
current timestep 192
num of flexible agents: 36
num of flexible tasks: 7
Solving time: 0.000303617 seconds
plan limit 980
current timestep 193
num of flexible agents: 38
num of flexible tasks: 8
Solving time: 0.000280227 seconds
plan limit 980
current timestep 194
num of flexible agents: 38
num of flexible tasks: 7
Solving time: 0.00029172 seconds
plan limit 980
current timestep 195
num of flexible agents: 41
num of flexible tasks: 9
Solving time: 0.000299829 seconds
plan limit 980
current timestep 196
num of flexible agents: 40
num of flexible tasks: 9
Solving time: 0.000309123 seconds
plan limit 980
current timestep 197
num of flexible agents: 38
num of flexible tasks: 8
Solving time: 0.000277834 seconds
plan limit 980
current timestep 198
num of flexible agents: 41
num of flexible tasks: 9
Solving time: 0.000284444 seconds
plan limit 980
current timestep 199
num of flexible agents: 40
num of flexible tasks: 10
Solving time: 0.000275892 seconds
plan limit 980
current timestep 200
num of flexible agents: 42
num of flexible tasks: 10
Solving time: 0.000285097 seconds
plan limit 980
current timestep 201
num of flexible agents: 41
num of flexible tasks: 9
Solving time: 0.000292981 seconds
plan limit 980
current timestep 202
num of flexible agents: 43
num of flexible tasks: 8
Solving time: 0.00028917 seconds
plan limit 980
current timestep 203
num of flexible agents: 44
num of flexible tasks: 8
Solving time: 0.000240069 seconds
plan limit 980
current timestep 204
num of flexible agents: 44
num of flexible tasks: 8
Solving time: 0.000301231 seconds
plan limit 980
current timestep 205
num of flexible agents: 44
num of flexible tasks: 10
Solving time: 0.000263412 seconds
plan limit 980
current timestep 206
num of flexible agents: 39
num of flexible tasks: 7
Solving time: 0.000278333 seconds
plan limit 980
current timestep 207
num of flexible agents: 38
num of flexible tasks: 6
Solving time: 0.000246323 seconds
plan limit 980
current timestep 208
num of flexible agents: 38
num of flexible tasks: 6
Solving time: 0.000243717 seconds
plan limit 980
current timestep 209
num of flexible agents: 39
num of flexible tasks: 8
Solving time: 0.000279582 seconds
plan limit 980
current timestep 210
num of flexible agents: 36
num of flexible tasks: 6
Solving time: 0.000255283 seconds
plan limit 980
current timestep 211
num of flexible agents: 34
num of flexible tasks: 6
Solving time: 0.00027647 seconds
plan limit 980
current timestep 212
num of flexible agents: 37
num of flexible tasks: 7
Solving time: 0.000255691 seconds
plan limit 980
current timestep 213
num of flexible agents: 36
num of flexible tasks: 5
Solving time: 0.000258204 seconds
plan limit 980
current timestep 214
num of flexible agents: 37
num of flexible tasks: 7
Solving time: 0.00028969 seconds
plan limit 980
current timestep 215
num of flexible agents: 42
num of flexible tasks: 9
Solving time: 0.000296934 seconds
plan limit 980
current timestep 216
num of flexible agents: 42
num of flexible tasks: 8
Solving time: 0.000308179 seconds
plan limit 980
current timestep 217
num of flexible agents: 41
num of flexible tasks: 8
Solving time: 0.000293485 seconds
plan limit 980
current timestep 218
num of flexible agents: 40
num of flexible tasks: 8
Solving time: 0.000270554 seconds
plan limit 980
current timestep 219
num of flexible agents: 41
num of flexible tasks: 9
Solving time: 0.000287591 seconds
plan limit 980
current timestep 220
num of flexible agents: 40
num of flexible tasks: 9
Solving time: 0.00026859 seconds
plan limit 980
current timestep 221
num of flexible agents: 40
num of flexible tasks: 10
Solving time: 0.000293913 seconds
plan limit 980
current timestep 222
num of flexible agents: 38
num of flexible tasks: 9
Solving time: 0.000248121 seconds
plan limit 980
current timestep 223
num of flexible agents: 38
num of flexible tasks: 8
Solving time: 0.00028147 seconds
plan limit 980
current timestep 224
num of flexible agents: 39
num of flexible tasks: 9
Solving time: 0.00026654 seconds
plan limit 980
current timestep 225
num of flexible agents: 39
num of flexible tasks: 10
Solving time: 0.000272122 seconds
plan limit 980
current timestep 226
num of flexible agents: 39
num of flexible tasks: 11
Solving time: 0.000320281 seconds
plan limit 980
current timestep 227
num of flexible agents: 37
num of flexible tasks: 9
Solving time: 0.00032113 seconds
plan limit 980
current timestep 228
num of flexible agents: 38
num of flexible tasks: 8
Solving time: 0.000318188 seconds
plan limit 980
current timestep 229
num of flexible agents: 39
num of flexible tasks: 10
Solving time: 0.000330312 seconds
plan limit 980
current timestep 230
num of flexible agents: 40
num of flexible tasks: 11
Solving time: 0.000295007 seconds
plan limit 980
current timestep 231
num of flexible agents: 41
num of flexible tasks: 11
Solving time: 0.000297355 seconds
plan limit 980
current timestep 232
num of flexible agents: 40
num of flexible tasks: 11
Solving time: 0.000335021 seconds
plan limit 980
current timestep 233
num of flexible agents: 42
num of flexible tasks: 12
Solving time: 0.000328096 seconds
plan limit 980
current timestep 234
num of flexible agents: 40
num of flexible tasks: 12
Solving time: 0.000339805 seconds
plan limit 980
current timestep 235
num of flexible agents: 39
num of flexible tasks: 12
Solving time: 0.000273284 seconds
plan limit 980
current timestep 236
num of flexible agents: 38
num of flexible tasks: 12
Solving time: 0.000291268 seconds
plan limit 980
current timestep 237
num of flexible agents: 34
num of flexible tasks: 10
Solving time: 0.000313318 seconds
plan limit 980
current timestep 238
num of flexible agents: 32
num of flexible tasks: 9
Solving time: 0.000304845 seconds
plan limit 980
current timestep 239
num of flexible agents: 36
num of flexible tasks: 11
Solving time: 0.000346372 seconds
plan limit 980
current timestep 240
num of flexible agents: 38
num of flexible tasks: 12
Solving time: 0.000318195 seconds
plan limit 980
current timestep 241
num of flexible agents: 40
num of flexible tasks: 13
Solving time: 0.000333069 seconds
plan limit 980
current timestep 242
num of flexible agents: 38
num of flexible tasks: 12
Solving time: 0.000300496 seconds
plan limit 980
current timestep 243
num of flexible agents: 35
num of flexible tasks: 11
Solving time: 0.000344808 seconds
plan limit 980
current timestep 244
num of flexible agents: 35
num of flexible tasks: 11
Solving time: 0.000313965 seconds
plan limit 980
current timestep 245
num of flexible agents: 36
num of flexible tasks: 12
Solving time: 0.000331407 seconds
plan limit 980
current timestep 246
num of flexible agents: 35
num of flexible tasks: 12
Solving time: 0.000332351 seconds
plan limit 980
current timestep 247
num of flexible agents: 37
num of flexible tasks: 13
Solving time: 0.00031827 seconds
plan limit 980
current timestep 248
num of flexible agents: 38
num of flexible tasks: 14
Solving time: 0.000338249 seconds
plan limit 980
current timestep 249
num of flexible agents: 38
num of flexible tasks: 13
Solving time: 0.000317404 seconds
plan limit 980
current timestep 250
num of flexible agents: 40
num of flexible tasks: 11
Solving time: 0.000304893 seconds
plan limit 980
current timestep 251
num of flexible agents: 43
num of flexible tasks: 10
Solving time: 0.000295261 seconds
plan limit 980
current timestep 252
num of flexible agents: 42
num of flexible tasks: 7
Solving time: 0.000268203 seconds
plan limit 980
current timestep 253
num of flexible agents: 41
num of flexible tasks: 6
Solving time: 0.000286599 seconds
plan limit 980
current timestep 254
num of flexible agents: 43
num of flexible tasks: 6
Solving time: 0.00025198 seconds
plan limit 980
current timestep 255
num of flexible agents: 42
num of flexible tasks: 2
Solving time: 0.000225998 seconds
plan limit 980
current timestep 256
num of flexible agents: 47
num of flexible tasks: 1
Solving time: 0.000279384 seconds
plan limit 980
current timestep 257
num of flexible agents: 48
num of flexible tasks: 0
Solving time: 0.000232753 seconds
plan limit 980
current timestep 258
num of flexible agents: 49
num of flexible tasks: 0
Solving time: 0.000210546 seconds
plan limit 980
current timestep 259
num of flexible agents: 49
num of flexible tasks: 0
Solving time: 0.000218747 seconds
plan limit 980
current timestep 260
num of flexible agents: 52
num of flexible tasks: 0
Solving time: 0.000257448 seconds
plan limit 980
current timestep 261
num of flexible agents: 54
num of flexible tasks: 0
Solving time: 0.000200361 seconds
plan limit 980
current timestep 262
num of flexible agents: 54
num of flexible tasks: 0
Solving time: 0.000204436 seconds
plan limit 980
current timestep 263
num of flexible agents: 58
num of flexible tasks: 0
Solving time: 0.000210864 seconds
plan limit 980
current timestep 264
num of flexible agents: 60
num of flexible tasks: 0
Solving time: 0.00023036 seconds
plan limit 980
current timestep 265
num of flexible agents: 61
num of flexible tasks: 0
Solving time: 0.000250899 seconds
plan limit 980
current timestep 266
num of flexible agents: 61
num of flexible tasks: 0
Solving time: 0.000213625 seconds
plan limit 980
current timestep 267
num of flexible agents: 64
num of flexible tasks: 0
Solving time: 0.000231339 seconds
plan limit 980
current timestep 268
num of flexible agents: 66
num of flexible tasks: 0
Solving time: 0.000207341 seconds
plan limit 980
current timestep 269
num of flexible agents: 67
num of flexible tasks: 0
Solving time: 0.000221063 seconds
plan limit 980
current timestep 270
num of flexible agents: 71
num of flexible tasks: 0
Solving time: 0.00022772 seconds
plan limit 980
current timestep 271
num of flexible agents: 72
num of flexible tasks: 0
Solving time: 0.000246052 seconds
plan limit 980
current timestep 272
num of flexible agents: 72
num of flexible tasks: 0
Solving time: 0.000238194 seconds
plan limit 980
current timestep 273
num of flexible agents: 74
num of flexible tasks: 0
Solving time: 0.000244837 seconds
plan limit 980
current timestep 274
num of flexible agents: 74
num of flexible tasks: 0
Solving time: 0.000238945 seconds
plan limit 980
current timestep 275
num of flexible agents: 75
num of flexible tasks: 0
Solving time: 0.000247306 seconds
plan limit 980
current timestep 276
num of flexible agents: 75
num of flexible tasks: 0
Solving time: 0.000229309 seconds
plan limit 980
current timestep 277
num of flexible agents: 75
num of flexible tasks: 0
Solving time: 0.000216781 seconds
plan limit 980
current timestep 278
num of flexible agents: 75
num of flexible tasks: 0
Solving time: 0.000196982 seconds
plan limit 980
current timestep 279
num of flexible agents: 75
num of flexible tasks: 0
Solving time: 0.000272256 seconds
plan limit 980
current timestep 280
num of flexible agents: 75
num of flexible tasks: 0
Solving time: 0.00022622 seconds
plan limit 980
current timestep 281
num of flexible agents: 76
num of flexible tasks: 0
Solving time: 0.000248508 seconds
plan limit 980
current timestep 282
num of flexible agents: 77
num of flexible tasks: 0
Solving time: 0.000222716 seconds
plan limit 980
current timestep 283
num of flexible agents: 77
num of flexible tasks: 0
Solving time: 0.000198616 seconds
plan limit 980
current timestep 284
num of flexible agents: 77
num of flexible tasks: 0
Solving time: 0.000222123 seconds
plan limit 980
current timestep 285
num of flexible agents: 77
num of flexible tasks: 0
Solving time: 0.000234313 seconds
plan limit 980
current timestep 286
num of flexible agents: 77
num of flexible tasks: 0
Solving time: 0.000235004 seconds
plan limit 980
current timestep 287
num of flexible agents: 78
num of flexible tasks: 0
Solving time: 0.000242845 seconds
plan limit 980
current timestep 288
num of flexible agents: 79
num of flexible tasks: 0
Solving time: 0.000225579 seconds
plan limit 980
All tasks finished at timestep 289
