heap_exact_pickup_cache sites=620 bytes=173600000
current timestep 0
heap_candidate_coverage timestep=0 agents=16000 tasks=24000 quartiles=379,0,0,0 full_scans=378 partial_scans=1 seeded_agents=0 exact_agents=0 evaluated_pairs=9072256
plan limit 497
compute initial stop until 730
current timestep 1
plan limit 498
compute initial stop until 1542
current timestep 2
plan limit 498
compute initial stop until 2344
current timestep 3
plan limit 497
compute initial stop until 3115
current timestep 4
plan limit 498
compute initial stop until 3816
current timestep 5
plan limit 497
compute initial stop until 4460
current timestep 6
plan limit 497
compute initial stop until 4949
current timestep 7
plan limit 497
compute initial stop until 5336
current timestep 8
plan limit 497
compute initial stop until 5603
current timestep 9
plan limit 497
compute initial stop until 5771
current timestep 10
plan limit 497
compute initial stop until 5821
current timestep 11
plan limit 496
compute initial stop until 5665
current timestep 12
plan limit 496
compute initial stop until 5962
current timestep 13
plan limit 496
compute initial stop until 6178
current timestep 14
plan limit 496
compute initial stop until 6369
current timestep 15
plan limit 495
compute initial stop until 6560
current timestep 16
plan limit 496
compute initial stop until 6696
current timestep 17
plan limit 495
compute initial stop until 6865
current timestep 18
plan limit 495
compute initial stop until 6988
current timestep 19
plan limit 495
compute initial stop until 7115
current timestep 20
plan limit 495
compute initial stop until 7227
current timestep 21
plan limit 494
compute initial stop until 7355
current timestep 22
plan limit 494
compute initial stop until 7470
current timestep 23
plan limit 494
compute initial stop until 7599
current timestep 24
plan limit 494
compute initial stop until 7723
current timestep 25
heap_candidate_coverage timestep=25 agents=1157 tasks=9157 quartiles=290,289,289,105 full_scans=972 partial_scans=1 seeded_agents=0 exact_agents=0 evaluated_pairs=8900860
plan limit 494
compute initial stop until 7806
current timestep 26
plan limit 494
compute initial stop until 7941
current timestep 27
plan limit 494
compute initial stop until 8067
current timestep 28
plan limit 494
compute initial stop until 8195
current timestep 29
plan limit 494
compute initial stop until 8324
current timestep 30
plan limit 494
compute initial stop until 8469
current timestep 31
plan limit 494
compute initial stop until 8554
current timestep 32
plan limit 494
compute initial stop until 8675
current timestep 33
plan limit 493
compute initial stop until 8774
current timestep 34
plan limit 494
compute initial stop until 8868
current timestep 35
plan limit 493
compute initial stop until 8968
current timestep 36
plan limit 493
compute initial stop until 9030
current timestep 37
plan limit 493
compute initial stop until 9100
current timestep 38
plan limit 493
compute initial stop until 9159
current timestep 39
plan limit 493
compute initial stop until 9273
current timestep 40
plan limit 493
compute initial stop until 9354
current timestep 41
plan limit 493
compute initial stop until 9447
current timestep 42
plan limit 492
compute initial stop until 9488
current timestep 43
plan limit 492
compute initial stop until 9571
current timestep 44
plan limit 492
compute initial stop until 9643
current timestep 45
plan limit 492
compute initial stop until 9722
current timestep 46
plan limit 492
compute initial stop until 9795
current timestep 47
plan limit 492
compute initial stop until 9877
current timestep 48
plan limit 492
compute initial stop until 9943
current timestep 49
plan limit 492
compute initial stop until 10013
current timestep 50
heap_candidate_coverage timestep=50 agents=15 tasks=8015 quartiles=4,4,4,3 full_scans=15 partial_scans=0 seeded_agents=0 exact_agents=0 evaluated_pairs=120225
plan limit 492
compute initial stop until 10114
current timestep 51
plan limit 492
compute initial stop until 10204
current timestep 52
plan limit 492
compute initial stop until 10252
current timestep 53
plan limit 492
compute initial stop until 10325
current timestep 54
plan limit 491
compute initial stop until 10405
current timestep 55
plan limit 491
compute initial stop until 10474
current timestep 56
plan limit 491
compute initial stop until 10528
current timestep 57
plan limit 491
compute initial stop until 10635
current timestep 58
plan limit 491
compute initial stop until 10686
current timestep 59
plan limit 491
compute initial stop until 10772
current timestep 60
plan limit 491
compute initial stop until 10853
current timestep 61
plan limit 491
compute initial stop until 10926
current timestep 62
plan limit 491
compute initial stop until 10988
current timestep 63
plan limit 490
compute initial stop until 11062
current timestep 64
plan limit 490
compute initial stop until 11146
current timestep 65
plan limit 491
compute initial stop until 11210
current timestep 66
plan limit 491
compute initial stop until 11295
current timestep 67
plan limit 490
compute initial stop until 11369
current timestep 68
plan limit 490
compute initial stop until 11413
current timestep 69
plan limit 490
compute initial stop until 11465
current timestep 70
plan limit 490
compute initial stop until 11525
current timestep 71
plan limit 489
compute initial stop until 11566
current timestep 72
plan limit 490
compute initial stop until 11623
current timestep 73
plan limit 490
compute initial stop until 11670
current timestep 74
plan limit 489
compute initial stop until 11709
current timestep 75
heap_candidate_coverage timestep=75 agents=23 tasks=8023 quartiles=6,6,6,5 full_scans=23 partial_scans=0 seeded_agents=0 exact_agents=0 evaluated_pairs=184529
plan limit 490
compute initial stop until 11742
current timestep 76
plan limit 489
compute initial stop until 11773
current timestep 77
plan limit 490
compute initial stop until 11828
current timestep 78
plan limit 490
compute initial stop until 11884
current timestep 79
plan limit 489
compute initial stop until 11922
current timestep 80
plan limit 489
compute initial stop until 11967
current timestep 81
plan limit 489
compute initial stop until 12001
current timestep 82
plan limit 489
compute initial stop until 12043
current timestep 83
plan limit 489
compute initial stop until 12071
current timestep 84
plan limit 489
compute initial stop until 12106
current timestep 85
plan limit 489
compute initial stop until 12138
current timestep 86
plan limit 489
compute initial stop until 12179
current timestep 87
plan limit 489
compute initial stop until 12247
current timestep 88
plan limit 489
compute initial stop until 12303
current timestep 89
plan limit 489
compute initial stop until 12341
current timestep 90
plan limit 488
compute initial stop until 12363
current timestep 91
plan limit 489
compute initial stop until 12396
current timestep 92
plan limit 488
compute initial stop until 12430
current timestep 93
plan limit 489
compute initial stop until 12465
current timestep 94
plan limit 488
compute initial stop until 12500
current timestep 95
plan limit 487
compute initial stop until 12547
current timestep 96
plan limit 488
compute initial stop until 12581
current timestep 97
plan limit 487
compute initial stop until 12619
current timestep 98
plan limit 488
compute initial stop until 12663
current timestep 99
plan limit 487
compute initial stop until 12711
current timestep 100
heap_candidate_coverage timestep=100 agents=27 tasks=8027 quartiles=7,7,7,6 full_scans=27 partial_scans=0 seeded_agents=0 exact_agents=0 evaluated_pairs=216729
plan limit 487
compute initial stop until 12765
current timestep 101
plan limit 487
compute initial stop until 12802
current timestep 102
plan limit 488
compute initial stop until 12839
current timestep 103
plan limit 488
compute initial stop until 12881
current timestep 104
plan limit 488
compute initial stop until 12926
current timestep 105
plan limit 488
compute initial stop until 12966
current timestep 106
plan limit 488
compute initial stop until 13020
current timestep 107
plan limit 487
compute initial stop until 13069
current timestep 108
plan limit 487
compute initial stop until 13092
current timestep 109
plan limit 487
compute initial stop until 13139
current timestep 110
plan limit 487
compute initial stop until 13175
current timestep 111
plan limit 487
compute initial stop until 13210
current timestep 112
plan limit 487
compute initial stop until 13271
current timestep 113
plan limit 487
compute initial stop until 13299
current timestep 114
plan limit 487
compute initial stop until 13317
current timestep 115
plan limit 487
compute initial stop until 13342
current timestep 116
plan limit 487
compute initial stop until 13380
current timestep 117
plan limit 487
compute initial stop until 13414
current timestep 118
plan limit 487
compute initial stop until 13457
current timestep 119
plan limit 487
compute initial stop until 13504
current timestep 120
plan limit 486
compute initial stop until 13529
current timestep 121
plan limit 486
compute initial stop until 13565
current timestep 122
plan limit 486
compute initial stop until 13597
current timestep 123
plan limit 486
compute initial stop until 13612
current timestep 124
plan limit 486
compute initial stop until 13647
current timestep 125
heap_candidate_coverage timestep=125 agents=32 tasks=8032 quartiles=8,8,8,8 full_scans=32 partial_scans=0 seeded_agents=0 exact_agents=0 evaluated_pairs=257024
plan limit 486
compute initial stop until 13679
current timestep 126
plan limit 486
compute initial stop until 13712
current timestep 127
plan limit 486
compute initial stop until 13743
current timestep 128
plan limit 486
compute initial stop until 13783
current timestep 129
plan limit 486
compute initial stop until 13812
current timestep 130
plan limit 485
compute initial stop until 13842
current timestep 131
plan limit 486
compute initial stop until 13876
current timestep 132
plan limit 485
compute initial stop until 13920
current timestep 133
plan limit 486
compute initial stop until 13949
current timestep 134
plan limit 485
compute initial stop until 13965
current timestep 135
plan limit 486
compute initial stop until 13995
current timestep 136
plan limit 486
compute initial stop until 14049
current timestep 137
plan limit 486
compute initial stop until 14070
current timestep 138
plan limit 486
compute initial stop until 14107
current timestep 139
plan limit 486
compute initial stop until 14141
current timestep 140
plan limit 485
compute initial stop until 14176
current timestep 141
plan limit 485
compute initial stop until 14219
current timestep 142
plan limit 485
compute initial stop until 14260
current timestep 143
plan limit 486
compute initial stop until 14296
current timestep 144
plan limit 486
compute initial stop until 14336
current timestep 145
plan limit 486
compute initial stop until 14366
current timestep 146
plan limit 485
compute initial stop until 14394
current timestep 147
plan limit 485
compute initial stop until 14432
current timestep 148
plan limit 485
compute initial stop until 14459
current timestep 149
plan limit 485
compute initial stop until 14473
current timestep 150
heap_candidate_coverage timestep=150 agents=34 tasks=8034 quartiles=9,8,9,8 full_scans=34 partial_scans=0 seeded_agents=0 exact_agents=0 evaluated_pairs=273156
plan limit 485
compute initial stop until 14526
current timestep 151
plan limit 485
compute initial stop until 14557
current timestep 152
plan limit 485
compute initial stop until 14596
current timestep 153
plan limit 486
compute initial stop until 14627
current timestep 154
plan limit 485
compute initial stop until 14665
current timestep 155
plan limit 485
compute initial stop until 14691
current timestep 156
plan limit 485
compute initial stop until 14708
current timestep 157
plan limit 485
compute initial stop until 14729
current timestep 158
plan limit 485
compute initial stop until 14748
current timestep 159
plan limit 485
compute initial stop until 14773
current timestep 160
plan limit 485
compute initial stop until 14806
current timestep 161
plan limit 485
compute initial stop until 14835
current timestep 162
plan limit 485
compute initial stop until 14867
current timestep 163
plan limit 485
compute initial stop until 14888
current timestep 164
plan limit 485
compute initial stop until 14921
current timestep 165
plan limit 484
compute initial stop until 14935
current timestep 166
plan limit 485
compute initial stop until 14968
current timestep 167
plan limit 484
compute initial stop until 14991
current timestep 168
plan limit 484
compute initial stop until 14999
current timestep 169
plan limit 483
compute initial stop until 15032
current timestep 170
plan limit 485
compute initial stop until 15060
current timestep 171
plan limit 484
compute initial stop until 15079
current timestep 172
plan limit 484
compute initial stop until 15107
current timestep 173
plan limit 484
compute initial stop until 15112
current timestep 174
plan limit 485
compute initial stop until 15139
current timestep 175
heap_candidate_coverage timestep=175 agents=42 tasks=8042 quartiles=11,10,11,10 full_scans=42 partial_scans=0 seeded_agents=0 exact_agents=0 evaluated_pairs=337764
plan limit 485
compute initial stop until 15172
current timestep 176
plan limit 484
compute initial stop until 15189
current timestep 177
plan limit 484
compute initial stop until 15216
current timestep 178
plan limit 485
compute initial stop until 15243
current timestep 179
plan limit 485
compute initial stop until 15253
current timestep 180
plan limit 484
compute initial stop until 15266
current timestep 181
plan limit 485
compute initial stop until 15277
current timestep 182
plan limit 484
compute initial stop until 15300
current timestep 183
plan limit 484
compute initial stop until 15334
current timestep 184
plan limit 485
compute initial stop until 15350
current timestep 185
plan limit 484
compute initial stop until 15370
current timestep 186
plan limit 484
compute initial stop until 15391
current timestep 187
plan limit 484
compute initial stop until 15425
current timestep 188
plan limit 484
compute initial stop until 15454
current timestep 189
plan limit 484
compute initial stop until 15475
current timestep 190
plan limit 485
compute initial stop until 15485
current timestep 191
plan limit 485
compute initial stop until 15506
current timestep 192
plan limit 485
compute initial stop until 15515
current timestep 193
plan limit 484
compute initial stop until 15537
current timestep 194
plan limit 484
compute initial stop until 15560
current timestep 195
plan limit 484
compute initial stop until 15566
current timestep 196
plan limit 484
compute initial stop until 15591
current timestep 197
plan limit 484
compute initial stop until 15610
current timestep 198
plan limit 484
compute initial stop until 15613
current timestep 199
plan limit 484
compute initial stop until 15649
current timestep 200
heap_candidate_coverage timestep=200 agents=49 tasks=8049 quartiles=13,12,12,12 full_scans=49 partial_scans=0 seeded_agents=0 exact_agents=0 evaluated_pairs=394401
plan limit 484
compute initial stop until 15670
current timestep 201
plan limit 484
compute initial stop until 15681
current timestep 202
plan limit 484
compute initial stop until 15692
current timestep 203
plan limit 484
compute initial stop until 15709
current timestep 204
plan limit 484
compute initial stop until 15719
current timestep 205
plan limit 484
compute initial stop until 15738
current timestep 206
plan limit 484
compute initial stop until 12044
current timestep 207
plan limit 484
compute initial stop until 15510
current timestep 208
plan limit 483
compute initial stop until 15761
current timestep 209
plan limit 484
compute initial stop until 15783
current timestep 210
plan limit 483
compute initial stop until 15799
current timestep 211
plan limit 483
compute initial stop until 15805
current timestep 212
plan limit 482
compute initial stop until 15814
current timestep 213
plan limit 484
compute initial stop until 15853
current timestep 214
plan limit 483
compute initial stop until 15867
current timestep 215
plan limit 483
compute initial stop until 15902
current timestep 216
plan limit 483
compute initial stop until 15923
current timestep 217
plan limit 483
compute initial stop until 15943
current timestep 218
plan limit 482
compute initial stop until 15959
current timestep 219
plan limit 484
compute initial stop until 15971
current timestep 220
plan limit 483
compute initial stop until 15977
current timestep 221
plan limit 483
compute initial stop until 15991
current timestep 222
plan limit 483
current timestep 223
plan limit 483
current timestep 224
plan limit 483
current timestep 225
heap_candidate_coverage timestep=225 agents=39 tasks=8039 quartiles=10,10,10,9 full_scans=39 partial_scans=0 seeded_agents=0 exact_agents=0 evaluated_pairs=313521
plan limit 484
current timestep 226
plan limit 483
current timestep 227
plan limit 483
current timestep 228
plan limit 483
current timestep 229
plan limit 484
compute initial stop until 14619
current timestep 230
plan limit 483
current timestep 231
plan limit 483
current timestep 232
plan limit 483
current timestep 233
plan limit 483
current timestep 234
plan limit 482
current timestep 235
plan limit 483
current timestep 236
plan limit 483
current timestep 237
plan limit 483
current timestep 238
plan limit 484
current timestep 239
plan limit 482
current timestep 240
plan limit 483
current timestep 241
plan limit 483
current timestep 242
plan limit 483
current timestep 243
plan limit 483
compute initial stop until 13722
current timestep 244
plan limit 483
current timestep 245
plan limit 483
current timestep 246
plan limit 483
current timestep 247
plan limit 484
current timestep 248
plan limit 483
current timestep 249
plan limit 483
current timestep 250
heap_candidate_coverage timestep=250 agents=40 tasks=8040 quartiles=10,10,10,10 full_scans=40 partial_scans=0 seeded_agents=0 exact_agents=0 evaluated_pairs=321600
plan limit 482
current timestep 251
plan limit 484
current timestep 252
plan limit 483
current timestep 253
plan limit 483
current timestep 254
plan limit 484
current timestep 255
plan limit 483
current timestep 256
plan limit 483
current timestep 257
plan limit 483
current timestep 258
plan limit 483
current timestep 259
plan limit 483
current timestep 260
plan limit 483
current timestep 261
plan limit 482
current timestep 262
plan limit 483
current timestep 263
plan limit 481
current timestep 264
plan limit 483
current timestep 265
plan limit 482
current timestep 266
plan limit 483
current timestep 267
plan limit 483
current timestep 268
plan limit 483
current timestep 269
plan limit 482
current timestep 270
plan limit 484
current timestep 271
plan limit 482
current timestep 272
plan limit 483
current timestep 273
plan limit 482
current timestep 274
plan limit 483
current timestep 275
heap_candidate_coverage timestep=275 agents=41 tasks=8041 quartiles=11,10,10,10 full_scans=41 partial_scans=0 seeded_agents=0 exact_agents=0 evaluated_pairs=329681
plan limit 482
current timestep 276
plan limit 482
current timestep 277
plan limit 482
current timestep 278
plan limit 483
current timestep 279
plan limit 482
current timestep 280
plan limit 483
current timestep 281
plan limit 483
current timestep 282
plan limit 482
current timestep 283
plan limit 483
current timestep 284
plan limit 482
current timestep 285
plan limit 483
current timestep 286
plan limit 483
current timestep 287
plan limit 482
current timestep 288
plan limit 483
current timestep 289
plan limit 482
current timestep 290
plan limit 483
current timestep 291
plan limit 483
current timestep 292
plan limit 482
current timestep 293
plan limit 483
current timestep 294
plan limit 482
current timestep 295
plan limit 482
current timestep 296
plan limit 483
current timestep 297
plan limit 483
current timestep 298
plan limit 483
current timestep 299
plan limit 482
current timestep 300
heap_candidate_coverage timestep=300 agents=53 tasks=8053 quartiles=14,13,13,13 full_scans=53 partial_scans=0 seeded_agents=0 exact_agents=0 evaluated_pairs=426809
plan limit 483
current timestep 301
plan limit 483
current timestep 302
plan limit 483
current timestep 303
plan limit 483
current timestep 304
plan limit 482
current timestep 305
plan limit 483
current timestep 306
plan limit 483
current timestep 307
plan limit 483
current timestep 308
plan limit 482
current timestep 309
plan limit 482
current timestep 310
plan limit 483
current timestep 311
plan limit 483
current timestep 312
plan limit 482
current timestep 313
plan limit 482
current timestep 314
plan limit 482
current timestep 315
plan limit 483
current timestep 316
plan limit 483
current timestep 317
plan limit 482
current timestep 318
plan limit 483
current timestep 319
plan limit 482
current timestep 320
plan limit 483
current timestep 321
plan limit 482
current timestep 322
plan limit 482
current timestep 323
plan limit 483
current timestep 324
plan limit 482
current timestep 325
heap_candidate_coverage timestep=325 agents=34 tasks=8034 quartiles=9,8,9,8 full_scans=34 partial_scans=0 seeded_agents=0 exact_agents=0 evaluated_pairs=273156
plan limit 483
current timestep 326
plan limit 481
current timestep 327
plan limit 483
current timestep 328
plan limit 481
current timestep 329
plan limit 483
current timestep 330
plan limit 481
current timestep 331
plan limit 482
current timestep 332
plan limit 481
current timestep 333
plan limit 483
compute initial stop until 13971
current timestep 334
plan limit 482
current timestep 335
plan limit 482
current timestep 336
plan limit 481
current timestep 337
plan limit 483
current timestep 338
plan limit 482
current timestep 339
plan limit 482
current timestep 340
plan limit 482
current timestep 341
plan limit 482
current timestep 342
plan limit 483
current timestep 343
plan limit 483
current timestep 344
plan limit 482
current timestep 345
plan limit 483
current timestep 346
plan limit 483
current timestep 347
plan limit 483
current timestep 348
plan limit 483
current timestep 349
plan limit 483
current timestep 350
heap_candidate_coverage timestep=350 agents=57 tasks=8057 quartiles=15,14,14,14 full_scans=57 partial_scans=0 seeded_agents=0 exact_agents=0 evaluated_pairs=459249
plan limit 483
current timestep 351
plan limit 483
current timestep 352
plan limit 482
current timestep 353
plan limit 482
current timestep 354
plan limit 482
current timestep 355
plan limit 482
current timestep 356
plan limit 482
current timestep 357
plan limit 483
current timestep 358
plan limit 482
current timestep 359
plan limit 483
current timestep 360
plan limit 482
current timestep 361
plan limit 483
current timestep 362
plan limit 483
current timestep 363
plan limit 483
current timestep 364
plan limit 483
current timestep 365
plan limit 483
current timestep 366
plan limit 483
current timestep 367
plan limit 483
current timestep 368
plan limit 483
current timestep 369
plan limit 483
current timestep 370
plan limit 483
current timestep 371
plan limit 482
current timestep 372
plan limit 483
current timestep 373
plan limit 482
current timestep 374
plan limit 482
current timestep 375
heap_candidate_coverage timestep=375 agents=50 tasks=8050 quartiles=13,12,13,12 full_scans=50 partial_scans=0 seeded_agents=0 exact_agents=0 evaluated_pairs=402500
plan limit 481
current timestep 376
plan limit 483
current timestep 377
plan limit 482
current timestep 378
plan limit 482
current timestep 379
plan limit 481
current timestep 380
plan limit 483
current timestep 381
plan limit 481
current timestep 382
plan limit 482
current timestep 383
plan limit 481
current timestep 384
plan limit 482
current timestep 385
plan limit 481
current timestep 386
plan limit 482
current timestep 387
plan limit 482
current timestep 388
plan limit 482
current timestep 389
plan limit 481
current timestep 390
plan limit 482
current timestep 391
plan limit 481
current timestep 392
plan limit 482
current timestep 393
plan limit 482
current timestep 394
plan limit 483
current timestep 395
plan limit 482
current timestep 396
plan limit 483
current timestep 397
plan limit 482
current timestep 398
plan limit 482
current timestep 399
plan limit 483
current timestep 400
heap_candidate_coverage timestep=400 agents=52 tasks=8052 quartiles=13,13,13,13 full_scans=52 partial_scans=0 seeded_agents=0 exact_agents=0 evaluated_pairs=418704
plan limit 482
current timestep 401
plan limit 482
current timestep 402
plan limit 483
current timestep 403
plan limit 482
current timestep 404
plan limit 482
current timestep 405
plan limit 482
current timestep 406
plan limit 482
current timestep 407
plan limit 482
current timestep 408
plan limit 482
current timestep 409
plan limit 482
current timestep 410
plan limit 483
current timestep 411
plan limit 483
current timestep 412
plan limit 482
current timestep 413
plan limit 482
current timestep 414
plan limit 483
current timestep 415
plan limit 483
current timestep 416
plan limit 482
current timestep 417
plan limit 482
current timestep 418
plan limit 483
current timestep 419
plan limit 482
current timestep 420
plan limit 482
current timestep 421
plan limit 482
current timestep 422
plan limit 483
current timestep 423
plan limit 482
current timestep 424
plan limit 482
current timestep 425
heap_candidate_coverage timestep=425 agents=59 tasks=8059 quartiles=15,15,15,14 full_scans=59 partial_scans=0 seeded_agents=0 exact_agents=0 evaluated_pairs=475481
plan limit 482
current timestep 426
plan limit 481
current timestep 427
plan limit 482
current timestep 428
plan limit 480
compute initial stop until 14668
current timestep 429
plan limit 482
current timestep 430
plan limit 481
current timestep 431
plan limit 482
current timestep 432
plan limit 481
current timestep 433
plan limit 482
current timestep 434
plan limit 482
current timestep 435
plan limit 482
compute initial stop until 15540
current timestep 436
plan limit 482
current timestep 437
plan limit 482
current timestep 438
plan limit 482
current timestep 439
plan limit 482
current timestep 440
plan limit 482
current timestep 441
plan limit 482
compute initial stop until 15918
current timestep 442
plan limit 482
current timestep 443
plan limit 483
current timestep 444
plan limit 482
current timestep 445
plan limit 482
current timestep 446
plan limit 483
current timestep 447
plan limit 483
current timestep 448
plan limit 482
current timestep 449
plan limit 482
current timestep 450
heap_candidate_coverage timestep=450 agents=41 tasks=8041 quartiles=11,10,10,10 full_scans=41 partial_scans=0 seeded_agents=0 exact_agents=0 evaluated_pairs=329681
plan limit 482
current timestep 451
plan limit 483
current timestep 452
plan limit 481
current timestep 453
plan limit 482
current timestep 454
plan limit 482
current timestep 455
plan limit 483
current timestep 456
plan limit 482
current timestep 457
plan limit 482
current timestep 458
plan limit 483
current timestep 459
plan limit 482
current timestep 460
plan limit 482
current timestep 461
plan limit 483
current timestep 462
plan limit 482
current timestep 463
plan limit 482
current timestep 464
plan limit 482
compute initial stop until 14874
current timestep 465
plan limit 482
current timestep 466
plan limit 482
current timestep 467
plan limit 482
compute initial stop until 15763
current timestep 468
plan limit 483
current timestep 469
plan limit 482
current timestep 470
plan limit 481
current timestep 471
plan limit 482
current timestep 472
plan limit 482
current timestep 473
plan limit 482
current timestep 474
plan limit 481
compute initial stop until 14847
current timestep 475
heap_candidate_coverage timestep=475 agents=35 tasks=8035 quartiles=9,9,9,8 full_scans=35 partial_scans=0 seeded_agents=0 exact_agents=0 evaluated_pairs=281225
plan limit 481
current timestep 476
plan limit 482
current timestep 477
plan limit 481
current timestep 478
plan limit 483
current timestep 479
plan limit 481
current timestep 480
plan limit 482
current timestep 481
plan limit 480
current timestep 482
plan limit 482
current timestep 483
plan limit 481
current timestep 484
plan limit 482
current timestep 485
plan limit 481
current timestep 486
plan limit 482
current timestep 487
plan limit 482
compute initial stop until 15206
current timestep 488
plan limit 483
compute initial stop until 15769
current timestep 489
plan limit 482
compute initial stop until 15954
current timestep 490
plan limit 482
compute initial stop until 14913
current timestep 491
plan limit 482
current timestep 492
plan limit 482
current timestep 493
plan limit 482
current timestep 494
plan limit 482
current timestep 495
plan limit 482
compute initial stop until 15382
current timestep 496
plan limit 482
compute initial stop until 13380
current timestep 497
plan limit 482
compute initial stop until 14958
current timestep 498
plan limit 481
current timestep 499
plan limit 482
current timestep 500
heap_candidate_coverage timestep=500 agents=30 tasks=8030 quartiles=8,7,8,7 full_scans=30 partial_scans=0 seeded_agents=0 exact_agents=0 evaluated_pairs=240900
plan limit 482
current timestep 501
plan limit 482
current timestep 502
plan limit 481
compute initial stop until 15317
current timestep 503
plan limit 482
current timestep 504
plan limit 482
current timestep 505
plan limit 482
current timestep 506
plan limit 483
current timestep 507
plan limit 482
current timestep 508
plan limit 482
current timestep 509
plan limit 482
current timestep 510
plan limit 482
compute initial stop until 13495
current timestep 511
plan limit 482
compute initial stop until 14473
current timestep 512
plan limit 483
compute initial stop until 14473
current timestep 513
plan limit 482
compute initial stop until 15898
current timestep 514
plan limit 483
compute initial stop until 14721
current timestep 515
plan limit 482
current timestep 516
plan limit 481
current timestep 517
plan limit 482
current timestep 518
plan limit 482
compute initial stop until 14888
current timestep 519
plan limit 482
compute initial stop until 15027
current timestep 520
plan limit 481
compute initial stop until 13528
current timestep 521
plan limit 481
compute initial stop until 14800
current timestep 522
plan limit 482
compute initial stop until 15083
current timestep 523
plan limit 481
compute initial stop until 14575
current timestep 524
plan limit 480
compute initial stop until 15173
current timestep 525
heap_candidate_coverage timestep=525 agents=36 tasks=8036 quartiles=9,9,9,9 full_scans=36 partial_scans=0 seeded_agents=0 exact_agents=0 evaluated_pairs=289296
plan limit 482
compute initial stop until 14618
current timestep 526
plan limit 481
compute initial stop until 13099
current timestep 527
plan limit 482
compute initial stop until 14473
current timestep 528
plan limit 481
compute initial stop until 15370
current timestep 529
plan limit 482
compute initial stop until 15876
current timestep 530
plan limit 481
current timestep 531
plan limit 482
compute initial stop until 15065
current timestep 532
plan limit 481
compute initial stop until 14605
current timestep 533
plan limit 482
current timestep 534
plan limit 482
current timestep 535
plan limit 482
current timestep 536
plan limit 482
current timestep 537
plan limit 482
compute initial stop until 13118
current timestep 538
plan limit 482
compute initial stop until 14216
current timestep 539
plan limit 482
compute initial stop until 15010
current timestep 540
plan limit 482
compute initial stop until 15633
current timestep 541
plan limit 482
current timestep 542
plan limit 482
current timestep 543
plan limit 481
compute initial stop until 11403
current timestep 544
plan limit 482
compute initial stop until 12869
current timestep 545
plan limit 482
compute initial stop until 14002
current timestep 546
plan limit 482
compute initial stop until 14546
current timestep 547
plan limit 482
compute initial stop until 15016
current timestep 548
plan limit 482
compute initial stop until 14244
current timestep 549
plan limit 481
compute initial stop until 15108
current timestep 550
heap_candidate_coverage timestep=550 agents=42 tasks=8042 quartiles=11,10,11,10 full_scans=42 partial_scans=0 seeded_agents=0 exact_agents=0 evaluated_pairs=337764
plan limit 481
compute initial stop until 15175
current timestep 551
plan limit 482
compute initial stop until 15523
current timestep 552
plan limit 481
compute initial stop until 15652
current timestep 553
plan limit 483
compute initial stop until 15657
current timestep 554
plan limit 482
current timestep 555
plan limit 482
compute initial stop until 14689
current timestep 556
plan limit 481
compute initial stop until 15052
current timestep 557
plan limit 482
compute initial stop until 15064
current timestep 558
plan limit 482
compute initial stop until 15633
current timestep 559
plan limit 482
compute initial stop until 14740
current timestep 560
plan limit 482
compute initial stop until 15010
current timestep 561
plan limit 481
compute initial stop until 14715
current timestep 562
plan limit 482
compute initial stop until 15654
current timestep 563
plan limit 481
compute initial stop until 15822
current timestep 564
plan limit 482
compute initial stop until 15351
current timestep 565
plan limit 481
current timestep 566
plan limit 482
current timestep 567
plan limit 481
compute initial stop until 14753
current timestep 568
plan limit 481
compute initial stop until 14576
current timestep 569
plan limit 481
compute initial stop until 14630
current timestep 570
plan limit 483
compute initial stop until 12244
current timestep 571
plan limit 481
compute initial stop until 14550
current timestep 572
plan limit 482
compute initial stop until 14903
current timestep 573
plan limit 482
compute initial stop until 15492
current timestep 574
plan limit 482
compute initial stop until 14823
current timestep 575
heap_candidate_coverage timestep=575 agents=37 tasks=8037 quartiles=10,9,9,9 full_scans=37 partial_scans=0 seeded_agents=0 exact_agents=0 evaluated_pairs=297369
plan limit 481
compute initial stop until 15549
current timestep 576
plan limit 481
compute initial stop until 15216
current timestep 577
plan limit 482
compute initial stop until 15597
current timestep 578
plan limit 482
compute initial stop until 15764
current timestep 579
plan limit 482
compute initial stop until 14824
current timestep 580
plan limit 482
compute initial stop until 15860
current timestep 581
plan limit 482
compute initial stop until 13964
current timestep 582
plan limit 482
compute initial stop until 15357
current timestep 583
plan limit 481
compute initial stop until 15936
current timestep 584
plan limit 481
compute initial stop until 15749
current timestep 585
plan limit 481
compute initial stop until 15035
current timestep 586
plan limit 482
compute initial stop until 14027
current timestep 587
plan limit 482
compute initial stop until 15953
current timestep 588
plan limit 482
compute initial stop until 15284
current timestep 589
plan limit 481
current timestep 590
plan limit 481
current timestep 591
plan limit 482
current timestep 592
plan limit 482
compute initial stop until 14888
current timestep 593
plan limit 481
compute initial stop until 15266
current timestep 594
plan limit 482
compute initial stop until 14586
current timestep 595
plan limit 483
compute initial stop until 15196
current timestep 596
plan limit 482
compute initial stop until 15911
current timestep 597
plan limit 481
compute initial stop until 14935
current timestep 598
plan limit 482
compute initial stop until 15956
current timestep 599
plan limit 482
current timestep 600
heap_candidate_coverage timestep=600 agents=40 tasks=8040 quartiles=10,10,10,10 full_scans=40 partial_scans=0 seeded_agents=0 exact_agents=0 evaluated_pairs=321600
plan limit 480
current timestep 601
plan limit 482
compute initial stop until 15979
current timestep 602
plan limit 481
current timestep 603
plan limit 481
current timestep 604
plan limit 480
current timestep 605
plan limit 482
compute initial stop until 15427
current timestep 606
plan limit 481
current timestep 607
plan limit 481
current timestep 608
plan limit 480
compute initial stop until 15196
current timestep 609
plan limit 481
compute initial stop until 15246
current timestep 610
plan limit 481
current timestep 611
plan limit 482
current timestep 612
plan limit 481
current timestep 613
plan limit 482
compute initial stop until 12858
current timestep 614
plan limit 481
compute initial stop until 15797
current timestep 615
plan limit 482
current timestep 616
plan limit 482
current timestep 617
plan limit 483
compute initial stop until 13894
current timestep 618
plan limit 481
current timestep 619
plan limit 482
compute initial stop until 14210
current timestep 620
plan limit 481
compute initial stop until 15454
current timestep 621
plan limit 482
current timestep 622
plan limit 481
current timestep 623
plan limit 482
compute initial stop until 15188
current timestep 624
plan limit 482
current timestep 625
heap_candidate_coverage timestep=625 agents=40 tasks=8040 quartiles=10,10,10,10 full_scans=40 partial_scans=0 seeded_agents=0 exact_agents=0 evaluated_pairs=321600
plan limit 481
compute initial stop until 15723
current timestep 626
plan limit 482
current timestep 627
plan limit 482
current timestep 628
plan limit 481
current timestep 629
plan limit 478
current timestep 630
plan limit 480
compute initial stop until 13994
current timestep 631
plan limit 481
current timestep 632
plan limit 481
current timestep 633
plan limit 481
current timestep 634
plan limit 481
current timestep 635
plan limit 481
current timestep 636
plan limit 481
current timestep 637
plan limit 481
current timestep 638
plan limit 481
current timestep 639
plan limit 481
current timestep 640
plan limit 481
current timestep 641
plan limit 481
compute initial stop until 14641
current timestep 642
plan limit 482
current timestep 643
plan limit 482
current timestep 644
plan limit 481
current timestep 645
plan limit 481
current timestep 646
plan limit 482
current timestep 647
plan limit 482
current timestep 648
plan limit 482
current timestep 649
plan limit 482
current timestep 650
heap_candidate_coverage timestep=650 agents=40 tasks=8040 quartiles=10,10,10,10 full_scans=40 partial_scans=0 seeded_agents=0 exact_agents=0 evaluated_pairs=321600
plan limit 482
current timestep 651
plan limit 482
current timestep 652
plan limit 480
current timestep 653
plan limit 481
current timestep 654
plan limit 481
current timestep 655
plan limit 481
current timestep 656
plan limit 481
current timestep 657
plan limit 482
current timestep 658
plan limit 481
current timestep 659
plan limit 482
current timestep 660
plan limit 482
current timestep 661
plan limit 481
current timestep 662
plan limit 482
current timestep 663
plan limit 481
current timestep 664
plan limit 481
current timestep 665
plan limit 481
current timestep 666
plan limit 482
current timestep 667
plan limit 481
current timestep 668
plan limit 481
current timestep 669
plan limit 481
current timestep 670
plan limit 482
current timestep 671
plan limit 481
current timestep 672
plan limit 482
current timestep 673
plan limit 481
current timestep 674
plan limit 480
current timestep 675
heap_candidate_coverage timestep=675 agents=33 tasks=8033 quartiles=9,8,8,8 full_scans=33 partial_scans=0 seeded_agents=0 exact_agents=0 evaluated_pairs=265089
plan limit 481
current timestep 676
plan limit 482
current timestep 677
plan limit 481
current timestep 678
plan limit 481
current timestep 679
plan limit 482
current timestep 680
plan limit 482
current timestep 681
plan limit 482
current timestep 682
plan limit 482
current timestep 683
plan limit 482
current timestep 684
plan limit 481
current timestep 685
plan limit 481
current timestep 686
plan limit 482
current timestep 687
plan limit 482
current timestep 688
plan limit 482
current timestep 689
plan limit 482
current timestep 690
plan limit 481
current timestep 691
plan limit 481
current timestep 692
plan limit 482
current timestep 693
plan limit 481
current timestep 694
plan limit 481
current timestep 695
plan limit 482
current timestep 696
plan limit 481
current timestep 697
plan limit 481
compute initial stop until 14522
current timestep 698
plan limit 482
current timestep 699
plan limit 480
current timestep 700
heap_candidate_coverage timestep=700 agents=29 tasks=8029 quartiles=8,7,7,7 full_scans=29 partial_scans=0 seeded_agents=0 exact_agents=0 evaluated_pairs=232841
plan limit 481
current timestep 701
plan limit 481
current timestep 702
plan limit 481
current timestep 703
plan limit 481
current timestep 704
plan limit 481
compute initial stop until 15584
current timestep 705
plan limit 482
current timestep 706
plan limit 481
current timestep 707
plan limit 481
current timestep 708
plan limit 480
current timestep 709
plan limit 481
current timestep 710
plan limit 481
current timestep 711
plan limit 482
current timestep 712
plan limit 480
current timestep 713
plan limit 481
current timestep 714
plan limit 479
current timestep 715
plan limit 481
current timestep 716
plan limit 480
current timestep 717
plan limit 481
current timestep 718
plan limit 481
compute initial stop until 15955
current timestep 719
plan limit 481
current timestep 720
plan limit 481
current timestep 721
plan limit 481
current timestep 722
plan limit 481
current timestep 723
plan limit 480
current timestep 724
plan limit 481
current timestep 725
heap_candidate_coverage timestep=725 agents=36 tasks=8036 quartiles=9,9,9,9 full_scans=36 partial_scans=0 seeded_agents=0 exact_agents=0 evaluated_pairs=289296
plan limit 482
current timestep 726
plan limit 481
current timestep 727
plan limit 482
current timestep 728
plan limit 482
current timestep 729
plan limit 481
current timestep 730
plan limit 482
current timestep 731
plan limit 482
current timestep 732
plan limit 481
current timestep 733
plan limit 481
current timestep 734
plan limit 481
current timestep 735
plan limit 482
current timestep 736
plan limit 481
current timestep 737
plan limit 481
current timestep 738
plan limit 481
current timestep 739
plan limit 481
current timestep 740
plan limit 482
current timestep 741
plan limit 481
current timestep 742
plan limit 481
compute initial stop until 15869
current timestep 743
plan limit 482
current timestep 744
plan limit 482
current timestep 745
plan limit 482
current timestep 746
plan limit 481
current timestep 747
plan limit 481
current timestep 748
plan limit 482
current timestep 749
plan limit 482
current timestep 750
heap_candidate_coverage timestep=750 agents=38 tasks=8038 quartiles=10,9,10,9 full_scans=38 partial_scans=0 seeded_agents=0 exact_agents=0 evaluated_pairs=305444
plan limit 481
current timestep 751
plan limit 481
current timestep 752
plan limit 482
current timestep 753
plan limit 481
current timestep 754
plan limit 481
current timestep 755
plan limit 480
current timestep 756
plan limit 482
current timestep 757
plan limit 480
current timestep 758
plan limit 481
current timestep 759
plan limit 480
current timestep 760
plan limit 482
current timestep 761
plan limit 480
current timestep 762
plan limit 482
current timestep 763
plan limit 481
current timestep 764
plan limit 481
current timestep 765
plan limit 480
current timestep 766
plan limit 482
current timestep 767
plan limit 481
current timestep 768
plan limit 481
current timestep 769
plan limit 481
current timestep 770
plan limit 481
current timestep 771
plan limit 481
current timestep 772
plan limit 481
current timestep 773
plan limit 481
current timestep 774
plan limit 482
current timestep 775
heap_candidate_coverage timestep=775 agents=38 tasks=8038 quartiles=10,9,10,9 full_scans=38 partial_scans=0 seeded_agents=0 exact_agents=0 evaluated_pairs=305444
plan limit 481
current timestep 776
plan limit 481
current timestep 777
plan limit 482
current timestep 778
plan limit 482
current timestep 779
plan limit 481
current timestep 780
plan limit 481
current timestep 781
plan limit 481
current timestep 782
plan limit 482
current timestep 783
plan limit 481
current timestep 784
plan limit 481
current timestep 785
plan limit 481
current timestep 786
plan limit 481
current timestep 787
plan limit 481
current timestep 788
plan limit 481
current timestep 789
plan limit 481
current timestep 790
plan limit 481
current timestep 791
plan limit 481
current timestep 792
plan limit 481
current timestep 793
plan limit 482
current timestep 794
plan limit 481
current timestep 795
plan limit 482
current timestep 796
plan limit 482
current timestep 797
plan limit 481
current timestep 798
plan limit 481
current timestep 799
plan limit 481
current timestep 800
heap_candidate_coverage timestep=800 agents=32 tasks=8032 quartiles=8,8,8,8 full_scans=32 partial_scans=0 seeded_agents=0 exact_agents=0 evaluated_pairs=257024
plan limit 480
current timestep 801
plan limit 482
current timestep 802
plan limit 481
current timestep 803
plan limit 481
current timestep 804
plan limit 481
current timestep 805
plan limit 482
current timestep 806
plan limit 480
current timestep 807
plan limit 481
current timestep 808
plan limit 481
current timestep 809
plan limit 482
current timestep 810
plan limit 481
current timestep 811
plan limit 482
current timestep 812
plan limit 480
compute initial stop until 12864
current timestep 813
plan limit 481
current timestep 814
plan limit 481
current timestep 815
plan limit 481
current timestep 816
plan limit 481
current timestep 817
plan limit 481
current timestep 818
plan limit 481
current timestep 819
plan limit 482
current timestep 820
plan limit 481
current timestep 821
plan limit 481
current timestep 822
plan limit 480
current timestep 823
plan limit 482
current timestep 824
plan limit 481
current timestep 825
heap_candidate_coverage timestep=825 agents=44 tasks=8044 quartiles=11,11,11,11 full_scans=44 partial_scans=0 seeded_agents=0 exact_agents=0 evaluated_pairs=353936
plan limit 481
current timestep 826
plan limit 482
current timestep 827
plan limit 481
current timestep 828
plan limit 482
current timestep 829
plan limit 482
current timestep 830
plan limit 482
current timestep 831
plan limit 481
current timestep 832
plan limit 482
current timestep 833
plan limit 482
current timestep 834
plan limit 480
current timestep 835
plan limit 482
current timestep 836
plan limit 481
current timestep 837
plan limit 482
current timestep 838
plan limit 481
current timestep 839
plan limit 481
current timestep 840
plan limit 482
current timestep 841
plan limit 481
current timestep 842
plan limit 481
current timestep 843
plan limit 481
current timestep 844
plan limit 481
current timestep 845
plan limit 481
current timestep 846
plan limit 482
current timestep 847
plan limit 481
current timestep 848
plan limit 482
current timestep 849
plan limit 481
current timestep 850
heap_candidate_coverage timestep=850 agents=25 tasks=8025 quartiles=7,6,6,6 full_scans=25 partial_scans=0 seeded_agents=0 exact_agents=0 evaluated_pairs=200625
plan limit 481
current timestep 851
plan limit 481
current timestep 852
plan limit 481
current timestep 853
plan limit 480
current timestep 854
plan limit 481
current timestep 855
plan limit 480
current timestep 856
plan limit 481
current timestep 857
plan limit 480
current timestep 858
plan limit 482
current timestep 859
plan limit 480
current timestep 860
plan limit 482
current timestep 861
plan limit 478
current timestep 862
plan limit 481
current timestep 863
plan limit 480
current timestep 864
plan limit 481
current timestep 865
plan limit 480
current timestep 866
plan limit 481
current timestep 867
plan limit 480
current timestep 868
plan limit 481
current timestep 869
plan limit 480
current timestep 870
plan limit 482
current timestep 871
plan limit 481
current timestep 872
plan limit 482
current timestep 873
plan limit 481
current timestep 874
plan limit 482
current timestep 875
heap_candidate_coverage timestep=875 agents=32 tasks=8032 quartiles=8,8,8,8 full_scans=32 partial_scans=0 seeded_agents=0 exact_agents=0 evaluated_pairs=257024
plan limit 481
current timestep 876
plan limit 482
current timestep 877
plan limit 481
current timestep 878
plan limit 481
current timestep 879
plan limit 481
current timestep 880
plan limit 481
current timestep 881
plan limit 479
compute initial stop until 15408
current timestep 882
plan limit 480
compute initial stop until 15894
current timestep 883
plan limit 479
current timestep 884
plan limit 480
current timestep 885
plan limit 478
current timestep 886
plan limit 480
current timestep 887
plan limit 479
compute initial stop until 15847
current timestep 888
plan limit 480
current timestep 889
plan limit 479
current timestep 890
plan limit 479
compute initial stop until 15962
current timestep 891
plan limit 479
current timestep 892
plan limit 479
current timestep 893
plan limit 478
current timestep 894
plan limit 481
current timestep 895
plan limit 481
current timestep 896
plan limit 480
current timestep 897
plan limit 482
current timestep 898
plan limit 481
current timestep 899
plan limit 480
current timestep 900
heap_candidate_coverage timestep=900 agents=31 tasks=8031 quartiles=8,8,8,7 full_scans=31 partial_scans=0 seeded_agents=0 exact_agents=0 evaluated_pairs=248961
plan limit 481
current timestep 901
plan limit 482
current timestep 902
plan limit 479
current timestep 903
plan limit 480
current timestep 904
plan limit 480
current timestep 905
plan limit 481
current timestep 906
plan limit 480
current timestep 907
plan limit 481
current timestep 908
plan limit 481
current timestep 909
plan limit 481
current timestep 910
plan limit 480
current timestep 911
plan limit 482
current timestep 912
plan limit 481
current timestep 913
plan limit 480
current timestep 914
plan limit 481
current timestep 915
plan limit 482
current timestep 916
plan limit 481
current timestep 917
plan limit 482
current timestep 918
plan limit 481
current timestep 919
plan limit 481
current timestep 920
plan limit 482
current timestep 921
plan limit 482
current timestep 922
plan limit 481
current timestep 923
plan limit 481
current timestep 924
plan limit 481
current timestep 925
heap_candidate_coverage timestep=925 agents=36 tasks=8036 quartiles=9,9,9,9 full_scans=36 partial_scans=0 seeded_agents=0 exact_agents=0 evaluated_pairs=289296
plan limit 482
current timestep 926
plan limit 482
current timestep 927
plan limit 481
current timestep 928
plan limit 481
current timestep 929
plan limit 481
current timestep 930
plan limit 482
current timestep 931
plan limit 481
current timestep 932
plan limit 482
current timestep 933
plan limit 481
current timestep 934
plan limit 481
current timestep 935
plan limit 481
current timestep 936
plan limit 480
current timestep 937
plan limit 481
current timestep 938
plan limit 481
current timestep 939
plan limit 481
current timestep 940
plan limit 481
current timestep 941
plan limit 481
current timestep 942
plan limit 481
current timestep 943
plan limit 480
current timestep 944
plan limit 482
current timestep 945
plan limit 481
current timestep 946
plan limit 481
current timestep 947
plan limit 480
current timestep 948
plan limit 481
current timestep 949
plan limit 481
current timestep 950
heap_candidate_coverage timestep=950 agents=33 tasks=8033 quartiles=9,8,8,8 full_scans=33 partial_scans=0 seeded_agents=0 exact_agents=0 evaluated_pairs=265089
plan limit 481
current timestep 951
plan limit 481
current timestep 952
plan limit 482
current timestep 953
plan limit 481
current timestep 954
plan limit 481
current timestep 955
plan limit 481
current timestep 956
plan limit 481
current timestep 957
plan limit 481
current timestep 958
plan limit 482
current timestep 959
plan limit 482
current timestep 960
plan limit 481
compute initial stop until 15896
current timestep 961
plan limit 480
current timestep 962
plan limit 481
current timestep 963
plan limit 482
current timestep 964
plan limit 481
current timestep 965
plan limit 481
current timestep 966
plan limit 482
current timestep 967
plan limit 481
current timestep 968
plan limit 481
current timestep 969
plan limit 481
current timestep 970
plan limit 482
current timestep 971
plan limit 481
current timestep 972
plan limit 482
current timestep 973
plan limit 482
current timestep 974
plan limit 481
current timestep 975
heap_candidate_coverage timestep=975 agents=41 tasks=8041 quartiles=11,10,10,10 full_scans=41 partial_scans=0 seeded_agents=0 exact_agents=0 evaluated_pairs=329681
plan limit 481
current timestep 976
plan limit 482
current timestep 977
plan limit 481
current timestep 978
plan limit 481
current timestep 979
plan limit 481
current timestep 980
plan limit 481
current timestep 981
plan limit 482
current timestep 982
plan limit 480
current timestep 983
plan limit 482
current timestep 984
plan limit 481
current timestep 985
plan limit 481
current timestep 986
plan limit 480
current timestep 987
plan limit 482
current timestep 988
plan limit 480
current timestep 989
plan limit 481
current timestep 990
plan limit 481
current timestep 991
plan limit 481
current timestep 992
plan limit 481
current timestep 993
plan limit 481
current timestep 994
plan limit 480
current timestep 995
plan limit 481
current timestep 996
plan limit 481
current timestep 997
plan limit 481
current timestep 998
plan limit 480
current timestep 999
plan limit 482
