current timestep 0
num of flexible agents: 80
num of flexible tasks: 2
Solving time: 0.00119324 seconds
plan limit 979
current timestep 1
num of flexible agents: 78
num of flexible tasks: 2
Solving time: 0.000329054 seconds
plan limit 980
current timestep 2
num of flexible agents: 77
num of flexible tasks: 3
Solving time: 0.000288058 seconds
plan limit 980
current timestep 3
num of flexible agents: 76
num of flexible tasks: 4
Solving time: 0.000285351 seconds
plan limit 980
current timestep 4
num of flexible agents: 76
num of flexible tasks: 6
Solving time: 0.000293186 seconds
plan limit 980
current timestep 5
num of flexible agents: 75
num of flexible tasks: 7
Solving time: 0.000311894 seconds
plan limit 980
current timestep 6
num of flexible agents: 74
num of flexible tasks: 8
Solving time: 0.000314672 seconds
plan limit 980
current timestep 7
num of flexible agents: 74
num of flexible tasks: 10
Solving time: 0.000276247 seconds
plan limit 980
current timestep 8
num of flexible agents: 73
num of flexible tasks: 11
Solving time: 0.000338353 seconds
plan limit 980
current timestep 9
num of flexible agents: 72
num of flexible tasks: 12
Solving time: 0.000355134 seconds
plan limit 980
current timestep 10
num of flexible agents: 71
num of flexible tasks: 13
Solving time: 0.00033361 seconds
plan limit 980
current timestep 11
num of flexible agents: 69
num of flexible tasks: 13
Solving time: 0.000316131 seconds
plan limit 980
current timestep 12
num of flexible agents: 68
num of flexible tasks: 13
Solving time: 0.000361981 seconds
plan limit 980
current timestep 13
num of flexible agents: 66
num of flexible tasks: 13
Solving time: 0.000408425 seconds
plan limit 980
current timestep 14
num of flexible agents: 64
num of flexible tasks: 12
Solving time: 0.000337764 seconds
plan limit 980
current timestep 15
num of flexible agents: 63
num of flexible tasks: 13
Solving time: 0.000337991 seconds
plan limit 980
current timestep 16
num of flexible agents: 61
num of flexible tasks: 12
Solving time: 0.000368321 seconds
plan limit 980
current timestep 17
num of flexible agents: 58
num of flexible tasks: 11
Solving time: 0.000330175 seconds
plan limit 980
current timestep 18
num of flexible agents: 57
num of flexible tasks: 12
Solving time: 0.00036178 seconds
plan limit 980
current timestep 19
num of flexible agents: 55
num of flexible tasks: 12
Solving time: 0.000342828 seconds
plan limit 980
current timestep 20
num of flexible agents: 52
num of flexible tasks: 11
Solving time: 0.000382397 seconds
plan limit 980
current timestep 21
num of flexible agents: 50
num of flexible tasks: 11
Solving time: 0.000354951 seconds
plan limit 980
current timestep 22
num of flexible agents: 50
num of flexible tasks: 12
Solving time: 0.000332635 seconds
plan limit 980
current timestep 23
num of flexible agents: 49
num of flexible tasks: 13
Solving time: 0.000354212 seconds
plan limit 980
current timestep 24
num of flexible agents: 48
num of flexible tasks: 12
Solving time: 0.000315152 seconds
plan limit 980
current timestep 25
num of flexible agents: 49
num of flexible tasks: 14
Solving time: 0.000302393 seconds
plan limit 980
current timestep 26
num of flexible agents: 49
num of flexible tasks: 15
Solving time: 0.000315728 seconds
plan limit 980
current timestep 27
num of flexible agents: 45
num of flexible tasks: 13
Solving time: 0.000304276 seconds
plan limit 980
current timestep 28
num of flexible agents: 45
num of flexible tasks: 15
Solving time: 0.000358072 seconds
plan limit 980
current timestep 29
num of flexible agents: 42
num of flexible tasks: 13
Solving time: 0.000290337 seconds
plan limit 980
current timestep 30
num of flexible agents: 40
num of flexible tasks: 10
Solving time: 0.000297014 seconds
plan limit 980
current timestep 31
num of flexible agents: 43
num of flexible tasks: 11
Solving time: 0.000307237 seconds
plan limit 980
current timestep 32
num of flexible agents: 41
num of flexible tasks: 9
Solving time: 0.000281515 seconds
plan limit 980
current timestep 33
num of flexible agents: 42
num of flexible tasks: 10
Solving time: 0.000279889 seconds
plan limit 980
current timestep 34
num of flexible agents: 39
num of flexible tasks: 7
Solving time: 0.000284466 seconds
plan limit 980
current timestep 35
num of flexible agents: 38
num of flexible tasks: 8
Solving time: 0.0002942 seconds
plan limit 980
current timestep 36
num of flexible agents: 40
num of flexible tasks: 9
Solving time: 0.000260273 seconds
plan limit 980
current timestep 37
num of flexible agents: 39
num of flexible tasks: 10
Solving time: 0.000331475 seconds
plan limit 980
current timestep 38
num of flexible agents: 40
num of flexible tasks: 12
Solving time: 0.000276 seconds
plan limit 980
current timestep 39
num of flexible agents: 38
num of flexible tasks: 11
Solving time: 0.000332382 seconds
plan limit 980
current timestep 40
num of flexible agents: 38
num of flexible tasks: 12
Solving time: 0.000298933 seconds
plan limit 980
current timestep 41
num of flexible agents: 38
num of flexible tasks: 10
Solving time: 0.000330831 seconds
plan limit 980
current timestep 42
num of flexible agents: 38
num of flexible tasks: 11
Solving time: 0.000330406 seconds
plan limit 980
current timestep 43
num of flexible agents: 41
num of flexible tasks: 11
Solving time: 0.000336735 seconds
plan limit 980
current timestep 44
num of flexible agents: 44
num of flexible tasks: 13
Solving time: 0.000302257 seconds
plan limit 980
current timestep 45
num of flexible agents: 45
num of flexible tasks: 14
Solving time: 0.00033722 seconds
plan limit 980
current timestep 46
num of flexible agents: 42
num of flexible tasks: 12
Solving time: 0.000314882 seconds
plan limit 980
current timestep 47
num of flexible agents: 42
num of flexible tasks: 12
Solving time: 0.000313166 seconds
plan limit 980
current timestep 48
num of flexible agents: 43
num of flexible tasks: 12
Solving time: 0.000342883 seconds
plan limit 980
current timestep 49
num of flexible agents: 43
num of flexible tasks: 12
Solving time: 0.000314175 seconds
plan limit 980
current timestep 50
num of flexible agents: 41
num of flexible tasks: 11
Solving time: 0.000313366 seconds
plan limit 980
current timestep 51
num of flexible agents: 43
num of flexible tasks: 12
Solving time: 0.000298566 seconds
plan limit 980
current timestep 52
num of flexible agents: 41
num of flexible tasks: 11
Solving time: 0.000323493 seconds
plan limit 980
current timestep 53
num of flexible agents: 42
num of flexible tasks: 12
Solving time: 0.000294727 seconds
plan limit 980
current timestep 54
num of flexible agents: 44
num of flexible tasks: 12
Solving time: 0.000321171 seconds
plan limit 980
current timestep 55
num of flexible agents: 44
num of flexible tasks: 13
Solving time: 0.000317567 seconds
plan limit 980
current timestep 56
num of flexible agents: 46
num of flexible tasks: 14
Solving time: 0.000314945 seconds
plan limit 980
current timestep 57
num of flexible agents: 43
num of flexible tasks: 12
Solving time: 0.000347177 seconds
plan limit 980
current timestep 58
num of flexible agents: 43
num of flexible tasks: 12
Solving time: 0.000344839 seconds
plan limit 980
current timestep 59
num of flexible agents: 43
num of flexible tasks: 13
Solving time: 0.000354105 seconds
plan limit 980
current timestep 60
num of flexible agents: 42
num of flexible tasks: 14
Solving time: 0.000396085 seconds
plan limit 980
current timestep 61
num of flexible agents: 41
num of flexible tasks: 15
Solving time: 0.000393655 seconds
plan limit 980
current timestep 62
num of flexible agents: 43
num of flexible tasks: 16
Solving time: 0.000412412 seconds
plan limit 980
current timestep 63
num of flexible agents: 43
num of flexible tasks: 17
Solving time: 0.000364125 seconds
plan limit 980
current timestep 64
num of flexible agents: 41
num of flexible tasks: 16
Solving time: 0.000354229 seconds
plan limit 980
current timestep 65
num of flexible agents: 40
num of flexible tasks: 16
Solving time: 0.000389688 seconds
plan limit 980
current timestep 66
num of flexible agents: 40
num of flexible tasks: 15
Solving time: 0.000384343 seconds
plan limit 980
current timestep 67
num of flexible agents: 41
num of flexible tasks: 16
Solving time: 0.000361808 seconds
plan limit 980
current timestep 68
num of flexible agents: 39
num of flexible tasks: 15
Solving time: 0.000350271 seconds
plan limit 980
current timestep 69
num of flexible agents: 40
num of flexible tasks: 15
Solving time: 0.000358883 seconds
plan limit 980
current timestep 70
num of flexible agents: 37
num of flexible tasks: 13
Solving time: 0.000382433 seconds
plan limit 980
current timestep 71
num of flexible agents: 40
num of flexible tasks: 15
Solving time: 0.000363441 seconds
plan limit 980
current timestep 72
num of flexible agents: 39
num of flexible tasks: 14
Solving time: 0.000317923 seconds
plan limit 980
current timestep 73
num of flexible agents: 39
num of flexible tasks: 14
Solving time: 0.000355185 seconds
plan limit 980
current timestep 74
num of flexible agents: 40
num of flexible tasks: 16
Solving time: 0.000351702 seconds
plan limit 980
current timestep 75
num of flexible agents: 42
num of flexible tasks: 17
Solving time: 0.000356171 seconds
plan limit 980
current timestep 76
num of flexible agents: 42
num of flexible tasks: 18
Solving time: 0.000425696 seconds
plan limit 980
current timestep 77
num of flexible agents: 43
num of flexible tasks: 18
Solving time: 0.000351564 seconds
plan limit 980
current timestep 78
num of flexible agents: 40
num of flexible tasks: 15
Solving time: 0.000383763 seconds
plan limit 980
current timestep 79
num of flexible agents: 40
num of flexible tasks: 16
Solving time: 0.000391174 seconds
plan limit 980
current timestep 80
num of flexible agents: 38
num of flexible tasks: 15
Solving time: 0.000341844 seconds
plan limit 980
current timestep 81
num of flexible agents: 37
num of flexible tasks: 14
Solving time: 0.000301498 seconds
plan limit 980
current timestep 82
num of flexible agents: 40
num of flexible tasks: 14
Solving time: 0.00039703 seconds
plan limit 980
current timestep 83
num of flexible agents: 36
num of flexible tasks: 12
Solving time: 0.000314514 seconds
plan limit 980
current timestep 84
num of flexible agents: 38
num of flexible tasks: 14
Solving time: 0.00034513 seconds
plan limit 980
current timestep 85
num of flexible agents: 34
num of flexible tasks: 12
Solving time: 0.000329521 seconds
plan limit 980
current timestep 86
num of flexible agents: 35
num of flexible tasks: 12
Solving time: 0.000275399 seconds
plan limit 980
current timestep 87
num of flexible agents: 33
num of flexible tasks: 10
Solving time: 0.000275744 seconds
plan limit 980
current timestep 88
num of flexible agents: 33
num of flexible tasks: 10
Solving time: 0.000299385 seconds
plan limit 980
current timestep 89
num of flexible agents: 33
num of flexible tasks: 8
Solving time: 0.000307026 seconds
plan limit 980
current timestep 90
num of flexible agents: 33
num of flexible tasks: 9
Solving time: 0.000305127 seconds
plan limit 980
current timestep 91
num of flexible agents: 32
num of flexible tasks: 8
Solving time: 0.000269922 seconds
plan limit 980
current timestep 92
num of flexible agents: 36
num of flexible tasks: 10
Solving time: 0.000316528 seconds
plan limit 980
current timestep 93
num of flexible agents: 38
num of flexible tasks: 11
Solving time: 0.000329734 seconds
plan limit 980
current timestep 94
num of flexible agents: 36
num of flexible tasks: 10
Solving time: 0.000310765 seconds
plan limit 980
current timestep 95
num of flexible agents: 36
num of flexible tasks: 11
Solving time: 0.000293265 seconds
plan limit 980
current timestep 96
num of flexible agents: 35
num of flexible tasks: 12
Solving time: 0.000357255 seconds
plan limit 980
current timestep 97
num of flexible agents: 36
num of flexible tasks: 10
Solving time: 0.000367198 seconds
plan limit 980
current timestep 98
num of flexible agents: 37
num of flexible tasks: 12
Solving time: 0.000329087 seconds
plan limit 980
current timestep 99
num of flexible agents: 38
num of flexible tasks: 13
Solving time: 0.0003489 seconds
plan limit 980
current timestep 100
num of flexible agents: 39
num of flexible tasks: 13
Solving time: 0.00033746 seconds
plan limit 980
current timestep 101
num of flexible agents: 40
num of flexible tasks: 14
Solving time: 0.000295195 seconds
plan limit 980
current timestep 102
num of flexible agents: 38
num of flexible tasks: 13
Solving time: 0.000296868 seconds
plan limit 980
current timestep 103
num of flexible agents: 34
num of flexible tasks: 10
Solving time: 0.000340816 seconds
plan limit 980
current timestep 104
num of flexible agents: 34
num of flexible tasks: 10
Solving time: 0.000370892 seconds
plan limit 980
current timestep 105
num of flexible agents: 34
num of flexible tasks: 11
Solving time: 0.00033932 seconds
plan limit 980
current timestep 106
num of flexible agents: 33
num of flexible tasks: 11
Solving time: 0.000337551 seconds
plan limit 980
current timestep 107
num of flexible agents: 31
num of flexible tasks: 10
Solving time: 0.000377267 seconds
plan limit 980
current timestep 108
num of flexible agents: 33
num of flexible tasks: 12
Solving time: 0.000392073 seconds
plan limit 980
current timestep 109
num of flexible agents: 30
num of flexible tasks: 11
Solving time: 0.00034379 seconds
plan limit 980
current timestep 110
num of flexible agents: 30
num of flexible tasks: 12
Solving time: 0.000409349 seconds
plan limit 980
current timestep 111
num of flexible agents: 33
num of flexible tasks: 14
Solving time: 0.0003485 seconds
plan limit 980
current timestep 112
num of flexible agents: 33
num of flexible tasks: 14
Solving time: 0.000349287 seconds
plan limit 980
current timestep 113
num of flexible agents: 34
num of flexible tasks: 13
Solving time: 0.00035757 seconds
plan limit 980
current timestep 114
num of flexible agents: 35
num of flexible tasks: 14
Solving time: 0.00037401 seconds
plan limit 980
current timestep 115
num of flexible agents: 36
num of flexible tasks: 13
Solving time: 0.000350177 seconds
plan limit 980
current timestep 116
num of flexible agents: 34
num of flexible tasks: 13
Solving time: 0.000388354 seconds
plan limit 980
current timestep 117
num of flexible agents: 36
num of flexible tasks: 14
Solving time: 0.000402571 seconds
plan limit 980
current timestep 118
num of flexible agents: 36
num of flexible tasks: 15
Solving time: 0.000342997 seconds
plan limit 980
current timestep 119
num of flexible agents: 35
num of flexible tasks: 15
Solving time: 0.00038587 seconds
plan limit 980
current timestep 120
num of flexible agents: 37
num of flexible tasks: 13
Solving time: 0.000383753 seconds
plan limit 980
current timestep 121
num of flexible agents: 36
num of flexible tasks: 12
Solving time: 0.000339228 seconds
plan limit 980
current timestep 122
num of flexible agents: 36
num of flexible tasks: 11
Solving time: 0.00033203 seconds
plan limit 980
current timestep 123
num of flexible agents: 34
num of flexible tasks: 11
Solving time: 0.000322857 seconds
plan limit 980
current timestep 124
num of flexible agents: 34
num of flexible tasks: 13
Solving time: 0.000393618 seconds
plan limit 980
current timestep 125
num of flexible agents: 34
num of flexible tasks: 15
Solving time: 0.00035203 seconds
plan limit 980
current timestep 126
num of flexible agents: 37
num of flexible tasks: 16
Solving time: 0.000338161 seconds
plan limit 980
current timestep 127
num of flexible agents: 33
num of flexible tasks: 13
Solving time: 0.000374503 seconds
plan limit 980
current timestep 128
num of flexible agents: 37
num of flexible tasks: 15
Solving time: 0.000365391 seconds
plan limit 980
current timestep 129
num of flexible agents: 36
num of flexible tasks: 13
Solving time: 0.000312184 seconds
plan limit 980
current timestep 130
num of flexible agents: 33
num of flexible tasks: 10
Solving time: 0.000305712 seconds
plan limit 980
current timestep 131
num of flexible agents: 34
num of flexible tasks: 11
Solving time: 0.000356239 seconds
plan limit 980
current timestep 132
num of flexible agents: 32
num of flexible tasks: 10
Solving time: 0.000397667 seconds
plan limit 980
current timestep 133
num of flexible agents: 35
num of flexible tasks: 11
Solving time: 0.000355731 seconds
plan limit 980
current timestep 134
num of flexible agents: 36
num of flexible tasks: 12
Solving time: 0.000370843 seconds
plan limit 980
current timestep 135
num of flexible agents: 34
num of flexible tasks: 11
Solving time: 0.000375033 seconds
plan limit 980
current timestep 136
num of flexible agents: 31
num of flexible tasks: 9
Solving time: 0.000421281 seconds
plan limit 980
current timestep 137
num of flexible agents: 31
num of flexible tasks: 9
Solving time: 0.000339533 seconds
plan limit 980
current timestep 138
num of flexible agents: 35
num of flexible tasks: 10
Solving time: 0.000374394 seconds
plan limit 980
current timestep 139
num of flexible agents: 37
num of flexible tasks: 11
Solving time: 0.00030647 seconds
plan limit 980
current timestep 140
num of flexible agents: 36
num of flexible tasks: 10
Solving time: 0.000370724 seconds
plan limit 980
current timestep 141
num of flexible agents: 38
num of flexible tasks: 12
Solving time: 0.000339038 seconds
plan limit 980
current timestep 142
num of flexible agents: 38
num of flexible tasks: 13
Solving time: 0.000344668 seconds
plan limit 980
current timestep 143
num of flexible agents: 40
num of flexible tasks: 15
Solving time: 0.0003137 seconds
plan limit 980
current timestep 144
num of flexible agents: 41
num of flexible tasks: 15
Solving time: 0.000328763 seconds
plan limit 980
current timestep 145
num of flexible agents: 40
num of flexible tasks: 12
Solving time: 0.000308642 seconds
plan limit 980
current timestep 146
num of flexible agents: 37
num of flexible tasks: 10
Solving time: 0.000357398 seconds
plan limit 980
current timestep 147
num of flexible agents: 36
num of flexible tasks: 10
Solving time: 0.000339803 seconds
plan limit 980
current timestep 148
num of flexible agents: 35
num of flexible tasks: 10
Solving time: 0.00033964 seconds
plan limit 980
current timestep 149
num of flexible agents: 37
num of flexible tasks: 11
Solving time: 0.000339606 seconds
plan limit 980
current timestep 150
num of flexible agents: 37
num of flexible tasks: 11
Solving time: 0.000313163 seconds
plan limit 980
current timestep 151
num of flexible agents: 35
num of flexible tasks: 8
Solving time: 0.000288992 seconds
plan limit 980
current timestep 152
num of flexible agents: 35
num of flexible tasks: 8
Solving time: 0.000280173 seconds
plan limit 980
current timestep 153
num of flexible agents: 36
num of flexible tasks: 9
Solving time: 0.000298048 seconds
plan limit 980
current timestep 154
num of flexible agents: 33
num of flexible tasks: 7
Solving time: 0.000305678 seconds
plan limit 980
current timestep 155
num of flexible agents: 33
num of flexible tasks: 7
Solving time: 0.000340535 seconds
plan limit 980
current timestep 156
num of flexible agents: 35
num of flexible tasks: 9
Solving time: 0.000322889 seconds
plan limit 980
current timestep 157
num of flexible agents: 33
num of flexible tasks: 9
Solving time: 0.000312699 seconds
plan limit 980
current timestep 158
num of flexible agents: 32
num of flexible tasks: 9
Solving time: 0.000345915 seconds
plan limit 980
current timestep 159
num of flexible agents: 31
num of flexible tasks: 9
Solving time: 0.000296552 seconds
plan limit 980
current timestep 160
num of flexible agents: 32
num of flexible tasks: 10
Solving time: 0.000323009 seconds
plan limit 980
current timestep 161
num of flexible agents: 36
num of flexible tasks: 10
Solving time: 0.000270597 seconds
plan limit 980
current timestep 162
num of flexible agents: 39
num of flexible tasks: 11
Solving time: 0.000304137 seconds
plan limit 980
current timestep 163
num of flexible agents: 39
num of flexible tasks: 12
Solving time: 0.000317176 seconds
plan limit 980
current timestep 164
num of flexible agents: 35
num of flexible tasks: 9
Solving time: 0.000310699 seconds
plan limit 980
current timestep 165
num of flexible agents: 35
num of flexible tasks: 9
Solving time: 0.000286067 seconds
plan limit 980
current timestep 166
num of flexible agents: 34
num of flexible tasks: 8
Solving time: 0.000290638 seconds
plan limit 980
current timestep 167
num of flexible agents: 33
num of flexible tasks: 7
Solving time: 0.000287025 seconds
plan limit 980
current timestep 168
num of flexible agents: 35
num of flexible tasks: 9
Solving time: 0.000319827 seconds
plan limit 980
current timestep 169
num of flexible agents: 36
num of flexible tasks: 11
Solving time: 0.000317374 seconds
plan limit 980
current timestep 170
num of flexible agents: 38
num of flexible tasks: 12
Solving time: 0.000305202 seconds
plan limit 980
current timestep 171
num of flexible agents: 38
num of flexible tasks: 11
Solving time: 0.000297813 seconds
plan limit 980
current timestep 172
num of flexible agents: 34
num of flexible tasks: 9
Solving time: 0.00030368 seconds
plan limit 980
current timestep 173
num of flexible agents: 34
num of flexible tasks: 8
Solving time: 0.000292504 seconds
plan limit 980
current timestep 174
num of flexible agents: 33
num of flexible tasks: 8
Solving time: 0.000317666 seconds
plan limit 980
current timestep 175
num of flexible agents: 36
num of flexible tasks: 10
Solving time: 0.0003051 seconds
plan limit 980
current timestep 176
num of flexible agents: 37
num of flexible tasks: 11
Solving time: 0.000323908 seconds
plan limit 980
current timestep 177
num of flexible agents: 34
num of flexible tasks: 8
Solving time: 0.000324941 seconds
plan limit 980
current timestep 178
num of flexible agents: 35
num of flexible tasks: 9
Solving time: 0.000285895 seconds
plan limit 980
current timestep 179
num of flexible agents: 37
num of flexible tasks: 11
Solving time: 0.000303524 seconds
plan limit 980
current timestep 180
num of flexible agents: 41
num of flexible tasks: 12
Solving time: 0.00029381 seconds
plan limit 980
current timestep 181
num of flexible agents: 41
num of flexible tasks: 12
Solving time: 0.00031863 seconds
plan limit 980
current timestep 182
num of flexible agents: 42
num of flexible tasks: 12
Solving time: 0.000286848 seconds
plan limit 980
current timestep 183
num of flexible agents: 39
num of flexible tasks: 11
Solving time: 0.000345588 seconds
plan limit 980
current timestep 184
num of flexible agents: 41
num of flexible tasks: 13
Solving time: 0.000309429 seconds
plan limit 980
current timestep 185
num of flexible agents: 41
num of flexible tasks: 12
Solving time: 0.000293744 seconds
plan limit 980
current timestep 186
num of flexible agents: 36
num of flexible tasks: 9
Solving time: 0.000298325 seconds
plan limit 980
current timestep 187
num of flexible agents: 35
num of flexible tasks: 9
Solving time: 0.000300585 seconds
plan limit 980
current timestep 188
num of flexible agents: 36
num of flexible tasks: 8
Solving time: 0.000287438 seconds
plan limit 980
current timestep 189
num of flexible agents: 34
num of flexible tasks: 8
Solving time: 0.000287287 seconds
plan limit 980
current timestep 190
num of flexible agents: 35
num of flexible tasks: 9
Solving time: 0.000323445 seconds
plan limit 980
current timestep 191
num of flexible agents: 34
num of flexible tasks: 6
Solving time: 0.000273493 seconds
plan limit 980
current timestep 192
num of flexible agents: 35
num of flexible tasks: 8
Solving time: 0.000325611 seconds
plan limit 980
current timestep 193
num of flexible agents: 37
num of flexible tasks: 8
Solving time: 0.00027841 seconds
plan limit 980
current timestep 194
num of flexible agents: 38
num of flexible tasks: 8
Solving time: 0.000300068 seconds
plan limit 980
current timestep 195
num of flexible agents: 39
num of flexible tasks: 7
Solving time: 0.000279409 seconds
plan limit 980
current timestep 196
num of flexible agents: 38
num of flexible tasks: 7
Solving time: 0.000252765 seconds
plan limit 980
current timestep 197
num of flexible agents: 38
num of flexible tasks: 8
Solving time: 0.000300051 seconds
plan limit 980
current timestep 198
num of flexible agents: 41
num of flexible tasks: 9
Solving time: 0.00028564 seconds
plan limit 980
current timestep 199
num of flexible agents: 42
num of flexible tasks: 9
Solving time: 0.00024285 seconds
plan limit 980
current timestep 200
num of flexible agents: 40
num of flexible tasks: 9
Solving time: 0.000281649 seconds
plan limit 980
current timestep 201
num of flexible agents: 41
num of flexible tasks: 9
Solving time: 0.000267692 seconds
plan limit 980
current timestep 202
num of flexible agents: 41
num of flexible tasks: 10
Solving time: 0.000264167 seconds
plan limit 980
current timestep 203
num of flexible agents: 39
num of flexible tasks: 9
Solving time: 0.00027703 seconds
plan limit 980
current timestep 204
num of flexible agents: 36
num of flexible tasks: 7
Solving time: 0.000275488 seconds
plan limit 980
current timestep 205
num of flexible agents: 35
num of flexible tasks: 6
Solving time: 0.000277655 seconds
plan limit 980
current timestep 206
num of flexible agents: 34
num of flexible tasks: 5
Solving time: 0.000285621 seconds
plan limit 980
current timestep 207
num of flexible agents: 33
num of flexible tasks: 6
Solving time: 0.000276198 seconds
plan limit 980
current timestep 208
num of flexible agents: 33
num of flexible tasks: 7
Solving time: 0.000266877 seconds
plan limit 980
current timestep 209
num of flexible agents: 35
num of flexible tasks: 8
Solving time: 0.000277437 seconds
plan limit 980
current timestep 210
num of flexible agents: 37
num of flexible tasks: 9
Solving time: 0.000297516 seconds
plan limit 980
current timestep 211
num of flexible agents: 38
num of flexible tasks: 11
Solving time: 0.000313109 seconds
plan limit 980
current timestep 212
num of flexible agents: 37
num of flexible tasks: 12
Solving time: 0.000320723 seconds
plan limit 980
current timestep 213
num of flexible agents: 37
num of flexible tasks: 10
Solving time: 0.000276388 seconds
plan limit 980
current timestep 214
num of flexible agents: 35
num of flexible tasks: 8
Solving time: 0.000260195 seconds
plan limit 980
current timestep 215
num of flexible agents: 36
num of flexible tasks: 9
Solving time: 0.000293974 seconds
plan limit 980
current timestep 216
num of flexible agents: 34
num of flexible tasks: 8
Solving time: 0.000257763 seconds
plan limit 980
current timestep 217
num of flexible agents: 36
num of flexible tasks: 6
Solving time: 0.000297237 seconds
plan limit 980
current timestep 218
num of flexible agents: 35
num of flexible tasks: 7
Solving time: 0.000293985 seconds
plan limit 980
current timestep 219
num of flexible agents: 36
num of flexible tasks: 7
Solving time: 0.000288179 seconds
plan limit 980
current timestep 220
num of flexible agents: 37
num of flexible tasks: 8
Solving time: 0.000297651 seconds
plan limit 980
current timestep 221
num of flexible agents: 36
num of flexible tasks: 8
Solving time: 0.000308827 seconds
plan limit 980
current timestep 222
num of flexible agents: 35
num of flexible tasks: 8
Solving time: 0.000266231 seconds
plan limit 980
current timestep 223
num of flexible agents: 35
num of flexible tasks: 7
Solving time: 0.000281611 seconds
plan limit 980
current timestep 224
num of flexible agents: 37
num of flexible tasks: 8
Solving time: 0.000249177 seconds
plan limit 980
current timestep 225
num of flexible agents: 34
num of flexible tasks: 7
Solving time: 0.000245777 seconds
plan limit 980
current timestep 226
num of flexible agents: 36
num of flexible tasks: 7
Solving time: 0.00023486 seconds
plan limit 980
current timestep 227
num of flexible agents: 39
num of flexible tasks: 8
Solving time: 0.000241717 seconds
plan limit 980
current timestep 228
num of flexible agents: 36
num of flexible tasks: 6
Solving time: 0.000296223 seconds
plan limit 980
current timestep 229
num of flexible agents: 38
num of flexible tasks: 7
Solving time: 0.000290478 seconds
plan limit 980
current timestep 230
num of flexible agents: 39
num of flexible tasks: 7
Solving time: 0.00026595 seconds
plan limit 980
current timestep 231
num of flexible agents: 44
num of flexible tasks: 8
Solving time: 0.00029341 seconds
plan limit 980
current timestep 232
num of flexible agents: 43
num of flexible tasks: 8
Solving time: 0.000299215 seconds
plan limit 980
current timestep 233
num of flexible agents: 42
num of flexible tasks: 7
Solving time: 0.000264063 seconds
plan limit 980
current timestep 234
num of flexible agents: 43
num of flexible tasks: 7
Solving time: 0.000257682 seconds
plan limit 980
current timestep 235
num of flexible agents: 41
num of flexible tasks: 7
Solving time: 0.000258966 seconds
plan limit 980
current timestep 236
num of flexible agents: 39
num of flexible tasks: 7
Solving time: 0.000258 seconds
plan limit 980
current timestep 237
num of flexible agents: 38
num of flexible tasks: 7
Solving time: 0.000320618 seconds
plan limit 980
current timestep 238
num of flexible agents: 40
num of flexible tasks: 7
Solving time: 0.000319806 seconds
plan limit 980
current timestep 239
num of flexible agents: 40
num of flexible tasks: 7
Solving time: 0.000278602 seconds
plan limit 980
current timestep 240
num of flexible agents: 42
num of flexible tasks: 8
Solving time: 0.000282979 seconds
plan limit 980
current timestep 241
num of flexible agents: 40
num of flexible tasks: 7
Solving time: 0.000304658 seconds
plan limit 980
current timestep 242
num of flexible agents: 43
num of flexible tasks: 8
Solving time: 0.000286854 seconds
plan limit 980
current timestep 243
num of flexible agents: 44
num of flexible tasks: 7
Solving time: 0.000297067 seconds
plan limit 980
current timestep 244
num of flexible agents: 43
num of flexible tasks: 7
Solving time: 0.000256145 seconds
plan limit 980
current timestep 245
num of flexible agents: 45
num of flexible tasks: 8
Solving time: 0.000278022 seconds
plan limit 980
current timestep 246
num of flexible agents: 45
num of flexible tasks: 7
Solving time: 0.000278027 seconds
plan limit 980
current timestep 247
num of flexible agents: 44
num of flexible tasks: 7
Solving time: 0.000265892 seconds
plan limit 980
current timestep 248
num of flexible agents: 43
num of flexible tasks: 6
Solving time: 0.000249841 seconds
plan limit 980
current timestep 249
num of flexible agents: 43
num of flexible tasks: 8
Solving time: 0.000296404 seconds
plan limit 980
current timestep 250
num of flexible agents: 43
num of flexible tasks: 5
Solving time: 0.00029365 seconds
plan limit 980
current timestep 251
num of flexible agents: 42
num of flexible tasks: 3
Solving time: 0.000278731 seconds
plan limit 980
current timestep 252
num of flexible agents: 44
num of flexible tasks: 3
Solving time: 0.000263463 seconds
plan limit 980
current timestep 253
num of flexible agents: 43
num of flexible tasks: 1
Solving time: 0.000278876 seconds
plan limit 980
current timestep 254
num of flexible agents: 45
num of flexible tasks: 0
Solving time: 0.000255305 seconds
plan limit 980
current timestep 255
num of flexible agents: 46
num of flexible tasks: 0
Solving time: 0.000222533 seconds
plan limit 980
current timestep 256
num of flexible agents: 48
num of flexible tasks: 0
Solving time: 0.000249651 seconds
plan limit 980
current timestep 257
num of flexible agents: 48
num of flexible tasks: 0
Solving time: 0.00024308 seconds
plan limit 980
current timestep 258
num of flexible agents: 50
num of flexible tasks: 0
Solving time: 0.000234861 seconds
plan limit 980
current timestep 259
num of flexible agents: 52
num of flexible tasks: 0
Solving time: 0.000250432 seconds
plan limit 980
current timestep 260
num of flexible agents: 52
num of flexible tasks: 0
Solving time: 0.000246676 seconds
plan limit 980
current timestep 261
num of flexible agents: 54
num of flexible tasks: 0
Solving time: 0.000221255 seconds
plan limit 980
current timestep 262
num of flexible agents: 56
num of flexible tasks: 0
Solving time: 0.000262445 seconds
plan limit 980
current timestep 263
num of flexible agents: 57
num of flexible tasks: 0
Solving time: 0.000233145 seconds
plan limit 980
current timestep 264
num of flexible agents: 58
num of flexible tasks: 0
Solving time: 0.000266659 seconds
plan limit 980
current timestep 265
num of flexible agents: 61
num of flexible tasks: 0
Solving time: 0.000216771 seconds
plan limit 980
current timestep 266
num of flexible agents: 61
num of flexible tasks: 0
Solving time: 0.000226292 seconds
plan limit 980
current timestep 267
num of flexible agents: 61
num of flexible tasks: 0
Solving time: 0.000231013 seconds
plan limit 980
current timestep 268
num of flexible agents: 62
num of flexible tasks: 0
Solving time: 0.000248493 seconds
plan limit 980
current timestep 269
num of flexible agents: 63
num of flexible tasks: 0
Solving time: 0.00025405 seconds
plan limit 980
current timestep 270
num of flexible agents: 66
num of flexible tasks: 0
Solving time: 0.000233213 seconds
plan limit 980
current timestep 271
num of flexible agents: 68
num of flexible tasks: 0
Solving time: 0.000261208 seconds
plan limit 980
current timestep 272
num of flexible agents: 71
num of flexible tasks: 0
Solving time: 0.000256025 seconds
plan limit 980
current timestep 273
num of flexible agents: 72
num of flexible tasks: 0
Solving time: 0.000237499 seconds
plan limit 980
current timestep 274
num of flexible agents: 72
num of flexible tasks: 0
Solving time: 0.000245329 seconds
plan limit 980
current timestep 275
num of flexible agents: 73
num of flexible tasks: 0
Solving time: 0.00022452 seconds
plan limit 980
current timestep 276
num of flexible agents: 74
num of flexible tasks: 0
Solving time: 0.00022807 seconds
plan limit 980
current timestep 277
num of flexible agents: 75
num of flexible tasks: 0
Solving time: 0.000238412 seconds
plan limit 980
current timestep 278
num of flexible agents: 75
num of flexible tasks: 0
Solving time: 0.000243731 seconds
plan limit 980
current timestep 279
num of flexible agents: 76
num of flexible tasks: 0
Solving time: 0.000221877 seconds
plan limit 980
current timestep 280
num of flexible agents: 77
num of flexible tasks: 0
Solving time: 0.00027199 seconds
plan limit 980
current timestep 281
num of flexible agents: 77
num of flexible tasks: 0
Solving time: 0.000272057 seconds
plan limit 980
current timestep 282
num of flexible agents: 77
num of flexible tasks: 0
Solving time: 0.000235342 seconds
plan limit 980
current timestep 283
num of flexible agents: 77
num of flexible tasks: 0
Solving time: 0.000241291 seconds
plan limit 980
current timestep 284
num of flexible agents: 77
num of flexible tasks: 0
Solving time: 0.000242025 seconds
plan limit 980
current timestep 285
num of flexible agents: 77
num of flexible tasks: 0
Solving time: 0.000260842 seconds
plan limit 980
current timestep 286
num of flexible agents: 77
num of flexible tasks: 0
Solving time: 0.000250095 seconds
plan limit 980
current timestep 287
num of flexible agents: 77
num of flexible tasks: 0
Solving time: 0.000256209 seconds
plan limit 980
current timestep 288
num of flexible agents: 78
num of flexible tasks: 0
Solving time: 0.000254497 seconds
plan limit 980
current timestep 289
num of flexible agents: 78
num of flexible tasks: 0
Solving time: 0.000252437 seconds
plan limit 980
current timestep 290
num of flexible agents: 79
num of flexible tasks: 0
Solving time: 0.000247427 seconds
plan limit 980
current timestep 291
num of flexible agents: 79
num of flexible tasks: 0
Solving time: 0.000250389 seconds
plan limit 980
current timestep 292
num of flexible agents: 79
num of flexible tasks: 0
Solving time: 0.000240785 seconds
plan limit 980
All tasks finished at timestep 293
