current timestep 0
num of flexible agents: 80
num of flexible tasks: 2
Solving time: 0.000324382 seconds
plan limit 980
current timestep 1
num of flexible agents: 80
num of flexible tasks: 4
Solving time: 0.00036589 seconds
plan limit 980
current timestep 2
num of flexible agents: 80
num of flexible tasks: 6
Solving time: 0.000300175 seconds
plan limit 980
current timestep 3
num of flexible agents: 79
num of flexible tasks: 7
Solving time: 0.000309738 seconds
plan limit 980
current timestep 4
num of flexible agents: 78
num of flexible tasks: 8
Solving time: 0.000293656 seconds
plan limit 980
current timestep 5
num of flexible agents: 78
num of flexible tasks: 10
Solving time: 0.000341894 seconds
plan limit 980
current timestep 6
num of flexible agents: 77
num of flexible tasks: 11
Solving time: 0.000319405 seconds
plan limit 980
current timestep 7
num of flexible agents: 73
num of flexible tasks: 9
Solving time: 0.000323947 seconds
plan limit 980
current timestep 8
num of flexible agents: 73
num of flexible tasks: 10
Solving time: 0.000331049 seconds
plan limit 980
current timestep 9
num of flexible agents: 71
num of flexible tasks: 10
Solving time: 0.000317914 seconds
plan limit 980
current timestep 10
num of flexible agents: 70
num of flexible tasks: 11
Solving time: 0.000340109 seconds
plan limit 980
current timestep 11
num of flexible agents: 68
num of flexible tasks: 11
Solving time: 0.000331703 seconds
plan limit 980
current timestep 12
num of flexible agents: 66
num of flexible tasks: 11
Solving time: 0.000321725 seconds
plan limit 980
current timestep 13
num of flexible agents: 65
num of flexible tasks: 11
Solving time: 0.000346486 seconds
plan limit 980
current timestep 14
num of flexible agents: 63
num of flexible tasks: 11
Solving time: 0.000337939 seconds
plan limit 980
current timestep 15
num of flexible agents: 59
num of flexible tasks: 9
Solving time: 0.00030033 seconds
plan limit 980
current timestep 16
num of flexible agents: 61
num of flexible tasks: 10
Solving time: 0.00030174 seconds
plan limit 980
current timestep 17
num of flexible agents: 61
num of flexible tasks: 12
Solving time: 0.000359555 seconds
plan limit 980
current timestep 18
num of flexible agents: 59
num of flexible tasks: 12
Solving time: 0.000344439 seconds
plan limit 980
current timestep 19
num of flexible agents: 56
num of flexible tasks: 11
Solving time: 0.000367202 seconds
plan limit 980
current timestep 20
num of flexible agents: 52
num of flexible tasks: 9
Solving time: 0.00030231 seconds
plan limit 980
current timestep 21
num of flexible agents: 52
num of flexible tasks: 9
Solving time: 0.000339388 seconds
plan limit 980
current timestep 22
num of flexible agents: 52
num of flexible tasks: 8
Solving time: 0.000329581 seconds
plan limit 980
current timestep 23
num of flexible agents: 51
num of flexible tasks: 8
Solving time: 0.000294067 seconds
plan limit 980
current timestep 24
num of flexible agents: 50
num of flexible tasks: 8
Solving time: 0.000331631 seconds
plan limit 980
current timestep 25
num of flexible agents: 50
num of flexible tasks: 10
Solving time: 0.000325322 seconds
plan limit 980
current timestep 26
num of flexible agents: 50
num of flexible tasks: 12
Solving time: 0.000302147 seconds
plan limit 980
current timestep 27
num of flexible agents: 51
num of flexible tasks: 12
Solving time: 0.000309858 seconds
plan limit 980
current timestep 28
num of flexible agents: 53
num of flexible tasks: 14
Solving time: 0.00032808 seconds
plan limit 980
current timestep 29
num of flexible agents: 50
num of flexible tasks: 13
Solving time: 0.000310787 seconds
plan limit 980
current timestep 30
num of flexible agents: 49
num of flexible tasks: 13
Solving time: 0.000323741 seconds
plan limit 980
current timestep 31
num of flexible agents: 48
num of flexible tasks: 13
Solving time: 0.00030575 seconds
plan limit 980
current timestep 32
num of flexible agents: 51
num of flexible tasks: 15
Solving time: 0.000354555 seconds
plan limit 980
current timestep 33
num of flexible agents: 53
num of flexible tasks: 16
Solving time: 0.000293904 seconds
plan limit 980
current timestep 34
num of flexible agents: 51
num of flexible tasks: 15
Solving time: 0.000337649 seconds
plan limit 980
current timestep 35
num of flexible agents: 52
num of flexible tasks: 16
Solving time: 0.000341659 seconds
plan limit 980
current timestep 36
num of flexible agents: 51
num of flexible tasks: 15
Solving time: 0.000352666 seconds
plan limit 980
current timestep 37
num of flexible agents: 48
num of flexible tasks: 13
Solving time: 0.000355117 seconds
plan limit 980
current timestep 38
num of flexible agents: 46
num of flexible tasks: 12
Solving time: 0.000320719 seconds
plan limit 980
current timestep 39
num of flexible agents: 45
num of flexible tasks: 11
Solving time: 0.000333931 seconds
plan limit 980
current timestep 40
num of flexible agents: 47
num of flexible tasks: 13
Solving time: 0.000304491 seconds
plan limit 980
current timestep 41
num of flexible agents: 48
num of flexible tasks: 12
Solving time: 0.000305677 seconds
plan limit 980
current timestep 42
num of flexible agents: 47
num of flexible tasks: 12
Solving time: 0.000285643 seconds
plan limit 980
current timestep 43
num of flexible agents: 46
num of flexible tasks: 11
Solving time: 0.00030844 seconds
plan limit 980
current timestep 44
num of flexible agents: 47
num of flexible tasks: 13
Solving time: 0.000277979 seconds
plan limit 980
current timestep 45
num of flexible agents: 42
num of flexible tasks: 10
Solving time: 0.000246852 seconds
plan limit 980
current timestep 46
num of flexible agents: 41
num of flexible tasks: 9
Solving time: 0.000307836 seconds
plan limit 980
current timestep 47
num of flexible agents: 40
num of flexible tasks: 10
Solving time: 0.000288921 seconds
plan limit 980
current timestep 48
num of flexible agents: 43
num of flexible tasks: 12
Solving time: 0.000313387 seconds
plan limit 980
current timestep 49
num of flexible agents: 44
num of flexible tasks: 12
Solving time: 0.000308742 seconds
plan limit 980
current timestep 50
num of flexible agents: 44
num of flexible tasks: 10
Solving time: 0.00034392 seconds
plan limit 980
current timestep 51
num of flexible agents: 42
num of flexible tasks: 10
Solving time: 0.000343954 seconds
plan limit 980
current timestep 52
num of flexible agents: 42
num of flexible tasks: 11
Solving time: 0.000333554 seconds
plan limit 980
current timestep 53
num of flexible agents: 44
num of flexible tasks: 12
Solving time: 0.000322718 seconds
plan limit 980
current timestep 54
num of flexible agents: 41
num of flexible tasks: 9
Solving time: 0.000298985 seconds
plan limit 980
current timestep 55
num of flexible agents: 42
num of flexible tasks: 10
Solving time: 0.00155866 seconds
plan limit 978
current timestep 56
num of flexible agents: 40
num of flexible tasks: 10
Solving time: 0.000327084 seconds
plan limit 980
current timestep 57
num of flexible agents: 38
num of flexible tasks: 10
Solving time: 0.000355623 seconds
plan limit 980
current timestep 58
num of flexible agents: 40
num of flexible tasks: 10
Solving time: 0.000281902 seconds
plan limit 980
current timestep 59
num of flexible agents: 43
num of flexible tasks: 11
Solving time: 0.000357626 seconds
plan limit 980
current timestep 60
num of flexible agents: 44
num of flexible tasks: 11
Solving time: 0.000335719 seconds
plan limit 980
current timestep 61
num of flexible agents: 47
num of flexible tasks: 13
Solving time: 0.000331758 seconds
plan limit 980
current timestep 62
num of flexible agents: 45
num of flexible tasks: 12
Solving time: 0.000326257 seconds
plan limit 980
current timestep 63
num of flexible agents: 41
num of flexible tasks: 9
Solving time: 0.000302237 seconds
plan limit 980
current timestep 64
num of flexible agents: 42
num of flexible tasks: 11
Solving time: 0.000305844 seconds
plan limit 980
current timestep 65
num of flexible agents: 43
num of flexible tasks: 12
Solving time: 0.000322318 seconds
plan limit 980
current timestep 66
num of flexible agents: 40
num of flexible tasks: 11
Solving time: 0.00035587 seconds
plan limit 980
current timestep 67
num of flexible agents: 39
num of flexible tasks: 11
Solving time: 0.000290501 seconds
plan limit 980
current timestep 68
num of flexible agents: 36
num of flexible tasks: 9
Solving time: 0.000284844 seconds
plan limit 980
current timestep 69
num of flexible agents: 33
num of flexible tasks: 7
Solving time: 0.000345707 seconds
plan limit 980
current timestep 70
num of flexible agents: 33
num of flexible tasks: 9
Solving time: 0.000370693 seconds
plan limit 980
current timestep 71
num of flexible agents: 33
num of flexible tasks: 9
Solving time: 0.00031284 seconds
plan limit 980
current timestep 72
num of flexible agents: 33
num of flexible tasks: 9
Solving time: 0.000354358 seconds
plan limit 980
current timestep 73
num of flexible agents: 34
num of flexible tasks: 10
Solving time: 0.00035824 seconds
plan limit 980
current timestep 74
num of flexible agents: 30
num of flexible tasks: 7
Solving time: 0.000325374 seconds
plan limit 980
current timestep 75
num of flexible agents: 30
num of flexible tasks: 8
Solving time: 0.000345775 seconds
plan limit 980
current timestep 76
num of flexible agents: 31
num of flexible tasks: 7
Solving time: 0.00027897 seconds
plan limit 980
current timestep 77
num of flexible agents: 31
num of flexible tasks: 8
Solving time: 0.000301796 seconds
plan limit 980
current timestep 78
num of flexible agents: 30
num of flexible tasks: 7
Solving time: 0.000288807 seconds
plan limit 980
current timestep 79
num of flexible agents: 30
num of flexible tasks: 9
Solving time: 0.00036993 seconds
plan limit 980
current timestep 80
num of flexible agents: 31
num of flexible tasks: 10
Solving time: 0.000352424 seconds
plan limit 980
current timestep 81
num of flexible agents: 30
num of flexible tasks: 11
Solving time: 0.000349061 seconds
plan limit 980
current timestep 82
num of flexible agents: 35
num of flexible tasks: 12
Solving time: 0.000324869 seconds
plan limit 980
current timestep 83
num of flexible agents: 36
num of flexible tasks: 13
Solving time: 0.000296341 seconds
plan limit 980
current timestep 84
num of flexible agents: 35
num of flexible tasks: 13
Solving time: 0.000297351 seconds
plan limit 980
current timestep 85
num of flexible agents: 33
num of flexible tasks: 11
Solving time: 0.000276772 seconds
plan limit 980
current timestep 86
num of flexible agents: 29
num of flexible tasks: 8
Solving time: 0.000274122 seconds
plan limit 980
current timestep 87
num of flexible agents: 26
num of flexible tasks: 6
Solving time: 0.000282389 seconds
plan limit 980
current timestep 88
num of flexible agents: 29
num of flexible tasks: 8
Solving time: 0.000303634 seconds
plan limit 980
current timestep 89
num of flexible agents: 31
num of flexible tasks: 8
Solving time: 0.000323732 seconds
plan limit 980
current timestep 90
num of flexible agents: 36
num of flexible tasks: 8
Solving time: 0.00029598 seconds
plan limit 980
current timestep 91
num of flexible agents: 33
num of flexible tasks: 7
Solving time: 0.000314209 seconds
plan limit 980
current timestep 92
num of flexible agents: 35
num of flexible tasks: 9
Solving time: 0.000330919 seconds
plan limit 980
current timestep 93
num of flexible agents: 38
num of flexible tasks: 10
Solving time: 0.000336704 seconds
plan limit 980
current timestep 94
num of flexible agents: 38
num of flexible tasks: 11
Solving time: 0.000253167 seconds
plan limit 980
current timestep 95
num of flexible agents: 36
num of flexible tasks: 10
Solving time: 0.000334483 seconds
plan limit 980
current timestep 96
num of flexible agents: 36
num of flexible tasks: 11
Solving time: 0.000294009 seconds
plan limit 980
current timestep 97
num of flexible agents: 35
num of flexible tasks: 10
Solving time: 0.000277503 seconds
plan limit 980
current timestep 98
num of flexible agents: 33
num of flexible tasks: 9
Solving time: 0.000317958 seconds
plan limit 980
current timestep 99
num of flexible agents: 32
num of flexible tasks: 8
Solving time: 0.000278946 seconds
plan limit 980
current timestep 100
num of flexible agents: 32
num of flexible tasks: 9
Solving time: 0.00026812 seconds
plan limit 980
current timestep 101
num of flexible agents: 33
num of flexible tasks: 10
Solving time: 0.000305189 seconds
plan limit 980
current timestep 102
num of flexible agents: 33
num of flexible tasks: 9
Solving time: 0.000312202 seconds
plan limit 980
current timestep 103
num of flexible agents: 31
num of flexible tasks: 7
Solving time: 0.000296775 seconds
plan limit 980
current timestep 104
num of flexible agents: 31
num of flexible tasks: 8
Solving time: 0.000301213 seconds
plan limit 980
current timestep 105
num of flexible agents: 35
num of flexible tasks: 8
Solving time: 0.000299878 seconds
plan limit 980
current timestep 106
num of flexible agents: 36
num of flexible tasks: 8
Solving time: 0.000282818 seconds
plan limit 980
current timestep 107
num of flexible agents: 37
num of flexible tasks: 8
Solving time: 0.000305771 seconds
plan limit 980
current timestep 108
num of flexible agents: 38
num of flexible tasks: 8
Solving time: 0.000270032 seconds
plan limit 980
current timestep 109
num of flexible agents: 38
num of flexible tasks: 9
Solving time: 0.000334913 seconds
plan limit 980
current timestep 110
num of flexible agents: 40
num of flexible tasks: 9
Solving time: 0.000261802 seconds
plan limit 980
current timestep 111
num of flexible agents: 40
num of flexible tasks: 9
Solving time: 0.00029642 seconds
plan limit 980
current timestep 112
num of flexible agents: 40
num of flexible tasks: 10
Solving time: 0.000320772 seconds
plan limit 980
current timestep 113
num of flexible agents: 38
num of flexible tasks: 10
Solving time: 0.000291719 seconds
plan limit 980
current timestep 114
num of flexible agents: 35
num of flexible tasks: 8
Solving time: 0.000291449 seconds
plan limit 980
current timestep 115
num of flexible agents: 34
num of flexible tasks: 9
Solving time: 0.000273553 seconds
plan limit 980
current timestep 116
num of flexible agents: 34
num of flexible tasks: 9
Solving time: 0.00027035 seconds
plan limit 980
current timestep 117
num of flexible agents: 34
num of flexible tasks: 9
Solving time: 0.000273758 seconds
plan limit 980
current timestep 118
num of flexible agents: 33
num of flexible tasks: 7
Solving time: 0.000284426 seconds
plan limit 980
current timestep 119
num of flexible agents: 33
num of flexible tasks: 7
Solving time: 0.000268013 seconds
plan limit 980
current timestep 120
num of flexible agents: 31
num of flexible tasks: 5
Solving time: 0.000269798 seconds
plan limit 980
current timestep 121
num of flexible agents: 30
num of flexible tasks: 6
Solving time: 0.000257162 seconds
plan limit 980
current timestep 122
num of flexible agents: 29
num of flexible tasks: 7
Solving time: 0.000248385 seconds
plan limit 980
current timestep 123
num of flexible agents: 28
num of flexible tasks: 7
Solving time: 0.000262353 seconds
plan limit 980
current timestep 124
num of flexible agents: 27
num of flexible tasks: 5
Solving time: 0.000290309 seconds
plan limit 980
current timestep 125
num of flexible agents: 31
num of flexible tasks: 6
Solving time: 0.000283802 seconds
plan limit 980
current timestep 126
num of flexible agents: 31
num of flexible tasks: 7
Solving time: 0.000254671 seconds
plan limit 980
current timestep 127
num of flexible agents: 31
num of flexible tasks: 7
Solving time: 0.000322403 seconds
plan limit 980
current timestep 128
num of flexible agents: 32
num of flexible tasks: 9
Solving time: 0.000326794 seconds
plan limit 980
current timestep 129
num of flexible agents: 36
num of flexible tasks: 11
Solving time: 0.000284325 seconds
plan limit 980
current timestep 130
num of flexible agents: 36
num of flexible tasks: 11
Solving time: 0.00033403 seconds
plan limit 980
current timestep 131
num of flexible agents: 36
num of flexible tasks: 9
Solving time: 0.000346997 seconds
plan limit 980
current timestep 132
num of flexible agents: 34
num of flexible tasks: 8
Solving time: 0.00031283 seconds
plan limit 980
current timestep 133
num of flexible agents: 33
num of flexible tasks: 7
Solving time: 0.000266258 seconds
plan limit 980
current timestep 134
num of flexible agents: 36
num of flexible tasks: 8
Solving time: 0.000296441 seconds
plan limit 980
current timestep 135
num of flexible agents: 35
num of flexible tasks: 7
Solving time: 0.000288334 seconds
plan limit 980
current timestep 136
num of flexible agents: 39
num of flexible tasks: 9
Solving time: 0.000306569 seconds
plan limit 980
current timestep 137
num of flexible agents: 37
num of flexible tasks: 8
Solving time: 0.000296744 seconds
plan limit 980
current timestep 138
num of flexible agents: 36
num of flexible tasks: 8
Solving time: 0.000273463 seconds
plan limit 980
current timestep 139
num of flexible agents: 38
num of flexible tasks: 10
Solving time: 0.00027476 seconds
plan limit 980
current timestep 140
num of flexible agents: 37
num of flexible tasks: 10
Solving time: 0.000276816 seconds
plan limit 980
current timestep 141
num of flexible agents: 36
num of flexible tasks: 11
Solving time: 0.000310263 seconds
plan limit 980
current timestep 142
num of flexible agents: 32
num of flexible tasks: 9
Solving time: 0.000316683 seconds
plan limit 980
current timestep 143
num of flexible agents: 29
num of flexible tasks: 6
Solving time: 0.000311536 seconds
plan limit 980
current timestep 144
num of flexible agents: 30
num of flexible tasks: 7
Solving time: 0.000285424 seconds
plan limit 980
current timestep 145
num of flexible agents: 31
num of flexible tasks: 9
Solving time: 0.000273254 seconds
plan limit 980
current timestep 146
num of flexible agents: 30
num of flexible tasks: 8
Solving time: 0.000300075 seconds
plan limit 980
current timestep 147
num of flexible agents: 34
num of flexible tasks: 9
Solving time: 0.000314194 seconds
plan limit 980
current timestep 148
num of flexible agents: 36
num of flexible tasks: 10
Solving time: 0.000306906 seconds
plan limit 980
current timestep 149
num of flexible agents: 37
num of flexible tasks: 12
Solving time: 0.000327845 seconds
plan limit 980
current timestep 150
num of flexible agents: 41
num of flexible tasks: 12
Solving time: 0.000259863 seconds
plan limit 980
current timestep 151
num of flexible agents: 41
num of flexible tasks: 10
Solving time: 0.000294311 seconds
plan limit 980
current timestep 152
num of flexible agents: 38
num of flexible tasks: 8
Solving time: 0.000323861 seconds
plan limit 980
current timestep 153
num of flexible agents: 38
num of flexible tasks: 9
Solving time: 0.000333355 seconds
plan limit 980
current timestep 154
num of flexible agents: 39
num of flexible tasks: 9
Solving time: 0.000264161 seconds
plan limit 980
current timestep 155
num of flexible agents: 40
num of flexible tasks: 10
Solving time: 0.000294681 seconds
plan limit 980
current timestep 156
num of flexible agents: 40
num of flexible tasks: 10
Solving time: 0.000346853 seconds
plan limit 980
current timestep 157
num of flexible agents: 37
num of flexible tasks: 9
Solving time: 0.000332863 seconds
plan limit 980
current timestep 158
num of flexible agents: 38
num of flexible tasks: 9
Solving time: 0.000308399 seconds
plan limit 980
current timestep 159
num of flexible agents: 40
num of flexible tasks: 11
Solving time: 0.000299881 seconds
plan limit 980
current timestep 160
num of flexible agents: 38
num of flexible tasks: 9
Solving time: 0.000343721 seconds
plan limit 980
current timestep 161
num of flexible agents: 37
num of flexible tasks: 9
Solving time: 0.000297226 seconds
plan limit 980
current timestep 162
num of flexible agents: 36
num of flexible tasks: 8
Solving time: 0.000327465 seconds
plan limit 980
current timestep 163
num of flexible agents: 36
num of flexible tasks: 9
Solving time: 0.000324061 seconds
plan limit 980
current timestep 164
num of flexible agents: 36
num of flexible tasks: 9
Solving time: 0.000329834 seconds
plan limit 980
current timestep 165
num of flexible agents: 35
num of flexible tasks: 8
Solving time: 0.000316839 seconds
plan limit 980
current timestep 166
num of flexible agents: 34
num of flexible tasks: 8
Solving time: 0.000317185 seconds
plan limit 980
current timestep 167
num of flexible agents: 36
num of flexible tasks: 9
Solving time: 0.000312216 seconds
plan limit 980
current timestep 168
num of flexible agents: 33
num of flexible tasks: 8
Solving time: 0.000306333 seconds
plan limit 980
current timestep 169
num of flexible agents: 32
num of flexible tasks: 8
Solving time: 0.000331125 seconds
plan limit 980
current timestep 170
num of flexible agents: 35
num of flexible tasks: 10
Solving time: 0.000303437 seconds
plan limit 980
current timestep 171
num of flexible agents: 34
num of flexible tasks: 11
Solving time: 0.000335082 seconds
plan limit 980
current timestep 172
num of flexible agents: 34
num of flexible tasks: 11
Solving time: 0.000292883 seconds
plan limit 980
current timestep 173
num of flexible agents: 33
num of flexible tasks: 11
Solving time: 0.000293982 seconds
plan limit 980
current timestep 174
num of flexible agents: 34
num of flexible tasks: 11
Solving time: 0.000313612 seconds
plan limit 980
current timestep 175
num of flexible agents: 34
num of flexible tasks: 9
Solving time: 0.000279544 seconds
plan limit 980
current timestep 176
num of flexible agents: 34
num of flexible tasks: 10
Solving time: 0.000297597 seconds
plan limit 980
current timestep 177
num of flexible agents: 32
num of flexible tasks: 8
Solving time: 0.000279242 seconds
plan limit 980
current timestep 178
num of flexible agents: 31
num of flexible tasks: 9
Solving time: 0.000286612 seconds
plan limit 980
current timestep 179
num of flexible agents: 32
num of flexible tasks: 10
Solving time: 0.000283929 seconds
plan limit 980
current timestep 180
num of flexible agents: 36
num of flexible tasks: 10
Solving time: 0.000267636 seconds
plan limit 980
current timestep 181
num of flexible agents: 34
num of flexible tasks: 8
Solving time: 0.000266589 seconds
plan limit 980
current timestep 182
num of flexible agents: 35
num of flexible tasks: 8
Solving time: 0.000264021 seconds
plan limit 980
current timestep 183
num of flexible agents: 33
num of flexible tasks: 7
Solving time: 0.000317511 seconds
plan limit 980
current timestep 184
num of flexible agents: 33
num of flexible tasks: 8
Solving time: 0.000293822 seconds
plan limit 980
current timestep 185
num of flexible agents: 34
num of flexible tasks: 8
Solving time: 0.000321802 seconds
plan limit 980
current timestep 186
num of flexible agents: 35
num of flexible tasks: 10
Solving time: 0.00030989 seconds
plan limit 980
current timestep 187
num of flexible agents: 34
num of flexible tasks: 9
Solving time: 0.000334505 seconds
plan limit 980
current timestep 188
num of flexible agents: 32
num of flexible tasks: 8
Solving time: 0.000276996 seconds
plan limit 980
current timestep 189
num of flexible agents: 32
num of flexible tasks: 8
Solving time: 0.000250632 seconds
plan limit 980
current timestep 190
num of flexible agents: 33
num of flexible tasks: 8
Solving time: 0.000259025 seconds
plan limit 980
current timestep 191
num of flexible agents: 33
num of flexible tasks: 7
Solving time: 0.000276559 seconds
plan limit 980
current timestep 192
num of flexible agents: 35
num of flexible tasks: 8
Solving time: 0.000324434 seconds
plan limit 980
current timestep 193
num of flexible agents: 36
num of flexible tasks: 9
Solving time: 0.000301551 seconds
plan limit 980
current timestep 194
num of flexible agents: 38
num of flexible tasks: 10
Solving time: 0.000308991 seconds
plan limit 980
current timestep 195
num of flexible agents: 39
num of flexible tasks: 11
Solving time: 0.000324558 seconds
plan limit 980
current timestep 196
num of flexible agents: 37
num of flexible tasks: 10
Solving time: 0.000299293 seconds
plan limit 980
current timestep 197
num of flexible agents: 36
num of flexible tasks: 10
Solving time: 0.000282403 seconds
plan limit 980
current timestep 198
num of flexible agents: 35
num of flexible tasks: 9
Solving time: 0.000255601 seconds
plan limit 980
current timestep 199
num of flexible agents: 33
num of flexible tasks: 8
Solving time: 0.000326692 seconds
plan limit 980
current timestep 200
num of flexible agents: 34
num of flexible tasks: 10
Solving time: 0.000316817 seconds
plan limit 980
current timestep 201
num of flexible agents: 37
num of flexible tasks: 11
Solving time: 0.00030011 seconds
plan limit 980
current timestep 202
num of flexible agents: 34
num of flexible tasks: 9
Solving time: 0.00028206 seconds
plan limit 980
current timestep 203
num of flexible agents: 36
num of flexible tasks: 9
Solving time: 0.000287103 seconds
plan limit 980
current timestep 204
num of flexible agents: 40
num of flexible tasks: 10
Solving time: 0.000325994 seconds
plan limit 980
current timestep 205
num of flexible agents: 37
num of flexible tasks: 8
Solving time: 0.000270815 seconds
plan limit 980
current timestep 206
num of flexible agents: 37
num of flexible tasks: 8
Solving time: 0.000300465 seconds
plan limit 980
current timestep 207
num of flexible agents: 36
num of flexible tasks: 6
Solving time: 0.000249376 seconds
plan limit 980
current timestep 208
num of flexible agents: 37
num of flexible tasks: 7
Solving time: 0.000297557 seconds
plan limit 980
current timestep 209
num of flexible agents: 37
num of flexible tasks: 7
Solving time: 0.000300063 seconds
plan limit 980
current timestep 210
num of flexible agents: 37
num of flexible tasks: 7
Solving time: 0.000279045 seconds
plan limit 980
current timestep 211
num of flexible agents: 37
num of flexible tasks: 7
Solving time: 0.000280626 seconds
plan limit 980
current timestep 212
num of flexible agents: 34
num of flexible tasks: 5
Solving time: 0.000293857 seconds
plan limit 980
current timestep 213
num of flexible agents: 34
num of flexible tasks: 5
Solving time: 0.000275253 seconds
plan limit 980
current timestep 214
num of flexible agents: 34
num of flexible tasks: 6
Solving time: 0.000275473 seconds
plan limit 980
current timestep 215
num of flexible agents: 37
num of flexible tasks: 8
Solving time: 0.000299174 seconds
plan limit 980
current timestep 216
num of flexible agents: 41
num of flexible tasks: 10
Solving time: 0.00033085 seconds
plan limit 980
current timestep 217
num of flexible agents: 38
num of flexible tasks: 8
Solving time: 0.000265452 seconds
plan limit 980
current timestep 218
num of flexible agents: 37
num of flexible tasks: 8
Solving time: 0.000299781 seconds
plan limit 980
current timestep 219
num of flexible agents: 36
num of flexible tasks: 7
Solving time: 0.000302363 seconds
plan limit 980
current timestep 220
num of flexible agents: 37
num of flexible tasks: 9
Solving time: 0.000308743 seconds
plan limit 980
current timestep 221
num of flexible agents: 37
num of flexible tasks: 9
Solving time: 0.000285555 seconds
plan limit 980
current timestep 222
num of flexible agents: 37
num of flexible tasks: 9
Solving time: 0.000307622 seconds
plan limit 980
current timestep 223
num of flexible agents: 34
num of flexible tasks: 8
Solving time: 0.00031554 seconds
plan limit 980
current timestep 224
num of flexible agents: 36
num of flexible tasks: 9
Solving time: 0.000323515 seconds
plan limit 980
current timestep 225
num of flexible agents: 35
num of flexible tasks: 10
Solving time: 0.000316076 seconds
plan limit 980
current timestep 226
num of flexible agents: 34
num of flexible tasks: 11
Solving time: 0.000382777 seconds
plan limit 980
current timestep 227
num of flexible agents: 35
num of flexible tasks: 12
Solving time: 0.000400976 seconds
plan limit 980
current timestep 228
num of flexible agents: 34
num of flexible tasks: 12
Solving time: 0.00042647 seconds
plan limit 980
current timestep 229
num of flexible agents: 36
num of flexible tasks: 13
Solving time: 0.000376182 seconds
plan limit 980
current timestep 230
num of flexible agents: 35
num of flexible tasks: 13
Solving time: 0.00037277 seconds
plan limit 980
current timestep 231
num of flexible agents: 31
num of flexible tasks: 10
Solving time: 0.000352308 seconds
plan limit 980
current timestep 232
num of flexible agents: 31
num of flexible tasks: 11
Solving time: 0.000375336 seconds
plan limit 980
current timestep 233
num of flexible agents: 31
num of flexible tasks: 12
Solving time: 0.000366303 seconds
plan limit 980
current timestep 234
num of flexible agents: 31
num of flexible tasks: 13
Solving time: 0.000401144 seconds
plan limit 980
current timestep 235
num of flexible agents: 32
num of flexible tasks: 13
Solving time: 0.000356419 seconds
plan limit 980
current timestep 236
num of flexible agents: 38
num of flexible tasks: 13
Solving time: 0.000343667 seconds
plan limit 980
current timestep 237
num of flexible agents: 37
num of flexible tasks: 11
Solving time: 0.000330378 seconds
plan limit 980
current timestep 238
num of flexible agents: 35
num of flexible tasks: 9
Solving time: 0.000278115 seconds
plan limit 980
current timestep 239
num of flexible agents: 40
num of flexible tasks: 11
Solving time: 0.000349233 seconds
plan limit 980
current timestep 240
num of flexible agents: 40
num of flexible tasks: 10
Solving time: 0.00033922 seconds
plan limit 980
current timestep 241
num of flexible agents: 38
num of flexible tasks: 10
Solving time: 0.000283465 seconds
plan limit 980
current timestep 242
num of flexible agents: 38
num of flexible tasks: 10
Solving time: 0.000363505 seconds
plan limit 980
current timestep 243
num of flexible agents: 41
num of flexible tasks: 11
Solving time: 0.000327085 seconds
plan limit 980
current timestep 244
num of flexible agents: 40
num of flexible tasks: 11
Solving time: 0.000378538 seconds
plan limit 980
current timestep 245
num of flexible agents: 39
num of flexible tasks: 11
Solving time: 0.000282271 seconds
plan limit 980
current timestep 246
num of flexible agents: 41
num of flexible tasks: 11
Solving time: 0.000337188 seconds
plan limit 980
current timestep 247
num of flexible agents: 41
num of flexible tasks: 10
Solving time: 0.000305568 seconds
plan limit 980
current timestep 248
num of flexible agents: 39
num of flexible tasks: 10
Solving time: 0.000329891 seconds
plan limit 980
current timestep 249
num of flexible agents: 41
num of flexible tasks: 11
Solving time: 0.000305111 seconds
plan limit 980
current timestep 250
num of flexible agents: 39
num of flexible tasks: 8
Solving time: 0.000307408 seconds
plan limit 980
current timestep 251
num of flexible agents: 40
num of flexible tasks: 6
Solving time: 0.00024686 seconds
plan limit 980
current timestep 252
num of flexible agents: 42
num of flexible tasks: 5
Solving time: 0.000268231 seconds
plan limit 980
current timestep 253
num of flexible agents: 43
num of flexible tasks: 4
Solving time: 0.000264258 seconds
plan limit 980
current timestep 254
num of flexible agents: 40
num of flexible tasks: 1
Solving time: 0.000252901 seconds
plan limit 980
current timestep 255
num of flexible agents: 43
num of flexible tasks: 1
Solving time: 0.000245836 seconds
plan limit 980
current timestep 256
num of flexible agents: 44
num of flexible tasks: 1
Solving time: 0.000244444 seconds
plan limit 980
current timestep 257
num of flexible agents: 46
num of flexible tasks: 1
Solving time: 0.00020983 seconds
plan limit 980
current timestep 258
num of flexible agents: 46
num of flexible tasks: 0
Solving time: 0.000233066 seconds
plan limit 980
current timestep 259
num of flexible agents: 46
num of flexible tasks: 0
Solving time: 0.000248357 seconds
plan limit 980
current timestep 260
num of flexible agents: 49
num of flexible tasks: 0
Solving time: 0.000222461 seconds
plan limit 980
current timestep 261
num of flexible agents: 49
num of flexible tasks: 0
Solving time: 0.000214175 seconds
plan limit 980
current timestep 262
num of flexible agents: 53
num of flexible tasks: 0
Solving time: 0.000244815 seconds
plan limit 980
current timestep 263
num of flexible agents: 57
num of flexible tasks: 0
Solving time: 0.000231734 seconds
plan limit 980
current timestep 264
num of flexible agents: 58
num of flexible tasks: 0
Solving time: 0.000239234 seconds
plan limit 980
current timestep 265
num of flexible agents: 60
num of flexible tasks: 0
Solving time: 0.000228338 seconds
plan limit 980
current timestep 266
num of flexible agents: 64
num of flexible tasks: 0
Solving time: 0.000241013 seconds
plan limit 980
current timestep 267
num of flexible agents: 66
num of flexible tasks: 0
Solving time: 0.000262476 seconds
plan limit 980
current timestep 268
num of flexible agents: 67
num of flexible tasks: 0
Solving time: 0.00024461 seconds
plan limit 980
current timestep 269
num of flexible agents: 69
num of flexible tasks: 0
Solving time: 0.000261565 seconds
plan limit 980
current timestep 270
num of flexible agents: 71
num of flexible tasks: 0
Solving time: 0.000221589 seconds
plan limit 980
current timestep 271
num of flexible agents: 72
num of flexible tasks: 0
Solving time: 0.000215908 seconds
plan limit 980
current timestep 272
num of flexible agents: 74
num of flexible tasks: 0
Solving time: 0.000229455 seconds
plan limit 980
current timestep 273
num of flexible agents: 74
num of flexible tasks: 0
Solving time: 0.000233253 seconds
plan limit 980
current timestep 274
num of flexible agents: 74
num of flexible tasks: 0
Solving time: 0.000243902 seconds
plan limit 980
current timestep 275
num of flexible agents: 74
num of flexible tasks: 0
Solving time: 0.000239768 seconds
plan limit 980
current timestep 276
num of flexible agents: 74
num of flexible tasks: 0
Solving time: 0.000270739 seconds
plan limit 980
current timestep 277
num of flexible agents: 74
num of flexible tasks: 0
Solving time: 0.000245451 seconds
plan limit 980
current timestep 278
num of flexible agents: 76
num of flexible tasks: 0
Solving time: 0.000216803 seconds
plan limit 980
current timestep 279
num of flexible agents: 76
num of flexible tasks: 0
Solving time: 0.000228329 seconds
plan limit 980
current timestep 280
num of flexible agents: 76
num of flexible tasks: 0
Solving time: 0.000228387 seconds
plan limit 980
current timestep 281
num of flexible agents: 78
num of flexible tasks: 0
Solving time: 0.000236939 seconds
plan limit 980
current timestep 282
num of flexible agents: 78
num of flexible tasks: 0
Solving time: 0.00024838 seconds
plan limit 980
current timestep 283
num of flexible agents: 78
num of flexible tasks: 0
Solving time: 0.000267519 seconds
plan limit 980
current timestep 284
num of flexible agents: 78
num of flexible tasks: 0
Solving time: 0.000205014 seconds
plan limit 980
current timestep 285
num of flexible agents: 79
num of flexible tasks: 0
Solving time: 0.000213763 seconds
plan limit 980
current timestep 286
num of flexible agents: 79
num of flexible tasks: 0
Solving time: 0.000263005 seconds
plan limit 980
All tasks finished at timestep 287
