current timestep 0
num of flexible agents: 100
num of flexible tasks: 10
Solving time: 0.00031572 seconds
plan limit 980
current timestep 1
num of flexible agents: 94
num of flexible tasks: 14
Solving time: 0.000348171 seconds
plan limit 980
current timestep 2
num of flexible agents: 91
num of flexible tasks: 21
Solving time: 0.000406637 seconds
plan limit 980
current timestep 3
num of flexible agents: 86
num of flexible tasks: 26
Solving time: 0.000472536 seconds
plan limit 980
current timestep 4
num of flexible agents: 80
num of flexible tasks: 30
Solving time: 0.000432273 seconds
plan limit 980
current timestep 5
num of flexible agents: 76
num of flexible tasks: 36
Solving time: 0.000453263 seconds
plan limit 980
current timestep 6
num of flexible agents: 75
num of flexible tasks: 44
Solving time: 0.000507714 seconds
plan limit 980
current timestep 7
num of flexible agents: 67
num of flexible tasks: 46
Solving time: 0.000597192 seconds
plan limit 980
current timestep 8
num of flexible agents: 58
num of flexible tasks: 47
Solving time: 0.000597905 seconds
plan limit 980
current timestep 9
num of flexible agents: 55
num of flexible tasks: 53
Solving time: 0.000614376 seconds
plan limit 980
current timestep 10
num of flexible agents: 48
num of flexible tasks: 55
Solving time: 0.000538414 seconds
plan limit 980
current timestep 11
num of flexible agents: 42
num of flexible tasks: 59
Solving time: 0.00045804 seconds
plan limit 980
current timestep 12
num of flexible agents: 38
num of flexible tasks: 65
Solving time: 0.000451736 seconds
plan limit 980
current timestep 13
num of flexible agents: 32
num of flexible tasks: 68
Solving time: 0.000350891 seconds
plan limit 980
current timestep 14
num of flexible agents: 27
num of flexible tasks: 73
Solving time: 0.00032532 seconds
plan limit 980
current timestep 15
num of flexible agents: 20
num of flexible tasks: 73
Solving time: 0.000310345 seconds
plan limit 980
current timestep 16
num of flexible agents: 14
num of flexible tasks: 76
Solving time: 0.000353064 seconds
plan limit 980
current timestep 17
num of flexible agents: 9
num of flexible tasks: 81
Solving time: 0.000289553 seconds
plan limit 980
current timestep 18
num of flexible agents: 10
num of flexible tasks: 89
Solving time: 0.000305145 seconds
plan limit 980
current timestep 19
num of flexible agents: 4
num of flexible tasks: 92
Solving time: 0.000246144 seconds
plan limit 980
current timestep 20
num of flexible agents: 3
num of flexible tasks: 99
Solving time: 0.000724049 seconds
plan limit 980
current timestep 21
num of flexible agents: 3
num of flexible tasks: 107
Solving time: 0.000827569 seconds
plan limit 980
current timestep 22
num of flexible agents: 7
num of flexible tasks: 117
Solving time: 0.000292901 seconds
plan limit 980
current timestep 23
num of flexible agents: 4
num of flexible tasks: 122
Solving time: 0.000283976 seconds
plan limit 980
current timestep 24
num of flexible agents: 6
num of flexible tasks: 131
Solving time: 0.000274095 seconds
plan limit 980
current timestep 25
num of flexible agents: 8
num of flexible tasks: 139
Solving time: 0.000301543 seconds
plan limit 980
current timestep 26
num of flexible agents: 8
num of flexible tasks: 146
Solving time: 0.000291383 seconds
plan limit 980
current timestep 27
num of flexible agents: 12
num of flexible tasks: 153
Solving time: 0.00029311 seconds
plan limit 980
current timestep 28
num of flexible agents: 8
num of flexible tasks: 156
Solving time: 0.000290989 seconds
plan limit 980
current timestep 29
num of flexible agents: 6
num of flexible tasks: 161
Solving time: 0.00031975 seconds
plan limit 980
current timestep 30
num of flexible agents: 5
num of flexible tasks: 167
Solving time: 0.000310709 seconds
plan limit 980
current timestep 31
num of flexible agents: 2
num of flexible tasks: 173
Solving time: 0.000753983 seconds
plan limit 980
current timestep 32
num of flexible agents: 5
num of flexible tasks: 182
Solving time: 0.000295372 seconds
plan limit 980
current timestep 33
num of flexible agents: 8
num of flexible tasks: 189
Solving time: 0.000313429 seconds
plan limit 980
current timestep 34
num of flexible agents: 7
num of flexible tasks: 195
Solving time: 0.0002834 seconds
plan limit 980
current timestep 35
num of flexible agents: 8
num of flexible tasks: 201
Solving time: 0.000312893 seconds
plan limit 980
current timestep 36
num of flexible agents: 7
num of flexible tasks: 204
Solving time: 0.000288469 seconds
plan limit 980
current timestep 37
num of flexible agents: 8
num of flexible tasks: 208
Solving time: 0.000278551 seconds
plan limit 980
current timestep 38
num of flexible agents: 5
num of flexible tasks: 212
Solving time: 0.000263829 seconds
plan limit 980
current timestep 39
num of flexible agents: 2
num of flexible tasks: 217
Solving time: 0.000798108 seconds
plan limit 980
current timestep 40
num of flexible agents: 3
num of flexible tasks: 225
Solving time: 0.000786109 seconds
plan limit 980
current timestep 41
num of flexible agents: 4
num of flexible tasks: 234
Solving time: 0.000804975 seconds
plan limit 980
current timestep 42
num of flexible agents: 3
num of flexible tasks: 241
Solving time: 0.000768881 seconds
plan limit 980
current timestep 43
num of flexible agents: 7
num of flexible tasks: 249
Solving time: 0.000315577 seconds
plan limit 980
current timestep 44
num of flexible agents: 4
num of flexible tasks: 252
Solving time: 0.000770179 seconds
plan limit 980
current timestep 45
num of flexible agents: 2
num of flexible tasks: 258
Solving time: 0.00068592 seconds
plan limit 980
current timestep 46
num of flexible agents: 8
num of flexible tasks: 266
Solving time: 0.000314826 seconds
plan limit 980
current timestep 47
num of flexible agents: 9
num of flexible tasks: 269
Solving time: 0.000288256 seconds
plan limit 980
current timestep 48
num of flexible agents: 10
num of flexible tasks: 275
Solving time: 0.000352985 seconds
plan limit 980
current timestep 49
num of flexible agents: 10
num of flexible tasks: 281
Solving time: 0.000295464 seconds
plan limit 980
current timestep 50
num of flexible agents: 5
num of flexible tasks: 272
Solving time: 0.000846158 seconds
plan limit 979
current timestep 51
num of flexible agents: 1
num of flexible tasks: 268
Solving time: 0.000383148 seconds
plan limit 980
current timestep 52
num of flexible agents: 5
num of flexible tasks: 268
Solving time: 0.00085928 seconds
plan limit 979
current timestep 53
num of flexible agents: 8
num of flexible tasks: 264
Solving time: 0.000307387 seconds
plan limit 980
current timestep 54
num of flexible agents: 13
num of flexible tasks: 259
Solving time: 0.000319725 seconds
plan limit 980
current timestep 55
num of flexible agents: 8
num of flexible tasks: 249
Solving time: 0.000293768 seconds
plan limit 980
current timestep 56
num of flexible agents: 5
num of flexible tasks: 244
Solving time: 0.000866034 seconds
plan limit 979
current timestep 57
num of flexible agents: 3
num of flexible tasks: 239
Solving time: 0.000878082 seconds
plan limit 979
current timestep 58
num of flexible agents: 3
num of flexible tasks: 236
Solving time: 0.000767918 seconds
plan limit 980
current timestep 59
num of flexible agents: 6
num of flexible tasks: 234
Solving time: 0.000277964 seconds
plan limit 980
current timestep 60
num of flexible agents: 5
num of flexible tasks: 229
Solving time: 0.000848691 seconds
plan limit 979
current timestep 61
num of flexible agents: 7
num of flexible tasks: 226
Solving time: 0.000320863 seconds
plan limit 980
current timestep 62
num of flexible agents: 10
num of flexible tasks: 223
Solving time: 0.000310989 seconds
plan limit 980
current timestep 63
num of flexible agents: 10
num of flexible tasks: 219
Solving time: 0.000297579 seconds
plan limit 980
current timestep 64
num of flexible agents: 8
num of flexible tasks: 213
Solving time: 0.000313833 seconds
plan limit 980
current timestep 65
num of flexible agents: 8
num of flexible tasks: 207
Solving time: 0.000305158 seconds
plan limit 980
current timestep 66
num of flexible agents: 8
num of flexible tasks: 204
Solving time: 0.000279626 seconds
plan limit 980
current timestep 67
num of flexible agents: 9
num of flexible tasks: 200
Solving time: 0.000277695 seconds
plan limit 980
current timestep 68
num of flexible agents: 8
num of flexible tasks: 194
Solving time: 0.000293726 seconds
plan limit 980
current timestep 69
num of flexible agents: 4
num of flexible tasks: 189
Solving time: 0.000777779 seconds
plan limit 980
current timestep 70
num of flexible agents: 7
num of flexible tasks: 186
Solving time: 0.000303311 seconds
plan limit 980
current timestep 71
num of flexible agents: 8
num of flexible tasks: 184
Solving time: 0.000312893 seconds
plan limit 980
current timestep 72
num of flexible agents: 9
num of flexible tasks: 181
Solving time: 0.000291067 seconds
plan limit 980
current timestep 73
num of flexible agents: 8
num of flexible tasks: 178
Solving time: 0.000287134 seconds
plan limit 980
current timestep 74
num of flexible agents: 7
num of flexible tasks: 173
Solving time: 0.000300917 seconds
plan limit 980
current timestep 75
num of flexible agents: 8
num of flexible tasks: 169
Solving time: 0.000324339 seconds
plan limit 980
current timestep 76
num of flexible agents: 7
num of flexible tasks: 165
Solving time: 0.000290581 seconds
plan limit 980
current timestep 77
num of flexible agents: 8
num of flexible tasks: 161
Solving time: 0.000342835 seconds
plan limit 980
current timestep 78
num of flexible agents: 10
num of flexible tasks: 158
Solving time: 0.000327769 seconds
plan limit 980
current timestep 79
num of flexible agents: 11
num of flexible tasks: 155
Solving time: 0.000329311 seconds
plan limit 980
current timestep 80
num of flexible agents: 10
num of flexible tasks: 151
Solving time: 0.000305801 seconds
plan limit 980
current timestep 81
num of flexible agents: 8
num of flexible tasks: 147
Solving time: 0.000307735 seconds
plan limit 980
current timestep 82
num of flexible agents: 6
num of flexible tasks: 142
Solving time: 0.000291576 seconds
plan limit 980
current timestep 83
num of flexible agents: 8
num of flexible tasks: 139
Solving time: 0.000302656 seconds
plan limit 980
current timestep 84
num of flexible agents: 14
num of flexible tasks: 137
Solving time: 0.00031908 seconds
plan limit 980
current timestep 85
num of flexible agents: 10
num of flexible tasks: 131
Solving time: 0.00033026 seconds
plan limit 980
current timestep 86
num of flexible agents: 9
num of flexible tasks: 127
Solving time: 0.000310647 seconds
plan limit 980
current timestep 87
num of flexible agents: 13
num of flexible tasks: 126
Solving time: 0.000313721 seconds
plan limit 980
current timestep 88
num of flexible agents: 13
num of flexible tasks: 121
Solving time: 0.00030649 seconds
plan limit 980
current timestep 89
num of flexible agents: 12
num of flexible tasks: 116
Solving time: 0.000320033 seconds
plan limit 980
current timestep 90
num of flexible agents: 13
num of flexible tasks: 113
Solving time: 0.000324965 seconds
plan limit 980
current timestep 91
num of flexible agents: 15
num of flexible tasks: 110
Solving time: 0.000323963 seconds
plan limit 980
current timestep 92
num of flexible agents: 13
num of flexible tasks: 105
Solving time: 0.000333525 seconds
plan limit 980
current timestep 93
num of flexible agents: 17
num of flexible tasks: 102
Solving time: 0.00037454 seconds
plan limit 980
current timestep 94
num of flexible agents: 19
num of flexible tasks: 99
Solving time: 0.000372997 seconds
plan limit 980
current timestep 95
num of flexible agents: 21
num of flexible tasks: 97
Solving time: 0.000351545 seconds
plan limit 980
current timestep 96
num of flexible agents: 19
num of flexible tasks: 92
Solving time: 0.000314972 seconds
plan limit 980
current timestep 97
num of flexible agents: 21
num of flexible tasks: 89
Solving time: 0.000309692 seconds
plan limit 980
current timestep 98
num of flexible agents: 20
num of flexible tasks: 83
Solving time: 0.000338341 seconds
plan limit 980
current timestep 99
num of flexible agents: 21
num of flexible tasks: 79
Solving time: 0.000335574 seconds
plan limit 980
current timestep 100
num of flexible agents: 20
num of flexible tasks: 75
Solving time: 0.000385531 seconds
plan limit 980
current timestep 101
num of flexible agents: 24
num of flexible tasks: 72
Solving time: 0.000397688 seconds
plan limit 980
current timestep 102
num of flexible agents: 19
num of flexible tasks: 64
Solving time: 0.000407313 seconds
plan limit 980
current timestep 103
num of flexible agents: 19
num of flexible tasks: 63
Solving time: 0.000378712 seconds
plan limit 980
current timestep 104
num of flexible agents: 19
num of flexible tasks: 60
Solving time: 0.000389005 seconds
plan limit 980
current timestep 105
num of flexible agents: 19
num of flexible tasks: 56
Solving time: 0.000382005 seconds
plan limit 980
current timestep 106
num of flexible agents: 26
num of flexible tasks: 56
Solving time: 0.000380838 seconds
plan limit 980
current timestep 107
num of flexible agents: 29
num of flexible tasks: 55
Solving time: 0.000409115 seconds
plan limit 980
current timestep 108
num of flexible agents: 29
num of flexible tasks: 51
Solving time: 0.000418021 seconds
plan limit 980
current timestep 109
num of flexible agents: 24
num of flexible tasks: 45
Solving time: 0.000441385 seconds
plan limit 980
current timestep 110
num of flexible agents: 25
num of flexible tasks: 42
Solving time: 0.000440159 seconds
plan limit 980
current timestep 111
num of flexible agents: 26
num of flexible tasks: 39
Solving time: 0.000472653 seconds
plan limit 980
current timestep 112
num of flexible agents: 26
num of flexible tasks: 38
Solving time: 0.000418311 seconds
plan limit 980
current timestep 113
num of flexible agents: 28
num of flexible tasks: 37
Solving time: 0.000420601 seconds
plan limit 980
current timestep 114
num of flexible agents: 28
num of flexible tasks: 33
Solving time: 0.000416441 seconds
plan limit 980
current timestep 115
num of flexible agents: 29
num of flexible tasks: 30
Solving time: 0.000471192 seconds
plan limit 980
current timestep 116
num of flexible agents: 31
num of flexible tasks: 27
Solving time: 0.000433729 seconds
plan limit 980
current timestep 117
num of flexible agents: 34
num of flexible tasks: 26
Solving time: 0.000399298 seconds
plan limit 980
current timestep 118
num of flexible agents: 32
num of flexible tasks: 23
Solving time: 0.000377033 seconds
plan limit 980
current timestep 119
num of flexible agents: 33
num of flexible tasks: 22
Solving time: 0.000379839 seconds
plan limit 980
current timestep 120
num of flexible agents: 34
num of flexible tasks: 20
Solving time: 0.000373458 seconds
plan limit 980
current timestep 121
num of flexible agents: 35
num of flexible tasks: 17
Solving time: 0.000326192 seconds
plan limit 980
current timestep 122
num of flexible agents: 38
num of flexible tasks: 16
Solving time: 0.000291886 seconds
plan limit 980
current timestep 123
num of flexible agents: 38
num of flexible tasks: 12
Solving time: 0.000271065 seconds
plan limit 980
current timestep 124
num of flexible agents: 42
num of flexible tasks: 10
Solving time: 0.000272221 seconds
plan limit 980
current timestep 125
num of flexible agents: 41
num of flexible tasks: 8
Solving time: 0.000281259 seconds
plan limit 980
current timestep 126
num of flexible agents: 45
num of flexible tasks: 8
Solving time: 0.000246909 seconds
plan limit 980
current timestep 127
num of flexible agents: 47
num of flexible tasks: 7
Solving time: 0.000269435 seconds
plan limit 980
current timestep 128
num of flexible agents: 48
num of flexible tasks: 6
Solving time: 0.000245239 seconds
plan limit 980
current timestep 129
num of flexible agents: 48
num of flexible tasks: 5
Solving time: 0.000227838 seconds
plan limit 980
current timestep 130
num of flexible agents: 47
num of flexible tasks: 3
Solving time: 0.000246121 seconds
plan limit 980
current timestep 131
num of flexible agents: 49
num of flexible tasks: 2
Solving time: 0.000256129 seconds
plan limit 980
current timestep 132
num of flexible agents: 49
num of flexible tasks: 1
Solving time: 0.00021242 seconds
plan limit 980
current timestep 133
num of flexible agents: 54
num of flexible tasks: 1
Solving time: 0.000244979 seconds
plan limit 980
current timestep 134
num of flexible agents: 56
num of flexible tasks: 0
Solving time: 0.000213537 seconds
plan limit 980
current timestep 135
num of flexible agents: 60
num of flexible tasks: 0
Solving time: 0.000204543 seconds
plan limit 980
current timestep 136
num of flexible agents: 63
num of flexible tasks: 0
Solving time: 0.000218574 seconds
plan limit 980
current timestep 137
num of flexible agents: 67
num of flexible tasks: 0
Solving time: 0.000231196 seconds
plan limit 980
current timestep 138
num of flexible agents: 67
num of flexible tasks: 0
Solving time: 0.000213137 seconds
plan limit 980
current timestep 139
num of flexible agents: 67
num of flexible tasks: 0
Solving time: 0.000212051 seconds
plan limit 980
current timestep 140
num of flexible agents: 70
num of flexible tasks: 0
Solving time: 0.000239663 seconds
plan limit 980
current timestep 141
num of flexible agents: 72
num of flexible tasks: 0
Solving time: 0.000231365 seconds
plan limit 980
current timestep 142
num of flexible agents: 76
num of flexible tasks: 0
Solving time: 0.000206438 seconds
plan limit 980
current timestep 143
num of flexible agents: 77
num of flexible tasks: 0
Solving time: 0.000244734 seconds
plan limit 980
current timestep 144
num of flexible agents: 78
num of flexible tasks: 0
Solving time: 0.000215645 seconds
plan limit 980
current timestep 145
num of flexible agents: 81
num of flexible tasks: 0
Solving time: 0.000252164 seconds
plan limit 980
current timestep 146
num of flexible agents: 83
num of flexible tasks: 0
Solving time: 0.000220614 seconds
plan limit 980
current timestep 147
num of flexible agents: 86
num of flexible tasks: 0
Solving time: 0.000229338 seconds
plan limit 980
current timestep 148
num of flexible agents: 88
num of flexible tasks: 0
Solving time: 0.000223873 seconds
plan limit 980
current timestep 149
num of flexible agents: 89
num of flexible tasks: 0
Solving time: 0.000213148 seconds
plan limit 980
current timestep 150
num of flexible agents: 89
num of flexible tasks: 0
Solving time: 0.000218861 seconds
plan limit 980
current timestep 151
num of flexible agents: 92
num of flexible tasks: 0
Solving time: 0.000234086 seconds
plan limit 980
current timestep 152
num of flexible agents: 92
num of flexible tasks: 0
Solving time: 0.000240765 seconds
plan limit 980
current timestep 153
num of flexible agents: 94
num of flexible tasks: 0
Solving time: 0.000221405 seconds
plan limit 980
current timestep 154
num of flexible agents: 96
num of flexible tasks: 0
Solving time: 0.000212532 seconds
plan limit 980
current timestep 155
num of flexible agents: 96
num of flexible tasks: 0
Solving time: 0.000229954 seconds
plan limit 980
current timestep 156
num of flexible agents: 96
num of flexible tasks: 0
Solving time: 0.000234534 seconds
plan limit 980
current timestep 157
num of flexible agents: 96
num of flexible tasks: 0
Solving time: 0.000255537 seconds
plan limit 980
current timestep 158
num of flexible agents: 97
num of flexible tasks: 0
Solving time: 0.000226652 seconds
plan limit 980
current timestep 159
num of flexible agents: 97
num of flexible tasks: 0
Solving time: 0.000231928 seconds
plan limit 980
current timestep 160
num of flexible agents: 97
num of flexible tasks: 0
Solving time: 0.000226047 seconds
plan limit 980
current timestep 161
num of flexible agents: 97
num of flexible tasks: 0
Solving time: 0.000219991 seconds
plan limit 980
current timestep 162
num of flexible agents: 97
num of flexible tasks: 0
Solving time: 0.000216704 seconds
plan limit 980
current timestep 163
num of flexible agents: 98
num of flexible tasks: 0
Solving time: 0.000211286 seconds
plan limit 980
current timestep 164
num of flexible agents: 98
num of flexible tasks: 0
Solving time: 0.00021415 seconds
plan limit 980
current timestep 165
num of flexible agents: 98
num of flexible tasks: 0
Solving time: 0.000221579 seconds
plan limit 980
current timestep 166
num of flexible agents: 99
num of flexible tasks: 0
Solving time: 0.000248479 seconds
plan limit 980
current timestep 167
num of flexible agents: 99
num of flexible tasks: 0
Solving time: 0.000213198 seconds
plan limit 980
All tasks finished at timestep 168
