current timestep 0
num of flexible agents: 100
num of flexible tasks: 10
Solving time: 0.000335989 seconds
plan limit 980
current timestep 1
num of flexible agents: 96
num of flexible tasks: 16
Solving time: 0.000397711 seconds
plan limit 980
current timestep 2
num of flexible agents: 93
num of flexible tasks: 23
Solving time: 0.000425715 seconds
plan limit 980
current timestep 3
num of flexible agents: 84
num of flexible tasks: 24
Solving time: 0.000448448 seconds
plan limit 980
current timestep 4
num of flexible agents: 79
num of flexible tasks: 29
Solving time: 0.000471124 seconds
plan limit 980
current timestep 5
num of flexible agents: 77
num of flexible tasks: 37
Solving time: 0.000517604 seconds
plan limit 980
current timestep 6
num of flexible agents: 70
num of flexible tasks: 40
Solving time: 0.000525124 seconds
plan limit 980
current timestep 7
num of flexible agents: 67
num of flexible tasks: 47
Solving time: 0.000502673 seconds
plan limit 980
current timestep 8
num of flexible agents: 59
num of flexible tasks: 49
Solving time: 0.000572787 seconds
plan limit 980
current timestep 9
num of flexible agents: 53
num of flexible tasks: 53
Solving time: 0.000618244 seconds
plan limit 980
current timestep 10
num of flexible agents: 48
num of flexible tasks: 58
Solving time: 0.000486178 seconds
plan limit 980
current timestep 11
num of flexible agents: 43
num of flexible tasks: 62
Solving time: 0.00039866 seconds
plan limit 980
current timestep 12
num of flexible agents: 35
num of flexible tasks: 63
Solving time: 0.000418935 seconds
plan limit 980
current timestep 13
num of flexible agents: 26
num of flexible tasks: 64
Solving time: 0.000412751 seconds
plan limit 980
current timestep 14
num of flexible agents: 25
num of flexible tasks: 71
Solving time: 0.000348571 seconds
plan limit 980
current timestep 15
num of flexible agents: 22
num of flexible tasks: 76
Solving time: 0.000314521 seconds
plan limit 980
current timestep 16
num of flexible agents: 15
num of flexible tasks: 79
Solving time: 0.000350517 seconds
plan limit 980
current timestep 17
num of flexible agents: 13
num of flexible tasks: 86
Solving time: 0.000328278 seconds
plan limit 980
current timestep 18
num of flexible agents: 6
num of flexible tasks: 89
Solving time: 0.000269618 seconds
plan limit 980
current timestep 19
num of flexible agents: 6
num of flexible tasks: 96
Solving time: 0.000299543 seconds
plan limit 980
current timestep 20
num of flexible agents: 5
num of flexible tasks: 104
Solving time: 0.000262851 seconds
plan limit 980
current timestep 21
num of flexible agents: 6
num of flexible tasks: 111
Solving time: 0.000280783 seconds
plan limit 980
current timestep 22
num of flexible agents: 6
num of flexible tasks: 118
Solving time: 0.000280411 seconds
plan limit 980
current timestep 23
num of flexible agents: 6
num of flexible tasks: 125
Solving time: 0.000280628 seconds
plan limit 980
current timestep 24
num of flexible agents: 7
num of flexible tasks: 133
Solving time: 0.000289441 seconds
plan limit 980
current timestep 25
num of flexible agents: 3
num of flexible tasks: 139
Solving time: 0.000766177 seconds
plan limit 980
current timestep 26
num of flexible agents: 5
num of flexible tasks: 147
Solving time: 0.000270324 seconds
plan limit 980
current timestep 27
num of flexible agents: 4
num of flexible tasks: 152
Solving time: 0.000295914 seconds
plan limit 980
current timestep 28
num of flexible agents: 7
num of flexible tasks: 161
Solving time: 0.000326341 seconds
plan limit 980
current timestep 29
num of flexible agents: 6
num of flexible tasks: 168
Solving time: 0.000281366 seconds
plan limit 980
current timestep 30
num of flexible agents: 8
num of flexible tasks: 176
Solving time: 0.000294415 seconds
plan limit 980
current timestep 31
num of flexible agents: 5
num of flexible tasks: 181
Solving time: 0.000304925 seconds
plan limit 980
current timestep 32
num of flexible agents: 7
num of flexible tasks: 186
Solving time: 0.000274101 seconds
plan limit 980
current timestep 33
num of flexible agents: 4
num of flexible tasks: 192
Solving time: 0.000789172 seconds
plan limit 980
current timestep 34
num of flexible agents: 7
num of flexible tasks: 200
Solving time: 0.000292968 seconds
plan limit 980
current timestep 35
num of flexible agents: 12
num of flexible tasks: 205
Solving time: 0.00030865 seconds
plan limit 980
current timestep 36
num of flexible agents: 1
num of flexible tasks: 203
Solving time: 0.000589484 seconds
plan limit 980
current timestep 37
num of flexible agents: 3
num of flexible tasks: 212
Solving time: 0.000801369 seconds
plan limit 980
current timestep 38
num of flexible agents: 7
num of flexible tasks: 220
Solving time: 0.000294529 seconds
plan limit 980
current timestep 39
num of flexible agents: 11
num of flexible tasks: 225
Solving time: 0.000285686 seconds
plan limit 980
current timestep 40
num of flexible agents: 5
num of flexible tasks: 227
Solving time: 0.000298087 seconds
plan limit 980
current timestep 41
num of flexible agents: 8
num of flexible tasks: 235
Solving time: 0.00031015 seconds
plan limit 980
current timestep 42
num of flexible agents: 6
num of flexible tasks: 238
Solving time: 0.000302599 seconds
plan limit 980
current timestep 43
num of flexible agents: 6
num of flexible tasks: 245
Solving time: 0.000298611 seconds
plan limit 980
current timestep 44
num of flexible agents: 5
num of flexible tasks: 252
Solving time: 0.000784881 seconds
plan limit 980
current timestep 45
num of flexible agents: 7
num of flexible tasks: 260
Solving time: 0.000314037 seconds
plan limit 980
current timestep 46
num of flexible agents: 12
num of flexible tasks: 267
Solving time: 0.000354636 seconds
plan limit 980
current timestep 47
num of flexible agents: 11
num of flexible tasks: 270
Solving time: 0.000307623 seconds
plan limit 980
current timestep 48
num of flexible agents: 8
num of flexible tasks: 271
Solving time: 0.000299685 seconds
plan limit 980
current timestep 49
num of flexible agents: 7
num of flexible tasks: 276
Solving time: 0.000287686 seconds
plan limit 980
current timestep 50
num of flexible agents: 9
num of flexible tasks: 271
Solving time: 0.000281856 seconds
plan limit 980
current timestep 51
num of flexible agents: 3
num of flexible tasks: 264
Solving time: 0.000747142 seconds
plan limit 980
current timestep 52
num of flexible agents: 6
num of flexible tasks: 262
Solving time: 0.000331411 seconds
plan limit 980
current timestep 53
num of flexible agents: 8
num of flexible tasks: 259
Solving time: 0.000323087 seconds
plan limit 980
current timestep 54
num of flexible agents: 4
num of flexible tasks: 253
Solving time: 0.000761884 seconds
plan limit 980
current timestep 55
num of flexible agents: 4
num of flexible tasks: 250
Solving time: 0.000853618 seconds
plan limit 980
current timestep 56
num of flexible agents: 3
num of flexible tasks: 247
Solving time: 0.000749879 seconds
plan limit 980
current timestep 57
num of flexible agents: 5
num of flexible tasks: 246
Solving time: 0.000785091 seconds
plan limit 980
current timestep 58
num of flexible agents: 10
num of flexible tasks: 243
Solving time: 0.000286242 seconds
plan limit 980
current timestep 59
num of flexible agents: 10
num of flexible tasks: 236
Solving time: 0.000290312 seconds
plan limit 980
current timestep 60
num of flexible agents: 10
num of flexible tasks: 231
Solving time: 0.000297108 seconds
plan limit 980
current timestep 61
num of flexible agents: 9
num of flexible tasks: 228
Solving time: 0.000341533 seconds
plan limit 980
current timestep 62
num of flexible agents: 12
num of flexible tasks: 226
Solving time: 0.000320138 seconds
plan limit 980
current timestep 63
num of flexible agents: 11
num of flexible tasks: 222
Solving time: 0.00030045 seconds
plan limit 980
current timestep 64
num of flexible agents: 8
num of flexible tasks: 216
Solving time: 0.000312801 seconds
plan limit 980
current timestep 65
num of flexible agents: 6
num of flexible tasks: 212
Solving time: 0.00030064 seconds
plan limit 980
current timestep 66
num of flexible agents: 8
num of flexible tasks: 210
Solving time: 0.000293912 seconds
plan limit 980
current timestep 67
num of flexible agents: 12
num of flexible tasks: 209
Solving time: 0.00030456 seconds
plan limit 980
current timestep 68
num of flexible agents: 14
num of flexible tasks: 205
Solving time: 0.000305729 seconds
plan limit 980
current timestep 69
num of flexible agents: 13
num of flexible tasks: 203
Solving time: 0.000308773 seconds
plan limit 980
current timestep 70
num of flexible agents: 16
num of flexible tasks: 200
Solving time: 0.000316804 seconds
plan limit 980
current timestep 71
num of flexible agents: 8
num of flexible tasks: 191
Solving time: 0.000289111 seconds
plan limit 980
current timestep 72
num of flexible agents: 7
num of flexible tasks: 187
Solving time: 0.000285947 seconds
plan limit 980
current timestep 73
num of flexible agents: 6
num of flexible tasks: 184
Solving time: 0.000308963 seconds
plan limit 980
current timestep 74
num of flexible agents: 13
num of flexible tasks: 183
Solving time: 0.0002926 seconds
plan limit 980
current timestep 75
num of flexible agents: 11
num of flexible tasks: 178
Solving time: 0.00031426 seconds
plan limit 980
current timestep 76
num of flexible agents: 7
num of flexible tasks: 174
Solving time: 0.000291846 seconds
plan limit 980
current timestep 77
num of flexible agents: 6
num of flexible tasks: 171
Solving time: 0.000317641 seconds
plan limit 980
current timestep 78
num of flexible agents: 10
num of flexible tasks: 166
Solving time: 0.00032111 seconds
plan limit 980
current timestep 79
num of flexible agents: 13
num of flexible tasks: 161
Solving time: 0.000317902 seconds
plan limit 980
current timestep 80
num of flexible agents: 11
num of flexible tasks: 156
Solving time: 0.000319586 seconds
plan limit 980
current timestep 81
num of flexible agents: 6
num of flexible tasks: 150
Solving time: 0.000281 seconds
plan limit 980
current timestep 82
num of flexible agents: 4
num of flexible tasks: 146
Solving time: 0.000825051 seconds
plan limit 980
current timestep 83
num of flexible agents: 7
num of flexible tasks: 145
Solving time: 0.000318908 seconds
plan limit 980
current timestep 84
num of flexible agents: 8
num of flexible tasks: 139
Solving time: 0.000297641 seconds
plan limit 980
current timestep 85
num of flexible agents: 11
num of flexible tasks: 137
Solving time: 0.000303386 seconds
plan limit 980
current timestep 86
num of flexible agents: 4
num of flexible tasks: 130
Solving time: 0.000766839 seconds
plan limit 980
current timestep 87
num of flexible agents: 9
num of flexible tasks: 130
Solving time: 0.000323433 seconds
plan limit 980
current timestep 88
num of flexible agents: 7
num of flexible tasks: 126
Solving time: 0.000297227 seconds
plan limit 980
current timestep 89
num of flexible agents: 10
num of flexible tasks: 124
Solving time: 0.000323789 seconds
plan limit 980
current timestep 90
num of flexible agents: 9
num of flexible tasks: 118
Solving time: 0.000297984 seconds
plan limit 980
current timestep 91
num of flexible agents: 9
num of flexible tasks: 117
Solving time: 0.000286882 seconds
plan limit 980
current timestep 92
num of flexible agents: 7
num of flexible tasks: 110
Solving time: 0.000314695 seconds
plan limit 980
current timestep 93
num of flexible agents: 8
num of flexible tasks: 109
Solving time: 0.000327497 seconds
plan limit 980
current timestep 94
num of flexible agents: 12
num of flexible tasks: 109
Solving time: 0.000314086 seconds
plan limit 980
current timestep 95
num of flexible agents: 18
num of flexible tasks: 108
Solving time: 0.000376813 seconds
plan limit 980
current timestep 96
num of flexible agents: 19
num of flexible tasks: 105
Solving time: 0.000361788 seconds
plan limit 980
current timestep 97
num of flexible agents: 18
num of flexible tasks: 101
Solving time: 0.000329809 seconds
plan limit 980
current timestep 98
num of flexible agents: 19
num of flexible tasks: 99
Solving time: 0.000346842 seconds
plan limit 980
current timestep 99
num of flexible agents: 12
num of flexible tasks: 92
Solving time: 0.000304458 seconds
plan limit 980
current timestep 100
num of flexible agents: 16
num of flexible tasks: 91
Solving time: 0.000350631 seconds
plan limit 980
current timestep 101
num of flexible agents: 17
num of flexible tasks: 87
Solving time: 0.000336134 seconds
plan limit 980
current timestep 102
num of flexible agents: 18
num of flexible tasks: 82
Solving time: 0.000320198 seconds
plan limit 980
current timestep 103
num of flexible agents: 20
num of flexible tasks: 78
Solving time: 0.000340754 seconds
plan limit 980
current timestep 104
num of flexible agents: 22
num of flexible tasks: 75
Solving time: 0.000345041 seconds
plan limit 980
current timestep 105
num of flexible agents: 25
num of flexible tasks: 73
Solving time: 0.000449554 seconds
plan limit 980
current timestep 106
num of flexible agents: 25
num of flexible tasks: 70
Solving time: 0.000386083 seconds
plan limit 980
current timestep 107
num of flexible agents: 27
num of flexible tasks: 68
Solving time: 0.0003966 seconds
plan limit 980
current timestep 108
num of flexible agents: 23
num of flexible tasks: 62
Solving time: 0.000397517 seconds
plan limit 980
current timestep 109
num of flexible agents: 27
num of flexible tasks: 59
Solving time: 0.000409281 seconds
plan limit 980
current timestep 110
num of flexible agents: 25
num of flexible tasks: 55
Solving time: 0.000396552 seconds
plan limit 980
current timestep 111
num of flexible agents: 25
num of flexible tasks: 54
Solving time: 0.000404114 seconds
plan limit 980
current timestep 112
num of flexible agents: 27
num of flexible tasks: 51
Solving time: 0.000384996 seconds
plan limit 980
current timestep 113
num of flexible agents: 26
num of flexible tasks: 49
Solving time: 0.000399653 seconds
plan limit 980
current timestep 114
num of flexible agents: 31
num of flexible tasks: 46
Solving time: 0.000508705 seconds
plan limit 980
current timestep 115
num of flexible agents: 30
num of flexible tasks: 43
Solving time: 0.000453193 seconds
plan limit 980
current timestep 116
num of flexible agents: 37
num of flexible tasks: 41
Solving time: 0.000523662 seconds
plan limit 980
current timestep 117
num of flexible agents: 37
num of flexible tasks: 39
Solving time: 0.000546652 seconds
plan limit 980
current timestep 118
num of flexible agents: 41
num of flexible tasks: 37
Solving time: 0.000565619 seconds
plan limit 980
current timestep 119
num of flexible agents: 43
num of flexible tasks: 35
Solving time: 0.000470065 seconds
plan limit 980
current timestep 120
num of flexible agents: 43
num of flexible tasks: 32
Solving time: 0.000513499 seconds
plan limit 980
current timestep 121
num of flexible agents: 43
num of flexible tasks: 29
Solving time: 0.000484595 seconds
plan limit 980
current timestep 122
num of flexible agents: 41
num of flexible tasks: 26
Solving time: 0.000460998 seconds
plan limit 980
current timestep 123
num of flexible agents: 44
num of flexible tasks: 24
Solving time: 0.000468614 seconds
plan limit 980
current timestep 124
num of flexible agents: 43
num of flexible tasks: 22
Solving time: 0.000405616 seconds
plan limit 980
current timestep 125
num of flexible agents: 46
num of flexible tasks: 21
Solving time: 0.000366944 seconds
plan limit 980
current timestep 126
num of flexible agents: 44
num of flexible tasks: 16
Solving time: 0.000336122 seconds
plan limit 980
current timestep 127
num of flexible agents: 44
num of flexible tasks: 13
Solving time: 0.000305211 seconds
plan limit 980
current timestep 128
num of flexible agents: 46
num of flexible tasks: 11
Solving time: 0.000324747 seconds
plan limit 980
current timestep 129
num of flexible agents: 46
num of flexible tasks: 10
Solving time: 0.000270719 seconds
plan limit 980
current timestep 130
num of flexible agents: 48
num of flexible tasks: 7
Solving time: 0.000251205 seconds
plan limit 980
current timestep 131
num of flexible agents: 50
num of flexible tasks: 6
Solving time: 0.000267862 seconds
plan limit 980
current timestep 132
num of flexible agents: 52
num of flexible tasks: 6
Solving time: 0.000281192 seconds
plan limit 980
current timestep 133
num of flexible agents: 52
num of flexible tasks: 4
Solving time: 0.000229139 seconds
plan limit 980
current timestep 134
num of flexible agents: 52
num of flexible tasks: 3
Solving time: 0.000247072 seconds
plan limit 980
current timestep 135
num of flexible agents: 55
num of flexible tasks: 3
Solving time: 0.000253494 seconds
plan limit 980
current timestep 136
num of flexible agents: 55
num of flexible tasks: 2
Solving time: 0.000239157 seconds
plan limit 980
current timestep 137
num of flexible agents: 55
num of flexible tasks: 1
Solving time: 0.000254269 seconds
plan limit 980
current timestep 138
num of flexible agents: 54
num of flexible tasks: 0
Solving time: 0.000222681 seconds
plan limit 980
current timestep 139
num of flexible agents: 59
num of flexible tasks: 0
Solving time: 0.000215612 seconds
plan limit 980
current timestep 140
num of flexible agents: 63
num of flexible tasks: 0
Solving time: 0.000241333 seconds
plan limit 980
current timestep 141
num of flexible agents: 64
num of flexible tasks: 0
Solving time: 0.000221327 seconds
plan limit 980
current timestep 142
num of flexible agents: 66
num of flexible tasks: 0
Solving time: 0.000226318 seconds
plan limit 980
current timestep 143
num of flexible agents: 66
num of flexible tasks: 0
Solving time: 0.000220106 seconds
plan limit 980
current timestep 144
num of flexible agents: 71
num of flexible tasks: 0
Solving time: 0.000232666 seconds
plan limit 980
current timestep 145
num of flexible agents: 71
num of flexible tasks: 0
Solving time: 0.000226561 seconds
plan limit 980
current timestep 146
num of flexible agents: 76
num of flexible tasks: 0
Solving time: 0.000212912 seconds
plan limit 980
current timestep 147
num of flexible agents: 78
num of flexible tasks: 0
Solving time: 0.000243055 seconds
plan limit 980
current timestep 148
num of flexible agents: 78
num of flexible tasks: 0
Solving time: 0.000225267 seconds
plan limit 980
current timestep 149
num of flexible agents: 79
num of flexible tasks: 0
Solving time: 0.00023999 seconds
plan limit 980
current timestep 150
num of flexible agents: 84
num of flexible tasks: 0
Solving time: 0.000257855 seconds
plan limit 980
current timestep 151
num of flexible agents: 84
num of flexible tasks: 0
Solving time: 0.000212302 seconds
plan limit 980
current timestep 152
num of flexible agents: 85
num of flexible tasks: 0
Solving time: 0.000234542 seconds
plan limit 980
current timestep 153
num of flexible agents: 85
num of flexible tasks: 0
Solving time: 0.000240399 seconds
plan limit 980
current timestep 154
num of flexible agents: 85
num of flexible tasks: 0
Solving time: 0.000251905 seconds
plan limit 980
current timestep 155
num of flexible agents: 86
num of flexible tasks: 0
Solving time: 0.000219493 seconds
plan limit 980
current timestep 156
num of flexible agents: 87
num of flexible tasks: 0
Solving time: 0.000216769 seconds
plan limit 980
current timestep 157
num of flexible agents: 87
num of flexible tasks: 0
Solving time: 0.000225299 seconds
plan limit 980
current timestep 158
num of flexible agents: 89
num of flexible tasks: 0
Solving time: 0.000218338 seconds
plan limit 980
current timestep 159
num of flexible agents: 89
num of flexible tasks: 0
Solving time: 0.000234306 seconds
plan limit 980
current timestep 160
num of flexible agents: 89
num of flexible tasks: 0
Solving time: 0.000223877 seconds
plan limit 980
current timestep 161
num of flexible agents: 91
num of flexible tasks: 0
Solving time: 0.000238086 seconds
plan limit 980
current timestep 162
num of flexible agents: 93
num of flexible tasks: 0
Solving time: 0.000222501 seconds
plan limit 980
current timestep 163
num of flexible agents: 96
num of flexible tasks: 0
Solving time: 0.000226097 seconds
plan limit 980
current timestep 164
num of flexible agents: 96
num of flexible tasks: 0
Solving time: 0.000226751 seconds
plan limit 980
current timestep 165
num of flexible agents: 96
num of flexible tasks: 0
Solving time: 0.00024 seconds
plan limit 980
current timestep 166
num of flexible agents: 97
num of flexible tasks: 0
Solving time: 0.000222101 seconds
plan limit 980
current timestep 167
num of flexible agents: 98
num of flexible tasks: 0
Solving time: 0.000217406 seconds
plan limit 980
current timestep 168
num of flexible agents: 99
num of flexible tasks: 0
Solving time: 0.000258357 seconds
plan limit 980
current timestep 169
num of flexible agents: 99
num of flexible tasks: 0
Solving time: 0.000214627 seconds
plan limit 980
current timestep 170
num of flexible agents: 99
num of flexible tasks: 0
Solving time: 0.000234659 seconds
plan limit 980
current timestep 171
num of flexible agents: 99
num of flexible tasks: 0
Solving time: 0.000226342 seconds
plan limit 980
current timestep 172
num of flexible agents: 99
num of flexible tasks: 0
Solving time: 0.000272962 seconds
plan limit 980
All tasks finished at timestep 173
