current timestep 0
num of flexible agents: 100
num of flexible tasks: 10
Solving time: 0.000337986 seconds
plan limit 980
current timestep 1
num of flexible agents: 95
num of flexible tasks: 15
Solving time: 0.000374562 seconds
plan limit 980
current timestep 2
num of flexible agents: 91
num of flexible tasks: 21
Solving time: 0.000378895 seconds
plan limit 980
current timestep 3
num of flexible agents: 87
num of flexible tasks: 27
Solving time: 0.000400788 seconds
plan limit 980
current timestep 4
num of flexible agents: 82
num of flexible tasks: 32
Solving time: 0.000418542 seconds
plan limit 980
current timestep 5
num of flexible agents: 74
num of flexible tasks: 34
Solving time: 0.000445953 seconds
plan limit 980
current timestep 6
num of flexible agents: 62
num of flexible tasks: 32
Solving time: 0.000457214 seconds
plan limit 980
current timestep 7
num of flexible agents: 59
num of flexible tasks: 38
Solving time: 0.000519218 seconds
plan limit 980
current timestep 8
num of flexible agents: 53
num of flexible tasks: 42
Solving time: 0.000542391 seconds
plan limit 980
current timestep 9
num of flexible agents: 47
num of flexible tasks: 46
Solving time: 0.000565872 seconds
plan limit 980
current timestep 10
num of flexible agents: 46
num of flexible tasks: 54
Solving time: 0.000470219 seconds
plan limit 980
current timestep 11
num of flexible agents: 43
num of flexible tasks: 60
Solving time: 0.000458758 seconds
plan limit 980
current timestep 12
num of flexible agents: 33
num of flexible tasks: 59
Solving time: 0.000358467 seconds
plan limit 980
current timestep 13
num of flexible agents: 33
num of flexible tasks: 66
Solving time: 0.000369351 seconds
plan limit 980
current timestep 14
num of flexible agents: 30
num of flexible tasks: 72
Solving time: 0.000320431 seconds
plan limit 980
current timestep 15
num of flexible agents: 30
num of flexible tasks: 79
Solving time: 0.000308527 seconds
plan limit 980
current timestep 16
num of flexible agents: 21
num of flexible tasks: 78
Solving time: 0.000302897 seconds
plan limit 980
current timestep 17
num of flexible agents: 16
num of flexible tasks: 82
Solving time: 0.000287159 seconds
plan limit 980
current timestep 18
num of flexible agents: 11
num of flexible tasks: 86
Solving time: 0.000286265 seconds
plan limit 980
current timestep 19
num of flexible agents: 8
num of flexible tasks: 91
Solving time: 0.000257961 seconds
plan limit 980
current timestep 20
num of flexible agents: 7
num of flexible tasks: 97
Solving time: 0.000276276 seconds
plan limit 980
current timestep 21
num of flexible agents: 4
num of flexible tasks: 103
Solving time: 0.000255807 seconds
plan limit 980
current timestep 22
num of flexible agents: 6
num of flexible tasks: 112
Solving time: 0.000285776 seconds
plan limit 980
current timestep 23
num of flexible agents: 5
num of flexible tasks: 120
Solving time: 0.000265758 seconds
plan limit 980
current timestep 24
num of flexible agents: 6
num of flexible tasks: 128
Solving time: 0.000266505 seconds
plan limit 980
current timestep 25
num of flexible agents: 5
num of flexible tasks: 136
Solving time: 0.000257223 seconds
plan limit 980
current timestep 26
num of flexible agents: 4
num of flexible tasks: 143
Solving time: 0.000751103 seconds
plan limit 980
current timestep 27
num of flexible agents: 3
num of flexible tasks: 151
Solving time: 0.000845817 seconds
plan limit 979
current timestep 28
num of flexible agents: 6
num of flexible tasks: 160
Solving time: 0.000267021 seconds
plan limit 980
current timestep 29
num of flexible agents: 5
num of flexible tasks: 167
Solving time: 0.000245032 seconds
plan limit 980
current timestep 30
num of flexible agents: 7
num of flexible tasks: 172
Solving time: 0.000263221 seconds
plan limit 980
current timestep 31
num of flexible agents: 9
num of flexible tasks: 178
Solving time: 0.000309297 seconds
plan limit 980
current timestep 32
num of flexible agents: 7
num of flexible tasks: 183
Solving time: 0.000292984 seconds
plan limit 980
current timestep 33
num of flexible agents: 10
num of flexible tasks: 192
Solving time: 0.00029713 seconds
plan limit 980
current timestep 34
num of flexible agents: 9
num of flexible tasks: 195
Solving time: 0.000288637 seconds
plan limit 980
current timestep 35
num of flexible agents: 5
num of flexible tasks: 200
Solving time: 0.000749443 seconds
plan limit 980
current timestep 36
num of flexible agents: 6
num of flexible tasks: 206
Solving time: 0.000281927 seconds
plan limit 980
current timestep 37
num of flexible agents: 5
num of flexible tasks: 212
Solving time: 0.000801939 seconds
plan limit 980
current timestep 38
num of flexible agents: 8
num of flexible tasks: 219
Solving time: 0.000295785 seconds
plan limit 980
current timestep 39
num of flexible agents: 6
num of flexible tasks: 224
Solving time: 0.000277256 seconds
plan limit 980
current timestep 40
num of flexible agents: 5
num of flexible tasks: 228
Solving time: 0.000751029 seconds
plan limit 980
current timestep 41
num of flexible agents: 8
num of flexible tasks: 235
Solving time: 0.000303224 seconds
plan limit 980
current timestep 42
num of flexible agents: 9
num of flexible tasks: 240
Solving time: 0.000306514 seconds
plan limit 980
current timestep 43
num of flexible agents: 9
num of flexible tasks: 246
Solving time: 0.000307928 seconds
plan limit 980
current timestep 44
num of flexible agents: 8
num of flexible tasks: 251
Solving time: 0.000290165 seconds
plan limit 980
current timestep 45
num of flexible agents: 4
num of flexible tasks: 254
Solving time: 0.000909589 seconds
plan limit 979
current timestep 46
num of flexible agents: 3
num of flexible tasks: 260
Solving time: 0.000748836 seconds
plan limit 980
current timestep 47
num of flexible agents: 4
num of flexible tasks: 268
Solving time: 0.000811 seconds
plan limit 980
current timestep 48
num of flexible agents: 5
num of flexible tasks: 274
Solving time: 0.0008421 seconds
plan limit 979
current timestep 49
num of flexible agents: 8
num of flexible tasks: 281
Solving time: 0.000279147 seconds
plan limit 980
current timestep 50
num of flexible agents: 9
num of flexible tasks: 274
Solving time: 0.000276288 seconds
plan limit 980
current timestep 51
num of flexible agents: 7
num of flexible tasks: 266
Solving time: 0.000281684 seconds
plan limit 980
current timestep 52
num of flexible agents: 8
num of flexible tasks: 262
Solving time: 0.000311715 seconds
plan limit 980
current timestep 53
num of flexible agents: 4
num of flexible tasks: 254
Solving time: 0.000819013 seconds
plan limit 980
current timestep 54
num of flexible agents: 4
num of flexible tasks: 251
Solving time: 0.000831652 seconds
plan limit 979
current timestep 55
num of flexible agents: 8
num of flexible tasks: 250
Solving time: 0.000294874 seconds
plan limit 980
current timestep 56
num of flexible agents: 4
num of flexible tasks: 244
Solving time: 0.00080762 seconds
plan limit 979
current timestep 57
num of flexible agents: 9
num of flexible tasks: 241
Solving time: 0.00029268 seconds
plan limit 980
current timestep 58
num of flexible agents: 9
num of flexible tasks: 235
Solving time: 0.00031936 seconds
plan limit 980
current timestep 59
num of flexible agents: 7
num of flexible tasks: 230
Solving time: 0.000335753 seconds
plan limit 980
current timestep 60
num of flexible agents: 10
num of flexible tasks: 227
Solving time: 0.000308782 seconds
plan limit 980
current timestep 61
num of flexible agents: 7
num of flexible tasks: 221
Solving time: 0.000285761 seconds
plan limit 980
current timestep 62
num of flexible agents: 6
num of flexible tasks: 217
Solving time: 0.000305737 seconds
plan limit 980
current timestep 63
num of flexible agents: 4
num of flexible tasks: 213
Solving time: 0.000779927 seconds
plan limit 980
current timestep 64
num of flexible agents: 4
num of flexible tasks: 210
Solving time: 0.000808625 seconds
plan limit 980
current timestep 65
num of flexible agents: 2
num of flexible tasks: 208
Solving time: 0.000705415 seconds
plan limit 980
current timestep 66
num of flexible agents: 7
num of flexible tasks: 207
Solving time: 0.000297822 seconds
plan limit 980
current timestep 67
num of flexible agents: 11
num of flexible tasks: 205
Solving time: 0.000296467 seconds
plan limit 980
current timestep 68
num of flexible agents: 12
num of flexible tasks: 199
Solving time: 0.000294481 seconds
plan limit 980
current timestep 69
num of flexible agents: 8
num of flexible tasks: 190
Solving time: 0.000297829 seconds
plan limit 980
current timestep 70
num of flexible agents: 6
num of flexible tasks: 184
Solving time: 0.00031337 seconds
plan limit 980
current timestep 71
num of flexible agents: 6
num of flexible tasks: 182
Solving time: 0.000289898 seconds
plan limit 980
current timestep 72
num of flexible agents: 6
num of flexible tasks: 178
Solving time: 0.000275237 seconds
plan limit 980
current timestep 73
num of flexible agents: 8
num of flexible tasks: 174
Solving time: 0.000295058 seconds
plan limit 980
current timestep 74
num of flexible agents: 10
num of flexible tasks: 170
Solving time: 0.000313887 seconds
plan limit 980
current timestep 75
num of flexible agents: 10
num of flexible tasks: 165
Solving time: 0.000283862 seconds
plan limit 980
current timestep 76
num of flexible agents: 10
num of flexible tasks: 161
Solving time: 0.000320301 seconds
plan limit 980
current timestep 77
num of flexible agents: 6
num of flexible tasks: 156
Solving time: 0.000322731 seconds
plan limit 980
current timestep 78
num of flexible agents: 8
num of flexible tasks: 155
Solving time: 0.000289618 seconds
plan limit 980
current timestep 79
num of flexible agents: 11
num of flexible tasks: 150
Solving time: 0.000329259 seconds
plan limit 980
current timestep 80
num of flexible agents: 9
num of flexible tasks: 143
Solving time: 0.000298297 seconds
plan limit 980
current timestep 81
num of flexible agents: 9
num of flexible tasks: 138
Solving time: 0.000305733 seconds
plan limit 980
current timestep 82
num of flexible agents: 10
num of flexible tasks: 135
Solving time: 0.000304717 seconds
plan limit 980
current timestep 83
num of flexible agents: 12
num of flexible tasks: 133
Solving time: 0.000334541 seconds
plan limit 980
current timestep 84
num of flexible agents: 10
num of flexible tasks: 128
Solving time: 0.0002985 seconds
plan limit 980
current timestep 85
num of flexible agents: 15
num of flexible tasks: 126
Solving time: 0.000295267 seconds
plan limit 980
current timestep 86
num of flexible agents: 11
num of flexible tasks: 119
Solving time: 0.000317006 seconds
plan limit 980
current timestep 87
num of flexible agents: 12
num of flexible tasks: 114
Solving time: 0.000330803 seconds
plan limit 980
current timestep 88
num of flexible agents: 12
num of flexible tasks: 112
Solving time: 0.000326824 seconds
plan limit 980
current timestep 89
num of flexible agents: 12
num of flexible tasks: 109
Solving time: 0.000313014 seconds
plan limit 980
current timestep 90
num of flexible agents: 12
num of flexible tasks: 105
Solving time: 0.000326639 seconds
plan limit 980
current timestep 91
num of flexible agents: 13
num of flexible tasks: 102
Solving time: 0.000332843 seconds
plan limit 980
current timestep 92
num of flexible agents: 10
num of flexible tasks: 99
Solving time: 0.000333205 seconds
plan limit 980
current timestep 93
num of flexible agents: 9
num of flexible tasks: 95
Solving time: 0.000312141 seconds
plan limit 980
current timestep 94
num of flexible agents: 11
num of flexible tasks: 93
Solving time: 0.000317647 seconds
plan limit 980
current timestep 95
num of flexible agents: 14
num of flexible tasks: 90
Solving time: 0.000381363 seconds
plan limit 980
current timestep 96
num of flexible agents: 17
num of flexible tasks: 87
Solving time: 0.000338802 seconds
plan limit 980
current timestep 97
num of flexible agents: 22
num of flexible tasks: 86
Solving time: 0.000356621 seconds
plan limit 980
current timestep 98
num of flexible agents: 21
num of flexible tasks: 80
Solving time: 0.00035568 seconds
plan limit 980
current timestep 99
num of flexible agents: 23
num of flexible tasks: 77
Solving time: 0.000360001 seconds
plan limit 980
current timestep 100
num of flexible agents: 27
num of flexible tasks: 76
Solving time: 0.000347962 seconds
plan limit 980
current timestep 101
num of flexible agents: 24
num of flexible tasks: 69
Solving time: 0.000380781 seconds
plan limit 980
current timestep 102
num of flexible agents: 23
num of flexible tasks: 65
Solving time: 0.000390151 seconds
plan limit 980
current timestep 103
num of flexible agents: 26
num of flexible tasks: 63
Solving time: 0.000384882 seconds
plan limit 980
current timestep 104
num of flexible agents: 22
num of flexible tasks: 58
Solving time: 0.00039432 seconds
plan limit 980
current timestep 105
num of flexible agents: 18
num of flexible tasks: 53
Solving time: 0.000398386 seconds
plan limit 980
current timestep 106
num of flexible agents: 23
num of flexible tasks: 53
Solving time: 0.000420207 seconds
plan limit 980
current timestep 107
num of flexible agents: 27
num of flexible tasks: 52
Solving time: 0.00041964 seconds
plan limit 980
current timestep 108
num of flexible agents: 27
num of flexible tasks: 48
Solving time: 0.000434411 seconds
plan limit 980
current timestep 109
num of flexible agents: 24
num of flexible tasks: 43
Solving time: 0.000401089 seconds
plan limit 980
current timestep 110
num of flexible agents: 25
num of flexible tasks: 40
Solving time: 0.00043062 seconds
plan limit 980
current timestep 111
num of flexible agents: 27
num of flexible tasks: 40
Solving time: 0.000401075 seconds
plan limit 980
current timestep 112
num of flexible agents: 28
num of flexible tasks: 36
Solving time: 0.000460588 seconds
plan limit 980
current timestep 113
num of flexible agents: 27
num of flexible tasks: 32
Solving time: 0.000505949 seconds
plan limit 980
current timestep 114
num of flexible agents: 30
num of flexible tasks: 32
Solving time: 0.000468883 seconds
plan limit 980
current timestep 115
num of flexible agents: 34
num of flexible tasks: 31
Solving time: 0.000470507 seconds
plan limit 980
current timestep 116
num of flexible agents: 35
num of flexible tasks: 28
Solving time: 0.0004619 seconds
plan limit 980
current timestep 117
num of flexible agents: 36
num of flexible tasks: 27
Solving time: 0.000432222 seconds
plan limit 980
current timestep 118
num of flexible agents: 36
num of flexible tasks: 25
Solving time: 0.000478213 seconds
plan limit 980
current timestep 119
num of flexible agents: 36
num of flexible tasks: 25
Solving time: 0.000400859 seconds
plan limit 980
current timestep 120
num of flexible agents: 35
num of flexible tasks: 21
Solving time: 0.00036542 seconds
plan limit 980
current timestep 121
num of flexible agents: 36
num of flexible tasks: 18
Solving time: 0.000353258 seconds
plan limit 980
current timestep 122
num of flexible agents: 36
num of flexible tasks: 14
Solving time: 0.000325722 seconds
plan limit 980
current timestep 123
num of flexible agents: 34
num of flexible tasks: 9
Solving time: 0.000290789 seconds
plan limit 980
current timestep 124
num of flexible agents: 35
num of flexible tasks: 7
Solving time: 0.000260538 seconds
plan limit 980
current timestep 125
num of flexible agents: 41
num of flexible tasks: 7
Solving time: 0.000278575 seconds
plan limit 980
current timestep 126
num of flexible agents: 44
num of flexible tasks: 6
Solving time: 0.000262642 seconds
plan limit 980
current timestep 127
num of flexible agents: 47
num of flexible tasks: 3
Solving time: 0.000252812 seconds
plan limit 980
current timestep 128
num of flexible agents: 45
num of flexible tasks: 0
Solving time: 0.000239692 seconds
plan limit 980
current timestep 129
num of flexible agents: 47
num of flexible tasks: 0
Solving time: 0.000227276 seconds
plan limit 980
current timestep 130
num of flexible agents: 52
num of flexible tasks: 0
Solving time: 0.000217094 seconds
plan limit 980
current timestep 131
num of flexible agents: 54
num of flexible tasks: 0
Solving time: 0.000233435 seconds
plan limit 980
current timestep 132
num of flexible agents: 55
num of flexible tasks: 0
Solving time: 0.000220179 seconds
plan limit 980
current timestep 133
num of flexible agents: 60
num of flexible tasks: 0
Solving time: 0.000205596 seconds
plan limit 980
current timestep 134
num of flexible agents: 62
num of flexible tasks: 0
Solving time: 0.000217596 seconds
plan limit 980
current timestep 135
num of flexible agents: 63
num of flexible tasks: 0
Solving time: 0.000235504 seconds
plan limit 980
current timestep 136
num of flexible agents: 66
num of flexible tasks: 0
Solving time: 0.000224162 seconds
plan limit 980
current timestep 137
num of flexible agents: 72
num of flexible tasks: 0
Solving time: 0.000208556 seconds
plan limit 980
current timestep 138
num of flexible agents: 75
num of flexible tasks: 0
Solving time: 0.000209866 seconds
plan limit 980
current timestep 139
num of flexible agents: 79
num of flexible tasks: 0
Solving time: 0.000241924 seconds
plan limit 980
current timestep 140
num of flexible agents: 79
num of flexible tasks: 0
Solving time: 0.000252793 seconds
plan limit 980
current timestep 141
num of flexible agents: 81
num of flexible tasks: 0
Solving time: 0.000228104 seconds
plan limit 980
current timestep 142
num of flexible agents: 82
num of flexible tasks: 0
Solving time: 0.000239271 seconds
plan limit 980
current timestep 143
num of flexible agents: 83
num of flexible tasks: 0
Solving time: 0.000211186 seconds
plan limit 980
current timestep 144
num of flexible agents: 84
num of flexible tasks: 0
Solving time: 0.000225982 seconds
plan limit 980
current timestep 145
num of flexible agents: 89
num of flexible tasks: 0
Solving time: 0.000210939 seconds
plan limit 980
current timestep 146
num of flexible agents: 92
num of flexible tasks: 0
Solving time: 0.000224508 seconds
plan limit 980
current timestep 147
num of flexible agents: 93
num of flexible tasks: 0
Solving time: 0.000213395 seconds
plan limit 980
current timestep 148
num of flexible agents: 95
num of flexible tasks: 0
Solving time: 0.000210148 seconds
plan limit 980
current timestep 149
num of flexible agents: 95
num of flexible tasks: 0
Solving time: 0.000273362 seconds
plan limit 980
current timestep 150
num of flexible agents: 96
num of flexible tasks: 0
Solving time: 0.000226244 seconds
plan limit 980
current timestep 151
num of flexible agents: 96
num of flexible tasks: 0
Solving time: 0.00021978 seconds
plan limit 980
current timestep 152
num of flexible agents: 96
num of flexible tasks: 0
Solving time: 0.000232155 seconds
plan limit 980
current timestep 153
num of flexible agents: 96
num of flexible tasks: 0
Solving time: 0.00023649 seconds
plan limit 980
current timestep 154
num of flexible agents: 96
num of flexible tasks: 0
Solving time: 0.000266534 seconds
plan limit 980
current timestep 155
num of flexible agents: 96
num of flexible tasks: 0
Solving time: 0.000232903 seconds
plan limit 980
current timestep 156
num of flexible agents: 97
num of flexible tasks: 0
Solving time: 0.000233343 seconds
plan limit 980
current timestep 157
num of flexible agents: 97
num of flexible tasks: 0
Solving time: 0.000261978 seconds
plan limit 980
current timestep 158
num of flexible agents: 97
num of flexible tasks: 0
Solving time: 0.000239506 seconds
plan limit 980
current timestep 159
num of flexible agents: 98
num of flexible tasks: 0
Solving time: 0.000229034 seconds
plan limit 980
current timestep 160
num of flexible agents: 98
num of flexible tasks: 0
Solving time: 0.000234388 seconds
plan limit 980
current timestep 161
num of flexible agents: 99
num of flexible tasks: 0
Solving time: 0.000223571 seconds
plan limit 980
current timestep 162
num of flexible agents: 99
num of flexible tasks: 0
Solving time: 0.0002355 seconds
plan limit 980
All tasks finished at timestep 163
