current timestep 0
num of flexible agents: 80
num of flexible tasks: 2
Solving time: 0.000992043 seconds
plan limit 979
current timestep 1
num of flexible agents: 78
num of flexible tasks: 2
Solving time: 0.000321459 seconds
plan limit 980
current timestep 2
num of flexible agents: 77
num of flexible tasks: 3
Solving time: 0.000259905 seconds
plan limit 980
current timestep 3
num of flexible agents: 76
num of flexible tasks: 4
Solving time: 0.000297236 seconds
plan limit 980
current timestep 4
num of flexible agents: 76
num of flexible tasks: 6
Solving time: 0.000305589 seconds
plan limit 980
current timestep 5
num of flexible agents: 75
num of flexible tasks: 7
Solving time: 0.000289283 seconds
plan limit 980
current timestep 6
num of flexible agents: 74
num of flexible tasks: 8
Solving time: 0.000285505 seconds
plan limit 980
current timestep 7
num of flexible agents: 74
num of flexible tasks: 10
Solving time: 0.000296305 seconds
plan limit 980
current timestep 8
num of flexible agents: 73
num of flexible tasks: 11
Solving time: 0.000349463 seconds
plan limit 980
current timestep 9
num of flexible agents: 72
num of flexible tasks: 12
Solving time: 0.000324674 seconds
plan limit 980
current timestep 10
num of flexible agents: 71
num of flexible tasks: 13
Solving time: 0.000314983 seconds
plan limit 980
current timestep 11
num of flexible agents: 69
num of flexible tasks: 13
Solving time: 0.000302368 seconds
plan limit 980
current timestep 12
num of flexible agents: 68
num of flexible tasks: 13
Solving time: 0.000294783 seconds
plan limit 980
current timestep 13
num of flexible agents: 66
num of flexible tasks: 13
Solving time: 0.000385259 seconds
plan limit 980
current timestep 14
num of flexible agents: 64
num of flexible tasks: 12
Solving time: 0.000330938 seconds
plan limit 980
current timestep 15
num of flexible agents: 63
num of flexible tasks: 13
Solving time: 0.000332291 seconds
plan limit 980
current timestep 16
num of flexible agents: 62
num of flexible tasks: 13
Solving time: 0.000354279 seconds
plan limit 980
current timestep 17
num of flexible agents: 58
num of flexible tasks: 11
Solving time: 0.000329745 seconds
plan limit 980
current timestep 18
num of flexible agents: 58
num of flexible tasks: 13
Solving time: 0.000345211 seconds
plan limit 980
current timestep 19
num of flexible agents: 56
num of flexible tasks: 13
Solving time: 0.000333885 seconds
plan limit 980
current timestep 20
num of flexible agents: 52
num of flexible tasks: 11
Solving time: 0.000300976 seconds
plan limit 980
current timestep 21
num of flexible agents: 50
num of flexible tasks: 11
Solving time: 0.000334994 seconds
plan limit 980
current timestep 22
num of flexible agents: 50
num of flexible tasks: 12
Solving time: 0.000306481 seconds
plan limit 980
current timestep 23
num of flexible agents: 49
num of flexible tasks: 13
Solving time: 0.000340827 seconds
plan limit 980
current timestep 24
num of flexible agents: 49
num of flexible tasks: 13
Solving time: 0.000346044 seconds
plan limit 980
current timestep 25
num of flexible agents: 49
num of flexible tasks: 15
Solving time: 0.000329144 seconds
plan limit 980
current timestep 26
num of flexible agents: 51
num of flexible tasks: 17
Solving time: 0.000308115 seconds
plan limit 980
current timestep 27
num of flexible agents: 47
num of flexible tasks: 15
Solving time: 0.000315443 seconds
plan limit 980
current timestep 28
num of flexible agents: 46
num of flexible tasks: 16
Solving time: 0.000312159 seconds
plan limit 980
current timestep 29
num of flexible agents: 43
num of flexible tasks: 14
Solving time: 0.000327365 seconds
plan limit 980
current timestep 30
num of flexible agents: 42
num of flexible tasks: 11
Solving time: 0.000262648 seconds
plan limit 980
current timestep 31
num of flexible agents: 44
num of flexible tasks: 12
Solving time: 0.000332428 seconds
plan limit 980
current timestep 32
num of flexible agents: 42
num of flexible tasks: 10
Solving time: 0.000270018 seconds
plan limit 980
current timestep 33
num of flexible agents: 39
num of flexible tasks: 8
Solving time: 0.000263602 seconds
plan limit 980
current timestep 34
num of flexible agents: 39
num of flexible tasks: 8
Solving time: 0.000278373 seconds
plan limit 980
current timestep 35
num of flexible agents: 40
num of flexible tasks: 10
Solving time: 0.000320476 seconds
plan limit 980
current timestep 36
num of flexible agents: 38
num of flexible tasks: 9
Solving time: 0.000251456 seconds
plan limit 980
current timestep 37
num of flexible agents: 37
num of flexible tasks: 8
Solving time: 0.000281822 seconds
plan limit 980
current timestep 38
num of flexible agents: 38
num of flexible tasks: 8
Solving time: 0.000272633 seconds
plan limit 980
current timestep 39
num of flexible agents: 39
num of flexible tasks: 10
Solving time: 0.000290917 seconds
plan limit 980
current timestep 40
num of flexible agents: 37
num of flexible tasks: 10
Solving time: 0.000324569 seconds
plan limit 980
current timestep 41
num of flexible agents: 34
num of flexible tasks: 9
Solving time: 0.000262728 seconds
plan limit 980
current timestep 42
num of flexible agents: 35
num of flexible tasks: 11
Solving time: 0.00029158 seconds
plan limit 980
current timestep 43
num of flexible agents: 39
num of flexible tasks: 12
Solving time: 0.000295012 seconds
plan limit 980
current timestep 44
num of flexible agents: 40
num of flexible tasks: 12
Solving time: 0.000285345 seconds
plan limit 980
current timestep 45
num of flexible agents: 41
num of flexible tasks: 12
Solving time: 0.000267124 seconds
plan limit 980
current timestep 46
num of flexible agents: 41
num of flexible tasks: 12
Solving time: 0.000319996 seconds
plan limit 980
current timestep 47
num of flexible agents: 40
num of flexible tasks: 11
Solving time: 0.00028473 seconds
plan limit 980
current timestep 48
num of flexible agents: 42
num of flexible tasks: 11
Solving time: 0.000260505 seconds
plan limit 980
current timestep 49
num of flexible agents: 41
num of flexible tasks: 11
Solving time: 0.000278421 seconds
plan limit 980
current timestep 50
num of flexible agents: 42
num of flexible tasks: 12
Solving time: 0.000324606 seconds
plan limit 980
current timestep 51
num of flexible agents: 42
num of flexible tasks: 12
Solving time: 0.00029204 seconds
plan limit 980
current timestep 52
num of flexible agents: 44
num of flexible tasks: 14
Solving time: 0.000304138 seconds
plan limit 980
current timestep 53
num of flexible agents: 40
num of flexible tasks: 11
Solving time: 0.000272152 seconds
plan limit 980
current timestep 54
num of flexible agents: 39
num of flexible tasks: 11
Solving time: 0.000319957 seconds
plan limit 980
current timestep 55
num of flexible agents: 39
num of flexible tasks: 12
Solving time: 0.000313525 seconds
plan limit 980
current timestep 56
num of flexible agents: 41
num of flexible tasks: 13
Solving time: 0.000279393 seconds
plan limit 980
current timestep 57
num of flexible agents: 41
num of flexible tasks: 13
Solving time: 0.000323724 seconds
plan limit 980
current timestep 58
num of flexible agents: 41
num of flexible tasks: 13
Solving time: 0.000390875 seconds
plan limit 980
current timestep 59
num of flexible agents: 41
num of flexible tasks: 13
Solving time: 0.000367498 seconds
plan limit 980
current timestep 60
num of flexible agents: 44
num of flexible tasks: 15
Solving time: 0.000378968 seconds
plan limit 980
current timestep 61
num of flexible agents: 46
num of flexible tasks: 16
Solving time: 0.000366199 seconds
plan limit 980
current timestep 62
num of flexible agents: 45
num of flexible tasks: 16
Solving time: 0.000333372 seconds
plan limit 980
current timestep 63
num of flexible agents: 41
num of flexible tasks: 14
Solving time: 0.000381896 seconds
plan limit 980
current timestep 64
num of flexible agents: 42
num of flexible tasks: 16
Solving time: 0.000406144 seconds
plan limit 980
current timestep 65
num of flexible agents: 40
num of flexible tasks: 16
Solving time: 0.000357199 seconds
plan limit 980
current timestep 66
num of flexible agents: 40
num of flexible tasks: 17
Solving time: 0.000368557 seconds
plan limit 980
current timestep 67
num of flexible agents: 39
num of flexible tasks: 15
Solving time: 0.000411802 seconds
plan limit 980
current timestep 68
num of flexible agents: 40
num of flexible tasks: 17
Solving time: 0.000332293 seconds
plan limit 980
current timestep 69
num of flexible agents: 41
num of flexible tasks: 18
Solving time: 0.00033265 seconds
plan limit 980
current timestep 70
num of flexible agents: 39
num of flexible tasks: 17
Solving time: 0.000374625 seconds
plan limit 980
current timestep 71
num of flexible agents: 41
num of flexible tasks: 18
Solving time: 0.00036493 seconds
plan limit 980
current timestep 72
num of flexible agents: 42
num of flexible tasks: 18
Solving time: 0.000362567 seconds
plan limit 980
current timestep 73
num of flexible agents: 42
num of flexible tasks: 18
Solving time: 0.00031768 seconds
plan limit 980
current timestep 74
num of flexible agents: 42
num of flexible tasks: 18
Solving time: 0.000358619 seconds
plan limit 980
current timestep 75
num of flexible agents: 39
num of flexible tasks: 15
Solving time: 0.000349524 seconds
plan limit 980
current timestep 76
num of flexible agents: 40
num of flexible tasks: 15
Solving time: 0.000395 seconds
plan limit 980
current timestep 77
num of flexible agents: 37
num of flexible tasks: 14
Solving time: 0.000342742 seconds
plan limit 980
current timestep 78
num of flexible agents: 36
num of flexible tasks: 14
Solving time: 0.000363867 seconds
plan limit 980
current timestep 79
num of flexible agents: 36
num of flexible tasks: 14
Solving time: 0.000336723 seconds
plan limit 980
current timestep 80
num of flexible agents: 37
num of flexible tasks: 15
Solving time: 0.000351481 seconds
plan limit 980
current timestep 81
num of flexible agents: 36
num of flexible tasks: 15
Solving time: 0.000339775 seconds
plan limit 980
current timestep 82
num of flexible agents: 37
num of flexible tasks: 15
Solving time: 0.000344676 seconds
plan limit 980
current timestep 83
num of flexible agents: 39
num of flexible tasks: 17
Solving time: 0.000345589 seconds
plan limit 980
current timestep 84
num of flexible agents: 36
num of flexible tasks: 14
Solving time: 0.000299075 seconds
plan limit 980
current timestep 85
num of flexible agents: 36
num of flexible tasks: 14
Solving time: 0.000360339 seconds
plan limit 980
current timestep 86
num of flexible agents: 32
num of flexible tasks: 11
Solving time: 0.000338804 seconds
plan limit 980
current timestep 87
num of flexible agents: 36
num of flexible tasks: 13
Solving time: 0.000322545 seconds
plan limit 980
current timestep 88
num of flexible agents: 33
num of flexible tasks: 11
Solving time: 0.000290849 seconds
plan limit 980
current timestep 89
num of flexible agents: 34
num of flexible tasks: 12
Solving time: 0.000333032 seconds
plan limit 980
current timestep 90
num of flexible agents: 36
num of flexible tasks: 13
Solving time: 0.000295509 seconds
plan limit 980
current timestep 91
num of flexible agents: 38
num of flexible tasks: 13
Solving time: 0.000286417 seconds
plan limit 980
current timestep 92
num of flexible agents: 38
num of flexible tasks: 13
Solving time: 0.000306732 seconds
plan limit 980
current timestep 93
num of flexible agents: 39
num of flexible tasks: 14
Solving time: 0.00028268 seconds
plan limit 980
current timestep 94
num of flexible agents: 37
num of flexible tasks: 13
Solving time: 0.00034561 seconds
plan limit 980
current timestep 95
num of flexible agents: 40
num of flexible tasks: 13
Solving time: 0.00029581 seconds
plan limit 980
current timestep 96
num of flexible agents: 38
num of flexible tasks: 13
Solving time: 0.000279041 seconds
plan limit 980
current timestep 97
num of flexible agents: 35
num of flexible tasks: 10
Solving time: 0.00028453 seconds
plan limit 980
current timestep 98
num of flexible agents: 34
num of flexible tasks: 9
Solving time: 0.000280765 seconds
plan limit 980
current timestep 99
num of flexible agents: 35
num of flexible tasks: 9
Solving time: 0.000273053 seconds
plan limit 980
current timestep 100
num of flexible agents: 35
num of flexible tasks: 9
Solving time: 0.00030738 seconds
plan limit 980
current timestep 101
num of flexible agents: 33
num of flexible tasks: 9
Solving time: 0.000270987 seconds
plan limit 980
current timestep 102
num of flexible agents: 32
num of flexible tasks: 10
Solving time: 0.000316684 seconds
plan limit 980
current timestep 103
num of flexible agents: 32
num of flexible tasks: 11
Solving time: 0.000317665 seconds
plan limit 980
current timestep 104
num of flexible agents: 30
num of flexible tasks: 9
Solving time: 0.000290817 seconds
plan limit 980
current timestep 105
num of flexible agents: 27
num of flexible tasks: 8
Solving time: 0.00031759 seconds
plan limit 980
current timestep 106
num of flexible agents: 28
num of flexible tasks: 9
Solving time: 0.000283596 seconds
plan limit 980
current timestep 107
num of flexible agents: 29
num of flexible tasks: 10
Solving time: 0.000359957 seconds
plan limit 980
current timestep 108
num of flexible agents: 29
num of flexible tasks: 11
Solving time: 0.000322492 seconds
plan limit 980
current timestep 109
num of flexible agents: 30
num of flexible tasks: 13
Solving time: 0.00034338 seconds
plan limit 980
current timestep 110
num of flexible agents: 32
num of flexible tasks: 14
Solving time: 0.00035908 seconds
plan limit 980
current timestep 111
num of flexible agents: 31
num of flexible tasks: 12
Solving time: 0.000335965 seconds
plan limit 980
current timestep 112
num of flexible agents: 32
num of flexible tasks: 12
Solving time: 0.000346942 seconds
plan limit 980
current timestep 113
num of flexible agents: 30
num of flexible tasks: 11
Solving time: 0.000308374 seconds
plan limit 980
current timestep 114
num of flexible agents: 33
num of flexible tasks: 13
Solving time: 0.000313956 seconds
plan limit 980
current timestep 115
num of flexible agents: 31
num of flexible tasks: 11
Solving time: 0.000342358 seconds
plan limit 980
current timestep 116
num of flexible agents: 29
num of flexible tasks: 10
Solving time: 0.000311079 seconds
plan limit 980
current timestep 117
num of flexible agents: 30
num of flexible tasks: 10
Solving time: 0.000368946 seconds
plan limit 980
current timestep 118
num of flexible agents: 32
num of flexible tasks: 12
Solving time: 0.000353803 seconds
plan limit 980
current timestep 119
num of flexible agents: 32
num of flexible tasks: 12
Solving time: 0.000324766 seconds
plan limit 980
current timestep 120
num of flexible agents: 30
num of flexible tasks: 11
Solving time: 0.000313543 seconds
plan limit 980
current timestep 121
num of flexible agents: 34
num of flexible tasks: 12
Solving time: 0.000362671 seconds
plan limit 980
current timestep 122
num of flexible agents: 35
num of flexible tasks: 12
Solving time: 0.000303065 seconds
plan limit 980
current timestep 123
num of flexible agents: 34
num of flexible tasks: 12
Solving time: 0.000301586 seconds
plan limit 980
current timestep 124
num of flexible agents: 37
num of flexible tasks: 13
Solving time: 0.000308603 seconds
plan limit 980
current timestep 125
num of flexible agents: 38
num of flexible tasks: 11
Solving time: 0.000309754 seconds
plan limit 980
current timestep 126
num of flexible agents: 37
num of flexible tasks: 10
Solving time: 0.000321427 seconds
plan limit 980
current timestep 127
num of flexible agents: 38
num of flexible tasks: 10
Solving time: 0.000293354 seconds
plan limit 980
current timestep 128
num of flexible agents: 34
num of flexible tasks: 7
Solving time: 0.000240834 seconds
plan limit 980
current timestep 129
num of flexible agents: 35
num of flexible tasks: 8
Solving time: 0.000272774 seconds
plan limit 980
current timestep 130
num of flexible agents: 39
num of flexible tasks: 9
Solving time: 0.000305338 seconds
plan limit 980
current timestep 131
num of flexible agents: 39
num of flexible tasks: 10
Solving time: 0.000297576 seconds
plan limit 980
current timestep 132
num of flexible agents: 38
num of flexible tasks: 10
Solving time: 0.00027543 seconds
plan limit 980
current timestep 133
num of flexible agents: 36
num of flexible tasks: 9
Solving time: 0.000300994 seconds
plan limit 980
current timestep 134
num of flexible agents: 35
num of flexible tasks: 9
Solving time: 0.000297558 seconds
plan limit 980
current timestep 135
num of flexible agents: 34
num of flexible tasks: 8
Solving time: 0.000257341 seconds
plan limit 980
current timestep 136
num of flexible agents: 34
num of flexible tasks: 6
Solving time: 0.000257279 seconds
plan limit 980
current timestep 137
num of flexible agents: 37
num of flexible tasks: 8
Solving time: 0.000252725 seconds
plan limit 980
current timestep 138
num of flexible agents: 35
num of flexible tasks: 8
Solving time: 0.00032163 seconds
plan limit 980
current timestep 139
num of flexible agents: 36
num of flexible tasks: 9
Solving time: 0.000294274 seconds
plan limit 980
current timestep 140
num of flexible agents: 35
num of flexible tasks: 9
Solving time: 0.000264138 seconds
plan limit 980
current timestep 141
num of flexible agents: 37
num of flexible tasks: 8
Solving time: 0.00026324 seconds
plan limit 980
current timestep 142
num of flexible agents: 36
num of flexible tasks: 8
Solving time: 0.000264821 seconds
plan limit 980
current timestep 143
num of flexible agents: 37
num of flexible tasks: 10
Solving time: 0.0002572 seconds
plan limit 980
current timestep 144
num of flexible agents: 36
num of flexible tasks: 10
Solving time: 0.00028617 seconds
plan limit 980
current timestep 145
num of flexible agents: 34
num of flexible tasks: 10
Solving time: 0.000290843 seconds
plan limit 980
current timestep 146
num of flexible agents: 36
num of flexible tasks: 11
Solving time: 0.000283432 seconds
plan limit 980
current timestep 147
num of flexible agents: 37
num of flexible tasks: 13
Solving time: 0.000300351 seconds
plan limit 980
current timestep 148
num of flexible agents: 36
num of flexible tasks: 12
Solving time: 0.000310962 seconds
plan limit 980
current timestep 149
num of flexible agents: 38
num of flexible tasks: 10
Solving time: 0.00025674 seconds
plan limit 980
current timestep 150
num of flexible agents: 40
num of flexible tasks: 10
Solving time: 0.00027276 seconds
plan limit 980
current timestep 151
num of flexible agents: 38
num of flexible tasks: 9
Solving time: 0.00028549 seconds
plan limit 980
current timestep 152
num of flexible agents: 39
num of flexible tasks: 8
Solving time: 0.000258772 seconds
plan limit 980
current timestep 153
num of flexible agents: 39
num of flexible tasks: 9
Solving time: 0.000293304 seconds
plan limit 980
current timestep 154
num of flexible agents: 39
num of flexible tasks: 10
Solving time: 0.000290373 seconds
plan limit 980
current timestep 155
num of flexible agents: 38
num of flexible tasks: 11
Solving time: 0.000291995 seconds
plan limit 980
current timestep 156
num of flexible agents: 36
num of flexible tasks: 10
Solving time: 0.000309745 seconds
plan limit 980
current timestep 157
num of flexible agents: 35
num of flexible tasks: 10
Solving time: 0.000348058 seconds
plan limit 980
current timestep 158
num of flexible agents: 36
num of flexible tasks: 12
Solving time: 0.000313126 seconds
plan limit 980
current timestep 159
num of flexible agents: 33
num of flexible tasks: 9
Solving time: 0.000286313 seconds
plan limit 980
current timestep 160
num of flexible agents: 34
num of flexible tasks: 10
Solving time: 0.000296418 seconds
plan limit 980
current timestep 161
num of flexible agents: 32
num of flexible tasks: 10
Solving time: 0.000280296 seconds
plan limit 980
current timestep 162
num of flexible agents: 33
num of flexible tasks: 9
Solving time: 0.000260845 seconds
plan limit 980
current timestep 163
num of flexible agents: 34
num of flexible tasks: 11
Solving time: 0.000307625 seconds
plan limit 980
current timestep 164
num of flexible agents: 33
num of flexible tasks: 10
Solving time: 0.000304512 seconds
plan limit 980
current timestep 165
num of flexible agents: 35
num of flexible tasks: 10
Solving time: 0.000276542 seconds
plan limit 980
current timestep 166
num of flexible agents: 33
num of flexible tasks: 8
Solving time: 0.000306053 seconds
plan limit 980
current timestep 167
num of flexible agents: 33
num of flexible tasks: 8
Solving time: 0.000260628 seconds
plan limit 980
current timestep 168
num of flexible agents: 32
num of flexible tasks: 8
Solving time: 0.000291308 seconds
plan limit 980
current timestep 169
num of flexible agents: 32
num of flexible tasks: 10
Solving time: 0.000280951 seconds
plan limit 980
current timestep 170
num of flexible agents: 36
num of flexible tasks: 10
Solving time: 0.000285626 seconds
plan limit 980
current timestep 171
num of flexible agents: 35
num of flexible tasks: 11
Solving time: 0.000283487 seconds
plan limit 980
current timestep 172
num of flexible agents: 33
num of flexible tasks: 11
Solving time: 0.000259052 seconds
plan limit 980
current timestep 173
num of flexible agents: 35
num of flexible tasks: 12
Solving time: 0.000294008 seconds
plan limit 980
current timestep 174
num of flexible agents: 35
num of flexible tasks: 13
Solving time: 0.000293639 seconds
plan limit 980
current timestep 175
num of flexible agents: 34
num of flexible tasks: 11
Solving time: 0.000291349 seconds
plan limit 980
current timestep 176
num of flexible agents: 35
num of flexible tasks: 11
Solving time: 0.000295325 seconds
plan limit 980
current timestep 177
num of flexible agents: 36
num of flexible tasks: 11
Solving time: 0.000318146 seconds
plan limit 980
current timestep 178
num of flexible agents: 39
num of flexible tasks: 10
Solving time: 0.000271324 seconds
plan limit 980
current timestep 179
num of flexible agents: 38
num of flexible tasks: 10
Solving time: 0.00030745 seconds
plan limit 980
current timestep 180
num of flexible agents: 41
num of flexible tasks: 10
Solving time: 0.000335182 seconds
plan limit 980
current timestep 181
num of flexible agents: 38
num of flexible tasks: 8
Solving time: 0.000256694 seconds
plan limit 980
current timestep 182
num of flexible agents: 39
num of flexible tasks: 9
Solving time: 0.00023423 seconds
plan limit 980
current timestep 183
num of flexible agents: 40
num of flexible tasks: 8
Solving time: 0.000266105 seconds
plan limit 980
current timestep 184
num of flexible agents: 37
num of flexible tasks: 7
Solving time: 0.000249373 seconds
plan limit 980
current timestep 185
num of flexible agents: 35
num of flexible tasks: 7
Solving time: 0.000269947 seconds
plan limit 980
current timestep 186
num of flexible agents: 37
num of flexible tasks: 9
Solving time: 0.000256633 seconds
plan limit 980
current timestep 187
num of flexible agents: 38
num of flexible tasks: 10
Solving time: 0.000258461 seconds
plan limit 980
current timestep 188
num of flexible agents: 35
num of flexible tasks: 7
Solving time: 0.000267975 seconds
plan limit 980
current timestep 189
num of flexible agents: 35
num of flexible tasks: 7
Solving time: 0.000263195 seconds
plan limit 980
current timestep 190
num of flexible agents: 36
num of flexible tasks: 6
Solving time: 0.000277739 seconds
plan limit 980
current timestep 191
num of flexible agents: 36
num of flexible tasks: 6
Solving time: 0.000250841 seconds
plan limit 980
current timestep 192
num of flexible agents: 36
num of flexible tasks: 7
Solving time: 0.00024798 seconds
plan limit 980
current timestep 193
num of flexible agents: 37
num of flexible tasks: 8
Solving time: 0.000257125 seconds
plan limit 980
current timestep 194
num of flexible agents: 36
num of flexible tasks: 7
Solving time: 0.000241835 seconds
plan limit 980
current timestep 195
num of flexible agents: 37
num of flexible tasks: 8
Solving time: 0.000257344 seconds
plan limit 980
current timestep 196
num of flexible agents: 38
num of flexible tasks: 9
Solving time: 0.000273721 seconds
plan limit 980
current timestep 197
num of flexible agents: 35
num of flexible tasks: 8
Solving time: 0.000295118 seconds
plan limit 980
current timestep 198
num of flexible agents: 38
num of flexible tasks: 9
Solving time: 0.000264197 seconds
plan limit 980
current timestep 199
num of flexible agents: 35
num of flexible tasks: 6
Solving time: 0.000276712 seconds
plan limit 980
current timestep 200
num of flexible agents: 38
num of flexible tasks: 8
Solving time: 0.000279657 seconds
plan limit 980
current timestep 201
num of flexible agents: 36
num of flexible tasks: 8
Solving time: 0.000275105 seconds
plan limit 980
current timestep 202
num of flexible agents: 36
num of flexible tasks: 9
Solving time: 0.000272619 seconds
plan limit 980
current timestep 203
num of flexible agents: 34
num of flexible tasks: 6
Solving time: 0.000299847 seconds
plan limit 980
current timestep 204
num of flexible agents: 37
num of flexible tasks: 7
Solving time: 0.00024989 seconds
plan limit 980
current timestep 205
num of flexible agents: 34
num of flexible tasks: 6
Solving time: 0.000277267 seconds
plan limit 980
current timestep 206
num of flexible agents: 34
num of flexible tasks: 7
Solving time: 0.000255155 seconds
plan limit 980
current timestep 207
num of flexible agents: 35
num of flexible tasks: 9
Solving time: 0.000310841 seconds
plan limit 980
current timestep 208
num of flexible agents: 34
num of flexible tasks: 10
Solving time: 0.000275914 seconds
plan limit 980
current timestep 209
num of flexible agents: 36
num of flexible tasks: 12
Solving time: 0.000324095 seconds
plan limit 980
current timestep 210
num of flexible agents: 35
num of flexible tasks: 11
Solving time: 0.000323513 seconds
plan limit 980
current timestep 211
num of flexible agents: 34
num of flexible tasks: 10
Solving time: 0.000343599 seconds
plan limit 980
current timestep 212
num of flexible agents: 35
num of flexible tasks: 11
Solving time: 0.000279496 seconds
plan limit 980
current timestep 213
num of flexible agents: 39
num of flexible tasks: 11
Solving time: 0.00025206 seconds
plan limit 980
current timestep 214
num of flexible agents: 36
num of flexible tasks: 8
Solving time: 0.000270918 seconds
plan limit 980
current timestep 215
num of flexible agents: 41
num of flexible tasks: 10
Solving time: 0.000252885 seconds
plan limit 980
current timestep 216
num of flexible agents: 40
num of flexible tasks: 10
Solving time: 0.000272633 seconds
plan limit 980
current timestep 217
num of flexible agents: 38
num of flexible tasks: 8
Solving time: 0.000243273 seconds
plan limit 980
current timestep 218
num of flexible agents: 38
num of flexible tasks: 6
Solving time: 0.000211225 seconds
plan limit 980
current timestep 219
num of flexible agents: 36
num of flexible tasks: 6
Solving time: 0.000242813 seconds
plan limit 980
current timestep 220
num of flexible agents: 35
num of flexible tasks: 7
Solving time: 0.000232746 seconds
plan limit 980
current timestep 221
num of flexible agents: 35
num of flexible tasks: 7
Solving time: 0.000255857 seconds
plan limit 980
current timestep 222
num of flexible agents: 36
num of flexible tasks: 8
Solving time: 0.000268259 seconds
plan limit 980
current timestep 223
num of flexible agents: 37
num of flexible tasks: 7
Solving time: 0.000233668 seconds
plan limit 980
current timestep 224
num of flexible agents: 37
num of flexible tasks: 8
Solving time: 0.000257896 seconds
plan limit 980
current timestep 225
num of flexible agents: 31
num of flexible tasks: 4
Solving time: 0.000248037 seconds
plan limit 980
current timestep 226
num of flexible agents: 35
num of flexible tasks: 5
Solving time: 0.000268772 seconds
plan limit 980
current timestep 227
num of flexible agents: 35
num of flexible tasks: 6
Solving time: 0.000262027 seconds
plan limit 980
current timestep 228
num of flexible agents: 33
num of flexible tasks: 6
Solving time: 0.000284324 seconds
plan limit 980
current timestep 229
num of flexible agents: 35
num of flexible tasks: 8
Solving time: 0.000294003 seconds
plan limit 980
current timestep 230
num of flexible agents: 36
num of flexible tasks: 8
Solving time: 0.000285359 seconds
plan limit 980
current timestep 231
num of flexible agents: 38
num of flexible tasks: 9
Solving time: 0.000243409 seconds
plan limit 980
current timestep 232
num of flexible agents: 38
num of flexible tasks: 9
Solving time: 0.000271792 seconds
plan limit 980
current timestep 233
num of flexible agents: 37
num of flexible tasks: 8
Solving time: 0.000269587 seconds
plan limit 980
current timestep 234
num of flexible agents: 38
num of flexible tasks: 9
Solving time: 0.000259671 seconds
plan limit 980
current timestep 235
num of flexible agents: 39
num of flexible tasks: 10
Solving time: 0.000303016 seconds
plan limit 980
current timestep 236
num of flexible agents: 41
num of flexible tasks: 11
Solving time: 0.000260934 seconds
plan limit 980
current timestep 237
num of flexible agents: 40
num of flexible tasks: 10
Solving time: 0.00024598 seconds
plan limit 980
current timestep 238
num of flexible agents: 40
num of flexible tasks: 9
Solving time: 0.000276869 seconds
plan limit 980
current timestep 239
num of flexible agents: 43
num of flexible tasks: 8
Solving time: 0.000246862 seconds
plan limit 980
current timestep 240
num of flexible agents: 46
num of flexible tasks: 8
Solving time: 0.000296918 seconds
plan limit 980
current timestep 241
num of flexible agents: 47
num of flexible tasks: 9
Solving time: 0.000272617 seconds
plan limit 980
current timestep 242
num of flexible agents: 46
num of flexible tasks: 6
Solving time: 0.000240468 seconds
plan limit 980
current timestep 243
num of flexible agents: 46
num of flexible tasks: 7
Solving time: 0.00027576 seconds
plan limit 980
current timestep 244
num of flexible agents: 46
num of flexible tasks: 9
Solving time: 0.000278691 seconds
plan limit 980
current timestep 245
num of flexible agents: 42
num of flexible tasks: 7
Solving time: 0.00027157 seconds
plan limit 980
current timestep 246
num of flexible agents: 45
num of flexible tasks: 7
Solving time: 0.00026461 seconds
plan limit 980
current timestep 247
num of flexible agents: 45
num of flexible tasks: 8
Solving time: 0.000295243 seconds
plan limit 980
current timestep 248
num of flexible agents: 46
num of flexible tasks: 7
Solving time: 0.000225859 seconds
plan limit 980
current timestep 249
num of flexible agents: 43
num of flexible tasks: 5
Solving time: 0.000225556 seconds
plan limit 980
current timestep 250
num of flexible agents: 43
num of flexible tasks: 3
Solving time: 0.000219691 seconds
plan limit 980
current timestep 251
num of flexible agents: 46
num of flexible tasks: 3
Solving time: 0.000252296 seconds
plan limit 980
current timestep 252
num of flexible agents: 45
num of flexible tasks: 1
Solving time: 0.000238001 seconds
plan limit 980
current timestep 253
num of flexible agents: 45
num of flexible tasks: 1
Solving time: 0.000259958 seconds
plan limit 980
current timestep 254
num of flexible agents: 46
num of flexible tasks: 1
Solving time: 0.000247632 seconds
plan limit 980
current timestep 255
num of flexible agents: 47
num of flexible tasks: 1
Solving time: 0.000244464 seconds
plan limit 980
current timestep 256
num of flexible agents: 48
num of flexible tasks: 0
Solving time: 0.000230169 seconds
plan limit 980
current timestep 257
num of flexible agents: 49
num of flexible tasks: 0
Solving time: 0.000216297 seconds
plan limit 980
current timestep 258
num of flexible agents: 53
num of flexible tasks: 0
Solving time: 0.00020464 seconds
plan limit 980
current timestep 259
num of flexible agents: 53
num of flexible tasks: 0
Solving time: 0.00023043 seconds
plan limit 980
current timestep 260
num of flexible agents: 56
num of flexible tasks: 0
Solving time: 0.00021687 seconds
plan limit 980
current timestep 261
num of flexible agents: 56
num of flexible tasks: 0
Solving time: 0.000232539 seconds
plan limit 980
current timestep 262
num of flexible agents: 58
num of flexible tasks: 0
Solving time: 0.000211421 seconds
plan limit 980
current timestep 263
num of flexible agents: 59
num of flexible tasks: 0
Solving time: 0.000203836 seconds
plan limit 980
current timestep 264
num of flexible agents: 59
num of flexible tasks: 0
Solving time: 0.000207243 seconds
plan limit 980
current timestep 265
num of flexible agents: 59
num of flexible tasks: 0
Solving time: 0.000229373 seconds
plan limit 980
current timestep 266
num of flexible agents: 59
num of flexible tasks: 0
Solving time: 0.000220823 seconds
plan limit 980
current timestep 267
num of flexible agents: 63
num of flexible tasks: 0
Solving time: 0.000208089 seconds
plan limit 980
current timestep 268
num of flexible agents: 63
num of flexible tasks: 0
Solving time: 0.000239625 seconds
plan limit 980
current timestep 269
num of flexible agents: 64
num of flexible tasks: 0
Solving time: 0.000226172 seconds
plan limit 980
current timestep 270
num of flexible agents: 67
num of flexible tasks: 0
Solving time: 0.000201484 seconds
plan limit 980
current timestep 271
num of flexible agents: 68
num of flexible tasks: 0
Solving time: 0.000219035 seconds
plan limit 980
current timestep 272
num of flexible agents: 68
num of flexible tasks: 0
Solving time: 0.000209215 seconds
plan limit 980
current timestep 273
num of flexible agents: 70
num of flexible tasks: 0
Solving time: 0.000217259 seconds
plan limit 980
current timestep 274
num of flexible agents: 72
num of flexible tasks: 0
Solving time: 0.000232888 seconds
plan limit 980
current timestep 275
num of flexible agents: 73
num of flexible tasks: 0
Solving time: 0.000218528 seconds
plan limit 980
current timestep 276
num of flexible agents: 73
num of flexible tasks: 0
Solving time: 0.000212005 seconds
plan limit 980
current timestep 277
num of flexible agents: 74
num of flexible tasks: 0
Solving time: 0.000236514 seconds
plan limit 980
current timestep 278
num of flexible agents: 76
num of flexible tasks: 0
Solving time: 0.0002415 seconds
plan limit 980
current timestep 279
num of flexible agents: 77
num of flexible tasks: 0
Solving time: 0.000215566 seconds
plan limit 980
current timestep 280
num of flexible agents: 77
num of flexible tasks: 0
Solving time: 0.000223766 seconds
plan limit 980
current timestep 281
num of flexible agents: 77
num of flexible tasks: 0
Solving time: 0.000210276 seconds
plan limit 980
current timestep 282
num of flexible agents: 77
num of flexible tasks: 0
Solving time: 0.000218927 seconds
plan limit 980
current timestep 283
num of flexible agents: 77
num of flexible tasks: 0
Solving time: 0.000233059 seconds
plan limit 980
current timestep 284
num of flexible agents: 77
num of flexible tasks: 0
Solving time: 0.000210996 seconds
plan limit 980
current timestep 285
num of flexible agents: 77
num of flexible tasks: 0
Solving time: 0.000196559 seconds
plan limit 980
current timestep 286
num of flexible agents: 78
num of flexible tasks: 0
Solving time: 0.000215136 seconds
plan limit 980
current timestep 287
num of flexible agents: 78
num of flexible tasks: 0
Solving time: 0.000210384 seconds
plan limit 980
current timestep 288
num of flexible agents: 78
num of flexible tasks: 0
Solving time: 0.000217138 seconds
plan limit 980
current timestep 289
num of flexible agents: 79
num of flexible tasks: 0
Solving time: 0.000209587 seconds
plan limit 980
current timestep 290
num of flexible agents: 79
num of flexible tasks: 0
Solving time: 0.000225035 seconds
plan limit 980
current timestep 291
num of flexible agents: 79
num of flexible tasks: 0
Solving time: 0.000215788 seconds
plan limit 980
current timestep 292
num of flexible agents: 79
num of flexible tasks: 0
Solving time: 0.000217811 seconds
plan limit 980
All tasks finished at timestep 293
