current timestep 0
num of flexible agents: 80
num of flexible tasks: 2
Solving time: 0.000338377 seconds
plan limit 980
current timestep 1
num of flexible agents: 79
num of flexible tasks: 3
Solving time: 0.000357792 seconds
plan limit 980
current timestep 2
num of flexible agents: 79
num of flexible tasks: 5
Solving time: 0.000294696 seconds
plan limit 980
current timestep 3
num of flexible agents: 79
num of flexible tasks: 7
Solving time: 0.000288973 seconds
plan limit 980
current timestep 4
num of flexible agents: 78
num of flexible tasks: 8
Solving time: 0.000295444 seconds
plan limit 980
current timestep 5
num of flexible agents: 77
num of flexible tasks: 9
Solving time: 0.000340455 seconds
plan limit 980
current timestep 6
num of flexible agents: 75
num of flexible tasks: 9
Solving time: 0.000311204 seconds
plan limit 980
current timestep 7
num of flexible agents: 74
num of flexible tasks: 10
Solving time: 0.000357998 seconds
plan limit 980
current timestep 8
num of flexible agents: 73
num of flexible tasks: 11
Solving time: 0.000327279 seconds
plan limit 980
current timestep 9
num of flexible agents: 71
num of flexible tasks: 11
Solving time: 0.000316004 seconds
plan limit 980
current timestep 10
num of flexible agents: 70
num of flexible tasks: 12
Solving time: 0.00035952 seconds
plan limit 980
current timestep 11
num of flexible agents: 68
num of flexible tasks: 12
Solving time: 0.000317245 seconds
plan limit 980
current timestep 12
num of flexible agents: 64
num of flexible tasks: 9
Solving time: 0.000363165 seconds
plan limit 980
current timestep 13
num of flexible agents: 62
num of flexible tasks: 9
Solving time: 0.000282685 seconds
plan limit 980
current timestep 14
num of flexible agents: 61
num of flexible tasks: 10
Solving time: 0.000333201 seconds
plan limit 980
current timestep 15
num of flexible agents: 61
num of flexible tasks: 11
Solving time: 0.000384614 seconds
plan limit 980
current timestep 16
num of flexible agents: 60
num of flexible tasks: 11
Solving time: 0.000351967 seconds
plan limit 980
current timestep 17
num of flexible agents: 57
num of flexible tasks: 10
Solving time: 0.000327689 seconds
plan limit 980
current timestep 18
num of flexible agents: 56
num of flexible tasks: 10
Solving time: 0.000356156 seconds
plan limit 980
current timestep 19
num of flexible agents: 59
num of flexible tasks: 12
Solving time: 0.000394584 seconds
plan limit 980
current timestep 20
num of flexible agents: 58
num of flexible tasks: 12
Solving time: 0.000388381 seconds
plan limit 980
current timestep 21
num of flexible agents: 58
num of flexible tasks: 12
Solving time: 0.000395682 seconds
plan limit 980
current timestep 22
num of flexible agents: 59
num of flexible tasks: 14
Solving time: 0.000356745 seconds
plan limit 980
current timestep 23
num of flexible agents: 57
num of flexible tasks: 13
Solving time: 0.000293564 seconds
plan limit 980
current timestep 24
num of flexible agents: 57
num of flexible tasks: 15
Solving time: 0.00035823 seconds
plan limit 980
current timestep 25
num of flexible agents: 55
num of flexible tasks: 15
Solving time: 0.000387745 seconds
plan limit 980
current timestep 26
num of flexible agents: 56
num of flexible tasks: 16
Solving time: 0.000345912 seconds
plan limit 980
current timestep 27
num of flexible agents: 54
num of flexible tasks: 16
Solving time: 0.000402207 seconds
plan limit 980
current timestep 28
num of flexible agents: 54
num of flexible tasks: 18
Solving time: 0.000433431 seconds
plan limit 980
current timestep 29
num of flexible agents: 54
num of flexible tasks: 17
Solving time: 0.000361916 seconds
plan limit 980
current timestep 30
num of flexible agents: 53
num of flexible tasks: 16
Solving time: 0.000380875 seconds
plan limit 980
current timestep 31
num of flexible agents: 53
num of flexible tasks: 17
Solving time: 0.000377727 seconds
plan limit 980
current timestep 32
num of flexible agents: 54
num of flexible tasks: 19
Solving time: 0.000353199 seconds
plan limit 980
current timestep 33
num of flexible agents: 54
num of flexible tasks: 19
Solving time: 0.000337899 seconds
plan limit 980
current timestep 34
num of flexible agents: 51
num of flexible tasks: 16
Solving time: 0.000300416 seconds
plan limit 980
current timestep 35
num of flexible agents: 45
num of flexible tasks: 11
Solving time: 0.000296838 seconds
plan limit 980
current timestep 36
num of flexible agents: 47
num of flexible tasks: 12
Solving time: 0.000313332 seconds
plan limit 980
current timestep 37
num of flexible agents: 44
num of flexible tasks: 11
Solving time: 0.000325306 seconds
plan limit 980
current timestep 38
num of flexible agents: 42
num of flexible tasks: 11
Solving time: 0.000287931 seconds
plan limit 980
current timestep 39
num of flexible agents: 41
num of flexible tasks: 12
Solving time: 0.000290233 seconds
plan limit 980
current timestep 40
num of flexible agents: 42
num of flexible tasks: 13
Solving time: 0.000315114 seconds
plan limit 980
current timestep 41
num of flexible agents: 41
num of flexible tasks: 13
Solving time: 0.000339915 seconds
plan limit 980
current timestep 42
num of flexible agents: 41
num of flexible tasks: 13
Solving time: 0.000269805 seconds
plan limit 980
current timestep 43
num of flexible agents: 40
num of flexible tasks: 11
Solving time: 0.000263785 seconds
plan limit 980
current timestep 44
num of flexible agents: 41
num of flexible tasks: 12
Solving time: 0.000262648 seconds
plan limit 980
current timestep 45
num of flexible agents: 38
num of flexible tasks: 8
Solving time: 0.000275549 seconds
plan limit 980
current timestep 46
num of flexible agents: 38
num of flexible tasks: 10
Solving time: 0.000282215 seconds
plan limit 980
current timestep 47
num of flexible agents: 35
num of flexible tasks: 9
Solving time: 0.000280048 seconds
plan limit 980
current timestep 48
num of flexible agents: 34
num of flexible tasks: 9
Solving time: 0.000290078 seconds
plan limit 980
current timestep 49
num of flexible agents: 33
num of flexible tasks: 10
Solving time: 0.000303728 seconds
plan limit 980
current timestep 50
num of flexible agents: 34
num of flexible tasks: 11
Solving time: 0.000318578 seconds
plan limit 980
current timestep 51
num of flexible agents: 36
num of flexible tasks: 12
Solving time: 0.000331983 seconds
plan limit 980
current timestep 52
num of flexible agents: 38
num of flexible tasks: 13
Solving time: 0.000317718 seconds
plan limit 980
current timestep 53
num of flexible agents: 40
num of flexible tasks: 14
Solving time: 0.000268775 seconds
plan limit 980
current timestep 54
num of flexible agents: 40
num of flexible tasks: 13
Solving time: 0.000283986 seconds
plan limit 980
current timestep 55
num of flexible agents: 40
num of flexible tasks: 12
Solving time: 0.000285521 seconds
plan limit 980
current timestep 56
num of flexible agents: 37
num of flexible tasks: 9
Solving time: 0.000287489 seconds
plan limit 980
current timestep 57
num of flexible agents: 34
num of flexible tasks: 8
Solving time: 0.000327854 seconds
plan limit 980
current timestep 58
num of flexible agents: 40
num of flexible tasks: 9
Solving time: 0.000288986 seconds
plan limit 980
current timestep 59
num of flexible agents: 38
num of flexible tasks: 8
Solving time: 0.000253326 seconds
plan limit 980
current timestep 60
num of flexible agents: 36
num of flexible tasks: 8
Solving time: 0.000249848 seconds
plan limit 980
current timestep 61
num of flexible agents: 34
num of flexible tasks: 7
Solving time: 0.000266093 seconds
plan limit 980
current timestep 62
num of flexible agents: 37
num of flexible tasks: 8
Solving time: 0.000272698 seconds
plan limit 980
current timestep 63
num of flexible agents: 39
num of flexible tasks: 9
Solving time: 0.000287892 seconds
plan limit 980
current timestep 64
num of flexible agents: 39
num of flexible tasks: 8
Solving time: 0.000287809 seconds
plan limit 980
current timestep 65
num of flexible agents: 38
num of flexible tasks: 6
Solving time: 0.000258655 seconds
plan limit 980
current timestep 66
num of flexible agents: 38
num of flexible tasks: 6
Solving time: 0.000252201 seconds
plan limit 980
current timestep 67
num of flexible agents: 41
num of flexible tasks: 8
Solving time: 0.000250068 seconds
plan limit 980
current timestep 68
num of flexible agents: 42
num of flexible tasks: 10
Solving time: 0.000272057 seconds
plan limit 980
current timestep 69
num of flexible agents: 42
num of flexible tasks: 10
Solving time: 0.000268872 seconds
plan limit 980
current timestep 70
num of flexible agents: 39
num of flexible tasks: 9
Solving time: 0.000265666 seconds
plan limit 980
current timestep 71
num of flexible agents: 39
num of flexible tasks: 8
Solving time: 0.000255424 seconds
plan limit 980
current timestep 72
num of flexible agents: 41
num of flexible tasks: 9
Solving time: 0.000269481 seconds
plan limit 980
current timestep 73
num of flexible agents: 42
num of flexible tasks: 10
Solving time: 0.00027139 seconds
plan limit 980
current timestep 74
num of flexible agents: 42
num of flexible tasks: 11
Solving time: 0.000251043 seconds
plan limit 980
current timestep 75
num of flexible agents: 39
num of flexible tasks: 10
Solving time: 0.000254617 seconds
plan limit 980
current timestep 76
num of flexible agents: 36
num of flexible tasks: 9
Solving time: 0.000274817 seconds
plan limit 980
current timestep 77
num of flexible agents: 35
num of flexible tasks: 8
Solving time: 0.000282162 seconds
plan limit 980
current timestep 78
num of flexible agents: 34
num of flexible tasks: 8
Solving time: 0.000286986 seconds
plan limit 980
current timestep 79
num of flexible agents: 34
num of flexible tasks: 9
Solving time: 0.000292346 seconds
plan limit 980
current timestep 80
num of flexible agents: 32
num of flexible tasks: 9
Solving time: 0.00028797 seconds
plan limit 980
current timestep 81
num of flexible agents: 30
num of flexible tasks: 9
Solving time: 0.000282655 seconds
plan limit 980
current timestep 82
num of flexible agents: 32
num of flexible tasks: 10
Solving time: 0.000305678 seconds
plan limit 980
current timestep 83
num of flexible agents: 32
num of flexible tasks: 11
Solving time: 0.000308757 seconds
plan limit 980
current timestep 84
num of flexible agents: 34
num of flexible tasks: 12
Solving time: 0.000284241 seconds
plan limit 980
current timestep 85
num of flexible agents: 34
num of flexible tasks: 13
Solving time: 0.000305257 seconds
plan limit 980
current timestep 86
num of flexible agents: 34
num of flexible tasks: 11
Solving time: 0.000268232 seconds
plan limit 980
current timestep 87
num of flexible agents: 32
num of flexible tasks: 9
Solving time: 0.000297906 seconds
plan limit 980
current timestep 88
num of flexible agents: 34
num of flexible tasks: 10
Solving time: 0.000282881 seconds
plan limit 980
current timestep 89
num of flexible agents: 35
num of flexible tasks: 10
Solving time: 0.000317218 seconds
plan limit 980
current timestep 90
num of flexible agents: 32
num of flexible tasks: 9
Solving time: 0.000296539 seconds
plan limit 980
current timestep 91
num of flexible agents: 32
num of flexible tasks: 9
Solving time: 0.000325188 seconds
plan limit 980
current timestep 92
num of flexible agents: 35
num of flexible tasks: 9
Solving time: 0.00026388 seconds
plan limit 980
current timestep 93
num of flexible agents: 38
num of flexible tasks: 11
Solving time: 0.000279362 seconds
plan limit 980
current timestep 94
num of flexible agents: 37
num of flexible tasks: 10
Solving time: 0.000294274 seconds
plan limit 980
current timestep 95
num of flexible agents: 34
num of flexible tasks: 8
Solving time: 0.000251656 seconds
plan limit 980
current timestep 96
num of flexible agents: 34
num of flexible tasks: 9
Solving time: 0.000272877 seconds
plan limit 980
current timestep 97
num of flexible agents: 32
num of flexible tasks: 9
Solving time: 0.000277859 seconds
plan limit 980
current timestep 98
num of flexible agents: 30
num of flexible tasks: 7
Solving time: 0.000255774 seconds
plan limit 980
current timestep 99
num of flexible agents: 31
num of flexible tasks: 9
Solving time: 0.000274693 seconds
plan limit 980
current timestep 100
num of flexible agents: 32
num of flexible tasks: 9
Solving time: 0.000283484 seconds
plan limit 980
current timestep 101
num of flexible agents: 31
num of flexible tasks: 6
Solving time: 0.000255812 seconds
plan limit 980
current timestep 102
num of flexible agents: 32
num of flexible tasks: 6
Solving time: 0.00027972 seconds
plan limit 980
current timestep 103
num of flexible agents: 30
num of flexible tasks: 6
Solving time: 0.000261602 seconds
plan limit 980
current timestep 104
num of flexible agents: 29
num of flexible tasks: 7
Solving time: 0.000274559 seconds
plan limit 980
current timestep 105
num of flexible agents: 31
num of flexible tasks: 8
Solving time: 0.000283861 seconds
plan limit 980
current timestep 106
num of flexible agents: 37
num of flexible tasks: 10
Solving time: 0.000259477 seconds
plan limit 980
current timestep 107
num of flexible agents: 35
num of flexible tasks: 10
Solving time: 0.000268582 seconds
plan limit 980
current timestep 108
num of flexible agents: 34
num of flexible tasks: 10
Solving time: 0.000284825 seconds
plan limit 980
current timestep 109
num of flexible agents: 33
num of flexible tasks: 8
Solving time: 0.000294736 seconds
plan limit 980
current timestep 110
num of flexible agents: 33
num of flexible tasks: 8
Solving time: 0.000296876 seconds
plan limit 980
current timestep 111
num of flexible agents: 32
num of flexible tasks: 6
Solving time: 0.000293292 seconds
plan limit 980
current timestep 112
num of flexible agents: 36
num of flexible tasks: 8
Solving time: 0.000242138 seconds
plan limit 980
current timestep 113
num of flexible agents: 35
num of flexible tasks: 8
Solving time: 0.000279212 seconds
plan limit 980
current timestep 114
num of flexible agents: 34
num of flexible tasks: 8
Solving time: 0.000282939 seconds
plan limit 980
current timestep 115
num of flexible agents: 32
num of flexible tasks: 8
Solving time: 0.000277412 seconds
plan limit 980
current timestep 116
num of flexible agents: 32
num of flexible tasks: 9
Solving time: 0.000256059 seconds
plan limit 980
current timestep 117
num of flexible agents: 28
num of flexible tasks: 6
Solving time: 0.000273808 seconds
plan limit 980
current timestep 118
num of flexible agents: 30
num of flexible tasks: 5
Solving time: 0.000253671 seconds
plan limit 980
current timestep 119
num of flexible agents: 30
num of flexible tasks: 6
Solving time: 0.000236647 seconds
plan limit 980
current timestep 120
num of flexible agents: 34
num of flexible tasks: 8
Solving time: 0.000263879 seconds
plan limit 980
current timestep 121
num of flexible agents: 37
num of flexible tasks: 9
Solving time: 0.000242787 seconds
plan limit 980
current timestep 122
num of flexible agents: 35
num of flexible tasks: 6
Solving time: 0.000263425 seconds
plan limit 980
current timestep 123
num of flexible agents: 34
num of flexible tasks: 6
Solving time: 0.000258183 seconds
plan limit 980
current timestep 124
num of flexible agents: 32
num of flexible tasks: 5
Solving time: 0.000253474 seconds
plan limit 980
current timestep 125
num of flexible agents: 35
num of flexible tasks: 6
Solving time: 0.000259871 seconds
plan limit 980
current timestep 126
num of flexible agents: 35
num of flexible tasks: 7
Solving time: 0.000252271 seconds
plan limit 980
current timestep 127
num of flexible agents: 32
num of flexible tasks: 5
Solving time: 0.000221577 seconds
plan limit 980
current timestep 128
num of flexible agents: 32
num of flexible tasks: 5
Solving time: 0.000268439 seconds
plan limit 980
current timestep 129
num of flexible agents: 32
num of flexible tasks: 5
Solving time: 0.000279763 seconds
plan limit 980
current timestep 130
num of flexible agents: 32
num of flexible tasks: 6
Solving time: 0.000280718 seconds
plan limit 980
current timestep 131
num of flexible agents: 33
num of flexible tasks: 8
Solving time: 0.000255724 seconds
plan limit 980
current timestep 132
num of flexible agents: 34
num of flexible tasks: 7
Solving time: 0.000237391 seconds
plan limit 980
current timestep 133
num of flexible agents: 35
num of flexible tasks: 9
Solving time: 0.000257488 seconds
plan limit 980
current timestep 134
num of flexible agents: 39
num of flexible tasks: 9
Solving time: 0.000226224 seconds
plan limit 980
current timestep 135
num of flexible agents: 36
num of flexible tasks: 7
Solving time: 0.000225715 seconds
plan limit 980
current timestep 136
num of flexible agents: 38
num of flexible tasks: 6
Solving time: 0.000276484 seconds
plan limit 980
current timestep 137
num of flexible agents: 40
num of flexible tasks: 7
Solving time: 0.000226548 seconds
plan limit 980
current timestep 138
num of flexible agents: 39
num of flexible tasks: 6
Solving time: 0.000254961 seconds
plan limit 980
current timestep 139
num of flexible agents: 37
num of flexible tasks: 5
Solving time: 0.000258574 seconds
plan limit 980
current timestep 140
num of flexible agents: 39
num of flexible tasks: 7
Solving time: 0.000256167 seconds
plan limit 980
current timestep 141
num of flexible agents: 38
num of flexible tasks: 7
Solving time: 0.00026415 seconds
plan limit 980
current timestep 142
num of flexible agents: 38
num of flexible tasks: 7
Solving time: 0.000271146 seconds
plan limit 980
current timestep 143
num of flexible agents: 36
num of flexible tasks: 6
Solving time: 0.000255616 seconds
plan limit 980
current timestep 144
num of flexible agents: 36
num of flexible tasks: 6
Solving time: 0.000246084 seconds
plan limit 980
current timestep 145
num of flexible agents: 38
num of flexible tasks: 6
Solving time: 0.000251545 seconds
plan limit 980
current timestep 146
num of flexible agents: 39
num of flexible tasks: 7
Solving time: 0.000280002 seconds
plan limit 980
current timestep 147
num of flexible agents: 37
num of flexible tasks: 6
Solving time: 0.000314617 seconds
plan limit 980
current timestep 148
num of flexible agents: 37
num of flexible tasks: 7
Solving time: 0.000258424 seconds
plan limit 980
current timestep 149
num of flexible agents: 37
num of flexible tasks: 8
Solving time: 0.000275328 seconds
plan limit 980
current timestep 150
num of flexible agents: 38
num of flexible tasks: 9
Solving time: 0.000300506 seconds
plan limit 980
current timestep 151
num of flexible agents: 41
num of flexible tasks: 11
Solving time: 0.000278359 seconds
plan limit 980
current timestep 152
num of flexible agents: 38
num of flexible tasks: 10
Solving time: 0.000278615 seconds
plan limit 980
current timestep 153
num of flexible agents: 38
num of flexible tasks: 10
Solving time: 0.000306791 seconds
plan limit 980
current timestep 154
num of flexible agents: 37
num of flexible tasks: 8
Solving time: 0.000284606 seconds
plan limit 980
current timestep 155
num of flexible agents: 37
num of flexible tasks: 8
Solving time: 0.000272017 seconds
plan limit 980
current timestep 156
num of flexible agents: 35
num of flexible tasks: 7
Solving time: 0.000314476 seconds
plan limit 980
current timestep 157
num of flexible agents: 38
num of flexible tasks: 8
Solving time: 0.00028477 seconds
plan limit 980
current timestep 158
num of flexible agents: 39
num of flexible tasks: 9
Solving time: 0.000263247 seconds
plan limit 980
current timestep 159
num of flexible agents: 42
num of flexible tasks: 11
Solving time: 0.000252186 seconds
plan limit 980
current timestep 160
num of flexible agents: 42
num of flexible tasks: 11
Solving time: 0.000271627 seconds
plan limit 980
current timestep 161
num of flexible agents: 41
num of flexible tasks: 10
Solving time: 0.000322684 seconds
plan limit 980
current timestep 162
num of flexible agents: 43
num of flexible tasks: 11
Solving time: 0.000267782 seconds
plan limit 980
current timestep 163
num of flexible agents: 40
num of flexible tasks: 9
Solving time: 0.000255554 seconds
plan limit 980
current timestep 164
num of flexible agents: 42
num of flexible tasks: 10
Solving time: 0.000288705 seconds
plan limit 980
current timestep 165
num of flexible agents: 42
num of flexible tasks: 12
Solving time: 0.000274939 seconds
plan limit 980
current timestep 166
num of flexible agents: 40
num of flexible tasks: 11
Solving time: 0.000277582 seconds
plan limit 980
current timestep 167
num of flexible agents: 40
num of flexible tasks: 11
Solving time: 0.000313829 seconds
plan limit 980
current timestep 168
num of flexible agents: 38
num of flexible tasks: 10
Solving time: 0.000250185 seconds
plan limit 980
current timestep 169
num of flexible agents: 41
num of flexible tasks: 11
Solving time: 0.000267453 seconds
plan limit 980
current timestep 170
num of flexible agents: 41
num of flexible tasks: 12
Solving time: 0.000321349 seconds
plan limit 980
current timestep 171
num of flexible agents: 42
num of flexible tasks: 11
Solving time: 0.000243606 seconds
plan limit 980
current timestep 172
num of flexible agents: 39
num of flexible tasks: 7
Solving time: 0.000283244 seconds
plan limit 980
current timestep 173
num of flexible agents: 40
num of flexible tasks: 8
Solving time: 0.000276767 seconds
plan limit 980
current timestep 174
num of flexible agents: 41
num of flexible tasks: 8
Solving time: 0.000264063 seconds
plan limit 980
current timestep 175
num of flexible agents: 38
num of flexible tasks: 6
Solving time: 0.000292086 seconds
plan limit 980
current timestep 176
num of flexible agents: 38
num of flexible tasks: 7
Solving time: 0.000282517 seconds
plan limit 980
current timestep 177
num of flexible agents: 40
num of flexible tasks: 8
Solving time: 0.000279487 seconds
plan limit 980
current timestep 178
num of flexible agents: 39
num of flexible tasks: 8
Solving time: 0.000287637 seconds
plan limit 980
current timestep 179
num of flexible agents: 38
num of flexible tasks: 9
Solving time: 0.000266516 seconds
plan limit 980
current timestep 180
num of flexible agents: 39
num of flexible tasks: 9
Solving time: 0.000261028 seconds
plan limit 980
current timestep 181
num of flexible agents: 40
num of flexible tasks: 9
Solving time: 0.000293124 seconds
plan limit 980
current timestep 182
num of flexible agents: 40
num of flexible tasks: 11
Solving time: 0.00031148 seconds
plan limit 980
current timestep 183
num of flexible agents: 38
num of flexible tasks: 9
Solving time: 0.000254473 seconds
plan limit 980
current timestep 184
num of flexible agents: 37
num of flexible tasks: 8
Solving time: 0.000259935 seconds
plan limit 980
current timestep 185
num of flexible agents: 37
num of flexible tasks: 8
Solving time: 0.000311475 seconds
plan limit 980
current timestep 186
num of flexible agents: 35
num of flexible tasks: 7
Solving time: 0.000283925 seconds
plan limit 980
current timestep 187
num of flexible agents: 35
num of flexible tasks: 9
Solving time: 0.000288749 seconds
plan limit 980
current timestep 188
num of flexible agents: 38
num of flexible tasks: 11
Solving time: 0.000289567 seconds
plan limit 980
current timestep 189
num of flexible agents: 40
num of flexible tasks: 10
Solving time: 0.000304908 seconds
plan limit 980
current timestep 190
num of flexible agents: 40
num of flexible tasks: 10
Solving time: 0.000335209 seconds
plan limit 980
current timestep 191
num of flexible agents: 40
num of flexible tasks: 10
Solving time: 0.000319813 seconds
plan limit 980
current timestep 192
num of flexible agents: 41
num of flexible tasks: 11
Solving time: 0.000268004 seconds
plan limit 980
current timestep 193
num of flexible agents: 42
num of flexible tasks: 10
Solving time: 0.000270531 seconds
plan limit 980
current timestep 194
num of flexible agents: 42
num of flexible tasks: 11
Solving time: 0.000278241 seconds
plan limit 980
current timestep 195
num of flexible agents: 44
num of flexible tasks: 13
Solving time: 0.000293973 seconds
plan limit 980
current timestep 196
num of flexible agents: 43
num of flexible tasks: 13
Solving time: 0.000354197 seconds
plan limit 980
current timestep 197
num of flexible agents: 43
num of flexible tasks: 13
Solving time: 0.00027934 seconds
plan limit 980
current timestep 198
num of flexible agents: 39
num of flexible tasks: 11
Solving time: 0.000270821 seconds
plan limit 980
current timestep 199
num of flexible agents: 40
num of flexible tasks: 10
Solving time: 0.000293445 seconds
plan limit 980
current timestep 200
num of flexible agents: 40
num of flexible tasks: 9
Solving time: 0.00024369 seconds
plan limit 980
current timestep 201
num of flexible agents: 40
num of flexible tasks: 9
Solving time: 0.000265113 seconds
plan limit 980
current timestep 202
num of flexible agents: 39
num of flexible tasks: 9
Solving time: 0.000259532 seconds
plan limit 980
current timestep 203
num of flexible agents: 38
num of flexible tasks: 7
Solving time: 0.000254188 seconds
plan limit 980
current timestep 204
num of flexible agents: 37
num of flexible tasks: 6
Solving time: 0.000250472 seconds
plan limit 980
current timestep 205
num of flexible agents: 38
num of flexible tasks: 7
Solving time: 0.000228366 seconds
plan limit 980
current timestep 206
num of flexible agents: 37
num of flexible tasks: 7
Solving time: 0.000226052 seconds
plan limit 980
current timestep 207
num of flexible agents: 37
num of flexible tasks: 7
Solving time: 0.000228066 seconds
plan limit 980
current timestep 208
num of flexible agents: 40
num of flexible tasks: 8
Solving time: 0.000254563 seconds
plan limit 980
current timestep 209
num of flexible agents: 36
num of flexible tasks: 6
Solving time: 0.000235963 seconds
plan limit 980
current timestep 210
num of flexible agents: 35
num of flexible tasks: 7
Solving time: 0.000248045 seconds
plan limit 980
current timestep 211
num of flexible agents: 33
num of flexible tasks: 7
Solving time: 0.000254636 seconds
plan limit 980
current timestep 212
num of flexible agents: 35
num of flexible tasks: 8
Solving time: 0.000271713 seconds
plan limit 980
current timestep 213
num of flexible agents: 35
num of flexible tasks: 6
Solving time: 0.000249401 seconds
plan limit 980
current timestep 214
num of flexible agents: 37
num of flexible tasks: 7
Solving time: 0.000262145 seconds
plan limit 980
current timestep 215
num of flexible agents: 37
num of flexible tasks: 8
Solving time: 0.000271382 seconds
plan limit 980
current timestep 216
num of flexible agents: 34
num of flexible tasks: 5
Solving time: 0.000248659 seconds
plan limit 980
current timestep 217
num of flexible agents: 36
num of flexible tasks: 7
Solving time: 0.000350679 seconds
plan limit 980
current timestep 218
num of flexible agents: 39
num of flexible tasks: 9
Solving time: 0.000276271 seconds
plan limit 980
current timestep 219
num of flexible agents: 40
num of flexible tasks: 11
Solving time: 0.000238222 seconds
plan limit 980
current timestep 220
num of flexible agents: 42
num of flexible tasks: 12
Solving time: 0.000272714 seconds
plan limit 980
current timestep 221
num of flexible agents: 39
num of flexible tasks: 10
Solving time: 0.000250021 seconds
plan limit 980
current timestep 222
num of flexible agents: 38
num of flexible tasks: 8
Solving time: 0.000277552 seconds
plan limit 980
current timestep 223
num of flexible agents: 38
num of flexible tasks: 8
Solving time: 0.000260472 seconds
plan limit 980
current timestep 224
num of flexible agents: 37
num of flexible tasks: 9
Solving time: 0.000269325 seconds
plan limit 980
current timestep 225
num of flexible agents: 38
num of flexible tasks: 10
Solving time: 0.000249642 seconds
plan limit 980
current timestep 226
num of flexible agents: 35
num of flexible tasks: 9
Solving time: 0.000302822 seconds
plan limit 980
current timestep 227
num of flexible agents: 35
num of flexible tasks: 9
Solving time: 0.000278557 seconds
plan limit 980
current timestep 228
num of flexible agents: 38
num of flexible tasks: 11
Solving time: 0.00026851 seconds
plan limit 980
current timestep 229
num of flexible agents: 40
num of flexible tasks: 13
Solving time: 0.000349088 seconds
plan limit 980
current timestep 230
num of flexible agents: 38
num of flexible tasks: 10
Solving time: 0.000277504 seconds
plan limit 980
current timestep 231
num of flexible agents: 40
num of flexible tasks: 10
Solving time: 0.000276101 seconds
plan limit 980
current timestep 232
num of flexible agents: 41
num of flexible tasks: 12
Solving time: 0.000285613 seconds
plan limit 980
current timestep 233
num of flexible agents: 40
num of flexible tasks: 12
Solving time: 0.000255278 seconds
plan limit 980
current timestep 234
num of flexible agents: 43
num of flexible tasks: 12
Solving time: 0.000245888 seconds
plan limit 980
current timestep 235
num of flexible agents: 40
num of flexible tasks: 10
Solving time: 0.000301007 seconds
plan limit 980
current timestep 236
num of flexible agents: 38
num of flexible tasks: 8
Solving time: 0.000242391 seconds
plan limit 980
current timestep 237
num of flexible agents: 37
num of flexible tasks: 9
Solving time: 0.000267948 seconds
plan limit 980
current timestep 238
num of flexible agents: 37
num of flexible tasks: 10
Solving time: 0.000289102 seconds
plan limit 980
current timestep 239
num of flexible agents: 37
num of flexible tasks: 9
Solving time: 0.000270087 seconds
plan limit 980
current timestep 240
num of flexible agents: 36
num of flexible tasks: 9
Solving time: 0.00031184 seconds
plan limit 980
current timestep 241
num of flexible agents: 35
num of flexible tasks: 8
Solving time: 0.000286602 seconds
plan limit 980
current timestep 242
num of flexible agents: 33
num of flexible tasks: 7
Solving time: 0.000270083 seconds
plan limit 980
current timestep 243
num of flexible agents: 33
num of flexible tasks: 7
Solving time: 0.000313495 seconds
plan limit 980
current timestep 244
num of flexible agents: 33
num of flexible tasks: 8
Solving time: 0.000298747 seconds
plan limit 980
current timestep 245
num of flexible agents: 35
num of flexible tasks: 9
Solving time: 0.000282494 seconds
plan limit 980
current timestep 246
num of flexible agents: 34
num of flexible tasks: 9
Solving time: 0.000291962 seconds
plan limit 980
current timestep 247
num of flexible agents: 34
num of flexible tasks: 10
Solving time: 0.000290509 seconds
plan limit 980
current timestep 248
num of flexible agents: 34
num of flexible tasks: 10
Solving time: 0.00028356 seconds
plan limit 980
current timestep 249
num of flexible agents: 32
num of flexible tasks: 10
Solving time: 0.000317551 seconds
plan limit 980
current timestep 250
num of flexible agents: 38
num of flexible tasks: 9
Solving time: 0.000263641 seconds
plan limit 980
current timestep 251
num of flexible agents: 37
num of flexible tasks: 6
Solving time: 0.000270095 seconds
plan limit 980
current timestep 252
num of flexible agents: 38
num of flexible tasks: 5
Solving time: 0.000234661 seconds
plan limit 980
current timestep 253
num of flexible agents: 38
num of flexible tasks: 4
Solving time: 0.000243384 seconds
plan limit 980
current timestep 254
num of flexible agents: 43
num of flexible tasks: 3
Solving time: 0.00021736 seconds
plan limit 980
current timestep 255
num of flexible agents: 44
num of flexible tasks: 2
Solving time: 0.000210148 seconds
plan limit 980
current timestep 256
num of flexible agents: 44
num of flexible tasks: 2
Solving time: 0.000227972 seconds
plan limit 980
current timestep 257
num of flexible agents: 50
num of flexible tasks: 2
Solving time: 0.0002365 seconds
plan limit 980
current timestep 258
num of flexible agents: 52
num of flexible tasks: 0
Solving time: 0.000194823 seconds
plan limit 980
current timestep 259
num of flexible agents: 53
num of flexible tasks: 0
Solving time: 0.000204532 seconds
plan limit 980
current timestep 260
num of flexible agents: 54
num of flexible tasks: 0
Solving time: 0.000196462 seconds
plan limit 980
current timestep 261
num of flexible agents: 55
num of flexible tasks: 0
Solving time: 0.000222768 seconds
plan limit 980
current timestep 262
num of flexible agents: 58
num of flexible tasks: 0
Solving time: 0.000212049 seconds
plan limit 980
current timestep 263
num of flexible agents: 59
num of flexible tasks: 0
Solving time: 0.000215639 seconds
plan limit 980
current timestep 264
num of flexible agents: 61
num of flexible tasks: 0
Solving time: 0.000206371 seconds
plan limit 980
current timestep 265
num of flexible agents: 62
num of flexible tasks: 0
Solving time: 0.00021306 seconds
plan limit 980
current timestep 266
num of flexible agents: 65
num of flexible tasks: 0
Solving time: 0.000214954 seconds
plan limit 980
current timestep 267
num of flexible agents: 68
num of flexible tasks: 0
Solving time: 0.000202137 seconds
plan limit 980
current timestep 268
num of flexible agents: 68
num of flexible tasks: 0
Solving time: 0.000194218 seconds
plan limit 980
current timestep 269
num of flexible agents: 69
num of flexible tasks: 0
Solving time: 0.000209426 seconds
plan limit 980
current timestep 270
num of flexible agents: 72
num of flexible tasks: 0
Solving time: 0.000208912 seconds
plan limit 980
current timestep 271
num of flexible agents: 72
num of flexible tasks: 0
Solving time: 0.000223682 seconds
plan limit 980
current timestep 272
num of flexible agents: 73
num of flexible tasks: 0
Solving time: 0.00020897 seconds
plan limit 980
current timestep 273
num of flexible agents: 73
num of flexible tasks: 0
Solving time: 0.000200595 seconds
plan limit 980
current timestep 274
num of flexible agents: 73
num of flexible tasks: 0
Solving time: 0.000200356 seconds
plan limit 980
current timestep 275
num of flexible agents: 73
num of flexible tasks: 0
Solving time: 0.00019736 seconds
plan limit 980
current timestep 276
num of flexible agents: 73
num of flexible tasks: 0
Solving time: 0.000313421 seconds
plan limit 980
current timestep 277
num of flexible agents: 74
num of flexible tasks: 0
Solving time: 0.000228478 seconds
plan limit 980
current timestep 278
num of flexible agents: 76
num of flexible tasks: 0
Solving time: 0.000197445 seconds
plan limit 980
current timestep 279
num of flexible agents: 76
num of flexible tasks: 0
Solving time: 0.000215784 seconds
plan limit 980
current timestep 280
num of flexible agents: 77
num of flexible tasks: 0
Solving time: 0.000210964 seconds
plan limit 980
current timestep 281
num of flexible agents: 77
num of flexible tasks: 0
Solving time: 0.000235815 seconds
plan limit 980
current timestep 282
num of flexible agents: 77
num of flexible tasks: 0
Solving time: 0.000212786 seconds
plan limit 980
current timestep 283
num of flexible agents: 77
num of flexible tasks: 0
Solving time: 0.000207498 seconds
plan limit 980
current timestep 284
num of flexible agents: 77
num of flexible tasks: 0
Solving time: 0.000217867 seconds
plan limit 980
current timestep 285
num of flexible agents: 77
num of flexible tasks: 0
Solving time: 0.000200907 seconds
plan limit 980
current timestep 286
num of flexible agents: 77
num of flexible tasks: 0
Solving time: 0.000208056 seconds
plan limit 980
current timestep 287
num of flexible agents: 78
num of flexible tasks: 0
Solving time: 0.000213378 seconds
plan limit 980
current timestep 288
num of flexible agents: 78
num of flexible tasks: 0
Solving time: 0.000210681 seconds
plan limit 980
current timestep 289
num of flexible agents: 78
num of flexible tasks: 0
Solving time: 0.000214373 seconds
plan limit 980
current timestep 290
num of flexible agents: 79
num of flexible tasks: 0
Solving time: 0.000219273 seconds
plan limit 980
current timestep 291
num of flexible agents: 79
num of flexible tasks: 0
Solving time: 0.00021876 seconds
plan limit 980
current timestep 292
num of flexible agents: 79
num of flexible tasks: 0
Solving time: 0.000207051 seconds
plan limit 980
current timestep 293
num of flexible agents: 79
num of flexible tasks: 0
Solving time: 0.000222364 seconds
plan limit 980
All tasks finished at timestep 294
