current timestep 0
num of flexible agents: 80
num of flexible tasks: 2
Solving time: 0.0002973 seconds
plan limit 980
current timestep 1
num of flexible agents: 80
num of flexible tasks: 4
Solving time: 0.00034265 seconds
plan limit 980
current timestep 2
num of flexible agents: 79
num of flexible tasks: 5
Solving time: 0.000283701 seconds
plan limit 980
current timestep 3
num of flexible agents: 79
num of flexible tasks: 7
Solving time: 0.000318505 seconds
plan limit 980
current timestep 4
num of flexible agents: 79
num of flexible tasks: 9
Solving time: 0.000317926 seconds
plan limit 980
current timestep 5
num of flexible agents: 79
num of flexible tasks: 11
Solving time: 0.000288874 seconds
plan limit 980
current timestep 6
num of flexible agents: 77
num of flexible tasks: 11
Solving time: 0.000311024 seconds
plan limit 980
current timestep 7
num of flexible agents: 72
num of flexible tasks: 8
Solving time: 0.000293554 seconds
plan limit 980
current timestep 8
num of flexible agents: 70
num of flexible tasks: 8
Solving time: 0.000291843 seconds
plan limit 980
current timestep 9
num of flexible agents: 68
num of flexible tasks: 8
Solving time: 0.000290531 seconds
plan limit 980
current timestep 10
num of flexible agents: 67
num of flexible tasks: 9
Solving time: 0.000315835 seconds
plan limit 980
current timestep 11
num of flexible agents: 65
num of flexible tasks: 9
Solving time: 0.000318623 seconds
plan limit 980
current timestep 12
num of flexible agents: 63
num of flexible tasks: 9
Solving time: 0.000302094 seconds
plan limit 980
current timestep 13
num of flexible agents: 61
num of flexible tasks: 9
Solving time: 0.000346338 seconds
plan limit 980
current timestep 14
num of flexible agents: 60
num of flexible tasks: 9
Solving time: 0.000295954 seconds
plan limit 980
current timestep 15
num of flexible agents: 59
num of flexible tasks: 10
Solving time: 0.00033241 seconds
plan limit 980
current timestep 16
num of flexible agents: 58
num of flexible tasks: 11
Solving time: 0.000365222 seconds
plan limit 980
current timestep 17
num of flexible agents: 57
num of flexible tasks: 12
Solving time: 0.000360273 seconds
plan limit 980
current timestep 18
num of flexible agents: 55
num of flexible tasks: 12
Solving time: 0.000316724 seconds
plan limit 980
current timestep 19
num of flexible agents: 58
num of flexible tasks: 13
Solving time: 0.000358749 seconds
plan limit 980
current timestep 20
num of flexible agents: 57
num of flexible tasks: 13
Solving time: 0.000325402 seconds
plan limit 980
current timestep 21
num of flexible agents: 55
num of flexible tasks: 13
Solving time: 0.000346295 seconds
plan limit 980
current timestep 22
num of flexible agents: 54
num of flexible tasks: 12
Solving time: 0.000362327 seconds
plan limit 980
current timestep 23
num of flexible agents: 55
num of flexible tasks: 13
Solving time: 0.00033468 seconds
plan limit 980
current timestep 24
num of flexible agents: 54
num of flexible tasks: 13
Solving time: 0.000338319 seconds
plan limit 980
current timestep 25
num of flexible agents: 53
num of flexible tasks: 13
Solving time: 0.00036663 seconds
plan limit 980
current timestep 26
num of flexible agents: 51
num of flexible tasks: 13
Solving time: 0.000391607 seconds
plan limit 980
current timestep 27
num of flexible agents: 52
num of flexible tasks: 13
Solving time: 0.000340167 seconds
plan limit 980
current timestep 28
num of flexible agents: 52
num of flexible tasks: 14
Solving time: 0.000350608 seconds
plan limit 980
current timestep 29
num of flexible agents: 52
num of flexible tasks: 13
Solving time: 0.00038432 seconds
plan limit 980
current timestep 30
num of flexible agents: 51
num of flexible tasks: 13
Solving time: 0.00034043 seconds
plan limit 980
current timestep 31
num of flexible agents: 48
num of flexible tasks: 12
Solving time: 0.00034532 seconds
plan limit 980
current timestep 32
num of flexible agents: 48
num of flexible tasks: 12
Solving time: 0.000314055 seconds
plan limit 980
current timestep 33
num of flexible agents: 47
num of flexible tasks: 11
Solving time: 0.000280704 seconds
plan limit 980
current timestep 34
num of flexible agents: 43
num of flexible tasks: 9
Solving time: 0.000396628 seconds
plan limit 980
current timestep 35
num of flexible agents: 43
num of flexible tasks: 10
Solving time: 0.000351907 seconds
plan limit 980
current timestep 36
num of flexible agents: 44
num of flexible tasks: 10
Solving time: 0.000338503 seconds
plan limit 980
current timestep 37
num of flexible agents: 41
num of flexible tasks: 9
Solving time: 0.000279093 seconds
plan limit 980
current timestep 38
num of flexible agents: 41
num of flexible tasks: 11
Solving time: 0.000337077 seconds
plan limit 980
current timestep 39
num of flexible agents: 43
num of flexible tasks: 13
Solving time: 0.000323802 seconds
plan limit 980
current timestep 40
num of flexible agents: 41
num of flexible tasks: 12
Solving time: 0.000334014 seconds
plan limit 980
current timestep 41
num of flexible agents: 41
num of flexible tasks: 12
Solving time: 0.000313217 seconds
plan limit 980
current timestep 42
num of flexible agents: 41
num of flexible tasks: 11
Solving time: 0.00029771 seconds
plan limit 980
current timestep 43
num of flexible agents: 40
num of flexible tasks: 11
Solving time: 0.000356172 seconds
plan limit 980
current timestep 44
num of flexible agents: 40
num of flexible tasks: 12
Solving time: 0.00034049 seconds
plan limit 980
current timestep 45
num of flexible agents: 40
num of flexible tasks: 14
Solving time: 0.0002955 seconds
plan limit 980
current timestep 46
num of flexible agents: 38
num of flexible tasks: 12
Solving time: 0.000263726 seconds
plan limit 980
current timestep 47
num of flexible agents: 36
num of flexible tasks: 11
Solving time: 0.00028936 seconds
plan limit 980
current timestep 48
num of flexible agents: 33
num of flexible tasks: 8
Solving time: 0.000300326 seconds
plan limit 980
current timestep 49
num of flexible agents: 34
num of flexible tasks: 10
Solving time: 0.00031104 seconds
plan limit 980
current timestep 50
num of flexible agents: 36
num of flexible tasks: 11
Solving time: 0.000246947 seconds
plan limit 980
current timestep 51
num of flexible agents: 34
num of flexible tasks: 11
Solving time: 0.000313289 seconds
plan limit 980
current timestep 52
num of flexible agents: 38
num of flexible tasks: 11
Solving time: 0.000285752 seconds
plan limit 980
current timestep 53
num of flexible agents: 39
num of flexible tasks: 10
Solving time: 0.000315071 seconds
plan limit 980
current timestep 54
num of flexible agents: 42
num of flexible tasks: 11
Solving time: 0.000280605 seconds
plan limit 980
current timestep 55
num of flexible agents: 44
num of flexible tasks: 11
Solving time: 0.000313173 seconds
plan limit 980
current timestep 56
num of flexible agents: 41
num of flexible tasks: 9
Solving time: 0.000265933 seconds
plan limit 980
current timestep 57
num of flexible agents: 38
num of flexible tasks: 8
Solving time: 0.000331668 seconds
plan limit 980
current timestep 58
num of flexible agents: 38
num of flexible tasks: 8
Solving time: 0.000306384 seconds
plan limit 980
current timestep 59
num of flexible agents: 40
num of flexible tasks: 8
Solving time: 0.000276552 seconds
plan limit 980
current timestep 60
num of flexible agents: 40
num of flexible tasks: 9
Solving time: 0.000284679 seconds
plan limit 980
current timestep 61
num of flexible agents: 39
num of flexible tasks: 9
Solving time: 0.000326831 seconds
plan limit 980
current timestep 62
num of flexible agents: 38
num of flexible tasks: 9
Solving time: 0.000326651 seconds
plan limit 980
current timestep 63
num of flexible agents: 38
num of flexible tasks: 8
Solving time: 0.000281851 seconds
plan limit 980
current timestep 64
num of flexible agents: 38
num of flexible tasks: 9
Solving time: 0.000279612 seconds
plan limit 980
current timestep 65
num of flexible agents: 36
num of flexible tasks: 9
Solving time: 0.000338302 seconds
plan limit 980
current timestep 66
num of flexible agents: 37
num of flexible tasks: 9
Solving time: 0.000329305 seconds
plan limit 980
current timestep 67
num of flexible agents: 38
num of flexible tasks: 10
Solving time: 0.000362957 seconds
plan limit 980
current timestep 68
num of flexible agents: 39
num of flexible tasks: 11
Solving time: 0.000322716 seconds
plan limit 980
current timestep 69
num of flexible agents: 41
num of flexible tasks: 11
Solving time: 0.000285909 seconds
plan limit 980
current timestep 70
num of flexible agents: 43
num of flexible tasks: 13
Solving time: 0.000295068 seconds
plan limit 980
current timestep 71
num of flexible agents: 42
num of flexible tasks: 10
Solving time: 0.000299857 seconds
plan limit 980
current timestep 72
num of flexible agents: 39
num of flexible tasks: 8
Solving time: 0.000270487 seconds
plan limit 980
current timestep 73
num of flexible agents: 37
num of flexible tasks: 7
Solving time: 0.00024578 seconds
plan limit 980
current timestep 74
num of flexible agents: 38
num of flexible tasks: 8
Solving time: 0.000270302 seconds
plan limit 980
current timestep 75
num of flexible agents: 38
num of flexible tasks: 9
Solving time: 0.000339556 seconds
plan limit 980
current timestep 76
num of flexible agents: 38
num of flexible tasks: 9
Solving time: 0.000300733 seconds
plan limit 980
current timestep 77
num of flexible agents: 40
num of flexible tasks: 9
Solving time: 0.000353725 seconds
plan limit 980
current timestep 78
num of flexible agents: 39
num of flexible tasks: 8
Solving time: 0.000305986 seconds
plan limit 980
current timestep 79
num of flexible agents: 38
num of flexible tasks: 8
Solving time: 0.000297623 seconds
plan limit 980
current timestep 80
num of flexible agents: 40
num of flexible tasks: 8
Solving time: 0.000304466 seconds
plan limit 980
current timestep 81
num of flexible agents: 43
num of flexible tasks: 10
Solving time: 0.000306956 seconds
plan limit 980
current timestep 82
num of flexible agents: 41
num of flexible tasks: 9
Solving time: 0.000317773 seconds
plan limit 980
current timestep 83
num of flexible agents: 41
num of flexible tasks: 10
Solving time: 0.00030895 seconds
plan limit 980
current timestep 84
num of flexible agents: 42
num of flexible tasks: 11
Solving time: 0.000316347 seconds
plan limit 980
current timestep 85
num of flexible agents: 42
num of flexible tasks: 12
Solving time: 0.000291916 seconds
plan limit 980
current timestep 86
num of flexible agents: 40
num of flexible tasks: 12
Solving time: 0.000304208 seconds
plan limit 980
current timestep 87
num of flexible agents: 37
num of flexible tasks: 10
Solving time: 0.000301772 seconds
plan limit 980
current timestep 88
num of flexible agents: 37
num of flexible tasks: 11
Solving time: 0.000286681 seconds
plan limit 980
current timestep 89
num of flexible agents: 35
num of flexible tasks: 11
Solving time: 0.000319917 seconds
plan limit 980
current timestep 90
num of flexible agents: 35
num of flexible tasks: 10
Solving time: 0.000353249 seconds
plan limit 980
current timestep 91
num of flexible agents: 33
num of flexible tasks: 9
Solving time: 0.000339877 seconds
plan limit 980
current timestep 92
num of flexible agents: 37
num of flexible tasks: 11
Solving time: 0.000299769 seconds
plan limit 980
current timestep 93
num of flexible agents: 37
num of flexible tasks: 12
Solving time: 0.000355098 seconds
plan limit 980
current timestep 94
num of flexible agents: 36
num of flexible tasks: 12
Solving time: 0.000368208 seconds
plan limit 980
current timestep 95
num of flexible agents: 38
num of flexible tasks: 12
Solving time: 0.00031566 seconds
plan limit 980
current timestep 96
num of flexible agents: 37
num of flexible tasks: 10
Solving time: 0.000307297 seconds
plan limit 980
current timestep 97
num of flexible agents: 41
num of flexible tasks: 11
Solving time: 0.000325413 seconds
plan limit 980
current timestep 98
num of flexible agents: 43
num of flexible tasks: 12
Solving time: 0.000316356 seconds
plan limit 980
current timestep 99
num of flexible agents: 43
num of flexible tasks: 13
Solving time: 0.000312145 seconds
plan limit 980
current timestep 100
num of flexible agents: 46
num of flexible tasks: 13
Solving time: 0.000290243 seconds
plan limit 980
current timestep 101
num of flexible agents: 44
num of flexible tasks: 11
Solving time: 0.000296892 seconds
plan limit 980
current timestep 102
num of flexible agents: 44
num of flexible tasks: 12
Solving time: 0.000284862 seconds
plan limit 980
current timestep 103
num of flexible agents: 41
num of flexible tasks: 11
Solving time: 0.000298108 seconds
plan limit 980
current timestep 104
num of flexible agents: 42
num of flexible tasks: 12
Solving time: 0.000298925 seconds
plan limit 980
current timestep 105
num of flexible agents: 43
num of flexible tasks: 10
Solving time: 0.000298345 seconds
plan limit 980
current timestep 106
num of flexible agents: 41
num of flexible tasks: 9
Solving time: 0.000282658 seconds
plan limit 980
current timestep 107
num of flexible agents: 41
num of flexible tasks: 8
Solving time: 0.000287115 seconds
plan limit 980
current timestep 108
num of flexible agents: 41
num of flexible tasks: 8
Solving time: 0.000279763 seconds
plan limit 980
current timestep 109
num of flexible agents: 43
num of flexible tasks: 9
Solving time: 0.000315823 seconds
plan limit 980
current timestep 110
num of flexible agents: 41
num of flexible tasks: 9
Solving time: 0.000301231 seconds
plan limit 980
current timestep 111
num of flexible agents: 42
num of flexible tasks: 8
Solving time: 0.000300205 seconds
plan limit 980
current timestep 112
num of flexible agents: 42
num of flexible tasks: 9
Solving time: 0.000294128 seconds
plan limit 980
current timestep 113
num of flexible agents: 43
num of flexible tasks: 9
Solving time: 0.000291595 seconds
plan limit 980
current timestep 114
num of flexible agents: 40
num of flexible tasks: 7
Solving time: 0.000277035 seconds
plan limit 980
current timestep 115
num of flexible agents: 39
num of flexible tasks: 8
Solving time: 0.000268323 seconds
plan limit 980
current timestep 116
num of flexible agents: 40
num of flexible tasks: 8
Solving time: 0.000282074 seconds
plan limit 980
current timestep 117
num of flexible agents: 39
num of flexible tasks: 8
Solving time: 0.00027501 seconds
plan limit 980
current timestep 118
num of flexible agents: 36
num of flexible tasks: 5
Solving time: 0.000287666 seconds
plan limit 980
current timestep 119
num of flexible agents: 38
num of flexible tasks: 7
Solving time: 0.000272202 seconds
plan limit 980
current timestep 120
num of flexible agents: 39
num of flexible tasks: 8
Solving time: 0.000257878 seconds
plan limit 980
current timestep 121
num of flexible agents: 40
num of flexible tasks: 9
Solving time: 0.000281563 seconds
plan limit 980
current timestep 122
num of flexible agents: 40
num of flexible tasks: 10
Solving time: 0.000308051 seconds
plan limit 980
current timestep 123
num of flexible agents: 41
num of flexible tasks: 12
Solving time: 0.000323305 seconds
plan limit 980
current timestep 124
num of flexible agents: 39
num of flexible tasks: 10
Solving time: 0.000283819 seconds
plan limit 980
current timestep 125
num of flexible agents: 37
num of flexible tasks: 9
Solving time: 0.000331425 seconds
plan limit 980
current timestep 126
num of flexible agents: 40
num of flexible tasks: 9
Solving time: 0.00029916 seconds
plan limit 980
current timestep 127
num of flexible agents: 39
num of flexible tasks: 9
Solving time: 0.000291349 seconds
plan limit 980
current timestep 128
num of flexible agents: 40
num of flexible tasks: 10
Solving time: 0.0003186 seconds
plan limit 980
current timestep 129
num of flexible agents: 42
num of flexible tasks: 10
Solving time: 0.000298727 seconds
plan limit 980
current timestep 130
num of flexible agents: 43
num of flexible tasks: 12
Solving time: 0.000303776 seconds
plan limit 980
current timestep 131
num of flexible agents: 40
num of flexible tasks: 10
Solving time: 0.00031902 seconds
plan limit 980
current timestep 132
num of flexible agents: 41
num of flexible tasks: 10
Solving time: 0.000325101 seconds
plan limit 980
current timestep 133
num of flexible agents: 41
num of flexible tasks: 11
Solving time: 0.000287644 seconds
plan limit 980
current timestep 134
num of flexible agents: 40
num of flexible tasks: 11
Solving time: 0.000330251 seconds
plan limit 980
current timestep 135
num of flexible agents: 37
num of flexible tasks: 9
Solving time: 0.000306722 seconds
plan limit 980
current timestep 136
num of flexible agents: 36
num of flexible tasks: 9
Solving time: 0.000295691 seconds
plan limit 980
current timestep 137
num of flexible agents: 38
num of flexible tasks: 10
Solving time: 0.000312168 seconds
plan limit 980
current timestep 138
num of flexible agents: 38
num of flexible tasks: 11
Solving time: 0.000286265 seconds
plan limit 980
current timestep 139
num of flexible agents: 32
num of flexible tasks: 7
Solving time: 0.000307928 seconds
plan limit 980
current timestep 140
num of flexible agents: 34
num of flexible tasks: 8
Solving time: 0.00026424 seconds
plan limit 980
current timestep 141
num of flexible agents: 38
num of flexible tasks: 9
Solving time: 0.000268975 seconds
plan limit 980
current timestep 142
num of flexible agents: 40
num of flexible tasks: 10
Solving time: 0.000308818 seconds
plan limit 980
current timestep 143
num of flexible agents: 38
num of flexible tasks: 10
Solving time: 0.000322485 seconds
plan limit 980
current timestep 144
num of flexible agents: 38
num of flexible tasks: 9
Solving time: 0.000261231 seconds
plan limit 980
current timestep 145
num of flexible agents: 40
num of flexible tasks: 8
Solving time: 0.000241456 seconds
plan limit 980
current timestep 146
num of flexible agents: 40
num of flexible tasks: 8
Solving time: 0.000252739 seconds
plan limit 980
current timestep 147
num of flexible agents: 38
num of flexible tasks: 7
Solving time: 0.000267542 seconds
plan limit 980
current timestep 148
num of flexible agents: 39
num of flexible tasks: 7
Solving time: 0.00028219 seconds
plan limit 980
current timestep 149
num of flexible agents: 41
num of flexible tasks: 7
Solving time: 0.000255387 seconds
plan limit 980
current timestep 150
num of flexible agents: 42
num of flexible tasks: 7
Solving time: 0.000287593 seconds
plan limit 980
current timestep 151
num of flexible agents: 44
num of flexible tasks: 8
Solving time: 0.000291537 seconds
plan limit 980
current timestep 152
num of flexible agents: 46
num of flexible tasks: 10
Solving time: 0.000268509 seconds
plan limit 980
current timestep 153
num of flexible agents: 47
num of flexible tasks: 11
Solving time: 0.000280028 seconds
plan limit 980
current timestep 154
num of flexible agents: 44
num of flexible tasks: 10
Solving time: 0.000308225 seconds
plan limit 980
current timestep 155
num of flexible agents: 41
num of flexible tasks: 8
Solving time: 0.000330634 seconds
plan limit 980
current timestep 156
num of flexible agents: 40
num of flexible tasks: 8
Solving time: 0.00027186 seconds
plan limit 980
current timestep 157
num of flexible agents: 41
num of flexible tasks: 8
Solving time: 0.000328885 seconds
plan limit 980
current timestep 158
num of flexible agents: 42
num of flexible tasks: 9
Solving time: 0.000275694 seconds
plan limit 980
current timestep 159
num of flexible agents: 42
num of flexible tasks: 10
Solving time: 0.000311809 seconds
plan limit 980
current timestep 160
num of flexible agents: 40
num of flexible tasks: 8
Solving time: 0.000344543 seconds
plan limit 980
current timestep 161
num of flexible agents: 45
num of flexible tasks: 9
Solving time: 0.000374817 seconds
plan limit 980
current timestep 162
num of flexible agents: 44
num of flexible tasks: 10
Solving time: 0.00028749 seconds
plan limit 980
current timestep 163
num of flexible agents: 44
num of flexible tasks: 11
Solving time: 0.000284707 seconds
plan limit 980
current timestep 164
num of flexible agents: 43
num of flexible tasks: 11
Solving time: 0.000295906 seconds
plan limit 980
current timestep 165
num of flexible agents: 41
num of flexible tasks: 11
Solving time: 0.000348578 seconds
plan limit 980
current timestep 166
num of flexible agents: 43
num of flexible tasks: 9
Solving time: 0.000288681 seconds
plan limit 980
current timestep 167
num of flexible agents: 45
num of flexible tasks: 9
Solving time: 0.000334422 seconds
plan limit 980
current timestep 168
num of flexible agents: 44
num of flexible tasks: 8
Solving time: 0.000235882 seconds
plan limit 980
current timestep 169
num of flexible agents: 44
num of flexible tasks: 7
Solving time: 0.000277812 seconds
plan limit 980
current timestep 170
num of flexible agents: 47
num of flexible tasks: 8
Solving time: 0.000304591 seconds
plan limit 980
current timestep 171
num of flexible agents: 45
num of flexible tasks: 7
Solving time: 0.000308638 seconds
plan limit 980
current timestep 172
num of flexible agents: 45
num of flexible tasks: 9
Solving time: 0.000298114 seconds
plan limit 980
current timestep 173
num of flexible agents: 44
num of flexible tasks: 8
Solving time: 0.000286044 seconds
plan limit 980
current timestep 174
num of flexible agents: 43
num of flexible tasks: 9
Solving time: 0.00027905 seconds
plan limit 980
current timestep 175
num of flexible agents: 38
num of flexible tasks: 5
Solving time: 0.000283002 seconds
plan limit 980
current timestep 176
num of flexible agents: 38
num of flexible tasks: 6
Solving time: 0.000299336 seconds
plan limit 980
current timestep 177
num of flexible agents: 38
num of flexible tasks: 7
Solving time: 0.000271575 seconds
plan limit 980
current timestep 178
num of flexible agents: 38
num of flexible tasks: 7
Solving time: 0.000279255 seconds
plan limit 980
current timestep 179
num of flexible agents: 38
num of flexible tasks: 7
Solving time: 0.000256925 seconds
plan limit 980
current timestep 180
num of flexible agents: 36
num of flexible tasks: 6
Solving time: 0.000295822 seconds
plan limit 980
current timestep 181
num of flexible agents: 37
num of flexible tasks: 6
Solving time: 0.000273587 seconds
plan limit 980
current timestep 182
num of flexible agents: 36
num of flexible tasks: 6
Solving time: 0.000255425 seconds
plan limit 980
current timestep 183
num of flexible agents: 37
num of flexible tasks: 7
Solving time: 0.000315516 seconds
plan limit 980
current timestep 184
num of flexible agents: 39
num of flexible tasks: 8
Solving time: 0.000319809 seconds
plan limit 980
current timestep 185
num of flexible agents: 40
num of flexible tasks: 10
Solving time: 0.00028786 seconds
plan limit 980
current timestep 186
num of flexible agents: 42
num of flexible tasks: 10
Solving time: 0.000317357 seconds
plan limit 980
current timestep 187
num of flexible agents: 42
num of flexible tasks: 11
Solving time: 0.000292856 seconds
plan limit 980
current timestep 188
num of flexible agents: 39
num of flexible tasks: 8
Solving time: 0.000300669 seconds
plan limit 980
current timestep 189
num of flexible agents: 38
num of flexible tasks: 7
Solving time: 0.000279469 seconds
plan limit 980
current timestep 190
num of flexible agents: 38
num of flexible tasks: 8
Solving time: 0.00029866 seconds
plan limit 980
current timestep 191
num of flexible agents: 35
num of flexible tasks: 7
Solving time: 0.000360911 seconds
plan limit 980
current timestep 192
num of flexible agents: 35
num of flexible tasks: 8
Solving time: 0.00033359 seconds
plan limit 980
current timestep 193
num of flexible agents: 33
num of flexible tasks: 8
Solving time: 0.000302474 seconds
plan limit 980
current timestep 194
num of flexible agents: 33
num of flexible tasks: 9
Solving time: 0.000317936 seconds
plan limit 980
current timestep 195
num of flexible agents: 36
num of flexible tasks: 11
Solving time: 0.000352131 seconds
plan limit 980
current timestep 196
num of flexible agents: 37
num of flexible tasks: 13
Solving time: 0.000284306 seconds
plan limit 980
current timestep 197
num of flexible agents: 37
num of flexible tasks: 12
Solving time: 0.000362978 seconds
plan limit 980
current timestep 198
num of flexible agents: 36
num of flexible tasks: 13
Solving time: 0.000340492 seconds
plan limit 980
current timestep 199
num of flexible agents: 38
num of flexible tasks: 13
Solving time: 0.000302103 seconds
plan limit 980
current timestep 200
num of flexible agents: 39
num of flexible tasks: 13
Solving time: 0.000311498 seconds
plan limit 980
current timestep 201
num of flexible agents: 38
num of flexible tasks: 13
Solving time: 0.000310008 seconds
plan limit 980
current timestep 202
num of flexible agents: 32
num of flexible tasks: 9
Solving time: 0.000311583 seconds
plan limit 980
current timestep 203
num of flexible agents: 32
num of flexible tasks: 9
Solving time: 0.000330114 seconds
plan limit 980
current timestep 204
num of flexible agents: 32
num of flexible tasks: 10
Solving time: 0.000329795 seconds
plan limit 980
current timestep 205
num of flexible agents: 30
num of flexible tasks: 10
Solving time: 0.000288312 seconds
plan limit 980
current timestep 206
num of flexible agents: 27
num of flexible tasks: 7
Solving time: 0.000281378 seconds
plan limit 980
current timestep 207
num of flexible agents: 29
num of flexible tasks: 8
Solving time: 0.000302286 seconds
plan limit 980
current timestep 208
num of flexible agents: 30
num of flexible tasks: 8
Solving time: 0.000300548 seconds
plan limit 980
current timestep 209
num of flexible agents: 33
num of flexible tasks: 8
Solving time: 0.000285188 seconds
plan limit 980
current timestep 210
num of flexible agents: 35
num of flexible tasks: 9
Solving time: 0.000325019 seconds
plan limit 980
current timestep 211
num of flexible agents: 36
num of flexible tasks: 9
Solving time: 0.000303489 seconds
plan limit 980
current timestep 212
num of flexible agents: 38
num of flexible tasks: 11
Solving time: 0.000331491 seconds
plan limit 980
current timestep 213
num of flexible agents: 39
num of flexible tasks: 12
Solving time: 0.000337194 seconds
plan limit 980
current timestep 214
num of flexible agents: 38
num of flexible tasks: 10
Solving time: 0.000345038 seconds
plan limit 980
current timestep 215
num of flexible agents: 40
num of flexible tasks: 12
Solving time: 0.000393636 seconds
plan limit 980
current timestep 216
num of flexible agents: 39
num of flexible tasks: 10
Solving time: 0.00033645 seconds
plan limit 980
current timestep 217
num of flexible agents: 39
num of flexible tasks: 11
Solving time: 0.00034397 seconds
plan limit 980
current timestep 218
num of flexible agents: 37
num of flexible tasks: 10
Solving time: 0.000317867 seconds
plan limit 980
current timestep 219
num of flexible agents: 38
num of flexible tasks: 11
Solving time: 0.000287628 seconds
plan limit 980
current timestep 220
num of flexible agents: 40
num of flexible tasks: 12
Solving time: 0.000289964 seconds
plan limit 980
current timestep 221
num of flexible agents: 39
num of flexible tasks: 12
Solving time: 0.000325497 seconds
plan limit 980
current timestep 222
num of flexible agents: 35
num of flexible tasks: 10
Solving time: 0.000307743 seconds
plan limit 980
current timestep 223
num of flexible agents: 38
num of flexible tasks: 10
Solving time: 0.000279726 seconds
plan limit 980
current timestep 224
num of flexible agents: 40
num of flexible tasks: 11
Solving time: 0.000301192 seconds
plan limit 980
current timestep 225
num of flexible agents: 40
num of flexible tasks: 10
Solving time: 0.000270376 seconds
plan limit 980
current timestep 226
num of flexible agents: 40
num of flexible tasks: 9
Solving time: 0.000258703 seconds
plan limit 980
current timestep 227
num of flexible agents: 40
num of flexible tasks: 8
Solving time: 0.00025899 seconds
plan limit 980
current timestep 228
num of flexible agents: 38
num of flexible tasks: 7
Solving time: 0.000303715 seconds
plan limit 980
current timestep 229
num of flexible agents: 40
num of flexible tasks: 7
Solving time: 0.000275152 seconds
plan limit 980
current timestep 230
num of flexible agents: 34
num of flexible tasks: 3
Solving time: 0.00027574 seconds
plan limit 980
current timestep 231
num of flexible agents: 35
num of flexible tasks: 4
Solving time: 0.000289809 seconds
plan limit 980
current timestep 232
num of flexible agents: 37
num of flexible tasks: 6
Solving time: 0.000281314 seconds
plan limit 980
current timestep 233
num of flexible agents: 37
num of flexible tasks: 7
Solving time: 0.000311368 seconds
plan limit 980
current timestep 234
num of flexible agents: 35
num of flexible tasks: 6
Solving time: 0.000301162 seconds
plan limit 980
current timestep 235
num of flexible agents: 37
num of flexible tasks: 7
Solving time: 0.000277066 seconds
plan limit 980
current timestep 236
num of flexible agents: 38
num of flexible tasks: 8
Solving time: 0.000283549 seconds
plan limit 980
current timestep 237
num of flexible agents: 37
num of flexible tasks: 8
Solving time: 0.000292971 seconds
plan limit 980
current timestep 238
num of flexible agents: 37
num of flexible tasks: 9
Solving time: 0.000289912 seconds
plan limit 980
current timestep 239
num of flexible agents: 36
num of flexible tasks: 8
Solving time: 0.000320136 seconds
plan limit 980
current timestep 240
num of flexible agents: 35
num of flexible tasks: 8
Solving time: 0.000294011 seconds
plan limit 980
current timestep 241
num of flexible agents: 39
num of flexible tasks: 8
Solving time: 0.000325638 seconds
plan limit 980
current timestep 242
num of flexible agents: 40
num of flexible tasks: 9
Solving time: 0.000297965 seconds
plan limit 980
current timestep 243
num of flexible agents: 39
num of flexible tasks: 9
Solving time: 0.000261119 seconds
plan limit 980
current timestep 244
num of flexible agents: 41
num of flexible tasks: 11
Solving time: 0.000332227 seconds
plan limit 980
current timestep 245
num of flexible agents: 40
num of flexible tasks: 11
Solving time: 0.000302801 seconds
plan limit 980
current timestep 246
num of flexible agents: 38
num of flexible tasks: 11
Solving time: 0.000326154 seconds
plan limit 980
current timestep 247
num of flexible agents: 39
num of flexible tasks: 10
Solving time: 0.0003012 seconds
plan limit 980
current timestep 248
num of flexible agents: 41
num of flexible tasks: 11
Solving time: 0.000332923 seconds
plan limit 980
current timestep 249
num of flexible agents: 42
num of flexible tasks: 11
Solving time: 0.000308542 seconds
plan limit 980
current timestep 250
num of flexible agents: 38
num of flexible tasks: 6
Solving time: 0.000284407 seconds
plan limit 980
current timestep 251
num of flexible agents: 36
num of flexible tasks: 3
Solving time: 0.000264348 seconds
plan limit 980
current timestep 252
num of flexible agents: 36
num of flexible tasks: 2
Solving time: 0.000224322 seconds
plan limit 980
current timestep 253
num of flexible agents: 38
num of flexible tasks: 2
Solving time: 0.000239581 seconds
plan limit 980
current timestep 254
num of flexible agents: 37
num of flexible tasks: 0
Solving time: 0.000215319 seconds
plan limit 980
current timestep 255
num of flexible agents: 39
num of flexible tasks: 0
Solving time: 0.000252378 seconds
plan limit 980
current timestep 256
num of flexible agents: 39
num of flexible tasks: 0
Solving time: 0.000249017 seconds
plan limit 980
current timestep 257
num of flexible agents: 43
num of flexible tasks: 0
Solving time: 0.000220298 seconds
plan limit 980
current timestep 258
num of flexible agents: 44
num of flexible tasks: 0
Solving time: 0.000251187 seconds
plan limit 980
current timestep 259
num of flexible agents: 48
num of flexible tasks: 0
Solving time: 0.000219718 seconds
plan limit 980
current timestep 260
num of flexible agents: 48
num of flexible tasks: 0
Solving time: 0.000239578 seconds
plan limit 980
current timestep 261
num of flexible agents: 49
num of flexible tasks: 0
Solving time: 0.000232907 seconds
plan limit 980
current timestep 262
num of flexible agents: 52
num of flexible tasks: 0
Solving time: 0.000216691 seconds
plan limit 980
current timestep 263
num of flexible agents: 53
num of flexible tasks: 0
Solving time: 0.000252378 seconds
plan limit 980
current timestep 264
num of flexible agents: 55
num of flexible tasks: 0
Solving time: 0.00026967 seconds
plan limit 980
current timestep 265
num of flexible agents: 57
num of flexible tasks: 0
Solving time: 0.000233997 seconds
plan limit 980
current timestep 266
num of flexible agents: 60
num of flexible tasks: 0
Solving time: 0.000248078 seconds
plan limit 980
current timestep 267
num of flexible agents: 61
num of flexible tasks: 0
Solving time: 0.000231053 seconds
plan limit 980
current timestep 268
num of flexible agents: 63
num of flexible tasks: 0
Solving time: 0.00021328 seconds
plan limit 980
current timestep 269
num of flexible agents: 64
num of flexible tasks: 0
Solving time: 0.000251087 seconds
plan limit 980
current timestep 270
num of flexible agents: 64
num of flexible tasks: 0
Solving time: 0.000222626 seconds
plan limit 980
current timestep 271
num of flexible agents: 67
num of flexible tasks: 0
Solving time: 0.000255298 seconds
plan limit 980
current timestep 272
num of flexible agents: 68
num of flexible tasks: 0
Solving time: 0.00023548 seconds
plan limit 980
current timestep 273
num of flexible agents: 69
num of flexible tasks: 0
Solving time: 0.000246446 seconds
plan limit 980
current timestep 274
num of flexible agents: 71
num of flexible tasks: 0
Solving time: 0.000263492 seconds
plan limit 980
current timestep 275
num of flexible agents: 72
num of flexible tasks: 0
Solving time: 0.000264567 seconds
plan limit 980
current timestep 276
num of flexible agents: 72
num of flexible tasks: 0
Solving time: 0.000270545 seconds
plan limit 980
current timestep 277
num of flexible agents: 74
num of flexible tasks: 0
Solving time: 0.000270567 seconds
plan limit 980
current timestep 278
num of flexible agents: 75
num of flexible tasks: 0
Solving time: 0.00025798 seconds
plan limit 980
current timestep 279
num of flexible agents: 76
num of flexible tasks: 0
Solving time: 0.000219814 seconds
plan limit 980
current timestep 280
num of flexible agents: 77
num of flexible tasks: 0
Solving time: 0.000231406 seconds
plan limit 980
current timestep 281
num of flexible agents: 77
num of flexible tasks: 0
Solving time: 0.000267035 seconds
plan limit 980
current timestep 282
num of flexible agents: 77
num of flexible tasks: 0
Solving time: 0.000223872 seconds
plan limit 980
current timestep 283
num of flexible agents: 78
num of flexible tasks: 0
Solving time: 0.000224174 seconds
plan limit 980
current timestep 284
num of flexible agents: 78
num of flexible tasks: 0
Solving time: 0.000236718 seconds
plan limit 980
current timestep 285
num of flexible agents: 79
num of flexible tasks: 0
Solving time: 0.000252897 seconds
plan limit 980
All tasks finished at timestep 286
