current timestep 0
num of flexible agents: 80
num of flexible tasks: 2
Solving time: 0.000296498 seconds
plan limit 980
current timestep 1
num of flexible agents: 79
num of flexible tasks: 3
Solving time: 0.000328283 seconds
plan limit 980
current timestep 2
num of flexible agents: 78
num of flexible tasks: 4
Solving time: 0.00026732 seconds
plan limit 980
current timestep 3
num of flexible agents: 78
num of flexible tasks: 6
Solving time: 0.000306779 seconds
plan limit 980
current timestep 4
num of flexible agents: 77
num of flexible tasks: 7
Solving time: 0.000263173 seconds
plan limit 980
current timestep 5
num of flexible agents: 72
num of flexible tasks: 4
Solving time: 0.000296184 seconds
plan limit 980
current timestep 6
num of flexible agents: 71
num of flexible tasks: 5
Solving time: 0.000306786 seconds
plan limit 980
current timestep 7
num of flexible agents: 70
num of flexible tasks: 6
Solving time: 0.000339461 seconds
plan limit 980
current timestep 8
num of flexible agents: 70
num of flexible tasks: 8
Solving time: 0.000318761 seconds
plan limit 980
current timestep 9
num of flexible agents: 70
num of flexible tasks: 10
Solving time: 0.000388023 seconds
plan limit 980
current timestep 10
num of flexible agents: 71
num of flexible tasks: 12
Solving time: 0.000312195 seconds
plan limit 980
current timestep 11
num of flexible agents: 67
num of flexible tasks: 10
Solving time: 0.000314992 seconds
plan limit 980
current timestep 12
num of flexible agents: 67
num of flexible tasks: 11
Solving time: 0.000302613 seconds
plan limit 980
current timestep 13
num of flexible agents: 65
num of flexible tasks: 11
Solving time: 0.00031721 seconds
plan limit 980
current timestep 14
num of flexible agents: 64
num of flexible tasks: 12
Solving time: 0.000345882 seconds
plan limit 980
current timestep 15
num of flexible agents: 62
num of flexible tasks: 12
Solving time: 0.00033969 seconds
plan limit 980
current timestep 16
num of flexible agents: 60
num of flexible tasks: 12
Solving time: 0.000331233 seconds
plan limit 980
current timestep 17
num of flexible agents: 58
num of flexible tasks: 12
Solving time: 0.000325648 seconds
plan limit 980
current timestep 18
num of flexible agents: 54
num of flexible tasks: 10
Solving time: 0.000313192 seconds
plan limit 980
current timestep 19
num of flexible agents: 52
num of flexible tasks: 9
Solving time: 0.000329478 seconds
plan limit 980
current timestep 20
num of flexible agents: 50
num of flexible tasks: 9
Solving time: 0.000278203 seconds
plan limit 980
current timestep 21
num of flexible agents: 49
num of flexible tasks: 9
Solving time: 0.000334454 seconds
plan limit 980
current timestep 22
num of flexible agents: 47
num of flexible tasks: 9
Solving time: 0.000299294 seconds
plan limit 980
current timestep 23
num of flexible agents: 50
num of flexible tasks: 11
Solving time: 0.000344386 seconds
plan limit 980
current timestep 24
num of flexible agents: 49
num of flexible tasks: 11
Solving time: 0.000347441 seconds
plan limit 980
current timestep 25
num of flexible agents: 46
num of flexible tasks: 10
Solving time: 0.000335323 seconds
plan limit 980
current timestep 26
num of flexible agents: 46
num of flexible tasks: 11
Solving time: 0.000303459 seconds
plan limit 980
current timestep 27
num of flexible agents: 44
num of flexible tasks: 11
Solving time: 0.00032539 seconds
plan limit 980
current timestep 28
num of flexible agents: 41
num of flexible tasks: 10
Solving time: 0.000373614 seconds
plan limit 980
current timestep 29
num of flexible agents: 42
num of flexible tasks: 12
Solving time: 0.000317982 seconds
plan limit 980
current timestep 30
num of flexible agents: 44
num of flexible tasks: 14
Solving time: 0.000321683 seconds
plan limit 980
current timestep 31
num of flexible agents: 44
num of flexible tasks: 14
Solving time: 0.000305234 seconds
plan limit 980
current timestep 32
num of flexible agents: 43
num of flexible tasks: 14
Solving time: 0.000337947 seconds
plan limit 980
current timestep 33
num of flexible agents: 38
num of flexible tasks: 11
Solving time: 0.000336102 seconds
plan limit 980
current timestep 34
num of flexible agents: 39
num of flexible tasks: 12
Solving time: 0.000316402 seconds
plan limit 980
current timestep 35
num of flexible agents: 41
num of flexible tasks: 14
Solving time: 0.000337229 seconds
plan limit 980
current timestep 36
num of flexible agents: 42
num of flexible tasks: 16
Solving time: 0.000416145 seconds
plan limit 980
current timestep 37
num of flexible agents: 41
num of flexible tasks: 14
Solving time: 0.000338502 seconds
plan limit 980
current timestep 38
num of flexible agents: 39
num of flexible tasks: 14
Solving time: 0.000325713 seconds
plan limit 980
current timestep 39
num of flexible agents: 36
num of flexible tasks: 12
Solving time: 0.0003579 seconds
plan limit 980
current timestep 40
num of flexible agents: 35
num of flexible tasks: 12
Solving time: 0.000355009 seconds
plan limit 980
current timestep 41
num of flexible agents: 36
num of flexible tasks: 12
Solving time: 0.000287612 seconds
plan limit 980
current timestep 42
num of flexible agents: 36
num of flexible tasks: 13
Solving time: 0.000333905 seconds
plan limit 980
current timestep 43
num of flexible agents: 36
num of flexible tasks: 12
Solving time: 0.000299329 seconds
plan limit 980
current timestep 44
num of flexible agents: 31
num of flexible tasks: 9
Solving time: 0.000285668 seconds
plan limit 980
current timestep 45
num of flexible agents: 31
num of flexible tasks: 8
Solving time: 0.000279509 seconds
plan limit 980
current timestep 46
num of flexible agents: 28
num of flexible tasks: 6
Solving time: 0.000345566 seconds
plan limit 980
current timestep 47
num of flexible agents: 29
num of flexible tasks: 7
Solving time: 0.000296489 seconds
plan limit 980
current timestep 48
num of flexible agents: 31
num of flexible tasks: 8
Solving time: 0.000381028 seconds
plan limit 980
current timestep 49
num of flexible agents: 32
num of flexible tasks: 10
Solving time: 0.0003385 seconds
plan limit 980
current timestep 50
num of flexible agents: 32
num of flexible tasks: 10
Solving time: 0.000288193 seconds
plan limit 980
current timestep 51
num of flexible agents: 32
num of flexible tasks: 10
Solving time: 0.000280121 seconds
plan limit 980
current timestep 52
num of flexible agents: 34
num of flexible tasks: 10
Solving time: 0.000382281 seconds
plan limit 980
current timestep 53
num of flexible agents: 36
num of flexible tasks: 7
Solving time: 0.00026577 seconds
plan limit 980
current timestep 54
num of flexible agents: 37
num of flexible tasks: 7
Solving time: 0.00029094 seconds
plan limit 980
current timestep 55
num of flexible agents: 41
num of flexible tasks: 9
Solving time: 0.000339715 seconds
plan limit 980
current timestep 56
num of flexible agents: 43
num of flexible tasks: 10
Solving time: 0.000293059 seconds
plan limit 980
current timestep 57
num of flexible agents: 43
num of flexible tasks: 11
Solving time: 0.000311185 seconds
plan limit 980
current timestep 58
num of flexible agents: 45
num of flexible tasks: 10
Solving time: 0.000316563 seconds
plan limit 980
current timestep 59
num of flexible agents: 45
num of flexible tasks: 10
Solving time: 0.000317761 seconds
plan limit 980
current timestep 60
num of flexible agents: 48
num of flexible tasks: 11
Solving time: 0.000308474 seconds
plan limit 980
current timestep 61
num of flexible agents: 47
num of flexible tasks: 10
Solving time: 0.000304528 seconds
plan limit 980
current timestep 62
num of flexible agents: 46
num of flexible tasks: 9
Solving time: 0.000318333 seconds
plan limit 980
current timestep 63
num of flexible agents: 43
num of flexible tasks: 8
Solving time: 0.000287568 seconds
plan limit 980
current timestep 64
num of flexible agents: 45
num of flexible tasks: 10
Solving time: 0.000282821 seconds
plan limit 980
current timestep 65
num of flexible agents: 44
num of flexible tasks: 9
Solving time: 0.000265756 seconds
plan limit 980
current timestep 66
num of flexible agents: 43
num of flexible tasks: 9
Solving time: 0.000259732 seconds
plan limit 980
current timestep 67
num of flexible agents: 44
num of flexible tasks: 9
Solving time: 0.000269921 seconds
plan limit 980
current timestep 68
num of flexible agents: 45
num of flexible tasks: 8
Solving time: 0.000320322 seconds
plan limit 980
current timestep 69
num of flexible agents: 41
num of flexible tasks: 4
Solving time: 0.000288988 seconds
plan limit 980
current timestep 70
num of flexible agents: 43
num of flexible tasks: 5
Solving time: 0.000267541 seconds
plan limit 980
current timestep 71
num of flexible agents: 44
num of flexible tasks: 6
Solving time: 0.00027918 seconds
plan limit 980
current timestep 72
num of flexible agents: 45
num of flexible tasks: 6
Solving time: 0.000270561 seconds
plan limit 980
current timestep 73
num of flexible agents: 46
num of flexible tasks: 7
Solving time: 0.000264279 seconds
plan limit 980
current timestep 74
num of flexible agents: 46
num of flexible tasks: 8
Solving time: 0.000293598 seconds
plan limit 980
current timestep 75
num of flexible agents: 44
num of flexible tasks: 7
Solving time: 0.000308989 seconds
plan limit 980
current timestep 76
num of flexible agents: 45
num of flexible tasks: 8
Solving time: 0.000297267 seconds
plan limit 980
current timestep 77
num of flexible agents: 41
num of flexible tasks: 6
Solving time: 0.000293132 seconds
plan limit 980
current timestep 78
num of flexible agents: 41
num of flexible tasks: 5
Solving time: 0.000302036 seconds
plan limit 980
current timestep 79
num of flexible agents: 44
num of flexible tasks: 7
Solving time: 0.000299859 seconds
plan limit 980
current timestep 80
num of flexible agents: 45
num of flexible tasks: 7
Solving time: 0.000262929 seconds
plan limit 980
current timestep 81
num of flexible agents: 44
num of flexible tasks: 7
Solving time: 0.0002742 seconds
plan limit 980
current timestep 82
num of flexible agents: 45
num of flexible tasks: 9
Solving time: 0.000258122 seconds
plan limit 980
current timestep 83
num of flexible agents: 46
num of flexible tasks: 8
Solving time: 0.000307383 seconds
plan limit 980
current timestep 84
num of flexible agents: 43
num of flexible tasks: 6
Solving time: 0.000266637 seconds
plan limit 980
current timestep 85
num of flexible agents: 41
num of flexible tasks: 6
Solving time: 0.00023603 seconds
plan limit 980
current timestep 86
num of flexible agents: 38
num of flexible tasks: 5
Solving time: 0.000273451 seconds
plan limit 980
current timestep 87
num of flexible agents: 37
num of flexible tasks: 5
Solving time: 0.000296872 seconds
plan limit 980
current timestep 88
num of flexible agents: 37
num of flexible tasks: 7
Solving time: 0.000315754 seconds
plan limit 980
current timestep 89
num of flexible agents: 39
num of flexible tasks: 8
Solving time: 0.000300473 seconds
plan limit 980
current timestep 90
num of flexible agents: 38
num of flexible tasks: 8
Solving time: 0.000266893 seconds
plan limit 980
current timestep 91
num of flexible agents: 39
num of flexible tasks: 9
Solving time: 0.000304964 seconds
plan limit 980
current timestep 92
num of flexible agents: 41
num of flexible tasks: 11
Solving time: 0.000315381 seconds
plan limit 980
current timestep 93
num of flexible agents: 41
num of flexible tasks: 12
Solving time: 0.000303075 seconds
plan limit 980
current timestep 94
num of flexible agents: 41
num of flexible tasks: 10
Solving time: 0.000345512 seconds
plan limit 980
current timestep 95
num of flexible agents: 41
num of flexible tasks: 11
Solving time: 0.000337312 seconds
plan limit 980
current timestep 96
num of flexible agents: 37
num of flexible tasks: 9
Solving time: 0.000309778 seconds
plan limit 980
current timestep 97
num of flexible agents: 40
num of flexible tasks: 11
Solving time: 0.000367897 seconds
plan limit 980
current timestep 98
num of flexible agents: 41
num of flexible tasks: 11
Solving time: 0.000325876 seconds
plan limit 980
current timestep 99
num of flexible agents: 43
num of flexible tasks: 13
Solving time: 0.000329276 seconds
plan limit 980
current timestep 100
num of flexible agents: 39
num of flexible tasks: 9
Solving time: 0.000306882 seconds
plan limit 980
current timestep 101
num of flexible agents: 41
num of flexible tasks: 9
Solving time: 0.000279913 seconds
plan limit 980
current timestep 102
num of flexible agents: 39
num of flexible tasks: 7
Solving time: 0.000297079 seconds
plan limit 980
current timestep 103
num of flexible agents: 38
num of flexible tasks: 6
Solving time: 0.000287152 seconds
plan limit 980
current timestep 104
num of flexible agents: 39
num of flexible tasks: 8
Solving time: 0.000256418 seconds
plan limit 980
current timestep 105
num of flexible agents: 39
num of flexible tasks: 8
Solving time: 0.000314171 seconds
plan limit 980
current timestep 106
num of flexible agents: 38
num of flexible tasks: 9
Solving time: 0.000312465 seconds
plan limit 980
current timestep 107
num of flexible agents: 38
num of flexible tasks: 8
Solving time: 0.000308346 seconds
plan limit 980
current timestep 108
num of flexible agents: 38
num of flexible tasks: 9
Solving time: 0.000297414 seconds
plan limit 980
current timestep 109
num of flexible agents: 39
num of flexible tasks: 10
Solving time: 0.000342025 seconds
plan limit 980
current timestep 110
num of flexible agents: 38
num of flexible tasks: 10
Solving time: 0.000334498 seconds
plan limit 980
current timestep 111
num of flexible agents: 39
num of flexible tasks: 10
Solving time: 0.000295978 seconds
plan limit 980
current timestep 112
num of flexible agents: 38
num of flexible tasks: 10
Solving time: 0.000314378 seconds
plan limit 980
current timestep 113
num of flexible agents: 39
num of flexible tasks: 11
Solving time: 0.000306699 seconds
plan limit 980
current timestep 114
num of flexible agents: 39
num of flexible tasks: 12
Solving time: 0.000362834 seconds
plan limit 980
current timestep 115
num of flexible agents: 39
num of flexible tasks: 12
Solving time: 0.000301597 seconds
plan limit 980
current timestep 116
num of flexible agents: 35
num of flexible tasks: 8
Solving time: 0.00031381 seconds
plan limit 980
current timestep 117
num of flexible agents: 37
num of flexible tasks: 9
Solving time: 0.000298198 seconds
plan limit 980
current timestep 118
num of flexible agents: 37
num of flexible tasks: 9
Solving time: 0.000293084 seconds
plan limit 980
current timestep 119
num of flexible agents: 36
num of flexible tasks: 8
Solving time: 0.000300583 seconds
plan limit 980
current timestep 120
num of flexible agents: 39
num of flexible tasks: 10
Solving time: 0.000307827 seconds
plan limit 980
current timestep 121
num of flexible agents: 35
num of flexible tasks: 8
Solving time: 0.000293558 seconds
plan limit 980
current timestep 122
num of flexible agents: 35
num of flexible tasks: 9
Solving time: 0.000258575 seconds
plan limit 980
current timestep 123
num of flexible agents: 32
num of flexible tasks: 6
Solving time: 0.000277566 seconds
plan limit 980
current timestep 124
num of flexible agents: 33
num of flexible tasks: 6
Solving time: 0.000300832 seconds
plan limit 980
current timestep 125
num of flexible agents: 36
num of flexible tasks: 8
Solving time: 0.000275384 seconds
plan limit 980
current timestep 126
num of flexible agents: 37
num of flexible tasks: 9
Solving time: 0.000270905 seconds
plan limit 980
current timestep 127
num of flexible agents: 34
num of flexible tasks: 7
Solving time: 0.000323925 seconds
plan limit 980
current timestep 128
num of flexible agents: 30
num of flexible tasks: 4
Solving time: 0.000267421 seconds
plan limit 980
current timestep 129
num of flexible agents: 33
num of flexible tasks: 6
Solving time: 0.000279656 seconds
plan limit 980
current timestep 130
num of flexible agents: 33
num of flexible tasks: 8
Solving time: 0.000287806 seconds
plan limit 980
current timestep 131
num of flexible agents: 32
num of flexible tasks: 8
Solving time: 0.000320835 seconds
plan limit 980
current timestep 132
num of flexible agents: 37
num of flexible tasks: 10
Solving time: 0.00026486 seconds
plan limit 980
current timestep 133
num of flexible agents: 35
num of flexible tasks: 7
Solving time: 0.000309629 seconds
plan limit 980
current timestep 134
num of flexible agents: 36
num of flexible tasks: 8
Solving time: 0.000286196 seconds
plan limit 980
current timestep 135
num of flexible agents: 33
num of flexible tasks: 5
Solving time: 0.000337131 seconds
plan limit 980
current timestep 136
num of flexible agents: 35
num of flexible tasks: 6
Solving time: 0.000313136 seconds
plan limit 980
current timestep 137
num of flexible agents: 33
num of flexible tasks: 6
Solving time: 0.000273082 seconds
plan limit 980
current timestep 138
num of flexible agents: 35
num of flexible tasks: 7
Solving time: 0.000294263 seconds
plan limit 980
current timestep 139
num of flexible agents: 36
num of flexible tasks: 9
Solving time: 0.000295608 seconds
plan limit 980
current timestep 140
num of flexible agents: 36
num of flexible tasks: 10
Solving time: 0.000293157 seconds
plan limit 980
current timestep 141
num of flexible agents: 37
num of flexible tasks: 10
Solving time: 0.000261426 seconds
plan limit 980
current timestep 142
num of flexible agents: 34
num of flexible tasks: 9
Solving time: 0.0003133 seconds
plan limit 980
current timestep 143
num of flexible agents: 33
num of flexible tasks: 7
Solving time: 0.000288795 seconds
plan limit 980
current timestep 144
num of flexible agents: 34
num of flexible tasks: 8
Solving time: 0.000304958 seconds
plan limit 980
current timestep 145
num of flexible agents: 33
num of flexible tasks: 8
Solving time: 0.000294647 seconds
plan limit 980
current timestep 146
num of flexible agents: 38
num of flexible tasks: 10
Solving time: 0.000315139 seconds
plan limit 980
current timestep 147
num of flexible agents: 37
num of flexible tasks: 11
Solving time: 0.000336913 seconds
plan limit 980
current timestep 148
num of flexible agents: 38
num of flexible tasks: 11
Solving time: 0.000340382 seconds
plan limit 980
current timestep 149
num of flexible agents: 39
num of flexible tasks: 11
Solving time: 0.000335958 seconds
plan limit 980
current timestep 150
num of flexible agents: 40
num of flexible tasks: 11
Solving time: 0.000317991 seconds
plan limit 980
current timestep 151
num of flexible agents: 43
num of flexible tasks: 10
Solving time: 0.000325609 seconds
plan limit 980
current timestep 152
num of flexible agents: 42
num of flexible tasks: 9
Solving time: 0.000264989 seconds
plan limit 980
current timestep 153
num of flexible agents: 43
num of flexible tasks: 10
Solving time: 0.000251178 seconds
plan limit 980
current timestep 154
num of flexible agents: 42
num of flexible tasks: 10
Solving time: 0.00029471 seconds
plan limit 980
current timestep 155
num of flexible agents: 40
num of flexible tasks: 8
Solving time: 0.000277349 seconds
plan limit 980
current timestep 156
num of flexible agents: 42
num of flexible tasks: 8
Solving time: 0.000248887 seconds
plan limit 980
current timestep 157
num of flexible agents: 44
num of flexible tasks: 9
Solving time: 0.000262823 seconds
plan limit 980
current timestep 158
num of flexible agents: 43
num of flexible tasks: 8
Solving time: 0.000275518 seconds
plan limit 980
current timestep 159
num of flexible agents: 43
num of flexible tasks: 7
Solving time: 0.000278764 seconds
plan limit 980
current timestep 160
num of flexible agents: 40
num of flexible tasks: 5
Solving time: 0.00026123 seconds
plan limit 980
current timestep 161
num of flexible agents: 40
num of flexible tasks: 7
Solving time: 0.000307405 seconds
plan limit 980
current timestep 162
num of flexible agents: 39
num of flexible tasks: 8
Solving time: 0.000272849 seconds
plan limit 980
current timestep 163
num of flexible agents: 41
num of flexible tasks: 7
Solving time: 0.000267027 seconds
plan limit 980
current timestep 164
num of flexible agents: 41
num of flexible tasks: 8
Solving time: 0.000280251 seconds
plan limit 980
current timestep 165
num of flexible agents: 43
num of flexible tasks: 10
Solving time: 0.000290882 seconds
plan limit 980
current timestep 166
num of flexible agents: 42
num of flexible tasks: 10
Solving time: 0.000297758 seconds
plan limit 980
current timestep 167
num of flexible agents: 41
num of flexible tasks: 9
Solving time: 0.000279086 seconds
plan limit 980
current timestep 168
num of flexible agents: 41
num of flexible tasks: 9
Solving time: 0.000271638 seconds
plan limit 980
current timestep 169
num of flexible agents: 41
num of flexible tasks: 8
Solving time: 0.000273442 seconds
plan limit 980
current timestep 170
num of flexible agents: 37
num of flexible tasks: 6
Solving time: 0.000250115 seconds
plan limit 980
current timestep 171
num of flexible agents: 36
num of flexible tasks: 7
Solving time: 0.000268903 seconds
plan limit 980
current timestep 172
num of flexible agents: 36
num of flexible tasks: 8
Solving time: 0.000288198 seconds
plan limit 980
current timestep 173
num of flexible agents: 37
num of flexible tasks: 8
Solving time: 0.000277106 seconds
plan limit 980
current timestep 174
num of flexible agents: 38
num of flexible tasks: 6
Solving time: 0.000294565 seconds
plan limit 980
current timestep 175
num of flexible agents: 39
num of flexible tasks: 6
Solving time: 0.00024514 seconds
plan limit 980
current timestep 176
num of flexible agents: 38
num of flexible tasks: 7
Solving time: 0.000281594 seconds
plan limit 980
current timestep 177
num of flexible agents: 41
num of flexible tasks: 8
Solving time: 0.000321492 seconds
plan limit 980
current timestep 178
num of flexible agents: 43
num of flexible tasks: 9
Solving time: 0.000313124 seconds
plan limit 980
current timestep 179
num of flexible agents: 42
num of flexible tasks: 8
Solving time: 0.000290713 seconds
plan limit 980
current timestep 180
num of flexible agents: 40
num of flexible tasks: 7
Solving time: 0.000257588 seconds
plan limit 980
current timestep 181
num of flexible agents: 39
num of flexible tasks: 8
Solving time: 0.000278725 seconds
plan limit 980
current timestep 182
num of flexible agents: 38
num of flexible tasks: 7
Solving time: 0.000254333 seconds
plan limit 980
current timestep 183
num of flexible agents: 41
num of flexible tasks: 9
Solving time: 0.00027006 seconds
plan limit 980
current timestep 184
num of flexible agents: 39
num of flexible tasks: 8
Solving time: 0.000307968 seconds
plan limit 980
current timestep 185
num of flexible agents: 38
num of flexible tasks: 9
Solving time: 0.00028304 seconds
plan limit 980
current timestep 186
num of flexible agents: 35
num of flexible tasks: 6
Solving time: 0.000287987 seconds
plan limit 980
current timestep 187
num of flexible agents: 38
num of flexible tasks: 7
Solving time: 0.000311159 seconds
plan limit 980
current timestep 188
num of flexible agents: 38
num of flexible tasks: 6
Solving time: 0.000299556 seconds
plan limit 980
current timestep 189
num of flexible agents: 39
num of flexible tasks: 7
Solving time: 0.000263459 seconds
plan limit 980
current timestep 190
num of flexible agents: 39
num of flexible tasks: 8
Solving time: 0.000313377 seconds
plan limit 980
current timestep 191
num of flexible agents: 37
num of flexible tasks: 8
Solving time: 0.000323427 seconds
plan limit 980
current timestep 192
num of flexible agents: 36
num of flexible tasks: 7
Solving time: 0.000349617 seconds
plan limit 980
current timestep 193
num of flexible agents: 34
num of flexible tasks: 7
Solving time: 0.00031144 seconds
plan limit 980
current timestep 194
num of flexible agents: 35
num of flexible tasks: 8
Solving time: 0.000282342 seconds
plan limit 980
current timestep 195
num of flexible agents: 38
num of flexible tasks: 8
Solving time: 0.000290161 seconds
plan limit 980
current timestep 196
num of flexible agents: 38
num of flexible tasks: 7
Solving time: 0.000289634 seconds
plan limit 980
current timestep 197
num of flexible agents: 38
num of flexible tasks: 8
Solving time: 0.000349556 seconds
plan limit 980
current timestep 198
num of flexible agents: 40
num of flexible tasks: 10
Solving time: 0.000322044 seconds
plan limit 980
current timestep 199
num of flexible agents: 43
num of flexible tasks: 10
Solving time: 0.000314025 seconds
plan limit 980
current timestep 200
num of flexible agents: 47
num of flexible tasks: 12
Solving time: 0.000318868 seconds
plan limit 980
current timestep 201
num of flexible agents: 41
num of flexible tasks: 8
Solving time: 0.000281045 seconds
plan limit 980
current timestep 202
num of flexible agents: 41
num of flexible tasks: 9
Solving time: 0.000326004 seconds
plan limit 980
current timestep 203
num of flexible agents: 42
num of flexible tasks: 10
Solving time: 0.000251132 seconds
plan limit 980
current timestep 204
num of flexible agents: 42
num of flexible tasks: 9
Solving time: 0.000320126 seconds
plan limit 980
current timestep 205
num of flexible agents: 42
num of flexible tasks: 10
Solving time: 0.000269793 seconds
plan limit 980
current timestep 206
num of flexible agents: 42
num of flexible tasks: 9
Solving time: 0.000255206 seconds
plan limit 980
current timestep 207
num of flexible agents: 42
num of flexible tasks: 9
Solving time: 0.0002922 seconds
plan limit 980
current timestep 208
num of flexible agents: 38
num of flexible tasks: 7
Solving time: 0.000264206 seconds
plan limit 980
current timestep 209
num of flexible agents: 40
num of flexible tasks: 9
Solving time: 0.000272626 seconds
plan limit 980
current timestep 210
num of flexible agents: 39
num of flexible tasks: 7
Solving time: 0.00030451 seconds
plan limit 980
current timestep 211
num of flexible agents: 38
num of flexible tasks: 5
Solving time: 0.000258342 seconds
plan limit 980
current timestep 212
num of flexible agents: 36
num of flexible tasks: 4
Solving time: 0.000263011 seconds
plan limit 980
current timestep 213
num of flexible agents: 35
num of flexible tasks: 2
Solving time: 0.000287768 seconds
plan limit 980
current timestep 214
num of flexible agents: 35
num of flexible tasks: 3
Solving time: 0.000261731 seconds
plan limit 980
current timestep 215
num of flexible agents: 35
num of flexible tasks: 5
Solving time: 0.000252666 seconds
plan limit 980
current timestep 216
num of flexible agents: 36
num of flexible tasks: 5
Solving time: 0.000299821 seconds
plan limit 980
current timestep 217
num of flexible agents: 36
num of flexible tasks: 5
Solving time: 0.000305902 seconds
plan limit 980
current timestep 218
num of flexible agents: 36
num of flexible tasks: 6
Solving time: 0.000282953 seconds
plan limit 980
current timestep 219
num of flexible agents: 37
num of flexible tasks: 7
Solving time: 0.000293541 seconds
plan limit 980
current timestep 220
num of flexible agents: 37
num of flexible tasks: 8
Solving time: 0.00029084 seconds
plan limit 980
current timestep 221
num of flexible agents: 38
num of flexible tasks: 9
Solving time: 0.000274074 seconds
plan limit 980
current timestep 222
num of flexible agents: 36
num of flexible tasks: 9
Solving time: 0.00032606 seconds
plan limit 980
current timestep 223
num of flexible agents: 36
num of flexible tasks: 9
Solving time: 0.000326312 seconds
plan limit 980
current timestep 224
num of flexible agents: 37
num of flexible tasks: 10
Solving time: 0.000324671 seconds
plan limit 980
current timestep 225
num of flexible agents: 36
num of flexible tasks: 9
Solving time: 0.000303181 seconds
plan limit 980
current timestep 226
num of flexible agents: 39
num of flexible tasks: 10
Solving time: 0.000268829 seconds
plan limit 980
current timestep 227
num of flexible agents: 36
num of flexible tasks: 8
Solving time: 0.000276297 seconds
plan limit 980
current timestep 228
num of flexible agents: 36
num of flexible tasks: 8
Solving time: 0.000294602 seconds
plan limit 980
current timestep 229
num of flexible agents: 35
num of flexible tasks: 8
Solving time: 0.000283215 seconds
plan limit 980
current timestep 230
num of flexible agents: 36
num of flexible tasks: 9
Solving time: 0.000297863 seconds
plan limit 980
current timestep 231
num of flexible agents: 34
num of flexible tasks: 7
Solving time: 0.000297089 seconds
plan limit 980
current timestep 232
num of flexible agents: 37
num of flexible tasks: 9
Solving time: 0.000311977 seconds
plan limit 980
current timestep 233
num of flexible agents: 39
num of flexible tasks: 9
Solving time: 0.00032512 seconds
plan limit 980
current timestep 234
num of flexible agents: 39
num of flexible tasks: 10
Solving time: 0.000304776 seconds
plan limit 980
current timestep 235
num of flexible agents: 40
num of flexible tasks: 9
Solving time: 0.000271916 seconds
plan limit 980
current timestep 236
num of flexible agents: 40
num of flexible tasks: 10
Solving time: 0.000275536 seconds
plan limit 980
current timestep 237
num of flexible agents: 38
num of flexible tasks: 9
Solving time: 0.000287729 seconds
plan limit 980
current timestep 238
num of flexible agents: 37
num of flexible tasks: 7
Solving time: 0.0002795 seconds
plan limit 980
current timestep 239
num of flexible agents: 38
num of flexible tasks: 8
Solving time: 0.0002626 seconds
plan limit 980
current timestep 240
num of flexible agents: 35
num of flexible tasks: 6
Solving time: 0.000289093 seconds
plan limit 980
current timestep 241
num of flexible agents: 34
num of flexible tasks: 5
Solving time: 0.000260062 seconds
plan limit 980
current timestep 242
num of flexible agents: 36
num of flexible tasks: 7
Solving time: 0.000287665 seconds
plan limit 980
current timestep 243
num of flexible agents: 36
num of flexible tasks: 7
Solving time: 0.000279412 seconds
plan limit 980
current timestep 244
num of flexible agents: 36
num of flexible tasks: 7
Solving time: 0.000283431 seconds
plan limit 980
current timestep 245
num of flexible agents: 36
num of flexible tasks: 7
Solving time: 0.000287605 seconds
plan limit 980
current timestep 246
num of flexible agents: 36
num of flexible tasks: 7
Solving time: 0.000291703 seconds
plan limit 980
current timestep 247
num of flexible agents: 37
num of flexible tasks: 6
Solving time: 0.000287861 seconds
plan limit 980
current timestep 248
num of flexible agents: 39
num of flexible tasks: 8
Solving time: 0.000271223 seconds
plan limit 980
current timestep 249
num of flexible agents: 38
num of flexible tasks: 8
Solving time: 0.000296311 seconds
plan limit 980
current timestep 250
num of flexible agents: 36
num of flexible tasks: 6
Solving time: 0.000262165 seconds
plan limit 980
current timestep 251
num of flexible agents: 38
num of flexible tasks: 5
Solving time: 0.000284833 seconds
plan limit 980
current timestep 252
num of flexible agents: 38
num of flexible tasks: 3
Solving time: 0.000271112 seconds
plan limit 980
current timestep 253
num of flexible agents: 41
num of flexible tasks: 2
Solving time: 0.000281181 seconds
plan limit 980
current timestep 254
num of flexible agents: 42
num of flexible tasks: 2
Solving time: 0.000245016 seconds
plan limit 980
current timestep 255
num of flexible agents: 45
num of flexible tasks: 2
Solving time: 0.000272438 seconds
plan limit 980
current timestep 256
num of flexible agents: 48
num of flexible tasks: 2
Solving time: 0.000230295 seconds
plan limit 980
current timestep 257
num of flexible agents: 48
num of flexible tasks: 0
Solving time: 0.000195882 seconds
plan limit 980
current timestep 258
num of flexible agents: 49
num of flexible tasks: 0
Solving time: 0.000232075 seconds
plan limit 980
current timestep 259
num of flexible agents: 53
num of flexible tasks: 0
Solving time: 0.000231155 seconds
plan limit 980
current timestep 260
num of flexible agents: 55
num of flexible tasks: 0
Solving time: 0.000222266 seconds
plan limit 980
current timestep 261
num of flexible agents: 57
num of flexible tasks: 0
Solving time: 0.000246269 seconds
plan limit 980
current timestep 262
num of flexible agents: 59
num of flexible tasks: 0
Solving time: 0.000256844 seconds
plan limit 980
current timestep 263
num of flexible agents: 60
num of flexible tasks: 0
Solving time: 0.000237131 seconds
plan limit 980
current timestep 264
num of flexible agents: 62
num of flexible tasks: 0
Solving time: 0.000243338 seconds
plan limit 980
current timestep 265
num of flexible agents: 62
num of flexible tasks: 0
Solving time: 0.000219505 seconds
plan limit 980
current timestep 266
num of flexible agents: 64
num of flexible tasks: 0
Solving time: 0.000273172 seconds
plan limit 980
current timestep 267
num of flexible agents: 65
num of flexible tasks: 0
Solving time: 0.00023241 seconds
plan limit 980
current timestep 268
num of flexible agents: 65
num of flexible tasks: 0
Solving time: 0.000225727 seconds
plan limit 980
current timestep 269
num of flexible agents: 66
num of flexible tasks: 0
Solving time: 0.000243435 seconds
plan limit 980
current timestep 270
num of flexible agents: 67
num of flexible tasks: 0
Solving time: 0.000227035 seconds
plan limit 980
current timestep 271
num of flexible agents: 67
num of flexible tasks: 0
Solving time: 0.000259222 seconds
plan limit 980
current timestep 272
num of flexible agents: 69
num of flexible tasks: 0
Solving time: 0.000235414 seconds
plan limit 980
current timestep 273
num of flexible agents: 70
num of flexible tasks: 0
Solving time: 0.000222501 seconds
plan limit 980
current timestep 274
num of flexible agents: 71
num of flexible tasks: 0
Solving time: 0.000238284 seconds
plan limit 980
current timestep 275
num of flexible agents: 72
num of flexible tasks: 0
Solving time: 0.000209205 seconds
plan limit 980
current timestep 276
num of flexible agents: 75
num of flexible tasks: 0
Solving time: 0.000220522 seconds
plan limit 980
current timestep 277
num of flexible agents: 76
num of flexible tasks: 0
Solving time: 0.000215565 seconds
plan limit 980
current timestep 278
num of flexible agents: 76
num of flexible tasks: 0
Solving time: 0.000245664 seconds
plan limit 980
current timestep 279
num of flexible agents: 77
num of flexible tasks: 0
Solving time: 0.000235326 seconds
plan limit 980
current timestep 280
num of flexible agents: 78
num of flexible tasks: 0
Solving time: 0.000222335 seconds
plan limit 980
current timestep 281
num of flexible agents: 78
num of flexible tasks: 0
Solving time: 0.000234679 seconds
plan limit 980
current timestep 282
num of flexible agents: 79
num of flexible tasks: 0
Solving time: 0.000262154 seconds
plan limit 980
current timestep 283
num of flexible agents: 79
num of flexible tasks: 0
Solving time: 0.000243823 seconds
plan limit 980
current timestep 284
num of flexible agents: 79
num of flexible tasks: 0
Solving time: 0.000250145 seconds
plan limit 980
current timestep 285
num of flexible agents: 79
num of flexible tasks: 0
Solving time: 0.000221954 seconds
plan limit 980
current timestep 286
num of flexible agents: 79
num of flexible tasks: 0
Solving time: 0.000201837 seconds
plan limit 980
current timestep 287
num of flexible agents: 79
num of flexible tasks: 0
Solving time: 0.000222474 seconds
plan limit 980
current timestep 288
num of flexible agents: 79
num of flexible tasks: 0
Solving time: 0.00019889 seconds
plan limit 980
current timestep 289
num of flexible agents: 79
num of flexible tasks: 0
Solving time: 0.000205458 seconds
plan limit 980
All tasks finished at timestep 290
