current timestep 0
num of flexible agents: 80
num of flexible tasks: 2
Solving time: 0.00030232 seconds
plan limit 980
current timestep 1
num of flexible agents: 80
num of flexible tasks: 4
Solving time: 0.000307918 seconds
plan limit 980
current timestep 2
num of flexible agents: 80
num of flexible tasks: 6
Solving time: 0.000244565 seconds
plan limit 980
current timestep 3
num of flexible agents: 78
num of flexible tasks: 6
Solving time: 0.000273906 seconds
plan limit 980
current timestep 4
num of flexible agents: 78
num of flexible tasks: 8
Solving time: 0.000261783 seconds
plan limit 980
current timestep 5
num of flexible agents: 75
num of flexible tasks: 7
Solving time: 0.000298286 seconds
plan limit 980
current timestep 6
num of flexible agents: 75
num of flexible tasks: 9
Solving time: 0.000284111 seconds
plan limit 980
current timestep 7
num of flexible agents: 73
num of flexible tasks: 9
Solving time: 0.000274146 seconds
plan limit 980
current timestep 8
num of flexible agents: 71
num of flexible tasks: 9
Solving time: 0.000313578 seconds
plan limit 980
current timestep 9
num of flexible agents: 71
num of flexible tasks: 11
Solving time: 0.000287621 seconds
plan limit 980
current timestep 10
num of flexible agents: 70
num of flexible tasks: 12
Solving time: 0.000365875 seconds
plan limit 980
current timestep 11
num of flexible agents: 66
num of flexible tasks: 10
Solving time: 0.000320695 seconds
plan limit 980
current timestep 12
num of flexible agents: 66
num of flexible tasks: 11
Solving time: 0.000354881 seconds
plan limit 980
current timestep 13
num of flexible agents: 64
num of flexible tasks: 11
Solving time: 0.000332021 seconds
plan limit 980
current timestep 14
num of flexible agents: 64
num of flexible tasks: 13
Solving time: 0.000325942 seconds
plan limit 980
current timestep 15
num of flexible agents: 62
num of flexible tasks: 12
Solving time: 0.000347292 seconds
plan limit 980
current timestep 16
num of flexible agents: 61
num of flexible tasks: 13
Solving time: 0.000348303 seconds
plan limit 980
current timestep 17
num of flexible agents: 60
num of flexible tasks: 14
Solving time: 0.000367367 seconds
plan limit 980
current timestep 18
num of flexible agents: 58
num of flexible tasks: 14
Solving time: 0.00036256 seconds
plan limit 980
current timestep 19
num of flexible agents: 58
num of flexible tasks: 14
Solving time: 0.000372654 seconds
plan limit 980
current timestep 20
num of flexible agents: 55
num of flexible tasks: 12
Solving time: 0.000340258 seconds
plan limit 980
current timestep 21
num of flexible agents: 53
num of flexible tasks: 11
Solving time: 0.000297365 seconds
plan limit 980
current timestep 22
num of flexible agents: 52
num of flexible tasks: 11
Solving time: 0.000340832 seconds
plan limit 980
current timestep 23
num of flexible agents: 50
num of flexible tasks: 11
Solving time: 0.000294219 seconds
plan limit 980
current timestep 24
num of flexible agents: 47
num of flexible tasks: 10
Solving time: 0.000334797 seconds
plan limit 980
current timestep 25
num of flexible agents: 47
num of flexible tasks: 11
Solving time: 0.000330862 seconds
plan limit 980
current timestep 26
num of flexible agents: 49
num of flexible tasks: 12
Solving time: 0.000323485 seconds
plan limit 980
current timestep 27
num of flexible agents: 49
num of flexible tasks: 12
Solving time: 0.000307406 seconds
plan limit 980
current timestep 28
num of flexible agents: 49
num of flexible tasks: 13
Solving time: 0.000342656 seconds
plan limit 980
current timestep 29
num of flexible agents: 50
num of flexible tasks: 14
Solving time: 0.000322025 seconds
plan limit 980
current timestep 30
num of flexible agents: 50
num of flexible tasks: 14
Solving time: 0.000335474 seconds
plan limit 980
current timestep 31
num of flexible agents: 49
num of flexible tasks: 13
Solving time: 0.000339059 seconds
plan limit 980
current timestep 32
num of flexible agents: 49
num of flexible tasks: 14
Solving time: 0.000317357 seconds
plan limit 980
current timestep 33
num of flexible agents: 50
num of flexible tasks: 15
Solving time: 0.000345207 seconds
plan limit 980
current timestep 34
num of flexible agents: 48
num of flexible tasks: 14
Solving time: 0.000338457 seconds
plan limit 980
current timestep 35
num of flexible agents: 46
num of flexible tasks: 13
Solving time: 0.000282294 seconds
plan limit 980
current timestep 36
num of flexible agents: 49
num of flexible tasks: 13
Solving time: 0.000287891 seconds
plan limit 980
current timestep 37
num of flexible agents: 46
num of flexible tasks: 11
Solving time: 0.000289329 seconds
plan limit 980
current timestep 38
num of flexible agents: 46
num of flexible tasks: 11
Solving time: 0.000273255 seconds
plan limit 980
current timestep 39
num of flexible agents: 44
num of flexible tasks: 9
Solving time: 0.00029835 seconds
plan limit 980
current timestep 40
num of flexible agents: 46
num of flexible tasks: 9
Solving time: 0.000284694 seconds
plan limit 980
current timestep 41
num of flexible agents: 43
num of flexible tasks: 8
Solving time: 0.000281827 seconds
plan limit 980
current timestep 42
num of flexible agents: 43
num of flexible tasks: 9
Solving time: 0.000340722 seconds
plan limit 980
current timestep 43
num of flexible agents: 46
num of flexible tasks: 10
Solving time: 0.000302103 seconds
plan limit 980
current timestep 44
num of flexible agents: 48
num of flexible tasks: 11
Solving time: 0.000274011 seconds
plan limit 980
current timestep 45
num of flexible agents: 47
num of flexible tasks: 11
Solving time: 0.000333119 seconds
plan limit 980
current timestep 46
num of flexible agents: 48
num of flexible tasks: 13
Solving time: 0.000316077 seconds
plan limit 980
current timestep 47
num of flexible agents: 49
num of flexible tasks: 14
Solving time: 0.000308644 seconds
plan limit 980
current timestep 48
num of flexible agents: 46
num of flexible tasks: 11
Solving time: 0.000321461 seconds
plan limit 980
current timestep 49
num of flexible agents: 44
num of flexible tasks: 11
Solving time: 0.000290502 seconds
plan limit 980
current timestep 50
num of flexible agents: 41
num of flexible tasks: 10
Solving time: 0.000319297 seconds
plan limit 980
current timestep 51
num of flexible agents: 41
num of flexible tasks: 12
Solving time: 0.000333273 seconds
plan limit 980
current timestep 52
num of flexible agents: 38
num of flexible tasks: 10
Solving time: 0.000335061 seconds
plan limit 980
current timestep 53
num of flexible agents: 36
num of flexible tasks: 9
Solving time: 0.000336569 seconds
plan limit 980
current timestep 54
num of flexible agents: 38
num of flexible tasks: 11
Solving time: 0.000292965 seconds
plan limit 980
current timestep 55
num of flexible agents: 41
num of flexible tasks: 12
Solving time: 0.00031548 seconds
plan limit 980
current timestep 56
num of flexible agents: 43
num of flexible tasks: 14
Solving time: 0.000288623 seconds
plan limit 980
current timestep 57
num of flexible agents: 42
num of flexible tasks: 13
Solving time: 0.000265432 seconds
plan limit 980
current timestep 58
num of flexible agents: 41
num of flexible tasks: 13
Solving time: 0.000286506 seconds
plan limit 980
current timestep 59
num of flexible agents: 40
num of flexible tasks: 12
Solving time: 0.00027949 seconds
plan limit 980
current timestep 60
num of flexible agents: 41
num of flexible tasks: 12
Solving time: 0.000319234 seconds
plan limit 980
current timestep 61
num of flexible agents: 44
num of flexible tasks: 14
Solving time: 0.000279294 seconds
plan limit 980
current timestep 62
num of flexible agents: 40
num of flexible tasks: 11
Solving time: 0.000327734 seconds
plan limit 980
current timestep 63
num of flexible agents: 40
num of flexible tasks: 11
Solving time: 0.000305758 seconds
plan limit 980
current timestep 64
num of flexible agents: 39
num of flexible tasks: 12
Solving time: 0.000325939 seconds
plan limit 980
current timestep 65
num of flexible agents: 38
num of flexible tasks: 12
Solving time: 0.00033333 seconds
plan limit 980
current timestep 66
num of flexible agents: 39
num of flexible tasks: 11
Solving time: 0.00030721 seconds
plan limit 980
current timestep 67
num of flexible agents: 44
num of flexible tasks: 12
Solving time: 0.000300986 seconds
plan limit 980
current timestep 68
num of flexible agents: 43
num of flexible tasks: 11
Solving time: 0.000311627 seconds
plan limit 980
current timestep 69
num of flexible agents: 44
num of flexible tasks: 11
Solving time: 0.000351318 seconds
plan limit 980
current timestep 70
num of flexible agents: 46
num of flexible tasks: 12
Solving time: 0.000285699 seconds
plan limit 980
current timestep 71
num of flexible agents: 45
num of flexible tasks: 12
Solving time: 0.000294314 seconds
plan limit 980
current timestep 72
num of flexible agents: 40
num of flexible tasks: 9
Solving time: 0.000264369 seconds
plan limit 980
current timestep 73
num of flexible agents: 40
num of flexible tasks: 10
Solving time: 0.000249461 seconds
plan limit 980
current timestep 74
num of flexible agents: 40
num of flexible tasks: 11
Solving time: 0.000316385 seconds
plan limit 980
current timestep 75
num of flexible agents: 40
num of flexible tasks: 11
Solving time: 0.000289273 seconds
plan limit 980
current timestep 76
num of flexible agents: 40
num of flexible tasks: 12
Solving time: 0.000304804 seconds
plan limit 980
current timestep 77
num of flexible agents: 36
num of flexible tasks: 10
Solving time: 0.00029888 seconds
plan limit 980
current timestep 78
num of flexible agents: 33
num of flexible tasks: 9
Solving time: 0.000340046 seconds
plan limit 980
current timestep 79
num of flexible agents: 36
num of flexible tasks: 11
Solving time: 0.000274102 seconds
plan limit 980
current timestep 80
num of flexible agents: 36
num of flexible tasks: 11
Solving time: 0.000291041 seconds
plan limit 980
current timestep 81
num of flexible agents: 36
num of flexible tasks: 11
Solving time: 0.000285414 seconds
plan limit 980
current timestep 82
num of flexible agents: 38
num of flexible tasks: 11
Solving time: 0.000283099 seconds
plan limit 980
current timestep 83
num of flexible agents: 38
num of flexible tasks: 12
Solving time: 0.000286139 seconds
plan limit 980
current timestep 84
num of flexible agents: 40
num of flexible tasks: 12
Solving time: 0.000304651 seconds
plan limit 980
current timestep 85
num of flexible agents: 37
num of flexible tasks: 10
Solving time: 0.000276819 seconds
plan limit 980
current timestep 86
num of flexible agents: 37
num of flexible tasks: 9
Solving time: 0.000254983 seconds
plan limit 980
current timestep 87
num of flexible agents: 37
num of flexible tasks: 11
Solving time: 0.000316706 seconds
plan limit 980
current timestep 88
num of flexible agents: 37
num of flexible tasks: 11
Solving time: 0.000270334 seconds
plan limit 980
current timestep 89
num of flexible agents: 35
num of flexible tasks: 11
Solving time: 0.000269471 seconds
plan limit 980
current timestep 90
num of flexible agents: 36
num of flexible tasks: 10
Solving time: 0.000294967 seconds
plan limit 980
current timestep 91
num of flexible agents: 34
num of flexible tasks: 8
Solving time: 0.000299343 seconds
plan limit 980
current timestep 92
num of flexible agents: 35
num of flexible tasks: 8
Solving time: 0.000305175 seconds
plan limit 980
current timestep 93
num of flexible agents: 34
num of flexible tasks: 8
Solving time: 0.000299292 seconds
plan limit 980
current timestep 94
num of flexible agents: 36
num of flexible tasks: 9
Solving time: 0.000287927 seconds
plan limit 980
current timestep 95
num of flexible agents: 38
num of flexible tasks: 11
Solving time: 0.000329215 seconds
plan limit 980
current timestep 96
num of flexible agents: 43
num of flexible tasks: 13
Solving time: 0.000342639 seconds
plan limit 980
current timestep 97
num of flexible agents: 42
num of flexible tasks: 13
Solving time: 0.00031058 seconds
plan limit 980
current timestep 98
num of flexible agents: 41
num of flexible tasks: 11
Solving time: 0.000304743 seconds
plan limit 980
current timestep 99
num of flexible agents: 41
num of flexible tasks: 10
Solving time: 0.000283547 seconds
plan limit 980
current timestep 100
num of flexible agents: 37
num of flexible tasks: 8
Solving time: 0.000271705 seconds
plan limit 980
current timestep 101
num of flexible agents: 37
num of flexible tasks: 8
Solving time: 0.000326444 seconds
plan limit 980
current timestep 102
num of flexible agents: 37
num of flexible tasks: 8
Solving time: 0.000286469 seconds
plan limit 980
current timestep 103
num of flexible agents: 40
num of flexible tasks: 10
Solving time: 0.000320583 seconds
plan limit 980
current timestep 104
num of flexible agents: 41
num of flexible tasks: 10
Solving time: 0.000336115 seconds
plan limit 980
current timestep 105
num of flexible agents: 42
num of flexible tasks: 12
Solving time: 0.000338488 seconds
plan limit 980
current timestep 106
num of flexible agents: 41
num of flexible tasks: 13
Solving time: 0.000303146 seconds
plan limit 980
current timestep 107
num of flexible agents: 39
num of flexible tasks: 11
Solving time: 0.000274778 seconds
plan limit 980
current timestep 108
num of flexible agents: 36
num of flexible tasks: 10
Solving time: 0.000286987 seconds
plan limit 980
current timestep 109
num of flexible agents: 37
num of flexible tasks: 9
Solving time: 0.000268007 seconds
plan limit 980
current timestep 110
num of flexible agents: 38
num of flexible tasks: 9
Solving time: 0.000276012 seconds
plan limit 980
current timestep 111
num of flexible agents: 37
num of flexible tasks: 9
Solving time: 0.000299585 seconds
plan limit 980
current timestep 112
num of flexible agents: 36
num of flexible tasks: 8
Solving time: 0.000245124 seconds
plan limit 980
current timestep 113
num of flexible agents: 40
num of flexible tasks: 9
Solving time: 0.000248278 seconds
plan limit 980
current timestep 114
num of flexible agents: 37
num of flexible tasks: 7
Solving time: 0.000291595 seconds
plan limit 980
current timestep 115
num of flexible agents: 35
num of flexible tasks: 6
Solving time: 0.000266608 seconds
plan limit 980
current timestep 116
num of flexible agents: 36
num of flexible tasks: 8
Solving time: 0.000265063 seconds
plan limit 980
current timestep 117
num of flexible agents: 35
num of flexible tasks: 9
Solving time: 0.000259518 seconds
plan limit 980
current timestep 118
num of flexible agents: 35
num of flexible tasks: 8
Solving time: 0.000295906 seconds
plan limit 980
current timestep 119
num of flexible agents: 37
num of flexible tasks: 9
Solving time: 0.000267675 seconds
plan limit 980
current timestep 120
num of flexible agents: 36
num of flexible tasks: 8
Solving time: 0.000273155 seconds
plan limit 980
current timestep 121
num of flexible agents: 39
num of flexible tasks: 10
Solving time: 0.000275348 seconds
plan limit 980
current timestep 122
num of flexible agents: 40
num of flexible tasks: 9
Solving time: 0.000272457 seconds
plan limit 980
current timestep 123
num of flexible agents: 38
num of flexible tasks: 8
Solving time: 0.00032869 seconds
plan limit 980
current timestep 124
num of flexible agents: 38
num of flexible tasks: 9
Solving time: 0.000312849 seconds
plan limit 980
current timestep 125
num of flexible agents: 39
num of flexible tasks: 10
Solving time: 0.000297029 seconds
plan limit 980
current timestep 126
num of flexible agents: 38
num of flexible tasks: 10
Solving time: 0.000295998 seconds
plan limit 980
current timestep 127
num of flexible agents: 37
num of flexible tasks: 10
Solving time: 0.000279266 seconds
plan limit 980
current timestep 128
num of flexible agents: 38
num of flexible tasks: 11
Solving time: 0.000252529 seconds
plan limit 980
current timestep 129
num of flexible agents: 37
num of flexible tasks: 10
Solving time: 0.000312609 seconds
plan limit 980
current timestep 130
num of flexible agents: 36
num of flexible tasks: 9
Solving time: 0.000286252 seconds
plan limit 980
current timestep 131
num of flexible agents: 37
num of flexible tasks: 10
Solving time: 0.000275992 seconds
plan limit 980
current timestep 132
num of flexible agents: 36
num of flexible tasks: 10
Solving time: 0.000304066 seconds
plan limit 980
current timestep 133
num of flexible agents: 38
num of flexible tasks: 9
Solving time: 0.000257108 seconds
plan limit 980
current timestep 134
num of flexible agents: 35
num of flexible tasks: 7
Solving time: 0.000256197 seconds
plan limit 980
current timestep 135
num of flexible agents: 37
num of flexible tasks: 8
Solving time: 0.000279995 seconds
plan limit 980
current timestep 136
num of flexible agents: 40
num of flexible tasks: 10
Solving time: 0.00031492 seconds
plan limit 980
current timestep 137
num of flexible agents: 44
num of flexible tasks: 12
Solving time: 0.000277816 seconds
plan limit 980
current timestep 138
num of flexible agents: 41
num of flexible tasks: 9
Solving time: 0.000296717 seconds
plan limit 980
current timestep 139
num of flexible agents: 43
num of flexible tasks: 8
Solving time: 0.000264174 seconds
plan limit 980
current timestep 140
num of flexible agents: 47
num of flexible tasks: 9
Solving time: 0.00024749 seconds
plan limit 980
current timestep 141
num of flexible agents: 45
num of flexible tasks: 7
Solving time: 0.000250903 seconds
plan limit 980
current timestep 142
num of flexible agents: 44
num of flexible tasks: 6
Solving time: 0.000249601 seconds
plan limit 980
current timestep 143
num of flexible agents: 41
num of flexible tasks: 5
Solving time: 0.000248762 seconds
plan limit 980
current timestep 144
num of flexible agents: 40
num of flexible tasks: 4
Solving time: 0.000271619 seconds
plan limit 980
current timestep 145
num of flexible agents: 41
num of flexible tasks: 6
Solving time: 0.00029559 seconds
plan limit 980
current timestep 146
num of flexible agents: 42
num of flexible tasks: 7
Solving time: 0.000278516 seconds
plan limit 980
current timestep 147
num of flexible agents: 44
num of flexible tasks: 9
Solving time: 0.000272412 seconds
plan limit 980
current timestep 148
num of flexible agents: 45
num of flexible tasks: 11
Solving time: 0.000264923 seconds
plan limit 980
current timestep 149
num of flexible agents: 43
num of flexible tasks: 8
Solving time: 0.000253661 seconds
plan limit 980
current timestep 150
num of flexible agents: 39
num of flexible tasks: 6
Solving time: 0.000296176 seconds
plan limit 980
current timestep 151
num of flexible agents: 41
num of flexible tasks: 8
Solving time: 0.000274036 seconds
plan limit 980
current timestep 152
num of flexible agents: 40
num of flexible tasks: 8
Solving time: 0.00025117 seconds
plan limit 980
current timestep 153
num of flexible agents: 40
num of flexible tasks: 8
Solving time: 0.000297107 seconds
plan limit 980
current timestep 154
num of flexible agents: 38
num of flexible tasks: 8
Solving time: 0.000294005 seconds
plan limit 980
current timestep 155
num of flexible agents: 39
num of flexible tasks: 8
Solving time: 0.000301349 seconds
plan limit 980
current timestep 156
num of flexible agents: 40
num of flexible tasks: 9
Solving time: 0.00031624 seconds
plan limit 980
current timestep 157
num of flexible agents: 38
num of flexible tasks: 9
Solving time: 0.000320049 seconds
plan limit 980
current timestep 158
num of flexible agents: 40
num of flexible tasks: 11
Solving time: 0.000303023 seconds
plan limit 980
current timestep 159
num of flexible agents: 41
num of flexible tasks: 12
Solving time: 0.000307163 seconds
plan limit 980
current timestep 160
num of flexible agents: 40
num of flexible tasks: 12
Solving time: 0.00030303 seconds
plan limit 980
current timestep 161
num of flexible agents: 40
num of flexible tasks: 11
Solving time: 0.000273556 seconds
plan limit 980
current timestep 162
num of flexible agents: 39
num of flexible tasks: 10
Solving time: 0.000267699 seconds
plan limit 980
current timestep 163
num of flexible agents: 40
num of flexible tasks: 11
Solving time: 0.000261738 seconds
plan limit 980
current timestep 164
num of flexible agents: 39
num of flexible tasks: 9
Solving time: 0.000274256 seconds
plan limit 980
current timestep 165
num of flexible agents: 38
num of flexible tasks: 8
Solving time: 0.000254147 seconds
plan limit 980
current timestep 166
num of flexible agents: 37
num of flexible tasks: 8
Solving time: 0.000257749 seconds
plan limit 980
current timestep 167
num of flexible agents: 34
num of flexible tasks: 5
Solving time: 0.000280048 seconds
plan limit 980
current timestep 168
num of flexible agents: 34
num of flexible tasks: 7
Solving time: 0.000270424 seconds
plan limit 980
current timestep 169
num of flexible agents: 33
num of flexible tasks: 8
Solving time: 0.000285456 seconds
plan limit 980
current timestep 170
num of flexible agents: 34
num of flexible tasks: 9
Solving time: 0.000278728 seconds
plan limit 980
current timestep 171
num of flexible agents: 35
num of flexible tasks: 10
Solving time: 0.000308167 seconds
plan limit 980
current timestep 172
num of flexible agents: 31
num of flexible tasks: 8
Solving time: 0.000284626 seconds
plan limit 980
current timestep 173
num of flexible agents: 33
num of flexible tasks: 10
Solving time: 0.000295301 seconds
plan limit 980
current timestep 174
num of flexible agents: 34
num of flexible tasks: 11
Solving time: 0.000293306 seconds
plan limit 980
current timestep 175
num of flexible agents: 34
num of flexible tasks: 10
Solving time: 0.000294931 seconds
plan limit 980
current timestep 176
num of flexible agents: 37
num of flexible tasks: 10
Solving time: 0.000278748 seconds
plan limit 980
current timestep 177
num of flexible agents: 39
num of flexible tasks: 10
Solving time: 0.000285685 seconds
plan limit 980
current timestep 178
num of flexible agents: 38
num of flexible tasks: 9
Solving time: 0.000314032 seconds
plan limit 980
current timestep 179
num of flexible agents: 40
num of flexible tasks: 10
Solving time: 0.000294551 seconds
plan limit 980
current timestep 180
num of flexible agents: 40
num of flexible tasks: 11
Solving time: 0.000286042 seconds
plan limit 980
current timestep 181
num of flexible agents: 39
num of flexible tasks: 10
Solving time: 0.000297113 seconds
plan limit 980
current timestep 182
num of flexible agents: 36
num of flexible tasks: 8
Solving time: 0.000282942 seconds
plan limit 980
current timestep 183
num of flexible agents: 34
num of flexible tasks: 6
Solving time: 0.000274979 seconds
plan limit 980
current timestep 184
num of flexible agents: 35
num of flexible tasks: 7
Solving time: 0.000286946 seconds
plan limit 980
current timestep 185
num of flexible agents: 36
num of flexible tasks: 7
Solving time: 0.000240858 seconds
plan limit 980
current timestep 186
num of flexible agents: 33
num of flexible tasks: 6
Solving time: 0.000237559 seconds
plan limit 980
current timestep 187
num of flexible agents: 32
num of flexible tasks: 6
Solving time: 0.000257043 seconds
plan limit 980
current timestep 188
num of flexible agents: 30
num of flexible tasks: 4
Solving time: 0.000251725 seconds
plan limit 980
current timestep 189
num of flexible agents: 32
num of flexible tasks: 5
Solving time: 0.000286909 seconds
plan limit 980
current timestep 190
num of flexible agents: 33
num of flexible tasks: 5
Solving time: 0.000260143 seconds
plan limit 980
current timestep 191
num of flexible agents: 33
num of flexible tasks: 6
Solving time: 0.000277581 seconds
plan limit 980
current timestep 192
num of flexible agents: 37
num of flexible tasks: 8
Solving time: 0.000261533 seconds
plan limit 980
current timestep 193
num of flexible agents: 36
num of flexible tasks: 7
Solving time: 0.00028121 seconds
plan limit 980
current timestep 194
num of flexible agents: 36
num of flexible tasks: 7
Solving time: 0.000244591 seconds
plan limit 980
current timestep 195
num of flexible agents: 38
num of flexible tasks: 7
Solving time: 0.000267904 seconds
plan limit 980
current timestep 196
num of flexible agents: 36
num of flexible tasks: 5
Solving time: 0.000236173 seconds
plan limit 980
current timestep 197
num of flexible agents: 38
num of flexible tasks: 6
Solving time: 0.000262194 seconds
plan limit 980
current timestep 198
num of flexible agents: 39
num of flexible tasks: 7
Solving time: 0.000286519 seconds
plan limit 980
current timestep 199
num of flexible agents: 37
num of flexible tasks: 6
Solving time: 0.000294156 seconds
plan limit 980
current timestep 200
num of flexible agents: 37
num of flexible tasks: 8
Solving time: 0.000277964 seconds
plan limit 980
current timestep 201
num of flexible agents: 40
num of flexible tasks: 10
Solving time: 0.000302107 seconds
plan limit 980
current timestep 202
num of flexible agents: 39
num of flexible tasks: 8
Solving time: 0.000280021 seconds
plan limit 980
current timestep 203
num of flexible agents: 39
num of flexible tasks: 9
Solving time: 0.000297698 seconds
plan limit 980
current timestep 204
num of flexible agents: 40
num of flexible tasks: 9
Solving time: 0.000320625 seconds
plan limit 980
current timestep 205
num of flexible agents: 42
num of flexible tasks: 9
Solving time: 0.000275358 seconds
plan limit 980
current timestep 206
num of flexible agents: 41
num of flexible tasks: 7
Solving time: 0.000270775 seconds
plan limit 980
current timestep 207
num of flexible agents: 37
num of flexible tasks: 4
Solving time: 0.000259999 seconds
plan limit 980
current timestep 208
num of flexible agents: 37
num of flexible tasks: 4
Solving time: 0.000241846 seconds
plan limit 980
current timestep 209
num of flexible agents: 40
num of flexible tasks: 6
Solving time: 0.000241251 seconds
plan limit 980
current timestep 210
num of flexible agents: 38
num of flexible tasks: 6
Solving time: 0.000280102 seconds
plan limit 980
current timestep 211
num of flexible agents: 36
num of flexible tasks: 6
Solving time: 0.000251898 seconds
plan limit 980
current timestep 212
num of flexible agents: 36
num of flexible tasks: 6
Solving time: 0.000251432 seconds
plan limit 980
current timestep 213
num of flexible agents: 40
num of flexible tasks: 7
Solving time: 0.000280719 seconds
plan limit 980
current timestep 214
num of flexible agents: 37
num of flexible tasks: 6
Solving time: 0.000224998 seconds
plan limit 980
current timestep 215
num of flexible agents: 37
num of flexible tasks: 7
Solving time: 0.000280004 seconds
plan limit 980
current timestep 216
num of flexible agents: 38
num of flexible tasks: 8
Solving time: 0.000263751 seconds
plan limit 980
current timestep 217
num of flexible agents: 39
num of flexible tasks: 9
Solving time: 0.000242951 seconds
plan limit 980
current timestep 218
num of flexible agents: 40
num of flexible tasks: 10
Solving time: 0.000257445 seconds
plan limit 980
current timestep 219
num of flexible agents: 38
num of flexible tasks: 8
Solving time: 0.000282055 seconds
plan limit 980
current timestep 220
num of flexible agents: 39
num of flexible tasks: 8
Solving time: 0.000304934 seconds
plan limit 980
current timestep 221
num of flexible agents: 40
num of flexible tasks: 8
Solving time: 0.000281904 seconds
plan limit 980
current timestep 222
num of flexible agents: 41
num of flexible tasks: 9
Solving time: 0.000351484 seconds
plan limit 980
current timestep 223
num of flexible agents: 42
num of flexible tasks: 10
Solving time: 0.000297434 seconds
plan limit 980
current timestep 224
num of flexible agents: 43
num of flexible tasks: 11
Solving time: 0.000285679 seconds
plan limit 980
current timestep 225
num of flexible agents: 39
num of flexible tasks: 9
Solving time: 0.000280463 seconds
plan limit 980
current timestep 226
num of flexible agents: 38
num of flexible tasks: 9
Solving time: 0.000278035 seconds
plan limit 980
current timestep 227
num of flexible agents: 39
num of flexible tasks: 9
Solving time: 0.000275531 seconds
plan limit 980
current timestep 228
num of flexible agents: 39
num of flexible tasks: 9
Solving time: 0.000249599 seconds
plan limit 980
current timestep 229
num of flexible agents: 37
num of flexible tasks: 8
Solving time: 0.000258672 seconds
plan limit 980
current timestep 230
num of flexible agents: 35
num of flexible tasks: 8
Solving time: 0.000278692 seconds
plan limit 980
current timestep 231
num of flexible agents: 36
num of flexible tasks: 8
Solving time: 0.00027488 seconds
plan limit 980
current timestep 232
num of flexible agents: 38
num of flexible tasks: 10
Solving time: 0.000268735 seconds
plan limit 980
current timestep 233
num of flexible agents: 37
num of flexible tasks: 11
Solving time: 0.000259041 seconds
plan limit 980
current timestep 234
num of flexible agents: 36
num of flexible tasks: 9
Solving time: 0.00028251 seconds
plan limit 980
current timestep 235
num of flexible agents: 37
num of flexible tasks: 10
Solving time: 0.000290661 seconds
plan limit 980
current timestep 236
num of flexible agents: 39
num of flexible tasks: 9
Solving time: 0.000269487 seconds
plan limit 980
current timestep 237
num of flexible agents: 36
num of flexible tasks: 8
Solving time: 0.000271775 seconds
plan limit 980
current timestep 238
num of flexible agents: 34
num of flexible tasks: 7
Solving time: 0.000297774 seconds
plan limit 980
current timestep 239
num of flexible agents: 37
num of flexible tasks: 9
Solving time: 0.00026429 seconds
plan limit 980
current timestep 240
num of flexible agents: 39
num of flexible tasks: 10
Solving time: 0.000317659 seconds
plan limit 980
current timestep 241
num of flexible agents: 42
num of flexible tasks: 12
Solving time: 0.000300192 seconds
plan limit 980
current timestep 242
num of flexible agents: 44
num of flexible tasks: 12
Solving time: 0.000280751 seconds
plan limit 980
current timestep 243
num of flexible agents: 44
num of flexible tasks: 12
Solving time: 0.000279725 seconds
plan limit 980
current timestep 244
num of flexible agents: 47
num of flexible tasks: 13
Solving time: 0.000274284 seconds
plan limit 980
current timestep 245
num of flexible agents: 42
num of flexible tasks: 10
Solving time: 0.000284136 seconds
plan limit 980
current timestep 246
num of flexible agents: 42
num of flexible tasks: 9
Solving time: 0.000274037 seconds
plan limit 980
current timestep 247
num of flexible agents: 41
num of flexible tasks: 10
Solving time: 0.000292016 seconds
plan limit 980
current timestep 248
num of flexible agents: 39
num of flexible tasks: 8
Solving time: 0.00028004 seconds
plan limit 980
current timestep 249
num of flexible agents: 39
num of flexible tasks: 9
Solving time: 0.000284231 seconds
plan limit 980
current timestep 250
num of flexible agents: 38
num of flexible tasks: 6
Solving time: 0.000261316 seconds
plan limit 980
current timestep 251
num of flexible agents: 39
num of flexible tasks: 5
Solving time: 0.000246388 seconds
plan limit 980
current timestep 252
num of flexible agents: 41
num of flexible tasks: 4
Solving time: 0.00023521 seconds
plan limit 980
current timestep 253
num of flexible agents: 44
num of flexible tasks: 4
Solving time: 0.000240158 seconds
plan limit 980
current timestep 254
num of flexible agents: 45
num of flexible tasks: 3
Solving time: 0.000263385 seconds
plan limit 980
current timestep 255
num of flexible agents: 46
num of flexible tasks: 2
Solving time: 0.000278245 seconds
plan limit 980
current timestep 256
num of flexible agents: 47
num of flexible tasks: 2
Solving time: 0.000234182 seconds
plan limit 980
current timestep 257
num of flexible agents: 47
num of flexible tasks: 1
Solving time: 0.000256472 seconds
plan limit 980
current timestep 258
num of flexible agents: 48
num of flexible tasks: 1
Solving time: 0.000232536 seconds
plan limit 980
current timestep 259
num of flexible agents: 51
num of flexible tasks: 1
Solving time: 0.000239418 seconds
plan limit 980
current timestep 260
num of flexible agents: 52
num of flexible tasks: 0
Solving time: 0.000245352 seconds
plan limit 980
current timestep 261
num of flexible agents: 54
num of flexible tasks: 0
Solving time: 0.000240928 seconds
plan limit 980
current timestep 262
num of flexible agents: 54
num of flexible tasks: 0
Solving time: 0.000237296 seconds
plan limit 980
current timestep 263
num of flexible agents: 56
num of flexible tasks: 0
Solving time: 0.000214248 seconds
plan limit 980
current timestep 264
num of flexible agents: 56
num of flexible tasks: 0
Solving time: 0.000235809 seconds
plan limit 980
current timestep 265
num of flexible agents: 57
num of flexible tasks: 0
Solving time: 0.000241894 seconds
plan limit 980
current timestep 266
num of flexible agents: 59
num of flexible tasks: 0
Solving time: 0.000228888 seconds
plan limit 980
current timestep 267
num of flexible agents: 60
num of flexible tasks: 0
Solving time: 0.000242237 seconds
plan limit 980
current timestep 268
num of flexible agents: 63
num of flexible tasks: 0
Solving time: 0.000213772 seconds
plan limit 980
current timestep 269
num of flexible agents: 65
num of flexible tasks: 0
Solving time: 0.000214414 seconds
plan limit 980
current timestep 270
num of flexible agents: 65
num of flexible tasks: 0
Solving time: 0.000208685 seconds
plan limit 980
current timestep 271
num of flexible agents: 68
num of flexible tasks: 0
Solving time: 0.000216159 seconds
plan limit 980
current timestep 272
num of flexible agents: 72
num of flexible tasks: 0
Solving time: 0.00023245 seconds
plan limit 980
current timestep 273
num of flexible agents: 72
num of flexible tasks: 0
Solving time: 0.000213155 seconds
plan limit 980
current timestep 274
num of flexible agents: 72
num of flexible tasks: 0
Solving time: 0.000232599 seconds
plan limit 980
current timestep 275
num of flexible agents: 73
num of flexible tasks: 0
Solving time: 0.000217345 seconds
plan limit 980
current timestep 276
num of flexible agents: 74
num of flexible tasks: 0
Solving time: 0.000221772 seconds
plan limit 980
current timestep 277
num of flexible agents: 74
num of flexible tasks: 0
Solving time: 0.000253874 seconds
plan limit 980
current timestep 278
num of flexible agents: 76
num of flexible tasks: 0
Solving time: 0.000210604 seconds
plan limit 980
current timestep 279
num of flexible agents: 77
num of flexible tasks: 0
Solving time: 0.000215291 seconds
plan limit 980
current timestep 280
num of flexible agents: 77
num of flexible tasks: 0
Solving time: 0.000205982 seconds
plan limit 980
current timestep 281
num of flexible agents: 77
num of flexible tasks: 0
Solving time: 0.000242678 seconds
plan limit 980
current timestep 282
num of flexible agents: 77
num of flexible tasks: 0
Solving time: 0.00022722 seconds
plan limit 980
current timestep 283
num of flexible agents: 78
num of flexible tasks: 0
Solving time: 0.000252064 seconds
plan limit 980
current timestep 284
num of flexible agents: 78
num of flexible tasks: 0
Solving time: 0.000226285 seconds
plan limit 980
current timestep 285
num of flexible agents: 78
num of flexible tasks: 0
Solving time: 0.000241744 seconds
plan limit 980
current timestep 286
num of flexible agents: 79
num of flexible tasks: 0
Solving time: 0.000216725 seconds
plan limit 980
All tasks finished at timestep 287
