current timestep 0
num of flexible agents: 80
num of flexible tasks: 2
Solving time: 0.000327804 seconds
plan limit 980
current timestep 1
num of flexible agents: 79
num of flexible tasks: 3
Solving time: 0.000323846 seconds
plan limit 980
current timestep 2
num of flexible agents: 79
num of flexible tasks: 5
Solving time: 0.000313862 seconds
plan limit 980
current timestep 3
num of flexible agents: 79
num of flexible tasks: 7
Solving time: 0.000291207 seconds
plan limit 980
current timestep 4
num of flexible agents: 79
num of flexible tasks: 9
Solving time: 0.00031602 seconds
plan limit 980
current timestep 5
num of flexible agents: 78
num of flexible tasks: 10
Solving time: 0.000334924 seconds
plan limit 980
current timestep 6
num of flexible agents: 77
num of flexible tasks: 11
Solving time: 0.000376928 seconds
plan limit 980
current timestep 7
num of flexible agents: 75
num of flexible tasks: 11
Solving time: 0.000305651 seconds
plan limit 980
current timestep 8
num of flexible agents: 72
num of flexible tasks: 10
Solving time: 0.00034085 seconds
plan limit 980
current timestep 9
num of flexible agents: 71
num of flexible tasks: 10
Solving time: 0.000320664 seconds
plan limit 980
current timestep 10
num of flexible agents: 69
num of flexible tasks: 10
Solving time: 0.00032973 seconds
plan limit 980
current timestep 11
num of flexible agents: 67
num of flexible tasks: 10
Solving time: 0.000355006 seconds
plan limit 980
current timestep 12
num of flexible agents: 64
num of flexible tasks: 9
Solving time: 0.000347155 seconds
plan limit 980
current timestep 13
num of flexible agents: 62
num of flexible tasks: 9
Solving time: 0.000316835 seconds
plan limit 980
current timestep 14
num of flexible agents: 61
num of flexible tasks: 10
Solving time: 0.000304566 seconds
plan limit 980
current timestep 15
num of flexible agents: 60
num of flexible tasks: 11
Solving time: 0.000349452 seconds
plan limit 980
current timestep 16
num of flexible agents: 60
num of flexible tasks: 12
Solving time: 0.000321274 seconds
plan limit 980
current timestep 17
num of flexible agents: 59
num of flexible tasks: 11
Solving time: 0.000343138 seconds
plan limit 980
current timestep 18
num of flexible agents: 58
num of flexible tasks: 11
Solving time: 0.000324174 seconds
plan limit 980
current timestep 19
num of flexible agents: 59
num of flexible tasks: 12
Solving time: 0.000366992 seconds
plan limit 980
current timestep 20
num of flexible agents: 59
num of flexible tasks: 13
Solving time: 0.000349603 seconds
plan limit 980
current timestep 21
num of flexible agents: 60
num of flexible tasks: 14
Solving time: 0.000376874 seconds
plan limit 980
current timestep 22
num of flexible agents: 60
num of flexible tasks: 15
Solving time: 0.00037191 seconds
plan limit 980
current timestep 23
num of flexible agents: 57
num of flexible tasks: 14
Solving time: 0.000392462 seconds
plan limit 980
current timestep 24
num of flexible agents: 57
num of flexible tasks: 16
Solving time: 0.000413954 seconds
plan limit 980
current timestep 25
num of flexible agents: 54
num of flexible tasks: 14
Solving time: 0.000427936 seconds
plan limit 980
current timestep 26
num of flexible agents: 54
num of flexible tasks: 14
Solving time: 0.000337918 seconds
plan limit 980
current timestep 27
num of flexible agents: 53
num of flexible tasks: 15
Solving time: 0.00033382 seconds
plan limit 980
current timestep 28
num of flexible agents: 52
num of flexible tasks: 16
Solving time: 0.000397102 seconds
plan limit 980
current timestep 29
num of flexible agents: 53
num of flexible tasks: 17
Solving time: 0.000446276 seconds
plan limit 980
current timestep 30
num of flexible agents: 56
num of flexible tasks: 19
Solving time: 0.00030539 seconds
plan limit 980
current timestep 31
num of flexible agents: 53
num of flexible tasks: 16
Solving time: 0.00034046 seconds
plan limit 980
current timestep 32
num of flexible agents: 54
num of flexible tasks: 16
Solving time: 0.000284941 seconds
plan limit 980
current timestep 33
num of flexible agents: 52
num of flexible tasks: 16
Solving time: 0.000350678 seconds
plan limit 980
current timestep 34
num of flexible agents: 49
num of flexible tasks: 14
Solving time: 0.000359131 seconds
plan limit 980
current timestep 35
num of flexible agents: 48
num of flexible tasks: 13
Solving time: 0.000328926 seconds
plan limit 980
current timestep 36
num of flexible agents: 47
num of flexible tasks: 14
Solving time: 0.000335339 seconds
plan limit 980
current timestep 37
num of flexible agents: 44
num of flexible tasks: 12
Solving time: 0.000276913 seconds
plan limit 980
current timestep 38
num of flexible agents: 41
num of flexible tasks: 11
Solving time: 0.000350667 seconds
plan limit 980
current timestep 39
num of flexible agents: 44
num of flexible tasks: 13
Solving time: 0.000271798 seconds
plan limit 980
current timestep 40
num of flexible agents: 41
num of flexible tasks: 12
Solving time: 0.000317678 seconds
plan limit 980
current timestep 41
num of flexible agents: 40
num of flexible tasks: 12
Solving time: 0.000336536 seconds
plan limit 980
current timestep 42
num of flexible agents: 40
num of flexible tasks: 12
Solving time: 0.000290051 seconds
plan limit 980
current timestep 43
num of flexible agents: 41
num of flexible tasks: 11
Solving time: 0.000355 seconds
plan limit 980
current timestep 44
num of flexible agents: 38
num of flexible tasks: 8
Solving time: 0.000298005 seconds
plan limit 980
current timestep 45
num of flexible agents: 42
num of flexible tasks: 9
Solving time: 0.00026442 seconds
plan limit 980
current timestep 46
num of flexible agents: 42
num of flexible tasks: 10
Solving time: 0.00026826 seconds
plan limit 980
current timestep 47
num of flexible agents: 40
num of flexible tasks: 10
Solving time: 0.000274343 seconds
plan limit 980
current timestep 48
num of flexible agents: 38
num of flexible tasks: 10
Solving time: 0.000331255 seconds
plan limit 980
current timestep 49
num of flexible agents: 34
num of flexible tasks: 8
Solving time: 0.000317817 seconds
plan limit 980
current timestep 50
num of flexible agents: 36
num of flexible tasks: 10
Solving time: 0.000320978 seconds
plan limit 980
current timestep 51
num of flexible agents: 35
num of flexible tasks: 11
Solving time: 0.000340245 seconds
plan limit 980
current timestep 52
num of flexible agents: 38
num of flexible tasks: 13
Solving time: 0.000353313 seconds
plan limit 980
current timestep 53
num of flexible agents: 39
num of flexible tasks: 14
Solving time: 0.000334802 seconds
plan limit 980
current timestep 54
num of flexible agents: 37
num of flexible tasks: 13
Solving time: 0.000295045 seconds
plan limit 980
current timestep 55
num of flexible agents: 40
num of flexible tasks: 12
Solving time: 0.000274014 seconds
plan limit 980
current timestep 56
num of flexible agents: 40
num of flexible tasks: 11
Solving time: 0.000272123 seconds
plan limit 980
current timestep 57
num of flexible agents: 39
num of flexible tasks: 10
Solving time: 0.000299835 seconds
plan limit 980
current timestep 58
num of flexible agents: 41
num of flexible tasks: 11
Solving time: 0.000265839 seconds
plan limit 980
current timestep 59
num of flexible agents: 40
num of flexible tasks: 11
Solving time: 0.000271773 seconds
plan limit 980
current timestep 60
num of flexible agents: 37
num of flexible tasks: 8
Solving time: 0.000299445 seconds
plan limit 980
current timestep 61
num of flexible agents: 35
num of flexible tasks: 8
Solving time: 0.000293201 seconds
plan limit 980
current timestep 62
num of flexible agents: 34
num of flexible tasks: 8
Solving time: 0.000286286 seconds
plan limit 980
current timestep 63
num of flexible agents: 36
num of flexible tasks: 8
Solving time: 0.000261983 seconds
plan limit 980
current timestep 64
num of flexible agents: 37
num of flexible tasks: 7
Solving time: 0.000250535 seconds
plan limit 980
current timestep 65
num of flexible agents: 39
num of flexible tasks: 9
Solving time: 0.000277835 seconds
plan limit 980
current timestep 66
num of flexible agents: 38
num of flexible tasks: 8
Solving time: 0.000263544 seconds
plan limit 980
current timestep 67
num of flexible agents: 38
num of flexible tasks: 9
Solving time: 0.000260797 seconds
plan limit 980
current timestep 68
num of flexible agents: 39
num of flexible tasks: 8
Solving time: 0.00131196 seconds
plan limit 979
current timestep 69
num of flexible agents: 36
num of flexible tasks: 5
Solving time: 0.000285716 seconds
plan limit 980
current timestep 70
num of flexible agents: 39
num of flexible tasks: 7
Solving time: 0.00028951 seconds
plan limit 980
current timestep 71
num of flexible agents: 38
num of flexible tasks: 8
Solving time: 0.000280647 seconds
plan limit 980
current timestep 72
num of flexible agents: 39
num of flexible tasks: 9
Solving time: 0.000270224 seconds
plan limit 980
current timestep 73
num of flexible agents: 42
num of flexible tasks: 11
Solving time: 0.000288286 seconds
plan limit 980
current timestep 74
num of flexible agents: 42
num of flexible tasks: 11
Solving time: 0.000286764 seconds
plan limit 980
current timestep 75
num of flexible agents: 42
num of flexible tasks: 12
Solving time: 0.000320622 seconds
plan limit 980
current timestep 76
num of flexible agents: 44
num of flexible tasks: 14
Solving time: 0.000307076 seconds
plan limit 980
current timestep 77
num of flexible agents: 41
num of flexible tasks: 11
Solving time: 0.00033285 seconds
plan limit 980
current timestep 78
num of flexible agents: 38
num of flexible tasks: 9
Solving time: 0.000260973 seconds
plan limit 980
current timestep 79
num of flexible agents: 38
num of flexible tasks: 10
Solving time: 0.000332175 seconds
plan limit 980
current timestep 80
num of flexible agents: 35
num of flexible tasks: 9
Solving time: 0.000320402 seconds
plan limit 980
current timestep 81
num of flexible agents: 34
num of flexible tasks: 9
Solving time: 0.000310443 seconds
plan limit 980
current timestep 82
num of flexible agents: 34
num of flexible tasks: 9
Solving time: 0.000262667 seconds
plan limit 980
current timestep 83
num of flexible agents: 31
num of flexible tasks: 8
Solving time: 0.000309527 seconds
plan limit 980
current timestep 84
num of flexible agents: 31
num of flexible tasks: 8
Solving time: 0.000330963 seconds
plan limit 980
current timestep 85
num of flexible agents: 36
num of flexible tasks: 9
Solving time: 0.000297626 seconds
plan limit 980
current timestep 86
num of flexible agents: 38
num of flexible tasks: 11
Solving time: 0.000264225 seconds
plan limit 980
current timestep 87
num of flexible agents: 39
num of flexible tasks: 11
Solving time: 0.000270896 seconds
plan limit 980
current timestep 88
num of flexible agents: 38
num of flexible tasks: 10
Solving time: 0.000289636 seconds
plan limit 980
current timestep 89
num of flexible agents: 38
num of flexible tasks: 10
Solving time: 0.000288312 seconds
plan limit 980
current timestep 90
num of flexible agents: 38
num of flexible tasks: 10
Solving time: 0.000241417 seconds
plan limit 980
current timestep 91
num of flexible agents: 37
num of flexible tasks: 9
Solving time: 0.000263505 seconds
plan limit 980
current timestep 92
num of flexible agents: 36
num of flexible tasks: 10
Solving time: 0.000311566 seconds
plan limit 980
current timestep 93
num of flexible agents: 35
num of flexible tasks: 10
Solving time: 0.000295803 seconds
plan limit 980
current timestep 94
num of flexible agents: 34
num of flexible tasks: 10
Solving time: 0.000265097 seconds
plan limit 980
current timestep 95
num of flexible agents: 33
num of flexible tasks: 10
Solving time: 0.000300062 seconds
plan limit 980
current timestep 96
num of flexible agents: 34
num of flexible tasks: 12
Solving time: 0.00030262 seconds
plan limit 980
current timestep 97
num of flexible agents: 34
num of flexible tasks: 13
Solving time: 0.00029286 seconds
plan limit 980
current timestep 98
num of flexible agents: 34
num of flexible tasks: 13
Solving time: 0.000287621 seconds
plan limit 980
current timestep 99
num of flexible agents: 36
num of flexible tasks: 14
Solving time: 0.000320564 seconds
plan limit 980
current timestep 100
num of flexible agents: 37
num of flexible tasks: 10
Solving time: 0.000244217 seconds
plan limit 980
current timestep 101
num of flexible agents: 33
num of flexible tasks: 7
Solving time: 0.000265959 seconds
plan limit 980
current timestep 102
num of flexible agents: 35
num of flexible tasks: 7
Solving time: 0.000302962 seconds
plan limit 980
current timestep 103
num of flexible agents: 34
num of flexible tasks: 7
Solving time: 0.000246388 seconds
plan limit 980
current timestep 104
num of flexible agents: 33
num of flexible tasks: 8
Solving time: 0.000253416 seconds
plan limit 980
current timestep 105
num of flexible agents: 32
num of flexible tasks: 7
Solving time: 0.000258448 seconds
plan limit 980
current timestep 106
num of flexible agents: 31
num of flexible tasks: 8
Solving time: 0.000289189 seconds
plan limit 980
current timestep 107
num of flexible agents: 30
num of flexible tasks: 9
Solving time: 0.000320483 seconds
plan limit 980
current timestep 108
num of flexible agents: 32
num of flexible tasks: 10
Solving time: 0.000276641 seconds
plan limit 980
current timestep 109
num of flexible agents: 31
num of flexible tasks: 9
Solving time: 0.000267192 seconds
plan limit 980
current timestep 110
num of flexible agents: 31
num of flexible tasks: 9
Solving time: 0.000312457 seconds
plan limit 980
current timestep 111
num of flexible agents: 32
num of flexible tasks: 10
Solving time: 0.000294019 seconds
plan limit 980
current timestep 112
num of flexible agents: 31
num of flexible tasks: 10
Solving time: 0.00029229 seconds
plan limit 980
current timestep 113
num of flexible agents: 29
num of flexible tasks: 8
Solving time: 0.000294089 seconds
plan limit 980
current timestep 114
num of flexible agents: 30
num of flexible tasks: 9
Solving time: 0.000251664 seconds
plan limit 980
current timestep 115
num of flexible agents: 30
num of flexible tasks: 10
Solving time: 0.000248836 seconds
plan limit 980
current timestep 116
num of flexible agents: 31
num of flexible tasks: 9
Solving time: 0.000263433 seconds
plan limit 980
current timestep 117
num of flexible agents: 30
num of flexible tasks: 8
Solving time: 0.000251298 seconds
plan limit 980
current timestep 118
num of flexible agents: 28
num of flexible tasks: 6
Solving time: 0.000241149 seconds
plan limit 980
current timestep 119
num of flexible agents: 31
num of flexible tasks: 8
Solving time: 0.000244913 seconds
plan limit 980
current timestep 120
num of flexible agents: 28
num of flexible tasks: 7
Solving time: 0.000258877 seconds
plan limit 980
current timestep 121
num of flexible agents: 32
num of flexible tasks: 9
Solving time: 0.000265674 seconds
plan limit 980
current timestep 122
num of flexible agents: 35
num of flexible tasks: 11
Solving time: 0.000272619 seconds
plan limit 980
current timestep 123
num of flexible agents: 35
num of flexible tasks: 11
Solving time: 0.000264204 seconds
plan limit 980
current timestep 124
num of flexible agents: 34
num of flexible tasks: 11
Solving time: 0.000298862 seconds
plan limit 980
current timestep 125
num of flexible agents: 33
num of flexible tasks: 10
Solving time: 0.000239531 seconds
plan limit 980
current timestep 126
num of flexible agents: 35
num of flexible tasks: 9
Solving time: 0.000259732 seconds
plan limit 980
current timestep 127
num of flexible agents: 35
num of flexible tasks: 9
Solving time: 0.000264354 seconds
plan limit 980
current timestep 128
num of flexible agents: 38
num of flexible tasks: 10
Solving time: 0.000244465 seconds
plan limit 980
current timestep 129
num of flexible agents: 38
num of flexible tasks: 10
Solving time: 0.000261079 seconds
plan limit 980
current timestep 130
num of flexible agents: 37
num of flexible tasks: 9
Solving time: 0.000257224 seconds
plan limit 980
current timestep 131
num of flexible agents: 34
num of flexible tasks: 7
Solving time: 0.000266591 seconds
plan limit 980
current timestep 132
num of flexible agents: 35
num of flexible tasks: 7
Solving time: 0.000224986 seconds
plan limit 980
current timestep 133
num of flexible agents: 36
num of flexible tasks: 8
Solving time: 0.000250598 seconds
plan limit 980
current timestep 134
num of flexible agents: 35
num of flexible tasks: 6
Solving time: 0.000231722 seconds
plan limit 980
current timestep 135
num of flexible agents: 33
num of flexible tasks: 5
Solving time: 0.000228614 seconds
plan limit 980
current timestep 136
num of flexible agents: 34
num of flexible tasks: 6
Solving time: 0.000270826 seconds
plan limit 980
current timestep 137
num of flexible agents: 35
num of flexible tasks: 7
Solving time: 0.000262618 seconds
plan limit 980
current timestep 138
num of flexible agents: 37
num of flexible tasks: 7
Solving time: 0.000280214 seconds
plan limit 980
current timestep 139
num of flexible agents: 36
num of flexible tasks: 6
Solving time: 0.000258464 seconds
plan limit 980
current timestep 140
num of flexible agents: 38
num of flexible tasks: 8
Solving time: 0.000247172 seconds
plan limit 980
current timestep 141
num of flexible agents: 39
num of flexible tasks: 10
Solving time: 0.000258056 seconds
plan limit 980
current timestep 142
num of flexible agents: 38
num of flexible tasks: 10
Solving time: 0.000256734 seconds
plan limit 980
current timestep 143
num of flexible agents: 39
num of flexible tasks: 11
Solving time: 0.000251273 seconds
plan limit 980
current timestep 144
num of flexible agents: 37
num of flexible tasks: 9
Solving time: 0.000228794 seconds
plan limit 980
current timestep 145
num of flexible agents: 36
num of flexible tasks: 8
Solving time: 0.00026078 seconds
plan limit 980
current timestep 146
num of flexible agents: 34
num of flexible tasks: 6
Solving time: 0.000265065 seconds
plan limit 980
current timestep 147
num of flexible agents: 35
num of flexible tasks: 8
Solving time: 0.00028264 seconds
plan limit 980
current timestep 148
num of flexible agents: 35
num of flexible tasks: 8
Solving time: 0.00025014 seconds
plan limit 980
current timestep 149
num of flexible agents: 36
num of flexible tasks: 7
Solving time: 0.000270387 seconds
plan limit 980
current timestep 150
num of flexible agents: 38
num of flexible tasks: 8
Solving time: 0.000273847 seconds
plan limit 980
current timestep 151
num of flexible agents: 35
num of flexible tasks: 6
Solving time: 0.000258121 seconds
plan limit 980
current timestep 152
num of flexible agents: 34
num of flexible tasks: 7
Solving time: 0.000281288 seconds
plan limit 980
current timestep 153
num of flexible agents: 32
num of flexible tasks: 7
Solving time: 0.000284449 seconds
plan limit 980
current timestep 154
num of flexible agents: 33
num of flexible tasks: 8
Solving time: 0.000284815 seconds
plan limit 980
current timestep 155
num of flexible agents: 35
num of flexible tasks: 8
Solving time: 0.000255477 seconds
plan limit 980
current timestep 156
num of flexible agents: 35
num of flexible tasks: 8
Solving time: 0.00029155 seconds
plan limit 980
current timestep 157
num of flexible agents: 35
num of flexible tasks: 9
Solving time: 0.000296902 seconds
plan limit 980
current timestep 158
num of flexible agents: 35
num of flexible tasks: 10
Solving time: 0.00029002 seconds
plan limit 980
current timestep 159
num of flexible agents: 34
num of flexible tasks: 9
Solving time: 0.00027659 seconds
plan limit 980
current timestep 160
num of flexible agents: 33
num of flexible tasks: 9
Solving time: 0.000265729 seconds
plan limit 980
current timestep 161
num of flexible agents: 36
num of flexible tasks: 10
Solving time: 0.000288263 seconds
plan limit 980
current timestep 162
num of flexible agents: 35
num of flexible tasks: 9
Solving time: 0.00028058 seconds
plan limit 980
current timestep 163
num of flexible agents: 35
num of flexible tasks: 9
Solving time: 0.000256668 seconds
plan limit 980
current timestep 164
num of flexible agents: 38
num of flexible tasks: 10
Solving time: 0.000290124 seconds
plan limit 980
current timestep 165
num of flexible agents: 37
num of flexible tasks: 9
Solving time: 0.000318438 seconds
plan limit 980
current timestep 166
num of flexible agents: 40
num of flexible tasks: 11
Solving time: 0.000279291 seconds
plan limit 980
current timestep 167
num of flexible agents: 43
num of flexible tasks: 12
Solving time: 0.000302482 seconds
plan limit 980
current timestep 168
num of flexible agents: 40
num of flexible tasks: 10
Solving time: 0.000308121 seconds
plan limit 980
current timestep 169
num of flexible agents: 42
num of flexible tasks: 10
Solving time: 0.00031096 seconds
plan limit 980
current timestep 170
num of flexible agents: 42
num of flexible tasks: 12
Solving time: 0.000279952 seconds
plan limit 980
current timestep 171
num of flexible agents: 39
num of flexible tasks: 10
Solving time: 0.000281502 seconds
plan limit 980
current timestep 172
num of flexible agents: 40
num of flexible tasks: 10
Solving time: 0.000255325 seconds
plan limit 980
current timestep 173
num of flexible agents: 40
num of flexible tasks: 11
Solving time: 0.000299416 seconds
plan limit 980
current timestep 174
num of flexible agents: 39
num of flexible tasks: 10
Solving time: 0.000277027 seconds
plan limit 980
current timestep 175
num of flexible agents: 39
num of flexible tasks: 9
Solving time: 0.000255677 seconds
plan limit 980
current timestep 176
num of flexible agents: 36
num of flexible tasks: 7
Solving time: 0.000242325 seconds
plan limit 980
current timestep 177
num of flexible agents: 37
num of flexible tasks: 6
Solving time: 0.000254238 seconds
plan limit 980
current timestep 178
num of flexible agents: 41
num of flexible tasks: 8
Solving time: 0.000227102 seconds
plan limit 980
current timestep 179
num of flexible agents: 40
num of flexible tasks: 9
Solving time: 0.000262591 seconds
plan limit 980
current timestep 180
num of flexible agents: 40
num of flexible tasks: 9
Solving time: 0.000252938 seconds
plan limit 980
current timestep 181
num of flexible agents: 37
num of flexible tasks: 7
Solving time: 0.000289189 seconds
plan limit 980
current timestep 182
num of flexible agents: 39
num of flexible tasks: 8
Solving time: 0.000307259 seconds
plan limit 980
current timestep 183
num of flexible agents: 40
num of flexible tasks: 8
Solving time: 0.000328888 seconds
plan limit 980
current timestep 184
num of flexible agents: 37
num of flexible tasks: 6
Solving time: 0.000290223 seconds
plan limit 980
current timestep 185
num of flexible agents: 37
num of flexible tasks: 7
Solving time: 0.0002732 seconds
plan limit 980
current timestep 186
num of flexible agents: 38
num of flexible tasks: 9
Solving time: 0.000319808 seconds
plan limit 980
current timestep 187
num of flexible agents: 38
num of flexible tasks: 10
Solving time: 0.000336973 seconds
plan limit 980
current timestep 188
num of flexible agents: 39
num of flexible tasks: 11
Solving time: 0.000343888 seconds
plan limit 980
current timestep 189
num of flexible agents: 37
num of flexible tasks: 11
Solving time: 0.000329974 seconds
plan limit 980
current timestep 190
num of flexible agents: 39
num of flexible tasks: 12
Solving time: 0.000268083 seconds
plan limit 980
current timestep 191
num of flexible agents: 35
num of flexible tasks: 9
Solving time: 0.000256831 seconds
plan limit 980
current timestep 192
num of flexible agents: 33
num of flexible tasks: 7
Solving time: 0.000267808 seconds
plan limit 980
current timestep 193
num of flexible agents: 39
num of flexible tasks: 7
Solving time: 0.000295129 seconds
plan limit 980
current timestep 194
num of flexible agents: 40
num of flexible tasks: 7
Solving time: 0.000271082 seconds
plan limit 980
current timestep 195
num of flexible agents: 44
num of flexible tasks: 9
Solving time: 0.000336647 seconds
plan limit 980
current timestep 196
num of flexible agents: 43
num of flexible tasks: 10
Solving time: 0.000284901 seconds
plan limit 980
current timestep 197
num of flexible agents: 43
num of flexible tasks: 11
Solving time: 0.00030666 seconds
plan limit 980
current timestep 198
num of flexible agents: 44
num of flexible tasks: 10
Solving time: 0.000282182 seconds
plan limit 980
current timestep 199
num of flexible agents: 43
num of flexible tasks: 10
Solving time: 0.000285755 seconds
plan limit 980
current timestep 200
num of flexible agents: 43
num of flexible tasks: 11
Solving time: 0.000270855 seconds
plan limit 980
current timestep 201
num of flexible agents: 40
num of flexible tasks: 9
Solving time: 0.000265211 seconds
plan limit 980
current timestep 202
num of flexible agents: 36
num of flexible tasks: 7
Solving time: 0.000262303 seconds
plan limit 980
current timestep 203
num of flexible agents: 36
num of flexible tasks: 8
Solving time: 0.000281609 seconds
plan limit 980
current timestep 204
num of flexible agents: 38
num of flexible tasks: 9
Solving time: 0.000275741 seconds
plan limit 980
current timestep 205
num of flexible agents: 39
num of flexible tasks: 10
Solving time: 0.000249654 seconds
plan limit 980
current timestep 206
num of flexible agents: 36
num of flexible tasks: 7
Solving time: 0.000278021 seconds
plan limit 980
current timestep 207
num of flexible agents: 38
num of flexible tasks: 8
Solving time: 0.00026043 seconds
plan limit 980
current timestep 208
num of flexible agents: 37
num of flexible tasks: 7
Solving time: 0.000288888 seconds
plan limit 980
current timestep 209
num of flexible agents: 38
num of flexible tasks: 9
Solving time: 0.000255094 seconds
plan limit 980
current timestep 210
num of flexible agents: 35
num of flexible tasks: 8
Solving time: 0.000278904 seconds
plan limit 980
current timestep 211
num of flexible agents: 32
num of flexible tasks: 6
Solving time: 0.000261406 seconds
plan limit 980
current timestep 212
num of flexible agents: 35
num of flexible tasks: 7
Solving time: 0.000266138 seconds
plan limit 980
current timestep 213
num of flexible agents: 38
num of flexible tasks: 8
Solving time: 0.000262666 seconds
plan limit 980
current timestep 214
num of flexible agents: 38
num of flexible tasks: 8
Solving time: 0.000250424 seconds
plan limit 980
current timestep 215
num of flexible agents: 41
num of flexible tasks: 9
Solving time: 0.000258253 seconds
plan limit 980
current timestep 216
num of flexible agents: 38
num of flexible tasks: 8
Solving time: 0.000260706 seconds
plan limit 980
current timestep 217
num of flexible agents: 39
num of flexible tasks: 8
Solving time: 0.000279532 seconds
plan limit 980
current timestep 218
num of flexible agents: 38
num of flexible tasks: 9
Solving time: 0.000316603 seconds
plan limit 980
current timestep 219
num of flexible agents: 40
num of flexible tasks: 10
Solving time: 0.000255922 seconds
plan limit 980
current timestep 220
num of flexible agents: 40
num of flexible tasks: 9
Solving time: 0.000264034 seconds
plan limit 980
current timestep 221
num of flexible agents: 40
num of flexible tasks: 9
Solving time: 0.000278987 seconds
plan limit 980
current timestep 222
num of flexible agents: 40
num of flexible tasks: 9
Solving time: 0.000291958 seconds
plan limit 980
current timestep 223
num of flexible agents: 39
num of flexible tasks: 8
Solving time: 0.000268416 seconds
plan limit 980
current timestep 224
num of flexible agents: 37
num of flexible tasks: 7
Solving time: 0.000263843 seconds
plan limit 980
current timestep 225
num of flexible agents: 38
num of flexible tasks: 9
Solving time: 0.000284208 seconds
plan limit 980
current timestep 226
num of flexible agents: 39
num of flexible tasks: 9
Solving time: 0.000279369 seconds
plan limit 980
current timestep 227
num of flexible agents: 38
num of flexible tasks: 10
Solving time: 0.000289042 seconds
plan limit 980
current timestep 228
num of flexible agents: 38
num of flexible tasks: 11
Solving time: 0.000299749 seconds
plan limit 980
current timestep 229
num of flexible agents: 36
num of flexible tasks: 8
Solving time: 0.000285391 seconds
plan limit 980
current timestep 230
num of flexible agents: 37
num of flexible tasks: 9
Solving time: 0.000321476 seconds
plan limit 980
current timestep 231
num of flexible agents: 39
num of flexible tasks: 11
Solving time: 0.000282328 seconds
plan limit 980
current timestep 232
num of flexible agents: 37
num of flexible tasks: 10
Solving time: 0.000274228 seconds
plan limit 980
current timestep 233
num of flexible agents: 39
num of flexible tasks: 11
Solving time: 0.00028385 seconds
plan limit 980
current timestep 234
num of flexible agents: 38
num of flexible tasks: 12
Solving time: 0.000266114 seconds
plan limit 980
current timestep 235
num of flexible agents: 36
num of flexible tasks: 11
Solving time: 0.000272552 seconds
plan limit 980
current timestep 236
num of flexible agents: 35
num of flexible tasks: 10
Solving time: 0.000310537 seconds
plan limit 980
current timestep 237
num of flexible agents: 35
num of flexible tasks: 9
Solving time: 0.000272005 seconds
plan limit 980
current timestep 238
num of flexible agents: 37
num of flexible tasks: 11
Solving time: 0.000278904 seconds
plan limit 980
current timestep 239
num of flexible agents: 37
num of flexible tasks: 12
Solving time: 0.000285859 seconds
plan limit 980
current timestep 240
num of flexible agents: 36
num of flexible tasks: 11
Solving time: 0.000297609 seconds
plan limit 980
current timestep 241
num of flexible agents: 33
num of flexible tasks: 9
Solving time: 0.000276713 seconds
plan limit 980
current timestep 242
num of flexible agents: 29
num of flexible tasks: 7
Solving time: 0.000285707 seconds
plan limit 980
current timestep 243
num of flexible agents: 30
num of flexible tasks: 9
Solving time: 0.000273289 seconds
plan limit 980
current timestep 244
num of flexible agents: 33
num of flexible tasks: 11
Solving time: 0.000276514 seconds
plan limit 980
current timestep 245
num of flexible agents: 30
num of flexible tasks: 10
Solving time: 0.000246803 seconds
plan limit 980
current timestep 246
num of flexible agents: 30
num of flexible tasks: 10
Solving time: 0.000312358 seconds
plan limit 980
current timestep 247
num of flexible agents: 32
num of flexible tasks: 10
Solving time: 0.000279706 seconds
plan limit 980
current timestep 248
num of flexible agents: 30
num of flexible tasks: 8
Solving time: 0.000290382 seconds
plan limit 980
current timestep 249
num of flexible agents: 33
num of flexible tasks: 7
Solving time: 0.000271147 seconds
plan limit 980
current timestep 250
num of flexible agents: 36
num of flexible tasks: 6
Solving time: 0.000298418 seconds
plan limit 980
current timestep 251
num of flexible agents: 36
num of flexible tasks: 6
Solving time: 0.000283062 seconds
plan limit 980
current timestep 252
num of flexible agents: 37
num of flexible tasks: 4
Solving time: 0.000247319 seconds
plan limit 980
current timestep 253
num of flexible agents: 38
num of flexible tasks: 4
Solving time: 0.000251707 seconds
plan limit 980
current timestep 254
num of flexible agents: 40
num of flexible tasks: 4
Solving time: 0.000266142 seconds
plan limit 980
current timestep 255
num of flexible agents: 42
num of flexible tasks: 4
Solving time: 0.000234354 seconds
plan limit 980
current timestep 256
num of flexible agents: 42
num of flexible tasks: 1
Solving time: 0.000221778 seconds
plan limit 980
current timestep 257
num of flexible agents: 46
num of flexible tasks: 1
Solving time: 0.000262571 seconds
plan limit 980
current timestep 258
num of flexible agents: 49
num of flexible tasks: 0
Solving time: 0.000228423 seconds
plan limit 980
current timestep 259
num of flexible agents: 50
num of flexible tasks: 0
Solving time: 0.000210369 seconds
plan limit 980
current timestep 260
num of flexible agents: 51
num of flexible tasks: 0
Solving time: 0.000230248 seconds
plan limit 980
current timestep 261
num of flexible agents: 55
num of flexible tasks: 0
Solving time: 0.000209072 seconds
plan limit 980
current timestep 262
num of flexible agents: 61
num of flexible tasks: 0
Solving time: 0.000232451 seconds
plan limit 980
current timestep 263
num of flexible agents: 62
num of flexible tasks: 0
Solving time: 0.000221643 seconds
plan limit 980
current timestep 264
num of flexible agents: 64
num of flexible tasks: 0
Solving time: 0.000228995 seconds
plan limit 980
current timestep 265
num of flexible agents: 65
num of flexible tasks: 0
Solving time: 0.000221902 seconds
plan limit 980
current timestep 266
num of flexible agents: 65
num of flexible tasks: 0
Solving time: 0.000222672 seconds
plan limit 980
current timestep 267
num of flexible agents: 67
num of flexible tasks: 0
Solving time: 0.000210843 seconds
plan limit 980
current timestep 268
num of flexible agents: 69
num of flexible tasks: 0
Solving time: 0.000202242 seconds
plan limit 980
current timestep 269
num of flexible agents: 69
num of flexible tasks: 0
Solving time: 0.000215293 seconds
plan limit 980
current timestep 270
num of flexible agents: 70
num of flexible tasks: 0
Solving time: 0.00021242 seconds
plan limit 980
current timestep 271
num of flexible agents: 71
num of flexible tasks: 0
Solving time: 0.0002237 seconds
plan limit 980
current timestep 272
num of flexible agents: 72
num of flexible tasks: 0
Solving time: 0.000239234 seconds
plan limit 980
current timestep 273
num of flexible agents: 73
num of flexible tasks: 0
Solving time: 0.000236132 seconds
plan limit 980
current timestep 274
num of flexible agents: 73
num of flexible tasks: 0
Solving time: 0.000229902 seconds
plan limit 980
current timestep 275
num of flexible agents: 75
num of flexible tasks: 0
Solving time: 0.000250339 seconds
plan limit 980
current timestep 276
num of flexible agents: 75
num of flexible tasks: 0
Solving time: 0.000214315 seconds
plan limit 980
current timestep 277
num of flexible agents: 75
num of flexible tasks: 0
Solving time: 0.000244242 seconds
plan limit 980
current timestep 278
num of flexible agents: 76
num of flexible tasks: 0
Solving time: 0.000217372 seconds
plan limit 980
current timestep 279
num of flexible agents: 76
num of flexible tasks: 0
Solving time: 0.000234285 seconds
plan limit 980
current timestep 280
num of flexible agents: 77
num of flexible tasks: 0
Solving time: 0.000216651 seconds
plan limit 980
current timestep 281
num of flexible agents: 78
num of flexible tasks: 0
Solving time: 0.000230667 seconds
plan limit 980
current timestep 282
num of flexible agents: 78
num of flexible tasks: 0
Solving time: 0.000241399 seconds
plan limit 980
current timestep 283
num of flexible agents: 78
num of flexible tasks: 0
Solving time: 0.000260328 seconds
plan limit 980
current timestep 284
num of flexible agents: 78
num of flexible tasks: 0
Solving time: 0.000210273 seconds
plan limit 980
current timestep 285
num of flexible agents: 78
num of flexible tasks: 0
Solving time: 0.00021712 seconds
plan limit 980
current timestep 286
num of flexible agents: 78
num of flexible tasks: 0
Solving time: 0.000211065 seconds
plan limit 980
current timestep 287
num of flexible agents: 79
num of flexible tasks: 0
Solving time: 0.000218775 seconds
plan limit 980
current timestep 288
num of flexible agents: 79
num of flexible tasks: 0
Solving time: 0.00020996 seconds
plan limit 980
current timestep 289
num of flexible agents: 79
num of flexible tasks: 0
Solving time: 0.000211995 seconds
plan limit 980
current timestep 290
num of flexible agents: 79
num of flexible tasks: 0
Solving time: 0.000230799 seconds
plan limit 980
current timestep 291
num of flexible agents: 79
num of flexible tasks: 0
Solving time: 0.000241753 seconds
plan limit 980
current timestep 292
num of flexible agents: 79
num of flexible tasks: 0
Solving time: 0.000227765 seconds
plan limit 980
All tasks finished at timestep 293
