current timestep 0
num of flexible agents: 80
num of flexible tasks: 2
Solving time: 0.000332157 seconds
plan limit 980
current timestep 1
num of flexible agents: 80
num of flexible tasks: 4
Solving time: 0.000280961 seconds
plan limit 980
current timestep 2
num of flexible agents: 80
num of flexible tasks: 6
Solving time: 0.000262776 seconds
plan limit 980
current timestep 3
num of flexible agents: 78
num of flexible tasks: 6
Solving time: 0.000263672 seconds
plan limit 980
current timestep 4
num of flexible agents: 78
num of flexible tasks: 8
Solving time: 0.000260722 seconds
plan limit 980
current timestep 5
num of flexible agents: 75
num of flexible tasks: 7
Solving time: 0.000261803 seconds
plan limit 980
current timestep 6
num of flexible agents: 75
num of flexible tasks: 9
Solving time: 0.000291477 seconds
plan limit 980
current timestep 7
num of flexible agents: 73
num of flexible tasks: 9
Solving time: 0.000270992 seconds
plan limit 980
current timestep 8
num of flexible agents: 71
num of flexible tasks: 9
Solving time: 0.000282628 seconds
plan limit 980
current timestep 9
num of flexible agents: 71
num of flexible tasks: 11
Solving time: 0.000291403 seconds
plan limit 980
current timestep 10
num of flexible agents: 70
num of flexible tasks: 12
Solving time: 0.000296629 seconds
plan limit 980
current timestep 11
num of flexible agents: 66
num of flexible tasks: 10
Solving time: 0.000324677 seconds
plan limit 980
current timestep 12
num of flexible agents: 67
num of flexible tasks: 12
Solving time: 0.000323118 seconds
plan limit 980
current timestep 13
num of flexible agents: 67
num of flexible tasks: 14
Solving time: 0.000353612 seconds
plan limit 980
current timestep 14
num of flexible agents: 66
num of flexible tasks: 15
Solving time: 0.000340338 seconds
plan limit 980
current timestep 15
num of flexible agents: 62
num of flexible tasks: 12
Solving time: 0.000350515 seconds
plan limit 980
current timestep 16
num of flexible agents: 62
num of flexible tasks: 14
Solving time: 0.000337417 seconds
plan limit 980
current timestep 17
num of flexible agents: 59
num of flexible tasks: 13
Solving time: 0.000376289 seconds
plan limit 980
current timestep 18
num of flexible agents: 58
num of flexible tasks: 12
Solving time: 0.000368227 seconds
plan limit 980
current timestep 19
num of flexible agents: 56
num of flexible tasks: 12
Solving time: 0.000394958 seconds
plan limit 980
current timestep 20
num of flexible agents: 53
num of flexible tasks: 10
Solving time: 0.000300896 seconds
plan limit 980
current timestep 21
num of flexible agents: 52
num of flexible tasks: 10
Solving time: 0.000314095 seconds
plan limit 980
current timestep 22
num of flexible agents: 50
num of flexible tasks: 9
Solving time: 0.000335904 seconds
plan limit 980
current timestep 23
num of flexible agents: 49
num of flexible tasks: 10
Solving time: 0.00032035 seconds
plan limit 980
current timestep 24
num of flexible agents: 48
num of flexible tasks: 11
Solving time: 0.000338827 seconds
plan limit 980
current timestep 25
num of flexible agents: 49
num of flexible tasks: 12
Solving time: 0.000311505 seconds
plan limit 980
current timestep 26
num of flexible agents: 48
num of flexible tasks: 12
Solving time: 0.000320981 seconds
plan limit 980
current timestep 27
num of flexible agents: 46
num of flexible tasks: 11
Solving time: 0.000325455 seconds
plan limit 980
current timestep 28
num of flexible agents: 46
num of flexible tasks: 11
Solving time: 0.000353857 seconds
plan limit 980
current timestep 29
num of flexible agents: 48
num of flexible tasks: 13
Solving time: 0.000321013 seconds
plan limit 980
current timestep 30
num of flexible agents: 49
num of flexible tasks: 15
Solving time: 0.000325878 seconds
plan limit 980
current timestep 31
num of flexible agents: 48
num of flexible tasks: 15
Solving time: 0.000310319 seconds
plan limit 980
current timestep 32
num of flexible agents: 50
num of flexible tasks: 16
Solving time: 0.000331558 seconds
plan limit 980
current timestep 33
num of flexible agents: 51
num of flexible tasks: 16
Solving time: 0.000319324 seconds
plan limit 980
current timestep 34
num of flexible agents: 50
num of flexible tasks: 15
Solving time: 0.000320768 seconds
plan limit 980
current timestep 35
num of flexible agents: 48
num of flexible tasks: 15
Solving time: 0.000321209 seconds
plan limit 980
current timestep 36
num of flexible agents: 47
num of flexible tasks: 14
Solving time: 0.000299549 seconds
plan limit 980
current timestep 37
num of flexible agents: 45
num of flexible tasks: 12
Solving time: 0.000289947 seconds
plan limit 980
current timestep 38
num of flexible agents: 46
num of flexible tasks: 12
Solving time: 0.000278488 seconds
plan limit 980
current timestep 39
num of flexible agents: 45
num of flexible tasks: 12
Solving time: 0.000266246 seconds
plan limit 980
current timestep 40
num of flexible agents: 47
num of flexible tasks: 12
Solving time: 0.000275404 seconds
plan limit 980
current timestep 41
num of flexible agents: 48
num of flexible tasks: 12
Solving time: 0.000291587 seconds
plan limit 980
current timestep 42
num of flexible agents: 47
num of flexible tasks: 12
Solving time: 0.000286173 seconds
plan limit 980
current timestep 43
num of flexible agents: 49
num of flexible tasks: 13
Solving time: 0.000321855 seconds
plan limit 980
current timestep 44
num of flexible agents: 48
num of flexible tasks: 13
Solving time: 0.000294774 seconds
plan limit 980
current timestep 45
num of flexible agents: 47
num of flexible tasks: 13
Solving time: 0.000321961 seconds
plan limit 980
current timestep 46
num of flexible agents: 46
num of flexible tasks: 14
Solving time: 0.000338123 seconds
plan limit 980
current timestep 47
num of flexible agents: 47
num of flexible tasks: 14
Solving time: 0.00031339 seconds
plan limit 980
current timestep 48
num of flexible agents: 43
num of flexible tasks: 12
Solving time: 0.000308211 seconds
plan limit 980
current timestep 49
num of flexible agents: 42
num of flexible tasks: 11
Solving time: 0.000305077 seconds
plan limit 980
current timestep 50
num of flexible agents: 42
num of flexible tasks: 12
Solving time: 0.000302223 seconds
plan limit 980
current timestep 51
num of flexible agents: 40
num of flexible tasks: 12
Solving time: 0.000334473 seconds
plan limit 980
current timestep 52
num of flexible agents: 41
num of flexible tasks: 11
Solving time: 0.000324253 seconds
plan limit 980
current timestep 53
num of flexible agents: 39
num of flexible tasks: 10
Solving time: 0.000305758 seconds
plan limit 980
current timestep 54
num of flexible agents: 36
num of flexible tasks: 9
Solving time: 0.00029008 seconds
plan limit 980
current timestep 55
num of flexible agents: 39
num of flexible tasks: 11
Solving time: 0.000301223 seconds
plan limit 980
current timestep 56
num of flexible agents: 39
num of flexible tasks: 12
Solving time: 0.000287108 seconds
plan limit 980
current timestep 57
num of flexible agents: 41
num of flexible tasks: 13
Solving time: 0.000287137 seconds
plan limit 980
current timestep 58
num of flexible agents: 44
num of flexible tasks: 13
Solving time: 0.000283414 seconds
plan limit 980
current timestep 59
num of flexible agents: 44
num of flexible tasks: 14
Solving time: 0.000328625 seconds
plan limit 980
current timestep 60
num of flexible agents: 43
num of flexible tasks: 13
Solving time: 0.000331101 seconds
plan limit 980
current timestep 61
num of flexible agents: 42
num of flexible tasks: 11
Solving time: 0.000326153 seconds
plan limit 980
current timestep 62
num of flexible agents: 39
num of flexible tasks: 9
Solving time: 0.000309789 seconds
plan limit 980
current timestep 63
num of flexible agents: 36
num of flexible tasks: 8
Solving time: 0.000310982 seconds
plan limit 980
current timestep 64
num of flexible agents: 39
num of flexible tasks: 9
Solving time: 0.000308092 seconds
plan limit 980
current timestep 65
num of flexible agents: 41
num of flexible tasks: 10
Solving time: 0.000306424 seconds
plan limit 980
current timestep 66
num of flexible agents: 41
num of flexible tasks: 11
Solving time: 0.000278459 seconds
plan limit 980
current timestep 67
num of flexible agents: 41
num of flexible tasks: 12
Solving time: 0.000326558 seconds
plan limit 980
current timestep 68
num of flexible agents: 46
num of flexible tasks: 13
Solving time: 0.000271194 seconds
plan limit 980
current timestep 69
num of flexible agents: 47
num of flexible tasks: 12
Solving time: 0.000356176 seconds
plan limit 980
current timestep 70
num of flexible agents: 44
num of flexible tasks: 11
Solving time: 0.000306682 seconds
plan limit 980
current timestep 71
num of flexible agents: 45
num of flexible tasks: 12
Solving time: 0.000299071 seconds
plan limit 980
current timestep 72
num of flexible agents: 41
num of flexible tasks: 10
Solving time: 0.00031813 seconds
plan limit 980
current timestep 73
num of flexible agents: 42
num of flexible tasks: 12
Solving time: 0.000309946 seconds
plan limit 980
current timestep 74
num of flexible agents: 42
num of flexible tasks: 13
Solving time: 0.000322811 seconds
plan limit 980
current timestep 75
num of flexible agents: 37
num of flexible tasks: 10
Solving time: 0.000384283 seconds
plan limit 980
current timestep 76
num of flexible agents: 36
num of flexible tasks: 10
Solving time: 0.000313597 seconds
plan limit 980
current timestep 77
num of flexible agents: 35
num of flexible tasks: 10
Solving time: 0.000323362 seconds
plan limit 980
current timestep 78
num of flexible agents: 36
num of flexible tasks: 11
Solving time: 0.000299969 seconds
plan limit 980
current timestep 79
num of flexible agents: 37
num of flexible tasks: 13
Solving time: 0.000268333 seconds
plan limit 980
current timestep 80
num of flexible agents: 35
num of flexible tasks: 12
Solving time: 0.000251751 seconds
plan limit 980
current timestep 81
num of flexible agents: 35
num of flexible tasks: 11
Solving time: 0.000273171 seconds
plan limit 980
current timestep 82
num of flexible agents: 34
num of flexible tasks: 11
Solving time: 0.000282548 seconds
plan limit 980
current timestep 83
num of flexible agents: 35
num of flexible tasks: 9
Solving time: 0.000244171 seconds
plan limit 980
current timestep 84
num of flexible agents: 35
num of flexible tasks: 8
Solving time: 0.000264063 seconds
plan limit 980
current timestep 85
num of flexible agents: 36
num of flexible tasks: 8
Solving time: 0.00025202 seconds
plan limit 980
current timestep 86
num of flexible agents: 37
num of flexible tasks: 8
Solving time: 0.000234948 seconds
plan limit 980
current timestep 87
num of flexible agents: 38
num of flexible tasks: 9
Solving time: 0.00035279 seconds
plan limit 980
current timestep 88
num of flexible agents: 39
num of flexible tasks: 10
Solving time: 0.000313459 seconds
plan limit 980
current timestep 89
num of flexible agents: 39
num of flexible tasks: 9
Solving time: 0.000275586 seconds
plan limit 980
current timestep 90
num of flexible agents: 39
num of flexible tasks: 8
Solving time: 0.000289912 seconds
plan limit 980
current timestep 91
num of flexible agents: 38
num of flexible tasks: 9
Solving time: 0.000296733 seconds
plan limit 980
current timestep 92
num of flexible agents: 38
num of flexible tasks: 9
Solving time: 0.000280214 seconds
plan limit 980
current timestep 93
num of flexible agents: 40
num of flexible tasks: 11
Solving time: 0.000330069 seconds
plan limit 980
current timestep 94
num of flexible agents: 40
num of flexible tasks: 10
Solving time: 0.000309999 seconds
plan limit 980
current timestep 95
num of flexible agents: 40
num of flexible tasks: 11
Solving time: 0.000275252 seconds
plan limit 980
current timestep 96
num of flexible agents: 42
num of flexible tasks: 13
Solving time: 0.000295099 seconds
plan limit 980
current timestep 97
num of flexible agents: 41
num of flexible tasks: 11
Solving time: 0.000284531 seconds
plan limit 980
current timestep 98
num of flexible agents: 44
num of flexible tasks: 11
Solving time: 0.000250693 seconds
plan limit 980
current timestep 99
num of flexible agents: 43
num of flexible tasks: 10
Solving time: 0.000255814 seconds
plan limit 980
current timestep 100
num of flexible agents: 42
num of flexible tasks: 10
Solving time: 0.000291675 seconds
plan limit 980
current timestep 101
num of flexible agents: 42
num of flexible tasks: 10
Solving time: 0.000285646 seconds
plan limit 980
current timestep 102
num of flexible agents: 42
num of flexible tasks: 10
Solving time: 0.000288151 seconds
plan limit 980
current timestep 103
num of flexible agents: 39
num of flexible tasks: 9
Solving time: 0.000285637 seconds
plan limit 980
current timestep 104
num of flexible agents: 38
num of flexible tasks: 10
Solving time: 0.000313252 seconds
plan limit 980
current timestep 105
num of flexible agents: 37
num of flexible tasks: 10
Solving time: 0.000303637 seconds
plan limit 980
current timestep 106
num of flexible agents: 37
num of flexible tasks: 10
Solving time: 0.000336794 seconds
plan limit 980
current timestep 107
num of flexible agents: 38
num of flexible tasks: 9
Solving time: 0.000268131 seconds
plan limit 980
current timestep 108
num of flexible agents: 36
num of flexible tasks: 8
Solving time: 0.000289654 seconds
plan limit 980
current timestep 109
num of flexible agents: 38
num of flexible tasks: 9
Solving time: 0.000305021 seconds
plan limit 980
current timestep 110
num of flexible agents: 35
num of flexible tasks: 7
Solving time: 0.000302041 seconds
plan limit 980
current timestep 111
num of flexible agents: 35
num of flexible tasks: 8
Solving time: 0.000307337 seconds
plan limit 980
current timestep 112
num of flexible agents: 35
num of flexible tasks: 9
Solving time: 0.000319916 seconds
plan limit 980
current timestep 113
num of flexible agents: 38
num of flexible tasks: 10
Solving time: 0.000291231 seconds
plan limit 980
current timestep 114
num of flexible agents: 36
num of flexible tasks: 9
Solving time: 0.000314508 seconds
plan limit 980
current timestep 115
num of flexible agents: 37
num of flexible tasks: 8
Solving time: 0.000345961 seconds
plan limit 980
current timestep 116
num of flexible agents: 35
num of flexible tasks: 8
Solving time: 0.000309032 seconds
plan limit 980
current timestep 117
num of flexible agents: 36
num of flexible tasks: 9
Solving time: 0.000335312 seconds
plan limit 980
current timestep 118
num of flexible agents: 38
num of flexible tasks: 10
Solving time: 0.000344416 seconds
plan limit 980
current timestep 119
num of flexible agents: 37
num of flexible tasks: 10
Solving time: 0.000356027 seconds
plan limit 980
current timestep 120
num of flexible agents: 38
num of flexible tasks: 9
Solving time: 0.000284325 seconds
plan limit 980
current timestep 121
num of flexible agents: 38
num of flexible tasks: 9
Solving time: 0.000266375 seconds
plan limit 980
current timestep 122
num of flexible agents: 41
num of flexible tasks: 10
Solving time: 0.000278238 seconds
plan limit 980
current timestep 123
num of flexible agents: 40
num of flexible tasks: 10
Solving time: 0.000281828 seconds
plan limit 980
current timestep 124
num of flexible agents: 41
num of flexible tasks: 11
Solving time: 0.000256286 seconds
plan limit 980
current timestep 125
num of flexible agents: 43
num of flexible tasks: 11
Solving time: 0.000274519 seconds
plan limit 980
current timestep 126
num of flexible agents: 39
num of flexible tasks: 8
Solving time: 0.00026414 seconds
plan limit 980
current timestep 127
num of flexible agents: 38
num of flexible tasks: 8
Solving time: 0.000291266 seconds
plan limit 980
current timestep 128
num of flexible agents: 38
num of flexible tasks: 8
Solving time: 0.000340072 seconds
plan limit 980
current timestep 129
num of flexible agents: 39
num of flexible tasks: 9
Solving time: 0.000290748 seconds
plan limit 980
current timestep 130
num of flexible agents: 37
num of flexible tasks: 8
Solving time: 0.000323362 seconds
plan limit 980
current timestep 131
num of flexible agents: 41
num of flexible tasks: 10
Solving time: 0.000266507 seconds
plan limit 980
current timestep 132
num of flexible agents: 38
num of flexible tasks: 9
Solving time: 0.000310116 seconds
plan limit 980
current timestep 133
num of flexible agents: 37
num of flexible tasks: 8
Solving time: 0.000293836 seconds
plan limit 980
current timestep 134
num of flexible agents: 38
num of flexible tasks: 7
Solving time: 0.000287671 seconds
plan limit 980
current timestep 135
num of flexible agents: 36
num of flexible tasks: 7
Solving time: 0.000306805 seconds
plan limit 980
current timestep 136
num of flexible agents: 40
num of flexible tasks: 8
Solving time: 0.000319949 seconds
plan limit 980
current timestep 137
num of flexible agents: 41
num of flexible tasks: 9
Solving time: 0.00028975 seconds
plan limit 980
current timestep 138
num of flexible agents: 41
num of flexible tasks: 10
Solving time: 0.000338561 seconds
plan limit 980
current timestep 139
num of flexible agents: 43
num of flexible tasks: 9
Solving time: 0.000258683 seconds
plan limit 980
current timestep 140
num of flexible agents: 44
num of flexible tasks: 9
Solving time: 0.000245116 seconds
plan limit 980
current timestep 141
num of flexible agents: 41
num of flexible tasks: 8
Solving time: 0.000258096 seconds
plan limit 980
current timestep 142
num of flexible agents: 43
num of flexible tasks: 9
Solving time: 0.000250365 seconds
plan limit 980
current timestep 143
num of flexible agents: 42
num of flexible tasks: 8
Solving time: 0.000229139 seconds
plan limit 980
current timestep 144
num of flexible agents: 43
num of flexible tasks: 7
Solving time: 0.000234878 seconds
plan limit 980
current timestep 145
num of flexible agents: 41
num of flexible tasks: 6
Solving time: 0.000242904 seconds
plan limit 980
current timestep 146
num of flexible agents: 42
num of flexible tasks: 6
Solving time: 0.000284508 seconds
plan limit 980
current timestep 147
num of flexible agents: 43
num of flexible tasks: 8
Solving time: 0.000229403 seconds
plan limit 980
current timestep 148
num of flexible agents: 43
num of flexible tasks: 8
Solving time: 0.000230025 seconds
plan limit 980
current timestep 149
num of flexible agents: 39
num of flexible tasks: 6
Solving time: 0.000232011 seconds
plan limit 980
current timestep 150
num of flexible agents: 39
num of flexible tasks: 6
Solving time: 0.000227964 seconds
plan limit 980
current timestep 151
num of flexible agents: 39
num of flexible tasks: 6
Solving time: 0.000248056 seconds
plan limit 980
current timestep 152
num of flexible agents: 39
num of flexible tasks: 7
Solving time: 0.000257301 seconds
plan limit 980
current timestep 153
num of flexible agents: 36
num of flexible tasks: 6
Solving time: 0.000246984 seconds
plan limit 980
current timestep 154
num of flexible agents: 37
num of flexible tasks: 7
Solving time: 0.000265787 seconds
plan limit 980
current timestep 155
num of flexible agents: 36
num of flexible tasks: 7
Solving time: 0.000303028 seconds
plan limit 980
current timestep 156
num of flexible agents: 37
num of flexible tasks: 9
Solving time: 0.000303633 seconds
plan limit 980
current timestep 157
num of flexible agents: 36
num of flexible tasks: 8
Solving time: 0.000288917 seconds
plan limit 980
current timestep 158
num of flexible agents: 38
num of flexible tasks: 10
Solving time: 0.000328311 seconds
plan limit 980
current timestep 159
num of flexible agents: 38
num of flexible tasks: 10
Solving time: 0.000293249 seconds
plan limit 980
current timestep 160
num of flexible agents: 38
num of flexible tasks: 9
Solving time: 0.000315445 seconds
plan limit 980
current timestep 161
num of flexible agents: 41
num of flexible tasks: 10
Solving time: 0.000276106 seconds
plan limit 980
current timestep 162
num of flexible agents: 40
num of flexible tasks: 11
Solving time: 0.000309795 seconds
plan limit 980
current timestep 163
num of flexible agents: 39
num of flexible tasks: 11
Solving time: 0.000307718 seconds
plan limit 980
current timestep 164
num of flexible agents: 43
num of flexible tasks: 12
Solving time: 0.000279415 seconds
plan limit 980
current timestep 165
num of flexible agents: 42
num of flexible tasks: 10
Solving time: 0.000225752 seconds
plan limit 980
current timestep 166
num of flexible agents: 37
num of flexible tasks: 7
Solving time: 0.000286149 seconds
plan limit 980
current timestep 167
num of flexible agents: 35
num of flexible tasks: 6
Solving time: 0.000241035 seconds
plan limit 980
current timestep 168
num of flexible agents: 34
num of flexible tasks: 4
Solving time: 0.0002467 seconds
plan limit 980
current timestep 169
num of flexible agents: 33
num of flexible tasks: 5
Solving time: 0.000255234 seconds
plan limit 980
current timestep 170
num of flexible agents: 35
num of flexible tasks: 7
Solving time: 0.000295898 seconds
plan limit 980
current timestep 171
num of flexible agents: 35
num of flexible tasks: 8
Solving time: 0.0002579 seconds
plan limit 980
current timestep 172
num of flexible agents: 35
num of flexible tasks: 7
Solving time: 0.000265481 seconds
plan limit 980
current timestep 173
num of flexible agents: 39
num of flexible tasks: 8
Solving time: 0.000285318 seconds
plan limit 980
current timestep 174
num of flexible agents: 38
num of flexible tasks: 8
Solving time: 0.000297951 seconds
plan limit 980
current timestep 175
num of flexible agents: 38
num of flexible tasks: 8
Solving time: 0.000277131 seconds
plan limit 980
current timestep 176
num of flexible agents: 39
num of flexible tasks: 8
Solving time: 0.000268735 seconds
plan limit 980
current timestep 177
num of flexible agents: 42
num of flexible tasks: 10
Solving time: 0.000276773 seconds
plan limit 980
current timestep 178
num of flexible agents: 38
num of flexible tasks: 8
Solving time: 0.000275409 seconds
plan limit 980
current timestep 179
num of flexible agents: 38
num of flexible tasks: 9
Solving time: 0.000261741 seconds
plan limit 980
current timestep 180
num of flexible agents: 38
num of flexible tasks: 10
Solving time: 0.000279077 seconds
plan limit 980
current timestep 181
num of flexible agents: 39
num of flexible tasks: 11
Solving time: 0.000248589 seconds
plan limit 980
current timestep 182
num of flexible agents: 39
num of flexible tasks: 10
Solving time: 0.000272459 seconds
plan limit 980
current timestep 183
num of flexible agents: 37
num of flexible tasks: 8
Solving time: 0.000250972 seconds
plan limit 980
current timestep 184
num of flexible agents: 37
num of flexible tasks: 8
Solving time: 0.000261704 seconds
plan limit 980
current timestep 185
num of flexible agents: 36
num of flexible tasks: 7
Solving time: 0.000243504 seconds
plan limit 980
current timestep 186
num of flexible agents: 36
num of flexible tasks: 5
Solving time: 0.000244627 seconds
plan limit 980
current timestep 187
num of flexible agents: 36
num of flexible tasks: 5
Solving time: 0.000237924 seconds
plan limit 980
current timestep 188
num of flexible agents: 34
num of flexible tasks: 5
Solving time: 0.000287553 seconds
plan limit 980
current timestep 189
num of flexible agents: 35
num of flexible tasks: 7
Solving time: 0.000262076 seconds
plan limit 980
current timestep 190
num of flexible agents: 36
num of flexible tasks: 8
Solving time: 0.000281371 seconds
plan limit 980
current timestep 191
num of flexible agents: 38
num of flexible tasks: 10
Solving time: 0.000319089 seconds
plan limit 980
current timestep 192
num of flexible agents: 38
num of flexible tasks: 12
Solving time: 0.000303671 seconds
plan limit 980
current timestep 193
num of flexible agents: 39
num of flexible tasks: 12
Solving time: 0.000292268 seconds
plan limit 980
current timestep 194
num of flexible agents: 39
num of flexible tasks: 11
Solving time: 0.000322104 seconds
plan limit 980
current timestep 195
num of flexible agents: 41
num of flexible tasks: 9
Solving time: 0.000269863 seconds
plan limit 980
current timestep 196
num of flexible agents: 43
num of flexible tasks: 10
Solving time: 0.000298434 seconds
plan limit 980
current timestep 197
num of flexible agents: 43
num of flexible tasks: 8
Solving time: 0.000297834 seconds
plan limit 980
current timestep 198
num of flexible agents: 41
num of flexible tasks: 7
Solving time: 0.000276399 seconds
plan limit 980
current timestep 199
num of flexible agents: 40
num of flexible tasks: 7
Solving time: 0.000276887 seconds
plan limit 980
current timestep 200
num of flexible agents: 40
num of flexible tasks: 9
Solving time: 0.000341025 seconds
plan limit 980
current timestep 201
num of flexible agents: 39
num of flexible tasks: 9
Solving time: 0.000282978 seconds
plan limit 980
current timestep 202
num of flexible agents: 40
num of flexible tasks: 10
Solving time: 0.00030635 seconds
plan limit 980
current timestep 203
num of flexible agents: 41
num of flexible tasks: 10
Solving time: 0.000330905 seconds
plan limit 980
current timestep 204
num of flexible agents: 41
num of flexible tasks: 10
Solving time: 0.000305163 seconds
plan limit 980
current timestep 205
num of flexible agents: 39
num of flexible tasks: 8
Solving time: 0.000270685 seconds
plan limit 980
current timestep 206
num of flexible agents: 36
num of flexible tasks: 5
Solving time: 0.000268897 seconds
plan limit 980
current timestep 207
num of flexible agents: 36
num of flexible tasks: 6
Solving time: 0.000253606 seconds
plan limit 980
current timestep 208
num of flexible agents: 35
num of flexible tasks: 6
Solving time: 0.000249344 seconds
plan limit 980
current timestep 209
num of flexible agents: 38
num of flexible tasks: 8
Solving time: 0.000267942 seconds
plan limit 980
current timestep 210
num of flexible agents: 38
num of flexible tasks: 9
Solving time: 0.000281388 seconds
plan limit 980
current timestep 211
num of flexible agents: 37
num of flexible tasks: 8
Solving time: 0.000259412 seconds
plan limit 980
current timestep 212
num of flexible agents: 38
num of flexible tasks: 9
Solving time: 0.000282269 seconds
plan limit 980
current timestep 213
num of flexible agents: 36
num of flexible tasks: 9
Solving time: 0.000279969 seconds
plan limit 980
current timestep 214
num of flexible agents: 34
num of flexible tasks: 7
Solving time: 0.000305172 seconds
plan limit 980
current timestep 215
num of flexible agents: 36
num of flexible tasks: 9
Solving time: 0.000300659 seconds
plan limit 980
current timestep 216
num of flexible agents: 36
num of flexible tasks: 10
Solving time: 0.000278751 seconds
plan limit 980
current timestep 217
num of flexible agents: 36
num of flexible tasks: 11
Solving time: 0.000283387 seconds
plan limit 980
current timestep 218
num of flexible agents: 36
num of flexible tasks: 10
Solving time: 0.000314898 seconds
plan limit 980
current timestep 219
num of flexible agents: 34
num of flexible tasks: 8
Solving time: 0.000289956 seconds
plan limit 980
current timestep 220
num of flexible agents: 40
num of flexible tasks: 9
Solving time: 0.00024504 seconds
plan limit 980
current timestep 221
num of flexible agents: 39
num of flexible tasks: 8
Solving time: 0.000263436 seconds
plan limit 980
current timestep 222
num of flexible agents: 39
num of flexible tasks: 8
Solving time: 0.000243874 seconds
plan limit 980
current timestep 223
num of flexible agents: 35
num of flexible tasks: 5
Solving time: 0.000276028 seconds
plan limit 980
current timestep 224
num of flexible agents: 35
num of flexible tasks: 6
Solving time: 0.000269534 seconds
plan limit 980
current timestep 225
num of flexible agents: 36
num of flexible tasks: 6
Solving time: 0.000252345 seconds
plan limit 980
current timestep 226
num of flexible agents: 38
num of flexible tasks: 8
Solving time: 0.000279702 seconds
plan limit 980
current timestep 227
num of flexible agents: 37
num of flexible tasks: 8
Solving time: 0.000276373 seconds
plan limit 980
current timestep 228
num of flexible agents: 36
num of flexible tasks: 8
Solving time: 0.000245812 seconds
plan limit 980
current timestep 229
num of flexible agents: 35
num of flexible tasks: 8
Solving time: 0.000277733 seconds
plan limit 980
current timestep 230
num of flexible agents: 35
num of flexible tasks: 8
Solving time: 0.000270641 seconds
plan limit 980
current timestep 231
num of flexible agents: 31
num of flexible tasks: 6
Solving time: 0.000286809 seconds
plan limit 980
current timestep 232
num of flexible agents: 35
num of flexible tasks: 8
Solving time: 0.000307116 seconds
plan limit 980
current timestep 233
num of flexible agents: 35
num of flexible tasks: 9
Solving time: 0.000285073 seconds
plan limit 980
current timestep 234
num of flexible agents: 35
num of flexible tasks: 8
Solving time: 0.000283974 seconds
plan limit 980
current timestep 235
num of flexible agents: 35
num of flexible tasks: 8
Solving time: 0.000297204 seconds
plan limit 980
current timestep 236
num of flexible agents: 34
num of flexible tasks: 9
Solving time: 0.000281846 seconds
plan limit 980
current timestep 237
num of flexible agents: 32
num of flexible tasks: 7
Solving time: 0.000317668 seconds
plan limit 980
current timestep 238
num of flexible agents: 36
num of flexible tasks: 8
Solving time: 0.000284792 seconds
plan limit 980
current timestep 239
num of flexible agents: 40
num of flexible tasks: 9
Solving time: 0.000308366 seconds
plan limit 980
current timestep 240
num of flexible agents: 40
num of flexible tasks: 10
Solving time: 0.0002677 seconds
plan limit 980
current timestep 241
num of flexible agents: 40
num of flexible tasks: 11
Solving time: 0.000348142 seconds
plan limit 980
current timestep 242
num of flexible agents: 41
num of flexible tasks: 12
Solving time: 0.000322672 seconds
plan limit 980
current timestep 243
num of flexible agents: 44
num of flexible tasks: 10
Solving time: 0.000275416 seconds
plan limit 980
current timestep 244
num of flexible agents: 44
num of flexible tasks: 10
Solving time: 0.000279702 seconds
plan limit 980
current timestep 245
num of flexible agents: 41
num of flexible tasks: 9
Solving time: 0.00029657 seconds
plan limit 980
current timestep 246
num of flexible agents: 39
num of flexible tasks: 8
Solving time: 0.000273958 seconds
plan limit 980
current timestep 247
num of flexible agents: 39
num of flexible tasks: 9
Solving time: 0.000297619 seconds
plan limit 980
current timestep 248
num of flexible agents: 41
num of flexible tasks: 10
Solving time: 0.00031552 seconds
plan limit 980
current timestep 249
num of flexible agents: 41
num of flexible tasks: 10
Solving time: 0.000296972 seconds
plan limit 980
current timestep 250
num of flexible agents: 40
num of flexible tasks: 8
Solving time: 0.000281918 seconds
plan limit 980
current timestep 251
num of flexible agents: 42
num of flexible tasks: 7
Solving time: 0.000289246 seconds
plan limit 980
current timestep 252
num of flexible agents: 41
num of flexible tasks: 5
Solving time: 0.000257012 seconds
plan limit 980
current timestep 253
num of flexible agents: 42
num of flexible tasks: 4
Solving time: 0.000252605 seconds
plan limit 980
current timestep 254
num of flexible agents: 46
num of flexible tasks: 4
Solving time: 0.000275886 seconds
plan limit 980
current timestep 255
num of flexible agents: 47
num of flexible tasks: 4
Solving time: 0.000248559 seconds
plan limit 980
current timestep 256
num of flexible agents: 47
num of flexible tasks: 3
Solving time: 0.000256743 seconds
plan limit 980
current timestep 257
num of flexible agents: 48
num of flexible tasks: 3
Solving time: 0.000230254 seconds
plan limit 980
current timestep 258
num of flexible agents: 48
num of flexible tasks: 2
Solving time: 0.000227491 seconds
plan limit 980
current timestep 259
num of flexible agents: 47
num of flexible tasks: 1
Solving time: 0.000250534 seconds
plan limit 980
current timestep 260
num of flexible agents: 51
num of flexible tasks: 1
Solving time: 0.000275446 seconds
plan limit 980
current timestep 261
num of flexible agents: 52
num of flexible tasks: 0
Solving time: 0.000229562 seconds
plan limit 980
current timestep 262
num of flexible agents: 52
num of flexible tasks: 0
Solving time: 0.000227788 seconds
plan limit 980
current timestep 263
num of flexible agents: 54
num of flexible tasks: 0
Solving time: 0.000211069 seconds
plan limit 980
current timestep 264
num of flexible agents: 56
num of flexible tasks: 0
Solving time: 0.000257229 seconds
plan limit 980
current timestep 265
num of flexible agents: 56
num of flexible tasks: 0
Solving time: 0.000226177 seconds
plan limit 980
current timestep 266
num of flexible agents: 59
num of flexible tasks: 0
Solving time: 0.00022966 seconds
plan limit 980
current timestep 267
num of flexible agents: 63
num of flexible tasks: 0
Solving time: 0.000226398 seconds
plan limit 980
current timestep 268
num of flexible agents: 64
num of flexible tasks: 0
Solving time: 0.000224755 seconds
plan limit 980
current timestep 269
num of flexible agents: 67
num of flexible tasks: 0
Solving time: 0.000218532 seconds
plan limit 980
current timestep 270
num of flexible agents: 70
num of flexible tasks: 0
Solving time: 0.000226869 seconds
plan limit 980
current timestep 271
num of flexible agents: 70
num of flexible tasks: 0
Solving time: 0.000227155 seconds
plan limit 980
current timestep 272
num of flexible agents: 73
num of flexible tasks: 0
Solving time: 0.000225846 seconds
plan limit 980
current timestep 273
num of flexible agents: 73
num of flexible tasks: 0
Solving time: 0.000217581 seconds
plan limit 980
current timestep 274
num of flexible agents: 73
num of flexible tasks: 0
Solving time: 0.000227708 seconds
plan limit 980
current timestep 275
num of flexible agents: 75
num of flexible tasks: 0
Solving time: 0.000217455 seconds
plan limit 980
current timestep 276
num of flexible agents: 76
num of flexible tasks: 0
Solving time: 0.000240367 seconds
plan limit 980
current timestep 277
num of flexible agents: 77
num of flexible tasks: 0
Solving time: 0.000238468 seconds
plan limit 980
current timestep 278
num of flexible agents: 77
num of flexible tasks: 0
Solving time: 0.000233187 seconds
plan limit 980
current timestep 279
num of flexible agents: 77
num of flexible tasks: 0
Solving time: 0.000227006 seconds
plan limit 980
current timestep 280
num of flexible agents: 77
num of flexible tasks: 0
Solving time: 0.000234139 seconds
plan limit 980
current timestep 281
num of flexible agents: 77
num of flexible tasks: 0
Solving time: 0.000270924 seconds
plan limit 980
current timestep 282
num of flexible agents: 77
num of flexible tasks: 0
Solving time: 0.00021411 seconds
plan limit 980
current timestep 283
num of flexible agents: 77
num of flexible tasks: 0
Solving time: 0.000246296 seconds
plan limit 980
current timestep 284
num of flexible agents: 77
num of flexible tasks: 0
Solving time: 0.000223468 seconds
plan limit 980
current timestep 285
num of flexible agents: 78
num of flexible tasks: 0
Solving time: 0.000248316 seconds
plan limit 980
current timestep 286
num of flexible agents: 79
num of flexible tasks: 0
Solving time: 0.0002388 seconds
plan limit 980
current timestep 287
num of flexible agents: 79
num of flexible tasks: 0
Solving time: 0.000237162 seconds
plan limit 980
current timestep 288
num of flexible agents: 79
num of flexible tasks: 0
Solving time: 0.000230669 seconds
plan limit 980
current timestep 289
num of flexible agents: 79
num of flexible tasks: 0
Solving time: 0.000214658 seconds
plan limit 980
current timestep 290
num of flexible agents: 79
num of flexible tasks: 0
Solving time: 0.000236227 seconds
plan limit 980
All tasks finished at timestep 291
