[2026-09-19 16:49:18 CST] flow_unit seed=0
[2026-09-19 16:53:44 CST] static seed=0
[2026-09-19 16:58:15 CST] projected_0.10 seed=0
[2026-09-19 17:02:42 CST] projected_0.25 seed=0
[2026-09-19 17:07:10 CST] projected_0.50 seed=0
[2026-09-19 17:11:36 CST] flow_unit seed=1
[2026-09-19 17:16:02 CST] static seed=1
[2026-09-19 17:20:26 CST] projected_0.10 seed=1
[2026-09-19 17:24:48 CST] projected_0.25 seed=1
[2026-09-19 17:29:11 CST] projected_0.50 seed=1
[2026-09-19 17:33:34 CST] flow_unit seed=2
[2026-09-19 17:37:58 CST] static seed=2
[2026-09-19 17:42:22 CST] projected_0.10 seed=2
[2026-09-19 17:46:50 CST] projected_0.25 seed=2
[2026-09-19 17:51:13 CST] projected_0.50 seed=2
[2026-09-19 17:55:37 CST] flow_unit seed=3
[2026-09-19 17:59:59 CST] static seed=3
[2026-09-19 18:04:25 CST] projected_0.10 seed=3
[2026-09-19 18:08:48 CST] projected_0.25 seed=3
[2026-09-19 18:13:13 CST] projected_0.50 seed=3
[2026-09-19 18:17:35 CST] flow_unit seed=4
[2026-09-19 18:22:04 CST] static seed=4
[2026-09-19 18:26:28 CST] projected_0.10 seed=4
[2026-09-19 18:30:54 CST] projected_0.25 seed=4
[2026-09-19 18:35:18 CST] projected_0.50 seed=4
========== Table 2 projected-load screen complete ==========
Completed at 2026-09-19 18:39:39 CST
