current timestep 0
num of flexible agents: 50
num of flexible tasks: 10
Solving time: 0.000370061 seconds
plan limit 980
current timestep 1
num of flexible agents: 48
num of flexible tasks: 18
Solving time: 0.000412261 seconds
plan limit 980
current timestep 2
num of flexible agents: 46
num of flexible tasks: 26
Solving time: 0.00048357 seconds
plan limit 980
current timestep 3
num of flexible agents: 44
num of flexible tasks: 34
Solving time: 0.000491047 seconds
plan limit 980
current timestep 4
num of flexible agents: 42
num of flexible tasks: 42
Solving time: 0.000568136 seconds
plan limit 980
current timestep 5
num of flexible agents: 39
num of flexible tasks: 49
Solving time: 0.000528093 seconds
plan limit 980
current timestep 6
num of flexible agents: 34
num of flexible tasks: 54
Solving time: 0.000469425 seconds
plan limit 980
current timestep 7
num of flexible agents: 27
num of flexible tasks: 57
Solving time: 0.000371369 seconds
plan limit 980
current timestep 8
num of flexible agents: 22
num of flexible tasks: 61
Solving time: 0.00034534 seconds
plan limit 980
current timestep 9
num of flexible agents: 16
num of flexible tasks: 64
Solving time: 0.000345595 seconds
plan limit 980
current timestep 10
num of flexible agents: 13
num of flexible tasks: 71
Solving time: 0.000309939 seconds
plan limit 980
current timestep 11
num of flexible agents: 10
num of flexible tasks: 77
Solving time: 0.000340089 seconds
plan limit 980
current timestep 12
num of flexible agents: 7
num of flexible tasks: 84
Solving time: 0.000304939 seconds
plan limit 980
current timestep 13
num of flexible agents: 4
num of flexible tasks: 91
Solving time: 0.000257973 seconds
plan limit 980
current timestep 14
num of flexible agents: 2
num of flexible tasks: 99
Solving time: 0.000722881 seconds
plan limit 980
current timestep 15
num of flexible agents: 2
num of flexible tasks: 108
Solving time: 0.000720239 seconds
plan limit 980
current timestep 16
num of flexible agents: 2
num of flexible tasks: 117
Solving time: 0.000731544 seconds
plan limit 980
current timestep 17
num of flexible agents: 1
num of flexible tasks: 125
Solving time: 0.000667917 seconds
plan limit 980
current timestep 18
num of flexible agents: 0
num of flexible tasks: 134
Solving time: 0.000220458 seconds
plan limit 980
current timestep 19
num of flexible agents: 1
num of flexible tasks: 144
Solving time: 0.00064774 seconds
plan limit 980
current timestep 20
num of flexible agents: 2
num of flexible tasks: 154
Solving time: 0.000804193 seconds
plan limit 980
current timestep 21
num of flexible agents: 2
num of flexible tasks: 163
Solving time: 0.000694635 seconds
plan limit 980
current timestep 22
num of flexible agents: 2
num of flexible tasks: 171
Solving time: 0.000717254 seconds
plan limit 980
current timestep 23
num of flexible agents: 5
num of flexible tasks: 179
Solving time: 0.000268938 seconds
plan limit 980
current timestep 24
num of flexible agents: 2
num of flexible tasks: 186
Solving time: 0.000748055 seconds
plan limit 980
current timestep 25
num of flexible agents: 2
num of flexible tasks: 194
Solving time: 0.000728297 seconds
plan limit 980
current timestep 26
num of flexible agents: 2
num of flexible tasks: 202
Solving time: 0.000701527 seconds
plan limit 980
current timestep 27
num of flexible agents: 5
num of flexible tasks: 212
Solving time: 0.000253386 seconds
plan limit 980
current timestep 28
num of flexible agents: 3
num of flexible tasks: 218
Solving time: 0.000806171 seconds
plan limit 980
current timestep 29
num of flexible agents: 4
num of flexible tasks: 225
Solving time: 0.000865963 seconds
plan limit 980
current timestep 30
num of flexible agents: 5
num of flexible tasks: 232
Solving time: 0.000325181 seconds
plan limit 980
current timestep 31
num of flexible agents: 3
num of flexible tasks: 238
Solving time: 0.000807192 seconds
plan limit 980
current timestep 32
num of flexible agents: 2
num of flexible tasks: 245
Solving time: 0.000722744 seconds
plan limit 980
current timestep 33
num of flexible agents: 3
num of flexible tasks: 254
Solving time: 0.000801397 seconds
plan limit 980
current timestep 34
num of flexible agents: 2
num of flexible tasks: 262
Solving time: 0.000716663 seconds
plan limit 980
current timestep 35
num of flexible agents: 1
num of flexible tasks: 270
Solving time: 0.000280359 seconds
plan limit 980
current timestep 36
num of flexible agents: 3
num of flexible tasks: 280
Solving time: 0.000774587 seconds
plan limit 980
current timestep 37
num of flexible agents: 1
num of flexible tasks: 287
Solving time: 0.000563201 seconds
plan limit 980
current timestep 38
num of flexible agents: 0
num of flexible tasks: 296
Solving time: 0.000245075 seconds
plan limit 980
current timestep 39
num of flexible agents: 5
num of flexible tasks: 306
Solving time: 0.00089104 seconds
plan limit 979
current timestep 40
num of flexible agents: 3
num of flexible tasks: 312
Solving time: 0.000785031 seconds
plan limit 980
current timestep 41
num of flexible agents: 3
num of flexible tasks: 320
Solving time: 0.000805463 seconds
plan limit 980
current timestep 42
num of flexible agents: 3
num of flexible tasks: 327
Solving time: 0.000743108 seconds
plan limit 980
current timestep 43
num of flexible agents: 1
num of flexible tasks: 335
Solving time: 0.000355556 seconds
plan limit 980
current timestep 44
num of flexible agents: 3
num of flexible tasks: 344
Solving time: 0.000767165 seconds
plan limit 980
current timestep 45
num of flexible agents: 2
num of flexible tasks: 351
Solving time: 0.000678153 seconds
plan limit 980
current timestep 46
num of flexible agents: 3
num of flexible tasks: 360
Solving time: 0.000760309 seconds
plan limit 980
current timestep 47
num of flexible agents: 2
num of flexible tasks: 367
Solving time: 0.000726917 seconds
plan limit 980
current timestep 48
num of flexible agents: 2
num of flexible tasks: 375
Solving time: 0.000680651 seconds
plan limit 980
current timestep 49
num of flexible agents: 2
num of flexible tasks: 383
Solving time: 0.000660828 seconds
plan limit 980
current timestep 50
num of flexible agents: 1
num of flexible tasks: 381
Solving time: 0.000588999 seconds
plan limit 980
current timestep 51
num of flexible agents: 7
num of flexible tasks: 380
Solving time: 0.000283906 seconds
plan limit 980
current timestep 52
num of flexible agents: 2
num of flexible tasks: 374
Solving time: 0.000771029 seconds
plan limit 980
current timestep 53
num of flexible agents: 3
num of flexible tasks: 373
Solving time: 0.00078402 seconds
plan limit 980
current timestep 54
num of flexible agents: 2
num of flexible tasks: 370
Solving time: 0.000704204 seconds
plan limit 980
current timestep 55
num of flexible agents: 4
num of flexible tasks: 369
Solving time: 0.000799895 seconds
plan limit 980
current timestep 56
num of flexible agents: 2
num of flexible tasks: 365
Solving time: 0.000695326 seconds
plan limit 980
current timestep 57
num of flexible agents: 4
num of flexible tasks: 363
Solving time: 0.000785263 seconds
plan limit 980
current timestep 58
num of flexible agents: 2
num of flexible tasks: 360
Solving time: 0.000681598 seconds
plan limit 980
current timestep 59
num of flexible agents: 3
num of flexible tasks: 358
Solving time: 0.000728129 seconds
plan limit 980
current timestep 60
num of flexible agents: 2
num of flexible tasks: 355
Solving time: 0.00066 seconds
plan limit 980
current timestep 61
num of flexible agents: 2
num of flexible tasks: 353
Solving time: 0.000705814 seconds
plan limit 980
current timestep 62
num of flexible agents: 5
num of flexible tasks: 352
Solving time: 0.000806628 seconds
plan limit 980
current timestep 63
num of flexible agents: 1
num of flexible tasks: 347
Solving time: 0.000519144 seconds
plan limit 980
current timestep 64
num of flexible agents: 3
num of flexible tasks: 346
Solving time: 0.000755956 seconds
plan limit 980
current timestep 65
num of flexible agents: 0
num of flexible tasks: 343
Solving time: 0.000236548 seconds
plan limit 980
current timestep 66
num of flexible agents: 4
num of flexible tasks: 343
Solving time: 0.000775841 seconds
plan limit 979
current timestep 67
num of flexible agents: 0
num of flexible tasks: 339
Solving time: 0.000217999 seconds
plan limit 980
current timestep 68
num of flexible agents: 3
num of flexible tasks: 339
Solving time: 0.000738937 seconds
plan limit 980
current timestep 69
num of flexible agents: 6
num of flexible tasks: 337
Solving time: 0.000814835 seconds
plan limit 980
current timestep 70
num of flexible agents: 6
num of flexible tasks: 332
Solving time: 0.000316467 seconds
plan limit 980
current timestep 71
num of flexible agents: 3
num of flexible tasks: 326
Solving time: 0.000763397 seconds
plan limit 980
current timestep 72
num of flexible agents: 2
num of flexible tasks: 323
Solving time: 0.000665853 seconds
plan limit 980
current timestep 73
num of flexible agents: 3
num of flexible tasks: 322
Solving time: 0.000742758 seconds
plan limit 980
current timestep 74
num of flexible agents: 4
num of flexible tasks: 320
Solving time: 0.000748733 seconds
plan limit 980
current timestep 75
num of flexible agents: 2
num of flexible tasks: 316
Solving time: 0.00067318 seconds
plan limit 980
current timestep 76
num of flexible agents: 2
num of flexible tasks: 314
Solving time: 0.000703739 seconds
plan limit 980
current timestep 77
num of flexible agents: 3
num of flexible tasks: 312
Solving time: 0.000748241 seconds
plan limit 980
current timestep 78
num of flexible agents: 2
num of flexible tasks: 310
Solving time: 0.000689064 seconds
plan limit 980
current timestep 79
num of flexible agents: 1
num of flexible tasks: 308
Solving time: 0.000469289 seconds
plan limit 980
current timestep 80
num of flexible agents: 4
num of flexible tasks: 307
Solving time: 0.000765612 seconds
plan limit 980
current timestep 81
num of flexible agents: 2
num of flexible tasks: 303
Solving time: 0.000685122 seconds
plan limit 980
current timestep 82
num of flexible agents: 2
num of flexible tasks: 301
Solving time: 0.000708365 seconds
plan limit 980
current timestep 83
num of flexible agents: 2
num of flexible tasks: 300
Solving time: 0.00072032 seconds
plan limit 980
current timestep 84
num of flexible agents: 1
num of flexible tasks: 298
Solving time: 0.000409609 seconds
plan limit 980
current timestep 85
num of flexible agents: 5
num of flexible tasks: 297
Solving time: 0.000839138 seconds
plan limit 979
current timestep 86
num of flexible agents: 4
num of flexible tasks: 293
Solving time: 0.000811113 seconds
plan limit 979
current timestep 87
num of flexible agents: 6
num of flexible tasks: 291
Solving time: 0.000326846 seconds
plan limit 980
current timestep 88
num of flexible agents: 2
num of flexible tasks: 286
Solving time: 0.000736608 seconds
plan limit 980
current timestep 89
num of flexible agents: 2
num of flexible tasks: 284
Solving time: 0.000705863 seconds
plan limit 980
current timestep 90
num of flexible agents: 3
num of flexible tasks: 282
Solving time: 0.000763176 seconds
plan limit 980
current timestep 91
num of flexible agents: 6
num of flexible tasks: 280
Solving time: 0.000277674 seconds
plan limit 980
current timestep 92
num of flexible agents: 3
num of flexible tasks: 275
Solving time: 0.000813494 seconds
plan limit 980
current timestep 93
num of flexible agents: 3
num of flexible tasks: 273
Solving time: 0.000838894 seconds
plan limit 979
current timestep 94
num of flexible agents: 2
num of flexible tasks: 270
Solving time: 0.000691241 seconds
plan limit 980
current timestep 95
num of flexible agents: 1
num of flexible tasks: 268
Solving time: 0.000643055 seconds
plan limit 980
current timestep 96
num of flexible agents: 1
num of flexible tasks: 267
Solving time: 0.000309065 seconds
plan limit 980
current timestep 97
num of flexible agents: 3
num of flexible tasks: 266
Solving time: 0.00074872 seconds
plan limit 980
current timestep 98
num of flexible agents: 2
num of flexible tasks: 263
Solving time: 0.000687952 seconds
plan limit 980
current timestep 99
num of flexible agents: 4
num of flexible tasks: 263
Solving time: 0.00076539 seconds
plan limit 980
current timestep 100
num of flexible agents: 2
num of flexible tasks: 260
Solving time: 0.000675968 seconds
plan limit 980
current timestep 101
num of flexible agents: 3
num of flexible tasks: 258
Solving time: 0.000746473 seconds
plan limit 980
current timestep 102
num of flexible agents: 4
num of flexible tasks: 255
Solving time: 0.000851884 seconds
plan limit 979
current timestep 103
num of flexible agents: 2
num of flexible tasks: 251
Solving time: 0.000689182 seconds
plan limit 980
current timestep 104
num of flexible agents: 4
num of flexible tasks: 250
Solving time: 0.000741062 seconds
plan limit 980
current timestep 105
num of flexible agents: 4
num of flexible tasks: 248
Solving time: 0.000760246 seconds
plan limit 980
current timestep 106
num of flexible agents: 3
num of flexible tasks: 245
Solving time: 0.000763464 seconds
plan limit 980
current timestep 107
num of flexible agents: 4
num of flexible tasks: 243
Solving time: 0.000731765 seconds
plan limit 980
current timestep 108
num of flexible agents: 1
num of flexible tasks: 239
Solving time: 0.000579087 seconds
plan limit 980
current timestep 109
num of flexible agents: 3
num of flexible tasks: 238
Solving time: 0.00072439 seconds
plan limit 980
current timestep 110
num of flexible agents: 6
num of flexible tasks: 236
Solving time: 0.000278362 seconds
plan limit 980
current timestep 111
num of flexible agents: 6
num of flexible tasks: 232
Solving time: 0.000310971 seconds
plan limit 980
current timestep 112
num of flexible agents: 4
num of flexible tasks: 228
Solving time: 0.000769745 seconds
plan limit 980
current timestep 113
num of flexible agents: 4
num of flexible tasks: 226
Solving time: 0.000765164 seconds
plan limit 980
current timestep 114
num of flexible agents: 3
num of flexible tasks: 223
Solving time: 0.000752829 seconds
plan limit 980
current timestep 115
num of flexible agents: 0
num of flexible tasks: 220
Solving time: 0.00024076 seconds
plan limit 980
current timestep 116
num of flexible agents: 2
num of flexible tasks: 220
Solving time: 0.000763019 seconds
plan limit 980
current timestep 117
num of flexible agents: 1
num of flexible tasks: 218
Solving time: 0.000676213 seconds
plan limit 980
current timestep 118
num of flexible agents: 2
num of flexible tasks: 217
Solving time: 0.000679126 seconds
plan limit 980
current timestep 119
num of flexible agents: 4
num of flexible tasks: 215
Solving time: 0.000762604 seconds
plan limit 980
current timestep 120
num of flexible agents: 4
num of flexible tasks: 212
Solving time: 0.000763487 seconds
plan limit 980
current timestep 121
num of flexible agents: 2
num of flexible tasks: 210
Solving time: 0.000686745 seconds
plan limit 980
current timestep 122
num of flexible agents: 2
num of flexible tasks: 208
Solving time: 0.000695288 seconds
plan limit 980
current timestep 123
num of flexible agents: 4
num of flexible tasks: 206
Solving time: 0.000773326 seconds
plan limit 980
current timestep 124
num of flexible agents: 3
num of flexible tasks: 203
Solving time: 0.000809621 seconds
plan limit 980
current timestep 125
num of flexible agents: 3
num of flexible tasks: 201
Solving time: 0.000836278 seconds
plan limit 980
current timestep 126
num of flexible agents: 3
num of flexible tasks: 200
Solving time: 0.000794341 seconds
plan limit 980
current timestep 127
num of flexible agents: 3
num of flexible tasks: 197
Solving time: 0.00077437 seconds
plan limit 980
current timestep 128
num of flexible agents: 2
num of flexible tasks: 195
Solving time: 0.000716913 seconds
plan limit 980
current timestep 129
num of flexible agents: 5
num of flexible tasks: 194
Solving time: 0.000762696 seconds
plan limit 980
current timestep 130
num of flexible agents: 3
num of flexible tasks: 190
Solving time: 0.000762215 seconds
plan limit 980
current timestep 131
num of flexible agents: 0
num of flexible tasks: 187
Solving time: 0.000234823 seconds
plan limit 980
current timestep 132
num of flexible agents: 4
num of flexible tasks: 187
Solving time: 0.000767454 seconds
plan limit 980
current timestep 133
num of flexible agents: 4
num of flexible tasks: 185
Solving time: 0.000775959 seconds
plan limit 980
current timestep 134
num of flexible agents: 3
num of flexible tasks: 183
Solving time: 0.000846439 seconds
plan limit 979
current timestep 135
num of flexible agents: 6
num of flexible tasks: 182
Solving time: 0.00028794 seconds
plan limit 980
current timestep 136
num of flexible agents: 3
num of flexible tasks: 179
Solving time: 0.000826851 seconds
plan limit 979
current timestep 137
num of flexible agents: 1
num of flexible tasks: 177
Solving time: 0.000647775 seconds
plan limit 980
current timestep 138
num of flexible agents: 4
num of flexible tasks: 177
Solving time: 0.000784778 seconds
plan limit 980
current timestep 139
num of flexible agents: 2
num of flexible tasks: 174
Solving time: 0.000733574 seconds
plan limit 980
current timestep 140
num of flexible agents: 3
num of flexible tasks: 172
Solving time: 0.000765011 seconds
plan limit 980
current timestep 141
num of flexible agents: 6
num of flexible tasks: 172
Solving time: 0.000290383 seconds
plan limit 980
current timestep 142
num of flexible agents: 3
num of flexible tasks: 167
Solving time: 0.000778865 seconds
plan limit 980
current timestep 143
num of flexible agents: 4
num of flexible tasks: 165
Solving time: 0.000859462 seconds
plan limit 979
current timestep 144
num of flexible agents: 6
num of flexible tasks: 164
Solving time: 0.00031119 seconds
plan limit 980
current timestep 145
num of flexible agents: 5
num of flexible tasks: 161
Solving time: 0.000798918 seconds
plan limit 980
current timestep 146
num of flexible agents: 6
num of flexible tasks: 159
Solving time: 0.000283394 seconds
plan limit 980
current timestep 147
num of flexible agents: 3
num of flexible tasks: 154
Solving time: 0.000808649 seconds
plan limit 980
current timestep 148
num of flexible agents: 7
num of flexible tasks: 153
Solving time: 0.000324588 seconds
plan limit 980
current timestep 149
num of flexible agents: 5
num of flexible tasks: 150
Solving time: 0.000773425 seconds
plan limit 980
current timestep 150
num of flexible agents: 4
num of flexible tasks: 148
Solving time: 0.000785885 seconds
plan limit 980
current timestep 151
num of flexible agents: 2
num of flexible tasks: 145
Solving time: 0.000785311 seconds
plan limit 980
current timestep 152
num of flexible agents: 2
num of flexible tasks: 144
Solving time: 0.000765583 seconds
plan limit 980
current timestep 153
num of flexible agents: 2
num of flexible tasks: 142
Solving time: 0.000718582 seconds
plan limit 980
current timestep 154
num of flexible agents: 4
num of flexible tasks: 142
Solving time: 0.00078801 seconds
plan limit 980
current timestep 155
num of flexible agents: 6
num of flexible tasks: 142
Solving time: 0.000314664 seconds
plan limit 980
current timestep 156
num of flexible agents: 6
num of flexible tasks: 140
Solving time: 0.000283567 seconds
plan limit 980
current timestep 157
num of flexible agents: 5
num of flexible tasks: 138
Solving time: 0.000873757 seconds
plan limit 980
current timestep 158
num of flexible agents: 5
num of flexible tasks: 135
Solving time: 0.000753405 seconds
plan limit 980
current timestep 159
num of flexible agents: 4
num of flexible tasks: 131
Solving time: 0.000794636 seconds
plan limit 980
current timestep 160
num of flexible agents: 4
num of flexible tasks: 129
Solving time: 0.000792787 seconds
plan limit 980
current timestep 161
num of flexible agents: 4
num of flexible tasks: 127
Solving time: 0.000793226 seconds
plan limit 980
current timestep 162
num of flexible agents: 4
num of flexible tasks: 124
Solving time: 0.000791432 seconds
plan limit 980
current timestep 163
num of flexible agents: 4
num of flexible tasks: 122
Solving time: 0.000802988 seconds
plan limit 980
current timestep 164
num of flexible agents: 4
num of flexible tasks: 120
Solving time: 0.000789968 seconds
plan limit 980
current timestep 165
num of flexible agents: 5
num of flexible tasks: 120
Solving time: 0.000791842 seconds
plan limit 980
current timestep 166
num of flexible agents: 8
num of flexible tasks: 119
Solving time: 0.00027577 seconds
plan limit 980
current timestep 167
num of flexible agents: 6
num of flexible tasks: 116
Solving time: 0.000289065 seconds
plan limit 980
current timestep 168
num of flexible agents: 5
num of flexible tasks: 113
Solving time: 0.000809748 seconds
plan limit 980
current timestep 169
num of flexible agents: 8
num of flexible tasks: 111
Solving time: 0.000340918 seconds
plan limit 980
current timestep 170
num of flexible agents: 6
num of flexible tasks: 108
Solving time: 0.000294009 seconds
plan limit 980
current timestep 171
num of flexible agents: 8
num of flexible tasks: 107
Solving time: 0.000301508 seconds
plan limit 980
current timestep 172
num of flexible agents: 5
num of flexible tasks: 104
Solving time: 0.000788841 seconds
plan limit 980
current timestep 173
num of flexible agents: 5
num of flexible tasks: 104
Solving time: 0.00077138 seconds
plan limit 980
current timestep 174
num of flexible agents: 7
num of flexible tasks: 104
Solving time: 0.00030282 seconds
plan limit 980
current timestep 175
num of flexible agents: 11
num of flexible tasks: 103
Solving time: 0.000295849 seconds
plan limit 980
current timestep 176
num of flexible agents: 9
num of flexible tasks: 99
Solving time: 0.000296663 seconds
plan limit 980
current timestep 177
num of flexible agents: 5
num of flexible tasks: 95
Solving time: 0.000769433 seconds
plan limit 980
current timestep 178
num of flexible agents: 5
num of flexible tasks: 95
Solving time: 0.000792215 seconds
plan limit 980
current timestep 179
num of flexible agents: 7
num of flexible tasks: 95
Solving time: 0.000306853 seconds
plan limit 980
current timestep 180
num of flexible agents: 8
num of flexible tasks: 94
Solving time: 0.000282561 seconds
plan limit 980
current timestep 181
num of flexible agents: 11
num of flexible tasks: 93
Solving time: 0.000332501 seconds
plan limit 980
current timestep 182
num of flexible agents: 9
num of flexible tasks: 90
Solving time: 0.000324792 seconds
plan limit 980
current timestep 183
num of flexible agents: 9
num of flexible tasks: 87
Solving time: 0.000321798 seconds
plan limit 980
current timestep 184
num of flexible agents: 11
num of flexible tasks: 87
Solving time: 0.000362914 seconds
plan limit 980
current timestep 185
num of flexible agents: 8
num of flexible tasks: 83
Solving time: 0.000313404 seconds
plan limit 980
current timestep 186
num of flexible agents: 7
num of flexible tasks: 81
Solving time: 0.000298977 seconds
plan limit 980
current timestep 187
num of flexible agents: 7
num of flexible tasks: 80
Solving time: 0.00030876 seconds
plan limit 980
current timestep 188
num of flexible agents: 5
num of flexible tasks: 78
Solving time: 0.00028709 seconds
plan limit 980
current timestep 189
num of flexible agents: 8
num of flexible tasks: 77
Solving time: 0.000352633 seconds
plan limit 980
current timestep 190
num of flexible agents: 7
num of flexible tasks: 74
Solving time: 0.000294507 seconds
plan limit 980
current timestep 191
num of flexible agents: 9
num of flexible tasks: 71
Solving time: 0.000297404 seconds
plan limit 980
current timestep 192
num of flexible agents: 10
num of flexible tasks: 69
Solving time: 0.000322458 seconds
plan limit 980
current timestep 193
num of flexible agents: 11
num of flexible tasks: 68
Solving time: 0.00033195 seconds
plan limit 980
current timestep 194
num of flexible agents: 11
num of flexible tasks: 65
Solving time: 0.000304641 seconds
plan limit 980
current timestep 195
num of flexible agents: 12
num of flexible tasks: 64
Solving time: 0.000366322 seconds
plan limit 980
current timestep 196
num of flexible agents: 9
num of flexible tasks: 60
Solving time: 0.00031605 seconds
plan limit 980
current timestep 197
num of flexible agents: 9
num of flexible tasks: 59
Solving time: 0.000320172 seconds
plan limit 980
current timestep 198
num of flexible agents: 8
num of flexible tasks: 58
Solving time: 0.000376218 seconds
plan limit 980
current timestep 199
num of flexible agents: 9
num of flexible tasks: 57
Solving time: 0.000377127 seconds
plan limit 980
current timestep 200
num of flexible agents: 13
num of flexible tasks: 57
Solving time: 0.000379218 seconds
plan limit 980
current timestep 201
num of flexible agents: 14
num of flexible tasks: 56
Solving time: 0.000380401 seconds
plan limit 980
current timestep 202
num of flexible agents: 14
num of flexible tasks: 55
Solving time: 0.000375383 seconds
plan limit 980
current timestep 203
num of flexible agents: 11
num of flexible tasks: 52
Solving time: 0.000346208 seconds
plan limit 980
current timestep 204
num of flexible agents: 11
num of flexible tasks: 51
Solving time: 0.000406676 seconds
plan limit 980
current timestep 205
num of flexible agents: 15
num of flexible tasks: 51
Solving time: 0.000383781 seconds
plan limit 980
current timestep 206
num of flexible agents: 18
num of flexible tasks: 50
Solving time: 0.000373437 seconds
plan limit 980
current timestep 207
num of flexible agents: 19
num of flexible tasks: 50
Solving time: 0.000423493 seconds
plan limit 980
current timestep 208
num of flexible agents: 19
num of flexible tasks: 49
Solving time: 0.000406752 seconds
plan limit 980
current timestep 209
num of flexible agents: 20
num of flexible tasks: 48
Solving time: 0.000395852 seconds
plan limit 980
current timestep 210
num of flexible agents: 23
num of flexible tasks: 47
Solving time: 0.000398379 seconds
plan limit 980
current timestep 211
num of flexible agents: 19
num of flexible tasks: 43
Solving time: 0.000365943 seconds
plan limit 980
current timestep 212
num of flexible agents: 15
num of flexible tasks: 38
Solving time: 0.000356115 seconds
plan limit 980
current timestep 213
num of flexible agents: 14
num of flexible tasks: 35
Solving time: 0.000379253 seconds
plan limit 980
current timestep 214
num of flexible agents: 18
num of flexible tasks: 35
Solving time: 0.000360567 seconds
plan limit 980
current timestep 215
num of flexible agents: 18
num of flexible tasks: 33
Solving time: 0.000402399 seconds
plan limit 980
current timestep 216
num of flexible agents: 21
num of flexible tasks: 32
Solving time: 0.000452473 seconds
plan limit 980
current timestep 217
num of flexible agents: 21
num of flexible tasks: 29
Solving time: 0.000405522 seconds
plan limit 980
current timestep 218
num of flexible agents: 21
num of flexible tasks: 27
Solving time: 0.000450352 seconds
plan limit 980
current timestep 219
num of flexible agents: 22
num of flexible tasks: 26
Solving time: 0.00044723 seconds
plan limit 980
current timestep 220
num of flexible agents: 21
num of flexible tasks: 23
Solving time: 0.000449324 seconds
plan limit 980
current timestep 221
num of flexible agents: 20
num of flexible tasks: 21
Solving time: 0.00049636 seconds
plan limit 980
current timestep 222
num of flexible agents: 19
num of flexible tasks: 20
Solving time: 0.000437172 seconds
plan limit 980
current timestep 223
num of flexible agents: 14
num of flexible tasks: 15
Solving time: 0.000457508 seconds
plan limit 980
current timestep 224
num of flexible agents: 15
num of flexible tasks: 15
Solving time: 0.000521477 seconds
plan limit 980
current timestep 225
num of flexible agents: 14
num of flexible tasks: 13
Solving time: 0.000513284 seconds
plan limit 980
current timestep 226
num of flexible agents: 14
num of flexible tasks: 13
Solving time: 0.000451319 seconds
plan limit 980
current timestep 227
num of flexible agents: 17
num of flexible tasks: 13
Solving time: 0.000378271 seconds
plan limit 980
current timestep 228
num of flexible agents: 21
num of flexible tasks: 13
Solving time: 0.00032962 seconds
plan limit 980
current timestep 229
num of flexible agents: 20
num of flexible tasks: 10
Solving time: 0.000323462 seconds
plan limit 980
current timestep 230
num of flexible agents: 21
num of flexible tasks: 10
Solving time: 0.000307694 seconds
plan limit 980
current timestep 231
num of flexible agents: 18
num of flexible tasks: 5
Solving time: 0.000253296 seconds
plan limit 980
current timestep 232
num of flexible agents: 19
num of flexible tasks: 4
Solving time: 0.000246586 seconds
plan limit 980
current timestep 233
num of flexible agents: 21
num of flexible tasks: 4
Solving time: 0.00026904 seconds
plan limit 980
current timestep 234
num of flexible agents: 21
num of flexible tasks: 2
Solving time: 0.000254145 seconds
plan limit 980
current timestep 235
num of flexible agents: 21
num of flexible tasks: 1
Solving time: 0.000309128 seconds
plan limit 980
current timestep 236
num of flexible agents: 23
num of flexible tasks: 1
Solving time: 0.000281287 seconds
plan limit 980
current timestep 237
num of flexible agents: 22
num of flexible tasks: 0
Solving time: 0.000214401 seconds
plan limit 980
current timestep 238
num of flexible agents: 25
num of flexible tasks: 0
Solving time: 0.000234576 seconds
plan limit 980
current timestep 239
num of flexible agents: 25
num of flexible tasks: 0
Solving time: 0.000233016 seconds
plan limit 980
current timestep 240
num of flexible agents: 27
num of flexible tasks: 0
Solving time: 0.000224652 seconds
plan limit 980
current timestep 241
num of flexible agents: 31
num of flexible tasks: 0
Solving time: 0.000218957 seconds
plan limit 980
current timestep 242
num of flexible agents: 33
num of flexible tasks: 0
Solving time: 0.000237812 seconds
plan limit 980
current timestep 243
num of flexible agents: 34
num of flexible tasks: 0
Solving time: 0.000222927 seconds
plan limit 980
current timestep 244
num of flexible agents: 35
num of flexible tasks: 0
Solving time: 0.000219025 seconds
plan limit 980
current timestep 245
num of flexible agents: 38
num of flexible tasks: 0
Solving time: 0.000226675 seconds
plan limit 980
current timestep 246
num of flexible agents: 40
num of flexible tasks: 0
Solving time: 0.000239029 seconds
plan limit 980
current timestep 247
num of flexible agents: 41
num of flexible tasks: 0
Solving time: 0.000204973 seconds
plan limit 980
current timestep 248
num of flexible agents: 41
num of flexible tasks: 0
Solving time: 0.000258353 seconds
plan limit 980
current timestep 249
num of flexible agents: 41
num of flexible tasks: 0
Solving time: 0.000210516 seconds
plan limit 980
current timestep 250
num of flexible agents: 43
num of flexible tasks: 0
Solving time: 0.000236285 seconds
plan limit 980
current timestep 251
num of flexible agents: 43
num of flexible tasks: 0
Solving time: 0.00022304 seconds
plan limit 980
current timestep 252
num of flexible agents: 46
num of flexible tasks: 0
Solving time: 0.000223318 seconds
plan limit 980
current timestep 253
num of flexible agents: 48
num of flexible tasks: 0
Solving time: 0.000212223 seconds
plan limit 980
current timestep 254
num of flexible agents: 48
num of flexible tasks: 0
Solving time: 0.000218125 seconds
plan limit 980
current timestep 255
num of flexible agents: 48
num of flexible tasks: 0
Solving time: 0.000225206 seconds
plan limit 980
current timestep 256
num of flexible agents: 48
num of flexible tasks: 0
Solving time: 0.000246478 seconds
plan limit 980
current timestep 257
num of flexible agents: 49
num of flexible tasks: 0
Solving time: 0.000240664 seconds
plan limit 980
All tasks finished at timestep 258
