current timestep 0
num of flexible agents: 50
num of flexible tasks: 10
Solving time: 0.000382361 seconds
plan limit 980
current timestep 1
num of flexible agents: 46
num of flexible tasks: 16
Solving time: 0.000414811 seconds
plan limit 980
current timestep 2
num of flexible agents: 44
num of flexible tasks: 24
Solving time: 0.000528187 seconds
plan limit 980
current timestep 3
num of flexible agents: 44
num of flexible tasks: 34
Solving time: 0.000507559 seconds
plan limit 980
current timestep 4
num of flexible agents: 44
num of flexible tasks: 43
Solving time: 0.000508996 seconds
plan limit 980
current timestep 5
num of flexible agents: 44
num of flexible tasks: 52
Solving time: 0.000481457 seconds
plan limit 980
current timestep 6
num of flexible agents: 36
num of flexible tasks: 54
Solving time: 0.000416124 seconds
plan limit 980
current timestep 7
num of flexible agents: 31
num of flexible tasks: 59
Solving time: 0.000390797 seconds
plan limit 980
current timestep 8
num of flexible agents: 26
num of flexible tasks: 64
Solving time: 0.000365608 seconds
plan limit 980
current timestep 9
num of flexible agents: 12
num of flexible tasks: 60
Solving time: 0.000294125 seconds
plan limit 980
current timestep 10
num of flexible agents: 9
num of flexible tasks: 67
Solving time: 0.000288906 seconds
plan limit 980
current timestep 11
num of flexible agents: 6
num of flexible tasks: 73
Solving time: 0.000289751 seconds
plan limit 980
current timestep 12
num of flexible agents: 6
num of flexible tasks: 83
Solving time: 0.000298874 seconds
plan limit 980
current timestep 13
num of flexible agents: 5
num of flexible tasks: 90
Solving time: 0.000297704 seconds
plan limit 980
current timestep 14
num of flexible agents: 2
num of flexible tasks: 97
Solving time: 0.000758613 seconds
plan limit 980
current timestep 15
num of flexible agents: 2
num of flexible tasks: 106
Solving time: 0.000790318 seconds
plan limit 980
current timestep 16
num of flexible agents: 1
num of flexible tasks: 115
Solving time: 0.000647828 seconds
plan limit 980
current timestep 17
num of flexible agents: 1
num of flexible tasks: 125
Solving time: 0.000372194 seconds
plan limit 980
current timestep 18
num of flexible agents: 1
num of flexible tasks: 134
Solving time: 0.000601864 seconds
plan limit 980
current timestep 19
num of flexible agents: 2
num of flexible tasks: 143
Solving time: 0.000716868 seconds
plan limit 980
current timestep 20
num of flexible agents: 0
num of flexible tasks: 151
Solving time: 0.000197898 seconds
plan limit 980
current timestep 21
num of flexible agents: 4
num of flexible tasks: 161
Solving time: 0.000253509 seconds
plan limit 980
current timestep 22
num of flexible agents: 2
num of flexible tasks: 167
Solving time: 0.000757609 seconds
plan limit 980
current timestep 23
num of flexible agents: 3
num of flexible tasks: 176
Solving time: 0.000769837 seconds
plan limit 980
current timestep 24
num of flexible agents: 5
num of flexible tasks: 185
Solving time: 0.00027229 seconds
plan limit 980
current timestep 25
num of flexible agents: 4
num of flexible tasks: 191
Solving time: 0.000745858 seconds
plan limit 980
current timestep 26
num of flexible agents: 2
num of flexible tasks: 198
Solving time: 0.000734789 seconds
plan limit 980
current timestep 27
num of flexible agents: 4
num of flexible tasks: 206
Solving time: 0.000755146 seconds
plan limit 980
current timestep 28
num of flexible agents: 2
num of flexible tasks: 213
Solving time: 0.000746013 seconds
plan limit 980
current timestep 29
num of flexible agents: 1
num of flexible tasks: 221
Solving time: 0.000608349 seconds
plan limit 980
current timestep 30
num of flexible agents: 2
num of flexible tasks: 230
Solving time: 0.00074322 seconds
plan limit 980
current timestep 31
num of flexible agents: 4
num of flexible tasks: 239
Solving time: 0.000810493 seconds
plan limit 980
current timestep 32
num of flexible agents: 4
num of flexible tasks: 247
Solving time: 0.000824818 seconds
plan limit 980
current timestep 33
num of flexible agents: 6
num of flexible tasks: 256
Solving time: 0.00032284 seconds
plan limit 980
current timestep 34
num of flexible agents: 4
num of flexible tasks: 263
Solving time: 0.000815316 seconds
plan limit 980
current timestep 35
num of flexible agents: 0
num of flexible tasks: 269
Solving time: 0.000255362 seconds
plan limit 980
current timestep 36
num of flexible agents: 1
num of flexible tasks: 279
Solving time: 0.000554912 seconds
plan limit 980
current timestep 37
num of flexible agents: 6
num of flexible tasks: 289
Solving time: 0.000272969 seconds
plan limit 980
current timestep 38
num of flexible agents: 3
num of flexible tasks: 295
Solving time: 0.000847139 seconds
plan limit 980
current timestep 39
num of flexible agents: 3
num of flexible tasks: 303
Solving time: 0.000739739 seconds
plan limit 980
current timestep 40
num of flexible agents: 3
num of flexible tasks: 311
Solving time: 0.000762004 seconds
plan limit 980
current timestep 41
num of flexible agents: 4
num of flexible tasks: 318
Solving time: 0.000793527 seconds
plan limit 980
current timestep 42
num of flexible agents: 4
num of flexible tasks: 325
Solving time: 0.000788128 seconds
plan limit 980
current timestep 43
num of flexible agents: 2
num of flexible tasks: 332
Solving time: 0.000677118 seconds
plan limit 980
current timestep 44
num of flexible agents: 4
num of flexible tasks: 340
Solving time: 0.000777804 seconds
plan limit 980
current timestep 45
num of flexible agents: 1
num of flexible tasks: 346
Solving time: 0.000542528 seconds
plan limit 980
current timestep 46
num of flexible agents: 4
num of flexible tasks: 355
Solving time: 0.000835801 seconds
plan limit 979
current timestep 47
num of flexible agents: 4
num of flexible tasks: 362
Solving time: 0.000849402 seconds
plan limit 980
current timestep 48
num of flexible agents: 1
num of flexible tasks: 369
Solving time: 0.000434542 seconds
plan limit 980
current timestep 49
num of flexible agents: 2
num of flexible tasks: 378
Solving time: 0.000659512 seconds
plan limit 980
current timestep 50
num of flexible agents: 0
num of flexible tasks: 376
Solving time: 0.000223676 seconds
plan limit 980
current timestep 51
num of flexible agents: 0
num of flexible tasks: 376
Solving time: 0.000234172 seconds
plan limit 980
current timestep 52
num of flexible agents: 4
num of flexible tasks: 376
Solving time: 0.000741317 seconds
plan limit 980
current timestep 53
num of flexible agents: 2
num of flexible tasks: 372
Solving time: 0.000661686 seconds
plan limit 980
current timestep 54
num of flexible agents: 2
num of flexible tasks: 370
Solving time: 0.000653373 seconds
plan limit 980
current timestep 55
num of flexible agents: 3
num of flexible tasks: 368
Solving time: 0.000732704 seconds
plan limit 980
current timestep 56
num of flexible agents: 3
num of flexible tasks: 365
Solving time: 0.000797021 seconds
plan limit 980
current timestep 57
num of flexible agents: 7
num of flexible tasks: 362
Solving time: 0.000286154 seconds
plan limit 980
current timestep 58
num of flexible agents: 3
num of flexible tasks: 355
Solving time: 0.000746173 seconds
plan limit 980
current timestep 59
num of flexible agents: 3
num of flexible tasks: 352
Solving time: 0.000800381 seconds
plan limit 980
current timestep 60
num of flexible agents: 3
num of flexible tasks: 349
Solving time: 0.000755314 seconds
plan limit 980
current timestep 61
num of flexible agents: 3
num of flexible tasks: 347
Solving time: 0.000767097 seconds
plan limit 980
current timestep 62
num of flexible agents: 4
num of flexible tasks: 344
Solving time: 0.000779006 seconds
plan limit 980
current timestep 63
num of flexible agents: 5
num of flexible tasks: 341
Solving time: 0.000748403 seconds
plan limit 980
current timestep 64
num of flexible agents: 3
num of flexible tasks: 337
Solving time: 0.000739323 seconds
plan limit 980
current timestep 65
num of flexible agents: 2
num of flexible tasks: 335
Solving time: 0.000709241 seconds
plan limit 980
current timestep 66
num of flexible agents: 3
num of flexible tasks: 334
Solving time: 0.000749729 seconds
plan limit 980
current timestep 67
num of flexible agents: 3
num of flexible tasks: 331
Solving time: 0.000762392 seconds
plan limit 980
current timestep 68
num of flexible agents: 3
num of flexible tasks: 329
Solving time: 0.000758112 seconds
plan limit 980
current timestep 69
num of flexible agents: 3
num of flexible tasks: 327
Solving time: 0.000747749 seconds
plan limit 980
current timestep 70
num of flexible agents: 2
num of flexible tasks: 324
Solving time: 0.000658716 seconds
plan limit 980
current timestep 71
num of flexible agents: 1
num of flexible tasks: 322
Solving time: 0.000443759 seconds
plan limit 980
current timestep 72
num of flexible agents: 4
num of flexible tasks: 321
Solving time: 0.000743531 seconds
plan limit 980
current timestep 73
num of flexible agents: 1
num of flexible tasks: 318
Solving time: 0.000397546 seconds
plan limit 980
current timestep 74
num of flexible agents: 5
num of flexible tasks: 317
Solving time: 0.000856001 seconds
plan limit 980
current timestep 75
num of flexible agents: 2
num of flexible tasks: 312
Solving time: 0.000652031 seconds
plan limit 980
current timestep 76
num of flexible agents: 1
num of flexible tasks: 310
Solving time: 0.000566148 seconds
plan limit 980
current timestep 77
num of flexible agents: 0
num of flexible tasks: 309
Solving time: 0.00025556 seconds
plan limit 980
current timestep 78
num of flexible agents: 2
num of flexible tasks: 309
Solving time: 0.000654335 seconds
plan limit 980
current timestep 79
num of flexible agents: 3
num of flexible tasks: 307
Solving time: 0.000775648 seconds
plan limit 980
current timestep 80
num of flexible agents: 3
num of flexible tasks: 304
Solving time: 0.000742261 seconds
plan limit 980
current timestep 81
num of flexible agents: 1
num of flexible tasks: 301
Solving time: 0.000591688 seconds
plan limit 980
current timestep 82
num of flexible agents: 8
num of flexible tasks: 301
Solving time: 0.000298915 seconds
plan limit 980
current timestep 83
num of flexible agents: 2
num of flexible tasks: 293
Solving time: 0.00073555 seconds
plan limit 980
current timestep 84
num of flexible agents: 2
num of flexible tasks: 291
Solving time: 0.000663886 seconds
plan limit 980
current timestep 85
num of flexible agents: 2
num of flexible tasks: 289
Solving time: 0.000681319 seconds
plan limit 980
current timestep 86
num of flexible agents: 3
num of flexible tasks: 288
Solving time: 0.000744328 seconds
plan limit 980
current timestep 87
num of flexible agents: 3
num of flexible tasks: 287
Solving time: 0.000779249 seconds
plan limit 980
current timestep 88
num of flexible agents: 3
num of flexible tasks: 284
Solving time: 0.000769158 seconds
plan limit 980
current timestep 89
num of flexible agents: 1
num of flexible tasks: 281
Solving time: 0.000605875 seconds
plan limit 980
current timestep 90
num of flexible agents: 2
num of flexible tasks: 280
Solving time: 0.000654181 seconds
plan limit 980
current timestep 91
num of flexible agents: 2
num of flexible tasks: 278
Solving time: 0.000677332 seconds
plan limit 980
current timestep 92
num of flexible agents: 3
num of flexible tasks: 277
Solving time: 0.000808013 seconds
plan limit 980
current timestep 93
num of flexible agents: 1
num of flexible tasks: 275
Solving time: 0.000583242 seconds
plan limit 980
current timestep 94
num of flexible agents: 1
num of flexible tasks: 274
Solving time: 0.000584521 seconds
plan limit 980
current timestep 95
num of flexible agents: 4
num of flexible tasks: 274
Solving time: 0.000748134 seconds
plan limit 980
current timestep 96
num of flexible agents: 6
num of flexible tasks: 271
Solving time: 0.000303229 seconds
plan limit 980
current timestep 97
num of flexible agents: 3
num of flexible tasks: 266
Solving time: 0.000846298 seconds
plan limit 979
current timestep 98
num of flexible agents: 2
num of flexible tasks: 263
Solving time: 0.000680734 seconds
plan limit 980
current timestep 99
num of flexible agents: 3
num of flexible tasks: 261
Solving time: 0.000762684 seconds
plan limit 980
current timestep 100
num of flexible agents: 4
num of flexible tasks: 258
Solving time: 0.000821268 seconds
plan limit 979
current timestep 101
num of flexible agents: 2
num of flexible tasks: 255
Solving time: 0.000781272 seconds
plan limit 980
current timestep 102
num of flexible agents: 1
num of flexible tasks: 253
Solving time: 0.000601291 seconds
plan limit 980
current timestep 103
num of flexible agents: 1
num of flexible tasks: 252
Solving time: 0.000609891 seconds
plan limit 980
current timestep 104
num of flexible agents: 1
num of flexible tasks: 251
Solving time: 0.000418506 seconds
plan limit 980
current timestep 105
num of flexible agents: 4
num of flexible tasks: 251
Solving time: 0.000770035 seconds
plan limit 980
current timestep 106
num of flexible agents: 4
num of flexible tasks: 247
Solving time: 0.000794437 seconds
plan limit 980
current timestep 107
num of flexible agents: 5
num of flexible tasks: 246
Solving time: 0.000782684 seconds
plan limit 980
current timestep 108
num of flexible agents: 5
num of flexible tasks: 242
Solving time: 0.000789791 seconds
plan limit 980
current timestep 109
num of flexible agents: 10
num of flexible tasks: 241
Solving time: 0.000330665 seconds
plan limit 980
current timestep 110
num of flexible agents: 5
num of flexible tasks: 234
Solving time: 0.000926695 seconds
plan limit 979
current timestep 111
num of flexible agents: 4
num of flexible tasks: 230
Solving time: 0.00075341 seconds
plan limit 980
current timestep 112
num of flexible agents: 6
num of flexible tasks: 229
Solving time: 0.000293612 seconds
plan limit 980
current timestep 113
num of flexible agents: 4
num of flexible tasks: 225
Solving time: 0.000748758 seconds
plan limit 980
current timestep 114
num of flexible agents: 4
num of flexible tasks: 222
Solving time: 0.000783638 seconds
plan limit 980
current timestep 115
num of flexible agents: 6
num of flexible tasks: 221
Solving time: 0.000329226 seconds
plan limit 980
current timestep 116
num of flexible agents: 4
num of flexible tasks: 216
Solving time: 0.000752163 seconds
plan limit 980
current timestep 117
num of flexible agents: 1
num of flexible tasks: 212
Solving time: 0.000524396 seconds
plan limit 980
current timestep 118
num of flexible agents: 1
num of flexible tasks: 211
Solving time: 0.000611811 seconds
plan limit 980
current timestep 119
num of flexible agents: 4
num of flexible tasks: 210
Solving time: 0.000793057 seconds
plan limit 979
current timestep 120
num of flexible agents: 1
num of flexible tasks: 206
Solving time: 0.000326051 seconds
plan limit 980
current timestep 121
num of flexible agents: 0
num of flexible tasks: 205
Solving time: 0.000244145 seconds
plan limit 980
current timestep 122
num of flexible agents: 1
num of flexible tasks: 205
Solving time: 0.000705842 seconds
plan limit 980
current timestep 123
num of flexible agents: 4
num of flexible tasks: 204
Solving time: 0.00076291 seconds
plan limit 980
current timestep 124
num of flexible agents: 2
num of flexible tasks: 201
Solving time: 0.000762603 seconds
plan limit 980
current timestep 125
num of flexible agents: 5
num of flexible tasks: 200
Solving time: 0.000840102 seconds
plan limit 979
current timestep 126
num of flexible agents: 4
num of flexible tasks: 196
Solving time: 0.000753969 seconds
plan limit 980
current timestep 127
num of flexible agents: 5
num of flexible tasks: 193
Solving time: 0.00083778 seconds
plan limit 979
current timestep 128
num of flexible agents: 3
num of flexible tasks: 190
Solving time: 0.000734808 seconds
plan limit 980
current timestep 129
num of flexible agents: 5
num of flexible tasks: 188
Solving time: 0.000768628 seconds
plan limit 980
current timestep 130
num of flexible agents: 4
num of flexible tasks: 184
Solving time: 0.000776396 seconds
plan limit 980
current timestep 131
num of flexible agents: 6
num of flexible tasks: 183
Solving time: 0.00032689 seconds
plan limit 980
current timestep 132
num of flexible agents: 2
num of flexible tasks: 179
Solving time: 0.000719514 seconds
plan limit 980
current timestep 133
num of flexible agents: 0
num of flexible tasks: 177
Solving time: 0.000231329 seconds
plan limit 980
current timestep 134
num of flexible agents: 0
num of flexible tasks: 177
Solving time: 0.000229534 seconds
plan limit 980
current timestep 135
num of flexible agents: 2
num of flexible tasks: 177
Solving time: 0.000728289 seconds
plan limit 980
current timestep 136
num of flexible agents: 6
num of flexible tasks: 175
Solving time: 0.000288547 seconds
plan limit 980
current timestep 137
num of flexible agents: 3
num of flexible tasks: 171
Solving time: 0.000773946 seconds
plan limit 980
current timestep 138
num of flexible agents: 6
num of flexible tasks: 170
Solving time: 0.000274993 seconds
plan limit 980
current timestep 139
num of flexible agents: 4
num of flexible tasks: 167
Solving time: 0.000737325 seconds
plan limit 980
current timestep 140
num of flexible agents: 4
num of flexible tasks: 164
Solving time: 0.000759343 seconds
plan limit 980
current timestep 141
num of flexible agents: 1
num of flexible tasks: 160
Solving time: 0.000512008 seconds
plan limit 980
current timestep 142
num of flexible agents: 7
num of flexible tasks: 159
Solving time: 0.000313486 seconds
plan limit 980
current timestep 143
num of flexible agents: 6
num of flexible tasks: 156
Solving time: 0.000302323 seconds
plan limit 980
current timestep 144
num of flexible agents: 4
num of flexible tasks: 152
Solving time: 0.00083657 seconds
plan limit 979
current timestep 145
num of flexible agents: 3
num of flexible tasks: 150
Solving time: 0.000838956 seconds
plan limit 979
current timestep 146
num of flexible agents: 4
num of flexible tasks: 147
Solving time: 0.00080561 seconds
plan limit 980
current timestep 147
num of flexible agents: 3
num of flexible tasks: 145
Solving time: 0.000757215 seconds
plan limit 980
current timestep 148
num of flexible agents: 5
num of flexible tasks: 145
Solving time: 0.000768599 seconds
plan limit 980
current timestep 149
num of flexible agents: 7
num of flexible tasks: 144
Solving time: 0.000292879 seconds
plan limit 980
current timestep 150
num of flexible agents: 6
num of flexible tasks: 140
Solving time: 0.00032009 seconds
plan limit 980
current timestep 151
num of flexible agents: 7
num of flexible tasks: 138
Solving time: 0.000305262 seconds
plan limit 980
current timestep 152
num of flexible agents: 8
num of flexible tasks: 134
Solving time: 0.000306949 seconds
plan limit 980
current timestep 153
num of flexible agents: 5
num of flexible tasks: 130
Solving time: 0.000800501 seconds
plan limit 980
current timestep 154
num of flexible agents: 5
num of flexible tasks: 125
Solving time: 0.000780876 seconds
plan limit 980
current timestep 155
num of flexible agents: 5
num of flexible tasks: 123
Solving time: 0.000768513 seconds
plan limit 980
current timestep 156
num of flexible agents: 3
num of flexible tasks: 120
Solving time: 0.000742881 seconds
plan limit 980
current timestep 157
num of flexible agents: 3
num of flexible tasks: 118
Solving time: 0.000759559 seconds
plan limit 980
current timestep 158
num of flexible agents: 5
num of flexible tasks: 117
Solving time: 0.000276453 seconds
plan limit 980
current timestep 159
num of flexible agents: 7
num of flexible tasks: 116
Solving time: 0.000310561 seconds
plan limit 980
current timestep 160
num of flexible agents: 10
num of flexible tasks: 116
Solving time: 0.00030543 seconds
plan limit 980
current timestep 161
num of flexible agents: 6
num of flexible tasks: 110
Solving time: 0.000294934 seconds
plan limit 980
current timestep 162
num of flexible agents: 5
num of flexible tasks: 107
Solving time: 0.000314049 seconds
plan limit 980
current timestep 163
num of flexible agents: 7
num of flexible tasks: 106
Solving time: 0.000297269 seconds
plan limit 980
current timestep 164
num of flexible agents: 3
num of flexible tasks: 102
Solving time: 0.000794908 seconds
plan limit 980
current timestep 165
num of flexible agents: 2
num of flexible tasks: 101
Solving time: 0.000732834 seconds
plan limit 980
current timestep 166
num of flexible agents: 4
num of flexible tasks: 100
Solving time: 0.000759794 seconds
plan limit 980
current timestep 167
num of flexible agents: 2
num of flexible tasks: 97
Solving time: 0.000730173 seconds
plan limit 980
current timestep 168
num of flexible agents: 4
num of flexible tasks: 96
Solving time: 0.00077498 seconds
plan limit 980
current timestep 169
num of flexible agents: 5
num of flexible tasks: 95
Solving time: 0.000298264 seconds
plan limit 980
current timestep 170
num of flexible agents: 5
num of flexible tasks: 94
Solving time: 0.000300022 seconds
plan limit 980
current timestep 171
num of flexible agents: 8
num of flexible tasks: 93
Solving time: 0.000307289 seconds
plan limit 980
current timestep 172
num of flexible agents: 6
num of flexible tasks: 90
Solving time: 0.000326419 seconds
plan limit 980
current timestep 173
num of flexible agents: 6
num of flexible tasks: 88
Solving time: 0.000310882 seconds
plan limit 980
current timestep 174
num of flexible agents: 9
num of flexible tasks: 88
Solving time: 0.000309821 seconds
plan limit 980
current timestep 175
num of flexible agents: 8
num of flexible tasks: 85
Solving time: 0.00031612 seconds
plan limit 980
current timestep 176
num of flexible agents: 8
num of flexible tasks: 82
Solving time: 0.000303297 seconds
plan limit 980
current timestep 177
num of flexible agents: 9
num of flexible tasks: 80
Solving time: 0.000331585 seconds
plan limit 980
current timestep 178
num of flexible agents: 10
num of flexible tasks: 78
Solving time: 0.000339438 seconds
plan limit 980
current timestep 179
num of flexible agents: 10
num of flexible tasks: 76
Solving time: 0.00032126 seconds
plan limit 980
current timestep 180
num of flexible agents: 10
num of flexible tasks: 75
Solving time: 0.000307097 seconds
plan limit 980
current timestep 181
num of flexible agents: 8
num of flexible tasks: 71
Solving time: 0.000307991 seconds
plan limit 980
current timestep 182
num of flexible agents: 5
num of flexible tasks: 68
Solving time: 0.000317483 seconds
plan limit 980
current timestep 183
num of flexible agents: 5
num of flexible tasks: 67
Solving time: 0.000316611 seconds
plan limit 980
current timestep 184
num of flexible agents: 5
num of flexible tasks: 66
Solving time: 0.000281739 seconds
plan limit 980
current timestep 185
num of flexible agents: 9
num of flexible tasks: 64
Solving time: 0.000302416 seconds
plan limit 980
current timestep 186
num of flexible agents: 6
num of flexible tasks: 60
Solving time: 0.000277577 seconds
plan limit 980
current timestep 187
num of flexible agents: 8
num of flexible tasks: 57
Solving time: 0.000310695 seconds
plan limit 980
current timestep 188
num of flexible agents: 5
num of flexible tasks: 53
Solving time: 0.000286243 seconds
plan limit 980
current timestep 189
num of flexible agents: 5
num of flexible tasks: 52
Solving time: 0.000309184 seconds
plan limit 980
current timestep 190
num of flexible agents: 9
num of flexible tasks: 52
Solving time: 0.000303803 seconds
plan limit 980
current timestep 191
num of flexible agents: 10
num of flexible tasks: 52
Solving time: 0.000346682 seconds
plan limit 980
current timestep 192
num of flexible agents: 9
num of flexible tasks: 50
Solving time: 0.00028538 seconds
plan limit 980
current timestep 193
num of flexible agents: 9
num of flexible tasks: 50
Solving time: 0.000287532 seconds
plan limit 980
current timestep 194
num of flexible agents: 7
num of flexible tasks: 47
Solving time: 0.000316962 seconds
plan limit 980
current timestep 195
num of flexible agents: 8
num of flexible tasks: 44
Solving time: 0.000320323 seconds
plan limit 980
current timestep 196
num of flexible agents: 8
num of flexible tasks: 40
Solving time: 0.000321411 seconds
plan limit 980
current timestep 197
num of flexible agents: 6
num of flexible tasks: 37
Solving time: 0.000298169 seconds
plan limit 980
current timestep 198
num of flexible agents: 7
num of flexible tasks: 37
Solving time: 0.000302456 seconds
plan limit 980
current timestep 199
num of flexible agents: 10
num of flexible tasks: 35
Solving time: 0.000354654 seconds
plan limit 980
current timestep 200
num of flexible agents: 11
num of flexible tasks: 34
Solving time: 0.000353961 seconds
plan limit 980
current timestep 201
num of flexible agents: 11
num of flexible tasks: 33
Solving time: 0.000311274 seconds
plan limit 980
current timestep 202
num of flexible agents: 11
num of flexible tasks: 31
Solving time: 0.000378493 seconds
plan limit 980
current timestep 203
num of flexible agents: 15
num of flexible tasks: 31
Solving time: 0.000377449 seconds
plan limit 980
current timestep 204
num of flexible agents: 18
num of flexible tasks: 30
Solving time: 0.000366938 seconds
plan limit 980
current timestep 205
num of flexible agents: 16
num of flexible tasks: 28
Solving time: 0.00042322 seconds
plan limit 980
current timestep 206
num of flexible agents: 18
num of flexible tasks: 26
Solving time: 0.000397195 seconds
plan limit 980
current timestep 207
num of flexible agents: 17
num of flexible tasks: 23
Solving time: 0.000406837 seconds
plan limit 980
current timestep 208
num of flexible agents: 16
num of flexible tasks: 20
Solving time: 0.000439467 seconds
plan limit 980
current timestep 209
num of flexible agents: 16
num of flexible tasks: 18
Solving time: 0.0004953 seconds
plan limit 980
current timestep 210
num of flexible agents: 17
num of flexible tasks: 17
Solving time: 0.000428031 seconds
plan limit 980
current timestep 211
num of flexible agents: 14
num of flexible tasks: 14
Solving time: 0.000437733 seconds
plan limit 980
current timestep 212
num of flexible agents: 13
num of flexible tasks: 13
Solving time: 0.000385901 seconds
plan limit 980
current timestep 213
num of flexible agents: 18
num of flexible tasks: 13
Solving time: 0.000356745 seconds
plan limit 980
current timestep 214
num of flexible agents: 17
num of flexible tasks: 11
Solving time: 0.000348047 seconds
plan limit 980
current timestep 215
num of flexible agents: 14
num of flexible tasks: 7
Solving time: 0.000337668 seconds
plan limit 980
current timestep 216
num of flexible agents: 18
num of flexible tasks: 7
Solving time: 0.000312004 seconds
plan limit 980
current timestep 217
num of flexible agents: 20
num of flexible tasks: 6
Solving time: 0.000317475 seconds
plan limit 980
current timestep 218
num of flexible agents: 20
num of flexible tasks: 6
Solving time: 0.000358634 seconds
plan limit 980
current timestep 219
num of flexible agents: 22
num of flexible tasks: 6
Solving time: 0.00030878 seconds
plan limit 980
current timestep 220
num of flexible agents: 24
num of flexible tasks: 6
Solving time: 0.000311957 seconds
plan limit 980
current timestep 221
num of flexible agents: 25
num of flexible tasks: 4
Solving time: 0.000266417 seconds
plan limit 980
current timestep 222
num of flexible agents: 25
num of flexible tasks: 3
Solving time: 0.000270852 seconds
plan limit 980
current timestep 223
num of flexible agents: 27
num of flexible tasks: 3
Solving time: 0.000287554 seconds
plan limit 980
current timestep 224
num of flexible agents: 27
num of flexible tasks: 3
Solving time: 0.000269242 seconds
plan limit 980
current timestep 225
num of flexible agents: 29
num of flexible tasks: 3
Solving time: 0.000299448 seconds
plan limit 980
current timestep 226
num of flexible agents: 30
num of flexible tasks: 2
Solving time: 0.000323205 seconds
plan limit 980
current timestep 227
num of flexible agents: 29
num of flexible tasks: 1
Solving time: 0.00028384 seconds
plan limit 980
current timestep 228
num of flexible agents: 30
num of flexible tasks: 1
Solving time: 0.000321444 seconds
plan limit 980
current timestep 229
num of flexible agents: 30
num of flexible tasks: 0
Solving time: 0.000227338 seconds
plan limit 980
current timestep 230
num of flexible agents: 30
num of flexible tasks: 0
Solving time: 0.000230544 seconds
plan limit 980
current timestep 231
num of flexible agents: 33
num of flexible tasks: 0
Solving time: 0.000219422 seconds
plan limit 980
current timestep 232
num of flexible agents: 33
num of flexible tasks: 0
Solving time: 0.000224188 seconds
plan limit 980
current timestep 233
num of flexible agents: 33
num of flexible tasks: 0
Solving time: 0.000238113 seconds
plan limit 980
current timestep 234
num of flexible agents: 35
num of flexible tasks: 0
Solving time: 0.000224318 seconds
plan limit 980
current timestep 235
num of flexible agents: 35
num of flexible tasks: 0
Solving time: 0.000218097 seconds
plan limit 980
current timestep 236
num of flexible agents: 35
num of flexible tasks: 0
Solving time: 0.000222654 seconds
plan limit 980
current timestep 237
num of flexible agents: 39
num of flexible tasks: 0
Solving time: 0.000223573 seconds
plan limit 980
current timestep 238
num of flexible agents: 39
num of flexible tasks: 0
Solving time: 0.00023159 seconds
plan limit 980
current timestep 239
num of flexible agents: 41
num of flexible tasks: 0
Solving time: 0.000241576 seconds
plan limit 980
current timestep 240
num of flexible agents: 41
num of flexible tasks: 0
Solving time: 0.000221379 seconds
plan limit 980
current timestep 241
num of flexible agents: 41
num of flexible tasks: 0
Solving time: 0.000253164 seconds
plan limit 980
current timestep 242
num of flexible agents: 41
num of flexible tasks: 0
Solving time: 0.00025165 seconds
plan limit 980
current timestep 243
num of flexible agents: 44
num of flexible tasks: 0
Solving time: 0.000241575 seconds
plan limit 980
current timestep 244
num of flexible agents: 44
num of flexible tasks: 0
Solving time: 0.000455104 seconds
plan limit 980
current timestep 245
num of flexible agents: 45
num of flexible tasks: 0
Solving time: 0.000492937 seconds
plan limit 980
current timestep 246
num of flexible agents: 46
num of flexible tasks: 0
Solving time: 0.000276051 seconds
plan limit 980
current timestep 247
num of flexible agents: 47
num of flexible tasks: 0
Solving time: 0.000231198 seconds
plan limit 980
current timestep 248
num of flexible agents: 47
num of flexible tasks: 0
Solving time: 0.000230735 seconds
plan limit 980
current timestep 249
num of flexible agents: 47
num of flexible tasks: 0
Solving time: 0.000225465 seconds
plan limit 980
current timestep 250
num of flexible agents: 48
num of flexible tasks: 0
Solving time: 0.000239836 seconds
plan limit 980
current timestep 251
num of flexible agents: 49
num of flexible tasks: 0
Solving time: 0.000230052 seconds
plan limit 980
current timestep 252
num of flexible agents: 49
num of flexible tasks: 0
Solving time: 0.000209607 seconds
plan limit 980
current timestep 253
num of flexible agents: 49
num of flexible tasks: 0
Solving time: 0.000214202 seconds
plan limit 980
current timestep 254
num of flexible agents: 49
num of flexible tasks: 0
Solving time: 0.000220603 seconds
plan limit 980
current timestep 255
num of flexible agents: 49
num of flexible tasks: 0
Solving time: 0.000221146 seconds
plan limit 980
current timestep 256
num of flexible agents: 49
num of flexible tasks: 0
Solving time: 0.000221776 seconds
plan limit 980
current timestep 257
num of flexible agents: 49
num of flexible tasks: 0
Solving time: 0.000224827 seconds
plan limit 980
current timestep 258
num of flexible agents: 49
num of flexible tasks: 0
Solving time: 0.000229172 seconds
plan limit 980
All tasks finished at timestep 259
