current timestep 0
num of flexible agents: 50
num of flexible tasks: 10
Solving time: 0.000372861 seconds
plan limit 980
current timestep 1
num of flexible agents: 48
num of flexible tasks: 18
Solving time: 0.000400135 seconds
plan limit 980
current timestep 2
num of flexible agents: 47
num of flexible tasks: 27
Solving time: 0.000399454 seconds
plan limit 980
current timestep 3
num of flexible agents: 44
num of flexible tasks: 34
Solving time: 0.000478882 seconds
plan limit 980
current timestep 4
num of flexible agents: 39
num of flexible tasks: 39
Solving time: 0.000555179 seconds
plan limit 980
current timestep 5
num of flexible agents: 34
num of flexible tasks: 44
Solving time: 0.000489115 seconds
plan limit 980
current timestep 6
num of flexible agents: 31
num of flexible tasks: 51
Solving time: 0.000381264 seconds
plan limit 980
current timestep 7
num of flexible agents: 23
num of flexible tasks: 53
Solving time: 0.000362204 seconds
plan limit 980
current timestep 8
num of flexible agents: 14
num of flexible tasks: 54
Solving time: 0.000309845 seconds
plan limit 980
current timestep 9
num of flexible agents: 12
num of flexible tasks: 61
Solving time: 0.000301784 seconds
plan limit 980
current timestep 10
num of flexible agents: 9
num of flexible tasks: 68
Solving time: 0.000296756 seconds
plan limit 980
current timestep 11
num of flexible agents: 9
num of flexible tasks: 78
Solving time: 0.000281427 seconds
plan limit 980
current timestep 12
num of flexible agents: 9
num of flexible tasks: 87
Solving time: 0.000321306 seconds
plan limit 980
current timestep 13
num of flexible agents: 8
num of flexible tasks: 95
Solving time: 0.000267932 seconds
plan limit 980
current timestep 14
num of flexible agents: 4
num of flexible tasks: 101
Solving time: 0.000832283 seconds
plan limit 980
current timestep 15
num of flexible agents: 3
num of flexible tasks: 109
Solving time: 0.000790967 seconds
plan limit 980
current timestep 16
num of flexible agents: 2
num of flexible tasks: 118
Solving time: 0.000755893 seconds
plan limit 980
current timestep 17
num of flexible agents: 1
num of flexible tasks: 127
Solving time: 0.000513886 seconds
plan limit 980
current timestep 18
num of flexible agents: 0
num of flexible tasks: 136
Solving time: 0.000196756 seconds
plan limit 980
current timestep 19
num of flexible agents: 2
num of flexible tasks: 146
Solving time: 0.00074845 seconds
plan limit 980
current timestep 20
num of flexible agents: 2
num of flexible tasks: 154
Solving time: 0.000727365 seconds
plan limit 980
current timestep 21
num of flexible agents: 4
num of flexible tasks: 163
Solving time: 0.000789488 seconds
plan limit 980
current timestep 22
num of flexible agents: 3
num of flexible tasks: 170
Solving time: 0.000747147 seconds
plan limit 980
current timestep 23
num of flexible agents: 1
num of flexible tasks: 177
Solving time: 0.000675818 seconds
plan limit 980
current timestep 24
num of flexible agents: 3
num of flexible tasks: 186
Solving time: 0.000726376 seconds
plan limit 980
current timestep 25
num of flexible agents: 2
num of flexible tasks: 194
Solving time: 0.000689744 seconds
plan limit 980
current timestep 26
num of flexible agents: 0
num of flexible tasks: 202
Solving time: 0.00023073 seconds
plan limit 980
current timestep 27
num of flexible agents: 6
num of flexible tasks: 212
Solving time: 0.000271138 seconds
plan limit 980
current timestep 28
num of flexible agents: 2
num of flexible tasks: 217
Solving time: 0.000709949 seconds
plan limit 980
current timestep 29
num of flexible agents: 1
num of flexible tasks: 225
Solving time: 0.00059188 seconds
plan limit 980
current timestep 30
num of flexible agents: 2
num of flexible tasks: 234
Solving time: 0.000665729 seconds
plan limit 980
current timestep 31
num of flexible agents: 0
num of flexible tasks: 242
Solving time: 0.000211366 seconds
plan limit 980
current timestep 32
num of flexible agents: 2
num of flexible tasks: 252
Solving time: 0.000739409 seconds
plan limit 980
current timestep 33
num of flexible agents: 4
num of flexible tasks: 260
Solving time: 0.000818292 seconds
plan limit 980
current timestep 34
num of flexible agents: 2
num of flexible tasks: 267
Solving time: 0.000656477 seconds
plan limit 980
current timestep 35
num of flexible agents: 8
num of flexible tasks: 276
Solving time: 0.000281072 seconds
plan limit 980
current timestep 36
num of flexible agents: 4
num of flexible tasks: 281
Solving time: 0.00084295 seconds
plan limit 979
current timestep 37
num of flexible agents: 3
num of flexible tasks: 287
Solving time: 0.000753927 seconds
plan limit 980
current timestep 38
num of flexible agents: 6
num of flexible tasks: 296
Solving time: 0.000284907 seconds
plan limit 980
current timestep 39
num of flexible agents: 4
num of flexible tasks: 302
Solving time: 0.000809873 seconds
plan limit 980
current timestep 40
num of flexible agents: 1
num of flexible tasks: 309
Solving time: 0.000573935 seconds
plan limit 980
current timestep 41
num of flexible agents: 1
num of flexible tasks: 319
Solving time: 0.000593886 seconds
plan limit 980
current timestep 42
num of flexible agents: 6
num of flexible tasks: 329
Solving time: 0.000283776 seconds
plan limit 980
current timestep 43
num of flexible agents: 5
num of flexible tasks: 336
Solving time: 0.000821782 seconds
plan limit 979
current timestep 44
num of flexible agents: 1
num of flexible tasks: 342
Solving time: 0.000362564 seconds
plan limit 980
current timestep 45
num of flexible agents: 3
num of flexible tasks: 351
Solving time: 0.00069428 seconds
plan limit 980
current timestep 46
num of flexible agents: 3
num of flexible tasks: 358
Solving time: 0.000739978 seconds
plan limit 980
current timestep 47
num of flexible agents: 3
num of flexible tasks: 367
Solving time: 0.000728261 seconds
plan limit 980
current timestep 48
num of flexible agents: 2
num of flexible tasks: 375
Solving time: 0.000706859 seconds
plan limit 980
current timestep 49
num of flexible agents: 1
num of flexible tasks: 383
Solving time: 0.000530538 seconds
plan limit 980
current timestep 50
num of flexible agents: 3
num of flexible tasks: 382
Solving time: 0.000730727 seconds
plan limit 980
current timestep 51
num of flexible agents: 2
num of flexible tasks: 379
Solving time: 0.000684815 seconds
plan limit 980
current timestep 52
num of flexible agents: 4
num of flexible tasks: 377
Solving time: 0.000798549 seconds
plan limit 980
current timestep 53
num of flexible agents: 4
num of flexible tasks: 373
Solving time: 0.000781863 seconds
plan limit 980
current timestep 54
num of flexible agents: 2
num of flexible tasks: 371
Solving time: 0.000717636 seconds
plan limit 980
current timestep 55
num of flexible agents: 3
num of flexible tasks: 369
Solving time: 0.000702744 seconds
plan limit 980
current timestep 56
num of flexible agents: 1
num of flexible tasks: 366
Solving time: 0.000298552 seconds
plan limit 980
current timestep 57
num of flexible agents: 1
num of flexible tasks: 365
Solving time: 0.000439761 seconds
plan limit 980
current timestep 58
num of flexible agents: 1
num of flexible tasks: 365
Solving time: 0.00060357 seconds
plan limit 980
current timestep 59
num of flexible agents: 3
num of flexible tasks: 365
Solving time: 0.000773266 seconds
plan limit 980
current timestep 60
num of flexible agents: 3
num of flexible tasks: 362
Solving time: 0.000739038 seconds
plan limit 980
current timestep 61
num of flexible agents: 2
num of flexible tasks: 359
Solving time: 0.000778525 seconds
plan limit 980
current timestep 62
num of flexible agents: 3
num of flexible tasks: 357
Solving time: 0.000736097 seconds
plan limit 980
current timestep 63
num of flexible agents: 2
num of flexible tasks: 354
Solving time: 0.000685503 seconds
plan limit 980
current timestep 64
num of flexible agents: 3
num of flexible tasks: 352
Solving time: 0.000764524 seconds
plan limit 980
current timestep 65
num of flexible agents: 3
num of flexible tasks: 349
Solving time: 0.000713987 seconds
plan limit 980
current timestep 66
num of flexible agents: 3
num of flexible tasks: 347
Solving time: 0.000724017 seconds
plan limit 980
current timestep 67
num of flexible agents: 6
num of flexible tasks: 346
Solving time: 0.000300982 seconds
plan limit 980
current timestep 68
num of flexible agents: 3
num of flexible tasks: 341
Solving time: 0.000663177 seconds
plan limit 980
current timestep 69
num of flexible agents: 1
num of flexible tasks: 339
Solving time: 0.000299177 seconds
plan limit 980
current timestep 70
num of flexible agents: 0
num of flexible tasks: 338
Solving time: 0.000271364 seconds
plan limit 980
current timestep 71
num of flexible agents: 1
num of flexible tasks: 338
Solving time: 0.000571122 seconds
plan limit 980
current timestep 72
num of flexible agents: 1
num of flexible tasks: 337
Solving time: 0.000563279 seconds
plan limit 980
current timestep 73
num of flexible agents: 3
num of flexible tasks: 336
Solving time: 0.000817277 seconds
plan limit 979
current timestep 74
num of flexible agents: 4
num of flexible tasks: 333
Solving time: 0.000763367 seconds
plan limit 980
current timestep 75
num of flexible agents: 3
num of flexible tasks: 330
Solving time: 0.000715952 seconds
plan limit 980
current timestep 76
num of flexible agents: 2
num of flexible tasks: 327
Solving time: 0.000664133 seconds
plan limit 980
current timestep 77
num of flexible agents: 3
num of flexible tasks: 325
Solving time: 0.000730158 seconds
plan limit 980
current timestep 78
num of flexible agents: 3
num of flexible tasks: 322
Solving time: 0.000705587 seconds
plan limit 980
current timestep 79
num of flexible agents: 3
num of flexible tasks: 319
Solving time: 0.000734502 seconds
plan limit 980
current timestep 80
num of flexible agents: 4
num of flexible tasks: 317
Solving time: 0.000800913 seconds
plan limit 980
current timestep 81
num of flexible agents: 1
num of flexible tasks: 314
Solving time: 0.000560475 seconds
plan limit 980
current timestep 82
num of flexible agents: 2
num of flexible tasks: 314
Solving time: 0.000753255 seconds
plan limit 980
current timestep 83
num of flexible agents: 3
num of flexible tasks: 313
Solving time: 0.000728493 seconds
plan limit 980
current timestep 84
num of flexible agents: 3
num of flexible tasks: 310
Solving time: 0.000737366 seconds
plan limit 980
current timestep 85
num of flexible agents: 2
num of flexible tasks: 308
Solving time: 0.000677709 seconds
plan limit 980
current timestep 86
num of flexible agents: 1
num of flexible tasks: 306
Solving time: 0.000571266 seconds
plan limit 980
current timestep 87
num of flexible agents: 5
num of flexible tasks: 305
Solving time: 0.000832531 seconds
plan limit 979
current timestep 88
num of flexible agents: 3
num of flexible tasks: 300
Solving time: 0.00071743 seconds
plan limit 980
current timestep 89
num of flexible agents: 1
num of flexible tasks: 298
Solving time: 0.000491615 seconds
plan limit 980
current timestep 90
num of flexible agents: 0
num of flexible tasks: 297
Solving time: 0.000250427 seconds
plan limit 980
current timestep 91
num of flexible agents: 0
num of flexible tasks: 297
Solving time: 0.000269789 seconds
plan limit 980
current timestep 92
num of flexible agents: 2
num of flexible tasks: 297
Solving time: 0.00066949 seconds
plan limit 980
current timestep 93
num of flexible agents: 2
num of flexible tasks: 295
Solving time: 0.000712763 seconds
plan limit 980
current timestep 94
num of flexible agents: 9
num of flexible tasks: 295
Solving time: 0.000294423 seconds
plan limit 980
current timestep 95
num of flexible agents: 3
num of flexible tasks: 287
Solving time: 0.000746354 seconds
plan limit 980
current timestep 96
num of flexible agents: 4
num of flexible tasks: 285
Solving time: 0.00078719 seconds
plan limit 980
current timestep 97
num of flexible agents: 3
num of flexible tasks: 281
Solving time: 0.000745243 seconds
plan limit 980
current timestep 98
num of flexible agents: 4
num of flexible tasks: 279
Solving time: 0.00078304 seconds
plan limit 980
current timestep 99
num of flexible agents: 4
num of flexible tasks: 277
Solving time: 0.000799543 seconds
plan limit 980
current timestep 100
num of flexible agents: 3
num of flexible tasks: 274
Solving time: 0.000810718 seconds
plan limit 980
current timestep 101
num of flexible agents: 5
num of flexible tasks: 271
Solving time: 0.000825339 seconds
plan limit 979
current timestep 102
num of flexible agents: 3
num of flexible tasks: 266
Solving time: 0.00073336 seconds
plan limit 980
current timestep 103
num of flexible agents: 0
num of flexible tasks: 263
Solving time: 0.00022413 seconds
plan limit 980
current timestep 104
num of flexible agents: 2
num of flexible tasks: 263
Solving time: 0.000720952 seconds
plan limit 980
current timestep 105
num of flexible agents: 4
num of flexible tasks: 263
Solving time: 0.0007848 seconds
plan limit 980
current timestep 106
num of flexible agents: 2
num of flexible tasks: 260
Solving time: 0.000679219 seconds
plan limit 980
current timestep 107
num of flexible agents: 2
num of flexible tasks: 259
Solving time: 0.000689898 seconds
plan limit 980
current timestep 108
num of flexible agents: 4
num of flexible tasks: 258
Solving time: 0.000808235 seconds
plan limit 980
current timestep 109
num of flexible agents: 1
num of flexible tasks: 254
Solving time: 0.000609452 seconds
plan limit 980
current timestep 110
num of flexible agents: 3
num of flexible tasks: 253
Solving time: 0.000735071 seconds
plan limit 980
current timestep 111
num of flexible agents: 3
num of flexible tasks: 251
Solving time: 0.000748733 seconds
plan limit 980
current timestep 112
num of flexible agents: 6
num of flexible tasks: 250
Solving time: 0.000313252 seconds
plan limit 980
current timestep 113
num of flexible agents: 5
num of flexible tasks: 247
Solving time: 0.000857642 seconds
plan limit 979
current timestep 114
num of flexible agents: 3
num of flexible tasks: 243
Solving time: 0.000754692 seconds
plan limit 980
current timestep 115
num of flexible agents: 4
num of flexible tasks: 242
Solving time: 0.000799971 seconds
plan limit 980
current timestep 116
num of flexible agents: 12
num of flexible tasks: 241
Solving time: 0.000305222 seconds
plan limit 980
current timestep 117
num of flexible agents: 5
num of flexible tasks: 233
Solving time: 0.000836012 seconds
plan limit 979
current timestep 118
num of flexible agents: 4
num of flexible tasks: 230
Solving time: 0.00091929 seconds
plan limit 979
current timestep 119
num of flexible agents: 5
num of flexible tasks: 227
Solving time: 0.000817331 seconds
plan limit 979
current timestep 120
num of flexible agents: 5
num of flexible tasks: 224
Solving time: 0.000836843 seconds
plan limit 979
current timestep 121
num of flexible agents: 7
num of flexible tasks: 222
Solving time: 0.000332445 seconds
plan limit 980
current timestep 122
num of flexible agents: 4
num of flexible tasks: 219
Solving time: 0.000819029 seconds
plan limit 980
current timestep 123
num of flexible agents: 7
num of flexible tasks: 218
Solving time: 0.000301811 seconds
plan limit 980
current timestep 124
num of flexible agents: 10
num of flexible tasks: 217
Solving time: 0.000298988 seconds
plan limit 980
current timestep 125
num of flexible agents: 4
num of flexible tasks: 211
Solving time: 0.000806793 seconds
plan limit 980
current timestep 126
num of flexible agents: 5
num of flexible tasks: 210
Solving time: 0.00080748 seconds
plan limit 980
current timestep 127
num of flexible agents: 4
num of flexible tasks: 207
Solving time: 0.000839991 seconds
plan limit 979
current timestep 128
num of flexible agents: 5
num of flexible tasks: 205
Solving time: 0.000838136 seconds
plan limit 980
current timestep 129
num of flexible agents: 5
num of flexible tasks: 203
Solving time: 0.000891387 seconds
plan limit 979
current timestep 130
num of flexible agents: 1
num of flexible tasks: 198
Solving time: 0.000330617 seconds
plan limit 980
current timestep 131
num of flexible agents: 2
num of flexible tasks: 197
Solving time: 0.000715894 seconds
plan limit 980
current timestep 132
num of flexible agents: 4
num of flexible tasks: 196
Solving time: 0.000794847 seconds
plan limit 980
current timestep 133
num of flexible agents: 2
num of flexible tasks: 193
Solving time: 0.000702696 seconds
plan limit 980
current timestep 134
num of flexible agents: 0
num of flexible tasks: 191
Solving time: 0.000206045 seconds
plan limit 980
current timestep 135
num of flexible agents: 3
num of flexible tasks: 191
Solving time: 0.000731003 seconds
plan limit 980
current timestep 136
num of flexible agents: 1
num of flexible tasks: 188
Solving time: 0.000701443 seconds
plan limit 980
current timestep 137
num of flexible agents: 3
num of flexible tasks: 187
Solving time: 0.000721797 seconds
plan limit 980
current timestep 138
num of flexible agents: 7
num of flexible tasks: 186
Solving time: 0.000282092 seconds
plan limit 980
current timestep 139
num of flexible agents: 5
num of flexible tasks: 181
Solving time: 0.000827814 seconds
plan limit 980
current timestep 140
num of flexible agents: 5
num of flexible tasks: 179
Solving time: 0.000851333 seconds
plan limit 980
current timestep 141
num of flexible agents: 4
num of flexible tasks: 176
Solving time: 0.000784682 seconds
plan limit 980
current timestep 142
num of flexible agents: 2
num of flexible tasks: 173
Solving time: 0.000668663 seconds
plan limit 980
current timestep 143
num of flexible agents: 1
num of flexible tasks: 172
Solving time: 0.000658885 seconds
plan limit 980
current timestep 144
num of flexible agents: 3
num of flexible tasks: 172
Solving time: 0.00073538 seconds
plan limit 980
current timestep 145
num of flexible agents: 6
num of flexible tasks: 171
Solving time: 0.000278816 seconds
plan limit 980
current timestep 146
num of flexible agents: 4
num of flexible tasks: 167
Solving time: 0.000803818 seconds
plan limit 980
current timestep 147
num of flexible agents: 4
num of flexible tasks: 165
Solving time: 0.00079917 seconds
plan limit 980
current timestep 148
num of flexible agents: 2
num of flexible tasks: 163
Solving time: 0.000702253 seconds
plan limit 980
current timestep 149
num of flexible agents: 5
num of flexible tasks: 163
Solving time: 0.000288253 seconds
plan limit 980
current timestep 150
num of flexible agents: 5
num of flexible tasks: 161
Solving time: 0.000292136 seconds
plan limit 980
current timestep 151
num of flexible agents: 4
num of flexible tasks: 158
Solving time: 0.000773475 seconds
plan limit 980
current timestep 152
num of flexible agents: 4
num of flexible tasks: 156
Solving time: 0.000795997 seconds
plan limit 980
current timestep 153
num of flexible agents: 6
num of flexible tasks: 155
Solving time: 0.000280739 seconds
plan limit 980
current timestep 154
num of flexible agents: 7
num of flexible tasks: 153
Solving time: 0.000292613 seconds
plan limit 980
current timestep 155
num of flexible agents: 6
num of flexible tasks: 150
Solving time: 0.000279474 seconds
plan limit 980
current timestep 156
num of flexible agents: 7
num of flexible tasks: 148
Solving time: 0.000278962 seconds
plan limit 980
current timestep 157
num of flexible agents: 6
num of flexible tasks: 146
Solving time: 0.000273727 seconds
plan limit 980
current timestep 158
num of flexible agents: 4
num of flexible tasks: 143
Solving time: 0.000804484 seconds
plan limit 980
current timestep 159
num of flexible agents: 6
num of flexible tasks: 142
Solving time: 0.000301451 seconds
plan limit 980
current timestep 160
num of flexible agents: 7
num of flexible tasks: 139
Solving time: 0.000282281 seconds
plan limit 980
current timestep 161
num of flexible agents: 4
num of flexible tasks: 136
Solving time: 0.000796839 seconds
plan limit 980
current timestep 162
num of flexible agents: 5
num of flexible tasks: 134
Solving time: 0.000303031 seconds
plan limit 980
current timestep 163
num of flexible agents: 6
num of flexible tasks: 133
Solving time: 0.000311643 seconds
plan limit 980
current timestep 164
num of flexible agents: 5
num of flexible tasks: 131
Solving time: 0.00030419 seconds
plan limit 980
current timestep 165
num of flexible agents: 6
num of flexible tasks: 129
Solving time: 0.000317057 seconds
plan limit 980
current timestep 166
num of flexible agents: 4
num of flexible tasks: 126
Solving time: 0.000831282 seconds
plan limit 980
current timestep 167
num of flexible agents: 7
num of flexible tasks: 126
Solving time: 0.000301331 seconds
plan limit 980
current timestep 168
num of flexible agents: 7
num of flexible tasks: 123
Solving time: 0.000359371 seconds
plan limit 980
current timestep 169
num of flexible agents: 7
num of flexible tasks: 121
Solving time: 0.000293367 seconds
plan limit 980
current timestep 170
num of flexible agents: 3
num of flexible tasks: 117
Solving time: 0.000766565 seconds
plan limit 980
current timestep 171
num of flexible agents: 4
num of flexible tasks: 117
Solving time: 0.000806433 seconds
plan limit 980
current timestep 172
num of flexible agents: 6
num of flexible tasks: 117
Solving time: 0.000316303 seconds
plan limit 980
current timestep 173
num of flexible agents: 7
num of flexible tasks: 114
Solving time: 0.000299277 seconds
plan limit 980
current timestep 174
num of flexible agents: 3
num of flexible tasks: 110
Solving time: 0.000824996 seconds
plan limit 980
current timestep 175
num of flexible agents: 3
num of flexible tasks: 109
Solving time: 0.000795412 seconds
plan limit 980
current timestep 176
num of flexible agents: 7
num of flexible tasks: 109
Solving time: 0.000297495 seconds
plan limit 980
current timestep 177
num of flexible agents: 4
num of flexible tasks: 104
Solving time: 0.000929593 seconds
plan limit 979
current timestep 178
num of flexible agents: 4
num of flexible tasks: 102
Solving time: 0.000941614 seconds
plan limit 979
current timestep 179
num of flexible agents: 4
num of flexible tasks: 101
Solving time: 0.000816643 seconds
plan limit 980
current timestep 180
num of flexible agents: 6
num of flexible tasks: 101
Solving time: 0.000316697 seconds
plan limit 980
current timestep 181
num of flexible agents: 6
num of flexible tasks: 101
Solving time: 0.00033516 seconds
plan limit 980
current timestep 182
num of flexible agents: 9
num of flexible tasks: 100
Solving time: 0.000297902 seconds
plan limit 980
current timestep 183
num of flexible agents: 9
num of flexible tasks: 98
Solving time: 0.000318923 seconds
plan limit 980
current timestep 184
num of flexible agents: 9
num of flexible tasks: 97
Solving time: 0.00032582 seconds
plan limit 980
current timestep 185
num of flexible agents: 10
num of flexible tasks: 93
Solving time: 0.000320782 seconds
plan limit 980
current timestep 186
num of flexible agents: 8
num of flexible tasks: 90
Solving time: 0.000372654 seconds
plan limit 980
current timestep 187
num of flexible agents: 7
num of flexible tasks: 87
Solving time: 0.000335342 seconds
plan limit 980
current timestep 188
num of flexible agents: 7
num of flexible tasks: 85
Solving time: 0.000296545 seconds
plan limit 980
current timestep 189
num of flexible agents: 8
num of flexible tasks: 84
Solving time: 0.000303914 seconds
plan limit 980
current timestep 190
num of flexible agents: 9
num of flexible tasks: 83
Solving time: 0.000320693 seconds
plan limit 980
current timestep 191
num of flexible agents: 11
num of flexible tasks: 82
Solving time: 0.000314048 seconds
plan limit 980
current timestep 192
num of flexible agents: 11
num of flexible tasks: 81
Solving time: 0.000341413 seconds
plan limit 980
current timestep 193
num of flexible agents: 13
num of flexible tasks: 81
Solving time: 0.000298847 seconds
plan limit 980
current timestep 194
num of flexible agents: 13
num of flexible tasks: 79
Solving time: 0.000359379 seconds
plan limit 980
current timestep 195
num of flexible agents: 10
num of flexible tasks: 75
Solving time: 0.000321235 seconds
plan limit 980
current timestep 196
num of flexible agents: 11
num of flexible tasks: 71
Solving time: 0.000322432 seconds
plan limit 980
current timestep 197
num of flexible agents: 10
num of flexible tasks: 69
Solving time: 0.000362788 seconds
plan limit 980
current timestep 198
num of flexible agents: 9
num of flexible tasks: 67
Solving time: 0.000340147 seconds
plan limit 980
current timestep 199
num of flexible agents: 9
num of flexible tasks: 66
Solving time: 0.000300133 seconds
plan limit 980
current timestep 200
num of flexible agents: 10
num of flexible tasks: 65
Solving time: 0.000327632 seconds
plan limit 980
current timestep 201
num of flexible agents: 10
num of flexible tasks: 64
Solving time: 0.000285661 seconds
plan limit 980
current timestep 202
num of flexible agents: 8
num of flexible tasks: 61
Solving time: 0.000295595 seconds
plan limit 980
current timestep 203
num of flexible agents: 10
num of flexible tasks: 61
Solving time: 0.000310297 seconds
plan limit 980
current timestep 204
num of flexible agents: 12
num of flexible tasks: 60
Solving time: 0.000340073 seconds
plan limit 980
current timestep 205
num of flexible agents: 14
num of flexible tasks: 59
Solving time: 0.000315527 seconds
plan limit 980
current timestep 206
num of flexible agents: 14
num of flexible tasks: 58
Solving time: 0.000323022 seconds
plan limit 980
current timestep 207
num of flexible agents: 16
num of flexible tasks: 55
Solving time: 0.000311811 seconds
plan limit 980
current timestep 208
num of flexible agents: 16
num of flexible tasks: 52
Solving time: 0.000316257 seconds
plan limit 980
current timestep 209
num of flexible agents: 17
num of flexible tasks: 50
Solving time: 0.000342912 seconds
plan limit 980
current timestep 210
num of flexible agents: 15
num of flexible tasks: 48
Solving time: 0.000330997 seconds
plan limit 980
current timestep 211
num of flexible agents: 13
num of flexible tasks: 45
Solving time: 0.000317366 seconds
plan limit 980
current timestep 212
num of flexible agents: 11
num of flexible tasks: 43
Solving time: 0.000316652 seconds
plan limit 980
current timestep 213
num of flexible agents: 11
num of flexible tasks: 42
Solving time: 0.000362643 seconds
plan limit 980
current timestep 214
num of flexible agents: 10
num of flexible tasks: 38
Solving time: 0.000316702 seconds
plan limit 980
current timestep 215
num of flexible agents: 9
num of flexible tasks: 34
Solving time: 0.000314954 seconds
plan limit 980
current timestep 216
num of flexible agents: 10
num of flexible tasks: 32
Solving time: 0.000358921 seconds
plan limit 980
current timestep 217
num of flexible agents: 11
num of flexible tasks: 32
Solving time: 0.000384957 seconds
plan limit 980
current timestep 218
num of flexible agents: 13
num of flexible tasks: 32
Solving time: 0.00034912 seconds
plan limit 980
current timestep 219
num of flexible agents: 13
num of flexible tasks: 31
Solving time: 0.00034424 seconds
plan limit 980
current timestep 220
num of flexible agents: 18
num of flexible tasks: 31
Solving time: 0.00033524 seconds
plan limit 980
current timestep 221
num of flexible agents: 18
num of flexible tasks: 31
Solving time: 0.000371538 seconds
plan limit 980
current timestep 222
num of flexible agents: 18
num of flexible tasks: 30
Solving time: 0.000393142 seconds
plan limit 980
current timestep 223
num of flexible agents: 21
num of flexible tasks: 29
Solving time: 0.000371153 seconds
plan limit 980
current timestep 224
num of flexible agents: 22
num of flexible tasks: 28
Solving time: 0.000415421 seconds
plan limit 980
current timestep 225
num of flexible agents: 20
num of flexible tasks: 26
Solving time: 0.00036971 seconds
plan limit 980
current timestep 226
num of flexible agents: 20
num of flexible tasks: 25
Solving time: 0.000407222 seconds
plan limit 980
current timestep 227
num of flexible agents: 19
num of flexible tasks: 23
Solving time: 0.000350849 seconds
plan limit 980
current timestep 228
num of flexible agents: 20
num of flexible tasks: 22
Solving time: 0.000413073 seconds
plan limit 980
current timestep 229
num of flexible agents: 18
num of flexible tasks: 19
Solving time: 0.000407826 seconds
plan limit 980
current timestep 230
num of flexible agents: 19
num of flexible tasks: 19
Solving time: 0.000387964 seconds
plan limit 980
current timestep 231
num of flexible agents: 21
num of flexible tasks: 17
Solving time: 0.000440948 seconds
plan limit 980
current timestep 232
num of flexible agents: 24
num of flexible tasks: 16
Solving time: 0.000372763 seconds
plan limit 980
current timestep 233
num of flexible agents: 25
num of flexible tasks: 16
Solving time: 0.000380105 seconds
plan limit 980
current timestep 234
num of flexible agents: 26
num of flexible tasks: 16
Solving time: 0.000367661 seconds
plan limit 980
current timestep 235
num of flexible agents: 25
num of flexible tasks: 15
Solving time: 0.000355425 seconds
plan limit 980
current timestep 236
num of flexible agents: 28
num of flexible tasks: 15
Solving time: 0.000369302 seconds
plan limit 980
current timestep 237
num of flexible agents: 27
num of flexible tasks: 14
Solving time: 0.000327239 seconds
plan limit 980
current timestep 238
num of flexible agents: 29
num of flexible tasks: 14
Solving time: 0.000298237 seconds
plan limit 980
current timestep 239
num of flexible agents: 28
num of flexible tasks: 12
Solving time: 0.000304066 seconds
plan limit 980
current timestep 240
num of flexible agents: 26
num of flexible tasks: 10
Solving time: 0.000380506 seconds
plan limit 980
current timestep 241
num of flexible agents: 26
num of flexible tasks: 8
Solving time: 0.000253156 seconds
plan limit 980
current timestep 242
num of flexible agents: 24
num of flexible tasks: 5
Solving time: 0.000236687 seconds
plan limit 980
current timestep 243
num of flexible agents: 24
num of flexible tasks: 3
Solving time: 0.00022186 seconds
plan limit 980
current timestep 244
num of flexible agents: 24
num of flexible tasks: 2
Solving time: 0.000208231 seconds
plan limit 980
current timestep 245
num of flexible agents: 25
num of flexible tasks: 1
Solving time: 0.000256477 seconds
plan limit 980
current timestep 246
num of flexible agents: 25
num of flexible tasks: 1
Solving time: 0.000211945 seconds
plan limit 980
current timestep 247
num of flexible agents: 27
num of flexible tasks: 0
Solving time: 0.000195928 seconds
plan limit 980
current timestep 248
num of flexible agents: 29
num of flexible tasks: 0
Solving time: 0.000191431 seconds
plan limit 980
current timestep 249
num of flexible agents: 30
num of flexible tasks: 0
Solving time: 0.000194529 seconds
plan limit 980
current timestep 250
num of flexible agents: 31
num of flexible tasks: 0
Solving time: 0.000191696 seconds
plan limit 980
current timestep 251
num of flexible agents: 31
num of flexible tasks: 0
Solving time: 0.000199161 seconds
plan limit 980
current timestep 252
num of flexible agents: 31
num of flexible tasks: 0
Solving time: 0.000195177 seconds
plan limit 980
current timestep 253
num of flexible agents: 34
num of flexible tasks: 0
Solving time: 0.000211865 seconds
plan limit 980
current timestep 254
num of flexible agents: 34
num of flexible tasks: 0
Solving time: 0.000190156 seconds
plan limit 980
current timestep 255
num of flexible agents: 35
num of flexible tasks: 0
Solving time: 0.000218094 seconds
plan limit 980
current timestep 256
num of flexible agents: 36
num of flexible tasks: 0
Solving time: 0.000197448 seconds
plan limit 980
current timestep 257
num of flexible agents: 37
num of flexible tasks: 0
Solving time: 0.000242779 seconds
plan limit 980
current timestep 258
num of flexible agents: 38
num of flexible tasks: 0
Solving time: 0.000215438 seconds
plan limit 980
current timestep 259
num of flexible agents: 40
num of flexible tasks: 0
Solving time: 0.000205177 seconds
plan limit 980
current timestep 260
num of flexible agents: 41
num of flexible tasks: 0
Solving time: 0.000206036 seconds
plan limit 980
current timestep 261
num of flexible agents: 43
num of flexible tasks: 0
Solving time: 0.000225809 seconds
plan limit 980
current timestep 262
num of flexible agents: 46
num of flexible tasks: 0
Solving time: 0.000189187 seconds
plan limit 980
current timestep 263
num of flexible agents: 47
num of flexible tasks: 0
Solving time: 0.000224064 seconds
plan limit 980
current timestep 264
num of flexible agents: 48
num of flexible tasks: 0
Solving time: 0.00020727 seconds
plan limit 980
current timestep 265
num of flexible agents: 48
num of flexible tasks: 0
Solving time: 0.000207959 seconds
plan limit 980
current timestep 266
num of flexible agents: 49
num of flexible tasks: 0
Solving time: 0.000192299 seconds
plan limit 980
All tasks finished at timestep 267
