current timestep 0
num of flexible agents: 50
num of flexible tasks: 10
Solving time: 0.000352405 seconds
plan limit 980
current timestep 1
num of flexible agents: 47
num of flexible tasks: 17
Solving time: 0.000389193 seconds
plan limit 980
current timestep 2
num of flexible agents: 44
num of flexible tasks: 24
Solving time: 0.000428724 seconds
plan limit 980
current timestep 3
num of flexible agents: 43
num of flexible tasks: 33
Solving time: 0.000503177 seconds
plan limit 980
current timestep 4
num of flexible agents: 41
num of flexible tasks: 41
Solving time: 0.000489639 seconds
plan limit 980
current timestep 5
num of flexible agents: 38
num of flexible tasks: 48
Solving time: 0.000465838 seconds
plan limit 980
current timestep 6
num of flexible agents: 31
num of flexible tasks: 51
Solving time: 0.000352717 seconds
plan limit 980
current timestep 7
num of flexible agents: 20
num of flexible tasks: 50
Solving time: 0.000346353 seconds
plan limit 980
current timestep 8
num of flexible agents: 16
num of flexible tasks: 56
Solving time: 0.000286978 seconds
plan limit 980
current timestep 9
num of flexible agents: 13
num of flexible tasks: 62
Solving time: 0.000335025 seconds
plan limit 980
current timestep 10
num of flexible agents: 12
num of flexible tasks: 70
Solving time: 0.00027387 seconds
plan limit 980
current timestep 11
num of flexible agents: 4
num of flexible tasks: 71
Solving time: 0.000274535 seconds
plan limit 980
current timestep 12
num of flexible agents: 3
num of flexible tasks: 80
Solving time: 0.000787849 seconds
plan limit 980
current timestep 13
num of flexible agents: 2
num of flexible tasks: 89
Solving time: 0.00070876 seconds
plan limit 980
current timestep 14
num of flexible agents: 4
num of flexible tasks: 98
Solving time: 0.000245636 seconds
plan limit 980
current timestep 15
num of flexible agents: 3
num of flexible tasks: 106
Solving time: 0.000754977 seconds
plan limit 980
current timestep 16
num of flexible agents: 2
num of flexible tasks: 113
Solving time: 0.000718429 seconds
plan limit 980
current timestep 17
num of flexible agents: 1
num of flexible tasks: 122
Solving time: 0.000677209 seconds
plan limit 980
current timestep 18
num of flexible agents: 2
num of flexible tasks: 132
Solving time: 0.000720166 seconds
plan limit 980
current timestep 19
num of flexible agents: 1
num of flexible tasks: 141
Solving time: 0.000302443 seconds
plan limit 980
current timestep 20
num of flexible agents: 2
num of flexible tasks: 150
Solving time: 0.000692636 seconds
plan limit 980
current timestep 21
num of flexible agents: 1
num of flexible tasks: 158
Solving time: 0.000615937 seconds
plan limit 980
current timestep 22
num of flexible agents: 1
num of flexible tasks: 167
Solving time: 0.000615641 seconds
plan limit 980
current timestep 23
num of flexible agents: 1
num of flexible tasks: 176
Solving time: 0.000336579 seconds
plan limit 980
current timestep 24
num of flexible agents: 3
num of flexible tasks: 185
Solving time: 0.000748163 seconds
plan limit 980
current timestep 25
num of flexible agents: 1
num of flexible tasks: 192
Solving time: 0.000577028 seconds
plan limit 980
current timestep 26
num of flexible agents: 2
num of flexible tasks: 201
Solving time: 0.000705204 seconds
plan limit 980
current timestep 27
num of flexible agents: 3
num of flexible tasks: 209
Solving time: 0.000741391 seconds
plan limit 980
current timestep 28
num of flexible agents: 0
num of flexible tasks: 216
Solving time: 0.000227991 seconds
plan limit 980
current timestep 29
num of flexible agents: 3
num of flexible tasks: 226
Solving time: 0.000728162 seconds
plan limit 980
current timestep 30
num of flexible agents: 2
num of flexible tasks: 234
Solving time: 0.000640635 seconds
plan limit 980
current timestep 31
num of flexible agents: 3
num of flexible tasks: 242
Solving time: 0.000725488 seconds
plan limit 980
current timestep 32
num of flexible agents: 5
num of flexible tasks: 249
Solving time: 0.000866738 seconds
plan limit 979
current timestep 33
num of flexible agents: 4
num of flexible tasks: 255
Solving time: 0.000788189 seconds
plan limit 980
current timestep 34
num of flexible agents: 2
num of flexible tasks: 262
Solving time: 0.000670028 seconds
plan limit 980
current timestep 35
num of flexible agents: 5
num of flexible tasks: 270
Solving time: 0.000833732 seconds
plan limit 979
current timestep 36
num of flexible agents: 3
num of flexible tasks: 276
Solving time: 0.000717848 seconds
plan limit 980
current timestep 37
num of flexible agents: 3
num of flexible tasks: 284
Solving time: 0.000818469 seconds
plan limit 980
current timestep 38
num of flexible agents: 2
num of flexible tasks: 292
Solving time: 0.000648543 seconds
plan limit 980
current timestep 39
num of flexible agents: 4
num of flexible tasks: 301
Solving time: 0.000742321 seconds
plan limit 980
current timestep 40
num of flexible agents: 3
num of flexible tasks: 308
Solving time: 0.000717681 seconds
plan limit 980
current timestep 41
num of flexible agents: 3
num of flexible tasks: 315
Solving time: 0.0007356 seconds
plan limit 980
current timestep 42
num of flexible agents: 4
num of flexible tasks: 323
Solving time: 0.000792559 seconds
plan limit 980
current timestep 43
num of flexible agents: 2
num of flexible tasks: 331
Solving time: 0.000688322 seconds
plan limit 980
current timestep 44
num of flexible agents: 4
num of flexible tasks: 341
Solving time: 0.000792095 seconds
plan limit 980
current timestep 45
num of flexible agents: 3
num of flexible tasks: 348
Solving time: 0.00072738 seconds
plan limit 980
current timestep 46
num of flexible agents: 3
num of flexible tasks: 356
Solving time: 0.000753595 seconds
plan limit 980
current timestep 47
num of flexible agents: 1
num of flexible tasks: 363
Solving time: 0.000430483 seconds
plan limit 980
current timestep 48
num of flexible agents: 3
num of flexible tasks: 372
Solving time: 0.000746039 seconds
plan limit 980
current timestep 49
num of flexible agents: 2
num of flexible tasks: 379
Solving time: 0.000615254 seconds
plan limit 980
current timestep 50
num of flexible agents: 2
num of flexible tasks: 377
Solving time: 0.000634256 seconds
plan limit 980
current timestep 51
num of flexible agents: 5
num of flexible tasks: 375
Solving time: 0.000818323 seconds
plan limit 980
current timestep 52
num of flexible agents: 3
num of flexible tasks: 370
Solving time: 0.000717459 seconds
plan limit 980
current timestep 53
num of flexible agents: 1
num of flexible tasks: 367
Solving time: 0.000356345 seconds
plan limit 980
current timestep 54
num of flexible agents: 3
num of flexible tasks: 366
Solving time: 0.000701657 seconds
plan limit 980
current timestep 55
num of flexible agents: 4
num of flexible tasks: 364
Solving time: 0.000778813 seconds
plan limit 980
current timestep 56
num of flexible agents: 2
num of flexible tasks: 361
Solving time: 0.000663185 seconds
plan limit 980
current timestep 57
num of flexible agents: 2
num of flexible tasks: 359
Solving time: 0.000622287 seconds
plan limit 980
current timestep 58
num of flexible agents: 5
num of flexible tasks: 357
Solving time: 0.000818357 seconds
plan limit 979
current timestep 59
num of flexible agents: 5
num of flexible tasks: 352
Solving time: 0.000819881 seconds
plan limit 979
current timestep 60
num of flexible agents: 3
num of flexible tasks: 348
Solving time: 0.000727563 seconds
plan limit 980
current timestep 61
num of flexible agents: 1
num of flexible tasks: 346
Solving time: 0.00049237 seconds
plan limit 980
current timestep 62
num of flexible agents: 5
num of flexible tasks: 345
Solving time: 0.000776809 seconds
plan limit 980
current timestep 63
num of flexible agents: 5
num of flexible tasks: 342
Solving time: 0.000783697 seconds
plan limit 980
current timestep 64
num of flexible agents: 2
num of flexible tasks: 337
Solving time: 0.000688872 seconds
plan limit 980
current timestep 65
num of flexible agents: 3
num of flexible tasks: 335
Solving time: 0.000725512 seconds
plan limit 980
current timestep 66
num of flexible agents: 3
num of flexible tasks: 332
Solving time: 0.000723067 seconds
plan limit 980
current timestep 67
num of flexible agents: 0
num of flexible tasks: 329
Solving time: 0.000273162 seconds
plan limit 980
current timestep 68
num of flexible agents: 2
num of flexible tasks: 329
Solving time: 0.000643733 seconds
plan limit 980
current timestep 69
num of flexible agents: 6
num of flexible tasks: 327
Solving time: 0.000885975 seconds
plan limit 979
current timestep 70
num of flexible agents: 4
num of flexible tasks: 322
Solving time: 0.000746227 seconds
plan limit 980
current timestep 71
num of flexible agents: 4
num of flexible tasks: 319
Solving time: 0.000724465 seconds
plan limit 980
current timestep 72
num of flexible agents: 3
num of flexible tasks: 316
Solving time: 0.000727905 seconds
plan limit 980
current timestep 73
num of flexible agents: 0
num of flexible tasks: 313
Solving time: 0.00024561 seconds
plan limit 980
current timestep 74
num of flexible agents: 1
num of flexible tasks: 313
Solving time: 0.000563358 seconds
plan limit 980
current timestep 75
num of flexible agents: 4
num of flexible tasks: 312
Solving time: 0.000734416 seconds
plan limit 980
current timestep 76
num of flexible agents: 3
num of flexible tasks: 309
Solving time: 0.000716979 seconds
plan limit 980
current timestep 77
num of flexible agents: 2
num of flexible tasks: 307
Solving time: 0.000657298 seconds
plan limit 980
current timestep 78
num of flexible agents: 2
num of flexible tasks: 305
Solving time: 0.000740728 seconds
plan limit 980
current timestep 79
num of flexible agents: 3
num of flexible tasks: 304
Solving time: 0.000716197 seconds
plan limit 980
current timestep 80
num of flexible agents: 1
num of flexible tasks: 301
Solving time: 0.000581111 seconds
plan limit 980
current timestep 81
num of flexible agents: 4
num of flexible tasks: 300
Solving time: 0.00078712 seconds
plan limit 980
current timestep 82
num of flexible agents: 2
num of flexible tasks: 297
Solving time: 0.000681672 seconds
plan limit 980
current timestep 83
num of flexible agents: 3
num of flexible tasks: 296
Solving time: 0.000732933 seconds
plan limit 980
current timestep 84
num of flexible agents: 3
num of flexible tasks: 294
Solving time: 0.00070977 seconds
plan limit 980
current timestep 85
num of flexible agents: 5
num of flexible tasks: 293
Solving time: 0.000789678 seconds
plan limit 980
current timestep 86
num of flexible agents: 5
num of flexible tasks: 290
Solving time: 0.00077386 seconds
plan limit 980
current timestep 87
num of flexible agents: 2
num of flexible tasks: 287
Solving time: 0.000697306 seconds
plan limit 980
current timestep 88
num of flexible agents: 3
num of flexible tasks: 285
Solving time: 0.000694083 seconds
plan limit 980
current timestep 89
num of flexible agents: 2
num of flexible tasks: 282
Solving time: 0.000654971 seconds
plan limit 980
current timestep 90
num of flexible agents: 5
num of flexible tasks: 280
Solving time: 0.000824597 seconds
plan limit 979
current timestep 91
num of flexible agents: 4
num of flexible tasks: 277
Solving time: 0.000848725 seconds
plan limit 979
current timestep 92
num of flexible agents: 1
num of flexible tasks: 273
Solving time: 0.000616992 seconds
plan limit 980
current timestep 93
num of flexible agents: 3
num of flexible tasks: 272
Solving time: 0.000779023 seconds
plan limit 980
current timestep 94
num of flexible agents: 2
num of flexible tasks: 270
Solving time: 0.000645038 seconds
plan limit 980
current timestep 95
num of flexible agents: 1
num of flexible tasks: 268
Solving time: 0.000587771 seconds
plan limit 980
current timestep 96
num of flexible agents: 2
num of flexible tasks: 267
Solving time: 0.000679076 seconds
plan limit 980
current timestep 97
num of flexible agents: 5
num of flexible tasks: 265
Solving time: 0.000841881 seconds
plan limit 980
current timestep 98
num of flexible agents: 2
num of flexible tasks: 260
Solving time: 0.000660685 seconds
plan limit 980
current timestep 99
num of flexible agents: 5
num of flexible tasks: 258
Solving time: 0.000818218 seconds
plan limit 980
current timestep 100
num of flexible agents: 3
num of flexible tasks: 253
Solving time: 0.000779663 seconds
plan limit 980
current timestep 101
num of flexible agents: 5
num of flexible tasks: 250
Solving time: 0.000877652 seconds
plan limit 979
current timestep 102
num of flexible agents: 1
num of flexible tasks: 246
Solving time: 0.000564226 seconds
plan limit 980
current timestep 103
num of flexible agents: 1
num of flexible tasks: 245
Solving time: 0.000594308 seconds
plan limit 980
current timestep 104
num of flexible agents: 3
num of flexible tasks: 244
Solving time: 0.00082356 seconds
plan limit 980
current timestep 105
num of flexible agents: 2
num of flexible tasks: 241
Solving time: 0.000688694 seconds
plan limit 980
current timestep 106
num of flexible agents: 3
num of flexible tasks: 239
Solving time: 0.000779537 seconds
plan limit 980
current timestep 107
num of flexible agents: 3
num of flexible tasks: 238
Solving time: 0.000803519 seconds
plan limit 980
current timestep 108
num of flexible agents: 4
num of flexible tasks: 236
Solving time: 0.000761781 seconds
plan limit 980
current timestep 109
num of flexible agents: 1
num of flexible tasks: 233
Solving time: 0.000412392 seconds
plan limit 980
current timestep 110
num of flexible agents: 5
num of flexible tasks: 233
Solving time: 0.00092742 seconds
plan limit 979
current timestep 111
num of flexible agents: 6
num of flexible tasks: 230
Solving time: 0.000823267 seconds
plan limit 980
current timestep 112
num of flexible agents: 4
num of flexible tasks: 227
Solving time: 0.000782507 seconds
plan limit 980
current timestep 113
num of flexible agents: 1
num of flexible tasks: 224
Solving time: 0.00058923 seconds
plan limit 980
current timestep 114
num of flexible agents: 3
num of flexible tasks: 224
Solving time: 0.000781102 seconds
plan limit 980
current timestep 115
num of flexible agents: 2
num of flexible tasks: 221
Solving time: 0.000692428 seconds
plan limit 980
current timestep 116
num of flexible agents: 2
num of flexible tasks: 220
Solving time: 0.000715341 seconds
plan limit 980
current timestep 117
num of flexible agents: 3
num of flexible tasks: 218
Solving time: 0.000788314 seconds
plan limit 980
current timestep 118
num of flexible agents: 4
num of flexible tasks: 217
Solving time: 0.000775077 seconds
plan limit 980
current timestep 119
num of flexible agents: 3
num of flexible tasks: 215
Solving time: 0.000908091 seconds
plan limit 979
current timestep 120
num of flexible agents: 4
num of flexible tasks: 212
Solving time: 0.000744431 seconds
plan limit 980
current timestep 121
num of flexible agents: 3
num of flexible tasks: 209
Solving time: 0.000798202 seconds
plan limit 979
current timestep 122
num of flexible agents: 4
num of flexible tasks: 207
Solving time: 0.00077046 seconds
plan limit 980
current timestep 123
num of flexible agents: 3
num of flexible tasks: 204
Solving time: 0.000776548 seconds
plan limit 980
current timestep 124
num of flexible agents: 3
num of flexible tasks: 202
Solving time: 0.00072451 seconds
plan limit 980
current timestep 125
num of flexible agents: 2
num of flexible tasks: 201
Solving time: 0.000718152 seconds
plan limit 980
current timestep 126
num of flexible agents: 0
num of flexible tasks: 199
Solving time: 0.000235924 seconds
plan limit 980
current timestep 127
num of flexible agents: 6
num of flexible tasks: 199
Solving time: 0.000827029 seconds
plan limit 980
current timestep 128
num of flexible agents: 5
num of flexible tasks: 195
Solving time: 0.000914438 seconds
plan limit 979
current timestep 129
num of flexible agents: 2
num of flexible tasks: 191
Solving time: 0.000734527 seconds
plan limit 980
current timestep 130
num of flexible agents: 4
num of flexible tasks: 190
Solving time: 0.000742859 seconds
plan limit 980
current timestep 131
num of flexible agents: 5
num of flexible tasks: 188
Solving time: 0.000823624 seconds
plan limit 979
current timestep 132
num of flexible agents: 7
num of flexible tasks: 185
Solving time: 0.000275832 seconds
plan limit 980
current timestep 133
num of flexible agents: 3
num of flexible tasks: 180
Solving time: 0.000801965 seconds
plan limit 980
current timestep 134
num of flexible agents: 3
num of flexible tasks: 179
Solving time: 0.000756185 seconds
plan limit 980
current timestep 135
num of flexible agents: 3
num of flexible tasks: 177
Solving time: 0.000843248 seconds
plan limit 979
current timestep 136
num of flexible agents: 5
num of flexible tasks: 176
Solving time: 0.000840792 seconds
plan limit 979
current timestep 137
num of flexible agents: 5
num of flexible tasks: 174
Solving time: 0.000853679 seconds
plan limit 979
current timestep 138
num of flexible agents: 7
num of flexible tasks: 171
Solving time: 0.000331512 seconds
plan limit 980
current timestep 139
num of flexible agents: 3
num of flexible tasks: 167
Solving time: 0.000763017 seconds
plan limit 980
current timestep 140
num of flexible agents: 4
num of flexible tasks: 167
Solving time: 0.000791058 seconds
plan limit 980
current timestep 141
num of flexible agents: 5
num of flexible tasks: 165
Solving time: 0.000846039 seconds
plan limit 980
current timestep 142
num of flexible agents: 7
num of flexible tasks: 162
Solving time: 0.000304149 seconds
plan limit 980
current timestep 143
num of flexible agents: 6
num of flexible tasks: 159
Solving time: 0.000843764 seconds
plan limit 979
current timestep 144
num of flexible agents: 2
num of flexible tasks: 154
Solving time: 0.000775721 seconds
plan limit 980
current timestep 145
num of flexible agents: 2
num of flexible tasks: 152
Solving time: 0.000728165 seconds
plan limit 980
current timestep 146
num of flexible agents: 4
num of flexible tasks: 150
Solving time: 0.000784227 seconds
plan limit 980
current timestep 147
num of flexible agents: 6
num of flexible tasks: 147
Solving time: 0.000831428 seconds
plan limit 979
current timestep 148
num of flexible agents: 5
num of flexible tasks: 143
Solving time: 0.000824538 seconds
plan limit 980
current timestep 149
num of flexible agents: 2
num of flexible tasks: 139
Solving time: 0.000746458 seconds
plan limit 980
current timestep 150
num of flexible agents: 3
num of flexible tasks: 139
Solving time: 0.000778626 seconds
plan limit 980
current timestep 151
num of flexible agents: 2
num of flexible tasks: 137
Solving time: 0.000875056 seconds
plan limit 979
current timestep 152
num of flexible agents: 5
num of flexible tasks: 135
Solving time: 0.000845947 seconds
plan limit 979
current timestep 153
num of flexible agents: 5
num of flexible tasks: 133
Solving time: 0.000832137 seconds
plan limit 980
current timestep 154
num of flexible agents: 9
num of flexible tasks: 133
Solving time: 0.000291334 seconds
plan limit 980
current timestep 155
num of flexible agents: 5
num of flexible tasks: 127
Solving time: 0.000830784 seconds
plan limit 979
current timestep 156
num of flexible agents: 4
num of flexible tasks: 125
Solving time: 0.000854347 seconds
plan limit 979
current timestep 157
num of flexible agents: 4
num of flexible tasks: 124
Solving time: 0.000847584 seconds
plan limit 979
current timestep 158
num of flexible agents: 4
num of flexible tasks: 122
Solving time: 0.000858402 seconds
plan limit 979
current timestep 159
num of flexible agents: 3
num of flexible tasks: 119
Solving time: 0.000773105 seconds
plan limit 980
current timestep 160
num of flexible agents: 5
num of flexible tasks: 119
Solving time: 0.000937728 seconds
plan limit 979
current timestep 161
num of flexible agents: 7
num of flexible tasks: 117
Solving time: 0.000287665 seconds
plan limit 980
current timestep 162
num of flexible agents: 6
num of flexible tasks: 115
Solving time: 0.000786392 seconds
plan limit 980
current timestep 163
num of flexible agents: 9
num of flexible tasks: 113
Solving time: 0.000296482 seconds
plan limit 980
current timestep 164
num of flexible agents: 13
num of flexible tasks: 112
Solving time: 0.000312568 seconds
plan limit 980
current timestep 165
num of flexible agents: 6
num of flexible tasks: 105
Solving time: 0.000841028 seconds
plan limit 979
current timestep 166
num of flexible agents: 7
num of flexible tasks: 104
Solving time: 0.000330709 seconds
plan limit 980
current timestep 167
num of flexible agents: 8
num of flexible tasks: 102
Solving time: 0.000289738 seconds
plan limit 980
current timestep 168
num of flexible agents: 6
num of flexible tasks: 100
Solving time: 0.000847725 seconds
plan limit 979
current timestep 169
num of flexible agents: 8
num of flexible tasks: 100
Solving time: 0.000362271 seconds
plan limit 980
current timestep 170
num of flexible agents: 10
num of flexible tasks: 99
Solving time: 0.000317268 seconds
plan limit 980
current timestep 171
num of flexible agents: 8
num of flexible tasks: 95
Solving time: 0.000312014 seconds
plan limit 980
current timestep 172
num of flexible agents: 7
num of flexible tasks: 93
Solving time: 0.000301355 seconds
plan limit 980
current timestep 173
num of flexible agents: 6
num of flexible tasks: 92
Solving time: 0.000825482 seconds
plan limit 980
current timestep 174
num of flexible agents: 5
num of flexible tasks: 90
Solving time: 0.000849455 seconds
plan limit 979
current timestep 175
num of flexible agents: 6
num of flexible tasks: 89
Solving time: 0.000842589 seconds
plan limit 979
current timestep 176
num of flexible agents: 5
num of flexible tasks: 86
Solving time: 0.000866344 seconds
plan limit 979
current timestep 177
num of flexible agents: 5
num of flexible tasks: 84
Solving time: 0.000915091 seconds
plan limit 979
current timestep 178
num of flexible agents: 9
num of flexible tasks: 83
Solving time: 0.00033137 seconds
plan limit 980
current timestep 179
num of flexible agents: 8
num of flexible tasks: 79
Solving time: 0.000344293 seconds
plan limit 980
current timestep 180
num of flexible agents: 6
num of flexible tasks: 76
Solving time: 0.000884208 seconds
plan limit 979
current timestep 181
num of flexible agents: 6
num of flexible tasks: 76
Solving time: 0.000862576 seconds
plan limit 980
current timestep 182
num of flexible agents: 7
num of flexible tasks: 75
Solving time: 0.000323684 seconds
plan limit 980
current timestep 183
num of flexible agents: 7
num of flexible tasks: 74
Solving time: 0.00036658 seconds
plan limit 980
current timestep 184
num of flexible agents: 13
num of flexible tasks: 74
Solving time: 0.00029988 seconds
plan limit 980
current timestep 185
num of flexible agents: 11
num of flexible tasks: 70
Solving time: 0.000363259 seconds
plan limit 980
current timestep 186
num of flexible agents: 13
num of flexible tasks: 70
Solving time: 0.00031236 seconds
plan limit 980
current timestep 187
num of flexible agents: 12
num of flexible tasks: 68
Solving time: 0.00032937 seconds
plan limit 980
current timestep 188
num of flexible agents: 11
num of flexible tasks: 64
Solving time: 0.000292153 seconds
plan limit 980
current timestep 189
num of flexible agents: 9
num of flexible tasks: 61
Solving time: 0.000321061 seconds
plan limit 980
current timestep 190
num of flexible agents: 11
num of flexible tasks: 60
Solving time: 0.000311363 seconds
plan limit 980
current timestep 191
num of flexible agents: 10
num of flexible tasks: 56
Solving time: 0.000302555 seconds
plan limit 980
current timestep 192
num of flexible agents: 8
num of flexible tasks: 53
Solving time: 0.000367595 seconds
plan limit 980
current timestep 193
num of flexible agents: 8
num of flexible tasks: 51
Solving time: 0.00029183 seconds
plan limit 980
current timestep 194
num of flexible agents: 8
num of flexible tasks: 49
Solving time: 0.000306106 seconds
plan limit 980
current timestep 195
num of flexible agents: 10
num of flexible tasks: 48
Solving time: 0.000331721 seconds
plan limit 980
current timestep 196
num of flexible agents: 9
num of flexible tasks: 47
Solving time: 0.000309124 seconds
plan limit 980
current timestep 197
num of flexible agents: 10
num of flexible tasks: 46
Solving time: 0.000345157 seconds
plan limit 980
current timestep 198
num of flexible agents: 9
num of flexible tasks: 44
Solving time: 0.000339931 seconds
plan limit 980
current timestep 199
num of flexible agents: 7
num of flexible tasks: 40
Solving time: 0.000337345 seconds
plan limit 980
current timestep 200
num of flexible agents: 7
num of flexible tasks: 39
Solving time: 0.000294618 seconds
plan limit 980
current timestep 201
num of flexible agents: 6
num of flexible tasks: 37
Solving time: 0.000340664 seconds
plan limit 980
current timestep 202
num of flexible agents: 5
num of flexible tasks: 36
Solving time: 0.000903349 seconds
plan limit 979
current timestep 203
num of flexible agents: 5
num of flexible tasks: 35
Solving time: 0.000913072 seconds
plan limit 979
current timestep 204
num of flexible agents: 6
num of flexible tasks: 35
Solving time: 0.000292661 seconds
plan limit 980
current timestep 205
num of flexible agents: 4
num of flexible tasks: 33
Solving time: 0.000821281 seconds
plan limit 980
current timestep 206
num of flexible agents: 4
num of flexible tasks: 33
Solving time: 0.000812337 seconds
plan limit 980
current timestep 207
num of flexible agents: 7
num of flexible tasks: 33
Solving time: 0.000319169 seconds
plan limit 980
current timestep 208
num of flexible agents: 11
num of flexible tasks: 33
Solving time: 0.000320433 seconds
plan limit 980
current timestep 209
num of flexible agents: 8
num of flexible tasks: 29
Solving time: 0.000335919 seconds
plan limit 980
current timestep 210
num of flexible agents: 11
num of flexible tasks: 28
Solving time: 0.000395506 seconds
plan limit 980
current timestep 211
num of flexible agents: 12
num of flexible tasks: 28
Solving time: 0.00035855 seconds
plan limit 980
current timestep 212
num of flexible agents: 12
num of flexible tasks: 26
Solving time: 0.000345055 seconds
plan limit 980
current timestep 213
num of flexible agents: 14
num of flexible tasks: 25
Solving time: 0.000433267 seconds
plan limit 980
current timestep 214
num of flexible agents: 16
num of flexible tasks: 25
Solving time: 0.000405662 seconds
plan limit 980
current timestep 215
num of flexible agents: 18
num of flexible tasks: 25
Solving time: 0.00040629 seconds
plan limit 980
current timestep 216
num of flexible agents: 20
num of flexible tasks: 25
Solving time: 0.000432581 seconds
plan limit 980
current timestep 217
num of flexible agents: 22
num of flexible tasks: 23
Solving time: 0.000444066 seconds
plan limit 980
current timestep 218
num of flexible agents: 24
num of flexible tasks: 22
Solving time: 0.000425571 seconds
plan limit 980
current timestep 219
num of flexible agents: 24
num of flexible tasks: 20
Solving time: 0.000462201 seconds
plan limit 980
current timestep 220
num of flexible agents: 24
num of flexible tasks: 20
Solving time: 0.000440838 seconds
plan limit 980
current timestep 221
num of flexible agents: 25
num of flexible tasks: 18
Solving time: 0.000410743 seconds
plan limit 980
current timestep 222
num of flexible agents: 27
num of flexible tasks: 18
Solving time: 0.000382863 seconds
plan limit 980
current timestep 223
num of flexible agents: 29
num of flexible tasks: 17
Solving time: 0.000367691 seconds
plan limit 980
current timestep 224
num of flexible agents: 26
num of flexible tasks: 14
Solving time: 0.000363255 seconds
plan limit 980
current timestep 225
num of flexible agents: 26
num of flexible tasks: 12
Solving time: 0.000334698 seconds
plan limit 980
current timestep 226
num of flexible agents: 25
num of flexible tasks: 10
Solving time: 0.000311001 seconds
plan limit 980
current timestep 227
num of flexible agents: 27
num of flexible tasks: 9
Solving time: 0.000316104 seconds
plan limit 980
current timestep 228
num of flexible agents: 24
num of flexible tasks: 6
Solving time: 0.000310447 seconds
plan limit 980
current timestep 229
num of flexible agents: 26
num of flexible tasks: 6
Solving time: 0.000298885 seconds
plan limit 980
current timestep 230
num of flexible agents: 27
num of flexible tasks: 6
Solving time: 0.000280322 seconds
plan limit 980
current timestep 231
num of flexible agents: 26
num of flexible tasks: 5
Solving time: 0.000287961 seconds
plan limit 980
current timestep 232
num of flexible agents: 25
num of flexible tasks: 4
Solving time: 0.000261847 seconds
plan limit 980
current timestep 233
num of flexible agents: 25
num of flexible tasks: 2
Solving time: 0.000274929 seconds
plan limit 980
current timestep 234
num of flexible agents: 25
num of flexible tasks: 2
Solving time: 0.000240415 seconds
plan limit 980
current timestep 235
num of flexible agents: 26
num of flexible tasks: 2
Solving time: 0.000221714 seconds
plan limit 980
current timestep 236
num of flexible agents: 25
num of flexible tasks: 1
Solving time: 0.000269463 seconds
plan limit 980
current timestep 237
num of flexible agents: 27
num of flexible tasks: 1
Solving time: 0.000269235 seconds
plan limit 980
current timestep 238
num of flexible agents: 29
num of flexible tasks: 0
Solving time: 0.000218153 seconds
plan limit 980
current timestep 239
num of flexible agents: 31
num of flexible tasks: 0
Solving time: 0.000231684 seconds
plan limit 980
current timestep 240
num of flexible agents: 33
num of flexible tasks: 0
Solving time: 0.000207484 seconds
plan limit 980
current timestep 241
num of flexible agents: 34
num of flexible tasks: 0
Solving time: 0.000228886 seconds
plan limit 980
current timestep 242
num of flexible agents: 34
num of flexible tasks: 0
Solving time: 0.000251988 seconds
plan limit 980
current timestep 243
num of flexible agents: 35
num of flexible tasks: 0
Solving time: 0.000206962 seconds
plan limit 980
current timestep 244
num of flexible agents: 35
num of flexible tasks: 0
Solving time: 0.00023816 seconds
plan limit 980
current timestep 245
num of flexible agents: 36
num of flexible tasks: 0
Solving time: 0.000215951 seconds
plan limit 980
current timestep 246
num of flexible agents: 36
num of flexible tasks: 0
Solving time: 0.000208648 seconds
plan limit 980
current timestep 247
num of flexible agents: 37
num of flexible tasks: 0
Solving time: 0.000209601 seconds
plan limit 980
current timestep 248
num of flexible agents: 38
num of flexible tasks: 0
Solving time: 0.000221297 seconds
plan limit 980
current timestep 249
num of flexible agents: 39
num of flexible tasks: 0
Solving time: 0.000205673 seconds
plan limit 980
current timestep 250
num of flexible agents: 40
num of flexible tasks: 0
Solving time: 0.000254989 seconds
plan limit 980
current timestep 251
num of flexible agents: 40
num of flexible tasks: 0
Solving time: 0.000235935 seconds
plan limit 980
current timestep 252
num of flexible agents: 42
num of flexible tasks: 0
Solving time: 0.000219829 seconds
plan limit 980
current timestep 253
num of flexible agents: 43
num of flexible tasks: 0
Solving time: 0.000209303 seconds
plan limit 980
current timestep 254
num of flexible agents: 43
num of flexible tasks: 0
Solving time: 0.00023097 seconds
plan limit 980
current timestep 255
num of flexible agents: 44
num of flexible tasks: 0
Solving time: 0.000239892 seconds
plan limit 980
current timestep 256
num of flexible agents: 44
num of flexible tasks: 0
Solving time: 0.000231867 seconds
plan limit 980
current timestep 257
num of flexible agents: 44
num of flexible tasks: 0
Solving time: 0.000212113 seconds
plan limit 980
current timestep 258
num of flexible agents: 44
num of flexible tasks: 0
Solving time: 0.000224936 seconds
plan limit 980
current timestep 259
num of flexible agents: 45
num of flexible tasks: 0
Solving time: 0.000212967 seconds
plan limit 980
current timestep 260
num of flexible agents: 46
num of flexible tasks: 0
Solving time: 0.000213973 seconds
plan limit 980
current timestep 261
num of flexible agents: 47
num of flexible tasks: 0
Solving time: 0.000212495 seconds
plan limit 980
current timestep 262
num of flexible agents: 47
num of flexible tasks: 0
Solving time: 0.000232814 seconds
plan limit 980
current timestep 263
num of flexible agents: 47
num of flexible tasks: 0
Solving time: 0.000235426 seconds
plan limit 980
current timestep 264
num of flexible agents: 48
num of flexible tasks: 0
Solving time: 0.000220574 seconds
plan limit 980
current timestep 265
num of flexible agents: 49
num of flexible tasks: 0
Solving time: 0.000213243 seconds
plan limit 980
current timestep 266
num of flexible agents: 49
num of flexible tasks: 0
Solving time: 0.000208282 seconds
plan limit 980
current timestep 267
num of flexible agents: 49
num of flexible tasks: 0
Solving time: 0.000213341 seconds
plan limit 980
current timestep 268
num of flexible agents: 49
num of flexible tasks: 0
Solving time: 0.000250602 seconds
plan limit 980
current timestep 269
num of flexible agents: 49
num of flexible tasks: 0
Solving time: 0.000244236 seconds
plan limit 980
current timestep 270
num of flexible agents: 49
num of flexible tasks: 0
Solving time: 0.000217852 seconds
plan limit 980
current timestep 271
num of flexible agents: 49
num of flexible tasks: 0
Solving time: 0.000214567 seconds
plan limit 980
current timestep 272
num of flexible agents: 49
num of flexible tasks: 0
Solving time: 0.000223858 seconds
plan limit 980
current timestep 273
num of flexible agents: 49
num of flexible tasks: 0
Solving time: 0.000215197 seconds
plan limit 980
current timestep 274
num of flexible agents: 49
num of flexible tasks: 0
Solving time: 0.000218708 seconds
plan limit 980
current timestep 275
num of flexible agents: 49
num of flexible tasks: 0
Solving time: 0.000216096 seconds
plan limit 980
current timestep 276
num of flexible agents: 49
num of flexible tasks: 0
Solving time: 0.000228301 seconds
plan limit 980
current timestep 277
num of flexible agents: 49
num of flexible tasks: 0
Solving time: 0.00023024 seconds
plan limit 980
current timestep 278
num of flexible agents: 49
num of flexible tasks: 0
Solving time: 0.000226868 seconds
plan limit 980
current timestep 279
num of flexible agents: 49
num of flexible tasks: 0
Solving time: 0.000213481 seconds
plan limit 980
All tasks finished at timestep 280
