current timestep 0
num of flexible agents: 80
num of flexible tasks: 2
No optimal solution found.
plan limit 980
current timestep 1
num of flexible agents: 0
num of flexible tasks: 4
Optimal assignment with minimum cost:
Total assignment: 0
Total minimum cost: 0
Solving time: 1.0801e-05 seconds
plan limit 980
current timestep 2
num of flexible agents: 0
num of flexible tasks: 6
Optimal assignment with minimum cost:
Total assignment: 0
Total minimum cost: 0
Solving time: 6.516e-06 seconds
plan limit 980
current timestep 3
num of flexible agents: 0
num of flexible tasks: 8
Optimal assignment with minimum cost:
Total assignment: 0
Total minimum cost: 0
Solving time: 6.829e-06 seconds
plan limit 980
current timestep 4
num of flexible agents: 0
num of flexible tasks: 10
Optimal assignment with minimum cost:
Total assignment: 0
Total minimum cost: 0
Solving time: 7.783e-06 seconds
plan limit 980
current timestep 5
num of flexible agents: 0
num of flexible tasks: 12
Optimal assignment with minimum cost:
Total assignment: 0
Total minimum cost: 0
Solving time: 7.739e-06 seconds
plan limit 980
current timestep 6
num of flexible agents: 0
num of flexible tasks: 14
Optimal assignment with minimum cost:
Total assignment: 0
Total minimum cost: 0
Solving time: 9.09e-06 seconds
plan limit 980
current timestep 7
num of flexible agents: 0
num of flexible tasks: 16
Optimal assignment with minimum cost:
Total assignment: 0
Total minimum cost: 0
Solving time: 8.555e-06 seconds
plan limit 980
current timestep 8
num of flexible agents: 0
num of flexible tasks: 18
Optimal assignment with minimum cost:
Total assignment: 0
Total minimum cost: 0
Solving time: 8.493e-06 seconds
plan limit 980
current timestep 9
num of flexible agents: 0
num of flexible tasks: 20
Optimal assignment with minimum cost:
Total assignment: 0
Total minimum cost: 0
Solving time: 1.0228e-05 seconds
plan limit 980
current timestep 10
num of flexible agents: 0
num of flexible tasks: 22
Optimal assignment with minimum cost:
Total assignment: 0
Total minimum cost: 0
Solving time: 1.501e-05 seconds
plan limit 980
current timestep 11
num of flexible agents: 0
num of flexible tasks: 24
Optimal assignment with minimum cost:
Total assignment: 0
Total minimum cost: 0
Solving time: 1.3037e-05 seconds
plan limit 980
current timestep 12
num of flexible agents: 0
num of flexible tasks: 26
Optimal assignment with minimum cost:
Total assignment: 0
Total minimum cost: 0
Solving time: 9.325e-06 seconds
plan limit 980
current timestep 13
num of flexible agents: 0
num of flexible tasks: 28
Optimal assignment with minimum cost:
Total assignment: 0
Total minimum cost: 0
Solving time: 8.514e-06 seconds
plan limit 980
current timestep 14
num of flexible agents: 0
num of flexible tasks: 30
Optimal assignment with minimum cost:
Total assignment: 0
Total minimum cost: 0
Solving time: 9.597e-06 seconds
plan limit 980
current timestep 15
num of flexible agents: 0
num of flexible tasks: 32
Optimal assignment with minimum cost:
Total assignment: 0
Total minimum cost: 0
Solving time: 1.1018e-05 seconds
plan limit 980
current timestep 16
num of flexible agents: 0
num of flexible tasks: 34
Optimal assignment with minimum cost:
Total assignment: 0
Total minimum cost: 0
Solving time: 1.0047e-05 seconds
plan limit 980
current timestep 17
num of flexible agents: 0
num of flexible tasks: 36
Optimal assignment with minimum cost:
Total assignment: 0
Total minimum cost: 0
Solving time: 1.0435e-05 seconds
plan limit 980
current timestep 18
num of flexible agents: 0
num of flexible tasks: 38
Optimal assignment with minimum cost:
Total assignment: 0
Total minimum cost: 0
Solving time: 1.0327e-05 seconds
plan limit 980
current timestep 19
num of flexible agents: 0
num of flexible tasks: 40
Optimal assignment with minimum cost:
Total assignment: 0
Total minimum cost: 0
Solving time: 1.5659e-05 seconds
plan limit 980
current timestep 20
num of flexible agents: 0
num of flexible tasks: 42
Optimal assignment with minimum cost:
Total assignment: 0
Total minimum cost: 0
Solving time: 1.0663e-05 seconds
plan limit 980
current timestep 21
num of flexible agents: 0
num of flexible tasks: 44
Optimal assignment with minimum cost:
Total assignment: 0
Total minimum cost: 0
Solving time: 1.0056e-05 seconds
plan limit 980
current timestep 22
num of flexible agents: 0
num of flexible tasks: 46
Optimal assignment with minimum cost:
Total assignment: 0
Total minimum cost: 0
Solving time: 1.0193e-05 seconds
plan limit 980
current timestep 23
num of flexible agents: 0
num of flexible tasks: 48
Optimal assignment with minimum cost:
Total assignment: 0
Total minimum cost: 0
Solving time: 1.1075e-05 seconds
plan limit 980
current timestep 24
num of flexible agents: 0
num of flexible tasks: 50
Optimal assignment with minimum cost:
Total assignment: 0
Total minimum cost: 0
Solving time: 1.1313e-05 seconds
plan limit 980
current timestep 25
num of flexible agents: 0
num of flexible tasks: 52
Optimal assignment with minimum cost:
Total assignment: 0
Total minimum cost: 0
Solving time: 1.1405e-05 seconds
plan limit 980
current timestep 26
num of flexible agents: 0
num of flexible tasks: 54
Optimal assignment with minimum cost:
Total assignment: 0
Total minimum cost: 0
Solving time: 1.1199e-05 seconds
plan limit 980
current timestep 27
num of flexible agents: 0
num of flexible tasks: 56
Optimal assignment with minimum cost:
Total assignment: 0
Total minimum cost: 0
Solving time: 1.1663e-05 seconds
plan limit 980
current timestep 28
num of flexible agents: 0
num of flexible tasks: 58
Optimal assignment with minimum cost:
Total assignment: 0
Total minimum cost: 0
Solving time: 1.4957e-05 seconds
plan limit 980
current timestep 29
num of flexible agents: 0
num of flexible tasks: 60
Optimal assignment with minimum cost:
Total assignment: 0
Total minimum cost: 0
Solving time: 3.1029e-05 seconds
plan limit 980
current timestep 30
num of flexible agents: 0
num of flexible tasks: 62
Optimal assignment with minimum cost:
Total assignment: 0
Total minimum cost: 0
Solving time: 1.2532e-05 seconds
plan limit 980
current timestep 31
num of flexible agents: 0
num of flexible tasks: 64
Optimal assignment with minimum cost:
Total assignment: 0
Total minimum cost: 0
Solving time: 1.1253e-05 seconds
plan limit 980
current timestep 32
num of flexible agents: 0
num of flexible tasks: 66
Optimal assignment with minimum cost:
Total assignment: 0
Total minimum cost: 0
Solving time: 1.3497e-05 seconds
plan limit 980
current timestep 33
num of flexible agents: 0
num of flexible tasks: 68
Optimal assignment with minimum cost:
Total assignment: 0
Total minimum cost: 0
Solving time: 1.704e-05 seconds
plan limit 980
current timestep 34
num of flexible agents: 0
num of flexible tasks: 70
Optimal assignment with minimum cost:
Total assignment: 0
Total minimum cost: 0
Solving time: 1.3052e-05 seconds
plan limit 980
current timestep 35
num of flexible agents: 0
num of flexible tasks: 72
Optimal assignment with minimum cost:
Total assignment: 0
Total minimum cost: 0
Solving time: 1.175e-05 seconds
plan limit 980
current timestep 36
num of flexible agents: 0
num of flexible tasks: 74
Optimal assignment with minimum cost:
Total assignment: 0
Total minimum cost: 0
Solving time: 2.4043e-05 seconds
plan limit 980
current timestep 37
num of flexible agents: 0
num of flexible tasks: 76
Optimal assignment with minimum cost:
Total assignment: 0
Total minimum cost: 0
Solving time: 1.6199e-05 seconds
plan limit 980
current timestep 38
num of flexible agents: 0
num of flexible tasks: 78
Optimal assignment with minimum cost:
Total assignment: 0
Total minimum cost: 0
Solving time: 1.2801e-05 seconds
plan limit 980
current timestep 39
num of flexible agents: 0
num of flexible tasks: 80
Optimal assignment with minimum cost:
Total assignment: 0
Total minimum cost: 0
Solving time: 2.6836e-05 seconds
plan limit 980
current timestep 40
num of flexible agents: 0
num of flexible tasks: 82
Optimal assignment with minimum cost:
Total assignment: 0
Total minimum cost: 0
Solving time: 1.3989e-05 seconds
plan limit 980
current timestep 41
num of flexible agents: 0
num of flexible tasks: 84
Optimal assignment with minimum cost:
Total assignment: 0
Total minimum cost: 0
Solving time: 1.3727e-05 seconds
plan limit 980
current timestep 42
num of flexible agents: 0
num of flexible tasks: 86
Optimal assignment with minimum cost:
Total assignment: 0
Total minimum cost: 0
Solving time: 1.4844e-05 seconds
plan limit 980
current timestep 43
num of flexible agents: 0
num of flexible tasks: 88
Optimal assignment with minimum cost:
Total assignment: 0
Total minimum cost: 0
Solving time: 1.4499e-05 seconds
plan limit 980
current timestep 44
num of flexible agents: 0
num of flexible tasks: 90
Optimal assignment with minimum cost:
Total assignment: 0
Total minimum cost: 0
Solving time: 1.425e-05 seconds
plan limit 980
current timestep 45
num of flexible agents: 0
num of flexible tasks: 92
Optimal assignment with minimum cost:
Total assignment: 0
Total minimum cost: 0
Solving time: 1.5874e-05 seconds
plan limit 980
current timestep 46
num of flexible agents: 0
num of flexible tasks: 94
Optimal assignment with minimum cost:
Total assignment: 0
Total minimum cost: 0
Solving time: 1.5862e-05 seconds
plan limit 980
current timestep 47
num of flexible agents: 0
num of flexible tasks: 96
Optimal assignment with minimum cost:
Total assignment: 0
Total minimum cost: 0
Solving time: 1.4869e-05 seconds
plan limit 980
current timestep 48
num of flexible agents: 0
num of flexible tasks: 98
Optimal assignment with minimum cost:
Total assignment: 0
Total minimum cost: 0
Solving time: 1.522e-05 seconds
plan limit 980
current timestep 49
num of flexible agents: 0
num of flexible tasks: 100
Optimal assignment with minimum cost:
Total assignment: 0
Total minimum cost: 0
Solving time: 1.9476e-05 seconds
plan limit 980
current timestep 50
num of flexible agents: 0
num of flexible tasks: 102
Optimal assignment with minimum cost:
Total assignment: 0
Total minimum cost: 0
Solving time: 1.4509e-05 seconds
plan limit 980
current timestep 51
num of flexible agents: 0
num of flexible tasks: 104
Optimal assignment with minimum cost:
Total assignment: 0
Total minimum cost: 0
Solving time: 1.5697e-05 seconds
plan limit 980
current timestep 52
num of flexible agents: 0
num of flexible tasks: 106
Optimal assignment with minimum cost:
Total assignment: 0
Total minimum cost: 0
Solving time: 1.645e-05 seconds
plan limit 980
current timestep 53
num of flexible agents: 0
num of flexible tasks: 108
Optimal assignment with minimum cost:
Total assignment: 0
Total minimum cost: 0
Solving time: 2.5861e-05 seconds
plan limit 980
current timestep 54
num of flexible agents: 0
num of flexible tasks: 110
Optimal assignment with minimum cost:
Total assignment: 0
Total minimum cost: 0
Solving time: 3.089e-05 seconds
plan limit 980
current timestep 55
num of flexible agents: 0
num of flexible tasks: 112
Optimal assignment with minimum cost:
Total assignment: 0
Total minimum cost: 0
Solving time: 2.0584e-05 seconds
plan limit 980
current timestep 56
num of flexible agents: 0
num of flexible tasks: 114
Optimal assignment with minimum cost:
Total assignment: 0
Total minimum cost: 0
Solving time: 1.7168e-05 seconds
plan limit 980
current timestep 57
num of flexible agents: 0
num of flexible tasks: 116
Optimal assignment with minimum cost:
Total assignment: 0
Total minimum cost: 0
Solving time: 1.8952e-05 seconds
plan limit 980
current timestep 58
num of flexible agents: 0
num of flexible tasks: 118
Optimal assignment with minimum cost:
Total assignment: 0
Total minimum cost: 0
Solving time: 1.5944e-05 seconds
plan limit 980
current timestep 59
num of flexible agents: 0
num of flexible tasks: 120
Optimal assignment with minimum cost:
Total assignment: 0
Total minimum cost: 0
Solving time: 1.7262e-05 seconds
plan limit 980
current timestep 60
num of flexible agents: 0
num of flexible tasks: 122
Optimal assignment with minimum cost:
Total assignment: 0
Total minimum cost: 0
Solving time: 2.0952e-05 seconds
plan limit 980
current timestep 61
num of flexible agents: 0
num of flexible tasks: 124
Optimal assignment with minimum cost:
Total assignment: 0
Total minimum cost: 0
Solving time: 1.799e-05 seconds
plan limit 980
current timestep 62
num of flexible agents: 0
num of flexible tasks: 126
Optimal assignment with minimum cost:
Total assignment: 0
Total minimum cost: 0
Solving time: 2.0922e-05 seconds
plan limit 980
current timestep 63
num of flexible agents: 0
num of flexible tasks: 128
Optimal assignment with minimum cost:
Total assignment: 0
Total minimum cost: 0
Solving time: 1.5955e-05 seconds
plan limit 980
current timestep 64
num of flexible agents: 0
num of flexible tasks: 130
Optimal assignment with minimum cost:
Total assignment: 0
Total minimum cost: 0
Solving time: 2.2373e-05 seconds
plan limit 980
current timestep 65
num of flexible agents: 0
num of flexible tasks: 132
Optimal assignment with minimum cost:
Total assignment: 0
Total minimum cost: 0
Solving time: 2.0221e-05 seconds
plan limit 980
current timestep 66
num of flexible agents: 0
num of flexible tasks: 134
Optimal assignment with minimum cost:
Total assignment: 0
Total minimum cost: 0
Solving time: 1.9157e-05 seconds
plan limit 980
current timestep 67
num of flexible agents: 0
num of flexible tasks: 136
Optimal assignment with minimum cost:
Total assignment: 0
Total minimum cost: 0
Solving time: 1.6809e-05 seconds
plan limit 980
current timestep 68
num of flexible agents: 0
num of flexible tasks: 138
Optimal assignment with minimum cost:
Total assignment: 0
Total minimum cost: 0
Solving time: 1.8581e-05 seconds
plan limit 980
current timestep 69
num of flexible agents: 0
num of flexible tasks: 140
Optimal assignment with minimum cost:
Total assignment: 0
Total minimum cost: 0
Solving time: 2.0142e-05 seconds
plan limit 980
current timestep 70
num of flexible agents: 0
num of flexible tasks: 142
Optimal assignment with minimum cost:
Total assignment: 0
Total minimum cost: 0
Solving time: 2.0215e-05 seconds
plan limit 980
current timestep 71
num of flexible agents: 0
num of flexible tasks: 144
Optimal assignment with minimum cost:
Total assignment: 0
Total minimum cost: 0
Solving time: 1.6722e-05 seconds
plan limit 980
current timestep 72
num of flexible agents: 0
num of flexible tasks: 146
Optimal assignment with minimum cost:
Total assignment: 0
Total minimum cost: 0
Solving time: 2.9865e-05 seconds
plan limit 980
current timestep 73
num of flexible agents: 0
num of flexible tasks: 148
Optimal assignment with minimum cost:
Total assignment: 0
Total minimum cost: 0
Solving time: 2.0256e-05 seconds
plan limit 980
current timestep 74
num of flexible agents: 0
num of flexible tasks: 150
Optimal assignment with minimum cost:
Total assignment: 0
Total minimum cost: 0
Solving time: 1.8804e-05 seconds
plan limit 980
current timestep 75
num of flexible agents: 0
num of flexible tasks: 152
Optimal assignment with minimum cost:
Total assignment: 0
Total minimum cost: 0
Solving time: 2.329e-05 seconds
plan limit 980
current timestep 76
num of flexible agents: 0
num of flexible tasks: 154
Optimal assignment with minimum cost:
Total assignment: 0
Total minimum cost: 0
Solving time: 2.25e-05 seconds
plan limit 980
current timestep 77
num of flexible agents: 0
num of flexible tasks: 156
Optimal assignment with minimum cost:
Total assignment: 0
Total minimum cost: 0
Solving time: 3.574e-05 seconds
plan limit 980
current timestep 78
num of flexible agents: 0
num of flexible tasks: 158
Optimal assignment with minimum cost:
Total assignment: 0
Total minimum cost: 0
Solving time: 1.9592e-05 seconds
plan limit 980
current timestep 79
num of flexible agents: 0
num of flexible tasks: 160
Optimal assignment with minimum cost:
Total assignment: 0
Total minimum cost: 0
Solving time: 2.3586e-05 seconds
plan limit 980
current timestep 80
num of flexible agents: 0
num of flexible tasks: 162
Optimal assignment with minimum cost:
Total assignment: 0
Total minimum cost: 0
Solving time: 2.0523e-05 seconds
plan limit 980
current timestep 81
num of flexible agents: 0
num of flexible tasks: 164
Optimal assignment with minimum cost:
Total assignment: 0
Total minimum cost: 0
Solving time: 3.1244e-05 seconds
plan limit 980
current timestep 82
num of flexible agents: 0
num of flexible tasks: 166
Optimal assignment with minimum cost:
Total assignment: 0
Total minimum cost: 0
Solving time: 3.2624e-05 seconds
plan limit 980
current timestep 83
num of flexible agents: 0
num of flexible tasks: 168
Optimal assignment with minimum cost:
Total assignment: 0
Total minimum cost: 0
Solving time: 2.0231e-05 seconds
plan limit 980
current timestep 84
num of flexible agents: 0
num of flexible tasks: 170
Optimal assignment with minimum cost:
Total assignment: 0
Total minimum cost: 0
Solving time: 2.4107e-05 seconds
plan limit 980
current timestep 85
num of flexible agents: 0
num of flexible tasks: 172
Optimal assignment with minimum cost:
Total assignment: 0
Total minimum cost: 0
Solving time: 3.2214e-05 seconds
plan limit 980
current timestep 86
num of flexible agents: 0
num of flexible tasks: 174
Optimal assignment with minimum cost:
Total assignment: 0
Total minimum cost: 0
Solving time: 4.193e-05 seconds
plan limit 980
current timestep 87
num of flexible agents: 0
num of flexible tasks: 176
Optimal assignment with minimum cost:
Total assignment: 0
Total minimum cost: 0
Solving time: 2.2267e-05 seconds
plan limit 980
current timestep 88
num of flexible agents: 0
num of flexible tasks: 178
Optimal assignment with minimum cost:
Total assignment: 0
Total minimum cost: 0
Solving time: 2.0773e-05 seconds
plan limit 980
current timestep 89
num of flexible agents: 0
num of flexible tasks: 180
Optimal assignment with minimum cost:
Total assignment: 0
Total minimum cost: 0
Solving time: 2.5659e-05 seconds
plan limit 980
current timestep 90
num of flexible agents: 0
num of flexible tasks: 182
Optimal assignment with minimum cost:
Total assignment: 0
Total minimum cost: 0
Solving time: 2.4328e-05 seconds
plan limit 980
current timestep 91
num of flexible agents: 0
num of flexible tasks: 184
Optimal assignment with minimum cost:
Total assignment: 0
Total minimum cost: 0
Solving time: 2.9247e-05 seconds
plan limit 980
current timestep 92
num of flexible agents: 0
num of flexible tasks: 186
Optimal assignment with minimum cost:
Total assignment: 0
Total minimum cost: 0
Solving time: 3.0187e-05 seconds
plan limit 980
current timestep 93
num of flexible agents: 0
num of flexible tasks: 188
Optimal assignment with minimum cost:
Total assignment: 0
Total minimum cost: 0
Solving time: 2.061e-05 seconds
plan limit 980
current timestep 94
num of flexible agents: 0
num of flexible tasks: 190
Optimal assignment with minimum cost:
Total assignment: 0
Total minimum cost: 0
Solving time: 2.0754e-05 seconds
plan limit 980
current timestep 95
num of flexible agents: 0
num of flexible tasks: 192
Optimal assignment with minimum cost:
Total assignment: 0
Total minimum cost: 0
Solving time: 2.1812e-05 seconds
plan limit 980
current timestep 96
num of flexible agents: 0
num of flexible tasks: 194
Optimal assignment with minimum cost:
Total assignment: 0
Total minimum cost: 0
Solving time: 2.5434e-05 seconds
plan limit 980
current timestep 97
num of flexible agents: 0
num of flexible tasks: 196
Optimal assignment with minimum cost:
Total assignment: 0
Total minimum cost: 0
Solving time: 2.7052e-05 seconds
plan limit 980
current timestep 98
num of flexible agents: 0
num of flexible tasks: 198
Optimal assignment with minimum cost:
Total assignment: 0
Total minimum cost: 0
Solving time: 3.2972e-05 seconds
plan limit 980
current timestep 99
num of flexible agents: 0
num of flexible tasks: 200
Optimal assignment with minimum cost:
Total assignment: 0
Total minimum cost: 0
Solving time: 2.2073e-05 seconds
plan limit 980
current timestep 100
num of flexible agents: 0
num of flexible tasks: 202
Optimal assignment with minimum cost:
Total assignment: 0
Total minimum cost: 0
Solving time: 4.51e-05 seconds
plan limit 980
current timestep 101
num of flexible agents: 0
num of flexible tasks: 204
Optimal assignment with minimum cost:
Total assignment: 0
Total minimum cost: 0
Solving time: 2.3137e-05 seconds
plan limit 980
current timestep 102
num of flexible agents: 0
num of flexible tasks: 206
Optimal assignment with minimum cost:
Total assignment: 0
Total minimum cost: 0
Solving time: 2.2236e-05 seconds
plan limit 980
current timestep 103
num of flexible agents: 0
num of flexible tasks: 208
Optimal assignment with minimum cost:
Total assignment: 0
Total minimum cost: 0
Solving time: 2.3298e-05 seconds
plan limit 980
current timestep 104
num of flexible agents: 0
num of flexible tasks: 210
Optimal assignment with minimum cost:
Total assignment: 0
Total minimum cost: 0
Solving time: 3.4847e-05 seconds
plan limit 980
current timestep 105
num of flexible agents: 0
num of flexible tasks: 212
Optimal assignment with minimum cost:
Total assignment: 0
Total minimum cost: 0
Solving time: 4.2776e-05 seconds
plan limit 980
current timestep 106
num of flexible agents: 0
num of flexible tasks: 214
Optimal assignment with minimum cost:
Total assignment: 0
Total minimum cost: 0
Solving time: 2.3563e-05 seconds
plan limit 980
current timestep 107
num of flexible agents: 0
num of flexible tasks: 216
Optimal assignment with minimum cost:
Total assignment: 0
Total minimum cost: 0
Solving time: 3.252e-05 seconds
plan limit 980
current timestep 108
num of flexible agents: 0
num of flexible tasks: 218
Optimal assignment with minimum cost:
Total assignment: 0
Total minimum cost: 0
Solving time: 2.3e-05 seconds
plan limit 980
current timestep 109
num of flexible agents: 0
num of flexible tasks: 220
Optimal assignment with minimum cost:
Total assignment: 0
Total minimum cost: 0
Solving time: 2.5749e-05 seconds
plan limit 980
current timestep 110
num of flexible agents: 0
num of flexible tasks: 222
Optimal assignment with minimum cost:
Total assignment: 0
Total minimum cost: 0
Solving time: 3.3722e-05 seconds
plan limit 980
current timestep 111
num of flexible agents: 0
num of flexible tasks: 224
Optimal assignment with minimum cost:
Total assignment: 0
Total minimum cost: 0
Solving time: 3.5191e-05 seconds
plan limit 980
current timestep 112
num of flexible agents: 0
num of flexible tasks: 226
Optimal assignment with minimum cost:
Total assignment: 0
Total minimum cost: 0
Solving time: 4.5467e-05 seconds
plan limit 980
current timestep 113
num of flexible agents: 0
num of flexible tasks: 228
Optimal assignment with minimum cost:
Total assignment: 0
Total minimum cost: 0
Solving time: 4.5924e-05 seconds
plan limit 980
current timestep 114
num of flexible agents: 0
num of flexible tasks: 230
Optimal assignment with minimum cost:
Total assignment: 0
Total minimum cost: 0
Solving time: 2.3336e-05 seconds
plan limit 980
current timestep 115
num of flexible agents: 0
num of flexible tasks: 232
Optimal assignment with minimum cost:
Total assignment: 0
Total minimum cost: 0
Solving time: 2.5788e-05 seconds
plan limit 980
current timestep 116
num of flexible agents: 0
num of flexible tasks: 234
Optimal assignment with minimum cost:
Total assignment: 0
Total minimum cost: 0
Solving time: 2.5502e-05 seconds
plan limit 980
current timestep 117
num of flexible agents: 0
num of flexible tasks: 236
Optimal assignment with minimum cost:
Total assignment: 0
Total minimum cost: 0
Solving time: 2.501e-05 seconds
plan limit 980
current timestep 118
num of flexible agents: 0
num of flexible tasks: 238
Optimal assignment with minimum cost:
Total assignment: 0
Total minimum cost: 0
Solving time: 3.8478e-05 seconds
plan limit 980
current timestep 119
num of flexible agents: 0
num of flexible tasks: 240
Optimal assignment with minimum cost:
Total assignment: 0
Total minimum cost: 0
Solving time: 3.0731e-05 seconds
plan limit 980
current timestep 120
num of flexible agents: 0
num of flexible tasks: 242
Optimal assignment with minimum cost:
Total assignment: 0
Total minimum cost: 0
Solving time: 4.054e-05 seconds
plan limit 980
current timestep 121
num of flexible agents: 0
num of flexible tasks: 244
Optimal assignment with minimum cost:
Total assignment: 0
Total minimum cost: 0
Solving time: 3.4893e-05 seconds
plan limit 980
current timestep 122
num of flexible agents: 0
num of flexible tasks: 246
Optimal assignment with minimum cost:
Total assignment: 0
Total minimum cost: 0
Solving time: 2.8701e-05 seconds
plan limit 980
current timestep 123
num of flexible agents: 0
num of flexible tasks: 248
Optimal assignment with minimum cost:
Total assignment: 0
Total minimum cost: 0
Solving time: 2.3916e-05 seconds
plan limit 980
current timestep 124
num of flexible agents: 0
num of flexible tasks: 250
Optimal assignment with minimum cost:
Total assignment: 0
Total minimum cost: 0
Solving time: 2.5302e-05 seconds
plan limit 980
current timestep 125
num of flexible agents: 0
num of flexible tasks: 252
Optimal assignment with minimum cost:
Total assignment: 0
Total minimum cost: 0
Solving time: 2.4247e-05 seconds
plan limit 980
current timestep 126
num of flexible agents: 0
num of flexible tasks: 254
Optimal assignment with minimum cost:
Total assignment: 0
Total minimum cost: 0
Solving time: 2.4406e-05 seconds
plan limit 980
current timestep 127
num of flexible agents: 0
num of flexible tasks: 256
Optimal assignment with minimum cost:
Total assignment: 0
Total minimum cost: 0
Solving time: 3.1632e-05 seconds
plan limit 980
current timestep 128
num of flexible agents: 0
num of flexible tasks: 258
Optimal assignment with minimum cost:
Total assignment: 0
Total minimum cost: 0
Solving time: 3.5022e-05 seconds
plan limit 980
current timestep 129
num of flexible agents: 0
num of flexible tasks: 260
Optimal assignment with minimum cost:
Total assignment: 0
Total minimum cost: 0
Solving time: 3.0511e-05 seconds
plan limit 980
current timestep 130
num of flexible agents: 0
num of flexible tasks: 262
Optimal assignment with minimum cost:
Total assignment: 0
Total minimum cost: 0
Solving time: 2.9809e-05 seconds
plan limit 980
current timestep 131
num of flexible agents: 0
num of flexible tasks: 264
Optimal assignment with minimum cost:
Total assignment: 0
Total minimum cost: 0
Solving time: 4.0592e-05 seconds
plan limit 980
current timestep 132
num of flexible agents: 0
num of flexible tasks: 266
Optimal assignment with minimum cost:
Total assignment: 0
Total minimum cost: 0
Solving time: 3.3303e-05 seconds
plan limit 980
current timestep 133
num of flexible agents: 0
num of flexible tasks: 268
Optimal assignment with minimum cost:
Total assignment: 0
Total minimum cost: 0
Solving time: 2.7829e-05 seconds
plan limit 980
current timestep 134
num of flexible agents: 0
num of flexible tasks: 270
Optimal assignment with minimum cost:
Total assignment: 0
Total minimum cost: 0
Solving time: 3.9998e-05 seconds
plan limit 980
current timestep 135
num of flexible agents: 0
num of flexible tasks: 272
Optimal assignment with minimum cost:
Total assignment: 0
Total minimum cost: 0
Solving time: 3.3356e-05 seconds
plan limit 980
current timestep 136
num of flexible agents: 0
num of flexible tasks: 274
Optimal assignment with minimum cost:
Total assignment: 0
Total minimum cost: 0
Solving time: 3.1471e-05 seconds
plan limit 980
current timestep 137
num of flexible agents: 0
num of flexible tasks: 276
Optimal assignment with minimum cost:
Total assignment: 0
Total minimum cost: 0
Solving time: 3.557e-05 seconds
plan limit 980
current timestep 138
num of flexible agents: 0
num of flexible tasks: 278
Optimal assignment with minimum cost:
Total assignment: 0
Total minimum cost: 0
Solving time: 2.8192e-05 seconds
plan limit 980
current timestep 139
num of flexible agents: 0
num of flexible tasks: 280
Optimal assignment with minimum cost:
Total assignment: 0
Total minimum cost: 0
Solving time: 2.8973e-05 seconds
plan limit 980
current timestep 140
num of flexible agents: 0
num of flexible tasks: 282
Optimal assignment with minimum cost:
Total assignment: 0
Total minimum cost: 0
Solving time: 2.9299e-05 seconds
plan limit 980
current timestep 141
num of flexible agents: 0
num of flexible tasks: 284
Optimal assignment with minimum cost:
Total assignment: 0
Total minimum cost: 0
Solving time: 2.8331e-05 seconds
plan limit 980
current timestep 142
num of flexible agents: 0
num of flexible tasks: 286
Optimal assignment with minimum cost:
Total assignment: 0
Total minimum cost: 0
Solving time: 5.639e-05 seconds
plan limit 980
current timestep 143
num of flexible agents: 0
num of flexible tasks: 288
Optimal assignment with minimum cost:
Total assignment: 0
Total minimum cost: 0
Solving time: 3.622e-05 seconds
plan limit 980
current timestep 144
num of flexible agents: 0
num of flexible tasks: 290
Optimal assignment with minimum cost:
Total assignment: 0
Total minimum cost: 0
Solving time: 3.5187e-05 seconds
plan limit 980
current timestep 145
num of flexible agents: 0
num of flexible tasks: 292
Optimal assignment with minimum cost:
Total assignment: 0
Total minimum cost: 0
Solving time: 3.0984e-05 seconds
plan limit 980
current timestep 146
num of flexible agents: 0
num of flexible tasks: 294
Optimal assignment with minimum cost:
Total assignment: 0
Total minimum cost: 0
Solving time: 3.0033e-05 seconds
plan limit 980
current timestep 147
num of flexible agents: 0
num of flexible tasks: 296
Optimal assignment with minimum cost:
Total assignment: 0
Total minimum cost: 0
Solving time: 3.4075e-05 seconds
plan limit 980
current timestep 148
num of flexible agents: 0
num of flexible tasks: 298
Optimal assignment with minimum cost:
Total assignment: 0
Total minimum cost: 0
Solving time: 4.3989e-05 seconds
plan limit 980
current timestep 149
num of flexible agents: 0
num of flexible tasks: 300
Optimal assignment with minimum cost:
Total assignment: 0
Total minimum cost: 0
Solving time: 3.3701e-05 seconds
plan limit 980
current timestep 150
num of flexible agents: 0
num of flexible tasks: 302
Optimal assignment with minimum cost:
Total assignment: 0
Total minimum cost: 0
Solving time: 4.528e-05 seconds
plan limit 980
current timestep 151
num of flexible agents: 0
num of flexible tasks: 304
Optimal assignment with minimum cost:
Total assignment: 0
Total minimum cost: 0
Solving time: 3.603e-05 seconds
plan limit 980
current timestep 152
num of flexible agents: 0
num of flexible tasks: 306
Optimal assignment with minimum cost:
Total assignment: 0
Total minimum cost: 0
Solving time: 3.7142e-05 seconds
plan limit 980
current timestep 153
num of flexible agents: 0
num of flexible tasks: 308
Optimal assignment with minimum cost:
Total assignment: 0
Total minimum cost: 0
Solving time: 3.6307e-05 seconds
plan limit 980
current timestep 154
num of flexible agents: 0
num of flexible tasks: 310
Optimal assignment with minimum cost:
Total assignment: 0
Total minimum cost: 0
Solving time: 3.3581e-05 seconds
plan limit 980
current timestep 155
num of flexible agents: 0
num of flexible tasks: 312
Optimal assignment with minimum cost:
Total assignment: 0
Total minimum cost: 0
Solving time: 3.119e-05 seconds
plan limit 980
current timestep 156
num of flexible agents: 0
num of flexible tasks: 314
Optimal assignment with minimum cost:
Total assignment: 0
Total minimum cost: 0
Solving time: 3.1946e-05 seconds
plan limit 980
current timestep 157
num of flexible agents: 0
num of flexible tasks: 316
Optimal assignment with minimum cost:
Total assignment: 0
Total minimum cost: 0
Solving time: 3.079e-05 seconds
plan limit 980
current timestep 158
num of flexible agents: 0
num of flexible tasks: 318
Optimal assignment with minimum cost:
Total assignment: 0
Total minimum cost: 0
Solving time: 4.8647e-05 seconds
plan limit 980
current timestep 159
num of flexible agents: 0
num of flexible tasks: 320
Optimal assignment with minimum cost:
Total assignment: 0
Total minimum cost: 0
Solving time: 3.9373e-05 seconds
plan limit 980
current timestep 160
num of flexible agents: 0
num of flexible tasks: 322
Optimal assignment with minimum cost:
Total assignment: 0
Total minimum cost: 0
Solving time: 3.2638e-05 seconds
plan limit 980
current timestep 161
num of flexible agents: 0
num of flexible tasks: 324
Optimal assignment with minimum cost:
Total assignment: 0
Total minimum cost: 0
Solving time: 4.2445e-05 seconds
plan limit 980
current timestep 162
num of flexible agents: 0
num of flexible tasks: 326
Optimal assignment with minimum cost:
Total assignment: 0
Total minimum cost: 0
Solving time: 4.8551e-05 seconds
plan limit 980
current timestep 163
num of flexible agents: 0
num of flexible tasks: 328
Optimal assignment with minimum cost:
Total assignment: 0
Total minimum cost: 0
Solving time: 3.4082e-05 seconds
plan limit 980
current timestep 164
num of flexible agents: 0
num of flexible tasks: 330
Optimal assignment with minimum cost:
Total assignment: 0
Total minimum cost: 0
Solving time: 3.2935e-05 seconds
plan limit 980
current timestep 165
num of flexible agents: 0
num of flexible tasks: 332
Optimal assignment with minimum cost:
Total assignment: 0
Total minimum cost: 0
Solving time: 3.6862e-05 seconds
plan limit 980
current timestep 166
num of flexible agents: 0
num of flexible tasks: 334
Optimal assignment with minimum cost:
Total assignment: 0
Total minimum cost: 0
Solving time: 3.1099e-05 seconds
plan limit 980
current timestep 167
num of flexible agents: 0
num of flexible tasks: 336
Optimal assignment with minimum cost:
Total assignment: 0
Total minimum cost: 0
Solving time: 4.4969e-05 seconds
plan limit 980
current timestep 168
num of flexible agents: 0
num of flexible tasks: 338
Optimal assignment with minimum cost:
Total assignment: 0
Total minimum cost: 0
Solving time: 4.1128e-05 seconds
plan limit 980
current timestep 169
num of flexible agents: 0
num of flexible tasks: 340
Optimal assignment with minimum cost:
Total assignment: 0
Total minimum cost: 0
Solving time: 4.7281e-05 seconds
plan limit 980
current timestep 170
num of flexible agents: 0
num of flexible tasks: 342
Optimal assignment with minimum cost:
Total assignment: 0
Total minimum cost: 0
Solving time: 4.6137e-05 seconds
plan limit 980
current timestep 171
num of flexible agents: 0
num of flexible tasks: 344
Optimal assignment with minimum cost:
Total assignment: 0
Total minimum cost: 0
Solving time: 3.4075e-05 seconds
plan limit 980
current timestep 172
num of flexible agents: 0
num of flexible tasks: 346
Optimal assignment with minimum cost:
Total assignment: 0
Total minimum cost: 0
Solving time: 3.5284e-05 seconds
plan limit 980
current timestep 173
num of flexible agents: 0
num of flexible tasks: 348
Optimal assignment with minimum cost:
Total assignment: 0
Total minimum cost: 0
Solving time: 3.3776e-05 seconds
plan limit 980
current timestep 174
num of flexible agents: 0
num of flexible tasks: 350
Optimal assignment with minimum cost:
Total assignment: 0
Total minimum cost: 0
Solving time: 4.4457e-05 seconds
plan limit 980
current timestep 175
num of flexible agents: 0
num of flexible tasks: 352
Optimal assignment with minimum cost:
Total assignment: 0
Total minimum cost: 0
Solving time: 4.2087e-05 seconds
plan limit 980
current timestep 176
num of flexible agents: 0
num of flexible tasks: 354
Optimal assignment with minimum cost:
Total assignment: 0
Total minimum cost: 0
Solving time: 4.9399e-05 seconds
plan limit 980
current timestep 177
num of flexible agents: 0
num of flexible tasks: 356
Optimal assignment with minimum cost:
Total assignment: 0
Total minimum cost: 0
Solving time: 5.4381e-05 seconds
plan limit 980
current timestep 178
num of flexible agents: 0
num of flexible tasks: 358
Optimal assignment with minimum cost:
Total assignment: 0
Total minimum cost: 0
Solving time: 3.366e-05 seconds
plan limit 980
current timestep 179
num of flexible agents: 0
num of flexible tasks: 360
Optimal assignment with minimum cost:
Total assignment: 0
Total minimum cost: 0
Solving time: 3.3829e-05 seconds
plan limit 980
current timestep 180
num of flexible agents: 0
num of flexible tasks: 362
Optimal assignment with minimum cost:
Total assignment: 0
Total minimum cost: 0
Solving time: 4.7491e-05 seconds
plan limit 980
current timestep 181
num of flexible agents: 0
num of flexible tasks: 364
Optimal assignment with minimum cost:
Total assignment: 0
Total minimum cost: 0
Solving time: 3.7642e-05 seconds
plan limit 980
current timestep 182
num of flexible agents: 0
num of flexible tasks: 366
Optimal assignment with minimum cost:
Total assignment: 0
Total minimum cost: 0
Solving time: 3.4233e-05 seconds
plan limit 980
current timestep 183
num of flexible agents: 0
num of flexible tasks: 368
Optimal assignment with minimum cost:
Total assignment: 0
Total minimum cost: 0
Solving time: 3.4814e-05 seconds
plan limit 980
current timestep 184
num of flexible agents: 0
num of flexible tasks: 370
Optimal assignment with minimum cost:
Total assignment: 0
Total minimum cost: 0
Solving time: 4.0641e-05 seconds
plan limit 980
current timestep 185
num of flexible agents: 0
num of flexible tasks: 372
Optimal assignment with minimum cost:
Total assignment: 0
Total minimum cost: 0
Solving time: 4.4996e-05 seconds
plan limit 980
current timestep 186
num of flexible agents: 0
num of flexible tasks: 374
Optimal assignment with minimum cost:
Total assignment: 0
Total minimum cost: 0
Solving time: 3.5165e-05 seconds
plan limit 980
current timestep 187
num of flexible agents: 0
num of flexible tasks: 376
Optimal assignment with minimum cost:
Total assignment: 0
Total minimum cost: 0
Solving time: 4.8305e-05 seconds
plan limit 980
current timestep 188
num of flexible agents: 0
num of flexible tasks: 378
Optimal assignment with minimum cost:
Total assignment: 0
Total minimum cost: 0
Solving time: 3.4771e-05 seconds
plan limit 980
current timestep 189
num of flexible agents: 0
num of flexible tasks: 380
Optimal assignment with minimum cost:
Total assignment: 0
Total minimum cost: 0
Solving time: 3.8907e-05 seconds
plan limit 980
current timestep 190
num of flexible agents: 0
num of flexible tasks: 382
Optimal assignment with minimum cost:
Total assignment: 0
Total minimum cost: 0
Solving time: 3.5503e-05 seconds
plan limit 980
current timestep 191
num of flexible agents: 0
num of flexible tasks: 384
Optimal assignment with minimum cost:
Total assignment: 0
Total minimum cost: 0
Solving time: 4.4126e-05 seconds
plan limit 980
current timestep 192
num of flexible agents: 0
num of flexible tasks: 386
Optimal assignment with minimum cost:
Total assignment: 0
Total minimum cost: 0
Solving time: 3.9508e-05 seconds
plan limit 980
current timestep 193
num of flexible agents: 0
num of flexible tasks: 388
Optimal assignment with minimum cost:
Total assignment: 0
Total minimum cost: 0
Solving time: 4.2533e-05 seconds
plan limit 980
current timestep 194
num of flexible agents: 0
num of flexible tasks: 390
Optimal assignment with minimum cost:
Total assignment: 0
Total minimum cost: 0
Solving time: 4.9245e-05 seconds
plan limit 980
current timestep 195
num of flexible agents: 0
num of flexible tasks: 392
Optimal assignment with minimum cost:
Total assignment: 0
Total minimum cost: 0
Solving time: 5.5386e-05 seconds
plan limit 980
current timestep 196
num of flexible agents: 0
num of flexible tasks: 394
Optimal assignment with minimum cost:
Total assignment: 0
Total minimum cost: 0
Solving time: 4.608e-05 seconds
plan limit 980
current timestep 197
num of flexible agents: 0
num of flexible tasks: 396
Optimal assignment with minimum cost:
Total assignment: 0
Total minimum cost: 0
Solving time: 4.6762e-05 seconds
plan limit 980
current timestep 198
num of flexible agents: 0
num of flexible tasks: 398
Optimal assignment with minimum cost:
Total assignment: 0
Total minimum cost: 0
Solving time: 4.2885e-05 seconds
plan limit 980
current timestep 199
num of flexible agents: 0
num of flexible tasks: 400
Optimal assignment with minimum cost:
Total assignment: 0
Total minimum cost: 0
Solving time: 3.5631e-05 seconds
plan limit 980
current timestep 200
num of flexible agents: 0
num of flexible tasks: 402
Optimal assignment with minimum cost:
Total assignment: 0
Total minimum cost: 0
Solving time: 5.2322e-05 seconds
plan limit 980
current timestep 201
num of flexible agents: 0
num of flexible tasks: 404
Optimal assignment with minimum cost:
Total assignment: 0
Total minimum cost: 0
Solving time: 3.8882e-05 seconds
plan limit 980
current timestep 202
num of flexible agents: 0
num of flexible tasks: 406
Optimal assignment with minimum cost:
Total assignment: 0
Total minimum cost: 0
Solving time: 5.35e-05 seconds
plan limit 980
current timestep 203
num of flexible agents: 0
num of flexible tasks: 408
Optimal assignment with minimum cost:
Total assignment: 0
Total minimum cost: 0
Solving time: 3.775e-05 seconds
plan limit 980
current timestep 204
num of flexible agents: 0
num of flexible tasks: 410
Optimal assignment with minimum cost:
Total assignment: 0
Total minimum cost: 0
Solving time: 5.6492e-05 seconds
plan limit 980
current timestep 205
num of flexible agents: 0
num of flexible tasks: 412
Optimal assignment with minimum cost:
Total assignment: 0
Total minimum cost: 0
Solving time: 5.8166e-05 seconds
plan limit 980
current timestep 206
num of flexible agents: 0
num of flexible tasks: 414
Optimal assignment with minimum cost:
Total assignment: 0
Total minimum cost: 0
Solving time: 5.0184e-05 seconds
plan limit 980
current timestep 207
num of flexible agents: 0
num of flexible tasks: 416
Optimal assignment with minimum cost:
Total assignment: 0
Total minimum cost: 0
Solving time: 3.7067e-05 seconds
plan limit 980
current timestep 208
num of flexible agents: 0
num of flexible tasks: 418
Optimal assignment with minimum cost:
Total assignment: 0
Total minimum cost: 0
Solving time: 3.8718e-05 seconds
plan limit 980
current timestep 209
num of flexible agents: 0
num of flexible tasks: 420
Optimal assignment with minimum cost:
Total assignment: 0
Total minimum cost: 0
Solving time: 4.282e-05 seconds
plan limit 980
current timestep 210
num of flexible agents: 0
num of flexible tasks: 422
Optimal assignment with minimum cost:
Total assignment: 0
Total minimum cost: 0
Solving time: 5.3586e-05 seconds
plan limit 980
current timestep 211
num of flexible agents: 0
num of flexible tasks: 424
Optimal assignment with minimum cost:
Total assignment: 0
Total minimum cost: 0
Solving time: 4.8361e-05 seconds
plan limit 980
current timestep 212
num of flexible agents: 0
num of flexible tasks: 426
Optimal assignment with minimum cost:
Total assignment: 0
Total minimum cost: 0
Solving time: 5.0883e-05 seconds
plan limit 980
current timestep 213
num of flexible agents: 0
num of flexible tasks: 428
Optimal assignment with minimum cost:
Total assignment: 0
Total minimum cost: 0
Solving time: 5.4444e-05 seconds
plan limit 980
current timestep 214
num of flexible agents: 0
num of flexible tasks: 430
Optimal assignment with minimum cost:
Total assignment: 0
Total minimum cost: 0
Solving time: 3.919e-05 seconds
plan limit 980
current timestep 215
num of flexible agents: 0
num of flexible tasks: 432
Optimal assignment with minimum cost:
Total assignment: 0
Total minimum cost: 0
Solving time: 4.1224e-05 seconds
plan limit 980
current timestep 216
num of flexible agents: 0
num of flexible tasks: 434
Optimal assignment with minimum cost:
Total assignment: 0
Total minimum cost: 0
Solving time: 5.0245e-05 seconds
plan limit 980
current timestep 217
num of flexible agents: 0
num of flexible tasks: 436
Optimal assignment with minimum cost:
Total assignment: 0
Total minimum cost: 0
Solving time: 4.3418e-05 seconds
plan limit 980
current timestep 218
num of flexible agents: 0
num of flexible tasks: 438
Optimal assignment with minimum cost:
Total assignment: 0
Total minimum cost: 0
Solving time: 5.6808e-05 seconds
plan limit 980
current timestep 219
num of flexible agents: 0
num of flexible tasks: 440
Optimal assignment with minimum cost:
Total assignment: 0
Total minimum cost: 0
Solving time: 4.9302e-05 seconds
plan limit 980
current timestep 220
num of flexible agents: 0
num of flexible tasks: 442
Optimal assignment with minimum cost:
Total assignment: 0
Total minimum cost: 0
Solving time: 4.3403e-05 seconds
plan limit 980
current timestep 221
num of flexible agents: 0
num of flexible tasks: 444
Optimal assignment with minimum cost:
Total assignment: 0
Total minimum cost: 0
Solving time: 4.1297e-05 seconds
plan limit 980
current timestep 222
num of flexible agents: 0
num of flexible tasks: 446
Optimal assignment with minimum cost:
Total assignment: 0
Total minimum cost: 0
Solving time: 5.5423e-05 seconds
plan limit 980
current timestep 223
num of flexible agents: 0
num of flexible tasks: 448
Optimal assignment with minimum cost:
Total assignment: 0
Total minimum cost: 0
Solving time: 5.75e-05 seconds
plan limit 980
current timestep 224
num of flexible agents: 0
num of flexible tasks: 450
Optimal assignment with minimum cost:
Total assignment: 0
Total minimum cost: 0
Solving time: 4.7365e-05 seconds
plan limit 980
current timestep 225
num of flexible agents: 0
num of flexible tasks: 452
Optimal assignment with minimum cost:
Total assignment: 0
Total minimum cost: 0
Solving time: 5.0703e-05 seconds
plan limit 980
current timestep 226
num of flexible agents: 0
num of flexible tasks: 454
Optimal assignment with minimum cost:
Total assignment: 0
Total minimum cost: 0
Solving time: 4.4973e-05 seconds
plan limit 980
current timestep 227
num of flexible agents: 0
num of flexible tasks: 456
Optimal assignment with minimum cost:
Total assignment: 0
Total minimum cost: 0
Solving time: 4.0041e-05 seconds
plan limit 980
current timestep 228
num of flexible agents: 0
num of flexible tasks: 458
Optimal assignment with minimum cost:
Total assignment: 0
Total minimum cost: 0
Solving time: 4.6191e-05 seconds
plan limit 980
current timestep 229
num of flexible agents: 0
num of flexible tasks: 460
Optimal assignment with minimum cost:
Total assignment: 0
Total minimum cost: 0
Solving time: 4.7745e-05 seconds
plan limit 980
current timestep 230
num of flexible agents: 0
num of flexible tasks: 462
Optimal assignment with minimum cost:
Total assignment: 0
Total minimum cost: 0
Solving time: 5.7083e-05 seconds
plan limit 980
current timestep 231
num of flexible agents: 0
num of flexible tasks: 464
Optimal assignment with minimum cost:
Total assignment: 0
Total minimum cost: 0
Solving time: 3.8323e-05 seconds
plan limit 980
current timestep 232
num of flexible agents: 0
num of flexible tasks: 466
Optimal assignment with minimum cost:
Total assignment: 0
Total minimum cost: 0
Solving time: 5.3351e-05 seconds
plan limit 980
current timestep 233
num of flexible agents: 0
num of flexible tasks: 468
Optimal assignment with minimum cost:
Total assignment: 0
Total minimum cost: 0
Solving time: 4.4879e-05 seconds
plan limit 980
current timestep 234
num of flexible agents: 0
num of flexible tasks: 470
Optimal assignment with minimum cost:
Total assignment: 0
Total minimum cost: 0
Solving time: 4.2121e-05 seconds
plan limit 980
current timestep 235
num of flexible agents: 0
num of flexible tasks: 472
Optimal assignment with minimum cost:
Total assignment: 0
Total minimum cost: 0
Solving time: 4.5478e-05 seconds
plan limit 980
current timestep 236
num of flexible agents: 0
num of flexible tasks: 474
Optimal assignment with minimum cost:
Total assignment: 0
Total minimum cost: 0
Solving time: 4.1895e-05 seconds
plan limit 980
current timestep 237
num of flexible agents: 0
num of flexible tasks: 476
Optimal assignment with minimum cost:
Total assignment: 0
Total minimum cost: 0
Solving time: 5.2321e-05 seconds
plan limit 980
current timestep 238
num of flexible agents: 0
num of flexible tasks: 478
Optimal assignment with minimum cost:
Total assignment: 0
Total minimum cost: 0
Solving time: 4.9601e-05 seconds
plan limit 980
current timestep 239
num of flexible agents: 0
num of flexible tasks: 480
Optimal assignment with minimum cost:
Total assignment: 0
Total minimum cost: 0
Solving time: 4.6007e-05 seconds
plan limit 980
current timestep 240
num of flexible agents: 0
num of flexible tasks: 482
Optimal assignment with minimum cost:
Total assignment: 0
Total minimum cost: 0
Solving time: 4.3825e-05 seconds
plan limit 980
current timestep 241
num of flexible agents: 0
num of flexible tasks: 484
Optimal assignment with minimum cost:
Total assignment: 0
Total minimum cost: 0
Solving time: 4.3834e-05 seconds
plan limit 980
current timestep 242
num of flexible agents: 0
num of flexible tasks: 486
Optimal assignment with minimum cost:
Total assignment: 0
Total minimum cost: 0
Solving time: 5.1077e-05 seconds
plan limit 980
current timestep 243
num of flexible agents: 0
num of flexible tasks: 488
Optimal assignment with minimum cost:
Total assignment: 0
Total minimum cost: 0
Solving time: 5.8631e-05 seconds
plan limit 980
current timestep 244
num of flexible agents: 0
num of flexible tasks: 490
Optimal assignment with minimum cost:
Total assignment: 0
Total minimum cost: 0
Solving time: 4.7436e-05 seconds
plan limit 980
current timestep 245
num of flexible agents: 0
num of flexible tasks: 492
Optimal assignment with minimum cost:
Total assignment: 0
Total minimum cost: 0
Solving time: 4.401e-05 seconds
plan limit 980
current timestep 246
num of flexible agents: 0
num of flexible tasks: 494
Optimal assignment with minimum cost:
Total assignment: 0
Total minimum cost: 0
Solving time: 6.2837e-05 seconds
plan limit 980
current timestep 247
num of flexible agents: 0
num of flexible tasks: 496
Optimal assignment with minimum cost:
Total assignment: 0
Total minimum cost: 0
Solving time: 5.8466e-05 seconds
plan limit 980
current timestep 248
num of flexible agents: 0
num of flexible tasks: 498
Optimal assignment with minimum cost:
Total assignment: 0
Total minimum cost: 0
Solving time: 4.4923e-05 seconds
plan limit 980
current timestep 249
num of flexible agents: 0
num of flexible tasks: 500
Optimal assignment with minimum cost:
Total assignment: 0
Total minimum cost: 0
Solving time: 5.0785e-05 seconds
plan limit 980
current timestep 250
num of flexible agents: 0
num of flexible tasks: 500
Optimal assignment with minimum cost:
Total assignment: 0
Total minimum cost: 0
Solving time: 4.501e-05 seconds
plan limit 980
current timestep 251
num of flexible agents: 0
num of flexible tasks: 500
Optimal assignment with minimum cost:
Total assignment: 0
Total minimum cost: 0
Solving time: 5.015e-05 seconds
plan limit 980
current timestep 252
num of flexible agents: 0
num of flexible tasks: 500
Optimal assignment with minimum cost:
Total assignment: 0
Total minimum cost: 0
Solving time: 5.5684e-05 seconds
plan limit 980
current timestep 253
num of flexible agents: 0
num of flexible tasks: 500
Optimal assignment with minimum cost:
Total assignment: 0
Total minimum cost: 0
Solving time: 4.9058e-05 seconds
plan limit 980
current timestep 254
num of flexible agents: 0
num of flexible tasks: 500
Optimal assignment with minimum cost:
Total assignment: 0
Total minimum cost: 0
Solving time: 4.8592e-05 seconds
plan limit 980
current timestep 255
num of flexible agents: 0
num of flexible tasks: 500
Optimal assignment with minimum cost:
Total assignment: 0
Total minimum cost: 0
Solving time: 5.9875e-05 seconds
plan limit 980
current timestep 256
num of flexible agents: 0
num of flexible tasks: 500
Optimal assignment with minimum cost:
Total assignment: 0
Total minimum cost: 0
Solving time: 4.4393e-05 seconds
plan limit 980
current timestep 257
num of flexible agents: 0
num of flexible tasks: 500
Optimal assignment with minimum cost:
Total assignment: 0
Total minimum cost: 0
Solving time: 7.4269e-05 seconds
plan limit 980
current timestep 258
num of flexible agents: 0
num of flexible tasks: 500
Optimal assignment with minimum cost:
Total assignment: 0
Total minimum cost: 0
Solving time: 4.4793e-05 seconds
plan limit 980
current timestep 259
num of flexible agents: 0
num of flexible tasks: 500
Optimal assignment with minimum cost:
Total assignment: 0
Total minimum cost: 0
Solving time: 6.9286e-05 seconds
plan limit 980
current timestep 260
num of flexible agents: 0
num of flexible tasks: 500
Optimal assignment with minimum cost:
Total assignment: 0
Total minimum cost: 0
Solving time: 5.7023e-05 seconds
plan limit 980
current timestep 261
num of flexible agents: 0
num of flexible tasks: 500
Optimal assignment with minimum cost:
Total assignment: 0
Total minimum cost: 0
Solving time: 4.3886e-05 seconds
plan limit 980
current timestep 262
num of flexible agents: 0
num of flexible tasks: 500
Optimal assignment with minimum cost:
Total assignment: 0
Total minimum cost: 0
Solving time: 4.7239e-05 seconds
plan limit 980
current timestep 263
num of flexible agents: 0
num of flexible tasks: 500
Optimal assignment with minimum cost:
Total assignment: 0
Total minimum cost: 0
Solving time: 4.4766e-05 seconds
plan limit 980
current timestep 264
num of flexible agents: 0
num of flexible tasks: 500
Optimal assignment with minimum cost:
Total assignment: 0
Total minimum cost: 0
Solving time: 5.1302e-05 seconds
plan limit 980
current timestep 265
num of flexible agents: 0
num of flexible tasks: 500
Optimal assignment with minimum cost:
Total assignment: 0
Total minimum cost: 0
Solving time: 4.4669e-05 seconds
plan limit 980
current timestep 266
num of flexible agents: 0
num of flexible tasks: 500
Optimal assignment with minimum cost:
Total assignment: 0
Total minimum cost: 0
Solving time: 4.8353e-05 seconds
plan limit 980
current timestep 267
num of flexible agents: 0
num of flexible tasks: 500
Optimal assignment with minimum cost:
Total assignment: 0
Total minimum cost: 0
Solving time: 5.9852e-05 seconds
plan limit 980
current timestep 268
num of flexible agents: 0
num of flexible tasks: 500
Optimal assignment with minimum cost:
Total assignment: 0
Total minimum cost: 0
Solving time: 6.4738e-05 seconds
plan limit 980
current timestep 269
num of flexible agents: 0
num of flexible tasks: 500
Optimal assignment with minimum cost:
Total assignment: 0
Total minimum cost: 0
Solving time: 6.299e-05 seconds
plan limit 980
current timestep 270
num of flexible agents: 0
num of flexible tasks: 500
Optimal assignment with minimum cost:
Total assignment: 0
Total minimum cost: 0
Solving time: 4.41e-05 seconds
plan limit 980
current timestep 271
num of flexible agents: 0
num of flexible tasks: 500
Optimal assignment with minimum cost:
Total assignment: 0
Total minimum cost: 0
Solving time: 6.1334e-05 seconds
plan limit 980
current timestep 272
num of flexible agents: 0
num of flexible tasks: 500
Optimal assignment with minimum cost:
Total assignment: 0
Total minimum cost: 0
Solving time: 5.7244e-05 seconds
plan limit 980
current timestep 273
num of flexible agents: 0
num of flexible tasks: 500
Optimal assignment with minimum cost:
Total assignment: 0
Total minimum cost: 0
Solving time: 4.8074e-05 seconds
plan limit 980
current timestep 274
num of flexible agents: 0
num of flexible tasks: 500
Optimal assignment with minimum cost:
Total assignment: 0
Total minimum cost: 0
Solving time: 4.5087e-05 seconds
plan limit 980
current timestep 275
num of flexible agents: 0
num of flexible tasks: 500
Optimal assignment with minimum cost:
Total assignment: 0
Total minimum cost: 0
Solving time: 4.8365e-05 seconds
plan limit 980
current timestep 276
num of flexible agents: 0
num of flexible tasks: 500
Optimal assignment with minimum cost:
Total assignment: 0
Total minimum cost: 0
Solving time: 4.4102e-05 seconds
plan limit 980
current timestep 277
num of flexible agents: 0
num of flexible tasks: 500
Optimal assignment with minimum cost:
Total assignment: 0
Total minimum cost: 0
Solving time: 4.6636e-05 seconds
plan limit 980
current timestep 278
num of flexible agents: 0
num of flexible tasks: 500
Optimal assignment with minimum cost:
Total assignment: 0
Total minimum cost: 0
Solving time: 4.5521e-05 seconds
plan limit 980
current timestep 279
num of flexible agents: 0
num of flexible tasks: 500
Optimal assignment with minimum cost:
Total assignment: 0
Total minimum cost: 0
Solving time: 5.7461e-05 seconds
plan limit 980
current timestep 280
num of flexible agents: 0
num of flexible tasks: 500
Optimal assignment with minimum cost:
Total assignment: 0
Total minimum cost: 0
Solving time: 5.9679e-05 seconds
plan limit 980
current timestep 281
num of flexible agents: 0
num of flexible tasks: 500
Optimal assignment with minimum cost:
Total assignment: 0
Total minimum cost: 0
Solving time: 6.0037e-05 seconds
plan limit 980
current timestep 282
num of flexible agents: 0
num of flexible tasks: 500
Optimal assignment with minimum cost:
Total assignment: 0
Total minimum cost: 0
Solving time: 5.5202e-05 seconds
plan limit 980
current timestep 283
num of flexible agents: 0
num of flexible tasks: 500
Optimal assignment with minimum cost:
Total assignment: 0
Total minimum cost: 0
Solving time: 4.9374e-05 seconds
plan limit 980
current timestep 284
num of flexible agents: 0
num of flexible tasks: 500
Optimal assignment with minimum cost:
Total assignment: 0
Total minimum cost: 0
Solving time: 4.4219e-05 seconds
plan limit 980
current timestep 285
num of flexible agents: 0
num of flexible tasks: 500
Optimal assignment with minimum cost:
Total assignment: 0
Total minimum cost: 0
Solving time: 6.2036e-05 seconds
plan limit 980
current timestep 286
num of flexible agents: 0
num of flexible tasks: 500
Optimal assignment with minimum cost:
Total assignment: 0
Total minimum cost: 0
Solving time: 6.9068e-05 seconds
plan limit 980
current timestep 287
num of flexible agents: 0
num of flexible tasks: 500
Optimal assignment with minimum cost:
Total assignment: 0
Total minimum cost: 0
Solving time: 5.7027e-05 seconds
plan limit 980
current timestep 288
num of flexible agents: 0
num of flexible tasks: 500
Optimal assignment with minimum cost:
Total assignment: 0
Total minimum cost: 0
Solving time: 4.2652e-05 seconds
plan limit 980
current timestep 289
num of flexible agents: 0
num of flexible tasks: 500
Optimal assignment with minimum cost:
Total assignment: 0
Total minimum cost: 0
Solving time: 5.1369e-05 seconds
plan limit 980
current timestep 290
num of flexible agents: 0
num of flexible tasks: 500
Optimal assignment with minimum cost:
Total assignment: 0
Total minimum cost: 0
Solving time: 5.6022e-05 seconds
plan limit 980
current timestep 291
num of flexible agents: 0
num of flexible tasks: 500
Optimal assignment with minimum cost:
Total assignment: 0
Total minimum cost: 0
Solving time: 4.5485e-05 seconds
plan limit 980
current timestep 292
num of flexible agents: 0
num of flexible tasks: 500
Optimal assignment with minimum cost:
Total assignment: 0
Total minimum cost: 0
Solving time: 4.9383e-05 seconds
plan limit 980
current timestep 293
num of flexible agents: 0
num of flexible tasks: 500
Optimal assignment with minimum cost:
Total assignment: 0
Total minimum cost: 0
Solving time: 4.5778e-05 seconds
plan limit 980
current timestep 294
num of flexible agents: 0
num of flexible tasks: 500
Optimal assignment with minimum cost:
Total assignment: 0
Total minimum cost: 0
Solving time: 4.4493e-05 seconds
plan limit 980
current timestep 295
num of flexible agents: 0
num of flexible tasks: 500
Optimal assignment with minimum cost:
Total assignment: 0
Total minimum cost: 0
Solving time: 4.4758e-05 seconds
plan limit 980
current timestep 296
num of flexible agents: 0
num of flexible tasks: 500
Optimal assignment with minimum cost:
Total assignment: 0
Total minimum cost: 0
Solving time: 4.5573e-05 seconds
plan limit 980
current timestep 297
num of flexible agents: 0
num of flexible tasks: 500
Optimal assignment with minimum cost:
Total assignment: 0
Total minimum cost: 0
Solving time: 5.7691e-05 seconds
plan limit 980
current timestep 298
num of flexible agents: 0
num of flexible tasks: 500
Optimal assignment with minimum cost:
Total assignment: 0
Total minimum cost: 0
Solving time: 4.457e-05 seconds
plan limit 980
current timestep 299
num of flexible agents: 0
num of flexible tasks: 500
Optimal assignment with minimum cost:
Total assignment: 0
Total minimum cost: 0
Solving time: 4.5419e-05 seconds
plan limit 980
current timestep 300
num of flexible agents: 0
num of flexible tasks: 500
Optimal assignment with minimum cost:
Total assignment: 0
Total minimum cost: 0
Solving time: 6.3846e-05 seconds
plan limit 980
current timestep 301
num of flexible agents: 0
num of flexible tasks: 500
Optimal assignment with minimum cost:
Total assignment: 0
Total minimum cost: 0
Solving time: 4.2743e-05 seconds
plan limit 980
current timestep 302
num of flexible agents: 0
num of flexible tasks: 500
Optimal assignment with minimum cost:
Total assignment: 0
Total minimum cost: 0
Solving time: 5.1637e-05 seconds
plan limit 980
current timestep 303
num of flexible agents: 0
num of flexible tasks: 500
Optimal assignment with minimum cost:
Total assignment: 0
Total minimum cost: 0
Solving time: 5.0224e-05 seconds
plan limit 980
current timestep 304
num of flexible agents: 0
num of flexible tasks: 500
Optimal assignment with minimum cost:
Total assignment: 0
Total minimum cost: 0
Solving time: 4.5316e-05 seconds
plan limit 980
current timestep 305
num of flexible agents: 0
num of flexible tasks: 500
Optimal assignment with minimum cost:
Total assignment: 0
Total minimum cost: 0
Solving time: 4.5017e-05 seconds
plan limit 980
current timestep 306
num of flexible agents: 0
num of flexible tasks: 500
Optimal assignment with minimum cost:
Total assignment: 0
Total minimum cost: 0
Solving time: 4.7696e-05 seconds
plan limit 980
current timestep 307
num of flexible agents: 0
num of flexible tasks: 500
Optimal assignment with minimum cost:
Total assignment: 0
Total minimum cost: 0
Solving time: 5.473e-05 seconds
plan limit 980
current timestep 308
num of flexible agents: 0
num of flexible tasks: 500
Optimal assignment with minimum cost:
Total assignment: 0
Total minimum cost: 0
Solving time: 5.4205e-05 seconds
plan limit 980
current timestep 309
num of flexible agents: 0
num of flexible tasks: 500
Optimal assignment with minimum cost:
Total assignment: 0
Total minimum cost: 0
Solving time: 4.3896e-05 seconds
plan limit 980
current timestep 310
num of flexible agents: 0
num of flexible tasks: 500
Optimal assignment with minimum cost:
Total assignment: 0
Total minimum cost: 0
Solving time: 5.719e-05 seconds
plan limit 980
current timestep 311
num of flexible agents: 0
num of flexible tasks: 500
Optimal assignment with minimum cost:
Total assignment: 0
Total minimum cost: 0
Solving time: 4.777e-05 seconds
plan limit 980
current timestep 312
num of flexible agents: 0
num of flexible tasks: 500
Optimal assignment with minimum cost:
Total assignment: 0
Total minimum cost: 0
Solving time: 7.1312e-05 seconds
plan limit 980
current timestep 313
num of flexible agents: 0
num of flexible tasks: 500
Optimal assignment with minimum cost:
Total assignment: 0
Total minimum cost: 0
Solving time: 4.25e-05 seconds
plan limit 980
current timestep 314
num of flexible agents: 0
num of flexible tasks: 500
Optimal assignment with minimum cost:
Total assignment: 0
Total minimum cost: 0
Solving time: 4.6745e-05 seconds
plan limit 980
current timestep 315
num of flexible agents: 0
num of flexible tasks: 500
Optimal assignment with minimum cost:
Total assignment: 0
Total minimum cost: 0
Solving time: 4.6889e-05 seconds
plan limit 980
current timestep 316
num of flexible agents: 0
num of flexible tasks: 500
Optimal assignment with minimum cost:
Total assignment: 0
Total minimum cost: 0
Solving time: 4.6045e-05 seconds
plan limit 980
current timestep 317
num of flexible agents: 0
num of flexible tasks: 500
Optimal assignment with minimum cost:
Total assignment: 0
Total minimum cost: 0
Solving time: 4.4458e-05 seconds
plan limit 980
current timestep 318
num of flexible agents: 0
num of flexible tasks: 500
Optimal assignment with minimum cost:
Total assignment: 0
Total minimum cost: 0
Solving time: 4.2006e-05 seconds
plan limit 980
current timestep 319
num of flexible agents: 0
num of flexible tasks: 500
Optimal assignment with minimum cost:
Total assignment: 0
Total minimum cost: 0
Solving time: 5.6753e-05 seconds
plan limit 980
current timestep 320
num of flexible agents: 0
num of flexible tasks: 500
Optimal assignment with minimum cost:
Total assignment: 0
Total minimum cost: 0
Solving time: 4.2879e-05 seconds
plan limit 980
current timestep 321
num of flexible agents: 0
num of flexible tasks: 500
Optimal assignment with minimum cost:
Total assignment: 0
Total minimum cost: 0
Solving time: 5.6637e-05 seconds
plan limit 980
current timestep 322
num of flexible agents: 0
num of flexible tasks: 500
Optimal assignment with minimum cost:
Total assignment: 0
Total minimum cost: 0
Solving time: 4.5053e-05 seconds
plan limit 980
current timestep 323
num of flexible agents: 0
num of flexible tasks: 500
Optimal assignment with minimum cost:
Total assignment: 0
Total minimum cost: 0
Solving time: 5.2989e-05 seconds
plan limit 980
current timestep 324
num of flexible agents: 0
num of flexible tasks: 500
Optimal assignment with minimum cost:
Total assignment: 0
Total minimum cost: 0
Solving time: 6.5616e-05 seconds
plan limit 980
current timestep 325
num of flexible agents: 0
num of flexible tasks: 500
Optimal assignment with minimum cost:
Total assignment: 0
Total minimum cost: 0
Solving time: 4.1616e-05 seconds
plan limit 980
current timestep 326
num of flexible agents: 0
num of flexible tasks: 500
Optimal assignment with minimum cost:
Total assignment: 0
Total minimum cost: 0
Solving time: 4.8689e-05 seconds
plan limit 980
current timestep 327
num of flexible agents: 0
num of flexible tasks: 500
Optimal assignment with minimum cost:
Total assignment: 0
Total minimum cost: 0
Solving time: 4.4227e-05 seconds
plan limit 980
current timestep 328
num of flexible agents: 0
num of flexible tasks: 500
Optimal assignment with minimum cost:
Total assignment: 0
Total minimum cost: 0
Solving time: 4.4905e-05 seconds
plan limit 980
current timestep 329
num of flexible agents: 0
num of flexible tasks: 500
Optimal assignment with minimum cost:
Total assignment: 0
Total minimum cost: 0
Solving time: 4.4764e-05 seconds
plan limit 980
current timestep 330
num of flexible agents: 0
num of flexible tasks: 500
Optimal assignment with minimum cost:
Total assignment: 0
Total minimum cost: 0
Solving time: 5.4856e-05 seconds
plan limit 980
current timestep 331
num of flexible agents: 0
num of flexible tasks: 500
Optimal assignment with minimum cost:
Total assignment: 0
Total minimum cost: 0
Solving time: 7.0285e-05 seconds
plan limit 980
current timestep 332
num of flexible agents: 0
num of flexible tasks: 500
Optimal assignment with minimum cost:
Total assignment: 0
Total minimum cost: 0
Solving time: 5.7599e-05 seconds
plan limit 980
current timestep 333
num of flexible agents: 0
num of flexible tasks: 500
Optimal assignment with minimum cost:
Total assignment: 0
Total minimum cost: 0
Solving time: 5.5781e-05 seconds
plan limit 980
current timestep 334
num of flexible agents: 0
num of flexible tasks: 500
Optimal assignment with minimum cost:
Total assignment: 0
Total minimum cost: 0
Solving time: 4.7311e-05 seconds
plan limit 980
current timestep 335
num of flexible agents: 0
num of flexible tasks: 500
Optimal assignment with minimum cost:
Total assignment: 0
Total minimum cost: 0
Solving time: 5.4125e-05 seconds
plan limit 980
current timestep 336
num of flexible agents: 0
num of flexible tasks: 500
Optimal assignment with minimum cost:
Total assignment: 0
Total minimum cost: 0
Solving time: 4.4074e-05 seconds
plan limit 980
current timestep 337
num of flexible agents: 0
num of flexible tasks: 500
Optimal assignment with minimum cost:
Total assignment: 0
Total minimum cost: 0
Solving time: 4.968e-05 seconds
plan limit 980
current timestep 338
num of flexible agents: 0
num of flexible tasks: 500
Optimal assignment with minimum cost:
Total assignment: 0
Total minimum cost: 0
Solving time: 4.4587e-05 seconds
plan limit 980
current timestep 339
num of flexible agents: 0
num of flexible tasks: 500
Optimal assignment with minimum cost:
Total assignment: 0
Total minimum cost: 0
Solving time: 5.8898e-05 seconds
plan limit 980
current timestep 340
num of flexible agents: 0
num of flexible tasks: 500
Optimal assignment with minimum cost:
Total assignment: 0
Total minimum cost: 0
Solving time: 5.7725e-05 seconds
plan limit 980
current timestep 341
num of flexible agents: 0
num of flexible tasks: 500
Optimal assignment with minimum cost:
Total assignment: 0
Total minimum cost: 0
Solving time: 4.6238e-05 seconds
plan limit 980
current timestep 342
num of flexible agents: 0
num of flexible tasks: 500
Optimal assignment with minimum cost:
Total assignment: 0
Total minimum cost: 0
Solving time: 6.2796e-05 seconds
plan limit 980
current timestep 343
num of flexible agents: 0
num of flexible tasks: 500
Optimal assignment with minimum cost:
Total assignment: 0
Total minimum cost: 0
Solving time: 5.6227e-05 seconds
plan limit 980
current timestep 344
num of flexible agents: 0
num of flexible tasks: 500
Optimal assignment with minimum cost:
Total assignment: 0
Total minimum cost: 0
Solving time: 4.5134e-05 seconds
plan limit 980
current timestep 345
num of flexible agents: 0
num of flexible tasks: 500
Optimal assignment with minimum cost:
Total assignment: 0
Total minimum cost: 0
Solving time: 5.172e-05 seconds
plan limit 980
current timestep 346
num of flexible agents: 0
num of flexible tasks: 500
Optimal assignment with minimum cost:
Total assignment: 0
Total minimum cost: 0
Solving time: 4.4371e-05 seconds
plan limit 980
current timestep 347
num of flexible agents: 0
num of flexible tasks: 500
Optimal assignment with minimum cost:
Total assignment: 0
Total minimum cost: 0
Solving time: 4.8239e-05 seconds
plan limit 980
current timestep 348
num of flexible agents: 0
num of flexible tasks: 500
Optimal assignment with minimum cost:
Total assignment: 0
Total minimum cost: 0
Solving time: 4.4255e-05 seconds
plan limit 980
current timestep 349
num of flexible agents: 0
num of flexible tasks: 500
Optimal assignment with minimum cost:
Total assignment: 0
Total minimum cost: 0
Solving time: 5.3316e-05 seconds
plan limit 980
current timestep 350
num of flexible agents: 0
num of flexible tasks: 500
Optimal assignment with minimum cost:
Total assignment: 0
Total minimum cost: 0
Solving time: 5.1291e-05 seconds
plan limit 980
current timestep 351
num of flexible agents: 0
num of flexible tasks: 500
Optimal assignment with minimum cost:
Total assignment: 0
Total minimum cost: 0
Solving time: 6.3656e-05 seconds
plan limit 980
current timestep 352
num of flexible agents: 0
num of flexible tasks: 500
Optimal assignment with minimum cost:
Total assignment: 0
Total minimum cost: 0
Solving time: 4.4552e-05 seconds
plan limit 980
current timestep 353
num of flexible agents: 0
num of flexible tasks: 500
Optimal assignment with minimum cost:
Total assignment: 0
Total minimum cost: 0
Solving time: 5.0062e-05 seconds
plan limit 980
current timestep 354
num of flexible agents: 0
num of flexible tasks: 500
Optimal assignment with minimum cost:
Total assignment: 0
Total minimum cost: 0
Solving time: 6.2965e-05 seconds
plan limit 980
current timestep 355
num of flexible agents: 0
num of flexible tasks: 500
Optimal assignment with minimum cost:
Total assignment: 0
Total minimum cost: 0
Solving time: 4.3615e-05 seconds
plan limit 980
current timestep 356
num of flexible agents: 0
num of flexible tasks: 500
Optimal assignment with minimum cost:
Total assignment: 0
Total minimum cost: 0
Solving time: 4.8645e-05 seconds
plan limit 980
current timestep 357
num of flexible agents: 0
num of flexible tasks: 500
Optimal assignment with minimum cost:
Total assignment: 0
Total minimum cost: 0
Solving time: 6.0422e-05 seconds
plan limit 980
current timestep 358
num of flexible agents: 0
num of flexible tasks: 500
Optimal assignment with minimum cost:
Total assignment: 0
Total minimum cost: 0
Solving time: 5.6416e-05 seconds
plan limit 980
current timestep 359
num of flexible agents: 0
num of flexible tasks: 500
Optimal assignment with minimum cost:
Total assignment: 0
Total minimum cost: 0
Solving time: 5.9852e-05 seconds
plan limit 980
current timestep 360
num of flexible agents: 0
num of flexible tasks: 500
Optimal assignment with minimum cost:
Total assignment: 0
Total minimum cost: 0
Solving time: 4.6424e-05 seconds
plan limit 980
current timestep 361
num of flexible agents: 0
num of flexible tasks: 500
Optimal assignment with minimum cost:
Total assignment: 0
Total minimum cost: 0
Solving time: 5.6634e-05 seconds
plan limit 980
current timestep 362
num of flexible agents: 0
num of flexible tasks: 500
Optimal assignment with minimum cost:
Total assignment: 0
Total minimum cost: 0
Solving time: 4.7635e-05 seconds
plan limit 980
current timestep 363
num of flexible agents: 0
num of flexible tasks: 500
Optimal assignment with minimum cost:
Total assignment: 0
Total minimum cost: 0
Solving time: 4.6024e-05 seconds
plan limit 980
current timestep 364
num of flexible agents: 0
num of flexible tasks: 500
Optimal assignment with minimum cost:
Total assignment: 0
Total minimum cost: 0
Solving time: 6.0515e-05 seconds
plan limit 980
current timestep 365
num of flexible agents: 0
num of flexible tasks: 500
Optimal assignment with minimum cost:
Total assignment: 0
Total minimum cost: 0
Solving time: 5.2769e-05 seconds
plan limit 980
current timestep 366
num of flexible agents: 0
num of flexible tasks: 500
Optimal assignment with minimum cost:
Total assignment: 0
Total minimum cost: 0
Solving time: 6.2211e-05 seconds
plan limit 980
current timestep 367
num of flexible agents: 0
num of flexible tasks: 500
Optimal assignment with minimum cost:
Total assignment: 0
Total minimum cost: 0
Solving time: 4.3335e-05 seconds
plan limit 980
current timestep 368
num of flexible agents: 0
num of flexible tasks: 500
Optimal assignment with minimum cost:
Total assignment: 0
Total minimum cost: 0
Solving time: 4.6569e-05 seconds
plan limit 980
current timestep 369
num of flexible agents: 0
num of flexible tasks: 500
Optimal assignment with minimum cost:
Total assignment: 0
Total minimum cost: 0
Solving time: 4.4491e-05 seconds
plan limit 980
current timestep 370
num of flexible agents: 0
num of flexible tasks: 500
Optimal assignment with minimum cost:
Total assignment: 0
Total minimum cost: 0
Solving time: 4.1799e-05 seconds
plan limit 980
current timestep 371
num of flexible agents: 0
num of flexible tasks: 500
Optimal assignment with minimum cost:
Total assignment: 0
Total minimum cost: 0
Solving time: 4.6572e-05 seconds
plan limit 980
current timestep 372
num of flexible agents: 0
num of flexible tasks: 500
Optimal assignment with minimum cost:
Total assignment: 0
Total minimum cost: 0
Solving time: 4.4413e-05 seconds
plan limit 980
current timestep 373
num of flexible agents: 0
num of flexible tasks: 500
Optimal assignment with minimum cost:
Total assignment: 0
Total minimum cost: 0
Solving time: 5.4959e-05 seconds
plan limit 980
current timestep 374
num of flexible agents: 0
num of flexible tasks: 500
Optimal assignment with minimum cost:
Total assignment: 0
Total minimum cost: 0
Solving time: 4.6368e-05 seconds
plan limit 980
current timestep 375
num of flexible agents: 0
num of flexible tasks: 500
Optimal assignment with minimum cost:
Total assignment: 0
Total minimum cost: 0
Solving time: 4.3268e-05 seconds
plan limit 980
current timestep 376
num of flexible agents: 0
num of flexible tasks: 500
Optimal assignment with minimum cost:
Total assignment: 0
Total minimum cost: 0
Solving time: 4.266e-05 seconds
plan limit 980
current timestep 377
num of flexible agents: 0
num of flexible tasks: 500
Optimal assignment with minimum cost:
Total assignment: 0
Total minimum cost: 0
Solving time: 5.8937e-05 seconds
plan limit 980
current timestep 378
num of flexible agents: 0
num of flexible tasks: 500
Optimal assignment with minimum cost:
Total assignment: 0
Total minimum cost: 0
Solving time: 4.3746e-05 seconds
plan limit 980
current timestep 379
num of flexible agents: 0
num of flexible tasks: 500
Optimal assignment with minimum cost:
Total assignment: 0
Total minimum cost: 0
Solving time: 5.6583e-05 seconds
plan limit 980
current timestep 380
num of flexible agents: 0
num of flexible tasks: 500
Optimal assignment with minimum cost:
Total assignment: 0
Total minimum cost: 0
Solving time: 5.4937e-05 seconds
plan limit 980
current timestep 381
num of flexible agents: 0
num of flexible tasks: 500
Optimal assignment with minimum cost:
Total assignment: 0
Total minimum cost: 0
Solving time: 5.5146e-05 seconds
plan limit 980
current timestep 382
num of flexible agents: 0
num of flexible tasks: 500
Optimal assignment with minimum cost:
Total assignment: 0
Total minimum cost: 0
Solving time: 5.8771e-05 seconds
plan limit 980
current timestep 383
num of flexible agents: 0
num of flexible tasks: 500
Optimal assignment with minimum cost:
Total assignment: 0
Total minimum cost: 0
Solving time: 4.6307e-05 seconds
plan limit 980
current timestep 384
num of flexible agents: 0
num of flexible tasks: 500
Optimal assignment with minimum cost:
Total assignment: 0
Total minimum cost: 0
Solving time: 4.4049e-05 seconds
plan limit 980
current timestep 385
num of flexible agents: 0
num of flexible tasks: 500
Optimal assignment with minimum cost:
Total assignment: 0
Total minimum cost: 0
Solving time: 4.5258e-05 seconds
plan limit 980
current timestep 386
num of flexible agents: 0
num of flexible tasks: 500
Optimal assignment with minimum cost:
Total assignment: 0
Total minimum cost: 0
Solving time: 5.9778e-05 seconds
plan limit 980
current timestep 387
num of flexible agents: 0
num of flexible tasks: 500
Optimal assignment with minimum cost:
Total assignment: 0
Total minimum cost: 0
Solving time: 4.5262e-05 seconds
plan limit 980
current timestep 388
num of flexible agents: 0
num of flexible tasks: 500
Optimal assignment with minimum cost:
Total assignment: 0
Total minimum cost: 0
Solving time: 4.5269e-05 seconds
plan limit 980
current timestep 389
num of flexible agents: 0
num of flexible tasks: 500
Optimal assignment with minimum cost:
Total assignment: 0
Total minimum cost: 0
Solving time: 4.5226e-05 seconds
plan limit 980
current timestep 390
num of flexible agents: 0
num of flexible tasks: 500
Optimal assignment with minimum cost:
Total assignment: 0
Total minimum cost: 0
Solving time: 5.1985e-05 seconds
plan limit 980
current timestep 391
num of flexible agents: 0
num of flexible tasks: 500
Optimal assignment with minimum cost:
Total assignment: 0
Total minimum cost: 0
Solving time: 5.4642e-05 seconds
plan limit 980
current timestep 392
num of flexible agents: 0
num of flexible tasks: 500
Optimal assignment with minimum cost:
Total assignment: 0
Total minimum cost: 0
Solving time: 4.4049e-05 seconds
plan limit 980
current timestep 393
num of flexible agents: 0
num of flexible tasks: 500
Optimal assignment with minimum cost:
Total assignment: 0
Total minimum cost: 0
Solving time: 4.4892e-05 seconds
plan limit 980
current timestep 394
num of flexible agents: 0
num of flexible tasks: 500
Optimal assignment with minimum cost:
Total assignment: 0
Total minimum cost: 0
Solving time: 4.5441e-05 seconds
plan limit 980
current timestep 395
num of flexible agents: 0
num of flexible tasks: 500
Optimal assignment with minimum cost:
Total assignment: 0
Total minimum cost: 0
Solving time: 4.1846e-05 seconds
plan limit 980
current timestep 396
num of flexible agents: 0
num of flexible tasks: 500
Optimal assignment with minimum cost:
Total assignment: 0
Total minimum cost: 0
Solving time: 4.0462e-05 seconds
plan limit 980
current timestep 397
num of flexible agents: 0
num of flexible tasks: 500
Optimal assignment with minimum cost:
Total assignment: 0
Total minimum cost: 0
Solving time: 4.4686e-05 seconds
plan limit 980
current timestep 398
num of flexible agents: 0
num of flexible tasks: 500
Optimal assignment with minimum cost:
Total assignment: 0
Total minimum cost: 0
Solving time: 4.4018e-05 seconds
plan limit 980
current timestep 399
num of flexible agents: 0
num of flexible tasks: 500
Optimal assignment with minimum cost:
Total assignment: 0
Total minimum cost: 0
Solving time: 4.7168e-05 seconds
plan limit 980
