current timestep 0
num of flexible agents: 80
num of flexible tasks: 2
No optimal solution found.
plan limit 980
current timestep 1
num of flexible agents: 0
num of flexible tasks: 4
Optimal assignment with minimum cost:
Total assignment: 0
Total minimum cost: 0
Solving time: 6.176e-06 seconds
plan limit 980
current timestep 2
num of flexible agents: 0
num of flexible tasks: 6
Optimal assignment with minimum cost:
Total assignment: 0
Total minimum cost: 0
Solving time: 7.975e-06 seconds
plan limit 980
current timestep 3
num of flexible agents: 0
num of flexible tasks: 8
Optimal assignment with minimum cost:
Total assignment: 0
Total minimum cost: 0
Solving time: 7.08e-06 seconds
plan limit 980
current timestep 4
num of flexible agents: 0
num of flexible tasks: 10
Optimal assignment with minimum cost:
Total assignment: 0
Total minimum cost: 0
Solving time: 6.754e-06 seconds
plan limit 980
current timestep 5
num of flexible agents: 0
num of flexible tasks: 12
Optimal assignment with minimum cost:
Total assignment: 0
Total minimum cost: 0
Solving time: 1.2194e-05 seconds
plan limit 980
current timestep 6
num of flexible agents: 0
num of flexible tasks: 14
Optimal assignment with minimum cost:
Total assignment: 0
Total minimum cost: 0
Solving time: 1.2145e-05 seconds
plan limit 980
current timestep 7
num of flexible agents: 0
num of flexible tasks: 16
Optimal assignment with minimum cost:
Total assignment: 0
Total minimum cost: 0
Solving time: 8.858e-06 seconds
plan limit 980
current timestep 8
num of flexible agents: 0
num of flexible tasks: 18
Optimal assignment with minimum cost:
Total assignment: 0
Total minimum cost: 0
Solving time: 9.313e-06 seconds
plan limit 980
current timestep 9
num of flexible agents: 0
num of flexible tasks: 20
Optimal assignment with minimum cost:
Total assignment: 0
Total minimum cost: 0
Solving time: 9.888e-06 seconds
plan limit 980
current timestep 10
num of flexible agents: 0
num of flexible tasks: 22
Optimal assignment with minimum cost:
Total assignment: 0
Total minimum cost: 0
Solving time: 1.667e-05 seconds
plan limit 980
current timestep 11
num of flexible agents: 0
num of flexible tasks: 24
Optimal assignment with minimum cost:
Total assignment: 0
Total minimum cost: 0
Solving time: 8.175e-06 seconds
plan limit 980
current timestep 12
num of flexible agents: 0
num of flexible tasks: 26
Optimal assignment with minimum cost:
Total assignment: 0
Total minimum cost: 0
Solving time: 8.265e-06 seconds
plan limit 980
current timestep 13
num of flexible agents: 0
num of flexible tasks: 28
Optimal assignment with minimum cost:
Total assignment: 0
Total minimum cost: 0
Solving time: 2.1736e-05 seconds
plan limit 980
current timestep 14
num of flexible agents: 0
num of flexible tasks: 30
Optimal assignment with minimum cost:
Total assignment: 0
Total minimum cost: 0
Solving time: 1.0232e-05 seconds
plan limit 980
current timestep 15
num of flexible agents: 0
num of flexible tasks: 32
Optimal assignment with minimum cost:
Total assignment: 0
Total minimum cost: 0
Solving time: 1.0829e-05 seconds
plan limit 980
current timestep 16
num of flexible agents: 0
num of flexible tasks: 34
Optimal assignment with minimum cost:
Total assignment: 0
Total minimum cost: 0
Solving time: 1.3562e-05 seconds
plan limit 980
current timestep 17
num of flexible agents: 0
num of flexible tasks: 36
Optimal assignment with minimum cost:
Total assignment: 0
Total minimum cost: 0
Solving time: 2.3338e-05 seconds
plan limit 980
current timestep 18
num of flexible agents: 0
num of flexible tasks: 38
Optimal assignment with minimum cost:
Total assignment: 0
Total minimum cost: 0
Solving time: 2.2783e-05 seconds
plan limit 980
current timestep 19
num of flexible agents: 0
num of flexible tasks: 40
Optimal assignment with minimum cost:
Total assignment: 0
Total minimum cost: 0
Solving time: 1.0075e-05 seconds
plan limit 980
current timestep 20
num of flexible agents: 0
num of flexible tasks: 42
Optimal assignment with minimum cost:
Total assignment: 0
Total minimum cost: 0
Solving time: 1.1327e-05 seconds
plan limit 980
current timestep 21
num of flexible agents: 0
num of flexible tasks: 44
Optimal assignment with minimum cost:
Total assignment: 0
Total minimum cost: 0
Solving time: 1.0358e-05 seconds
plan limit 980
current timestep 22
num of flexible agents: 0
num of flexible tasks: 46
Optimal assignment with minimum cost:
Total assignment: 0
Total minimum cost: 0
Solving time: 1.0101e-05 seconds
plan limit 980
current timestep 23
num of flexible agents: 0
num of flexible tasks: 48
Optimal assignment with minimum cost:
Total assignment: 0
Total minimum cost: 0
Solving time: 2.2214e-05 seconds
plan limit 980
current timestep 24
num of flexible agents: 0
num of flexible tasks: 50
Optimal assignment with minimum cost:
Total assignment: 0
Total minimum cost: 0
Solving time: 2.3242e-05 seconds
plan limit 980
current timestep 25
num of flexible agents: 0
num of flexible tasks: 52
Optimal assignment with minimum cost:
Total assignment: 0
Total minimum cost: 0
Solving time: 1.2045e-05 seconds
plan limit 980
current timestep 26
num of flexible agents: 0
num of flexible tasks: 54
Optimal assignment with minimum cost:
Total assignment: 0
Total minimum cost: 0
Solving time: 1.154e-05 seconds
plan limit 980
current timestep 27
num of flexible agents: 0
num of flexible tasks: 56
Optimal assignment with minimum cost:
Total assignment: 0
Total minimum cost: 0
Solving time: 1.2299e-05 seconds
plan limit 980
current timestep 28
num of flexible agents: 0
num of flexible tasks: 58
Optimal assignment with minimum cost:
Total assignment: 0
Total minimum cost: 0
Solving time: 1.2425e-05 seconds
plan limit 980
current timestep 29
num of flexible agents: 0
num of flexible tasks: 60
Optimal assignment with minimum cost:
Total assignment: 0
Total minimum cost: 0
Solving time: 2.5175e-05 seconds
plan limit 980
current timestep 30
num of flexible agents: 0
num of flexible tasks: 62
Optimal assignment with minimum cost:
Total assignment: 0
Total minimum cost: 0
Solving time: 1.1778e-05 seconds
plan limit 980
current timestep 31
num of flexible agents: 0
num of flexible tasks: 64
Optimal assignment with minimum cost:
Total assignment: 0
Total minimum cost: 0
Solving time: 1.2213e-05 seconds
plan limit 980
current timestep 32
num of flexible agents: 0
num of flexible tasks: 66
Optimal assignment with minimum cost:
Total assignment: 0
Total minimum cost: 0
Solving time: 1.8701e-05 seconds
plan limit 980
current timestep 33
num of flexible agents: 0
num of flexible tasks: 68
Optimal assignment with minimum cost:
Total assignment: 0
Total minimum cost: 0
Solving time: 1.1854e-05 seconds
plan limit 980
current timestep 34
num of flexible agents: 0
num of flexible tasks: 70
Optimal assignment with minimum cost:
Total assignment: 0
Total minimum cost: 0
Solving time: 1.4074e-05 seconds
plan limit 980
current timestep 35
num of flexible agents: 0
num of flexible tasks: 72
Optimal assignment with minimum cost:
Total assignment: 0
Total minimum cost: 0
Solving time: 1.2623e-05 seconds
plan limit 980
current timestep 36
num of flexible agents: 0
num of flexible tasks: 74
Optimal assignment with minimum cost:
Total assignment: 0
Total minimum cost: 0
Solving time: 1.7416e-05 seconds
plan limit 980
current timestep 37
num of flexible agents: 0
num of flexible tasks: 76
Optimal assignment with minimum cost:
Total assignment: 0
Total minimum cost: 0
Solving time: 1.2649e-05 seconds
plan limit 980
current timestep 38
num of flexible agents: 0
num of flexible tasks: 78
Optimal assignment with minimum cost:
Total assignment: 0
Total minimum cost: 0
Solving time: 1.7572e-05 seconds
plan limit 980
current timestep 39
num of flexible agents: 0
num of flexible tasks: 80
Optimal assignment with minimum cost:
Total assignment: 0
Total minimum cost: 0
Solving time: 1.427e-05 seconds
plan limit 980
current timestep 40
num of flexible agents: 0
num of flexible tasks: 82
Optimal assignment with minimum cost:
Total assignment: 0
Total minimum cost: 0
Solving time: 1.2928e-05 seconds
plan limit 980
current timestep 41
num of flexible agents: 0
num of flexible tasks: 84
Optimal assignment with minimum cost:
Total assignment: 0
Total minimum cost: 0
Solving time: 1.4352e-05 seconds
plan limit 980
current timestep 42
num of flexible agents: 0
num of flexible tasks: 86
Optimal assignment with minimum cost:
Total assignment: 0
Total minimum cost: 0
Solving time: 1.4528e-05 seconds
plan limit 980
current timestep 43
num of flexible agents: 0
num of flexible tasks: 88
Optimal assignment with minimum cost:
Total assignment: 0
Total minimum cost: 0
Solving time: 1.392e-05 seconds
plan limit 980
current timestep 44
num of flexible agents: 0
num of flexible tasks: 90
Optimal assignment with minimum cost:
Total assignment: 0
Total minimum cost: 0
Solving time: 1.3424e-05 seconds
plan limit 980
current timestep 45
num of flexible agents: 0
num of flexible tasks: 92
Optimal assignment with minimum cost:
Total assignment: 0
Total minimum cost: 0
Solving time: 1.4175e-05 seconds
plan limit 980
current timestep 46
num of flexible agents: 0
num of flexible tasks: 94
Optimal assignment with minimum cost:
Total assignment: 0
Total minimum cost: 0
Solving time: 1.54e-05 seconds
plan limit 980
current timestep 47
num of flexible agents: 0
num of flexible tasks: 96
Optimal assignment with minimum cost:
Total assignment: 0
Total minimum cost: 0
Solving time: 1.5801e-05 seconds
plan limit 980
current timestep 48
num of flexible agents: 0
num of flexible tasks: 98
Optimal assignment with minimum cost:
Total assignment: 0
Total minimum cost: 0
Solving time: 1.5053e-05 seconds
plan limit 980
current timestep 49
num of flexible agents: 0
num of flexible tasks: 100
Optimal assignment with minimum cost:
Total assignment: 0
Total minimum cost: 0
Solving time: 1.5765e-05 seconds
plan limit 980
current timestep 50
num of flexible agents: 0
num of flexible tasks: 102
Optimal assignment with minimum cost:
Total assignment: 0
Total minimum cost: 0
Solving time: 2.3008e-05 seconds
plan limit 980
current timestep 51
num of flexible agents: 0
num of flexible tasks: 104
Optimal assignment with minimum cost:
Total assignment: 0
Total minimum cost: 0
Solving time: 1.4417e-05 seconds
plan limit 980
current timestep 52
num of flexible agents: 0
num of flexible tasks: 106
Optimal assignment with minimum cost:
Total assignment: 0
Total minimum cost: 0
Solving time: 2.1289e-05 seconds
plan limit 980
current timestep 53
num of flexible agents: 0
num of flexible tasks: 108
Optimal assignment with minimum cost:
Total assignment: 0
Total minimum cost: 0
Solving time: 2.0256e-05 seconds
plan limit 980
current timestep 54
num of flexible agents: 0
num of flexible tasks: 110
Optimal assignment with minimum cost:
Total assignment: 0
Total minimum cost: 0
Solving time: 1.6965e-05 seconds
plan limit 980
current timestep 55
num of flexible agents: 0
num of flexible tasks: 112
Optimal assignment with minimum cost:
Total assignment: 0
Total minimum cost: 0
Solving time: 3.4717e-05 seconds
plan limit 980
current timestep 56
num of flexible agents: 0
num of flexible tasks: 114
Optimal assignment with minimum cost:
Total assignment: 0
Total minimum cost: 0
Solving time: 1.7721e-05 seconds
plan limit 980
current timestep 57
num of flexible agents: 0
num of flexible tasks: 116
Optimal assignment with minimum cost:
Total assignment: 0
Total minimum cost: 0
Solving time: 1.5589e-05 seconds
plan limit 980
current timestep 58
num of flexible agents: 0
num of flexible tasks: 118
Optimal assignment with minimum cost:
Total assignment: 0
Total minimum cost: 0
Solving time: 1.7696e-05 seconds
plan limit 980
current timestep 59
num of flexible agents: 0
num of flexible tasks: 120
Optimal assignment with minimum cost:
Total assignment: 0
Total minimum cost: 0
Solving time: 2.0059e-05 seconds
plan limit 980
current timestep 60
num of flexible agents: 0
num of flexible tasks: 122
Optimal assignment with minimum cost:
Total assignment: 0
Total minimum cost: 0
Solving time: 1.6095e-05 seconds
plan limit 980
current timestep 61
num of flexible agents: 0
num of flexible tasks: 124
Optimal assignment with minimum cost:
Total assignment: 0
Total minimum cost: 0
Solving time: 2.8853e-05 seconds
plan limit 980
current timestep 62
num of flexible agents: 0
num of flexible tasks: 126
Optimal assignment with minimum cost:
Total assignment: 0
Total minimum cost: 0
Solving time: 1.5316e-05 seconds
plan limit 980
current timestep 63
num of flexible agents: 0
num of flexible tasks: 128
Optimal assignment with minimum cost:
Total assignment: 0
Total minimum cost: 0
Solving time: 1.7329e-05 seconds
plan limit 980
current timestep 64
num of flexible agents: 0
num of flexible tasks: 130
Optimal assignment with minimum cost:
Total assignment: 0
Total minimum cost: 0
Solving time: 1.8546e-05 seconds
plan limit 980
current timestep 65
num of flexible agents: 0
num of flexible tasks: 132
Optimal assignment with minimum cost:
Total assignment: 0
Total minimum cost: 0
Solving time: 1.9659e-05 seconds
plan limit 980
current timestep 66
num of flexible agents: 0
num of flexible tasks: 134
Optimal assignment with minimum cost:
Total assignment: 0
Total minimum cost: 0
Solving time: 1.8401e-05 seconds
plan limit 980
current timestep 67
num of flexible agents: 0
num of flexible tasks: 136
Optimal assignment with minimum cost:
Total assignment: 0
Total minimum cost: 0
Solving time: 2.0304e-05 seconds
plan limit 980
current timestep 68
num of flexible agents: 0
num of flexible tasks: 138
Optimal assignment with minimum cost:
Total assignment: 0
Total minimum cost: 0
Solving time: 2.1403e-05 seconds
plan limit 980
current timestep 69
num of flexible agents: 0
num of flexible tasks: 140
Optimal assignment with minimum cost:
Total assignment: 0
Total minimum cost: 0
Solving time: 2.2526e-05 seconds
plan limit 980
current timestep 70
num of flexible agents: 0
num of flexible tasks: 142
Optimal assignment with minimum cost:
Total assignment: 0
Total minimum cost: 0
Solving time: 2.2564e-05 seconds
plan limit 980
current timestep 71
num of flexible agents: 0
num of flexible tasks: 144
Optimal assignment with minimum cost:
Total assignment: 0
Total minimum cost: 0
Solving time: 1.9188e-05 seconds
plan limit 980
current timestep 72
num of flexible agents: 0
num of flexible tasks: 146
Optimal assignment with minimum cost:
Total assignment: 0
Total minimum cost: 0
Solving time: 2.1635e-05 seconds
plan limit 980
current timestep 73
num of flexible agents: 0
num of flexible tasks: 148
Optimal assignment with minimum cost:
Total assignment: 0
Total minimum cost: 0
Solving time: 1.9329e-05 seconds
plan limit 980
current timestep 74
num of flexible agents: 0
num of flexible tasks: 150
Optimal assignment with minimum cost:
Total assignment: 0
Total minimum cost: 0
Solving time: 2.0155e-05 seconds
plan limit 980
current timestep 75
num of flexible agents: 0
num of flexible tasks: 152
Optimal assignment with minimum cost:
Total assignment: 0
Total minimum cost: 0
Solving time: 2.1038e-05 seconds
plan limit 980
current timestep 76
num of flexible agents: 0
num of flexible tasks: 154
Optimal assignment with minimum cost:
Total assignment: 0
Total minimum cost: 0
Solving time: 3.3347e-05 seconds
plan limit 980
current timestep 77
num of flexible agents: 0
num of flexible tasks: 156
Optimal assignment with minimum cost:
Total assignment: 0
Total minimum cost: 0
Solving time: 1.8073e-05 seconds
plan limit 980
current timestep 78
num of flexible agents: 0
num of flexible tasks: 158
Optimal assignment with minimum cost:
Total assignment: 0
Total minimum cost: 0
Solving time: 2.2129e-05 seconds
plan limit 980
current timestep 79
num of flexible agents: 0
num of flexible tasks: 160
Optimal assignment with minimum cost:
Total assignment: 0
Total minimum cost: 0
Solving time: 2.3248e-05 seconds
plan limit 980
current timestep 80
num of flexible agents: 0
num of flexible tasks: 162
Optimal assignment with minimum cost:
Total assignment: 0
Total minimum cost: 0
Solving time: 1.8716e-05 seconds
plan limit 980
current timestep 81
num of flexible agents: 0
num of flexible tasks: 164
Optimal assignment with minimum cost:
Total assignment: 0
Total minimum cost: 0
Solving time: 2.0983e-05 seconds
plan limit 980
current timestep 82
num of flexible agents: 0
num of flexible tasks: 166
Optimal assignment with minimum cost:
Total assignment: 0
Total minimum cost: 0
Solving time: 2.0265e-05 seconds
plan limit 980
current timestep 83
num of flexible agents: 0
num of flexible tasks: 168
Optimal assignment with minimum cost:
Total assignment: 0
Total minimum cost: 0
Solving time: 2.1082e-05 seconds
plan limit 980
current timestep 84
num of flexible agents: 0
num of flexible tasks: 170
Optimal assignment with minimum cost:
Total assignment: 0
Total minimum cost: 0
Solving time: 2.5602e-05 seconds
plan limit 980
current timestep 85
num of flexible agents: 0
num of flexible tasks: 172
Optimal assignment with minimum cost:
Total assignment: 0
Total minimum cost: 0
Solving time: 2.0563e-05 seconds
plan limit 980
current timestep 86
num of flexible agents: 0
num of flexible tasks: 174
Optimal assignment with minimum cost:
Total assignment: 0
Total minimum cost: 0
Solving time: 2.1452e-05 seconds
plan limit 980
current timestep 87
num of flexible agents: 0
num of flexible tasks: 176
Optimal assignment with minimum cost:
Total assignment: 0
Total minimum cost: 0
Solving time: 2.151e-05 seconds
plan limit 980
current timestep 88
num of flexible agents: 0
num of flexible tasks: 178
Optimal assignment with minimum cost:
Total assignment: 0
Total minimum cost: 0
Solving time: 2.0385e-05 seconds
plan limit 980
current timestep 89
num of flexible agents: 0
num of flexible tasks: 180
Optimal assignment with minimum cost:
Total assignment: 0
Total minimum cost: 0
Solving time: 2.1702e-05 seconds
plan limit 980
current timestep 90
num of flexible agents: 0
num of flexible tasks: 182
Optimal assignment with minimum cost:
Total assignment: 0
Total minimum cost: 0
Solving time: 3.2709e-05 seconds
plan limit 980
current timestep 91
num of flexible agents: 0
num of flexible tasks: 184
Optimal assignment with minimum cost:
Total assignment: 0
Total minimum cost: 0
Solving time: 2.324e-05 seconds
plan limit 980
current timestep 92
num of flexible agents: 0
num of flexible tasks: 186
Optimal assignment with minimum cost:
Total assignment: 0
Total minimum cost: 0
Solving time: 2.7184e-05 seconds
plan limit 980
current timestep 93
num of flexible agents: 0
num of flexible tasks: 188
Optimal assignment with minimum cost:
Total assignment: 0
Total minimum cost: 0
Solving time: 3.3055e-05 seconds
plan limit 980
current timestep 94
num of flexible agents: 0
num of flexible tasks: 190
Optimal assignment with minimum cost:
Total assignment: 0
Total minimum cost: 0
Solving time: 3.4147e-05 seconds
plan limit 980
current timestep 95
num of flexible agents: 0
num of flexible tasks: 192
Optimal assignment with minimum cost:
Total assignment: 0
Total minimum cost: 0
Solving time: 3.632e-05 seconds
plan limit 980
current timestep 96
num of flexible agents: 0
num of flexible tasks: 194
Optimal assignment with minimum cost:
Total assignment: 0
Total minimum cost: 0
Solving time: 3.7333e-05 seconds
plan limit 980
current timestep 97
num of flexible agents: 0
num of flexible tasks: 196
Optimal assignment with minimum cost:
Total assignment: 0
Total minimum cost: 0
Solving time: 2.1777e-05 seconds
plan limit 980
current timestep 98
num of flexible agents: 0
num of flexible tasks: 198
Optimal assignment with minimum cost:
Total assignment: 0
Total minimum cost: 0
Solving time: 2.7321e-05 seconds
plan limit 980
current timestep 99
num of flexible agents: 0
num of flexible tasks: 200
Optimal assignment with minimum cost:
Total assignment: 0
Total minimum cost: 0
Solving time: 3.4048e-05 seconds
plan limit 980
current timestep 100
num of flexible agents: 0
num of flexible tasks: 202
Optimal assignment with minimum cost:
Total assignment: 0
Total minimum cost: 0
Solving time: 2.4024e-05 seconds
plan limit 980
current timestep 101
num of flexible agents: 0
num of flexible tasks: 204
Optimal assignment with minimum cost:
Total assignment: 0
Total minimum cost: 0
Solving time: 2.4919e-05 seconds
plan limit 980
current timestep 102
num of flexible agents: 0
num of flexible tasks: 206
Optimal assignment with minimum cost:
Total assignment: 0
Total minimum cost: 0
Solving time: 2.2499e-05 seconds
plan limit 980
current timestep 103
num of flexible agents: 0
num of flexible tasks: 208
Optimal assignment with minimum cost:
Total assignment: 0
Total minimum cost: 0
Solving time: 2.499e-05 seconds
plan limit 980
current timestep 104
num of flexible agents: 0
num of flexible tasks: 210
Optimal assignment with minimum cost:
Total assignment: 0
Total minimum cost: 0
Solving time: 2.6037e-05 seconds
plan limit 980
current timestep 105
num of flexible agents: 0
num of flexible tasks: 212
Optimal assignment with minimum cost:
Total assignment: 0
Total minimum cost: 0
Solving time: 3.8205e-05 seconds
plan limit 980
current timestep 106
num of flexible agents: 0
num of flexible tasks: 214
Optimal assignment with minimum cost:
Total assignment: 0
Total minimum cost: 0
Solving time: 3.5741e-05 seconds
plan limit 980
current timestep 107
num of flexible agents: 0
num of flexible tasks: 216
Optimal assignment with minimum cost:
Total assignment: 0
Total minimum cost: 0
Solving time: 3.9299e-05 seconds
plan limit 980
current timestep 108
num of flexible agents: 0
num of flexible tasks: 218
Optimal assignment with minimum cost:
Total assignment: 0
Total minimum cost: 0
Solving time: 2.1951e-05 seconds
plan limit 980
current timestep 109
num of flexible agents: 0
num of flexible tasks: 220
Optimal assignment with minimum cost:
Total assignment: 0
Total minimum cost: 0
Solving time: 2.3858e-05 seconds
plan limit 980
current timestep 110
num of flexible agents: 0
num of flexible tasks: 222
Optimal assignment with minimum cost:
Total assignment: 0
Total minimum cost: 0
Solving time: 2.5848e-05 seconds
plan limit 980
current timestep 111
num of flexible agents: 0
num of flexible tasks: 224
Optimal assignment with minimum cost:
Total assignment: 0
Total minimum cost: 0
Solving time: 2.4513e-05 seconds
plan limit 980
current timestep 112
num of flexible agents: 0
num of flexible tasks: 226
Optimal assignment with minimum cost:
Total assignment: 0
Total minimum cost: 0
Solving time: 3.7369e-05 seconds
plan limit 980
current timestep 113
num of flexible agents: 0
num of flexible tasks: 228
Optimal assignment with minimum cost:
Total assignment: 0
Total minimum cost: 0
Solving time: 2.3428e-05 seconds
plan limit 980
current timestep 114
num of flexible agents: 0
num of flexible tasks: 230
Optimal assignment with minimum cost:
Total assignment: 0
Total minimum cost: 0
Solving time: 3.7982e-05 seconds
plan limit 980
current timestep 115
num of flexible agents: 0
num of flexible tasks: 232
Optimal assignment with minimum cost:
Total assignment: 0
Total minimum cost: 0
Solving time: 2.4247e-05 seconds
plan limit 980
current timestep 116
num of flexible agents: 0
num of flexible tasks: 234
Optimal assignment with minimum cost:
Total assignment: 0
Total minimum cost: 0
Solving time: 2.4536e-05 seconds
plan limit 980
current timestep 117
num of flexible agents: 0
num of flexible tasks: 236
Optimal assignment with minimum cost:
Total assignment: 0
Total minimum cost: 0
Solving time: 4.9402e-05 seconds
plan limit 980
current timestep 118
num of flexible agents: 0
num of flexible tasks: 238
Optimal assignment with minimum cost:
Total assignment: 0
Total minimum cost: 0
Solving time: 3.4226e-05 seconds
plan limit 980
current timestep 119
num of flexible agents: 0
num of flexible tasks: 240
Optimal assignment with minimum cost:
Total assignment: 0
Total minimum cost: 0
Solving time: 3.8559e-05 seconds
plan limit 980
current timestep 120
num of flexible agents: 0
num of flexible tasks: 242
Optimal assignment with minimum cost:
Total assignment: 0
Total minimum cost: 0
Solving time: 3.1388e-05 seconds
plan limit 980
current timestep 121
num of flexible agents: 0
num of flexible tasks: 244
Optimal assignment with minimum cost:
Total assignment: 0
Total minimum cost: 0
Solving time: 3.0549e-05 seconds
plan limit 980
current timestep 122
num of flexible agents: 0
num of flexible tasks: 246
Optimal assignment with minimum cost:
Total assignment: 0
Total minimum cost: 0
Solving time: 2.5083e-05 seconds
plan limit 980
current timestep 123
num of flexible agents: 0
num of flexible tasks: 248
Optimal assignment with minimum cost:
Total assignment: 0
Total minimum cost: 0
Solving time: 2.5427e-05 seconds
plan limit 980
current timestep 124
num of flexible agents: 0
num of flexible tasks: 250
Optimal assignment with minimum cost:
Total assignment: 0
Total minimum cost: 0
Solving time: 3.6377e-05 seconds
plan limit 980
current timestep 125
num of flexible agents: 0
num of flexible tasks: 252
Optimal assignment with minimum cost:
Total assignment: 0
Total minimum cost: 0
Solving time: 2.451e-05 seconds
plan limit 980
current timestep 126
num of flexible agents: 0
num of flexible tasks: 254
Optimal assignment with minimum cost:
Total assignment: 0
Total minimum cost: 0
Solving time: 2.4601e-05 seconds
plan limit 980
current timestep 127
num of flexible agents: 0
num of flexible tasks: 256
Optimal assignment with minimum cost:
Total assignment: 0
Total minimum cost: 0
Solving time: 3.7229e-05 seconds
plan limit 980
current timestep 128
num of flexible agents: 0
num of flexible tasks: 258
Optimal assignment with minimum cost:
Total assignment: 0
Total minimum cost: 0
Solving time: 2.7943e-05 seconds
plan limit 980
current timestep 129
num of flexible agents: 0
num of flexible tasks: 260
Optimal assignment with minimum cost:
Total assignment: 0
Total minimum cost: 0
Solving time: 2.749e-05 seconds
plan limit 980
current timestep 130
num of flexible agents: 0
num of flexible tasks: 262
Optimal assignment with minimum cost:
Total assignment: 0
Total minimum cost: 0
Solving time: 3.2315e-05 seconds
plan limit 980
current timestep 131
num of flexible agents: 0
num of flexible tasks: 264
Optimal assignment with minimum cost:
Total assignment: 0
Total minimum cost: 0
Solving time: 3.0119e-05 seconds
plan limit 980
current timestep 132
num of flexible agents: 0
num of flexible tasks: 266
Optimal assignment with minimum cost:
Total assignment: 0
Total minimum cost: 0
Solving time: 2.8532e-05 seconds
plan limit 980
current timestep 133
num of flexible agents: 0
num of flexible tasks: 268
Optimal assignment with minimum cost:
Total assignment: 0
Total minimum cost: 0
Solving time: 2.7628e-05 seconds
plan limit 980
current timestep 134
num of flexible agents: 0
num of flexible tasks: 270
Optimal assignment with minimum cost:
Total assignment: 0
Total minimum cost: 0
Solving time: 2.8429e-05 seconds
plan limit 980
current timestep 135
num of flexible agents: 0
num of flexible tasks: 272
Optimal assignment with minimum cost:
Total assignment: 0
Total minimum cost: 0
Solving time: 2.8905e-05 seconds
plan limit 980
current timestep 136
num of flexible agents: 0
num of flexible tasks: 274
Optimal assignment with minimum cost:
Total assignment: 0
Total minimum cost: 0
Solving time: 2.8358e-05 seconds
plan limit 980
current timestep 137
num of flexible agents: 0
num of flexible tasks: 276
Optimal assignment with minimum cost:
Total assignment: 0
Total minimum cost: 0
Solving time: 3.1235e-05 seconds
plan limit 980
current timestep 138
num of flexible agents: 0
num of flexible tasks: 278
Optimal assignment with minimum cost:
Total assignment: 0
Total minimum cost: 0
Solving time: 2.8172e-05 seconds
plan limit 980
current timestep 139
num of flexible agents: 0
num of flexible tasks: 280
Optimal assignment with minimum cost:
Total assignment: 0
Total minimum cost: 0
Solving time: 4.1902e-05 seconds
plan limit 980
current timestep 140
num of flexible agents: 0
num of flexible tasks: 282
Optimal assignment with minimum cost:
Total assignment: 0
Total minimum cost: 0
Solving time: 3.1708e-05 seconds
plan limit 980
current timestep 141
num of flexible agents: 0
num of flexible tasks: 284
Optimal assignment with minimum cost:
Total assignment: 0
Total minimum cost: 0
Solving time: 2.8573e-05 seconds
plan limit 980
current timestep 142
num of flexible agents: 0
num of flexible tasks: 286
Optimal assignment with minimum cost:
Total assignment: 0
Total minimum cost: 0
Solving time: 4.1387e-05 seconds
plan limit 980
current timestep 143
num of flexible agents: 0
num of flexible tasks: 288
Optimal assignment with minimum cost:
Total assignment: 0
Total minimum cost: 0
Solving time: 2.8636e-05 seconds
plan limit 980
current timestep 144
num of flexible agents: 0
num of flexible tasks: 290
Optimal assignment with minimum cost:
Total assignment: 0
Total minimum cost: 0
Solving time: 4.5712e-05 seconds
plan limit 980
current timestep 145
num of flexible agents: 0
num of flexible tasks: 292
Optimal assignment with minimum cost:
Total assignment: 0
Total minimum cost: 0
Solving time: 3.5711e-05 seconds
plan limit 980
current timestep 146
num of flexible agents: 0
num of flexible tasks: 294
Optimal assignment with minimum cost:
Total assignment: 0
Total minimum cost: 0
Solving time: 3.209e-05 seconds
plan limit 980
current timestep 147
num of flexible agents: 0
num of flexible tasks: 296
Optimal assignment with minimum cost:
Total assignment: 0
Total minimum cost: 0
Solving time: 4.33e-05 seconds
plan limit 980
current timestep 148
num of flexible agents: 0
num of flexible tasks: 298
Optimal assignment with minimum cost:
Total assignment: 0
Total minimum cost: 0
Solving time: 3.0755e-05 seconds
plan limit 980
current timestep 149
num of flexible agents: 0
num of flexible tasks: 300
Optimal assignment with minimum cost:
Total assignment: 0
Total minimum cost: 0
Solving time: 4.4324e-05 seconds
plan limit 980
current timestep 150
num of flexible agents: 0
num of flexible tasks: 302
Optimal assignment with minimum cost:
Total assignment: 0
Total minimum cost: 0
Solving time: 3.2898e-05 seconds
plan limit 980
current timestep 151
num of flexible agents: 0
num of flexible tasks: 304
Optimal assignment with minimum cost:
Total assignment: 0
Total minimum cost: 0
Solving time: 2.8945e-05 seconds
plan limit 980
current timestep 152
num of flexible agents: 0
num of flexible tasks: 306
Optimal assignment with minimum cost:
Total assignment: 0
Total minimum cost: 0
Solving time: 2.9538e-05 seconds
plan limit 980
current timestep 153
num of flexible agents: 0
num of flexible tasks: 308
Optimal assignment with minimum cost:
Total assignment: 0
Total minimum cost: 0
Solving time: 3.1079e-05 seconds
plan limit 980
current timestep 154
num of flexible agents: 0
num of flexible tasks: 310
Optimal assignment with minimum cost:
Total assignment: 0
Total minimum cost: 0
Solving time: 4.1044e-05 seconds
plan limit 980
current timestep 155
num of flexible agents: 0
num of flexible tasks: 312
Optimal assignment with minimum cost:
Total assignment: 0
Total minimum cost: 0
Solving time: 3.3926e-05 seconds
plan limit 980
current timestep 156
num of flexible agents: 0
num of flexible tasks: 314
Optimal assignment with minimum cost:
Total assignment: 0
Total minimum cost: 0
Solving time: 3.702e-05 seconds
plan limit 980
current timestep 157
num of flexible agents: 0
num of flexible tasks: 316
Optimal assignment with minimum cost:
Total assignment: 0
Total minimum cost: 0
Solving time: 3.9688e-05 seconds
plan limit 980
current timestep 158
num of flexible agents: 0
num of flexible tasks: 318
Optimal assignment with minimum cost:
Total assignment: 0
Total minimum cost: 0
Solving time: 5.238e-05 seconds
plan limit 980
current timestep 159
num of flexible agents: 0
num of flexible tasks: 320
Optimal assignment with minimum cost:
Total assignment: 0
Total minimum cost: 0
Solving time: 4.2032e-05 seconds
plan limit 980
current timestep 160
num of flexible agents: 0
num of flexible tasks: 322
Optimal assignment with minimum cost:
Total assignment: 0
Total minimum cost: 0
Solving time: 4.3645e-05 seconds
plan limit 980
current timestep 161
num of flexible agents: 0
num of flexible tasks: 324
Optimal assignment with minimum cost:
Total assignment: 0
Total minimum cost: 0
Solving time: 4.323e-05 seconds
plan limit 980
current timestep 162
num of flexible agents: 0
num of flexible tasks: 326
Optimal assignment with minimum cost:
Total assignment: 0
Total minimum cost: 0
Solving time: 4.0125e-05 seconds
plan limit 980
current timestep 163
num of flexible agents: 0
num of flexible tasks: 328
Optimal assignment with minimum cost:
Total assignment: 0
Total minimum cost: 0
Solving time: 4.3717e-05 seconds
plan limit 980
current timestep 164
num of flexible agents: 0
num of flexible tasks: 330
Optimal assignment with minimum cost:
Total assignment: 0
Total minimum cost: 0
Solving time: 4.1667e-05 seconds
plan limit 980
current timestep 165
num of flexible agents: 0
num of flexible tasks: 332
Optimal assignment with minimum cost:
Total assignment: 0
Total minimum cost: 0
Solving time: 3.3074e-05 seconds
plan limit 980
current timestep 166
num of flexible agents: 0
num of flexible tasks: 334
Optimal assignment with minimum cost:
Total assignment: 0
Total minimum cost: 0
Solving time: 3.1577e-05 seconds
plan limit 980
current timestep 167
num of flexible agents: 0
num of flexible tasks: 336
Optimal assignment with minimum cost:
Total assignment: 0
Total minimum cost: 0
Solving time: 3.355e-05 seconds
plan limit 980
current timestep 168
num of flexible agents: 0
num of flexible tasks: 338
Optimal assignment with minimum cost:
Total assignment: 0
Total minimum cost: 0
Solving time: 3.4471e-05 seconds
plan limit 980
current timestep 169
num of flexible agents: 0
num of flexible tasks: 340
Optimal assignment with minimum cost:
Total assignment: 0
Total minimum cost: 0
Solving time: 4.7241e-05 seconds
plan limit 980
current timestep 170
num of flexible agents: 0
num of flexible tasks: 342
Optimal assignment with minimum cost:
Total assignment: 0
Total minimum cost: 0
Solving time: 3.9523e-05 seconds
plan limit 980
current timestep 171
num of flexible agents: 0
num of flexible tasks: 344
Optimal assignment with minimum cost:
Total assignment: 0
Total minimum cost: 0
Solving time: 3.2609e-05 seconds
plan limit 980
current timestep 172
num of flexible agents: 0
num of flexible tasks: 346
Optimal assignment with minimum cost:
Total assignment: 0
Total minimum cost: 0
Solving time: 3.825e-05 seconds
plan limit 980
current timestep 173
num of flexible agents: 0
num of flexible tasks: 348
Optimal assignment with minimum cost:
Total assignment: 0
Total minimum cost: 0
Solving time: 4.7452e-05 seconds
plan limit 980
current timestep 174
num of flexible agents: 0
num of flexible tasks: 350
Optimal assignment with minimum cost:
Total assignment: 0
Total minimum cost: 0
Solving time: 4.0867e-05 seconds
plan limit 980
current timestep 175
num of flexible agents: 0
num of flexible tasks: 352
Optimal assignment with minimum cost:
Total assignment: 0
Total minimum cost: 0
Solving time: 3.9485e-05 seconds
plan limit 980
current timestep 176
num of flexible agents: 0
num of flexible tasks: 354
Optimal assignment with minimum cost:
Total assignment: 0
Total minimum cost: 0
Solving time: 4.2541e-05 seconds
plan limit 980
current timestep 177
num of flexible agents: 0
num of flexible tasks: 356
Optimal assignment with minimum cost:
Total assignment: 0
Total minimum cost: 0
Solving time: 3.7214e-05 seconds
plan limit 980
current timestep 178
num of flexible agents: 0
num of flexible tasks: 358
Optimal assignment with minimum cost:
Total assignment: 0
Total minimum cost: 0
Solving time: 3.6924e-05 seconds
plan limit 980
current timestep 179
num of flexible agents: 0
num of flexible tasks: 360
Optimal assignment with minimum cost:
Total assignment: 0
Total minimum cost: 0
Solving time: 3.8363e-05 seconds
plan limit 980
current timestep 180
num of flexible agents: 0
num of flexible tasks: 362
Optimal assignment with minimum cost:
Total assignment: 0
Total minimum cost: 0
Solving time: 4.7554e-05 seconds
plan limit 980
current timestep 181
num of flexible agents: 0
num of flexible tasks: 364
Optimal assignment with minimum cost:
Total assignment: 0
Total minimum cost: 0
Solving time: 3.5727e-05 seconds
plan limit 980
current timestep 182
num of flexible agents: 0
num of flexible tasks: 366
Optimal assignment with minimum cost:
Total assignment: 0
Total minimum cost: 0
Solving time: 4.5317e-05 seconds
plan limit 980
current timestep 183
num of flexible agents: 0
num of flexible tasks: 368
Optimal assignment with minimum cost:
Total assignment: 0
Total minimum cost: 0
Solving time: 3.495e-05 seconds
plan limit 980
current timestep 184
num of flexible agents: 0
num of flexible tasks: 370
Optimal assignment with minimum cost:
Total assignment: 0
Total minimum cost: 0
Solving time: 3.4512e-05 seconds
plan limit 980
current timestep 185
num of flexible agents: 0
num of flexible tasks: 372
Optimal assignment with minimum cost:
Total assignment: 0
Total minimum cost: 0
Solving time: 3.5321e-05 seconds
plan limit 980
current timestep 186
num of flexible agents: 0
num of flexible tasks: 374
Optimal assignment with minimum cost:
Total assignment: 0
Total minimum cost: 0
Solving time: 3.5401e-05 seconds
plan limit 980
current timestep 187
num of flexible agents: 0
num of flexible tasks: 376
Optimal assignment with minimum cost:
Total assignment: 0
Total minimum cost: 0
Solving time: 4.8936e-05 seconds
plan limit 980
current timestep 188
num of flexible agents: 0
num of flexible tasks: 378
Optimal assignment with minimum cost:
Total assignment: 0
Total minimum cost: 0
Solving time: 5.0296e-05 seconds
plan limit 980
current timestep 189
num of flexible agents: 0
num of flexible tasks: 380
Optimal assignment with minimum cost:
Total assignment: 0
Total minimum cost: 0
Solving time: 4.5402e-05 seconds
plan limit 980
current timestep 190
num of flexible agents: 0
num of flexible tasks: 382
Optimal assignment with minimum cost:
Total assignment: 0
Total minimum cost: 0
Solving time: 4.3022e-05 seconds
plan limit 980
current timestep 191
num of flexible agents: 0
num of flexible tasks: 384
Optimal assignment with minimum cost:
Total assignment: 0
Total minimum cost: 0
Solving time: 3.4498e-05 seconds
plan limit 980
current timestep 192
num of flexible agents: 0
num of flexible tasks: 386
Optimal assignment with minimum cost:
Total assignment: 0
Total minimum cost: 0
Solving time: 3.4889e-05 seconds
plan limit 980
current timestep 193
num of flexible agents: 0
num of flexible tasks: 388
Optimal assignment with minimum cost:
Total assignment: 0
Total minimum cost: 0
Solving time: 3.8842e-05 seconds
plan limit 980
current timestep 194
num of flexible agents: 0
num of flexible tasks: 390
Optimal assignment with minimum cost:
Total assignment: 0
Total minimum cost: 0
Solving time: 4.3844e-05 seconds
plan limit 980
current timestep 195
num of flexible agents: 0
num of flexible tasks: 392
Optimal assignment with minimum cost:
Total assignment: 0
Total minimum cost: 0
Solving time: 3.5507e-05 seconds
plan limit 980
current timestep 196
num of flexible agents: 0
num of flexible tasks: 394
Optimal assignment with minimum cost:
Total assignment: 0
Total minimum cost: 0
Solving time: 3.8013e-05 seconds
plan limit 980
current timestep 197
num of flexible agents: 0
num of flexible tasks: 396
Optimal assignment with minimum cost:
Total assignment: 0
Total minimum cost: 0
Solving time: 4.337e-05 seconds
plan limit 980
current timestep 198
num of flexible agents: 0
num of flexible tasks: 398
Optimal assignment with minimum cost:
Total assignment: 0
Total minimum cost: 0
Solving time: 4.3148e-05 seconds
plan limit 980
current timestep 199
num of flexible agents: 0
num of flexible tasks: 400
Optimal assignment with minimum cost:
Total assignment: 0
Total minimum cost: 0
Solving time: 3.798e-05 seconds
plan limit 980
current timestep 200
num of flexible agents: 0
num of flexible tasks: 402
Optimal assignment with minimum cost:
Total assignment: 0
Total minimum cost: 0
Solving time: 3.7823e-05 seconds
plan limit 980
current timestep 201
num of flexible agents: 0
num of flexible tasks: 404
Optimal assignment with minimum cost:
Total assignment: 0
Total minimum cost: 0
Solving time: 3.6774e-05 seconds
plan limit 980
current timestep 202
num of flexible agents: 0
num of flexible tasks: 406
Optimal assignment with minimum cost:
Total assignment: 0
Total minimum cost: 0
Solving time: 3.8856e-05 seconds
plan limit 980
current timestep 203
num of flexible agents: 0
num of flexible tasks: 408
Optimal assignment with minimum cost:
Total assignment: 0
Total minimum cost: 0
Solving time: 4.1835e-05 seconds
plan limit 980
current timestep 204
num of flexible agents: 0
num of flexible tasks: 410
Optimal assignment with minimum cost:
Total assignment: 0
Total minimum cost: 0
Solving time: 4.2298e-05 seconds
plan limit 980
current timestep 205
num of flexible agents: 0
num of flexible tasks: 412
Optimal assignment with minimum cost:
Total assignment: 0
Total minimum cost: 0
Solving time: 4.4733e-05 seconds
plan limit 980
current timestep 206
num of flexible agents: 0
num of flexible tasks: 414
Optimal assignment with minimum cost:
Total assignment: 0
Total minimum cost: 0
Solving time: 5.7029e-05 seconds
plan limit 980
current timestep 207
num of flexible agents: 0
num of flexible tasks: 416
Optimal assignment with minimum cost:
Total assignment: 0
Total minimum cost: 0
Solving time: 5.6999e-05 seconds
plan limit 980
current timestep 208
num of flexible agents: 0
num of flexible tasks: 418
Optimal assignment with minimum cost:
Total assignment: 0
Total minimum cost: 0
Solving time: 4.7354e-05 seconds
plan limit 980
current timestep 209
num of flexible agents: 0
num of flexible tasks: 420
Optimal assignment with minimum cost:
Total assignment: 0
Total minimum cost: 0
Solving time: 4.0703e-05 seconds
plan limit 980
current timestep 210
num of flexible agents: 0
num of flexible tasks: 422
Optimal assignment with minimum cost:
Total assignment: 0
Total minimum cost: 0
Solving time: 4.6407e-05 seconds
plan limit 980
current timestep 211
num of flexible agents: 0
num of flexible tasks: 424
Optimal assignment with minimum cost:
Total assignment: 0
Total minimum cost: 0
Solving time: 5.169e-05 seconds
plan limit 980
current timestep 212
num of flexible agents: 0
num of flexible tasks: 426
Optimal assignment with minimum cost:
Total assignment: 0
Total minimum cost: 0
Solving time: 3.8714e-05 seconds
plan limit 980
current timestep 213
num of flexible agents: 0
num of flexible tasks: 428
Optimal assignment with minimum cost:
Total assignment: 0
Total minimum cost: 0
Solving time: 4.2935e-05 seconds
plan limit 980
current timestep 214
num of flexible agents: 0
num of flexible tasks: 430
Optimal assignment with minimum cost:
Total assignment: 0
Total minimum cost: 0
Solving time: 5.327e-05 seconds
plan limit 980
current timestep 215
num of flexible agents: 0
num of flexible tasks: 432
Optimal assignment with minimum cost:
Total assignment: 0
Total minimum cost: 0
Solving time: 3.9386e-05 seconds
plan limit 980
current timestep 216
num of flexible agents: 0
num of flexible tasks: 434
Optimal assignment with minimum cost:
Total assignment: 0
Total minimum cost: 0
Solving time: 4.9775e-05 seconds
plan limit 980
current timestep 217
num of flexible agents: 0
num of flexible tasks: 436
Optimal assignment with minimum cost:
Total assignment: 0
Total minimum cost: 0
Solving time: 5.933e-05 seconds
plan limit 980
current timestep 218
num of flexible agents: 0
num of flexible tasks: 438
Optimal assignment with minimum cost:
Total assignment: 0
Total minimum cost: 0
Solving time: 4.6355e-05 seconds
plan limit 980
current timestep 219
num of flexible agents: 0
num of flexible tasks: 440
Optimal assignment with minimum cost:
Total assignment: 0
Total minimum cost: 0
Solving time: 4.168e-05 seconds
plan limit 980
current timestep 220
num of flexible agents: 0
num of flexible tasks: 442
Optimal assignment with minimum cost:
Total assignment: 0
Total minimum cost: 0
Solving time: 4.1268e-05 seconds
plan limit 980
current timestep 221
num of flexible agents: 0
num of flexible tasks: 444
Optimal assignment with minimum cost:
Total assignment: 0
Total minimum cost: 0
Solving time: 4.1568e-05 seconds
plan limit 980
current timestep 222
num of flexible agents: 0
num of flexible tasks: 446
Optimal assignment with minimum cost:
Total assignment: 0
Total minimum cost: 0
Solving time: 5.4227e-05 seconds
plan limit 980
current timestep 223
num of flexible agents: 0
num of flexible tasks: 448
Optimal assignment with minimum cost:
Total assignment: 0
Total minimum cost: 0
Solving time: 4.3273e-05 seconds
plan limit 980
current timestep 224
num of flexible agents: 0
num of flexible tasks: 450
Optimal assignment with minimum cost:
Total assignment: 0
Total minimum cost: 0
Solving time: 4.182e-05 seconds
plan limit 980
current timestep 225
num of flexible agents: 0
num of flexible tasks: 452
Optimal assignment with minimum cost:
Total assignment: 0
Total minimum cost: 0
Solving time: 4.8226e-05 seconds
plan limit 980
current timestep 226
num of flexible agents: 0
num of flexible tasks: 454
Optimal assignment with minimum cost:
Total assignment: 0
Total minimum cost: 0
Solving time: 4.4603e-05 seconds
plan limit 980
current timestep 227
num of flexible agents: 0
num of flexible tasks: 456
Optimal assignment with minimum cost:
Total assignment: 0
Total minimum cost: 0
Solving time: 4.1619e-05 seconds
plan limit 980
current timestep 228
num of flexible agents: 0
num of flexible tasks: 458
Optimal assignment with minimum cost:
Total assignment: 0
Total minimum cost: 0
Solving time: 4.1481e-05 seconds
plan limit 980
current timestep 229
num of flexible agents: 0
num of flexible tasks: 460
Optimal assignment with minimum cost:
Total assignment: 0
Total minimum cost: 0
Solving time: 5.3742e-05 seconds
plan limit 980
current timestep 230
num of flexible agents: 0
num of flexible tasks: 462
Optimal assignment with minimum cost:
Total assignment: 0
Total minimum cost: 0
Solving time: 5.4612e-05 seconds
plan limit 980
current timestep 231
num of flexible agents: 0
num of flexible tasks: 464
Optimal assignment with minimum cost:
Total assignment: 0
Total minimum cost: 0
Solving time: 4.5266e-05 seconds
plan limit 980
current timestep 232
num of flexible agents: 0
num of flexible tasks: 466
Optimal assignment with minimum cost:
Total assignment: 0
Total minimum cost: 0
Solving time: 4.27e-05 seconds
plan limit 980
current timestep 233
num of flexible agents: 0
num of flexible tasks: 468
Optimal assignment with minimum cost:
Total assignment: 0
Total minimum cost: 0
Solving time: 5.705e-05 seconds
plan limit 980
current timestep 234
num of flexible agents: 0
num of flexible tasks: 470
Optimal assignment with minimum cost:
Total assignment: 0
Total minimum cost: 0
Solving time: 5.798e-05 seconds
plan limit 980
current timestep 235
num of flexible agents: 0
num of flexible tasks: 472
Optimal assignment with minimum cost:
Total assignment: 0
Total minimum cost: 0
Solving time: 4.2111e-05 seconds
plan limit 980
current timestep 236
num of flexible agents: 0
num of flexible tasks: 474
Optimal assignment with minimum cost:
Total assignment: 0
Total minimum cost: 0
Solving time: 5.5129e-05 seconds
plan limit 980
current timestep 237
num of flexible agents: 0
num of flexible tasks: 476
Optimal assignment with minimum cost:
Total assignment: 0
Total minimum cost: 0
Solving time: 4.5127e-05 seconds
plan limit 980
current timestep 238
num of flexible agents: 0
num of flexible tasks: 478
Optimal assignment with minimum cost:
Total assignment: 0
Total minimum cost: 0
Solving time: 4.8793e-05 seconds
plan limit 980
current timestep 239
num of flexible agents: 0
num of flexible tasks: 480
Optimal assignment with minimum cost:
Total assignment: 0
Total minimum cost: 0
Solving time: 6.2708e-05 seconds
plan limit 980
current timestep 240
num of flexible agents: 0
num of flexible tasks: 482
Optimal assignment with minimum cost:
Total assignment: 0
Total minimum cost: 0
Solving time: 4.6803e-05 seconds
plan limit 980
current timestep 241
num of flexible agents: 0
num of flexible tasks: 484
Optimal assignment with minimum cost:
Total assignment: 0
Total minimum cost: 0
Solving time: 5.7941e-05 seconds
plan limit 980
current timestep 242
num of flexible agents: 0
num of flexible tasks: 486
Optimal assignment with minimum cost:
Total assignment: 0
Total minimum cost: 0
Solving time: 5.0746e-05 seconds
plan limit 980
current timestep 243
num of flexible agents: 0
num of flexible tasks: 488
Optimal assignment with minimum cost:
Total assignment: 0
Total minimum cost: 0
Solving time: 5.5164e-05 seconds
plan limit 980
current timestep 244
num of flexible agents: 0
num of flexible tasks: 490
Optimal assignment with minimum cost:
Total assignment: 0
Total minimum cost: 0
Solving time: 5.9484e-05 seconds
plan limit 980
current timestep 245
num of flexible agents: 0
num of flexible tasks: 492
Optimal assignment with minimum cost:
Total assignment: 0
Total minimum cost: 0
Solving time: 4.4452e-05 seconds
plan limit 980
current timestep 246
num of flexible agents: 0
num of flexible tasks: 494
Optimal assignment with minimum cost:
Total assignment: 0
Total minimum cost: 0
Solving time: 4.4814e-05 seconds
plan limit 980
current timestep 247
num of flexible agents: 0
num of flexible tasks: 496
Optimal assignment with minimum cost:
Total assignment: 0
Total minimum cost: 0
Solving time: 6.4508e-05 seconds
plan limit 980
current timestep 248
num of flexible agents: 0
num of flexible tasks: 498
Optimal assignment with minimum cost:
Total assignment: 0
Total minimum cost: 0
Solving time: 5.4813e-05 seconds
plan limit 980
current timestep 249
num of flexible agents: 0
num of flexible tasks: 500
Optimal assignment with minimum cost:
Total assignment: 0
Total minimum cost: 0
Solving time: 4.4821e-05 seconds
plan limit 980
current timestep 250
num of flexible agents: 0
num of flexible tasks: 500
Optimal assignment with minimum cost:
Total assignment: 0
Total minimum cost: 0
Solving time: 4.4914e-05 seconds
plan limit 980
current timestep 251
num of flexible agents: 0
num of flexible tasks: 500
Optimal assignment with minimum cost:
Total assignment: 0
Total minimum cost: 0
Solving time: 4.473e-05 seconds
plan limit 980
current timestep 252
num of flexible agents: 0
num of flexible tasks: 500
Optimal assignment with minimum cost:
Total assignment: 0
Total minimum cost: 0
Solving time: 5.8606e-05 seconds
plan limit 980
current timestep 253
num of flexible agents: 0
num of flexible tasks: 500
Optimal assignment with minimum cost:
Total assignment: 0
Total minimum cost: 0
Solving time: 4.3971e-05 seconds
plan limit 980
current timestep 254
num of flexible agents: 0
num of flexible tasks: 500
Optimal assignment with minimum cost:
Total assignment: 0
Total minimum cost: 0
Solving time: 4.4803e-05 seconds
plan limit 980
current timestep 255
num of flexible agents: 0
num of flexible tasks: 500
Optimal assignment with minimum cost:
Total assignment: 0
Total minimum cost: 0
Solving time: 5.786e-05 seconds
plan limit 980
current timestep 256
num of flexible agents: 0
num of flexible tasks: 500
Optimal assignment with minimum cost:
Total assignment: 0
Total minimum cost: 0
Solving time: 4.4541e-05 seconds
plan limit 980
current timestep 257
num of flexible agents: 0
num of flexible tasks: 500
Optimal assignment with minimum cost:
Total assignment: 0
Total minimum cost: 0
Solving time: 4.9776e-05 seconds
plan limit 980
current timestep 258
num of flexible agents: 0
num of flexible tasks: 500
Optimal assignment with minimum cost:
Total assignment: 0
Total minimum cost: 0
Solving time: 5.5484e-05 seconds
plan limit 980
current timestep 259
num of flexible agents: 0
num of flexible tasks: 500
Optimal assignment with minimum cost:
Total assignment: 0
Total minimum cost: 0
Solving time: 5.5892e-05 seconds
plan limit 980
current timestep 260
num of flexible agents: 0
num of flexible tasks: 500
Optimal assignment with minimum cost:
Total assignment: 0
Total minimum cost: 0
Solving time: 5.7251e-05 seconds
plan limit 980
current timestep 261
num of flexible agents: 0
num of flexible tasks: 500
Optimal assignment with minimum cost:
Total assignment: 0
Total minimum cost: 0
Solving time: 4.5382e-05 seconds
plan limit 980
current timestep 262
num of flexible agents: 0
num of flexible tasks: 500
Optimal assignment with minimum cost:
Total assignment: 0
Total minimum cost: 0
Solving time: 5.718e-05 seconds
plan limit 980
current timestep 263
num of flexible agents: 0
num of flexible tasks: 500
Optimal assignment with minimum cost:
Total assignment: 0
Total minimum cost: 0
Solving time: 4.3364e-05 seconds
plan limit 980
current timestep 264
num of flexible agents: 0
num of flexible tasks: 500
Optimal assignment with minimum cost:
Total assignment: 0
Total minimum cost: 0
Solving time: 5.9428e-05 seconds
plan limit 980
current timestep 265
num of flexible agents: 0
num of flexible tasks: 500
Optimal assignment with minimum cost:
Total assignment: 0
Total minimum cost: 0
Solving time: 5.8351e-05 seconds
plan limit 980
current timestep 266
num of flexible agents: 0
num of flexible tasks: 500
Optimal assignment with minimum cost:
Total assignment: 0
Total minimum cost: 0
Solving time: 5.6976e-05 seconds
plan limit 980
current timestep 267
num of flexible agents: 0
num of flexible tasks: 500
Optimal assignment with minimum cost:
Total assignment: 0
Total minimum cost: 0
Solving time: 6.0654e-05 seconds
plan limit 980
current timestep 268
num of flexible agents: 0
num of flexible tasks: 500
Optimal assignment with minimum cost:
Total assignment: 0
Total minimum cost: 0
Solving time: 5.4024e-05 seconds
plan limit 980
current timestep 269
num of flexible agents: 0
num of flexible tasks: 500
Optimal assignment with minimum cost:
Total assignment: 0
Total minimum cost: 0
Solving time: 4.3895e-05 seconds
plan limit 980
current timestep 270
num of flexible agents: 0
num of flexible tasks: 500
Optimal assignment with minimum cost:
Total assignment: 0
Total minimum cost: 0
Solving time: 4.67e-05 seconds
plan limit 980
current timestep 271
num of flexible agents: 0
num of flexible tasks: 500
Optimal assignment with minimum cost:
Total assignment: 0
Total minimum cost: 0
Solving time: 4.4828e-05 seconds
plan limit 980
current timestep 272
num of flexible agents: 0
num of flexible tasks: 500
Optimal assignment with minimum cost:
Total assignment: 0
Total minimum cost: 0
Solving time: 6.1112e-05 seconds
plan limit 980
current timestep 273
num of flexible agents: 0
num of flexible tasks: 500
Optimal assignment with minimum cost:
Total assignment: 0
Total minimum cost: 0
Solving time: 4.8264e-05 seconds
plan limit 980
current timestep 274
num of flexible agents: 0
num of flexible tasks: 500
Optimal assignment with minimum cost:
Total assignment: 0
Total minimum cost: 0
Solving time: 5.1621e-05 seconds
plan limit 980
current timestep 275
num of flexible agents: 0
num of flexible tasks: 500
Optimal assignment with minimum cost:
Total assignment: 0
Total minimum cost: 0
Solving time: 4.62e-05 seconds
plan limit 980
current timestep 276
num of flexible agents: 0
num of flexible tasks: 500
Optimal assignment with minimum cost:
Total assignment: 0
Total minimum cost: 0
Solving time: 4.6691e-05 seconds
plan limit 980
current timestep 277
num of flexible agents: 0
num of flexible tasks: 500
Optimal assignment with minimum cost:
Total assignment: 0
Total minimum cost: 0
Solving time: 5.663e-05 seconds
plan limit 980
current timestep 278
num of flexible agents: 0
num of flexible tasks: 500
Optimal assignment with minimum cost:
Total assignment: 0
Total minimum cost: 0
Solving time: 4.8999e-05 seconds
plan limit 980
current timestep 279
num of flexible agents: 0
num of flexible tasks: 500
Optimal assignment with minimum cost:
Total assignment: 0
Total minimum cost: 0
Solving time: 4.4443e-05 seconds
plan limit 980
current timestep 280
num of flexible agents: 0
num of flexible tasks: 500
Optimal assignment with minimum cost:
Total assignment: 0
Total minimum cost: 0
Solving time: 4.3502e-05 seconds
plan limit 980
current timestep 281
num of flexible agents: 0
num of flexible tasks: 500
Optimal assignment with minimum cost:
Total assignment: 0
Total minimum cost: 0
Solving time: 4.3816e-05 seconds
plan limit 980
current timestep 282
num of flexible agents: 0
num of flexible tasks: 500
Optimal assignment with minimum cost:
Total assignment: 0
Total minimum cost: 0
Solving time: 6.0929e-05 seconds
plan limit 980
current timestep 283
num of flexible agents: 0
num of flexible tasks: 500
Optimal assignment with minimum cost:
Total assignment: 0
Total minimum cost: 0
Solving time: 5.8817e-05 seconds
plan limit 980
current timestep 284
num of flexible agents: 0
num of flexible tasks: 500
Optimal assignment with minimum cost:
Total assignment: 0
Total minimum cost: 0
Solving time: 5.3794e-05 seconds
plan limit 980
current timestep 285
num of flexible agents: 0
num of flexible tasks: 500
Optimal assignment with minimum cost:
Total assignment: 0
Total minimum cost: 0
Solving time: 4.7841e-05 seconds
plan limit 980
current timestep 286
num of flexible agents: 0
num of flexible tasks: 500
Optimal assignment with minimum cost:
Total assignment: 0
Total minimum cost: 0
Solving time: 5.5242e-05 seconds
plan limit 980
current timestep 287
num of flexible agents: 0
num of flexible tasks: 500
Optimal assignment with minimum cost:
Total assignment: 0
Total minimum cost: 0
Solving time: 5.3629e-05 seconds
plan limit 980
current timestep 288
num of flexible agents: 0
num of flexible tasks: 500
Optimal assignment with minimum cost:
Total assignment: 0
Total minimum cost: 0
Solving time: 5.3285e-05 seconds
plan limit 980
current timestep 289
num of flexible agents: 0
num of flexible tasks: 500
Optimal assignment with minimum cost:
Total assignment: 0
Total minimum cost: 0
Solving time: 6.864e-05 seconds
plan limit 980
current timestep 290
num of flexible agents: 0
num of flexible tasks: 500
Optimal assignment with minimum cost:
Total assignment: 0
Total minimum cost: 0
Solving time: 4.4066e-05 seconds
plan limit 980
current timestep 291
num of flexible agents: 0
num of flexible tasks: 500
Optimal assignment with minimum cost:
Total assignment: 0
Total minimum cost: 0
Solving time: 4.4146e-05 seconds
plan limit 980
current timestep 292
num of flexible agents: 0
num of flexible tasks: 500
Optimal assignment with minimum cost:
Total assignment: 0
Total minimum cost: 0
Solving time: 5.1096e-05 seconds
plan limit 980
current timestep 293
num of flexible agents: 0
num of flexible tasks: 500
Optimal assignment with minimum cost:
Total assignment: 0
Total minimum cost: 0
Solving time: 4.529e-05 seconds
plan limit 980
current timestep 294
num of flexible agents: 0
num of flexible tasks: 500
Optimal assignment with minimum cost:
Total assignment: 0
Total minimum cost: 0
Solving time: 4.805e-05 seconds
plan limit 980
current timestep 295
num of flexible agents: 0
num of flexible tasks: 500
Optimal assignment with minimum cost:
Total assignment: 0
Total minimum cost: 0
Solving time: 5.6354e-05 seconds
plan limit 980
current timestep 296
num of flexible agents: 0
num of flexible tasks: 500
Optimal assignment with minimum cost:
Total assignment: 0
Total minimum cost: 0
Solving time: 4.9592e-05 seconds
plan limit 980
current timestep 297
num of flexible agents: 0
num of flexible tasks: 500
Optimal assignment with minimum cost:
Total assignment: 0
Total minimum cost: 0
Solving time: 5.0471e-05 seconds
plan limit 980
current timestep 298
num of flexible agents: 0
num of flexible tasks: 500
Optimal assignment with minimum cost:
Total assignment: 0
Total minimum cost: 0
Solving time: 4.5621e-05 seconds
plan limit 980
current timestep 299
num of flexible agents: 0
num of flexible tasks: 500
Optimal assignment with minimum cost:
Total assignment: 0
Total minimum cost: 0
Solving time: 5.34e-05 seconds
plan limit 980
current timestep 300
num of flexible agents: 0
num of flexible tasks: 500
Optimal assignment with minimum cost:
Total assignment: 0
Total minimum cost: 0
Solving time: 4.4505e-05 seconds
plan limit 980
current timestep 301
num of flexible agents: 0
num of flexible tasks: 500
Optimal assignment with minimum cost:
Total assignment: 0
Total minimum cost: 0
Solving time: 4.7633e-05 seconds
plan limit 980
current timestep 302
num of flexible agents: 0
num of flexible tasks: 500
Optimal assignment with minimum cost:
Total assignment: 0
Total minimum cost: 0
Solving time: 4.2804e-05 seconds
plan limit 980
current timestep 303
num of flexible agents: 0
num of flexible tasks: 500
Optimal assignment with minimum cost:
Total assignment: 0
Total minimum cost: 0
Solving time: 5.1093e-05 seconds
plan limit 980
current timestep 304
num of flexible agents: 0
num of flexible tasks: 500
Optimal assignment with minimum cost:
Total assignment: 0
Total minimum cost: 0
Solving time: 6.212e-05 seconds
plan limit 980
current timestep 305
num of flexible agents: 0
num of flexible tasks: 500
Optimal assignment with minimum cost:
Total assignment: 0
Total minimum cost: 0
Solving time: 4.7457e-05 seconds
plan limit 980
current timestep 306
num of flexible agents: 0
num of flexible tasks: 500
Optimal assignment with minimum cost:
Total assignment: 0
Total minimum cost: 0
Solving time: 4.9021e-05 seconds
plan limit 980
current timestep 307
num of flexible agents: 0
num of flexible tasks: 500
Optimal assignment with minimum cost:
Total assignment: 0
Total minimum cost: 0
Solving time: 4.5076e-05 seconds
plan limit 980
current timestep 308
num of flexible agents: 0
num of flexible tasks: 500
Optimal assignment with minimum cost:
Total assignment: 0
Total minimum cost: 0
Solving time: 5.9619e-05 seconds
plan limit 980
current timestep 309
num of flexible agents: 0
num of flexible tasks: 500
Optimal assignment with minimum cost:
Total assignment: 0
Total minimum cost: 0
Solving time: 5.422e-05 seconds
plan limit 980
current timestep 310
num of flexible agents: 0
num of flexible tasks: 500
Optimal assignment with minimum cost:
Total assignment: 0
Total minimum cost: 0
Solving time: 4.5121e-05 seconds
plan limit 980
current timestep 311
num of flexible agents: 0
num of flexible tasks: 500
Optimal assignment with minimum cost:
Total assignment: 0
Total minimum cost: 0
Solving time: 4.4991e-05 seconds
plan limit 980
current timestep 312
num of flexible agents: 0
num of flexible tasks: 500
Optimal assignment with minimum cost:
Total assignment: 0
Total minimum cost: 0
Solving time: 4.6152e-05 seconds
plan limit 980
current timestep 313
num of flexible agents: 0
num of flexible tasks: 500
Optimal assignment with minimum cost:
Total assignment: 0
Total minimum cost: 0
Solving time: 4.4985e-05 seconds
plan limit 980
current timestep 314
num of flexible agents: 0
num of flexible tasks: 500
Optimal assignment with minimum cost:
Total assignment: 0
Total minimum cost: 0
Solving time: 5.2964e-05 seconds
plan limit 980
current timestep 315
num of flexible agents: 0
num of flexible tasks: 500
Optimal assignment with minimum cost:
Total assignment: 0
Total minimum cost: 0
Solving time: 5.6617e-05 seconds
plan limit 980
current timestep 316
num of flexible agents: 0
num of flexible tasks: 500
Optimal assignment with minimum cost:
Total assignment: 0
Total minimum cost: 0
Solving time: 5.9722e-05 seconds
plan limit 980
current timestep 317
num of flexible agents: 0
num of flexible tasks: 500
Optimal assignment with minimum cost:
Total assignment: 0
Total minimum cost: 0
Solving time: 5.557e-05 seconds
plan limit 980
current timestep 318
num of flexible agents: 0
num of flexible tasks: 500
Optimal assignment with minimum cost:
Total assignment: 0
Total minimum cost: 0
Solving time: 5.4717e-05 seconds
plan limit 980
current timestep 319
num of flexible agents: 0
num of flexible tasks: 500
Optimal assignment with minimum cost:
Total assignment: 0
Total minimum cost: 0
Solving time: 5.7045e-05 seconds
plan limit 980
current timestep 320
num of flexible agents: 0
num of flexible tasks: 500
Optimal assignment with minimum cost:
Total assignment: 0
Total minimum cost: 0
Solving time: 4.8603e-05 seconds
plan limit 980
current timestep 321
num of flexible agents: 0
num of flexible tasks: 500
Optimal assignment with minimum cost:
Total assignment: 0
Total minimum cost: 0
Solving time: 4.5278e-05 seconds
plan limit 980
current timestep 322
num of flexible agents: 0
num of flexible tasks: 500
Optimal assignment with minimum cost:
Total assignment: 0
Total minimum cost: 0
Solving time: 6.7556e-05 seconds
plan limit 980
current timestep 323
num of flexible agents: 0
num of flexible tasks: 500
Optimal assignment with minimum cost:
Total assignment: 0
Total minimum cost: 0
Solving time: 4.4309e-05 seconds
plan limit 980
current timestep 324
num of flexible agents: 0
num of flexible tasks: 500
Optimal assignment with minimum cost:
Total assignment: 0
Total minimum cost: 0
Solving time: 4.9232e-05 seconds
plan limit 980
current timestep 325
num of flexible agents: 0
num of flexible tasks: 500
Optimal assignment with minimum cost:
Total assignment: 0
Total minimum cost: 0
Solving time: 4.9216e-05 seconds
plan limit 980
current timestep 326
num of flexible agents: 0
num of flexible tasks: 500
Optimal assignment with minimum cost:
Total assignment: 0
Total minimum cost: 0
Solving time: 4.4642e-05 seconds
plan limit 980
current timestep 327
num of flexible agents: 0
num of flexible tasks: 500
Optimal assignment with minimum cost:
Total assignment: 0
Total minimum cost: 0
Solving time: 5.8468e-05 seconds
plan limit 980
current timestep 328
num of flexible agents: 0
num of flexible tasks: 500
Optimal assignment with minimum cost:
Total assignment: 0
Total minimum cost: 0
Solving time: 4.8273e-05 seconds
plan limit 980
current timestep 329
num of flexible agents: 0
num of flexible tasks: 500
Optimal assignment with minimum cost:
Total assignment: 0
Total minimum cost: 0
Solving time: 5.2951e-05 seconds
plan limit 980
current timestep 330
num of flexible agents: 0
num of flexible tasks: 500
Optimal assignment with minimum cost:
Total assignment: 0
Total minimum cost: 0
Solving time: 4.4795e-05 seconds
plan limit 980
current timestep 331
num of flexible agents: 0
num of flexible tasks: 500
Optimal assignment with minimum cost:
Total assignment: 0
Total minimum cost: 0
Solving time: 5.7731e-05 seconds
plan limit 980
current timestep 332
num of flexible agents: 0
num of flexible tasks: 500
Optimal assignment with minimum cost:
Total assignment: 0
Total minimum cost: 0
Solving time: 4.3323e-05 seconds
plan limit 980
current timestep 333
num of flexible agents: 0
num of flexible tasks: 500
Optimal assignment with minimum cost:
Total assignment: 0
Total minimum cost: 0
Solving time: 4.7796e-05 seconds
plan limit 980
current timestep 334
num of flexible agents: 0
num of flexible tasks: 500
Optimal assignment with minimum cost:
Total assignment: 0
Total minimum cost: 0
Solving time: 6.3553e-05 seconds
plan limit 980
current timestep 335
num of flexible agents: 0
num of flexible tasks: 500
Optimal assignment with minimum cost:
Total assignment: 0
Total minimum cost: 0
Solving time: 4.6098e-05 seconds
plan limit 980
current timestep 336
num of flexible agents: 0
num of flexible tasks: 500
Optimal assignment with minimum cost:
Total assignment: 0
Total minimum cost: 0
Solving time: 5.5306e-05 seconds
plan limit 980
current timestep 337
num of flexible agents: 0
num of flexible tasks: 500
Optimal assignment with minimum cost:
Total assignment: 0
Total minimum cost: 0
Solving time: 5.7063e-05 seconds
plan limit 980
current timestep 338
num of flexible agents: 0
num of flexible tasks: 500
Optimal assignment with minimum cost:
Total assignment: 0
Total minimum cost: 0
Solving time: 6.1965e-05 seconds
plan limit 980
current timestep 339
num of flexible agents: 0
num of flexible tasks: 500
Optimal assignment with minimum cost:
Total assignment: 0
Total minimum cost: 0
Solving time: 4.9128e-05 seconds
plan limit 980
current timestep 340
num of flexible agents: 0
num of flexible tasks: 500
Optimal assignment with minimum cost:
Total assignment: 0
Total minimum cost: 0
Solving time: 5.1701e-05 seconds
plan limit 980
current timestep 341
num of flexible agents: 0
num of flexible tasks: 500
Optimal assignment with minimum cost:
Total assignment: 0
Total minimum cost: 0
Solving time: 5.5707e-05 seconds
plan limit 980
current timestep 342
num of flexible agents: 0
num of flexible tasks: 500
Optimal assignment with minimum cost:
Total assignment: 0
Total minimum cost: 0
Solving time: 5.5043e-05 seconds
plan limit 980
current timestep 343
num of flexible agents: 0
num of flexible tasks: 500
Optimal assignment with minimum cost:
Total assignment: 0
Total minimum cost: 0
Solving time: 4.8222e-05 seconds
plan limit 980
current timestep 344
num of flexible agents: 0
num of flexible tasks: 500
Optimal assignment with minimum cost:
Total assignment: 0
Total minimum cost: 0
Solving time: 4.5247e-05 seconds
plan limit 980
current timestep 345
num of flexible agents: 0
num of flexible tasks: 500
Optimal assignment with minimum cost:
Total assignment: 0
Total minimum cost: 0
Solving time: 4.6996e-05 seconds
plan limit 980
current timestep 346
num of flexible agents: 0
num of flexible tasks: 500
Optimal assignment with minimum cost:
Total assignment: 0
Total minimum cost: 0
Solving time: 4.1653e-05 seconds
plan limit 980
current timestep 347
num of flexible agents: 0
num of flexible tasks: 500
Optimal assignment with minimum cost:
Total assignment: 0
Total minimum cost: 0
Solving time: 4.3856e-05 seconds
plan limit 980
current timestep 348
num of flexible agents: 0
num of flexible tasks: 500
Optimal assignment with minimum cost:
Total assignment: 0
Total minimum cost: 0
Solving time: 4.8594e-05 seconds
plan limit 980
current timestep 349
num of flexible agents: 0
num of flexible tasks: 500
Optimal assignment with minimum cost:
Total assignment: 0
Total minimum cost: 0
Solving time: 4.3633e-05 seconds
plan limit 980
current timestep 350
num of flexible agents: 0
num of flexible tasks: 500
Optimal assignment with minimum cost:
Total assignment: 0
Total minimum cost: 0
Solving time: 4.3133e-05 seconds
plan limit 980
current timestep 351
num of flexible agents: 0
num of flexible tasks: 500
Optimal assignment with minimum cost:
Total assignment: 0
Total minimum cost: 0
Solving time: 4.3634e-05 seconds
plan limit 980
current timestep 352
num of flexible agents: 0
num of flexible tasks: 500
Optimal assignment with minimum cost:
Total assignment: 0
Total minimum cost: 0
Solving time: 4.8172e-05 seconds
plan limit 980
current timestep 353
num of flexible agents: 0
num of flexible tasks: 500
Optimal assignment with minimum cost:
Total assignment: 0
Total minimum cost: 0
Solving time: 4.4065e-05 seconds
plan limit 980
current timestep 354
num of flexible agents: 0
num of flexible tasks: 500
Optimal assignment with minimum cost:
Total assignment: 0
Total minimum cost: 0
Solving time: 4.4071e-05 seconds
plan limit 980
current timestep 355
num of flexible agents: 0
num of flexible tasks: 500
Optimal assignment with minimum cost:
Total assignment: 0
Total minimum cost: 0
Solving time: 4.2256e-05 seconds
plan limit 980
current timestep 356
num of flexible agents: 0
num of flexible tasks: 500
Optimal assignment with minimum cost:
Total assignment: 0
Total minimum cost: 0
Solving time: 5.4366e-05 seconds
plan limit 980
current timestep 357
num of flexible agents: 0
num of flexible tasks: 500
Optimal assignment with minimum cost:
Total assignment: 0
Total minimum cost: 0
Solving time: 4.3531e-05 seconds
plan limit 980
current timestep 358
num of flexible agents: 0
num of flexible tasks: 500
Optimal assignment with minimum cost:
Total assignment: 0
Total minimum cost: 0
Solving time: 4.4017e-05 seconds
plan limit 980
current timestep 359
num of flexible agents: 0
num of flexible tasks: 500
Optimal assignment with minimum cost:
Total assignment: 0
Total minimum cost: 0
Solving time: 6.3115e-05 seconds
plan limit 980
current timestep 360
num of flexible agents: 0
num of flexible tasks: 500
Optimal assignment with minimum cost:
Total assignment: 0
Total minimum cost: 0
Solving time: 4.7538e-05 seconds
plan limit 980
current timestep 361
num of flexible agents: 0
num of flexible tasks: 500
Optimal assignment with minimum cost:
Total assignment: 0
Total minimum cost: 0
Solving time: 4.7505e-05 seconds
plan limit 980
current timestep 362
num of flexible agents: 0
num of flexible tasks: 500
Optimal assignment with minimum cost:
Total assignment: 0
Total minimum cost: 0
Solving time: 4.5244e-05 seconds
plan limit 980
current timestep 363
num of flexible agents: 0
num of flexible tasks: 500
Optimal assignment with minimum cost:
Total assignment: 0
Total minimum cost: 0
Solving time: 4.7778e-05 seconds
plan limit 980
current timestep 364
num of flexible agents: 0
num of flexible tasks: 500
Optimal assignment with minimum cost:
Total assignment: 0
Total minimum cost: 0
Solving time: 5.3092e-05 seconds
plan limit 980
current timestep 365
num of flexible agents: 0
num of flexible tasks: 500
Optimal assignment with minimum cost:
Total assignment: 0
Total minimum cost: 0
Solving time: 4.2159e-05 seconds
plan limit 980
current timestep 366
num of flexible agents: 0
num of flexible tasks: 500
Optimal assignment with minimum cost:
Total assignment: 0
Total minimum cost: 0
Solving time: 6.1675e-05 seconds
plan limit 980
current timestep 367
num of flexible agents: 0
num of flexible tasks: 500
Optimal assignment with minimum cost:
Total assignment: 0
Total minimum cost: 0
Solving time: 4.7427e-05 seconds
plan limit 980
current timestep 368
num of flexible agents: 0
num of flexible tasks: 500
Optimal assignment with minimum cost:
Total assignment: 0
Total minimum cost: 0
Solving time: 6.2414e-05 seconds
plan limit 980
current timestep 369
num of flexible agents: 0
num of flexible tasks: 500
Optimal assignment with minimum cost:
Total assignment: 0
Total minimum cost: 0
Solving time: 4.1942e-05 seconds
plan limit 980
current timestep 370
num of flexible agents: 0
num of flexible tasks: 500
Optimal assignment with minimum cost:
Total assignment: 0
Total minimum cost: 0
Solving time: 4.9033e-05 seconds
plan limit 980
current timestep 371
num of flexible agents: 0
num of flexible tasks: 500
Optimal assignment with minimum cost:
Total assignment: 0
Total minimum cost: 0
Solving time: 5.5034e-05 seconds
plan limit 980
current timestep 372
num of flexible agents: 0
num of flexible tasks: 500
Optimal assignment with minimum cost:
Total assignment: 0
Total minimum cost: 0
Solving time: 4.4745e-05 seconds
plan limit 980
current timestep 373
num of flexible agents: 0
num of flexible tasks: 500
Optimal assignment with minimum cost:
Total assignment: 0
Total minimum cost: 0
Solving time: 6.4841e-05 seconds
plan limit 980
current timestep 374
num of flexible agents: 0
num of flexible tasks: 500
Optimal assignment with minimum cost:
Total assignment: 0
Total minimum cost: 0
Solving time: 4.3959e-05 seconds
plan limit 980
current timestep 375
num of flexible agents: 0
num of flexible tasks: 500
Optimal assignment with minimum cost:
Total assignment: 0
Total minimum cost: 0
Solving time: 4.2974e-05 seconds
plan limit 980
current timestep 376
num of flexible agents: 0
num of flexible tasks: 500
Optimal assignment with minimum cost:
Total assignment: 0
Total minimum cost: 0
Solving time: 5.6642e-05 seconds
plan limit 980
current timestep 377
num of flexible agents: 0
num of flexible tasks: 500
Optimal assignment with minimum cost:
Total assignment: 0
Total minimum cost: 0
Solving time: 4.4401e-05 seconds
plan limit 980
current timestep 378
num of flexible agents: 0
num of flexible tasks: 500
Optimal assignment with minimum cost:
Total assignment: 0
Total minimum cost: 0
Solving time: 4.283e-05 seconds
plan limit 980
current timestep 379
num of flexible agents: 0
num of flexible tasks: 500
Optimal assignment with minimum cost:
Total assignment: 0
Total minimum cost: 0
Solving time: 5.9107e-05 seconds
plan limit 980
current timestep 380
num of flexible agents: 0
num of flexible tasks: 500
Optimal assignment with minimum cost:
Total assignment: 0
Total minimum cost: 0
Solving time: 4.5068e-05 seconds
plan limit 980
current timestep 381
num of flexible agents: 0
num of flexible tasks: 500
Optimal assignment with minimum cost:
Total assignment: 0
Total minimum cost: 0
Solving time: 4.3626e-05 seconds
plan limit 980
current timestep 382
num of flexible agents: 0
num of flexible tasks: 500
Optimal assignment with minimum cost:
Total assignment: 0
Total minimum cost: 0
Solving time: 6.8218e-05 seconds
plan limit 980
current timestep 383
num of flexible agents: 0
num of flexible tasks: 500
Optimal assignment with minimum cost:
Total assignment: 0
Total minimum cost: 0
Solving time: 4.7434e-05 seconds
plan limit 980
current timestep 384
num of flexible agents: 0
num of flexible tasks: 500
Optimal assignment with minimum cost:
Total assignment: 0
Total minimum cost: 0
Solving time: 4.7685e-05 seconds
plan limit 980
current timestep 385
num of flexible agents: 0
num of flexible tasks: 500
Optimal assignment with minimum cost:
Total assignment: 0
Total minimum cost: 0
Solving time: 4.4193e-05 seconds
plan limit 980
current timestep 386
num of flexible agents: 0
num of flexible tasks: 500
Optimal assignment with minimum cost:
Total assignment: 0
Total minimum cost: 0
Solving time: 5.6928e-05 seconds
plan limit 980
current timestep 387
num of flexible agents: 0
num of flexible tasks: 500
Optimal assignment with minimum cost:
Total assignment: 0
Total minimum cost: 0
Solving time: 4.332e-05 seconds
plan limit 980
current timestep 388
num of flexible agents: 0
num of flexible tasks: 500
Optimal assignment with minimum cost:
Total assignment: 0
Total minimum cost: 0
Solving time: 5.2522e-05 seconds
plan limit 980
current timestep 389
num of flexible agents: 0
num of flexible tasks: 500
Optimal assignment with minimum cost:
Total assignment: 0
Total minimum cost: 0
Solving time: 5.8916e-05 seconds
plan limit 980
current timestep 390
num of flexible agents: 0
num of flexible tasks: 500
Optimal assignment with minimum cost:
Total assignment: 0
Total minimum cost: 0
Solving time: 5.9757e-05 seconds
plan limit 980
current timestep 391
num of flexible agents: 0
num of flexible tasks: 500
Optimal assignment with minimum cost:
Total assignment: 0
Total minimum cost: 0
Solving time: 4.443e-05 seconds
plan limit 980
current timestep 392
num of flexible agents: 0
num of flexible tasks: 500
Optimal assignment with minimum cost:
Total assignment: 0
Total minimum cost: 0
Solving time: 4.4235e-05 seconds
plan limit 980
current timestep 393
num of flexible agents: 0
num of flexible tasks: 500
Optimal assignment with minimum cost:
Total assignment: 0
Total minimum cost: 0
Solving time: 5.8357e-05 seconds
plan limit 980
current timestep 394
num of flexible agents: 0
num of flexible tasks: 500
Optimal assignment with minimum cost:
Total assignment: 0
Total minimum cost: 0
Solving time: 4.4189e-05 seconds
plan limit 980
current timestep 395
num of flexible agents: 0
num of flexible tasks: 500
Optimal assignment with minimum cost:
Total assignment: 0
Total minimum cost: 0
Solving time: 4.5952e-05 seconds
plan limit 980
current timestep 396
num of flexible agents: 0
num of flexible tasks: 500
Optimal assignment with minimum cost:
Total assignment: 0
Total minimum cost: 0
Solving time: 4.4376e-05 seconds
plan limit 980
current timestep 397
num of flexible agents: 0
num of flexible tasks: 500
Optimal assignment with minimum cost:
Total assignment: 0
Total minimum cost: 0
Solving time: 4.8125e-05 seconds
plan limit 980
current timestep 398
num of flexible agents: 0
num of flexible tasks: 500
Optimal assignment with minimum cost:
Total assignment: 0
Total minimum cost: 0
Solving time: 4.2272e-05 seconds
plan limit 980
current timestep 399
num of flexible agents: 0
num of flexible tasks: 500
Optimal assignment with minimum cost:
Total assignment: 0
Total minimum cost: 0
Solving time: 4.8278e-05 seconds
plan limit 980
