current timestep 0
num of flexible agents: 80
num of flexible tasks: 10
Solving time: 0.000322429 seconds
plan limit 980
current timestep 1
num of flexible agents: 76
num of flexible tasks: 16
Solving time: 0.000365784 seconds
plan limit 980
current timestep 2
num of flexible agents: 71
num of flexible tasks: 21
Solving time: 0.000365228 seconds
plan limit 980
current timestep 3
num of flexible agents: 65
num of flexible tasks: 25
Solving time: 0.000406828 seconds
plan limit 980
current timestep 4
num of flexible agents: 64
num of flexible tasks: 34
Solving time: 0.000466417 seconds
plan limit 980
current timestep 5
num of flexible agents: 62
num of flexible tasks: 42
Solving time: 0.000499931 seconds
plan limit 980
current timestep 6
num of flexible agents: 60
num of flexible tasks: 50
Solving time: 0.000538062 seconds
plan limit 980
current timestep 7
num of flexible agents: 59
num of flexible tasks: 59
Solving time: 0.000548523 seconds
plan limit 980
current timestep 8
num of flexible agents: 52
num of flexible tasks: 61
Solving time: 0.00049539 seconds
plan limit 980
current timestep 9
num of flexible agents: 43
num of flexible tasks: 62
Solving time: 0.000424402 seconds
plan limit 980
current timestep 10
num of flexible agents: 37
num of flexible tasks: 66
Solving time: 0.000418628 seconds
plan limit 980
current timestep 11
num of flexible agents: 30
num of flexible tasks: 67
Solving time: 0.000392242 seconds
plan limit 980
current timestep 12
num of flexible agents: 25
num of flexible tasks: 72
Solving time: 0.000371886 seconds
plan limit 980
current timestep 13
num of flexible agents: 17
num of flexible tasks: 73
Solving time: 0.000327058 seconds
plan limit 980
current timestep 14
num of flexible agents: 11
num of flexible tasks: 75
Solving time: 0.000311901 seconds
plan limit 980
current timestep 15
num of flexible agents: 9
num of flexible tasks: 82
Solving time: 0.000300498 seconds
plan limit 980
current timestep 16
num of flexible agents: 6
num of flexible tasks: 89
Solving time: 0.000290798 seconds
plan limit 980
current timestep 17
num of flexible agents: 5
num of flexible tasks: 98
Solving time: 0.0002871 seconds
plan limit 980
current timestep 18
num of flexible agents: 1
num of flexible tasks: 104
Solving time: 0.0003795 seconds
plan limit 980
current timestep 19
num of flexible agents: 7
num of flexible tasks: 114
Solving time: 0.000292631 seconds
plan limit 980
current timestep 20
num of flexible agents: 7
num of flexible tasks: 122
Solving time: 0.000291044 seconds
plan limit 980
current timestep 21
num of flexible agents: 6
num of flexible tasks: 128
Solving time: 0.000320821 seconds
plan limit 980
current timestep 22
num of flexible agents: 2
num of flexible tasks: 133
Solving time: 0.000734752 seconds
plan limit 980
current timestep 23
num of flexible agents: 2
num of flexible tasks: 142
Solving time: 0.000738263 seconds
plan limit 980
current timestep 24
num of flexible agents: 5
num of flexible tasks: 151
Solving time: 0.000285569 seconds
plan limit 980
current timestep 25
num of flexible agents: 3
num of flexible tasks: 157
Solving time: 0.000777857 seconds
plan limit 980
current timestep 26
num of flexible agents: 3
num of flexible tasks: 164
Solving time: 0.000778888 seconds
plan limit 980
current timestep 27
num of flexible agents: 3
num of flexible tasks: 172
Solving time: 0.000745245 seconds
plan limit 980
current timestep 28
num of flexible agents: 3
num of flexible tasks: 179
Solving time: 0.000775428 seconds
plan limit 980
current timestep 29
num of flexible agents: 2
num of flexible tasks: 187
Solving time: 0.000697887 seconds
plan limit 980
current timestep 30
num of flexible agents: 6
num of flexible tasks: 195
Solving time: 0.00028117 seconds
plan limit 980
current timestep 31
num of flexible agents: 6
num of flexible tasks: 203
Solving time: 0.000316994 seconds
plan limit 980
current timestep 32
num of flexible agents: 4
num of flexible tasks: 208
Solving time: 0.000788918 seconds
plan limit 980
current timestep 33
num of flexible agents: 1
num of flexible tasks: 214
Solving time: 0.000428708 seconds
plan limit 980
current timestep 34
num of flexible agents: 7
num of flexible tasks: 223
Solving time: 0.000311453 seconds
plan limit 980
current timestep 35
num of flexible agents: 9
num of flexible tasks: 229
Solving time: 0.00030435 seconds
plan limit 980
current timestep 36
num of flexible agents: 6
num of flexible tasks: 233
Solving time: 0.000286383 seconds
plan limit 980
current timestep 37
num of flexible agents: 3
num of flexible tasks: 239
Solving time: 0.000829543 seconds
plan limit 979
current timestep 38
num of flexible agents: 6
num of flexible tasks: 248
Solving time: 0.000300121 seconds
plan limit 980
current timestep 39
num of flexible agents: 5
num of flexible tasks: 256
Solving time: 0.000850855 seconds
plan limit 979
current timestep 40
num of flexible agents: 3
num of flexible tasks: 261
Solving time: 0.000717849 seconds
plan limit 980
current timestep 41
num of flexible agents: 2
num of flexible tasks: 268
Solving time: 0.000720487 seconds
plan limit 980
current timestep 42
num of flexible agents: 3
num of flexible tasks: 276
Solving time: 0.000690583 seconds
plan limit 980
current timestep 43
num of flexible agents: 2
num of flexible tasks: 283
Solving time: 0.000681709 seconds
plan limit 980
current timestep 44
num of flexible agents: 7
num of flexible tasks: 291
Solving time: 0.00035357 seconds
plan limit 980
current timestep 45
num of flexible agents: 7
num of flexible tasks: 297
Solving time: 0.000321817 seconds
plan limit 980
current timestep 46
num of flexible agents: 8
num of flexible tasks: 302
Solving time: 0.000302908 seconds
plan limit 980
current timestep 47
num of flexible agents: 5
num of flexible tasks: 305
Solving time: 0.000822888 seconds
plan limit 980
current timestep 48
num of flexible agents: 1
num of flexible tasks: 310
Solving time: 0.000582741 seconds
plan limit 980
current timestep 49
num of flexible agents: 3
num of flexible tasks: 319
Solving time: 0.000717456 seconds
plan limit 980
current timestep 50
num of flexible agents: 3
num of flexible tasks: 317
Solving time: 0.000703427 seconds
plan limit 980
current timestep 51
num of flexible agents: 7
num of flexible tasks: 314
Solving time: 0.000290824 seconds
plan limit 980
current timestep 52
num of flexible agents: 9
num of flexible tasks: 308
Solving time: 0.000301008 seconds
plan limit 980
current timestep 53
num of flexible agents: 6
num of flexible tasks: 301
Solving time: 0.000333658 seconds
plan limit 980
current timestep 54
num of flexible agents: 5
num of flexible tasks: 296
Solving time: 0.000818099 seconds
plan limit 979
current timestep 55
num of flexible agents: 4
num of flexible tasks: 292
Solving time: 0.000734965 seconds
plan limit 980
current timestep 56
num of flexible agents: 4
num of flexible tasks: 289
Solving time: 0.000735803 seconds
plan limit 980
current timestep 57
num of flexible agents: 2
num of flexible tasks: 285
Solving time: 0.000662562 seconds
plan limit 980
current timestep 58
num of flexible agents: 7
num of flexible tasks: 285
Solving time: 0.000296606 seconds
plan limit 980
current timestep 59
num of flexible agents: 6
num of flexible tasks: 280
Solving time: 0.000314239 seconds
plan limit 980
current timestep 60
num of flexible agents: 2
num of flexible tasks: 275
Solving time: 0.000680523 seconds
plan limit 980
current timestep 61
num of flexible agents: 2
num of flexible tasks: 274
Solving time: 0.000679948 seconds
plan limit 980
current timestep 62
num of flexible agents: 5
num of flexible tasks: 272
Solving time: 0.00091837 seconds
plan limit 979
current timestep 63
num of flexible agents: 4
num of flexible tasks: 269
Solving time: 0.000735793 seconds
plan limit 980
current timestep 64
num of flexible agents: 4
num of flexible tasks: 266
Solving time: 0.00074549 seconds
plan limit 980
current timestep 65
num of flexible agents: 4
num of flexible tasks: 263
Solving time: 0.000753044 seconds
plan limit 980
current timestep 66
num of flexible agents: 3
num of flexible tasks: 259
Solving time: 0.000752821 seconds
plan limit 980
current timestep 67
num of flexible agents: 0
num of flexible tasks: 256
Solving time: 0.000239896 seconds
plan limit 980
current timestep 68
num of flexible agents: 5
num of flexible tasks: 256
Solving time: 0.000844057 seconds
plan limit 979
current timestep 69
num of flexible agents: 4
num of flexible tasks: 252
Solving time: 0.000749182 seconds
plan limit 980
current timestep 70
num of flexible agents: 3
num of flexible tasks: 249
Solving time: 0.000736026 seconds
plan limit 980
current timestep 71
num of flexible agents: 6
num of flexible tasks: 248
Solving time: 0.000268719 seconds
plan limit 980
current timestep 72
num of flexible agents: 3
num of flexible tasks: 243
Solving time: 0.000733419 seconds
plan limit 980
current timestep 73
num of flexible agents: 7
num of flexible tasks: 242
Solving time: 0.000294139 seconds
plan limit 980
current timestep 74
num of flexible agents: 10
num of flexible tasks: 240
Solving time: 0.000324056 seconds
plan limit 980
current timestep 75
num of flexible agents: 10
num of flexible tasks: 235
Solving time: 0.000331561 seconds
plan limit 980
current timestep 76
num of flexible agents: 8
num of flexible tasks: 231
Solving time: 0.000329769 seconds
plan limit 980
current timestep 77
num of flexible agents: 9
num of flexible tasks: 228
Solving time: 0.000324767 seconds
plan limit 980
current timestep 78
num of flexible agents: 6
num of flexible tasks: 225
Solving time: 0.000320305 seconds
plan limit 980
current timestep 79
num of flexible agents: 4
num of flexible tasks: 221
Solving time: 0.000729481 seconds
plan limit 980
current timestep 80
num of flexible agents: 4
num of flexible tasks: 219
Solving time: 0.000765594 seconds
plan limit 980
current timestep 81
num of flexible agents: 2
num of flexible tasks: 217
Solving time: 0.000725858 seconds
plan limit 980
current timestep 82
num of flexible agents: 4
num of flexible tasks: 216
Solving time: 0.000840268 seconds
plan limit 980
current timestep 83
num of flexible agents: 7
num of flexible tasks: 213
Solving time: 0.000297902 seconds
plan limit 980
current timestep 84
num of flexible agents: 8
num of flexible tasks: 209
Solving time: 0.000329967 seconds
plan limit 980
current timestep 85
num of flexible agents: 8
num of flexible tasks: 205
Solving time: 0.000363517 seconds
plan limit 980
current timestep 86
num of flexible agents: 7
num of flexible tasks: 201
Solving time: 0.00031864 seconds
plan limit 980
current timestep 87
num of flexible agents: 6
num of flexible tasks: 198
Solving time: 0.000303356 seconds
plan limit 980
current timestep 88
num of flexible agents: 10
num of flexible tasks: 196
Solving time: 0.000321442 seconds
plan limit 980
current timestep 89
num of flexible agents: 10
num of flexible tasks: 192
Solving time: 0.000350239 seconds
plan limit 980
current timestep 90
num of flexible agents: 13
num of flexible tasks: 189
Solving time: 0.000323065 seconds
plan limit 980
current timestep 91
num of flexible agents: 16
num of flexible tasks: 187
Solving time: 0.00030825 seconds
plan limit 980
current timestep 92
num of flexible agents: 11
num of flexible tasks: 181
Solving time: 0.000329781 seconds
plan limit 980
current timestep 93
num of flexible agents: 13
num of flexible tasks: 179
Solving time: 0.000314883 seconds
plan limit 980
current timestep 94
num of flexible agents: 16
num of flexible tasks: 176
Solving time: 0.000322093 seconds
plan limit 980
current timestep 95
num of flexible agents: 11
num of flexible tasks: 169
Solving time: 0.000340829 seconds
plan limit 980
current timestep 96
num of flexible agents: 15
num of flexible tasks: 168
Solving time: 0.00032744 seconds
plan limit 980
current timestep 97
num of flexible agents: 12
num of flexible tasks: 162
Solving time: 0.000328329 seconds
plan limit 980
current timestep 98
num of flexible agents: 12
num of flexible tasks: 159
Solving time: 0.000299946 seconds
plan limit 980
current timestep 99
num of flexible agents: 8
num of flexible tasks: 154
Solving time: 0.000285503 seconds
plan limit 980
current timestep 100
num of flexible agents: 8
num of flexible tasks: 152
Solving time: 0.000316207 seconds
plan limit 980
current timestep 101
num of flexible agents: 8
num of flexible tasks: 150
Solving time: 0.00028996 seconds
plan limit 980
current timestep 102
num of flexible agents: 5
num of flexible tasks: 146
Solving time: 0.000826158 seconds
plan limit 980
current timestep 103
num of flexible agents: 6
num of flexible tasks: 145
Solving time: 0.000334811 seconds
plan limit 980
current timestep 104
num of flexible agents: 7
num of flexible tasks: 142
Solving time: 0.000284627 seconds
plan limit 980
current timestep 105
num of flexible agents: 6
num of flexible tasks: 137
Solving time: 0.000299116 seconds
plan limit 980
current timestep 106
num of flexible agents: 6
num of flexible tasks: 132
Solving time: 0.000307303 seconds
plan limit 980
current timestep 107
num of flexible agents: 5
num of flexible tasks: 129
Solving time: 0.000853294 seconds
plan limit 979
current timestep 108
num of flexible agents: 5
num of flexible tasks: 127
Solving time: 0.000844758 seconds
plan limit 980
current timestep 109
num of flexible agents: 7
num of flexible tasks: 124
Solving time: 0.000299201 seconds
plan limit 980
current timestep 110
num of flexible agents: 8
num of flexible tasks: 120
Solving time: 0.000306939 seconds
plan limit 980
current timestep 111
num of flexible agents: 13
num of flexible tasks: 119
Solving time: 0.000312095 seconds
plan limit 980
current timestep 112
num of flexible agents: 15
num of flexible tasks: 116
Solving time: 0.000356818 seconds
plan limit 980
current timestep 113
num of flexible agents: 10
num of flexible tasks: 110
Solving time: 0.00031194 seconds
plan limit 980
current timestep 114
num of flexible agents: 8
num of flexible tasks: 107
Solving time: 0.00029389 seconds
plan limit 980
current timestep 115
num of flexible agents: 11
num of flexible tasks: 106
Solving time: 0.000334441 seconds
plan limit 980
current timestep 116
num of flexible agents: 11
num of flexible tasks: 102
Solving time: 0.000310834 seconds
plan limit 980
current timestep 117
num of flexible agents: 12
num of flexible tasks: 99
Solving time: 0.000320481 seconds
plan limit 980
current timestep 118
num of flexible agents: 14
num of flexible tasks: 96
Solving time: 0.000317873 seconds
plan limit 980
current timestep 119
num of flexible agents: 13
num of flexible tasks: 93
Solving time: 0.000322442 seconds
plan limit 980
current timestep 120
num of flexible agents: 13
num of flexible tasks: 89
Solving time: 0.000307346 seconds
plan limit 980
current timestep 121
num of flexible agents: 13
num of flexible tasks: 86
Solving time: 0.000300549 seconds
plan limit 980
current timestep 122
num of flexible agents: 16
num of flexible tasks: 85
Solving time: 0.000339385 seconds
plan limit 980
current timestep 123
num of flexible agents: 17
num of flexible tasks: 82
Solving time: 0.000329353 seconds
plan limit 980
current timestep 124
num of flexible agents: 14
num of flexible tasks: 77
Solving time: 0.00031265 seconds
plan limit 980
current timestep 125
num of flexible agents: 10
num of flexible tasks: 72
Solving time: 0.000349569 seconds
plan limit 980
current timestep 126
num of flexible agents: 10
num of flexible tasks: 71
Solving time: 0.000355316 seconds
plan limit 980
current timestep 127
num of flexible agents: 14
num of flexible tasks: 70
Solving time: 0.000311874 seconds
plan limit 980
current timestep 128
num of flexible agents: 14
num of flexible tasks: 68
Solving time: 0.000315181 seconds
plan limit 980
current timestep 129
num of flexible agents: 15
num of flexible tasks: 66
Solving time: 0.000312403 seconds
plan limit 980
current timestep 130
num of flexible agents: 12
num of flexible tasks: 62
Solving time: 0.000350397 seconds
plan limit 980
current timestep 131
num of flexible agents: 13
num of flexible tasks: 60
Solving time: 0.000334588 seconds
plan limit 980
current timestep 132
num of flexible agents: 14
num of flexible tasks: 57
Solving time: 0.000309218 seconds
plan limit 980
current timestep 133
num of flexible agents: 18
num of flexible tasks: 55
Solving time: 0.000355395 seconds
plan limit 980
current timestep 134
num of flexible agents: 14
num of flexible tasks: 50
Solving time: 0.000347482 seconds
plan limit 980
current timestep 135
num of flexible agents: 15
num of flexible tasks: 50
Solving time: 0.000364749 seconds
plan limit 980
current timestep 136
num of flexible agents: 14
num of flexible tasks: 44
Solving time: 0.000303248 seconds
plan limit 980
current timestep 137
num of flexible agents: 16
num of flexible tasks: 42
Solving time: 0.000322528 seconds
plan limit 980
current timestep 138
num of flexible agents: 16
num of flexible tasks: 39
Solving time: 0.000321346 seconds
plan limit 980
current timestep 139
num of flexible agents: 14
num of flexible tasks: 35
Solving time: 0.000348801 seconds
plan limit 980
current timestep 140
num of flexible agents: 19
num of flexible tasks: 35
Solving time: 0.000355836 seconds
plan limit 980
current timestep 141
num of flexible agents: 18
num of flexible tasks: 31
Solving time: 0.000400838 seconds
plan limit 980
current timestep 142
num of flexible agents: 20
num of flexible tasks: 29
Solving time: 0.000440361 seconds
plan limit 980
current timestep 143
num of flexible agents: 21
num of flexible tasks: 29
Solving time: 0.000425233 seconds
plan limit 980
current timestep 144
num of flexible agents: 21
num of flexible tasks: 27
Solving time: 0.000425366 seconds
plan limit 980
current timestep 145
num of flexible agents: 21
num of flexible tasks: 25
Solving time: 0.000465033 seconds
plan limit 980
current timestep 146
num of flexible agents: 24
num of flexible tasks: 25
Solving time: 0.000473084 seconds
plan limit 980
current timestep 147
num of flexible agents: 24
num of flexible tasks: 23
Solving time: 0.000402245 seconds
plan limit 980
current timestep 148
num of flexible agents: 26
num of flexible tasks: 21
Solving time: 0.000341117 seconds
plan limit 980
current timestep 149
num of flexible agents: 25
num of flexible tasks: 19
Solving time: 0.000346667 seconds
plan limit 980
current timestep 150
num of flexible agents: 24
num of flexible tasks: 16
Solving time: 0.000350439 seconds
plan limit 980
current timestep 151
num of flexible agents: 28
num of flexible tasks: 15
Solving time: 0.000288815 seconds
plan limit 980
current timestep 152
num of flexible agents: 25
num of flexible tasks: 11
Solving time: 0.000283423 seconds
plan limit 980
current timestep 153
num of flexible agents: 26
num of flexible tasks: 10
Solving time: 0.000283405 seconds
plan limit 980
current timestep 154
num of flexible agents: 24
num of flexible tasks: 6
Solving time: 0.000261794 seconds
plan limit 980
current timestep 155
num of flexible agents: 25
num of flexible tasks: 4
Solving time: 0.000253914 seconds
plan limit 980
current timestep 156
num of flexible agents: 29
num of flexible tasks: 3
Solving time: 0.000245972 seconds
plan limit 980
current timestep 157
num of flexible agents: 30
num of flexible tasks: 3
Solving time: 0.000233019 seconds
plan limit 980
current timestep 158
num of flexible agents: 33
num of flexible tasks: 3
Solving time: 0.000230885 seconds
plan limit 980
current timestep 159
num of flexible agents: 35
num of flexible tasks: 1
Solving time: 0.000225044 seconds
plan limit 980
current timestep 160
num of flexible agents: 37
num of flexible tasks: 1
Solving time: 0.000219223 seconds
plan limit 980
current timestep 161
num of flexible agents: 39
num of flexible tasks: 1
Solving time: 0.000261608 seconds
plan limit 980
current timestep 162
num of flexible agents: 42
num of flexible tasks: 1
Solving time: 0.000235958 seconds
plan limit 980
current timestep 163
num of flexible agents: 43
num of flexible tasks: 1
Solving time: 0.000212585 seconds
plan limit 980
current timestep 164
num of flexible agents: 46
num of flexible tasks: 1
Solving time: 0.000233732 seconds
plan limit 980
current timestep 165
num of flexible agents: 49
num of flexible tasks: 0
Solving time: 0.000230311 seconds
plan limit 980
current timestep 166
num of flexible agents: 50
num of flexible tasks: 0
Solving time: 0.000224528 seconds
plan limit 980
current timestep 167
num of flexible agents: 53
num of flexible tasks: 0
Solving time: 0.000250474 seconds
plan limit 980
current timestep 168
num of flexible agents: 55
num of flexible tasks: 0
Solving time: 0.000233433 seconds
plan limit 980
current timestep 169
num of flexible agents: 55
num of flexible tasks: 0
Solving time: 0.000219967 seconds
plan limit 980
current timestep 170
num of flexible agents: 57
num of flexible tasks: 0
Solving time: 0.00020742 seconds
plan limit 980
current timestep 171
num of flexible agents: 59
num of flexible tasks: 0
Solving time: 0.000245305 seconds
plan limit 980
current timestep 172
num of flexible agents: 62
num of flexible tasks: 0
Solving time: 0.000232144 seconds
plan limit 980
current timestep 173
num of flexible agents: 65
num of flexible tasks: 0
Solving time: 0.000237499 seconds
plan limit 980
current timestep 174
num of flexible agents: 68
num of flexible tasks: 0
Solving time: 0.000215471 seconds
plan limit 980
current timestep 175
num of flexible agents: 69
num of flexible tasks: 0
Solving time: 0.000234906 seconds
plan limit 980
current timestep 176
num of flexible agents: 70
num of flexible tasks: 0
Solving time: 0.000236753 seconds
plan limit 980
current timestep 177
num of flexible agents: 73
num of flexible tasks: 0
Solving time: 0.000211539 seconds
plan limit 980
current timestep 178
num of flexible agents: 74
num of flexible tasks: 0
Solving time: 0.000215969 seconds
plan limit 980
current timestep 179
num of flexible agents: 75
num of flexible tasks: 0
Solving time: 0.000208816 seconds
plan limit 980
current timestep 180
num of flexible agents: 75
num of flexible tasks: 0
Solving time: 0.000236759 seconds
plan limit 980
current timestep 181
num of flexible agents: 76
num of flexible tasks: 0
Solving time: 0.000218916 seconds
plan limit 980
current timestep 182
num of flexible agents: 78
num of flexible tasks: 0
Solving time: 0.000234808 seconds
plan limit 980
current timestep 183
num of flexible agents: 79
num of flexible tasks: 0
Solving time: 0.000222571 seconds
plan limit 980
current timestep 184
num of flexible agents: 79
num of flexible tasks: 0
Solving time: 0.000232893 seconds
plan limit 980
current timestep 185
num of flexible agents: 79
num of flexible tasks: 0
Solving time: 0.000247831 seconds
plan limit 980
current timestep 186
num of flexible agents: 79
num of flexible tasks: 0
Solving time: 0.000213883 seconds
plan limit 980
current timestep 187
num of flexible agents: 79
num of flexible tasks: 0
Solving time: 0.000220291 seconds
plan limit 980
current timestep 188
num of flexible agents: 79
num of flexible tasks: 0
Solving time: 0.000219213 seconds
plan limit 980
current timestep 189
num of flexible agents: 79
num of flexible tasks: 0
Solving time: 0.000204716 seconds
plan limit 980
current timestep 190
num of flexible agents: 79
num of flexible tasks: 0
Solving time: 0.000210931 seconds
plan limit 980
current timestep 191
num of flexible agents: 79
num of flexible tasks: 0
Solving time: 0.000222118 seconds
plan limit 980
current timestep 192
num of flexible agents: 79
num of flexible tasks: 0
Solving time: 0.000215088 seconds
plan limit 980
current timestep 193
num of flexible agents: 79
num of flexible tasks: 0
Solving time: 0.000222208 seconds
plan limit 980
current timestep 194
num of flexible agents: 79
num of flexible tasks: 0
Solving time: 0.000230418 seconds
plan limit 980
current timestep 195
num of flexible agents: 79
num of flexible tasks: 0
Solving time: 0.000218005 seconds
plan limit 980
All tasks finished at timestep 196
