current timestep 0
num of flexible agents: 80
num of flexible tasks: 10
Solving time: 0.000343245 seconds
plan limit 980
current timestep 1
num of flexible agents: 78
num of flexible tasks: 18
Solving time: 0.000427342 seconds
plan limit 980
current timestep 2
num of flexible agents: 76
num of flexible tasks: 26
Solving time: 0.000384655 seconds
plan limit 980
current timestep 3
num of flexible agents: 73
num of flexible tasks: 33
Solving time: 0.00044798 seconds
plan limit 980
current timestep 4
num of flexible agents: 70
num of flexible tasks: 40
Solving time: 0.000463651 seconds
plan limit 980
current timestep 5
num of flexible agents: 67
num of flexible tasks: 47
Solving time: 0.000530288 seconds
plan limit 980
current timestep 6
num of flexible agents: 65
num of flexible tasks: 55
Solving time: 0.000535363 seconds
plan limit 980
current timestep 7
num of flexible agents: 55
num of flexible tasks: 55
Solving time: 0.000642286 seconds
plan limit 980
current timestep 8
num of flexible agents: 54
num of flexible tasks: 64
Solving time: 0.000573102 seconds
plan limit 980
current timestep 9
num of flexible agents: 47
num of flexible tasks: 66
Solving time: 0.000478499 seconds
plan limit 980
current timestep 10
num of flexible agents: 36
num of flexible tasks: 65
Solving time: 0.0003891 seconds
plan limit 980
current timestep 11
num of flexible agents: 29
num of flexible tasks: 68
Solving time: 0.000379734 seconds
plan limit 980
current timestep 12
num of flexible agents: 18
num of flexible tasks: 67
Solving time: 0.000319964 seconds
plan limit 980
current timestep 13
num of flexible agents: 15
num of flexible tasks: 73
Solving time: 0.000319149 seconds
plan limit 980
current timestep 14
num of flexible agents: 12
num of flexible tasks: 79
Solving time: 0.000286858 seconds
plan limit 980
current timestep 15
num of flexible agents: 8
num of flexible tasks: 83
Solving time: 0.000315209 seconds
plan limit 980
current timestep 16
num of flexible agents: 7
num of flexible tasks: 92
Solving time: 0.000302267 seconds
plan limit 980
current timestep 17
num of flexible agents: 5
num of flexible tasks: 99
Solving time: 0.000260609 seconds
plan limit 980
current timestep 18
num of flexible agents: 6
num of flexible tasks: 108
Solving time: 0.000258803 seconds
plan limit 980
current timestep 19
num of flexible agents: 6
num of flexible tasks: 115
Solving time: 0.000260341 seconds
plan limit 980
current timestep 20
num of flexible agents: 4
num of flexible tasks: 120
Solving time: 0.000947131 seconds
plan limit 979
current timestep 21
num of flexible agents: 4
num of flexible tasks: 128
Solving time: 0.000845878 seconds
plan limit 979
current timestep 22
num of flexible agents: 2
num of flexible tasks: 135
Solving time: 0.000703391 seconds
plan limit 980
current timestep 23
num of flexible agents: 7
num of flexible tasks: 144
Solving time: 0.000292447 seconds
plan limit 980
current timestep 24
num of flexible agents: 4
num of flexible tasks: 149
Solving time: 0.000809946 seconds
plan limit 980
current timestep 25
num of flexible agents: 7
num of flexible tasks: 159
Solving time: 0.000307076 seconds
plan limit 980
current timestep 26
num of flexible agents: 5
num of flexible tasks: 165
Solving time: 0.000280783 seconds
plan limit 980
current timestep 27
num of flexible agents: 3
num of flexible tasks: 171
Solving time: 0.00081815 seconds
plan limit 980
current timestep 28
num of flexible agents: 5
num of flexible tasks: 179
Solving time: 0.000279245 seconds
plan limit 980
current timestep 29
num of flexible agents: 4
num of flexible tasks: 184
Solving time: 0.000949687 seconds
plan limit 979
current timestep 30
num of flexible agents: 3
num of flexible tasks: 190
Solving time: 0.000771822 seconds
plan limit 980
current timestep 31
num of flexible agents: 5
num of flexible tasks: 199
Solving time: 0.000289491 seconds
plan limit 980
current timestep 32
num of flexible agents: 8
num of flexible tasks: 205
Solving time: 0.000273877 seconds
plan limit 980
current timestep 33
num of flexible agents: 7
num of flexible tasks: 209
Solving time: 0.000285695 seconds
plan limit 980
current timestep 34
num of flexible agents: 6
num of flexible tasks: 214
Solving time: 0.000294132 seconds
plan limit 980
current timestep 35
num of flexible agents: 3
num of flexible tasks: 219
Solving time: 0.000813003 seconds
plan limit 980
current timestep 36
num of flexible agents: 5
num of flexible tasks: 227
Solving time: 0.00027845 seconds
plan limit 980
current timestep 37
num of flexible agents: 5
num of flexible tasks: 234
Solving time: 0.000280807 seconds
plan limit 980
current timestep 38
num of flexible agents: 4
num of flexible tasks: 240
Solving time: 0.000950503 seconds
plan limit 979
current timestep 39
num of flexible agents: 5
num of flexible tasks: 248
Solving time: 0.000280975 seconds
plan limit 980
current timestep 40
num of flexible agents: 5
num of flexible tasks: 253
Solving time: 0.000307043 seconds
plan limit 980
current timestep 41
num of flexible agents: 5
num of flexible tasks: 259
Solving time: 0.000306643 seconds
plan limit 980
current timestep 42
num of flexible agents: 4
num of flexible tasks: 265
Solving time: 0.000822602 seconds
plan limit 979
current timestep 43
num of flexible agents: 3
num of flexible tasks: 272
Solving time: 0.000794183 seconds
plan limit 980
current timestep 44
num of flexible agents: 8
num of flexible tasks: 280
Solving time: 0.000281184 seconds
plan limit 980
current timestep 45
num of flexible agents: 4
num of flexible tasks: 283
Solving time: 0.000792482 seconds
plan limit 980
current timestep 46
num of flexible agents: 4
num of flexible tasks: 290
Solving time: 0.000889245 seconds
plan limit 979
current timestep 47
num of flexible agents: 5
num of flexible tasks: 296
Solving time: 0.000845159 seconds
plan limit 980
current timestep 48
num of flexible agents: 4
num of flexible tasks: 302
Solving time: 0.000787804 seconds
plan limit 980
current timestep 49
num of flexible agents: 2
num of flexible tasks: 309
Solving time: 0.000706154 seconds
plan limit 980
current timestep 50
num of flexible agents: 6
num of flexible tasks: 309
Solving time: 0.000263134 seconds
plan limit 980
current timestep 51
num of flexible agents: 4
num of flexible tasks: 303
Solving time: 0.000792014 seconds
plan limit 980
current timestep 52
num of flexible agents: 7
num of flexible tasks: 300
Solving time: 0.000300363 seconds
plan limit 980
current timestep 53
num of flexible agents: 4
num of flexible tasks: 293
Solving time: 0.000787583 seconds
plan limit 980
current timestep 54
num of flexible agents: 6
num of flexible tasks: 289
Solving time: 0.000317234 seconds
plan limit 980
current timestep 55
num of flexible agents: 4
num of flexible tasks: 283
Solving time: 0.000783264 seconds
plan limit 980
current timestep 56
num of flexible agents: 0
num of flexible tasks: 279
Solving time: 0.000252321 seconds
plan limit 980
current timestep 57
num of flexible agents: 3
num of flexible tasks: 279
Solving time: 0.000761319 seconds
plan limit 980
current timestep 58
num of flexible agents: 7
num of flexible tasks: 276
Solving time: 0.000273125 seconds
plan limit 980
current timestep 59
num of flexible agents: 1
num of flexible tasks: 269
Solving time: 0.00058554 seconds
plan limit 980
current timestep 60
num of flexible agents: 4
num of flexible tasks: 268
Solving time: 0.000775012 seconds
plan limit 980
current timestep 61
num of flexible agents: 5
num of flexible tasks: 264
Solving time: 0.000941771 seconds
plan limit 979
current timestep 62
num of flexible agents: 3
num of flexible tasks: 261
Solving time: 0.000756635 seconds
plan limit 980
current timestep 63
num of flexible agents: 3
num of flexible tasks: 260
Solving time: 0.000748581 seconds
plan limit 980
current timestep 64
num of flexible agents: 3
num of flexible tasks: 258
Solving time: 0.000758992 seconds
plan limit 980
current timestep 65
num of flexible agents: 7
num of flexible tasks: 256
Solving time: 0.000277608 seconds
plan limit 980
current timestep 66
num of flexible agents: 7
num of flexible tasks: 252
Solving time: 0.000295376 seconds
plan limit 980
current timestep 67
num of flexible agents: 7
num of flexible tasks: 247
Solving time: 0.000315766 seconds
plan limit 980
current timestep 68
num of flexible agents: 3
num of flexible tasks: 241
Solving time: 0.000808971 seconds
plan limit 980
current timestep 69
num of flexible agents: 6
num of flexible tasks: 240
Solving time: 0.000330516 seconds
plan limit 980
current timestep 70
num of flexible agents: 8
num of flexible tasks: 235
Solving time: 0.000306009 seconds
plan limit 980
current timestep 71
num of flexible agents: 4
num of flexible tasks: 228
Solving time: 0.000796277 seconds
plan limit 980
current timestep 72
num of flexible agents: 3
num of flexible tasks: 226
Solving time: 0.000795837 seconds
plan limit 980
current timestep 73
num of flexible agents: 3
num of flexible tasks: 224
Solving time: 0.000757887 seconds
plan limit 980
current timestep 74
num of flexible agents: 5
num of flexible tasks: 221
Solving time: 0.000817836 seconds
plan limit 980
current timestep 75
num of flexible agents: 5
num of flexible tasks: 218
Solving time: 0.000812719 seconds
plan limit 980
current timestep 76
num of flexible agents: 3
num of flexible tasks: 215
Solving time: 0.000757062 seconds
plan limit 980
current timestep 77
num of flexible agents: 5
num of flexible tasks: 213
Solving time: 0.000824421 seconds
plan limit 980
current timestep 78
num of flexible agents: 3
num of flexible tasks: 209
Solving time: 0.000742464 seconds
plan limit 980
current timestep 79
num of flexible agents: 6
num of flexible tasks: 207
Solving time: 0.00033028 seconds
plan limit 980
current timestep 80
num of flexible agents: 3
num of flexible tasks: 202
Solving time: 0.000775258 seconds
plan limit 980
current timestep 81
num of flexible agents: 5
num of flexible tasks: 200
Solving time: 0.000824143 seconds
plan limit 979
current timestep 82
num of flexible agents: 4
num of flexible tasks: 197
Solving time: 0.000805631 seconds
plan limit 980
current timestep 83
num of flexible agents: 4
num of flexible tasks: 195
Solving time: 0.000797436 seconds
plan limit 980
current timestep 84
num of flexible agents: 2
num of flexible tasks: 192
Solving time: 0.000740497 seconds
plan limit 980
current timestep 85
num of flexible agents: 5
num of flexible tasks: 191
Solving time: 0.000822044 seconds
plan limit 980
current timestep 86
num of flexible agents: 8
num of flexible tasks: 187
Solving time: 0.000339082 seconds
plan limit 980
current timestep 87
num of flexible agents: 8
num of flexible tasks: 181
Solving time: 0.000306748 seconds
plan limit 980
current timestep 88
num of flexible agents: 8
num of flexible tasks: 176
Solving time: 0.000290286 seconds
plan limit 980
current timestep 89
num of flexible agents: 9
num of flexible tasks: 173
Solving time: 0.000279594 seconds
plan limit 980
current timestep 90
num of flexible agents: 5
num of flexible tasks: 167
Solving time: 0.000836833 seconds
plan limit 979
current timestep 91
num of flexible agents: 4
num of flexible tasks: 163
Solving time: 0.000834455 seconds
plan limit 979
current timestep 92
num of flexible agents: 2
num of flexible tasks: 159
Solving time: 0.000762589 seconds
plan limit 980
current timestep 93
num of flexible agents: 4
num of flexible tasks: 158
Solving time: 0.000971421 seconds
plan limit 979
current timestep 94
num of flexible agents: 8
num of flexible tasks: 155
Solving time: 0.000335027 seconds
plan limit 980
current timestep 95
num of flexible agents: 8
num of flexible tasks: 151
Solving time: 0.000304108 seconds
plan limit 980
current timestep 96
num of flexible agents: 5
num of flexible tasks: 146
Solving time: 0.000290186 seconds
plan limit 980
current timestep 97
num of flexible agents: 7
num of flexible tasks: 144
Solving time: 0.000310008 seconds
plan limit 980
current timestep 98
num of flexible agents: 6
num of flexible tasks: 141
Solving time: 0.000303549 seconds
plan limit 980
current timestep 99
num of flexible agents: 5
num of flexible tasks: 139
Solving time: 0.000294158 seconds
plan limit 980
current timestep 100
num of flexible agents: 8
num of flexible tasks: 138
Solving time: 0.000297303 seconds
plan limit 980
current timestep 101
num of flexible agents: 8
num of flexible tasks: 134
Solving time: 0.000310773 seconds
plan limit 980
current timestep 102
num of flexible agents: 10
num of flexible tasks: 131
Solving time: 0.000333907 seconds
plan limit 980
current timestep 103
num of flexible agents: 10
num of flexible tasks: 128
Solving time: 0.000296483 seconds
plan limit 980
current timestep 104
num of flexible agents: 10
num of flexible tasks: 124
Solving time: 0.000280826 seconds
plan limit 980
current timestep 105
num of flexible agents: 10
num of flexible tasks: 121
Solving time: 0.000311483 seconds
plan limit 980
current timestep 106
num of flexible agents: 10
num of flexible tasks: 118
Solving time: 0.000310181 seconds
plan limit 980
current timestep 107
num of flexible agents: 9
num of flexible tasks: 113
Solving time: 0.000304184 seconds
plan limit 980
current timestep 108
num of flexible agents: 7
num of flexible tasks: 108
Solving time: 0.000312716 seconds
plan limit 980
current timestep 109
num of flexible agents: 8
num of flexible tasks: 107
Solving time: 0.000332382 seconds
plan limit 980
current timestep 110
num of flexible agents: 11
num of flexible tasks: 106
Solving time: 0.000303201 seconds
plan limit 980
current timestep 111
num of flexible agents: 12
num of flexible tasks: 104
Solving time: 0.000345052 seconds
plan limit 980
current timestep 112
num of flexible agents: 14
num of flexible tasks: 101
Solving time: 0.000327045 seconds
plan limit 980
current timestep 113
num of flexible agents: 14
num of flexible tasks: 98
Solving time: 0.000337051 seconds
plan limit 980
current timestep 114
num of flexible agents: 13
num of flexible tasks: 94
Solving time: 0.000359977 seconds
plan limit 980
current timestep 115
num of flexible agents: 17
num of flexible tasks: 90
Solving time: 0.000296495 seconds
plan limit 980
current timestep 116
num of flexible agents: 13
num of flexible tasks: 84
Solving time: 0.000344499 seconds
plan limit 980
current timestep 117
num of flexible agents: 10
num of flexible tasks: 79
Solving time: 0.000324891 seconds
plan limit 980
current timestep 118
num of flexible agents: 13
num of flexible tasks: 78
Solving time: 0.000330215 seconds
plan limit 980
current timestep 119
num of flexible agents: 11
num of flexible tasks: 74
Solving time: 0.000355881 seconds
plan limit 980
current timestep 120
num of flexible agents: 11
num of flexible tasks: 72
Solving time: 0.000338866 seconds
plan limit 980
current timestep 121
num of flexible agents: 12
num of flexible tasks: 71
Solving time: 0.000330143 seconds
plan limit 980
current timestep 122
num of flexible agents: 17
num of flexible tasks: 71
Solving time: 0.000327588 seconds
plan limit 980
current timestep 123
num of flexible agents: 18
num of flexible tasks: 69
Solving time: 0.000362817 seconds
plan limit 980
current timestep 124
num of flexible agents: 17
num of flexible tasks: 67
Solving time: 0.000336867 seconds
plan limit 980
current timestep 125
num of flexible agents: 17
num of flexible tasks: 67
Solving time: 0.000351007 seconds
plan limit 980
current timestep 126
num of flexible agents: 13
num of flexible tasks: 62
Solving time: 0.000337859 seconds
plan limit 980
current timestep 127
num of flexible agents: 15
num of flexible tasks: 59
Solving time: 0.00035034 seconds
plan limit 980
current timestep 128
num of flexible agents: 15
num of flexible tasks: 57
Solving time: 0.000349748 seconds
plan limit 980
current timestep 129
num of flexible agents: 17
num of flexible tasks: 54
Solving time: 0.000400624 seconds
plan limit 980
current timestep 130
num of flexible agents: 13
num of flexible tasks: 50
Solving time: 0.000347303 seconds
plan limit 980
current timestep 131
num of flexible agents: 14
num of flexible tasks: 49
Solving time: 0.000316879 seconds
plan limit 980
current timestep 132
num of flexible agents: 11
num of flexible tasks: 45
Solving time: 0.000341336 seconds
plan limit 980
current timestep 133
num of flexible agents: 16
num of flexible tasks: 43
Solving time: 0.000348796 seconds
plan limit 980
current timestep 134
num of flexible agents: 16
num of flexible tasks: 41
Solving time: 0.000383212 seconds
plan limit 980
current timestep 135
num of flexible agents: 18
num of flexible tasks: 38
Solving time: 0.000379654 seconds
plan limit 980
current timestep 136
num of flexible agents: 20
num of flexible tasks: 36
Solving time: 0.000359279 seconds
plan limit 980
current timestep 137
num of flexible agents: 22
num of flexible tasks: 34
Solving time: 0.000511573 seconds
plan limit 980
current timestep 138
num of flexible agents: 22
num of flexible tasks: 31
Solving time: 0.00042628 seconds
plan limit 980
current timestep 139
num of flexible agents: 22
num of flexible tasks: 29
Solving time: 0.000420692 seconds
plan limit 980
current timestep 140
num of flexible agents: 24
num of flexible tasks: 28
Solving time: 0.00043391 seconds
plan limit 980
current timestep 141
num of flexible agents: 24
num of flexible tasks: 26
Solving time: 0.000494729 seconds
plan limit 980
current timestep 142
num of flexible agents: 26
num of flexible tasks: 25
Solving time: 0.000418352 seconds
plan limit 980
current timestep 143
num of flexible agents: 26
num of flexible tasks: 23
Solving time: 0.000454517 seconds
plan limit 980
current timestep 144
num of flexible agents: 26
num of flexible tasks: 21
Solving time: 0.000366687 seconds
plan limit 980
current timestep 145
num of flexible agents: 24
num of flexible tasks: 17
Solving time: 0.000363634 seconds
plan limit 980
current timestep 146
num of flexible agents: 23
num of flexible tasks: 15
Solving time: 0.00031242 seconds
plan limit 980
current timestep 147
num of flexible agents: 24
num of flexible tasks: 14
Solving time: 0.00031898 seconds
plan limit 980
current timestep 148
num of flexible agents: 25
num of flexible tasks: 10
Solving time: 0.000291219 seconds
plan limit 980
current timestep 149
num of flexible agents: 25
num of flexible tasks: 8
Solving time: 0.00025719 seconds
plan limit 980
current timestep 150
num of flexible agents: 26
num of flexible tasks: 6
Solving time: 0.000250461 seconds
plan limit 980
current timestep 151
num of flexible agents: 27
num of flexible tasks: 4
Solving time: 0.000284205 seconds
plan limit 980
current timestep 152
num of flexible agents: 28
num of flexible tasks: 4
Solving time: 0.000253688 seconds
plan limit 980
current timestep 153
num of flexible agents: 29
num of flexible tasks: 4
Solving time: 0.000219225 seconds
plan limit 980
current timestep 154
num of flexible agents: 29
num of flexible tasks: 4
Solving time: 0.000234257 seconds
plan limit 980
current timestep 155
num of flexible agents: 29
num of flexible tasks: 2
Solving time: 0.000243812 seconds
plan limit 980
current timestep 156
num of flexible agents: 33
num of flexible tasks: 2
Solving time: 0.000226085 seconds
plan limit 980
current timestep 157
num of flexible agents: 37
num of flexible tasks: 2
Solving time: 0.000211337 seconds
plan limit 980
current timestep 158
num of flexible agents: 39
num of flexible tasks: 0
Solving time: 0.000204509 seconds
plan limit 980
current timestep 159
num of flexible agents: 41
num of flexible tasks: 0
Solving time: 0.000204179 seconds
plan limit 980
current timestep 160
num of flexible agents: 43
num of flexible tasks: 0
Solving time: 0.000190029 seconds
plan limit 980
current timestep 161
num of flexible agents: 46
num of flexible tasks: 0
Solving time: 0.000216189 seconds
plan limit 980
current timestep 162
num of flexible agents: 48
num of flexible tasks: 0
Solving time: 0.000194701 seconds
plan limit 980
current timestep 163
num of flexible agents: 48
num of flexible tasks: 0
Solving time: 0.000203443 seconds
plan limit 980
current timestep 164
num of flexible agents: 49
num of flexible tasks: 0
Solving time: 0.000212962 seconds
plan limit 980
current timestep 165
num of flexible agents: 50
num of flexible tasks: 0
Solving time: 0.000192575 seconds
plan limit 980
current timestep 166
num of flexible agents: 50
num of flexible tasks: 0
Solving time: 0.000198609 seconds
plan limit 980
current timestep 167
num of flexible agents: 54
num of flexible tasks: 0
Solving time: 0.000200289 seconds
plan limit 980
current timestep 168
num of flexible agents: 55
num of flexible tasks: 0
Solving time: 0.000200124 seconds
plan limit 980
current timestep 169
num of flexible agents: 56
num of flexible tasks: 0
Solving time: 0.00020039 seconds
plan limit 980
current timestep 170
num of flexible agents: 61
num of flexible tasks: 0
Solving time: 0.000216891 seconds
plan limit 980
current timestep 171
num of flexible agents: 63
num of flexible tasks: 0
Solving time: 0.000209992 seconds
plan limit 980
current timestep 172
num of flexible agents: 63
num of flexible tasks: 0
Solving time: 0.000233571 seconds
plan limit 980
current timestep 173
num of flexible agents: 63
num of flexible tasks: 0
Solving time: 0.000215823 seconds
plan limit 980
current timestep 174
num of flexible agents: 67
num of flexible tasks: 0
Solving time: 0.000215375 seconds
plan limit 980
current timestep 175
num of flexible agents: 68
num of flexible tasks: 0
Solving time: 0.000196167 seconds
plan limit 980
current timestep 176
num of flexible agents: 69
num of flexible tasks: 0
Solving time: 0.000243236 seconds
plan limit 980
current timestep 177
num of flexible agents: 73
num of flexible tasks: 0
Solving time: 0.000209897 seconds
plan limit 980
current timestep 178
num of flexible agents: 75
num of flexible tasks: 0
Solving time: 0.000204253 seconds
plan limit 980
current timestep 179
num of flexible agents: 75
num of flexible tasks: 0
Solving time: 0.000246753 seconds
plan limit 980
current timestep 180
num of flexible agents: 75
num of flexible tasks: 0
Solving time: 0.000209187 seconds
plan limit 980
current timestep 181
num of flexible agents: 76
num of flexible tasks: 0
Solving time: 0.000215391 seconds
plan limit 980
current timestep 182
num of flexible agents: 77
num of flexible tasks: 0
Solving time: 0.000203247 seconds
plan limit 980
current timestep 183
num of flexible agents: 77
num of flexible tasks: 0
Solving time: 0.000229928 seconds
plan limit 980
current timestep 184
num of flexible agents: 77
num of flexible tasks: 0
Solving time: 0.000212995 seconds
plan limit 980
current timestep 185
num of flexible agents: 77
num of flexible tasks: 0
Solving time: 0.000233124 seconds
plan limit 980
current timestep 186
num of flexible agents: 77
num of flexible tasks: 0
Solving time: 0.000201592 seconds
plan limit 980
current timestep 187
num of flexible agents: 77
num of flexible tasks: 0
Solving time: 0.000224622 seconds
plan limit 980
current timestep 188
num of flexible agents: 77
num of flexible tasks: 0
Solving time: 0.000217315 seconds
plan limit 980
current timestep 189
num of flexible agents: 77
num of flexible tasks: 0
Solving time: 0.000192537 seconds
plan limit 980
current timestep 190
num of flexible agents: 78
num of flexible tasks: 0
Solving time: 0.000228167 seconds
plan limit 980
current timestep 191
num of flexible agents: 78
num of flexible tasks: 0
Solving time: 0.000218691 seconds
plan limit 980
current timestep 192
num of flexible agents: 78
num of flexible tasks: 0
Solving time: 0.000222627 seconds
plan limit 980
current timestep 193
num of flexible agents: 78
num of flexible tasks: 0
Solving time: 0.000200961 seconds
plan limit 980
current timestep 194
num of flexible agents: 78
num of flexible tasks: 0
Solving time: 0.000230811 seconds
plan limit 980
current timestep 195
num of flexible agents: 78
num of flexible tasks: 0
Solving time: 0.000198556 seconds
plan limit 980
current timestep 196
num of flexible agents: 78
num of flexible tasks: 0
Solving time: 0.000213102 seconds
plan limit 980
current timestep 197
num of flexible agents: 79
num of flexible tasks: 0
Solving time: 0.000223563 seconds
plan limit 980
All tasks finished at timestep 198
