current timestep 0
num of flexible agents: 80
num of flexible tasks: 10
Solving time: 0.00038175 seconds
plan limit 980
current timestep 1
num of flexible agents: 78
num of flexible tasks: 18
Solving time: 0.000373505 seconds
plan limit 980
current timestep 2
num of flexible agents: 73
num of flexible tasks: 23
Solving time: 0.000383436 seconds
plan limit 980
current timestep 3
num of flexible agents: 69
num of flexible tasks: 29
Solving time: 0.000434847 seconds
plan limit 980
current timestep 4
num of flexible agents: 67
num of flexible tasks: 37
Solving time: 0.000477489 seconds
plan limit 980
current timestep 5
num of flexible agents: 63
num of flexible tasks: 43
Solving time: 0.000515895 seconds
plan limit 980
current timestep 6
num of flexible agents: 61
num of flexible tasks: 51
Solving time: 0.000540868 seconds
plan limit 980
current timestep 7
num of flexible agents: 57
num of flexible tasks: 57
Solving time: 0.000618526 seconds
plan limit 980
current timestep 8
num of flexible agents: 52
num of flexible tasks: 62
Solving time: 0.000448385 seconds
plan limit 980
current timestep 9
num of flexible agents: 44
num of flexible tasks: 63
Solving time: 0.000433056 seconds
plan limit 980
current timestep 10
num of flexible agents: 32
num of flexible tasks: 61
Solving time: 0.000389203 seconds
plan limit 980
current timestep 11
num of flexible agents: 27
num of flexible tasks: 64
Solving time: 0.000378511 seconds
plan limit 980
current timestep 12
num of flexible agents: 19
num of flexible tasks: 64
Solving time: 0.00030563 seconds
plan limit 980
current timestep 13
num of flexible agents: 15
num of flexible tasks: 70
Solving time: 0.000318831 seconds
plan limit 980
current timestep 14
num of flexible agents: 15
num of flexible tasks: 79
Solving time: 0.000310281 seconds
plan limit 980
current timestep 15
num of flexible agents: 8
num of flexible tasks: 82
Solving time: 0.000262676 seconds
plan limit 980
current timestep 16
num of flexible agents: 5
num of flexible tasks: 87
Solving time: 0.000298981 seconds
plan limit 980
current timestep 17
num of flexible agents: 5
num of flexible tasks: 94
Solving time: 0.000290947 seconds
plan limit 980
current timestep 18
num of flexible agents: 5
num of flexible tasks: 102
Solving time: 0.000273348 seconds
plan limit 980
current timestep 19
num of flexible agents: 6
num of flexible tasks: 111
Solving time: 0.000289406 seconds
plan limit 980
current timestep 20
num of flexible agents: 6
num of flexible tasks: 117
Solving time: 0.000288955 seconds
plan limit 980
current timestep 21
num of flexible agents: 9
num of flexible tasks: 126
Solving time: 0.000302465 seconds
plan limit 980
current timestep 22
num of flexible agents: 6
num of flexible tasks: 131
Solving time: 0.000266036 seconds
plan limit 980
current timestep 23
num of flexible agents: 5
num of flexible tasks: 137
Solving time: 0.00029117 seconds
plan limit 980
current timestep 24
num of flexible agents: 5
num of flexible tasks: 145
Solving time: 0.000804496 seconds
plan limit 980
current timestep 25
num of flexible agents: 2
num of flexible tasks: 151
Solving time: 0.000782183 seconds
plan limit 980
current timestep 26
num of flexible agents: 4
num of flexible tasks: 159
Solving time: 0.000820865 seconds
plan limit 980
current timestep 27
num of flexible agents: 5
num of flexible tasks: 166
Solving time: 0.000816529 seconds
plan limit 979
current timestep 28
num of flexible agents: 3
num of flexible tasks: 172
Solving time: 0.000770356 seconds
plan limit 980
current timestep 29
num of flexible agents: 2
num of flexible tasks: 179
Solving time: 0.000734759 seconds
plan limit 980
current timestep 30
num of flexible agents: 3
num of flexible tasks: 187
Solving time: 0.000742738 seconds
plan limit 980
current timestep 31
num of flexible agents: 3
num of flexible tasks: 194
Solving time: 0.000781901 seconds
plan limit 980
current timestep 32
num of flexible agents: 4
num of flexible tasks: 204
Solving time: 0.000754953 seconds
plan limit 980
current timestep 33
num of flexible agents: 2
num of flexible tasks: 212
Solving time: 0.00069321 seconds
plan limit 980
current timestep 34
num of flexible agents: 3
num of flexible tasks: 221
Solving time: 0.000819629 seconds
plan limit 980
current timestep 35
num of flexible agents: 5
num of flexible tasks: 229
Solving time: 0.000851494 seconds
plan limit 979
current timestep 36
num of flexible agents: 4
num of flexible tasks: 235
Solving time: 0.00083283 seconds
plan limit 980
current timestep 37
num of flexible agents: 8
num of flexible tasks: 243
Solving time: 0.000308892 seconds
plan limit 980
current timestep 38
num of flexible agents: 5
num of flexible tasks: 248
Solving time: 0.00083378 seconds
plan limit 980
current timestep 39
num of flexible agents: 5
num of flexible tasks: 253
Solving time: 0.000801975 seconds
plan limit 980
current timestep 40
num of flexible agents: 2
num of flexible tasks: 258
Solving time: 0.000736094 seconds
plan limit 980
current timestep 41
num of flexible agents: 1
num of flexible tasks: 266
Solving time: 0.000576986 seconds
plan limit 980
current timestep 42
num of flexible agents: 3
num of flexible tasks: 275
Solving time: 0.00073958 seconds
plan limit 980
current timestep 43
num of flexible agents: 4
num of flexible tasks: 283
Solving time: 0.000806286 seconds
plan limit 980
current timestep 44
num of flexible agents: 3
num of flexible tasks: 289
Solving time: 0.000786243 seconds
plan limit 980
current timestep 45
num of flexible agents: 6
num of flexible tasks: 297
Solving time: 0.000841884 seconds
plan limit 979
current timestep 46
num of flexible agents: 1
num of flexible tasks: 301
Solving time: 0.000531851 seconds
plan limit 980
current timestep 47
num of flexible agents: 4
num of flexible tasks: 310
Solving time: 0.000775673 seconds
plan limit 980
current timestep 48
num of flexible agents: 2
num of flexible tasks: 317
Solving time: 0.000759991 seconds
plan limit 980
current timestep 49
num of flexible agents: 3
num of flexible tasks: 325
Solving time: 0.000770751 seconds
plan limit 980
current timestep 50
num of flexible agents: 4
num of flexible tasks: 322
Solving time: 0.000757431 seconds
plan limit 980
current timestep 51
num of flexible agents: 3
num of flexible tasks: 318
Solving time: 0.000769214 seconds
plan limit 980
current timestep 52
num of flexible agents: 1
num of flexible tasks: 315
Solving time: 0.000536795 seconds
plan limit 980
current timestep 53
num of flexible agents: 7
num of flexible tasks: 314
Solving time: 0.000252245 seconds
plan limit 980
current timestep 54
num of flexible agents: 3
num of flexible tasks: 307
Solving time: 0.000764333 seconds
plan limit 980
current timestep 55
num of flexible agents: 5
num of flexible tasks: 304
Solving time: 0.000795061 seconds
plan limit 980
current timestep 56
num of flexible agents: 6
num of flexible tasks: 302
Solving time: 0.000804703 seconds
plan limit 980
current timestep 57
num of flexible agents: 5
num of flexible tasks: 298
Solving time: 0.000921968 seconds
plan limit 979
current timestep 58
num of flexible agents: 4
num of flexible tasks: 293
Solving time: 0.000718551 seconds
plan limit 980
current timestep 59
num of flexible agents: 6
num of flexible tasks: 289
Solving time: 0.000803069 seconds
plan limit 980
current timestep 60
num of flexible agents: 5
num of flexible tasks: 285
Solving time: 0.000804023 seconds
plan limit 980
current timestep 61
num of flexible agents: 4
num of flexible tasks: 281
Solving time: 0.000777329 seconds
plan limit 980
current timestep 62
num of flexible agents: 5
num of flexible tasks: 277
Solving time: 0.000799314 seconds
plan limit 980
current timestep 63
num of flexible agents: 6
num of flexible tasks: 272
Solving time: 0.000792173 seconds
plan limit 980
current timestep 64
num of flexible agents: 4
num of flexible tasks: 267
Solving time: 0.00076626 seconds
plan limit 980
current timestep 65
num of flexible agents: 4
num of flexible tasks: 264
Solving time: 0.000785836 seconds
plan limit 980
current timestep 66
num of flexible agents: 4
num of flexible tasks: 262
Solving time: 0.000794362 seconds
plan limit 980
current timestep 67
num of flexible agents: 2
num of flexible tasks: 260
Solving time: 0.000686156 seconds
plan limit 980
current timestep 68
num of flexible agents: 6
num of flexible tasks: 259
Solving time: 0.000819033 seconds
plan limit 980
current timestep 69
num of flexible agents: 6
num of flexible tasks: 256
Solving time: 0.000877329 seconds
plan limit 979
current timestep 70
num of flexible agents: 4
num of flexible tasks: 252
Solving time: 0.000799239 seconds
plan limit 980
current timestep 71
num of flexible agents: 3
num of flexible tasks: 249
Solving time: 0.00075123 seconds
plan limit 980
current timestep 72
num of flexible agents: 4
num of flexible tasks: 247
Solving time: 0.000778769 seconds
plan limit 980
current timestep 73
num of flexible agents: 5
num of flexible tasks: 244
Solving time: 0.000804751 seconds
plan limit 980
current timestep 74
num of flexible agents: 5
num of flexible tasks: 242
Solving time: 0.000811776 seconds
plan limit 980
current timestep 75
num of flexible agents: 8
num of flexible tasks: 240
Solving time: 0.000295351 seconds
plan limit 980
current timestep 76
num of flexible agents: 9
num of flexible tasks: 236
Solving time: 0.000307528 seconds
plan limit 980
current timestep 77
num of flexible agents: 7
num of flexible tasks: 229
Solving time: 0.000271245 seconds
plan limit 980
current timestep 78
num of flexible agents: 4
num of flexible tasks: 224
Solving time: 0.000832451 seconds
plan limit 979
current timestep 79
num of flexible agents: 4
num of flexible tasks: 223
Solving time: 0.000788375 seconds
plan limit 980
current timestep 80
num of flexible agents: 8
num of flexible tasks: 221
Solving time: 0.000299345 seconds
plan limit 980
current timestep 81
num of flexible agents: 5
num of flexible tasks: 214
Solving time: 0.000842597 seconds
plan limit 979
current timestep 82
num of flexible agents: 6
num of flexible tasks: 211
Solving time: 0.000294124 seconds
plan limit 980
current timestep 83
num of flexible agents: 5
num of flexible tasks: 207
Solving time: 0.000825177 seconds
plan limit 979
current timestep 84
num of flexible agents: 9
num of flexible tasks: 205
Solving time: 0.00033833 seconds
plan limit 980
current timestep 85
num of flexible agents: 7
num of flexible tasks: 199
Solving time: 0.000329791 seconds
plan limit 980
current timestep 86
num of flexible agents: 5
num of flexible tasks: 194
Solving time: 0.000816482 seconds
plan limit 980
current timestep 87
num of flexible agents: 5
num of flexible tasks: 189
Solving time: 0.000918607 seconds
plan limit 979
current timestep 88
num of flexible agents: 5
num of flexible tasks: 187
Solving time: 0.000816091 seconds
plan limit 980
current timestep 89
num of flexible agents: 8
num of flexible tasks: 185
Solving time: 0.000339231 seconds
plan limit 980
current timestep 90
num of flexible agents: 7
num of flexible tasks: 182
Solving time: 0.000338611 seconds
plan limit 980
current timestep 91
num of flexible agents: 7
num of flexible tasks: 180
Solving time: 0.000305416 seconds
plan limit 980
current timestep 92
num of flexible agents: 7
num of flexible tasks: 179
Solving time: 0.000305844 seconds
plan limit 980
current timestep 93
num of flexible agents: 7
num of flexible tasks: 177
Solving time: 0.000297621 seconds
plan limit 980
current timestep 94
num of flexible agents: 7
num of flexible tasks: 174
Solving time: 0.000284712 seconds
plan limit 980
current timestep 95
num of flexible agents: 9
num of flexible tasks: 169
Solving time: 0.000299981 seconds
plan limit 980
current timestep 96
num of flexible agents: 10
num of flexible tasks: 166
Solving time: 0.000315677 seconds
plan limit 980
current timestep 97
num of flexible agents: 9
num of flexible tasks: 160
Solving time: 0.00028819 seconds
plan limit 980
current timestep 98
num of flexible agents: 11
num of flexible tasks: 157
Solving time: 0.000295491 seconds
plan limit 980
current timestep 99
num of flexible agents: 9
num of flexible tasks: 150
Solving time: 0.000320758 seconds
plan limit 980
current timestep 100
num of flexible agents: 7
num of flexible tasks: 146
Solving time: 0.000303946 seconds
plan limit 980
current timestep 101
num of flexible agents: 8
num of flexible tasks: 144
Solving time: 0.000293948 seconds
plan limit 980
current timestep 102
num of flexible agents: 9
num of flexible tasks: 140
Solving time: 0.000331828 seconds
plan limit 980
current timestep 103
num of flexible agents: 3
num of flexible tasks: 132
Solving time: 0.00079344 seconds
plan limit 980
current timestep 104
num of flexible agents: 4
num of flexible tasks: 130
Solving time: 0.000827775 seconds
plan limit 979
current timestep 105
num of flexible agents: 4
num of flexible tasks: 129
Solving time: 0.000902648 seconds
plan limit 979
current timestep 106
num of flexible agents: 4
num of flexible tasks: 127
Solving time: 0.000872082 seconds
plan limit 979
current timestep 107
num of flexible agents: 9
num of flexible tasks: 127
Solving time: 0.000326544 seconds
plan limit 980
current timestep 108
num of flexible agents: 6
num of flexible tasks: 124
Solving time: 0.000288545 seconds
plan limit 980
current timestep 109
num of flexible agents: 7
num of flexible tasks: 122
Solving time: 0.000256681 seconds
plan limit 980
current timestep 110
num of flexible agents: 5
num of flexible tasks: 119
Solving time: 0.000273592 seconds
plan limit 980
current timestep 111
num of flexible agents: 7
num of flexible tasks: 116
Solving time: 0.000297096 seconds
plan limit 980
current timestep 112
num of flexible agents: 13
num of flexible tasks: 113
Solving time: 0.000311669 seconds
plan limit 980
current timestep 113
num of flexible agents: 8
num of flexible tasks: 107
Solving time: 0.000308388 seconds
plan limit 980
current timestep 114
num of flexible agents: 8
num of flexible tasks: 103
Solving time: 0.000328659 seconds
plan limit 980
current timestep 115
num of flexible agents: 10
num of flexible tasks: 102
Solving time: 0.000300637 seconds
plan limit 980
current timestep 116
num of flexible agents: 11
num of flexible tasks: 99
Solving time: 0.000321529 seconds
plan limit 980
current timestep 117
num of flexible agents: 8
num of flexible tasks: 96
Solving time: 0.000275402 seconds
plan limit 980
current timestep 118
num of flexible agents: 10
num of flexible tasks: 95
Solving time: 0.000294582 seconds
plan limit 980
current timestep 119
num of flexible agents: 7
num of flexible tasks: 91
Solving time: 0.000291637 seconds
plan limit 980
current timestep 120
num of flexible agents: 8
num of flexible tasks: 86
Solving time: 0.000320984 seconds
plan limit 980
current timestep 121
num of flexible agents: 13
num of flexible tasks: 85
Solving time: 0.000332138 seconds
plan limit 980
current timestep 122
num of flexible agents: 13
num of flexible tasks: 80
Solving time: 0.000309724 seconds
plan limit 980
current timestep 123
num of flexible agents: 13
num of flexible tasks: 78
Solving time: 0.000330267 seconds
plan limit 980
current timestep 124
num of flexible agents: 11
num of flexible tasks: 76
Solving time: 0.000334437 seconds
plan limit 980
current timestep 125
num of flexible agents: 10
num of flexible tasks: 74
Solving time: 0.000325294 seconds
plan limit 980
current timestep 126
num of flexible agents: 12
num of flexible tasks: 72
Solving time: 0.000339345 seconds
plan limit 980
current timestep 127
num of flexible agents: 16
num of flexible tasks: 72
Solving time: 0.000356391 seconds
plan limit 980
current timestep 128
num of flexible agents: 15
num of flexible tasks: 68
Solving time: 0.000336621 seconds
plan limit 980
current timestep 129
num of flexible agents: 14
num of flexible tasks: 64
Solving time: 0.000338513 seconds
plan limit 980
current timestep 130
num of flexible agents: 13
num of flexible tasks: 60
Solving time: 0.000392277 seconds
plan limit 980
current timestep 131
num of flexible agents: 12
num of flexible tasks: 58
Solving time: 0.000324875 seconds
plan limit 980
current timestep 132
num of flexible agents: 13
num of flexible tasks: 57
Solving time: 0.000331941 seconds
plan limit 980
current timestep 133
num of flexible agents: 16
num of flexible tasks: 55
Solving time: 0.000323442 seconds
plan limit 980
current timestep 134
num of flexible agents: 14
num of flexible tasks: 51
Solving time: 0.000346471 seconds
plan limit 980
current timestep 135
num of flexible agents: 16
num of flexible tasks: 50
Solving time: 0.000391791 seconds
plan limit 980
current timestep 136
num of flexible agents: 19
num of flexible tasks: 49
Solving time: 0.000366236 seconds
plan limit 980
current timestep 137
num of flexible agents: 20
num of flexible tasks: 46
Solving time: 0.000356289 seconds
plan limit 980
current timestep 138
num of flexible agents: 16
num of flexible tasks: 42
Solving time: 0.000368115 seconds
plan limit 980
current timestep 139
num of flexible agents: 17
num of flexible tasks: 41
Solving time: 0.000401981 seconds
plan limit 980
current timestep 140
num of flexible agents: 16
num of flexible tasks: 36
Solving time: 0.000387393 seconds
plan limit 980
current timestep 141
num of flexible agents: 19
num of flexible tasks: 35
Solving time: 0.000430695 seconds
plan limit 980
current timestep 142
num of flexible agents: 20
num of flexible tasks: 34
Solving time: 0.000411224 seconds
plan limit 980
current timestep 143
num of flexible agents: 17
num of flexible tasks: 30
Solving time: 0.000388061 seconds
plan limit 980
current timestep 144
num of flexible agents: 18
num of flexible tasks: 29
Solving time: 0.000397884 seconds
plan limit 980
current timestep 145
num of flexible agents: 24
num of flexible tasks: 27
Solving time: 0.0004218 seconds
plan limit 980
current timestep 146
num of flexible agents: 28
num of flexible tasks: 24
Solving time: 0.000479888 seconds
plan limit 980
current timestep 147
num of flexible agents: 28
num of flexible tasks: 22
Solving time: 0.000416702 seconds
plan limit 980
current timestep 148
num of flexible agents: 31
num of flexible tasks: 20
Solving time: 0.000391256 seconds
plan limit 980
current timestep 149
num of flexible agents: 32
num of flexible tasks: 16
Solving time: 0.000362903 seconds
plan limit 980
current timestep 150
num of flexible agents: 33
num of flexible tasks: 15
Solving time: 0.000353447 seconds
plan limit 980
current timestep 151
num of flexible agents: 36
num of flexible tasks: 13
Solving time: 0.00028178 seconds
plan limit 980
current timestep 152
num of flexible agents: 36
num of flexible tasks: 12
Solving time: 0.000358775 seconds
plan limit 980
current timestep 153
num of flexible agents: 35
num of flexible tasks: 9
Solving time: 0.000254561 seconds
plan limit 980
current timestep 154
num of flexible agents: 36
num of flexible tasks: 9
Solving time: 0.000252302 seconds
plan limit 980
current timestep 155
num of flexible agents: 38
num of flexible tasks: 7
Solving time: 0.000249295 seconds
plan limit 980
current timestep 156
num of flexible agents: 38
num of flexible tasks: 7
Solving time: 0.000229506 seconds
plan limit 980
current timestep 157
num of flexible agents: 34
num of flexible tasks: 3
Solving time: 0.000276767 seconds
plan limit 980
current timestep 158
num of flexible agents: 38
num of flexible tasks: 2
Solving time: 0.000241097 seconds
plan limit 980
current timestep 159
num of flexible agents: 41
num of flexible tasks: 2
Solving time: 0.00026539 seconds
plan limit 980
current timestep 160
num of flexible agents: 43
num of flexible tasks: 2
Solving time: 0.000239028 seconds
plan limit 980
current timestep 161
num of flexible agents: 44
num of flexible tasks: 1
Solving time: 0.000218586 seconds
plan limit 980
current timestep 162
num of flexible agents: 48
num of flexible tasks: 1
Solving time: 0.000227431 seconds
plan limit 980
current timestep 163
num of flexible agents: 50
num of flexible tasks: 1
Solving time: 0.000224821 seconds
plan limit 980
current timestep 164
num of flexible agents: 52
num of flexible tasks: 1
Solving time: 0.000232059 seconds
plan limit 980
current timestep 165
num of flexible agents: 53
num of flexible tasks: 1
Solving time: 0.000224603 seconds
plan limit 980
current timestep 166
num of flexible agents: 56
num of flexible tasks: 1
Solving time: 0.000225717 seconds
plan limit 980
current timestep 167
num of flexible agents: 55
num of flexible tasks: 0
Solving time: 0.000210391 seconds
plan limit 980
current timestep 168
num of flexible agents: 56
num of flexible tasks: 0
Solving time: 0.000225326 seconds
plan limit 980
current timestep 169
num of flexible agents: 58
num of flexible tasks: 0
Solving time: 0.000213927 seconds
plan limit 980
current timestep 170
num of flexible agents: 60
num of flexible tasks: 0
Solving time: 0.000215891 seconds
plan limit 980
current timestep 171
num of flexible agents: 61
num of flexible tasks: 0
Solving time: 0.000223012 seconds
plan limit 980
current timestep 172
num of flexible agents: 66
num of flexible tasks: 0
Solving time: 0.000215216 seconds
plan limit 980
current timestep 173
num of flexible agents: 67
num of flexible tasks: 0
Solving time: 0.000235319 seconds
plan limit 980
current timestep 174
num of flexible agents: 67
num of flexible tasks: 0
Solving time: 0.000221848 seconds
plan limit 980
current timestep 175
num of flexible agents: 68
num of flexible tasks: 0
Solving time: 0.000259042 seconds
plan limit 980
current timestep 176
num of flexible agents: 71
num of flexible tasks: 0
Solving time: 0.000225771 seconds
plan limit 980
current timestep 177
num of flexible agents: 73
num of flexible tasks: 0
Solving time: 0.000230946 seconds
plan limit 980
current timestep 178
num of flexible agents: 74
num of flexible tasks: 0
Solving time: 0.000235419 seconds
plan limit 980
current timestep 179
num of flexible agents: 74
num of flexible tasks: 0
Solving time: 0.000237821 seconds
plan limit 980
current timestep 180
num of flexible agents: 74
num of flexible tasks: 0
Solving time: 0.000231492 seconds
plan limit 980
current timestep 181
num of flexible agents: 76
num of flexible tasks: 0
Solving time: 0.000214884 seconds
plan limit 980
current timestep 182
num of flexible agents: 76
num of flexible tasks: 0
Solving time: 0.000211337 seconds
plan limit 980
current timestep 183
num of flexible agents: 76
num of flexible tasks: 0
Solving time: 0.000231671 seconds
plan limit 980
current timestep 184
num of flexible agents: 76
num of flexible tasks: 0
Solving time: 0.000238588 seconds
plan limit 980
current timestep 185
num of flexible agents: 77
num of flexible tasks: 0
Solving time: 0.000217915 seconds
plan limit 980
current timestep 186
num of flexible agents: 77
num of flexible tasks: 0
Solving time: 0.0002168 seconds
plan limit 980
current timestep 187
num of flexible agents: 77
num of flexible tasks: 0
Solving time: 0.000221499 seconds
plan limit 980
current timestep 188
num of flexible agents: 77
num of flexible tasks: 0
Solving time: 0.000209461 seconds
plan limit 980
current timestep 189
num of flexible agents: 78
num of flexible tasks: 0
Solving time: 0.000233279 seconds
plan limit 980
current timestep 190
num of flexible agents: 79
num of flexible tasks: 0
Solving time: 0.000228256 seconds
plan limit 980
current timestep 191
num of flexible agents: 79
num of flexible tasks: 0
Solving time: 0.000220933 seconds
plan limit 980
current timestep 192
num of flexible agents: 79
num of flexible tasks: 0
Solving time: 0.00021344 seconds
plan limit 980
current timestep 193
num of flexible agents: 79
num of flexible tasks: 0
Solving time: 0.000232481 seconds
plan limit 980
All tasks finished at timestep 194
