current timestep 0
num of flexible agents: 80
num of flexible tasks: 10
Solving time: 0.000324317 seconds
plan limit 980
current timestep 1
num of flexible agents: 74
num of flexible tasks: 14
Solving time: 0.000393013 seconds
plan limit 980
current timestep 2
num of flexible agents: 73
num of flexible tasks: 23
Solving time: 0.000410991 seconds
plan limit 980
current timestep 3
num of flexible agents: 68
num of flexible tasks: 28
Solving time: 0.00043187 seconds
plan limit 980
current timestep 4
num of flexible agents: 63
num of flexible tasks: 33
Solving time: 0.000507283 seconds
plan limit 980
current timestep 5
num of flexible agents: 59
num of flexible tasks: 39
Solving time: 0.000474627 seconds
plan limit 980
current timestep 6
num of flexible agents: 58
num of flexible tasks: 47
Solving time: 0.000509843 seconds
plan limit 980
current timestep 7
num of flexible agents: 51
num of flexible tasks: 50
Solving time: 0.000555728 seconds
plan limit 980
current timestep 8
num of flexible agents: 49
num of flexible tasks: 58
Solving time: 0.000526199 seconds
plan limit 980
current timestep 9
num of flexible agents: 40
num of flexible tasks: 58
Solving time: 0.000430511 seconds
plan limit 980
current timestep 10
num of flexible agents: 34
num of flexible tasks: 61
Solving time: 0.00036508 seconds
plan limit 980
current timestep 11
num of flexible agents: 29
num of flexible tasks: 66
Solving time: 0.000390305 seconds
plan limit 980
current timestep 12
num of flexible agents: 20
num of flexible tasks: 66
Solving time: 0.000380379 seconds
plan limit 980
current timestep 13
num of flexible agents: 18
num of flexible tasks: 73
Solving time: 0.000329434 seconds
plan limit 980
current timestep 14
num of flexible agents: 11
num of flexible tasks: 76
Solving time: 0.000306869 seconds
plan limit 980
current timestep 15
num of flexible agents: 8
num of flexible tasks: 82
Solving time: 0.000287983 seconds
plan limit 980
current timestep 16
num of flexible agents: 7
num of flexible tasks: 90
Solving time: 0.000284524 seconds
plan limit 980
current timestep 17
num of flexible agents: 4
num of flexible tasks: 96
Solving time: 0.000274529 seconds
plan limit 980
current timestep 18
num of flexible agents: 4
num of flexible tasks: 104
Solving time: 0.000277311 seconds
plan limit 980
current timestep 19
num of flexible agents: 6
num of flexible tasks: 111
Solving time: 0.000306271 seconds
plan limit 980
current timestep 20
num of flexible agents: 4
num of flexible tasks: 119
Solving time: 0.000311383 seconds
plan limit 980
current timestep 21
num of flexible agents: 5
num of flexible tasks: 129
Solving time: 0.000317539 seconds
plan limit 980
current timestep 22
num of flexible agents: 2
num of flexible tasks: 136
Solving time: 0.000801288 seconds
plan limit 980
current timestep 23
num of flexible agents: 2
num of flexible tasks: 145
Solving time: 0.000766281 seconds
plan limit 980
current timestep 24
num of flexible agents: 2
num of flexible tasks: 153
Solving time: 0.000758703 seconds
plan limit 980
current timestep 25
num of flexible agents: 6
num of flexible tasks: 162
Solving time: 0.000276683 seconds
plan limit 980
current timestep 26
num of flexible agents: 4
num of flexible tasks: 168
Solving time: 0.000836356 seconds
plan limit 979
current timestep 27
num of flexible agents: 7
num of flexible tasks: 176
Solving time: 0.000291936 seconds
plan limit 980
current timestep 28
num of flexible agents: 6
num of flexible tasks: 181
Solving time: 0.000293728 seconds
plan limit 980
current timestep 29
num of flexible agents: 7
num of flexible tasks: 187
Solving time: 0.000297857 seconds
plan limit 980
current timestep 30
num of flexible agents: 8
num of flexible tasks: 194
Solving time: 0.000305302 seconds
plan limit 980
current timestep 31
num of flexible agents: 4
num of flexible tasks: 199
Solving time: 0.000925454 seconds
plan limit 979
current timestep 32
num of flexible agents: 6
num of flexible tasks: 208
Solving time: 0.000294946 seconds
plan limit 980
current timestep 33
num of flexible agents: 5
num of flexible tasks: 213
Solving time: 0.000272141 seconds
plan limit 980
current timestep 34
num of flexible agents: 4
num of flexible tasks: 218
Solving time: 0.000805846 seconds
plan limit 980
current timestep 35
num of flexible agents: 4
num of flexible tasks: 225
Solving time: 0.000803752 seconds
plan limit 980
current timestep 36
num of flexible agents: 2
num of flexible tasks: 231
Solving time: 0.000716084 seconds
plan limit 980
current timestep 37
num of flexible agents: 6
num of flexible tasks: 239
Solving time: 0.000289273 seconds
plan limit 980
current timestep 38
num of flexible agents: 2
num of flexible tasks: 244
Solving time: 0.000684433 seconds
plan limit 980
current timestep 39
num of flexible agents: 7
num of flexible tasks: 252
Solving time: 0.000268993 seconds
plan limit 980
current timestep 40
num of flexible agents: 1
num of flexible tasks: 255
Solving time: 0.000434351 seconds
plan limit 980
current timestep 41
num of flexible agents: 4
num of flexible tasks: 265
Solving time: 0.000787716 seconds
plan limit 980
current timestep 42
num of flexible agents: 2
num of flexible tasks: 271
Solving time: 0.000690376 seconds
plan limit 980
current timestep 43
num of flexible agents: 5
num of flexible tasks: 280
Solving time: 0.000300593 seconds
plan limit 980
current timestep 44
num of flexible agents: 2
num of flexible tasks: 286
Solving time: 0.000658183 seconds
plan limit 980
current timestep 45
num of flexible agents: 5
num of flexible tasks: 294
Solving time: 0.000326703 seconds
plan limit 980
current timestep 46
num of flexible agents: 4
num of flexible tasks: 299
Solving time: 0.000776569 seconds
plan limit 980
current timestep 47
num of flexible agents: 4
num of flexible tasks: 306
Solving time: 0.000786796 seconds
plan limit 980
current timestep 48
num of flexible agents: 5
num of flexible tasks: 314
Solving time: 0.000313621 seconds
plan limit 980
current timestep 49
num of flexible agents: 1
num of flexible tasks: 319
Solving time: 0.000535733 seconds
plan limit 980
current timestep 50
num of flexible agents: 3
num of flexible tasks: 318
Solving time: 0.000735787 seconds
plan limit 980
current timestep 51
num of flexible agents: 6
num of flexible tasks: 316
Solving time: 0.000288607 seconds
plan limit 980
current timestep 52
num of flexible agents: 7
num of flexible tasks: 310
Solving time: 0.000259489 seconds
plan limit 980
current timestep 53
num of flexible agents: 9
num of flexible tasks: 306
Solving time: 0.000284994 seconds
plan limit 980
current timestep 54
num of flexible agents: 4
num of flexible tasks: 298
Solving time: 0.000862832 seconds
plan limit 979
current timestep 55
num of flexible agents: 2
num of flexible tasks: 295
Solving time: 0.000651411 seconds
plan limit 980
current timestep 56
num of flexible agents: 6
num of flexible tasks: 294
Solving time: 0.000276252 seconds
plan limit 980
current timestep 57
num of flexible agents: 4
num of flexible tasks: 289
Solving time: 0.00077501 seconds
plan limit 980
current timestep 58
num of flexible agents: 6
num of flexible tasks: 286
Solving time: 0.00035447 seconds
plan limit 980
current timestep 59
num of flexible agents: 4
num of flexible tasks: 281
Solving time: 0.000771145 seconds
plan limit 980
current timestep 60
num of flexible agents: 5
num of flexible tasks: 278
Solving time: 0.000300172 seconds
plan limit 980
current timestep 61
num of flexible agents: 5
num of flexible tasks: 275
Solving time: 0.000275463 seconds
plan limit 980
current timestep 62
num of flexible agents: 4
num of flexible tasks: 272
Solving time: 0.000795026 seconds
plan limit 980
current timestep 63
num of flexible agents: 2
num of flexible tasks: 268
Solving time: 0.000759221 seconds
plan limit 980
current timestep 64
num of flexible agents: 5
num of flexible tasks: 268
Solving time: 0.00027984 seconds
plan limit 980
current timestep 65
num of flexible agents: 5
num of flexible tasks: 265
Solving time: 0.000270848 seconds
plan limit 980
current timestep 66
num of flexible agents: 8
num of flexible tasks: 263
Solving time: 0.000300079 seconds
plan limit 980
current timestep 67
num of flexible agents: 4
num of flexible tasks: 258
Solving time: 0.000802251 seconds
plan limit 980
current timestep 68
num of flexible agents: 6
num of flexible tasks: 255
Solving time: 0.000284409 seconds
plan limit 980
current timestep 69
num of flexible agents: 7
num of flexible tasks: 251
Solving time: 0.000309751 seconds
plan limit 980
current timestep 70
num of flexible agents: 11
num of flexible tasks: 247
Solving time: 0.000300354 seconds
plan limit 980
current timestep 71
num of flexible agents: 11
num of flexible tasks: 242
Solving time: 0.000335804 seconds
plan limit 980
current timestep 72
num of flexible agents: 7
num of flexible tasks: 234
Solving time: 0.00032865 seconds
plan limit 980
current timestep 73
num of flexible agents: 7
num of flexible tasks: 228
Solving time: 0.000297722 seconds
plan limit 980
current timestep 74
num of flexible agents: 5
num of flexible tasks: 223
Solving time: 0.000262852 seconds
plan limit 980
current timestep 75
num of flexible agents: 5
num of flexible tasks: 220
Solving time: 0.000297892 seconds
plan limit 980
current timestep 76
num of flexible agents: 6
num of flexible tasks: 218
Solving time: 0.000279446 seconds
plan limit 980
current timestep 77
num of flexible agents: 5
num of flexible tasks: 216
Solving time: 0.000324779 seconds
plan limit 980
current timestep 78
num of flexible agents: 7
num of flexible tasks: 213
Solving time: 0.000284407 seconds
plan limit 980
current timestep 79
num of flexible agents: 5
num of flexible tasks: 207
Solving time: 0.000290007 seconds
plan limit 980
current timestep 80
num of flexible agents: 3
num of flexible tasks: 203
Solving time: 0.000764375 seconds
plan limit 980
current timestep 81
num of flexible agents: 3
num of flexible tasks: 201
Solving time: 0.000776689 seconds
plan limit 980
current timestep 82
num of flexible agents: 1
num of flexible tasks: 199
Solving time: 0.000436648 seconds
plan limit 980
current timestep 83
num of flexible agents: 3
num of flexible tasks: 198
Solving time: 0.000785023 seconds
plan limit 980
current timestep 84
num of flexible agents: 5
num of flexible tasks: 196
Solving time: 0.000294642 seconds
plan limit 980
current timestep 85
num of flexible agents: 5
num of flexible tasks: 193
Solving time: 0.000280845 seconds
plan limit 980
current timestep 86
num of flexible agents: 5
num of flexible tasks: 190
Solving time: 0.000314319 seconds
plan limit 980
current timestep 87
num of flexible agents: 6
num of flexible tasks: 187
Solving time: 0.00030589 seconds
plan limit 980
current timestep 88
num of flexible agents: 8
num of flexible tasks: 185
Solving time: 0.000284151 seconds
plan limit 980
current timestep 89
num of flexible agents: 7
num of flexible tasks: 181
Solving time: 0.000291596 seconds
plan limit 980
current timestep 90
num of flexible agents: 3
num of flexible tasks: 176
Solving time: 0.000787997 seconds
plan limit 980
current timestep 91
num of flexible agents: 6
num of flexible tasks: 175
Solving time: 0.000276993 seconds
plan limit 980
current timestep 92
num of flexible agents: 8
num of flexible tasks: 170
Solving time: 0.000303827 seconds
plan limit 980
current timestep 93
num of flexible agents: 6
num of flexible tasks: 164
Solving time: 0.000315085 seconds
plan limit 980
current timestep 94
num of flexible agents: 9
num of flexible tasks: 163
Solving time: 0.000333029 seconds
plan limit 980
current timestep 95
num of flexible agents: 10
num of flexible tasks: 161
Solving time: 0.00030932 seconds
plan limit 980
current timestep 96
num of flexible agents: 8
num of flexible tasks: 157
Solving time: 0.000318194 seconds
plan limit 980
current timestep 97
num of flexible agents: 9
num of flexible tasks: 154
Solving time: 0.000306023 seconds
plan limit 980
current timestep 98
num of flexible agents: 9
num of flexible tasks: 151
Solving time: 0.000313502 seconds
plan limit 980
current timestep 99
num of flexible agents: 9
num of flexible tasks: 147
Solving time: 0.000297616 seconds
plan limit 980
current timestep 100
num of flexible agents: 5
num of flexible tasks: 143
Solving time: 0.00028607 seconds
plan limit 980
current timestep 101
num of flexible agents: 4
num of flexible tasks: 138
Solving time: 0.000820621 seconds
plan limit 979
current timestep 102
num of flexible agents: 7
num of flexible tasks: 135
Solving time: 0.000306848 seconds
plan limit 980
current timestep 103
num of flexible agents: 9
num of flexible tasks: 133
Solving time: 0.000306299 seconds
plan limit 980
current timestep 104
num of flexible agents: 10
num of flexible tasks: 128
Solving time: 0.000340802 seconds
plan limit 980
current timestep 105
num of flexible agents: 9
num of flexible tasks: 124
Solving time: 0.000324236 seconds
plan limit 980
current timestep 106
num of flexible agents: 11
num of flexible tasks: 121
Solving time: 0.000340134 seconds
plan limit 980
current timestep 107
num of flexible agents: 12
num of flexible tasks: 118
Solving time: 0.000326274 seconds
plan limit 980
current timestep 108
num of flexible agents: 10
num of flexible tasks: 114
Solving time: 0.000335014 seconds
plan limit 980
current timestep 109
num of flexible agents: 10
num of flexible tasks: 111
Solving time: 0.000305086 seconds
plan limit 980
current timestep 110
num of flexible agents: 11
num of flexible tasks: 107
Solving time: 0.000321911 seconds
plan limit 980
current timestep 111
num of flexible agents: 12
num of flexible tasks: 104
Solving time: 0.000318672 seconds
plan limit 980
current timestep 112
num of flexible agents: 9
num of flexible tasks: 100
Solving time: 0.000287689 seconds
plan limit 980
current timestep 113
num of flexible agents: 10
num of flexible tasks: 100
Solving time: 0.000302401 seconds
plan limit 980
current timestep 114
num of flexible agents: 13
num of flexible tasks: 98
Solving time: 0.000329916 seconds
plan limit 980
current timestep 115
num of flexible agents: 16
num of flexible tasks: 96
Solving time: 0.00031844 seconds
plan limit 980
current timestep 116
num of flexible agents: 15
num of flexible tasks: 93
Solving time: 0.000344992 seconds
plan limit 980
current timestep 117
num of flexible agents: 18
num of flexible tasks: 90
Solving time: 0.000307355 seconds
plan limit 980
current timestep 118
num of flexible agents: 16
num of flexible tasks: 86
Solving time: 0.000377517 seconds
plan limit 980
current timestep 119
num of flexible agents: 16
num of flexible tasks: 84
Solving time: 0.000326626 seconds
plan limit 980
current timestep 120
num of flexible agents: 13
num of flexible tasks: 80
Solving time: 0.000318609 seconds
plan limit 980
current timestep 121
num of flexible agents: 11
num of flexible tasks: 75
Solving time: 0.000371107 seconds
plan limit 980
current timestep 122
num of flexible agents: 12
num of flexible tasks: 72
Solving time: 0.000323234 seconds
plan limit 980
current timestep 123
num of flexible agents: 9
num of flexible tasks: 67
Solving time: 0.00030027 seconds
plan limit 980
current timestep 124
num of flexible agents: 9
num of flexible tasks: 65
Solving time: 0.00032151 seconds
plan limit 980
current timestep 125
num of flexible agents: 14
num of flexible tasks: 64
Solving time: 0.000299873 seconds
plan limit 980
current timestep 126
num of flexible agents: 16
num of flexible tasks: 61
Solving time: 0.000342185 seconds
plan limit 980
current timestep 127
num of flexible agents: 14
num of flexible tasks: 58
Solving time: 0.00035136 seconds
plan limit 980
current timestep 128
num of flexible agents: 16
num of flexible tasks: 58
Solving time: 0.000352316 seconds
plan limit 980
current timestep 129
num of flexible agents: 13
num of flexible tasks: 52
Solving time: 0.000309339 seconds
plan limit 980
current timestep 130
num of flexible agents: 12
num of flexible tasks: 47
Solving time: 0.000319001 seconds
plan limit 980
current timestep 131
num of flexible agents: 12
num of flexible tasks: 43
Solving time: 0.000383159 seconds
plan limit 980
current timestep 132
num of flexible agents: 15
num of flexible tasks: 42
Solving time: 0.000401303 seconds
plan limit 980
current timestep 133
num of flexible agents: 16
num of flexible tasks: 40
Solving time: 0.000395579 seconds
plan limit 980
current timestep 134
num of flexible agents: 19
num of flexible tasks: 38
Solving time: 0.000437826 seconds
plan limit 980
current timestep 135
num of flexible agents: 22
num of flexible tasks: 37
Solving time: 0.000374317 seconds
plan limit 980
current timestep 136
num of flexible agents: 18
num of flexible tasks: 30
Solving time: 0.000442704 seconds
plan limit 980
current timestep 137
num of flexible agents: 20
num of flexible tasks: 29
Solving time: 0.000391034 seconds
plan limit 980
current timestep 138
num of flexible agents: 23
num of flexible tasks: 27
Solving time: 0.000453744 seconds
plan limit 980
current timestep 139
num of flexible agents: 24
num of flexible tasks: 25
Solving time: 0.000492228 seconds
plan limit 980
current timestep 140
num of flexible agents: 24
num of flexible tasks: 24
Solving time: 0.000478023 seconds
plan limit 980
current timestep 141
num of flexible agents: 28
num of flexible tasks: 24
Solving time: 0.000483557 seconds
plan limit 980
current timestep 142
num of flexible agents: 24
num of flexible tasks: 20
Solving time: 0.000499729 seconds
plan limit 980
current timestep 143
num of flexible agents: 25
num of flexible tasks: 18
Solving time: 0.000404839 seconds
plan limit 980
current timestep 144
num of flexible agents: 24
num of flexible tasks: 15
Solving time: 0.00036197 seconds
plan limit 980
current timestep 145
num of flexible agents: 27
num of flexible tasks: 15
Solving time: 0.000362733 seconds
plan limit 980
current timestep 146
num of flexible agents: 29
num of flexible tasks: 15
Solving time: 0.000354947 seconds
plan limit 980
current timestep 147
num of flexible agents: 29
num of flexible tasks: 13
Solving time: 0.0002975 seconds
plan limit 980
current timestep 148
num of flexible agents: 30
num of flexible tasks: 12
Solving time: 0.000291006 seconds
plan limit 980
current timestep 149
num of flexible agents: 27
num of flexible tasks: 8
Solving time: 0.000252436 seconds
plan limit 980
current timestep 150
num of flexible agents: 29
num of flexible tasks: 5
Solving time: 0.000256668 seconds
plan limit 980
current timestep 151
num of flexible agents: 31
num of flexible tasks: 2
Solving time: 0.000235543 seconds
plan limit 980
current timestep 152
num of flexible agents: 32
num of flexible tasks: 1
Solving time: 0.000221468 seconds
plan limit 980
current timestep 153
num of flexible agents: 33
num of flexible tasks: 1
Solving time: 0.00020933 seconds
plan limit 980
current timestep 154
num of flexible agents: 35
num of flexible tasks: 0
Solving time: 0.00024005 seconds
plan limit 980
current timestep 155
num of flexible agents: 37
num of flexible tasks: 0
Solving time: 0.000208768 seconds
plan limit 980
current timestep 156
num of flexible agents: 41
num of flexible tasks: 0
Solving time: 0.000213215 seconds
plan limit 980
current timestep 157
num of flexible agents: 43
num of flexible tasks: 0
Solving time: 0.000219254 seconds
plan limit 980
current timestep 158
num of flexible agents: 44
num of flexible tasks: 0
Solving time: 0.000227938 seconds
plan limit 980
current timestep 159
num of flexible agents: 47
num of flexible tasks: 0
Solving time: 0.000234196 seconds
plan limit 980
current timestep 160
num of flexible agents: 52
num of flexible tasks: 0
Solving time: 0.000223259 seconds
plan limit 980
current timestep 161
num of flexible agents: 55
num of flexible tasks: 0
Solving time: 0.000220099 seconds
plan limit 980
current timestep 162
num of flexible agents: 57
num of flexible tasks: 0
Solving time: 0.000217683 seconds
plan limit 980
current timestep 163
num of flexible agents: 57
num of flexible tasks: 0
Solving time: 0.000213348 seconds
plan limit 980
current timestep 164
num of flexible agents: 57
num of flexible tasks: 0
Solving time: 0.000224965 seconds
plan limit 980
current timestep 165
num of flexible agents: 61
num of flexible tasks: 0
Solving time: 0.000213414 seconds
plan limit 980
current timestep 166
num of flexible agents: 62
num of flexible tasks: 0
Solving time: 0.000226812 seconds
plan limit 980
current timestep 167
num of flexible agents: 62
num of flexible tasks: 0
Solving time: 0.000206494 seconds
plan limit 980
current timestep 168
num of flexible agents: 64
num of flexible tasks: 0
Solving time: 0.000261597 seconds
plan limit 980
current timestep 169
num of flexible agents: 67
num of flexible tasks: 0
Solving time: 0.000211542 seconds
plan limit 980
current timestep 170
num of flexible agents: 72
num of flexible tasks: 0
Solving time: 0.000214107 seconds
plan limit 980
current timestep 171
num of flexible agents: 74
num of flexible tasks: 0
Solving time: 0.000234752 seconds
plan limit 980
current timestep 172
num of flexible agents: 74
num of flexible tasks: 0
Solving time: 0.000225461 seconds
plan limit 980
current timestep 173
num of flexible agents: 74
num of flexible tasks: 0
Solving time: 0.000243717 seconds
plan limit 980
current timestep 174
num of flexible agents: 74
num of flexible tasks: 0
Solving time: 0.000219381 seconds
plan limit 980
current timestep 175
num of flexible agents: 74
num of flexible tasks: 0
Solving time: 0.000211564 seconds
plan limit 980
current timestep 176
num of flexible agents: 74
num of flexible tasks: 0
Solving time: 0.00020346 seconds
plan limit 980
current timestep 177
num of flexible agents: 75
num of flexible tasks: 0
Solving time: 0.000210884 seconds
plan limit 980
current timestep 178
num of flexible agents: 75
num of flexible tasks: 0
Solving time: 0.000232572 seconds
plan limit 980
current timestep 179
num of flexible agents: 75
num of flexible tasks: 0
Solving time: 0.000214068 seconds
plan limit 980
current timestep 180
num of flexible agents: 76
num of flexible tasks: 0
Solving time: 0.000229521 seconds
plan limit 980
current timestep 181
num of flexible agents: 76
num of flexible tasks: 0
Solving time: 0.000222338 seconds
plan limit 980
current timestep 182
num of flexible agents: 77
num of flexible tasks: 0
Solving time: 0.000252126 seconds
plan limit 980
current timestep 183
num of flexible agents: 77
num of flexible tasks: 0
Solving time: 0.000220059 seconds
plan limit 980
current timestep 184
num of flexible agents: 79
num of flexible tasks: 0
Solving time: 0.00025967 seconds
plan limit 980
current timestep 185
num of flexible agents: 79
num of flexible tasks: 0
Solving time: 0.000216672 seconds
plan limit 980
All tasks finished at timestep 186
