current timestep 0
num of flexible agents: 80
num of flexible tasks: 10
Solving time: 0.000386522 seconds
plan limit 980
current timestep 1
num of flexible agents: 78
num of flexible tasks: 18
Solving time: 0.000415523 seconds
plan limit 980
current timestep 2
num of flexible agents: 73
num of flexible tasks: 23
Solving time: 0.000402391 seconds
plan limit 980
current timestep 3
num of flexible agents: 69
num of flexible tasks: 29
Solving time: 0.000492851 seconds
plan limit 980
current timestep 4
num of flexible agents: 67
num of flexible tasks: 37
Solving time: 0.000492026 seconds
plan limit 980
current timestep 5
num of flexible agents: 63
num of flexible tasks: 43
Solving time: 0.00057822 seconds
plan limit 980
current timestep 6
num of flexible agents: 60
num of flexible tasks: 50
Solving time: 0.00057102 seconds
plan limit 980
current timestep 7
num of flexible agents: 54
num of flexible tasks: 54
Solving time: 0.000602858 seconds
plan limit 980
current timestep 8
num of flexible agents: 52
num of flexible tasks: 62
Solving time: 0.000519132 seconds
plan limit 980
current timestep 9
num of flexible agents: 43
num of flexible tasks: 63
Solving time: 0.000397645 seconds
plan limit 980
current timestep 10
num of flexible agents: 33
num of flexible tasks: 63
Solving time: 0.000335262 seconds
plan limit 980
current timestep 11
num of flexible agents: 31
num of flexible tasks: 68
Solving time: 0.000347554 seconds
plan limit 980
current timestep 12
num of flexible agents: 23
num of flexible tasks: 69
Solving time: 0.000371894 seconds
plan limit 980
current timestep 13
num of flexible agents: 17
num of flexible tasks: 73
Solving time: 0.000309196 seconds
plan limit 980
current timestep 14
num of flexible agents: 14
num of flexible tasks: 77
Solving time: 0.000309611 seconds
plan limit 980
current timestep 15
num of flexible agents: 8
num of flexible tasks: 80
Solving time: 0.000275753 seconds
plan limit 980
current timestep 16
num of flexible agents: 3
num of flexible tasks: 85
Solving time: 0.000741186 seconds
plan limit 980
current timestep 17
num of flexible agents: 7
num of flexible tasks: 95
Solving time: 0.00026158 seconds
plan limit 980
current timestep 18
num of flexible agents: 4
num of flexible tasks: 101
Solving time: 0.000736009 seconds
plan limit 980
current timestep 19
num of flexible agents: 2
num of flexible tasks: 108
Solving time: 0.00074363 seconds
plan limit 980
current timestep 20
num of flexible agents: 3
num of flexible tasks: 118
Solving time: 0.000733514 seconds
plan limit 980
current timestep 21
num of flexible agents: 3
num of flexible tasks: 127
Solving time: 0.000935994 seconds
plan limit 979
current timestep 22
num of flexible agents: 2
num of flexible tasks: 134
Solving time: 0.000746667 seconds
plan limit 980
current timestep 23
num of flexible agents: 3
num of flexible tasks: 143
Solving time: 0.00079318 seconds
plan limit 980
current timestep 24
num of flexible agents: 5
num of flexible tasks: 152
Solving time: 0.0008513 seconds
plan limit 979
current timestep 25
num of flexible agents: 6
num of flexible tasks: 160
Solving time: 0.000259451 seconds
plan limit 980
current timestep 26
num of flexible agents: 5
num of flexible tasks: 167
Solving time: 0.000901834 seconds
plan limit 979
current timestep 27
num of flexible agents: 4
num of flexible tasks: 174
Solving time: 0.000850034 seconds
plan limit 979
current timestep 28
num of flexible agents: 2
num of flexible tasks: 180
Solving time: 0.000745504 seconds
plan limit 980
current timestep 29
num of flexible agents: 2
num of flexible tasks: 189
Solving time: 0.000759799 seconds
plan limit 980
current timestep 30
num of flexible agents: 3
num of flexible tasks: 197
Solving time: 0.000808976 seconds
plan limit 980
current timestep 31
num of flexible agents: 7
num of flexible tasks: 206
Solving time: 0.000299402 seconds
plan limit 980
current timestep 32
num of flexible agents: 11
num of flexible tasks: 212
Solving time: 0.00028539 seconds
plan limit 980
current timestep 33
num of flexible agents: 8
num of flexible tasks: 213
Solving time: 0.000300111 seconds
plan limit 980
current timestep 34
num of flexible agents: 3
num of flexible tasks: 218
Solving time: 0.000759994 seconds
plan limit 980
current timestep 35
num of flexible agents: 5
num of flexible tasks: 227
Solving time: 0.000980076 seconds
plan limit 979
current timestep 36
num of flexible agents: 3
num of flexible tasks: 233
Solving time: 0.00075563 seconds
plan limit 980
current timestep 37
num of flexible agents: 8
num of flexible tasks: 242
Solving time: 0.000288292 seconds
plan limit 980
current timestep 38
num of flexible agents: 4
num of flexible tasks: 245
Solving time: 0.00081211 seconds
plan limit 980
current timestep 39
num of flexible agents: 4
num of flexible tasks: 251
Solving time: 0.000782866 seconds
plan limit 980
current timestep 40
num of flexible agents: 6
num of flexible tasks: 258
Solving time: 0.000279204 seconds
plan limit 980
current timestep 41
num of flexible agents: 9
num of flexible tasks: 265
Solving time: 0.000317457 seconds
plan limit 980
current timestep 42
num of flexible agents: 3
num of flexible tasks: 267
Solving time: 0.000724416 seconds
plan limit 980
current timestep 43
num of flexible agents: 6
num of flexible tasks: 275
Solving time: 0.000812278 seconds
plan limit 980
current timestep 44
num of flexible agents: 4
num of flexible tasks: 281
Solving time: 0.000910996 seconds
plan limit 979
current timestep 45
num of flexible agents: 3
num of flexible tasks: 288
Solving time: 0.000715455 seconds
plan limit 980
current timestep 46
num of flexible agents: 2
num of flexible tasks: 295
Solving time: 0.000674243 seconds
plan limit 980
current timestep 47
num of flexible agents: 5
num of flexible tasks: 303
Solving time: 0.000783418 seconds
plan limit 980
current timestep 48
num of flexible agents: 3
num of flexible tasks: 309
Solving time: 0.000714132 seconds
plan limit 980
current timestep 49
num of flexible agents: 6
num of flexible tasks: 317
Solving time: 0.000820816 seconds
plan limit 979
current timestep 50
num of flexible agents: 3
num of flexible tasks: 312
Solving time: 0.000733259 seconds
plan limit 980
current timestep 51
num of flexible agents: 5
num of flexible tasks: 309
Solving time: 0.000809995 seconds
plan limit 980
current timestep 52
num of flexible agents: 3
num of flexible tasks: 304
Solving time: 0.000725918 seconds
plan limit 980
current timestep 53
num of flexible agents: 3
num of flexible tasks: 301
Solving time: 0.000769628 seconds
plan limit 980
current timestep 54
num of flexible agents: 6
num of flexible tasks: 298
Solving time: 0.000847725 seconds
plan limit 979
current timestep 55
num of flexible agents: 5
num of flexible tasks: 293
Solving time: 0.000791749 seconds
plan limit 979
current timestep 56
num of flexible agents: 2
num of flexible tasks: 288
Solving time: 0.000661274 seconds
plan limit 980
current timestep 57
num of flexible agents: 7
num of flexible tasks: 286
Solving time: 0.000275629 seconds
plan limit 980
current timestep 58
num of flexible agents: 3
num of flexible tasks: 279
Solving time: 0.000722863 seconds
plan limit 980
current timestep 59
num of flexible agents: 4
num of flexible tasks: 277
Solving time: 0.000830861 seconds
plan limit 979
current timestep 60
num of flexible agents: 2
num of flexible tasks: 273
Solving time: 0.000681937 seconds
plan limit 980
current timestep 61
num of flexible agents: 1
num of flexible tasks: 271
Solving time: 0.000460838 seconds
plan limit 980
current timestep 62
num of flexible agents: 5
num of flexible tasks: 271
Solving time: 0.000844626 seconds
plan limit 979
current timestep 63
num of flexible agents: 3
num of flexible tasks: 267
Solving time: 0.00076239 seconds
plan limit 980
current timestep 64
num of flexible agents: 6
num of flexible tasks: 265
Solving time: 0.00032041 seconds
plan limit 980
current timestep 65
num of flexible agents: 4
num of flexible tasks: 262
Solving time: 0.00081618 seconds
plan limit 980
current timestep 66
num of flexible agents: 3
num of flexible tasks: 258
Solving time: 0.000731915 seconds
plan limit 980
current timestep 67
num of flexible agents: 3
num of flexible tasks: 255
Solving time: 0.000822296 seconds
plan limit 979
current timestep 68
num of flexible agents: 3
num of flexible tasks: 252
Solving time: 0.00071835 seconds
plan limit 980
current timestep 69
num of flexible agents: 3
num of flexible tasks: 249
Solving time: 0.000754503 seconds
plan limit 980
current timestep 70
num of flexible agents: 3
num of flexible tasks: 246
Solving time: 0.000755144 seconds
plan limit 980
current timestep 71
num of flexible agents: 8
num of flexible tasks: 244
Solving time: 0.000305938 seconds
plan limit 980
current timestep 72
num of flexible agents: 8
num of flexible tasks: 236
Solving time: 0.000298763 seconds
plan limit 980
current timestep 73
num of flexible agents: 8
num of flexible tasks: 230
Solving time: 0.000299712 seconds
plan limit 980
current timestep 74
num of flexible agents: 5
num of flexible tasks: 225
Solving time: 0.000819476 seconds
plan limit 980
current timestep 75
num of flexible agents: 1
num of flexible tasks: 221
Solving time: 0.000527052 seconds
plan limit 980
current timestep 76
num of flexible agents: 6
num of flexible tasks: 220
Solving time: 0.000324594 seconds
plan limit 980
current timestep 77
num of flexible agents: 5
num of flexible tasks: 215
Solving time: 0.000864687 seconds
plan limit 979
current timestep 78
num of flexible agents: 6
num of flexible tasks: 212
Solving time: 0.000319865 seconds
plan limit 980
current timestep 79
num of flexible agents: 6
num of flexible tasks: 209
Solving time: 0.000327757 seconds
plan limit 980
current timestep 80
num of flexible agents: 11
num of flexible tasks: 206
Solving time: 0.000307469 seconds
plan limit 980
current timestep 81
num of flexible agents: 12
num of flexible tasks: 201
Solving time: 0.000330832 seconds
plan limit 980
current timestep 82
num of flexible agents: 10
num of flexible tasks: 197
Solving time: 0.000311466 seconds
plan limit 980
current timestep 83
num of flexible agents: 14
num of flexible tasks: 195
Solving time: 0.000332732 seconds
plan limit 980
current timestep 84
num of flexible agents: 9
num of flexible tasks: 189
Solving time: 0.000325916 seconds
plan limit 980
current timestep 85
num of flexible agents: 11
num of flexible tasks: 187
Solving time: 0.000352295 seconds
plan limit 980
current timestep 86
num of flexible agents: 11
num of flexible tasks: 183
Solving time: 0.000300036 seconds
plan limit 980
current timestep 87
num of flexible agents: 10
num of flexible tasks: 178
Solving time: 0.000309615 seconds
plan limit 980
current timestep 88
num of flexible agents: 8
num of flexible tasks: 175
Solving time: 0.000320311 seconds
plan limit 980
current timestep 89
num of flexible agents: 5
num of flexible tasks: 170
Solving time: 0.000867521 seconds
plan limit 979
current timestep 90
num of flexible agents: 8
num of flexible tasks: 168
Solving time: 0.000274681 seconds
plan limit 980
current timestep 91
num of flexible agents: 3
num of flexible tasks: 162
Solving time: 0.000769103 seconds
plan limit 980
current timestep 92
num of flexible agents: 3
num of flexible tasks: 161
Solving time: 0.000789356 seconds
plan limit 980
current timestep 93
num of flexible agents: 5
num of flexible tasks: 160
Solving time: 0.000882193 seconds
plan limit 979
current timestep 94
num of flexible agents: 8
num of flexible tasks: 160
Solving time: 0.000307261 seconds
plan limit 980
current timestep 95
num of flexible agents: 5
num of flexible tasks: 155
Solving time: 0.000886601 seconds
plan limit 979
current timestep 96
num of flexible agents: 4
num of flexible tasks: 151
Solving time: 0.000776589 seconds
plan limit 980
current timestep 97
num of flexible agents: 7
num of flexible tasks: 150
Solving time: 0.000273123 seconds
plan limit 980
current timestep 98
num of flexible agents: 2
num of flexible tasks: 144
Solving time: 0.000747925 seconds
plan limit 980
current timestep 99
num of flexible agents: 4
num of flexible tasks: 143
Solving time: 0.000753996 seconds
plan limit 980
current timestep 100
num of flexible agents: 6
num of flexible tasks: 141
Solving time: 0.000293429 seconds
plan limit 980
current timestep 101
num of flexible agents: 8
num of flexible tasks: 139
Solving time: 0.000292876 seconds
plan limit 980
current timestep 102
num of flexible agents: 9
num of flexible tasks: 137
Solving time: 0.000328616 seconds
plan limit 980
current timestep 103
num of flexible agents: 13
num of flexible tasks: 135
Solving time: 0.000343791 seconds
plan limit 980
current timestep 104
num of flexible agents: 11
num of flexible tasks: 132
Solving time: 0.00029622 seconds
plan limit 980
current timestep 105
num of flexible agents: 8
num of flexible tasks: 128
Solving time: 0.000322147 seconds
plan limit 980
current timestep 106
num of flexible agents: 8
num of flexible tasks: 125
Solving time: 0.000321637 seconds
plan limit 980
current timestep 107
num of flexible agents: 7
num of flexible tasks: 122
Solving time: 0.000285437 seconds
plan limit 980
current timestep 108
num of flexible agents: 8
num of flexible tasks: 119
Solving time: 0.00034414 seconds
plan limit 980
current timestep 109
num of flexible agents: 10
num of flexible tasks: 117
Solving time: 0.000339547 seconds
plan limit 980
current timestep 110
num of flexible agents: 9
num of flexible tasks: 114
Solving time: 0.000314661 seconds
plan limit 980
current timestep 111
num of flexible agents: 13
num of flexible tasks: 112
Solving time: 0.000314887 seconds
plan limit 980
current timestep 112
num of flexible agents: 17
num of flexible tasks: 109
Solving time: 0.000336894 seconds
plan limit 980
current timestep 113
num of flexible agents: 15
num of flexible tasks: 105
Solving time: 0.000337838 seconds
plan limit 980
current timestep 114
num of flexible agents: 12
num of flexible tasks: 99
Solving time: 0.000322927 seconds
plan limit 980
current timestep 115
num of flexible agents: 14
num of flexible tasks: 97
Solving time: 0.000302755 seconds
plan limit 980
current timestep 116
num of flexible agents: 12
num of flexible tasks: 92
Solving time: 0.000335035 seconds
plan limit 980
current timestep 117
num of flexible agents: 9
num of flexible tasks: 87
Solving time: 0.0003475 seconds
plan limit 980
current timestep 118
num of flexible agents: 13
num of flexible tasks: 86
Solving time: 0.00031068 seconds
plan limit 980
current timestep 119
num of flexible agents: 13
num of flexible tasks: 83
Solving time: 0.000332738 seconds
plan limit 980
current timestep 120
num of flexible agents: 14
num of flexible tasks: 81
Solving time: 0.000330531 seconds
plan limit 980
current timestep 121
num of flexible agents: 19
num of flexible tasks: 80
Solving time: 0.00035367 seconds
plan limit 980
current timestep 122
num of flexible agents: 14
num of flexible tasks: 74
Solving time: 0.000351443 seconds
plan limit 980
current timestep 123
num of flexible agents: 13
num of flexible tasks: 71
Solving time: 0.000322153 seconds
plan limit 980
current timestep 124
num of flexible agents: 15
num of flexible tasks: 70
Solving time: 0.000337071 seconds
plan limit 980
current timestep 125
num of flexible agents: 14
num of flexible tasks: 69
Solving time: 0.000309 seconds
plan limit 980
current timestep 126
num of flexible agents: 11
num of flexible tasks: 64
Solving time: 0.000359268 seconds
plan limit 980
current timestep 127
num of flexible agents: 15
num of flexible tasks: 64
Solving time: 0.000339039 seconds
plan limit 980
current timestep 128
num of flexible agents: 15
num of flexible tasks: 62
Solving time: 0.000334142 seconds
plan limit 980
current timestep 129
num of flexible agents: 16
num of flexible tasks: 60
Solving time: 0.000327257 seconds
plan limit 980
current timestep 130
num of flexible agents: 16
num of flexible tasks: 59
Solving time: 0.000353432 seconds
plan limit 980
current timestep 131
num of flexible agents: 17
num of flexible tasks: 57
Solving time: 0.000424914 seconds
plan limit 980
current timestep 132
num of flexible agents: 18
num of flexible tasks: 56
Solving time: 0.000359169 seconds
plan limit 980
current timestep 133
num of flexible agents: 17
num of flexible tasks: 54
Solving time: 0.000383765 seconds
plan limit 980
current timestep 134
num of flexible agents: 19
num of flexible tasks: 54
Solving time: 0.00035702 seconds
plan limit 980
current timestep 135
num of flexible agents: 21
num of flexible tasks: 52
Solving time: 0.000397765 seconds
plan limit 980
current timestep 136
num of flexible agents: 21
num of flexible tasks: 48
Solving time: 0.000358219 seconds
plan limit 980
current timestep 137
num of flexible agents: 22
num of flexible tasks: 46
Solving time: 0.000383436 seconds
plan limit 980
current timestep 138
num of flexible agents: 22
num of flexible tasks: 44
Solving time: 0.000363214 seconds
plan limit 980
current timestep 139
num of flexible agents: 22
num of flexible tasks: 43
Solving time: 0.000381436 seconds
plan limit 980
current timestep 140
num of flexible agents: 23
num of flexible tasks: 42
Solving time: 0.000367035 seconds
plan limit 980
current timestep 141
num of flexible agents: 26
num of flexible tasks: 41
Solving time: 0.000458534 seconds
plan limit 980
current timestep 142
num of flexible agents: 27
num of flexible tasks: 40
Solving time: 0.000374181 seconds
plan limit 980
current timestep 143
num of flexible agents: 29
num of flexible tasks: 37
Solving time: 0.000402238 seconds
plan limit 980
current timestep 144
num of flexible agents: 30
num of flexible tasks: 36
Solving time: 0.00045121 seconds
plan limit 980
current timestep 145
num of flexible agents: 31
num of flexible tasks: 30
Solving time: 0.000428447 seconds
plan limit 980
current timestep 146
num of flexible agents: 34
num of flexible tasks: 27
Solving time: 0.000458402 seconds
plan limit 980
current timestep 147
num of flexible agents: 35
num of flexible tasks: 26
Solving time: 0.000362225 seconds
plan limit 980
current timestep 148
num of flexible agents: 33
num of flexible tasks: 22
Solving time: 0.000366386 seconds
plan limit 980
current timestep 149
num of flexible agents: 34
num of flexible tasks: 21
Solving time: 0.000366785 seconds
plan limit 980
current timestep 150
num of flexible agents: 36
num of flexible tasks: 21
Solving time: 0.000298796 seconds
plan limit 980
current timestep 151
num of flexible agents: 37
num of flexible tasks: 20
Solving time: 0.000312868 seconds
plan limit 980
current timestep 152
num of flexible agents: 40
num of flexible tasks: 19
Solving time: 0.000286088 seconds
plan limit 980
current timestep 153
num of flexible agents: 41
num of flexible tasks: 18
Solving time: 0.000278397 seconds
plan limit 980
current timestep 154
num of flexible agents: 40
num of flexible tasks: 13
Solving time: 0.000276482 seconds
plan limit 980
current timestep 155
num of flexible agents: 41
num of flexible tasks: 12
Solving time: 0.000251948 seconds
plan limit 980
current timestep 156
num of flexible agents: 43
num of flexible tasks: 11
Solving time: 0.000260079 seconds
plan limit 980
current timestep 157
num of flexible agents: 38
num of flexible tasks: 6
Solving time: 0.000275798 seconds
plan limit 980
current timestep 158
num of flexible agents: 38
num of flexible tasks: 4
Solving time: 0.00027251 seconds
plan limit 980
current timestep 159
num of flexible agents: 40
num of flexible tasks: 4
Solving time: 0.000228511 seconds
plan limit 980
current timestep 160
num of flexible agents: 41
num of flexible tasks: 4
Solving time: 0.000260465 seconds
plan limit 980
current timestep 161
num of flexible agents: 41
num of flexible tasks: 3
Solving time: 0.00023284 seconds
plan limit 980
current timestep 162
num of flexible agents: 41
num of flexible tasks: 3
Solving time: 0.000206859 seconds
plan limit 980
current timestep 163
num of flexible agents: 46
num of flexible tasks: 3
Solving time: 0.000216156 seconds
plan limit 980
current timestep 164
num of flexible agents: 45
num of flexible tasks: 1
Solving time: 0.000211674 seconds
plan limit 980
current timestep 165
num of flexible agents: 47
num of flexible tasks: 1
Solving time: 0.000205865 seconds
plan limit 980
current timestep 166
num of flexible agents: 48
num of flexible tasks: 0
Solving time: 0.000204852 seconds
plan limit 980
current timestep 167
num of flexible agents: 51
num of flexible tasks: 0
Solving time: 0.000210759 seconds
plan limit 980
current timestep 168
num of flexible agents: 54
num of flexible tasks: 0
Solving time: 0.000200071 seconds
plan limit 980
current timestep 169
num of flexible agents: 55
num of flexible tasks: 0
Solving time: 0.00021545 seconds
plan limit 980
current timestep 170
num of flexible agents: 56
num of flexible tasks: 0
Solving time: 0.000202441 seconds
plan limit 980
current timestep 171
num of flexible agents: 59
num of flexible tasks: 0
Solving time: 0.000209986 seconds
plan limit 980
current timestep 172
num of flexible agents: 59
num of flexible tasks: 0
Solving time: 0.000208841 seconds
plan limit 980
current timestep 173
num of flexible agents: 60
num of flexible tasks: 0
Solving time: 0.000193533 seconds
plan limit 980
current timestep 174
num of flexible agents: 60
num of flexible tasks: 0
Solving time: 0.000225701 seconds
plan limit 980
current timestep 175
num of flexible agents: 61
num of flexible tasks: 0
Solving time: 0.000222401 seconds
plan limit 980
current timestep 176
num of flexible agents: 63
num of flexible tasks: 0
Solving time: 0.000214012 seconds
plan limit 980
current timestep 177
num of flexible agents: 65
num of flexible tasks: 0
Solving time: 0.000213435 seconds
plan limit 980
current timestep 178
num of flexible agents: 66
num of flexible tasks: 0
Solving time: 0.000197082 seconds
plan limit 980
current timestep 179
num of flexible agents: 68
num of flexible tasks: 0
Solving time: 0.000206398 seconds
plan limit 980
current timestep 180
num of flexible agents: 69
num of flexible tasks: 0
Solving time: 0.000193918 seconds
plan limit 980
current timestep 181
num of flexible agents: 71
num of flexible tasks: 0
Solving time: 0.000232376 seconds
plan limit 980
current timestep 182
num of flexible agents: 72
num of flexible tasks: 0
Solving time: 0.000199596 seconds
plan limit 980
current timestep 183
num of flexible agents: 72
num of flexible tasks: 0
Solving time: 0.000228733 seconds
plan limit 980
current timestep 184
num of flexible agents: 72
num of flexible tasks: 0
Solving time: 0.000208996 seconds
plan limit 980
current timestep 185
num of flexible agents: 72
num of flexible tasks: 0
Solving time: 0.00022178 seconds
plan limit 980
current timestep 186
num of flexible agents: 72
num of flexible tasks: 0
Solving time: 0.000215845 seconds
plan limit 980
current timestep 187
num of flexible agents: 72
num of flexible tasks: 0
Solving time: 0.000220079 seconds
plan limit 980
current timestep 188
num of flexible agents: 74
num of flexible tasks: 0
Solving time: 0.000202471 seconds
plan limit 980
current timestep 189
num of flexible agents: 74
num of flexible tasks: 0
Solving time: 0.000209206 seconds
plan limit 980
current timestep 190
num of flexible agents: 77
num of flexible tasks: 0
Solving time: 0.000229451 seconds
plan limit 980
current timestep 191
num of flexible agents: 78
num of flexible tasks: 0
Solving time: 0.000201773 seconds
plan limit 980
current timestep 192
num of flexible agents: 78
num of flexible tasks: 0
Solving time: 0.000204481 seconds
plan limit 980
current timestep 193
num of flexible agents: 79
num of flexible tasks: 0
Solving time: 0.000206246 seconds
plan limit 980
current timestep 194
num of flexible agents: 79
num of flexible tasks: 0
Solving time: 0.000210488 seconds
plan limit 980
current timestep 195
num of flexible agents: 79
num of flexible tasks: 0
Solving time: 0.00022549 seconds
plan limit 980
current timestep 196
num of flexible agents: 79
num of flexible tasks: 0
Solving time: 0.000214559 seconds
plan limit 980
current timestep 197
num of flexible agents: 79
num of flexible tasks: 0
Solving time: 0.000212604 seconds
plan limit 980
current timestep 198
num of flexible agents: 79
num of flexible tasks: 0
Solving time: 0.00021765 seconds
plan limit 980
current timestep 199
num of flexible agents: 79
num of flexible tasks: 0
Solving time: 0.000244632 seconds
plan limit 980
current timestep 200
num of flexible agents: 79
num of flexible tasks: 0
Solving time: 0.000228784 seconds
plan limit 980
current timestep 201
num of flexible agents: 79
num of flexible tasks: 0
Solving time: 0.00021742 seconds
plan limit 980
current timestep 202
num of flexible agents: 79
num of flexible tasks: 0
Solving time: 0.00021667 seconds
plan limit 980
current timestep 203
num of flexible agents: 79
num of flexible tasks: 0
Solving time: 0.000213937 seconds
plan limit 980
current timestep 204
num of flexible agents: 79
num of flexible tasks: 0
Solving time: 0.000213239 seconds
plan limit 980
All tasks finished at timestep 205
