current timestep 0
num of flexible agents: 80
num of flexible tasks: 10
Solving time: 0.000353748 seconds
plan limit 980
current timestep 1
num of flexible agents: 80
num of flexible tasks: 20
Solving time: 0.000407594 seconds
plan limit 980
current timestep 2
num of flexible agents: 77
num of flexible tasks: 27
Solving time: 0.000396121 seconds
plan limit 980
current timestep 3
num of flexible agents: 74
num of flexible tasks: 34
Solving time: 0.000463528 seconds
plan limit 980
current timestep 4
num of flexible agents: 70
num of flexible tasks: 40
Solving time: 0.000474316 seconds
plan limit 980
current timestep 5
num of flexible agents: 63
num of flexible tasks: 43
Solving time: 0.000503799 seconds
plan limit 980
current timestep 6
num of flexible agents: 56
num of flexible tasks: 46
Solving time: 0.000582363 seconds
plan limit 980
current timestep 7
num of flexible agents: 48
num of flexible tasks: 47
Solving time: 0.000571313 seconds
plan limit 980
current timestep 8
num of flexible agents: 45
num of flexible tasks: 54
Solving time: 0.000522018 seconds
plan limit 980
current timestep 9
num of flexible agents: 42
num of flexible tasks: 61
Solving time: 0.000442207 seconds
plan limit 980
current timestep 10
num of flexible agents: 35
num of flexible tasks: 64
Solving time: 0.000380787 seconds
plan limit 980
current timestep 11
num of flexible agents: 28
num of flexible tasks: 67
Solving time: 0.000355515 seconds
plan limit 980
current timestep 12
num of flexible agents: 26
num of flexible tasks: 74
Solving time: 0.000355282 seconds
plan limit 980
current timestep 13
num of flexible agents: 20
num of flexible tasks: 77
Solving time: 0.000323029 seconds
plan limit 980
current timestep 14
num of flexible agents: 13
num of flexible tasks: 79
Solving time: 0.000318496 seconds
plan limit 980
current timestep 15
num of flexible agents: 9
num of flexible tasks: 84
Solving time: 0.000244824 seconds
plan limit 980
current timestep 16
num of flexible agents: 6
num of flexible tasks: 89
Solving time: 0.000287173 seconds
plan limit 980
current timestep 17
num of flexible agents: 4
num of flexible tasks: 96
Solving time: 0.000767008 seconds
plan limit 980
current timestep 18
num of flexible agents: 0
num of flexible tasks: 102
Solving time: 0.000206548 seconds
plan limit 980
current timestep 19
num of flexible agents: 1
num of flexible tasks: 112
Solving time: 0.00049415 seconds
plan limit 980
current timestep 20
num of flexible agents: 2
num of flexible tasks: 122
Solving time: 0.000729174 seconds
plan limit 980
current timestep 21
num of flexible agents: 5
num of flexible tasks: 131
Solving time: 0.00025139 seconds
plan limit 980
current timestep 22
num of flexible agents: 7
num of flexible tasks: 139
Solving time: 0.000338519 seconds
plan limit 980
current timestep 23
num of flexible agents: 8
num of flexible tasks: 147
Solving time: 0.000317886 seconds
plan limit 980
current timestep 24
num of flexible agents: 4
num of flexible tasks: 153
Solving time: 0.000788549 seconds
plan limit 980
current timestep 25
num of flexible agents: 6
num of flexible tasks: 161
Solving time: 0.000276207 seconds
plan limit 980
current timestep 26
num of flexible agents: 7
num of flexible tasks: 168
Solving time: 0.000299441 seconds
plan limit 980
current timestep 27
num of flexible agents: 2
num of flexible tasks: 172
Solving time: 0.000720021 seconds
plan limit 980
current timestep 28
num of flexible agents: 3
num of flexible tasks: 180
Solving time: 0.000779522 seconds
plan limit 980
current timestep 29
num of flexible agents: 4
num of flexible tasks: 187
Solving time: 0.000827371 seconds
plan limit 980
current timestep 30
num of flexible agents: 9
num of flexible tasks: 195
Solving time: 0.00029393 seconds
plan limit 980
current timestep 31
num of flexible agents: 8
num of flexible tasks: 199
Solving time: 0.000301922 seconds
plan limit 980
current timestep 32
num of flexible agents: 3
num of flexible tasks: 203
Solving time: 0.00080771 seconds
plan limit 980
current timestep 33
num of flexible agents: 7
num of flexible tasks: 211
Solving time: 0.000306723 seconds
plan limit 980
current timestep 34
num of flexible agents: 6
num of flexible tasks: 214
Solving time: 0.000303025 seconds
plan limit 980
current timestep 35
num of flexible agents: 2
num of flexible tasks: 218
Solving time: 0.000704011 seconds
plan limit 980
current timestep 36
num of flexible agents: 8
num of flexible tasks: 228
Solving time: 0.000293534 seconds
plan limit 980
current timestep 37
num of flexible agents: 5
num of flexible tasks: 231
Solving time: 0.000294363 seconds
plan limit 980
current timestep 38
num of flexible agents: 5
num of flexible tasks: 237
Solving time: 0.000319365 seconds
plan limit 980
current timestep 39
num of flexible agents: 7
num of flexible tasks: 245
Solving time: 0.000280482 seconds
plan limit 980
current timestep 40
num of flexible agents: 6
num of flexible tasks: 249
Solving time: 0.000286002 seconds
plan limit 980
current timestep 41
num of flexible agents: 7
num of flexible tasks: 253
Solving time: 0.000281914 seconds
plan limit 980
current timestep 42
num of flexible agents: 4
num of flexible tasks: 256
Solving time: 0.000804034 seconds
plan limit 980
current timestep 43
num of flexible agents: 2
num of flexible tasks: 262
Solving time: 0.000671342 seconds
plan limit 980
current timestep 44
num of flexible agents: 5
num of flexible tasks: 270
Solving time: 0.000797962 seconds
plan limit 980
current timestep 45
num of flexible agents: 3
num of flexible tasks: 276
Solving time: 0.000790367 seconds
plan limit 980
current timestep 46
num of flexible agents: 3
num of flexible tasks: 284
Solving time: 0.000758765 seconds
plan limit 980
current timestep 47
num of flexible agents: 4
num of flexible tasks: 291
Solving time: 0.000801725 seconds
plan limit 980
current timestep 48
num of flexible agents: 4
num of flexible tasks: 297
Solving time: 0.000798122 seconds
plan limit 980
current timestep 49
num of flexible agents: 7
num of flexible tasks: 305
Solving time: 0.000321192 seconds
plan limit 980
current timestep 50
num of flexible agents: 4
num of flexible tasks: 298
Solving time: 0.00079372 seconds
plan limit 980
current timestep 51
num of flexible agents: 3
num of flexible tasks: 294
Solving time: 0.000781734 seconds
plan limit 980
current timestep 52
num of flexible agents: 5
num of flexible tasks: 292
Solving time: 0.000754069 seconds
plan limit 980
current timestep 53
num of flexible agents: 3
num of flexible tasks: 287
Solving time: 0.000757749 seconds
plan limit 980
current timestep 54
num of flexible agents: 2
num of flexible tasks: 284
Solving time: 0.000692962 seconds
plan limit 980
current timestep 55
num of flexible agents: 1
num of flexible tasks: 282
Solving time: 0.000608339 seconds
plan limit 980
current timestep 56
num of flexible agents: 4
num of flexible tasks: 281
Solving time: 0.000790223 seconds
plan limit 980
current timestep 57
num of flexible agents: 1
num of flexible tasks: 277
Solving time: 0.000423125 seconds
plan limit 980
current timestep 58
num of flexible agents: 6
num of flexible tasks: 277
Solving time: 0.000341313 seconds
plan limit 980
current timestep 59
num of flexible agents: 6
num of flexible tasks: 273
Solving time: 0.000264715 seconds
plan limit 980
current timestep 60
num of flexible agents: 2
num of flexible tasks: 267
Solving time: 0.000674755 seconds
plan limit 980
current timestep 61
num of flexible agents: 5
num of flexible tasks: 266
Solving time: 0.000810296 seconds
plan limit 980
current timestep 62
num of flexible agents: 4
num of flexible tasks: 264
Solving time: 0.000852668 seconds
plan limit 980
current timestep 63
num of flexible agents: 9
num of flexible tasks: 262
Solving time: 0.000323414 seconds
plan limit 980
current timestep 64
num of flexible agents: 8
num of flexible tasks: 257
Solving time: 0.000298662 seconds
plan limit 980
current timestep 65
num of flexible agents: 9
num of flexible tasks: 253
Solving time: 0.00030871 seconds
plan limit 980
current timestep 66
num of flexible agents: 4
num of flexible tasks: 247
Solving time: 0.00081442 seconds
plan limit 980
current timestep 67
num of flexible agents: 0
num of flexible tasks: 243
Solving time: 0.000237145 seconds
plan limit 980
current timestep 68
num of flexible agents: 0
num of flexible tasks: 243
Solving time: 0.000228971 seconds
plan limit 980
current timestep 69
num of flexible agents: 3
num of flexible tasks: 243
Solving time: 0.000783828 seconds
plan limit 980
current timestep 70
num of flexible agents: 4
num of flexible tasks: 242
Solving time: 0.000870539 seconds
plan limit 979
current timestep 71
num of flexible agents: 5
num of flexible tasks: 239
Solving time: 0.000802935 seconds
plan limit 980
current timestep 72
num of flexible agents: 6
num of flexible tasks: 234
Solving time: 0.000344147 seconds
plan limit 980
current timestep 73
num of flexible agents: 4
num of flexible tasks: 229
Solving time: 0.000838426 seconds
plan limit 979
current timestep 74
num of flexible agents: 3
num of flexible tasks: 226
Solving time: 0.000754224 seconds
plan limit 980
current timestep 75
num of flexible agents: 6
num of flexible tasks: 225
Solving time: 0.000283409 seconds
plan limit 980
current timestep 76
num of flexible agents: 6
num of flexible tasks: 221
Solving time: 0.000262628 seconds
plan limit 980
current timestep 77
num of flexible agents: 1
num of flexible tasks: 216
Solving time: 0.000625259 seconds
plan limit 980
current timestep 78
num of flexible agents: 6
num of flexible tasks: 216
Solving time: 0.000279039 seconds
plan limit 980
current timestep 79
num of flexible agents: 5
num of flexible tasks: 210
Solving time: 0.000795234 seconds
plan limit 980
current timestep 80
num of flexible agents: 4
num of flexible tasks: 207
Solving time: 0.000817516 seconds
plan limit 980
current timestep 81
num of flexible agents: 9
num of flexible tasks: 205
Solving time: 0.000321814 seconds
plan limit 980
current timestep 82
num of flexible agents: 8
num of flexible tasks: 199
Solving time: 0.000293716 seconds
plan limit 980
current timestep 83
num of flexible agents: 6
num of flexible tasks: 196
Solving time: 0.000290348 seconds
plan limit 980
current timestep 84
num of flexible agents: 4
num of flexible tasks: 191
Solving time: 0.000800308 seconds
plan limit 980
current timestep 85
num of flexible agents: 4
num of flexible tasks: 188
Solving time: 0.000776995 seconds
plan limit 980
current timestep 86
num of flexible agents: 4
num of flexible tasks: 185
Solving time: 0.000808361 seconds
plan limit 980
current timestep 87
num of flexible agents: 7
num of flexible tasks: 183
Solving time: 0.000304258 seconds
plan limit 980
current timestep 88
num of flexible agents: 9
num of flexible tasks: 180
Solving time: 0.000293438 seconds
plan limit 980
current timestep 89
num of flexible agents: 6
num of flexible tasks: 173
Solving time: 0.000285134 seconds
plan limit 980
current timestep 90
num of flexible agents: 7
num of flexible tasks: 169
Solving time: 0.00027452 seconds
plan limit 980
current timestep 91
num of flexible agents: 7
num of flexible tasks: 166
Solving time: 0.000302523 seconds
plan limit 980
current timestep 92
num of flexible agents: 7
num of flexible tasks: 162
Solving time: 0.000282985 seconds
plan limit 980
current timestep 93
num of flexible agents: 3
num of flexible tasks: 158
Solving time: 0.000780763 seconds
plan limit 980
current timestep 94
num of flexible agents: 11
num of flexible tasks: 157
Solving time: 0.000297466 seconds
plan limit 980
current timestep 95
num of flexible agents: 11
num of flexible tasks: 153
Solving time: 0.000344038 seconds
plan limit 980
current timestep 96
num of flexible agents: 11
num of flexible tasks: 148
Solving time: 0.000299363 seconds
plan limit 980
current timestep 97
num of flexible agents: 14
num of flexible tasks: 146
Solving time: 0.000298871 seconds
plan limit 980
current timestep 98
num of flexible agents: 8
num of flexible tasks: 137
Solving time: 0.000293123 seconds
plan limit 980
current timestep 99
num of flexible agents: 9
num of flexible tasks: 134
Solving time: 0.000278014 seconds
plan limit 980
current timestep 100
num of flexible agents: 12
num of flexible tasks: 130
Solving time: 0.00034555 seconds
plan limit 980
current timestep 101
num of flexible agents: 10
num of flexible tasks: 127
Solving time: 0.000317344 seconds
plan limit 980
current timestep 102
num of flexible agents: 7
num of flexible tasks: 121
Solving time: 0.000289152 seconds
plan limit 980
current timestep 103
num of flexible agents: 6
num of flexible tasks: 119
Solving time: 0.000285358 seconds
plan limit 980
current timestep 104
num of flexible agents: 6
num of flexible tasks: 117
Solving time: 0.000310582 seconds
plan limit 980
current timestep 105
num of flexible agents: 6
num of flexible tasks: 116
Solving time: 0.000307265 seconds
plan limit 980
current timestep 106
num of flexible agents: 12
num of flexible tasks: 115
Solving time: 0.000292396 seconds
plan limit 980
current timestep 107
num of flexible agents: 12
num of flexible tasks: 110
Solving time: 0.000313913 seconds
plan limit 980
current timestep 108
num of flexible agents: 9
num of flexible tasks: 105
Solving time: 0.000334912 seconds
plan limit 980
current timestep 109
num of flexible agents: 14
num of flexible tasks: 104
Solving time: 0.000337099 seconds
plan limit 980
current timestep 110
num of flexible agents: 17
num of flexible tasks: 102
Solving time: 0.000325457 seconds
plan limit 980
current timestep 111
num of flexible agents: 16
num of flexible tasks: 98
Solving time: 0.000348891 seconds
plan limit 980
current timestep 112
num of flexible agents: 18
num of flexible tasks: 96
Solving time: 0.000331827 seconds
plan limit 980
current timestep 113
num of flexible agents: 17
num of flexible tasks: 95
Solving time: 0.000399099 seconds
plan limit 980
current timestep 114
num of flexible agents: 17
num of flexible tasks: 94
Solving time: 0.000321079 seconds
plan limit 980
current timestep 115
num of flexible agents: 12
num of flexible tasks: 88
Solving time: 0.000331343 seconds
plan limit 980
current timestep 116
num of flexible agents: 7
num of flexible tasks: 83
Solving time: 0.000316243 seconds
plan limit 980
current timestep 117
num of flexible agents: 12
num of flexible tasks: 82
Solving time: 0.000334784 seconds
plan limit 980
current timestep 118
num of flexible agents: 15
num of flexible tasks: 79
Solving time: 0.000343434 seconds
plan limit 980
current timestep 119
num of flexible agents: 16
num of flexible tasks: 78
Solving time: 0.00034558 seconds
plan limit 980
current timestep 120
num of flexible agents: 19
num of flexible tasks: 76
Solving time: 0.000327061 seconds
plan limit 980
current timestep 121
num of flexible agents: 16
num of flexible tasks: 71
Solving time: 0.000327602 seconds
plan limit 980
current timestep 122
num of flexible agents: 17
num of flexible tasks: 70
Solving time: 0.000374722 seconds
plan limit 980
current timestep 123
num of flexible agents: 16
num of flexible tasks: 65
Solving time: 0.000350301 seconds
plan limit 980
current timestep 124
num of flexible agents: 19
num of flexible tasks: 63
Solving time: 0.000368042 seconds
plan limit 980
current timestep 125
num of flexible agents: 21
num of flexible tasks: 61
Solving time: 0.000374025 seconds
plan limit 980
current timestep 126
num of flexible agents: 22
num of flexible tasks: 58
Solving time: 0.000398249 seconds
plan limit 980
current timestep 127
num of flexible agents: 23
num of flexible tasks: 56
Solving time: 0.000397092 seconds
plan limit 980
current timestep 128
num of flexible agents: 28
num of flexible tasks: 55
Solving time: 0.000407504 seconds
plan limit 980
current timestep 129
num of flexible agents: 30
num of flexible tasks: 54
Solving time: 0.000378357 seconds
plan limit 980
current timestep 130
num of flexible agents: 28
num of flexible tasks: 49
Solving time: 0.000393888 seconds
plan limit 980
current timestep 131
num of flexible agents: 29
num of flexible tasks: 47
Solving time: 0.000440158 seconds
plan limit 980
current timestep 132
num of flexible agents: 31
num of flexible tasks: 46
Solving time: 0.0004331 seconds
plan limit 980
current timestep 133
num of flexible agents: 32
num of flexible tasks: 45
Solving time: 0.000455761 seconds
plan limit 980
current timestep 134
num of flexible agents: 35
num of flexible tasks: 44
Solving time: 0.000417153 seconds
plan limit 980
current timestep 135
num of flexible agents: 35
num of flexible tasks: 42
Solving time: 0.000452274 seconds
plan limit 980
current timestep 136
num of flexible agents: 35
num of flexible tasks: 40
Solving time: 0.000500118 seconds
plan limit 980
current timestep 137
num of flexible agents: 32
num of flexible tasks: 35
Solving time: 0.000480413 seconds
plan limit 980
current timestep 138
num of flexible agents: 31
num of flexible tasks: 32
Solving time: 0.000478765 seconds
plan limit 980
current timestep 139
num of flexible agents: 32
num of flexible tasks: 31
Solving time: 0.00043921 seconds
plan limit 980
current timestep 140
num of flexible agents: 29
num of flexible tasks: 28
Solving time: 0.000504089 seconds
plan limit 980
current timestep 141
num of flexible agents: 29
num of flexible tasks: 27
Solving time: 0.000413646 seconds
plan limit 980
current timestep 142
num of flexible agents: 31
num of flexible tasks: 25
Solving time: 0.000410585 seconds
plan limit 980
current timestep 143
num of flexible agents: 32
num of flexible tasks: 23
Solving time: 0.000357239 seconds
plan limit 980
current timestep 144
num of flexible agents: 31
num of flexible tasks: 21
Solving time: 0.00035294 seconds
plan limit 980
current timestep 145
num of flexible agents: 28
num of flexible tasks: 17
Solving time: 0.000324881 seconds
plan limit 980
current timestep 146
num of flexible agents: 29
num of flexible tasks: 16
Solving time: 0.000316766 seconds
plan limit 980
current timestep 147
num of flexible agents: 28
num of flexible tasks: 13
Solving time: 0.000294093 seconds
plan limit 980
current timestep 148
num of flexible agents: 30
num of flexible tasks: 12
Solving time: 0.000282577 seconds
plan limit 980
current timestep 149
num of flexible agents: 30
num of flexible tasks: 10
Solving time: 0.000287455 seconds
plan limit 980
current timestep 150
num of flexible agents: 31
num of flexible tasks: 10
Solving time: 0.000271789 seconds
plan limit 980
current timestep 151
num of flexible agents: 32
num of flexible tasks: 9
Solving time: 0.000274899 seconds
plan limit 980
current timestep 152
num of flexible agents: 33
num of flexible tasks: 7
Solving time: 0.000285053 seconds
plan limit 980
current timestep 153
num of flexible agents: 35
num of flexible tasks: 7
Solving time: 0.000254707 seconds
plan limit 980
current timestep 154
num of flexible agents: 34
num of flexible tasks: 4
Solving time: 0.000260784 seconds
plan limit 980
current timestep 155
num of flexible agents: 33
num of flexible tasks: 3
Solving time: 0.000252847 seconds
plan limit 980
current timestep 156
num of flexible agents: 36
num of flexible tasks: 3
Solving time: 0.000230232 seconds
plan limit 980
current timestep 157
num of flexible agents: 38
num of flexible tasks: 3
Solving time: 0.000252438 seconds
plan limit 980
current timestep 158
num of flexible agents: 40
num of flexible tasks: 3
Solving time: 0.000244016 seconds
plan limit 980
current timestep 159
num of flexible agents: 40
num of flexible tasks: 2
Solving time: 0.00022736 seconds
plan limit 980
current timestep 160
num of flexible agents: 40
num of flexible tasks: 1
Solving time: 0.000266672 seconds
plan limit 980
current timestep 161
num of flexible agents: 43
num of flexible tasks: 1
Solving time: 0.000253421 seconds
plan limit 980
current timestep 162
num of flexible agents: 48
num of flexible tasks: 1
Solving time: 0.000268077 seconds
plan limit 980
current timestep 163
num of flexible agents: 50
num of flexible tasks: 0
Solving time: 0.000255999 seconds
plan limit 980
current timestep 164
num of flexible agents: 53
num of flexible tasks: 0
Solving time: 0.000205212 seconds
plan limit 980
current timestep 165
num of flexible agents: 56
num of flexible tasks: 0
Solving time: 0.00021197 seconds
plan limit 980
current timestep 166
num of flexible agents: 59
num of flexible tasks: 0
Solving time: 0.000206681 seconds
plan limit 980
current timestep 167
num of flexible agents: 61
num of flexible tasks: 0
Solving time: 0.000215154 seconds
plan limit 980
current timestep 168
num of flexible agents: 62
num of flexible tasks: 0
Solving time: 0.000249713 seconds
plan limit 980
current timestep 169
num of flexible agents: 63
num of flexible tasks: 0
Solving time: 0.000215966 seconds
plan limit 980
current timestep 170
num of flexible agents: 63
num of flexible tasks: 0
Solving time: 0.000213719 seconds
plan limit 980
current timestep 171
num of flexible agents: 65
num of flexible tasks: 0
Solving time: 0.000208808 seconds
plan limit 980
current timestep 172
num of flexible agents: 66
num of flexible tasks: 0
Solving time: 0.000240153 seconds
plan limit 980
current timestep 173
num of flexible agents: 66
num of flexible tasks: 0
Solving time: 0.000212195 seconds
plan limit 980
current timestep 174
num of flexible agents: 66
num of flexible tasks: 0
Solving time: 0.00021956 seconds
plan limit 980
current timestep 175
num of flexible agents: 67
num of flexible tasks: 0
Solving time: 0.000211774 seconds
plan limit 980
current timestep 176
num of flexible agents: 69
num of flexible tasks: 0
Solving time: 0.000240471 seconds
plan limit 980
current timestep 177
num of flexible agents: 70
num of flexible tasks: 0
Solving time: 0.000212489 seconds
plan limit 980
current timestep 178
num of flexible agents: 72
num of flexible tasks: 0
Solving time: 0.000234101 seconds
plan limit 980
current timestep 179
num of flexible agents: 72
num of flexible tasks: 0
Solving time: 0.000214876 seconds
plan limit 980
current timestep 180
num of flexible agents: 73
num of flexible tasks: 0
Solving time: 0.000252107 seconds
plan limit 980
current timestep 181
num of flexible agents: 73
num of flexible tasks: 0
Solving time: 0.00021906 seconds
plan limit 980
current timestep 182
num of flexible agents: 74
num of flexible tasks: 0
Solving time: 0.00022925 seconds
plan limit 980
current timestep 183
num of flexible agents: 74
num of flexible tasks: 0
Solving time: 0.000220199 seconds
plan limit 980
current timestep 184
num of flexible agents: 74
num of flexible tasks: 0
Solving time: 0.000246114 seconds
plan limit 980
current timestep 185
num of flexible agents: 75
num of flexible tasks: 0
Solving time: 0.00021727 seconds
plan limit 980
current timestep 186
num of flexible agents: 75
num of flexible tasks: 0
Solving time: 0.000250236 seconds
plan limit 980
current timestep 187
num of flexible agents: 75
num of flexible tasks: 0
Solving time: 0.000241478 seconds
plan limit 980
current timestep 188
num of flexible agents: 76
num of flexible tasks: 0
Solving time: 0.000224491 seconds
plan limit 980
current timestep 189
num of flexible agents: 77
num of flexible tasks: 0
Solving time: 0.000227109 seconds
plan limit 980
current timestep 190
num of flexible agents: 78
num of flexible tasks: 0
Solving time: 0.000239146 seconds
plan limit 980
current timestep 191
num of flexible agents: 78
num of flexible tasks: 0
Solving time: 0.000213289 seconds
plan limit 980
current timestep 192
num of flexible agents: 79
num of flexible tasks: 0
Solving time: 0.000214124 seconds
plan limit 980
current timestep 193
num of flexible agents: 79
num of flexible tasks: 0
Solving time: 0.00021956 seconds
plan limit 980
current timestep 194
num of flexible agents: 79
num of flexible tasks: 0
Solving time: 0.000250622 seconds
plan limit 980
current timestep 195
num of flexible agents: 79
num of flexible tasks: 0
Solving time: 0.000261022 seconds
plan limit 980
current timestep 196
num of flexible agents: 79
num of flexible tasks: 0
Solving time: 0.000243998 seconds
plan limit 980
current timestep 197
num of flexible agents: 79
num of flexible tasks: 0
Solving time: 0.000220831 seconds
plan limit 980
current timestep 198
num of flexible agents: 79
num of flexible tasks: 0
Solving time: 0.000224805 seconds
plan limit 980
current timestep 199
num of flexible agents: 79
num of flexible tasks: 0
Solving time: 0.000222547 seconds
plan limit 980
current timestep 200
num of flexible agents: 79
num of flexible tasks: 0
Solving time: 0.000231833 seconds
plan limit 980
All tasks finished at timestep 201
