Running f5_n100_flow-unit_seed2
current timestep 0
num of flexible agents: 100
num of flexible tasks: 5
Solving time: 0.0004282 seconds
plan limit 980
current timestep 1
num of flexible agents: 99
num of flexible tasks: 9
Solving time: 0.0004293 seconds
plan limit 980
current timestep 2
num of flexible agents: 96
num of flexible tasks: 11
Solving time: 0.0003817 seconds
plan limit 980
current timestep 3
num of flexible agents: 94
num of flexible tasks: 14
Solving time: 0.0004205 seconds
plan limit 980
current timestep 4
num of flexible agents: 90
num of flexible tasks: 15
Solving time: 0.0005008 seconds
plan limit 980
current timestep 5
num of flexible agents: 90
num of flexible tasks: 20
Solving time: 0.0004945 seconds
plan limit 980
current timestep 6
num of flexible agents: 88
num of flexible tasks: 23
Solving time: 0.0006288 seconds
plan limit 980
current timestep 7
num of flexible agents: 85
num of flexible tasks: 25
Solving time: 0.000598 seconds
plan limit 979
current timestep 8
num of flexible agents: 83
num of flexible tasks: 28
Solving time: 0.0005448 seconds
plan limit 980
current timestep 9
num of flexible agents: 78
num of flexible tasks: 27
Solving time: 0.000524 seconds
plan limit 980
current timestep 10
num of flexible agents: 71
num of flexible tasks: 25
Solving time: 0.0006333 seconds
plan limit 980
current timestep 11
num of flexible agents: 71
num of flexible tasks: 30
Solving time: 0.0006167 seconds
plan limit 980
current timestep 12
num of flexible agents: 69
num of flexible tasks: 32
Solving time: 0.0005934 seconds
plan limit 980
current timestep 13
num of flexible agents: 62
num of flexible tasks: 30
Solving time: 0.0006509 seconds
plan limit 979
current timestep 14
num of flexible agents: 57
num of flexible tasks: 27
Solving time: 0.0006017 seconds
plan limit 980
current timestep 15
num of flexible agents: 53
num of flexible tasks: 27
Solving time: 0.000651 seconds
plan limit 980
current timestep 16
num of flexible agents: 49
num of flexible tasks: 28
Solving time: 0.0005874 seconds
plan limit 980
current timestep 17
num of flexible agents: 51
num of flexible tasks: 32
Solving time: 0.0005974 seconds
plan limit 980
current timestep 18
num of flexible agents: 48
num of flexible tasks: 33
Solving time: 0.0006335 seconds
plan limit 980
current timestep 19
num of flexible agents: 47
num of flexible tasks: 36
Solving time: 0.0006913 seconds
plan limit 979
current timestep 20
num of flexible agents: 44
num of flexible tasks: 38
Solving time: 0.000687 seconds
plan limit 979
current timestep 21
num of flexible agents: 43
num of flexible tasks: 41
Solving time: 0.0007325 seconds
plan limit 979
current timestep 22
num of flexible agents: 40
num of flexible tasks: 39
Solving time: 0.00068 seconds
plan limit 979
current timestep 23
num of flexible agents: 38
num of flexible tasks: 40
Solving time: 0.0006813 seconds
plan limit 980
current timestep 24
num of flexible agents: 33
num of flexible tasks: 39
Solving time: 0.0006099 seconds
plan limit 980
current timestep 25
num of flexible agents: 30
num of flexible tasks: 38
Solving time: 0.0006552 seconds
plan limit 980
current timestep 26
num of flexible agents: 29
num of flexible tasks: 38
Solving time: 0.000737 seconds
plan limit 979
current timestep 27
num of flexible agents: 28
num of flexible tasks: 40
Solving time: 0.0005569 seconds
plan limit 980
current timestep 28
num of flexible agents: 27
num of flexible tasks: 41
Solving time: 0.0005015 seconds
plan limit 980
current timestep 29
num of flexible agents: 27
num of flexible tasks: 44
Solving time: 0.0005398 seconds
plan limit 980
current timestep 30
num of flexible agents: 25
num of flexible tasks: 44
Solving time: 0.0004948 seconds
plan limit 980
current timestep 31
num of flexible agents: 24
num of flexible tasks: 47
Solving time: 0.0005607 seconds
plan limit 980
current timestep 32
num of flexible agents: 24
num of flexible tasks: 48
Solving time: 0.0004861 seconds
plan limit 980
current timestep 33
num of flexible agents: 25
num of flexible tasks: 49
Solving time: 0.000486 seconds
plan limit 980
current timestep 34
num of flexible agents: 24
num of flexible tasks: 47
Solving time: 0.0005196 seconds
plan limit 980
current timestep 35
num of flexible agents: 22
num of flexible tasks: 46
Solving time: 0.0004561 seconds
plan limit 980
current timestep 36
num of flexible agents: 21
num of flexible tasks: 46
Solving time: 0.0004593 seconds
plan limit 980
current timestep 37
num of flexible agents: 20
num of flexible tasks: 48
Solving time: 0.0004715 seconds
plan limit 980
current timestep 38
num of flexible agents: 13
num of flexible tasks: 45
Solving time: 0.0004574 seconds
plan limit 980
current timestep 39
num of flexible agents: 10
num of flexible tasks: 44
Solving time: 0.0003865 seconds
plan limit 980
current timestep 40
num of flexible agents: 9
num of flexible tasks: 46
Solving time: 0.0004003 seconds
plan limit 980
current timestep 41
num of flexible agents: 9
num of flexible tasks: 49
Solving time: 0.0004586 seconds
plan limit 980
current timestep 42
num of flexible agents: 13
num of flexible tasks: 52
Solving time: 0.000409 seconds
plan limit 980
current timestep 43
num of flexible agents: 13
num of flexible tasks: 54
Solving time: 0.0004372 seconds
plan limit 980
current timestep 44
num of flexible agents: 11
num of flexible tasks: 54
Solving time: 0.0004307 seconds
plan limit 980
current timestep 45
num of flexible agents: 12
num of flexible tasks: 58
Solving time: 0.0004745 seconds
plan limit 980
current timestep 46
num of flexible agents: 10
num of flexible tasks: 57
Solving time: 0.0003998 seconds
plan limit 980
current timestep 47
num of flexible agents: 7
num of flexible tasks: 56
Solving time: 0.000419 seconds
plan limit 980
current timestep 48
num of flexible agents: 11
num of flexible tasks: 61
Solving time: 0.0008005 seconds
plan limit 979
current timestep 49
num of flexible agents: 19
num of flexible tasks: 66
Solving time: 0.0004516 seconds
plan limit 980
current timestep 50
num of flexible agents: 14
num of flexible tasks: 65
Solving time: 0.0005657 seconds
plan limit 980
current timestep 51
num of flexible agents: 13
num of flexible tasks: 64
Solving time: 0.0006009 seconds
plan limit 979
current timestep 52
num of flexible agents: 16
num of flexible tasks: 67
Solving time: 0.0003898 seconds
plan limit 980
current timestep 53
num of flexible agents: 13
num of flexible tasks: 66
Solving time: 0.0004146 seconds
plan limit 980
current timestep 54
num of flexible agents: 21
num of flexible tasks: 69
Solving time: 0.0004334 seconds
plan limit 980
current timestep 55
num of flexible agents: 12
num of flexible tasks: 64
Solving time: 0.0004235 seconds
plan limit 980
current timestep 56
num of flexible agents: 16
num of flexible tasks: 63
Solving time: 0.0004613 seconds
plan limit 980
current timestep 57
num of flexible agents: 14
num of flexible tasks: 64
Solving time: 0.000487 seconds
plan limit 980
current timestep 58
num of flexible agents: 12
num of flexible tasks: 66
Solving time: 0.0004648 seconds
plan limit 980
current timestep 59
num of flexible agents: 10
num of flexible tasks: 66
Solving time: 0.0004696 seconds
plan limit 980
current timestep 60
num of flexible agents: 8
num of flexible tasks: 65
Solving time: 0.0004182 seconds
plan limit 980
current timestep 61
num of flexible agents: 10
num of flexible tasks: 66
Solving time: 0.0004303 seconds
plan limit 980
current timestep 62
num of flexible agents: 10
num of flexible tasks: 69
Solving time: 0.0004241 seconds
plan limit 980
current timestep 63
num of flexible agents: 12
num of flexible tasks: 72
Solving time: 0.0004307 seconds
plan limit 980
current timestep 64
num of flexible agents: 11
num of flexible tasks: 72
Solving time: 0.001354 seconds
plan limit 978
current timestep 65
num of flexible agents: 8
num of flexible tasks: 71
Solving time: 0.000399 seconds
plan limit 980
current timestep 66
num of flexible agents: 12
num of flexible tasks: 75
Solving time: 0.0006613 seconds
plan limit 979
current timestep 67
num of flexible agents: 13
num of flexible tasks: 76
Solving time: 0.0014488 seconds
plan limit 978
current timestep 68
num of flexible agents: 12
num of flexible tasks: 78
Solving time: 0.0045218 seconds
plan limit 974
current timestep 69
num of flexible agents: 17
num of flexible tasks: 80
Solving time: 0.0004284 seconds
plan limit 980
current timestep 70
num of flexible agents: 17
num of flexible tasks: 81
Solving time: 0.000605 seconds
plan limit 979
current timestep 71
num of flexible agents: 14
num of flexible tasks: 81
Solving time: 0.0004216 seconds
plan limit 980
current timestep 72
num of flexible agents: 14
num of flexible tasks: 83
Solving time: 0.0006411 seconds
plan limit 979
current timestep 73
num of flexible agents: 12
num of flexible tasks: 82
Solving time: 0.0006312 seconds
plan limit 979
current timestep 74
num of flexible agents: 8
num of flexible tasks: 81
Solving time: 0.0006213 seconds
plan limit 979
current timestep 75
num of flexible agents: 9
num of flexible tasks: 84
Solving time: 0.0005076 seconds
plan limit 980
current timestep 76
num of flexible agents: 7
num of flexible tasks: 86
Solving time: 0.0011809 seconds
plan limit 979
current timestep 77
num of flexible agents: 10
num of flexible tasks: 89
Solving time: 0.0004242 seconds
plan limit 980
current timestep 78
num of flexible agents: 14
num of flexible tasks: 91
Solving time: 0.000427 seconds
plan limit 980
current timestep 79
num of flexible agents: 10
num of flexible tasks: 89
Solving time: 0.0004194 seconds
plan limit 980
current timestep 80
num of flexible agents: 8
num of flexible tasks: 88
Solving time: 0.0004046 seconds
plan limit 980
current timestep 81
num of flexible agents: 10
num of flexible tasks: 90
Solving time: 0.0005244 seconds
plan limit 980
current timestep 82
num of flexible agents: 10
num of flexible tasks: 91
Solving time: 0.0004064 seconds
plan limit 980
current timestep 83
num of flexible agents: 7
num of flexible tasks: 91
Solving time: 0.0003854 seconds
plan limit 980
current timestep 84
num of flexible agents: 7
num of flexible tasks: 93
Solving time: 0.0004033 seconds
plan limit 980
current timestep 85
num of flexible agents: 14
num of flexible tasks: 98
Solving time: 0.000422 seconds
plan limit 980
current timestep 86
num of flexible agents: 11
num of flexible tasks: 96
Solving time: 0.0004397 seconds
plan limit 980
current timestep 87
num of flexible agents: 7
num of flexible tasks: 95
Solving time: 0.0003932 seconds
plan limit 980
current timestep 88
num of flexible agents: 11
num of flexible tasks: 99
Solving time: 0.0003858 seconds
plan limit 980
current timestep 89
num of flexible agents: 9
num of flexible tasks: 99
Solving time: 0.0003736 seconds
plan limit 980
current timestep 90
num of flexible agents: 8
num of flexible tasks: 101
Solving time: 0.0004171 seconds
plan limit 980
current timestep 91
num of flexible agents: 10
num of flexible tasks: 102
Solving time: 0.0004316 seconds
plan limit 980
current timestep 92
num of flexible agents: 12
num of flexible tasks: 104
Solving time: 0.0004131 seconds
plan limit 980
current timestep 93
num of flexible agents: 7
num of flexible tasks: 103
Solving time: 0.0003663 seconds
plan limit 980
current timestep 94
num of flexible agents: 7
num of flexible tasks: 106
Solving time: 0.0003838 seconds
plan limit 980
current timestep 95
num of flexible agents: 10
num of flexible tasks: 109
Solving time: 0.0003949 seconds
plan limit 980
current timestep 96
num of flexible agents: 9
num of flexible tasks: 110
Solving time: 0.0005459 seconds
plan limit 979
current timestep 97
num of flexible agents: 7
num of flexible tasks: 110
Solving time: 0.0005184 seconds
plan limit 980
current timestep 98
num of flexible agents: 9
num of flexible tasks: 113
Solving time: 0.0004018 seconds
plan limit 980
current timestep 99
num of flexible agents: 7
num of flexible tasks: 114
Solving time: 0.0003811 seconds
plan limit 980
current timestep 100
num of flexible agents: 10
num of flexible tasks: 111
Solving time: 0.0003794 seconds
plan limit 980
current timestep 101
num of flexible agents: 6
num of flexible tasks: 105
Solving time: 0.0003365 seconds
plan limit 980
current timestep 102
num of flexible agents: 8
num of flexible tasks: 100
Solving time: 0.0003829 seconds
plan limit 980
current timestep 103
num of flexible agents: 10
num of flexible tasks: 97
Solving time: 0.000384 seconds
plan limit 980
current timestep 104
num of flexible agents: 11
num of flexible tasks: 91
Solving time: 0.0003921 seconds
plan limit 980
current timestep 105
num of flexible agents: 11
num of flexible tasks: 88
Solving time: 0.0003918 seconds
plan limit 980
current timestep 106
num of flexible agents: 12
num of flexible tasks: 80
Solving time: 0.000426 seconds
plan limit 980
current timestep 107
num of flexible agents: 13
num of flexible tasks: 77
Solving time: 0.0003802 seconds
plan limit 980
current timestep 108
num of flexible agents: 14
num of flexible tasks: 75
Solving time: 0.0004171 seconds
plan limit 980
current timestep 109
num of flexible agents: 11
num of flexible tasks: 69
Solving time: 0.0004241 seconds
plan limit 980
current timestep 110
num of flexible agents: 13
num of flexible tasks: 66
Solving time: 0.0004199 seconds
plan limit 980
current timestep 111
num of flexible agents: 10
num of flexible tasks: 58
Solving time: 0.0004336 seconds
plan limit 980
current timestep 112
num of flexible agents: 9
num of flexible tasks: 55
Solving time: 0.0004231 seconds
plan limit 980
current timestep 113
num of flexible agents: 12
num of flexible tasks: 55
Solving time: 0.0004294 seconds
plan limit 980
current timestep 114
num of flexible agents: 14
num of flexible tasks: 50
Solving time: 0.0004243 seconds
plan limit 980
current timestep 115
num of flexible agents: 13
num of flexible tasks: 44
Solving time: 0.0004349 seconds
plan limit 980
current timestep 116
num of flexible agents: 18
num of flexible tasks: 42
Solving time: 0.0004655 seconds
plan limit 980
current timestep 117
num of flexible agents: 15
num of flexible tasks: 37
Solving time: 0.000481 seconds
plan limit 980
current timestep 118
num of flexible agents: 14
num of flexible tasks: 34
Solving time: 0.000487 seconds
plan limit 980
current timestep 119
num of flexible agents: 18
num of flexible tasks: 34
Solving time: 0.0004936 seconds
plan limit 980
current timestep 120
num of flexible agents: 19
num of flexible tasks: 33
Solving time: 0.0005082 seconds
plan limit 980
current timestep 121
num of flexible agents: 19
num of flexible tasks: 30
Solving time: 0.0005753 seconds
plan limit 980
current timestep 122
num of flexible agents: 19
num of flexible tasks: 29
Solving time: 0.000532 seconds
plan limit 980
current timestep 123
num of flexible agents: 18
num of flexible tasks: 27
Solving time: 0.0005479 seconds
plan limit 980
current timestep 124
num of flexible agents: 18
num of flexible tasks: 24
Solving time: 0.0005522 seconds
plan limit 980
current timestep 125
num of flexible agents: 22
num of flexible tasks: 23
Solving time: 0.0005847 seconds
plan limit 980
current timestep 126
num of flexible agents: 23
num of flexible tasks: 20
Solving time: 0.0005876 seconds
plan limit 980
current timestep 127
num of flexible agents: 20
num of flexible tasks: 15
Solving time: 0.000571 seconds
plan limit 980
current timestep 128
num of flexible agents: 27
num of flexible tasks: 15
Solving time: 0.0005186 seconds
plan limit 980
current timestep 129
num of flexible agents: 32
num of flexible tasks: 14
Solving time: 0.0012338 seconds
plan limit 978
current timestep 130
num of flexible agents: 36
num of flexible tasks: 14
Solving time: 0.0004013 seconds
plan limit 980
current timestep 131
num of flexible agents: 40
num of flexible tasks: 14
Solving time: 0.0003674 seconds
plan limit 980
current timestep 132
num of flexible agents: 38
num of flexible tasks: 12
Solving time: 0.0003821 seconds
plan limit 980
current timestep 133
num of flexible agents: 41
num of flexible tasks: 9
Solving time: 0.0005376 seconds
plan limit 979
current timestep 134
num of flexible agents: 40
num of flexible tasks: 6
Solving time: 0.0003103 seconds
plan limit 980
current timestep 135
num of flexible agents: 44
num of flexible tasks: 5
Solving time: 0.0005509 seconds
plan limit 979
current timestep 136
num of flexible agents: 46
num of flexible tasks: 3
Solving time: 0.0003155 seconds
plan limit 980
current timestep 137
num of flexible agents: 50
num of flexible tasks: 3
Solving time: 0.0003761 seconds
plan limit 980
current timestep 138
num of flexible agents: 52
num of flexible tasks: 0
Solving time: 0.0002905 seconds
plan limit 980
current timestep 139
num of flexible agents: 55
num of flexible tasks: 0
Solving time: 0.0005001 seconds
plan limit 980
current timestep 140
num of flexible agents: 57
num of flexible tasks: 0
Solving time: 0.0003133 seconds
plan limit 980
current timestep 141
num of flexible agents: 59
num of flexible tasks: 0
Solving time: 0.0002805 seconds
plan limit 980
current timestep 142
num of flexible agents: 62
num of flexible tasks: 0
Solving time: 0.0002959 seconds
plan limit 980
current timestep 143
num of flexible agents: 63
num of flexible tasks: 0
Solving time: 0.0002314 seconds
plan limit 980
current timestep 144
num of flexible agents: 66
num of flexible tasks: 0
Solving time: 0.0003522 seconds
plan limit 980
current timestep 145
num of flexible agents: 68
num of flexible tasks: 0
Solving time: 0.0002333 seconds
plan limit 980
current timestep 146
num of flexible agents: 69
num of flexible tasks: 0
Solving time: 0.0002469 seconds
plan limit 980
current timestep 147
num of flexible agents: 70
num of flexible tasks: 0
Solving time: 0.0002324 seconds
plan limit 980
current timestep 148
num of flexible agents: 70
num of flexible tasks: 0
Solving time: 0.0003271 seconds
plan limit 980
current timestep 149
num of flexible agents: 71
num of flexible tasks: 0
Solving time: 0.0002328 seconds
plan limit 980
current timestep 150
num of flexible agents: 72
num of flexible tasks: 0
Solving time: 0.0002322 seconds
plan limit 980
current timestep 151
num of flexible agents: 76
num of flexible tasks: 0
Solving time: 0.0002387 seconds
plan limit 980
current timestep 152
num of flexible agents: 84
num of flexible tasks: 0
Solving time: 0.0003228 seconds
plan limit 980
current timestep 153
num of flexible agents: 84
num of flexible tasks: 0
Solving time: 0.0012925 seconds
plan limit 978
current timestep 154
num of flexible agents: 87
num of flexible tasks: 0
Solving time: 0.000233 seconds
plan limit 980
current timestep 155
num of flexible agents: 87
num of flexible tasks: 0
Solving time: 0.0002347 seconds
plan limit 980
current timestep 156
num of flexible agents: 90
num of flexible tasks: 0
Solving time: 0.0002397 seconds
plan limit 980
current timestep 157
num of flexible agents: 91
num of flexible tasks: 0
Solving time: 0.0002346 seconds
plan limit 980
current timestep 158
num of flexible agents: 93
num of flexible tasks: 0
Solving time: 0.0002418 seconds
plan limit 980
current timestep 159
num of flexible agents: 93
num of flexible tasks: 0
Solving time: 0.0003941 seconds
plan limit 980
current timestep 160
num of flexible agents: 93
num of flexible tasks: 0
Solving time: 0.0002508 seconds
plan limit 980
current timestep 161
num of flexible agents: 94
num of flexible tasks: 0
Solving time: 0.0002198 seconds
plan limit 980
current timestep 162
num of flexible agents: 94
num of flexible tasks: 0
Solving time: 0.0002369 seconds
plan limit 980
current timestep 163
num of flexible agents: 95
num of flexible tasks: 0
Solving time: 0.0002344 seconds
plan limit 980
current timestep 164
num of flexible agents: 95
num of flexible tasks: 0
Solving time: 0.000305 seconds
plan limit 980
current timestep 165
num of flexible agents: 96
num of flexible tasks: 0
Solving time: 0.0002325 seconds
plan limit 980
current timestep 166
num of flexible agents: 99
num of flexible tasks: 0
Solving time: 0.0002486 seconds
plan limit 980
