current timestep 0
num of flexible agents: 80
num of flexible tasks: 10
Solving time: 0.0003502 seconds
plan limit 980
current timestep 1
num of flexible agents: 76
num of flexible tasks: 16
Solving time: 0.0005275 seconds
plan limit 980
current timestep 2
num of flexible agents: 76
num of flexible tasks: 26
Solving time: 0.0004204 seconds
plan limit 980
current timestep 3
num of flexible agents: 71
num of flexible tasks: 31
Solving time: 0.0007138 seconds
plan limit 979
current timestep 4
num of flexible agents: 65
num of flexible tasks: 35
Solving time: 0.0004761 seconds
plan limit 971
current timestep 5
num of flexible agents: 61
num of flexible tasks: 41
Solving time: 0.000764 seconds
plan limit 979
current timestep 6
num of flexible agents: 60
num of flexible tasks: 50
Solving time: 0.0006051 seconds
plan limit 980
current timestep 7
num of flexible agents: 56
num of flexible tasks: 56
Solving time: 0.0006178 seconds
plan limit 980
current timestep 8
num of flexible agents: 53
num of flexible tasks: 63
Solving time: 0.0006055 seconds
plan limit 980
current timestep 9
num of flexible agents: 43
num of flexible tasks: 63
Solving time: 0.0005117 seconds
plan limit 980
current timestep 10
num of flexible agents: 35
num of flexible tasks: 65
Solving time: 0.0005858 seconds
plan limit 980
current timestep 11
num of flexible agents: 26
num of flexible tasks: 66
Solving time: 0.0003898 seconds
plan limit 980
current timestep 12
num of flexible agents: 22
num of flexible tasks: 70
Solving time: 0.0003915 seconds
plan limit 980
current timestep 13
num of flexible agents: 13
num of flexible tasks: 71
Solving time: 0.0003234 seconds
plan limit 980
current timestep 14
num of flexible agents: 10
num of flexible tasks: 76
Solving time: 0.0003014 seconds
plan limit 980
current timestep 15
num of flexible agents: 7
num of flexible tasks: 81
Solving time: 0.0004154 seconds
plan limit 980
current timestep 16
num of flexible agents: 3
num of flexible tasks: 87
Solving time: 0.000243 seconds
plan limit 980
current timestep 17
num of flexible agents: 1
num of flexible tasks: 94
Solving time: 0.0005673 seconds
plan limit 980
current timestep 18
num of flexible agents: 1
num of flexible tasks: 104
Solving time: 0.0006033 seconds
plan limit 980
current timestep 19
num of flexible agents: 4
num of flexible tasks: 114
Solving time: 0.0002923 seconds
plan limit 980
current timestep 20
num of flexible agents: 5
num of flexible tasks: 123
Solving time: 0.0004443 seconds
plan limit 980
current timestep 21
num of flexible agents: 4
num of flexible tasks: 130
Solving time: 0.0003076 seconds
plan limit 980
current timestep 22
num of flexible agents: 7
num of flexible tasks: 139
Solving time: 0.0003585 seconds
plan limit 980
current timestep 23
num of flexible agents: 8
num of flexible tasks: 147
Solving time: 0.0002989 seconds
plan limit 980
current timestep 24
num of flexible agents: 3
num of flexible tasks: 152
Solving time: 0.0009759 seconds
plan limit 979
current timestep 25
num of flexible agents: 3
num of flexible tasks: 159
Solving time: 0.0008466 seconds
plan limit 979
current timestep 26
num of flexible agents: 2
num of flexible tasks: 167
Solving time: 0.0008139 seconds
plan limit 979
current timestep 27
num of flexible agents: 3
num of flexible tasks: 176
Solving time: 0.0010336 seconds
plan limit 979
current timestep 28
num of flexible agents: 8
num of flexible tasks: 184
Solving time: 0.0003052 seconds
plan limit 980
current timestep 29
num of flexible agents: 7
num of flexible tasks: 189
Solving time: 0.0003235 seconds
plan limit 980
current timestep 30
num of flexible agents: 4
num of flexible tasks: 194
Solving time: 0.0011437 seconds
plan limit 979
current timestep 31
num of flexible agents: 10
num of flexible tasks: 203
Solving time: 0.0003032 seconds
plan limit 980
current timestep 32
num of flexible agents: 1
num of flexible tasks: 204
Solving time: 0.0005769 seconds
plan limit 980
current timestep 33
num of flexible agents: 5
num of flexible tasks: 213
Solving time: 0.0009469 seconds
plan limit 979
current timestep 34
num of flexible agents: 4
num of flexible tasks: 219
Solving time: 0.0014284 seconds
plan limit 979
current timestep 35
num of flexible agents: 5
num of flexible tasks: 226
Solving time: 0.0012272 seconds
plan limit 979
current timestep 36
num of flexible agents: 4
num of flexible tasks: 232
Solving time: 0.0011274 seconds
plan limit 979
current timestep 37
num of flexible agents: 9
num of flexible tasks: 241
Solving time: 0.000449 seconds
plan limit 980
current timestep 38
num of flexible agents: 6
num of flexible tasks: 245
Solving time: 0.0011975 seconds
plan limit 979
current timestep 39
num of flexible agents: 9
num of flexible tasks: 252
Solving time: 0.0004439 seconds
plan limit 980
current timestep 40
num of flexible agents: 3
num of flexible tasks: 255
Solving time: 0.000824 seconds
plan limit 979
current timestep 41
num of flexible agents: 4
num of flexible tasks: 263
Solving time: 0.0008784 seconds
plan limit 979
current timestep 42
num of flexible agents: 3
num of flexible tasks: 270
Solving time: 0.0007471 seconds
plan limit 979
current timestep 43
num of flexible agents: 3
num of flexible tasks: 278
Solving time: 0.0007439 seconds
plan limit 979
current timestep 44
num of flexible agents: 4
num of flexible tasks: 286
Solving time: 0.0008221 seconds
plan limit 979
current timestep 45
num of flexible agents: 2
num of flexible tasks: 292
Solving time: 0.0007731 seconds
plan limit 979
current timestep 46
num of flexible agents: 6
num of flexible tasks: 300
Solving time: 0.0010213 seconds
plan limit 979
current timestep 47
num of flexible agents: 6
num of flexible tasks: 306
Solving time: 0.0008977 seconds
plan limit 979
current timestep 48
num of flexible agents: 5
num of flexible tasks: 311
Solving time: 0.0010345 seconds
plan limit 979
current timestep 49
num of flexible agents: 4
num of flexible tasks: 317
Solving time: 0.0010502 seconds
plan limit 979
current timestep 50
num of flexible agents: 5
num of flexible tasks: 314
Solving time: 0.0011272 seconds
plan limit 979
current timestep 51
num of flexible agents: 4
num of flexible tasks: 309
Solving time: 0.0008175 seconds
plan limit 979
current timestep 52
num of flexible agents: 6
num of flexible tasks: 307
Solving time: 0.0009439 seconds
plan limit 979
current timestep 53
num of flexible agents: 3
num of flexible tasks: 301
Solving time: 0.0008621 seconds
plan limit 979
current timestep 54
num of flexible agents: 4
num of flexible tasks: 300
Solving time: 0.000869 seconds
plan limit 979
current timestep 55
num of flexible agents: 4
num of flexible tasks: 297
Solving time: 0.0008156 seconds
plan limit 979
current timestep 56
num of flexible agents: 3
num of flexible tasks: 294
Solving time: 0.0011401 seconds
plan limit 979
current timestep 57
num of flexible agents: 5
num of flexible tasks: 293
Solving time: 0.0010407 seconds
plan limit 979
current timestep 58
num of flexible agents: 7
num of flexible tasks: 291
Solving time: 0.0011236 seconds
plan limit 979
current timestep 59
num of flexible agents: 4
num of flexible tasks: 286
Solving time: 0.000848 seconds
plan limit 979
current timestep 60
num of flexible agents: 6
num of flexible tasks: 285
Solving time: 0.0012784 seconds
plan limit 979
current timestep 61
num of flexible agents: 5
num of flexible tasks: 281
Solving time: 0.0012461 seconds
plan limit 979
current timestep 62
num of flexible agents: 5
num of flexible tasks: 277
Solving time: 0.0009455 seconds
plan limit 979
current timestep 63
num of flexible agents: 2
num of flexible tasks: 274
Solving time: 0.0007028 seconds
plan limit 980
current timestep 64
num of flexible agents: 5
num of flexible tasks: 274
Solving time: 0.0008787 seconds
plan limit 979
current timestep 65
num of flexible agents: 3
num of flexible tasks: 270
Solving time: 0.0007306 seconds
plan limit 979
current timestep 66
num of flexible agents: 10
num of flexible tasks: 269
Solving time: 0.0002964 seconds
plan limit 980
current timestep 67
num of flexible agents: 6
num of flexible tasks: 262
Solving time: 0.0009252 seconds
plan limit 979
current timestep 68
num of flexible agents: 2
num of flexible tasks: 256
Solving time: 0.0009146 seconds
plan limit 979
current timestep 69
num of flexible agents: 2
num of flexible tasks: 256
Solving time: 0.0008412 seconds
plan limit 979
current timestep 70
num of flexible agents: 1
num of flexible tasks: 254
Solving time: 0.0003829 seconds
plan limit 980
current timestep 71
num of flexible agents: 5
num of flexible tasks: 253
Solving time: 0.000899 seconds
plan limit 979
current timestep 72
num of flexible agents: 13
num of flexible tasks: 250
Solving time: 0.0003119 seconds
plan limit 980
current timestep 73
num of flexible agents: 7
num of flexible tasks: 242
Solving time: 0.0009215 seconds
plan limit 979
current timestep 74
num of flexible agents: 4
num of flexible tasks: 237
Solving time: 0.0008657 seconds
plan limit 979
current timestep 75
num of flexible agents: 2
num of flexible tasks: 234
Solving time: 0.0007553 seconds
plan limit 980
current timestep 76
num of flexible agents: 4
num of flexible tasks: 233
Solving time: 0.0009528 seconds
plan limit 979
current timestep 77
num of flexible agents: 5
num of flexible tasks: 232
Solving time: 0.0008431 seconds
plan limit 979
current timestep 78
num of flexible agents: 3
num of flexible tasks: 228
Solving time: 0.0008451 seconds
plan limit 979
current timestep 79
num of flexible agents: 6
num of flexible tasks: 228
Solving time: 0.0008846 seconds
plan limit 979
current timestep 80
num of flexible agents: 9
num of flexible tasks: 228
Solving time: 0.0004391 seconds
plan limit 980
current timestep 81
num of flexible agents: 5
num of flexible tasks: 221
Solving time: 0.0009664 seconds
plan limit 979
current timestep 82
num of flexible agents: 6
num of flexible tasks: 218
Solving time: 0.0009 seconds
plan limit 979
current timestep 83
num of flexible agents: 6
num of flexible tasks: 213
Solving time: 0.0009347 seconds
plan limit 979
current timestep 84
num of flexible agents: 10
num of flexible tasks: 210
Solving time: 0.0003172 seconds
plan limit 980
current timestep 85
num of flexible agents: 9
num of flexible tasks: 206
Solving time: 0.0003298 seconds
plan limit 980
current timestep 86
num of flexible agents: 9
num of flexible tasks: 203
Solving time: 0.0003013 seconds
plan limit 980
current timestep 87
num of flexible agents: 9
num of flexible tasks: 200
Solving time: 0.000357 seconds
plan limit 980
current timestep 88
num of flexible agents: 10
num of flexible tasks: 198
Solving time: 0.0003401 seconds
plan limit 980
current timestep 89
num of flexible agents: 12
num of flexible tasks: 193
Solving time: 0.0003204 seconds
plan limit 980
current timestep 90
num of flexible agents: 10
num of flexible tasks: 188
Solving time: 0.0003464 seconds
plan limit 980
current timestep 91
num of flexible agents: 9
num of flexible tasks: 184
Solving time: 0.0004627 seconds
plan limit 980
current timestep 92
num of flexible agents: 5
num of flexible tasks: 178
Solving time: 0.0008824 seconds
plan limit 979
current timestep 93
num of flexible agents: 7
num of flexible tasks: 176
Solving time: 0.0003281 seconds
plan limit 980
current timestep 94
num of flexible agents: 10
num of flexible tasks: 173
Solving time: 0.0003177 seconds
plan limit 980
current timestep 95
num of flexible agents: 6
num of flexible tasks: 167
Solving time: 0.0008546 seconds
plan limit 979
current timestep 96
num of flexible agents: 8
num of flexible tasks: 165
Solving time: 0.0004348 seconds
plan limit 980
current timestep 97
num of flexible agents: 10
num of flexible tasks: 161
Solving time: 0.0004325 seconds
plan limit 980
current timestep 98
num of flexible agents: 14
num of flexible tasks: 159
Solving time: 0.0003641 seconds
plan limit 980
current timestep 99
num of flexible agents: 8
num of flexible tasks: 150
Solving time: 0.0003138 seconds
plan limit 980
current timestep 100
num of flexible agents: 12
num of flexible tasks: 149
Solving time: 0.0004978 seconds
plan limit 980
current timestep 101
num of flexible agents: 9
num of flexible tasks: 144
Solving time: 0.0003821 seconds
plan limit 980
current timestep 102
num of flexible agents: 9
num of flexible tasks: 140
Solving time: 0.0004235 seconds
plan limit 980
current timestep 103
num of flexible agents: 8
num of flexible tasks: 137
Solving time: 0.0003379 seconds
plan limit 980
current timestep 104
num of flexible agents: 5
num of flexible tasks: 133
Solving time: 0.0008777 seconds
plan limit 979
current timestep 105
num of flexible agents: 5
num of flexible tasks: 133
Solving time: 0.000883 seconds
plan limit 979
current timestep 106
num of flexible agents: 5
num of flexible tasks: 130
Solving time: 0.0009094 seconds
plan limit 979
current timestep 107
num of flexible agents: 7
num of flexible tasks: 128
Solving time: 0.0003093 seconds
plan limit 980
current timestep 108
num of flexible agents: 12
num of flexible tasks: 125
Solving time: 0.0003406 seconds
plan limit 980
current timestep 109
num of flexible agents: 12
num of flexible tasks: 120
Solving time: 0.0003149 seconds
plan limit 980
current timestep 110
num of flexible agents: 11
num of flexible tasks: 114
Solving time: 0.0002867 seconds
plan limit 980
current timestep 111
num of flexible agents: 13
num of flexible tasks: 112
Solving time: 0.0002964 seconds
plan limit 980
current timestep 112
num of flexible agents: 12
num of flexible tasks: 110
Solving time: 0.0004811 seconds
plan limit 980
current timestep 113
num of flexible agents: 15
num of flexible tasks: 108
Solving time: 0.0004222 seconds
plan limit 980
current timestep 114
num of flexible agents: 13
num of flexible tasks: 105
Solving time: 0.0003749 seconds
plan limit 980
current timestep 115
num of flexible agents: 11
num of flexible tasks: 100
Solving time: 0.0003328 seconds
plan limit 980
current timestep 116
num of flexible agents: 9
num of flexible tasks: 96
Solving time: 0.0003338 seconds
plan limit 980
current timestep 117
num of flexible agents: 4
num of flexible tasks: 91
Solving time: 0.0008854 seconds
plan limit 979
current timestep 118
num of flexible agents: 6
num of flexible tasks: 88
Solving time: 0.0010511 seconds
plan limit 979
current timestep 119
num of flexible agents: 10
num of flexible tasks: 88
Solving time: 0.0002743 seconds
plan limit 980
current timestep 120
num of flexible agents: 8
num of flexible tasks: 85
Solving time: 0.0003214 seconds
plan limit 980
current timestep 121
num of flexible agents: 10
num of flexible tasks: 84
Solving time: 0.0003055 seconds
plan limit 980
current timestep 122
num of flexible agents: 14
num of flexible tasks: 82
Solving time: 0.0004591 seconds
plan limit 980
current timestep 123
num of flexible agents: 15
num of flexible tasks: 80
Solving time: 0.0003408 seconds
plan limit 980
current timestep 124
num of flexible agents: 16
num of flexible tasks: 78
Solving time: 0.0003676 seconds
plan limit 980
current timestep 125
num of flexible agents: 14
num of flexible tasks: 72
Solving time: 0.0004452 seconds
plan limit 980
current timestep 126
num of flexible agents: 11
num of flexible tasks: 66
Solving time: 0.0003384 seconds
plan limit 980
current timestep 127
num of flexible agents: 12
num of flexible tasks: 64
Solving time: 0.0003088 seconds
plan limit 980
current timestep 128
num of flexible agents: 12
num of flexible tasks: 60
Solving time: 0.0003828 seconds
plan limit 980
current timestep 129
num of flexible agents: 17
num of flexible tasks: 60
Solving time: 0.0004105 seconds
plan limit 980
current timestep 130
num of flexible agents: 25
num of flexible tasks: 60
Solving time: 0.00052 seconds
plan limit 980
current timestep 131
num of flexible agents: 22
num of flexible tasks: 55
Solving time: 0.0003777 seconds
plan limit 980
current timestep 132
num of flexible agents: 18
num of flexible tasks: 50
Solving time: 0.000403 seconds
plan limit 980
current timestep 133
num of flexible agents: 22
num of flexible tasks: 50
Solving time: 0.0004502 seconds
plan limit 980
current timestep 134
num of flexible agents: 21
num of flexible tasks: 46
Solving time: 0.0004098 seconds
plan limit 980
current timestep 135
num of flexible agents: 20
num of flexible tasks: 43
Solving time: 0.0004337 seconds
plan limit 980
current timestep 136
num of flexible agents: 20
num of flexible tasks: 41
Solving time: 0.0003726 seconds
plan limit 980
current timestep 137
num of flexible agents: 21
num of flexible tasks: 40
Solving time: 0.0004485 seconds
plan limit 980
current timestep 138
num of flexible agents: 22
num of flexible tasks: 40
Solving time: 0.0004874 seconds
plan limit 980
current timestep 139
num of flexible agents: 22
num of flexible tasks: 40
Solving time: 0.0004671 seconds
plan limit 980
current timestep 140
num of flexible agents: 21
num of flexible tasks: 36
Solving time: 0.000428 seconds
plan limit 980
current timestep 141
num of flexible agents: 20
num of flexible tasks: 33
Solving time: 0.0004027 seconds
plan limit 980
current timestep 142
num of flexible agents: 21
num of flexible tasks: 29
Solving time: 0.0004397 seconds
plan limit 980
current timestep 143
num of flexible agents: 21
num of flexible tasks: 27
Solving time: 0.0005907 seconds
plan limit 980
current timestep 144
num of flexible agents: 23
num of flexible tasks: 25
Solving time: 0.0004869 seconds
plan limit 980
current timestep 145
num of flexible agents: 26
num of flexible tasks: 24
Solving time: 0.000436 seconds
plan limit 980
current timestep 146
num of flexible agents: 27
num of flexible tasks: 21
Solving time: 0.0004542 seconds
plan limit 980
current timestep 147
num of flexible agents: 28
num of flexible tasks: 21
Solving time: 0.0003311 seconds
plan limit 980
current timestep 148
num of flexible agents: 28
num of flexible tasks: 19
Solving time: 0.0005238 seconds
plan limit 980
current timestep 149
num of flexible agents: 27
num of flexible tasks: 17
Solving time: 0.0003251 seconds
plan limit 980
current timestep 150
num of flexible agents: 26
num of flexible tasks: 13
Solving time: 0.0003745 seconds
plan limit 980
current timestep 151
num of flexible agents: 27
num of flexible tasks: 12
Solving time: 0.0004559 seconds
plan limit 980
current timestep 152
num of flexible agents: 25
num of flexible tasks: 9
Solving time: 0.0002351 seconds
plan limit 980
current timestep 153
num of flexible agents: 30
num of flexible tasks: 9
Solving time: 0.0002487 seconds
plan limit 980
current timestep 154
num of flexible agents: 29
num of flexible tasks: 6
Solving time: 0.0003407 seconds
plan limit 980
current timestep 155
num of flexible agents: 34
num of flexible tasks: 5
Solving time: 0.0002477 seconds
plan limit 980
current timestep 156
num of flexible agents: 38
num of flexible tasks: 5
Solving time: 0.0003169 seconds
plan limit 980
current timestep 157
num of flexible agents: 42
num of flexible tasks: 5
Solving time: 0.0001905 seconds
plan limit 980
current timestep 158
num of flexible agents: 47
num of flexible tasks: 4
Solving time: 0.0002087 seconds
plan limit 980
current timestep 159
num of flexible agents: 46
num of flexible tasks: 3
Solving time: 0.0002239 seconds
plan limit 980
current timestep 160
num of flexible agents: 46
num of flexible tasks: 2
Solving time: 0.0002006 seconds
plan limit 980
current timestep 161
num of flexible agents: 48
num of flexible tasks: 1
Solving time: 0.000186 seconds
plan limit 980
current timestep 162
num of flexible agents: 50
num of flexible tasks: 0
Solving time: 0.0002239 seconds
plan limit 980
current timestep 163
num of flexible agents: 53
num of flexible tasks: 0
Solving time: 0.0001749 seconds
plan limit 980
current timestep 164
num of flexible agents: 55
num of flexible tasks: 0
Solving time: 0.0002384 seconds
plan limit 980
current timestep 165
num of flexible agents: 56
num of flexible tasks: 0
Solving time: 0.0001684 seconds
plan limit 980
current timestep 166
num of flexible agents: 60
num of flexible tasks: 0
Solving time: 0.0001886 seconds
plan limit 980
current timestep 167
num of flexible agents: 61
num of flexible tasks: 0
Solving time: 0.0002915 seconds
plan limit 980
current timestep 168
num of flexible agents: 61
num of flexible tasks: 0
Solving time: 0.0002222 seconds
plan limit 980
current timestep 169
num of flexible agents: 62
num of flexible tasks: 0
Solving time: 0.0002314 seconds
plan limit 980
current timestep 170
num of flexible agents: 63
num of flexible tasks: 0
Solving time: 0.0001657 seconds
plan limit 980
current timestep 171
num of flexible agents: 63
num of flexible tasks: 0
Solving time: 0.0001909 seconds
plan limit 980
current timestep 172
num of flexible agents: 64
num of flexible tasks: 0
Solving time: 0.0002211 seconds
plan limit 980
current timestep 173
num of flexible agents: 64
num of flexible tasks: 0
Solving time: 0.0002891 seconds
plan limit 980
current timestep 174
num of flexible agents: 65
num of flexible tasks: 0
Solving time: 0.0002654 seconds
plan limit 980
current timestep 175
num of flexible agents: 65
num of flexible tasks: 0
Solving time: 0.0002245 seconds
plan limit 980
current timestep 176
num of flexible agents: 66
num of flexible tasks: 0
Solving time: 0.0001799 seconds
plan limit 980
current timestep 177
num of flexible agents: 66
num of flexible tasks: 0
Solving time: 0.0002314 seconds
plan limit 980
current timestep 178
num of flexible agents: 66
num of flexible tasks: 0
Solving time: 0.0001792 seconds
plan limit 980
current timestep 179
num of flexible agents: 66
num of flexible tasks: 0
Solving time: 0.0001693 seconds
plan limit 980
current timestep 180
num of flexible agents: 70
num of flexible tasks: 0
Solving time: 0.0001814 seconds
plan limit 980
current timestep 181
num of flexible agents: 71
num of flexible tasks: 0
Solving time: 0.0002209 seconds
plan limit 980
current timestep 182
num of flexible agents: 74
num of flexible tasks: 0
Solving time: 0.000307 seconds
plan limit 980
current timestep 183
num of flexible agents: 74
num of flexible tasks: 0
Solving time: 0.0002649 seconds
plan limit 980
current timestep 184
num of flexible agents: 74
num of flexible tasks: 0
Solving time: 0.0004032 seconds
plan limit 980
current timestep 185
num of flexible agents: 74
num of flexible tasks: 0
Solving time: 0.0001746 seconds
plan limit 980
current timestep 186
num of flexible agents: 74
num of flexible tasks: 0
Solving time: 0.0002157 seconds
plan limit 980
current timestep 187
num of flexible agents: 75
num of flexible tasks: 0
Solving time: 0.0001854 seconds
plan limit 980
current timestep 188
num of flexible agents: 75
num of flexible tasks: 0
Solving time: 0.0002267 seconds
plan limit 980
current timestep 189
num of flexible agents: 76
num of flexible tasks: 0
Solving time: 0.0001638 seconds
plan limit 980
current timestep 190
num of flexible agents: 76
num of flexible tasks: 0
Solving time: 0.0001623 seconds
plan limit 980
current timestep 191
num of flexible agents: 78
num of flexible tasks: 0
Solving time: 0.000178 seconds
plan limit 980
current timestep 192
num of flexible agents: 78
num of flexible tasks: 0
Solving time: 0.0002413 seconds
plan limit 980
current timestep 193
num of flexible agents: 78
num of flexible tasks: 0
Solving time: 0.0002107 seconds
plan limit 980
