current timestep 0
num of flexible agents: 80
num of flexible tasks: 5
Solving time: 0.00033761 seconds
plan limit 980
current timestep 1
num of flexible agents: 79
num of flexible tasks: 9
Solving time: 0.000352535 seconds
plan limit 980
current timestep 2
num of flexible agents: 78
num of flexible tasks: 13
Solving time: 0.000387317 seconds
plan limit 980
current timestep 3
num of flexible agents: 77
num of flexible tasks: 17
Solving time: 0.000285833 seconds
plan limit 980
current timestep 4
num of flexible agents: 74
num of flexible tasks: 19
Solving time: 0.000372016 seconds
plan limit 980
current timestep 5
num of flexible agents: 68
num of flexible tasks: 18
Solving time: 0.000336581 seconds
plan limit 980
current timestep 6
num of flexible agents: 66
num of flexible tasks: 21
Solving time: 0.000396255 seconds
plan limit 980
current timestep 7
num of flexible agents: 63
num of flexible tasks: 23
Solving time: 0.000371572 seconds
plan limit 980
current timestep 8
num of flexible agents: 61
num of flexible tasks: 26
Solving time: 0.000465652 seconds
plan limit 980
current timestep 9
num of flexible agents: 57
num of flexible tasks: 27
Solving time: 0.000424472 seconds
plan limit 980
current timestep 10
num of flexible agents: 55
num of flexible tasks: 29
Solving time: 0.000430474 seconds
plan limit 980
current timestep 11
num of flexible agents: 50
num of flexible tasks: 29
Solving time: 0.000470379 seconds
plan limit 980
current timestep 12
num of flexible agents: 46
num of flexible tasks: 30
Solving time: 0.000471725 seconds
plan limit 980
current timestep 13
num of flexible agents: 43
num of flexible tasks: 32
Solving time: 0.000546874 seconds
plan limit 980
current timestep 14
num of flexible agents: 43
num of flexible tasks: 37
Solving time: 0.000508667 seconds
plan limit 980
current timestep 15
num of flexible agents: 41
num of flexible tasks: 38
Solving time: 0.000504547 seconds
plan limit 980
current timestep 16
num of flexible agents: 38
num of flexible tasks: 40
Solving time: 0.000565225 seconds
plan limit 980
current timestep 17
num of flexible agents: 35
num of flexible tasks: 41
Solving time: 0.000467313 seconds
plan limit 980
current timestep 18
num of flexible agents: 31
num of flexible tasks: 41
Solving time: 0.000380127 seconds
plan limit 980
current timestep 19
num of flexible agents: 29
num of flexible tasks: 44
Solving time: 0.000409627 seconds
plan limit 980
current timestep 20
num of flexible agents: 26
num of flexible tasks: 45
Solving time: 0.000370947 seconds
plan limit 980
current timestep 21
num of flexible agents: 17
num of flexible tasks: 41
Solving time: 0.000330303 seconds
plan limit 980
current timestep 22
num of flexible agents: 14
num of flexible tasks: 42
Solving time: 0.000286716 seconds
plan limit 980
current timestep 23
num of flexible agents: 12
num of flexible tasks: 44
Solving time: 0.00029974 seconds
plan limit 980
current timestep 24
num of flexible agents: 11
num of flexible tasks: 45
Solving time: 0.000298384 seconds
plan limit 980
current timestep 25
num of flexible agents: 9
num of flexible tasks: 46
Solving time: 0.000244464 seconds
plan limit 980
current timestep 26
num of flexible agents: 9
num of flexible tasks: 48
Solving time: 0.000278821 seconds
plan limit 980
current timestep 27
num of flexible agents: 6
num of flexible tasks: 48
Solving time: 0.000300056 seconds
plan limit 980
current timestep 28
num of flexible agents: 4
num of flexible tasks: 51
Solving time: 0.000259539 seconds
plan limit 980
current timestep 29
num of flexible agents: 5
num of flexible tasks: 56
Solving time: 0.000245614 seconds
plan limit 980
current timestep 30
num of flexible agents: 7
num of flexible tasks: 59
Solving time: 0.00027214 seconds
plan limit 980
current timestep 31
num of flexible agents: 5
num of flexible tasks: 61
Solving time: 0.000279374 seconds
plan limit 980
current timestep 32
num of flexible agents: 5
num of flexible tasks: 62
Solving time: 0.000282778 seconds
plan limit 980
current timestep 33
num of flexible agents: 6
num of flexible tasks: 66
Solving time: 0.000285804 seconds
plan limit 980
current timestep 34
num of flexible agents: 6
num of flexible tasks: 70
Solving time: 0.000285 seconds
plan limit 980
current timestep 35
num of flexible agents: 15
num of flexible tasks: 74
Solving time: 0.000310609 seconds
plan limit 980
current timestep 36
num of flexible agents: 6
num of flexible tasks: 68
Solving time: 0.000299802 seconds
plan limit 980
current timestep 37
num of flexible agents: 9
num of flexible tasks: 71
Solving time: 0.000304752 seconds
plan limit 980
current timestep 38
num of flexible agents: 6
num of flexible tasks: 73
Solving time: 0.000256738 seconds
plan limit 980
current timestep 39
num of flexible agents: 6
num of flexible tasks: 75
Solving time: 0.00022706 seconds
plan limit 980
current timestep 40
num of flexible agents: 7
num of flexible tasks: 76
Solving time: 0.000253063 seconds
plan limit 980
current timestep 41
num of flexible agents: 6
num of flexible tasks: 79
Solving time: 0.000270264 seconds
plan limit 980
current timestep 42
num of flexible agents: 10
num of flexible tasks: 81
Solving time: 0.000297125 seconds
plan limit 980
current timestep 43
num of flexible agents: 8
num of flexible tasks: 82
Solving time: 0.000275099 seconds
plan limit 980
current timestep 44
num of flexible agents: 6
num of flexible tasks: 83
Solving time: 0.000276909 seconds
plan limit 980
current timestep 45
num of flexible agents: 12
num of flexible tasks: 87
Solving time: 0.000327906 seconds
plan limit 980
current timestep 46
num of flexible agents: 11
num of flexible tasks: 87
Solving time: 0.000303698 seconds
plan limit 980
current timestep 47
num of flexible agents: 8
num of flexible tasks: 88
Solving time: 0.000275672 seconds
plan limit 980
current timestep 48
num of flexible agents: 13
num of flexible tasks: 90
Solving time: 0.000327886 seconds
plan limit 980
current timestep 49
num of flexible agents: 11
num of flexible tasks: 88
Solving time: 0.000293005 seconds
plan limit 980
current timestep 50
num of flexible agents: 8
num of flexible tasks: 86
Solving time: 0.000276069 seconds
plan limit 980
current timestep 51
num of flexible agents: 7
num of flexible tasks: 86
Solving time: 0.000288904 seconds
plan limit 980
current timestep 52
num of flexible agents: 6
num of flexible tasks: 89
Solving time: 0.000289656 seconds
plan limit 980
current timestep 53
num of flexible agents: 5
num of flexible tasks: 90
Solving time: 0.000275798 seconds
plan limit 980
current timestep 54
num of flexible agents: 6
num of flexible tasks: 94
Solving time: 0.000301076 seconds
plan limit 980
current timestep 55
num of flexible agents: 6
num of flexible tasks: 97
Solving time: 0.000281079 seconds
plan limit 980
current timestep 56
num of flexible agents: 3
num of flexible tasks: 98
Solving time: 0.000843662 seconds
plan limit 979
current timestep 57
num of flexible agents: 5
num of flexible tasks: 102
Solving time: 0.000316371 seconds
plan limit 980
current timestep 58
num of flexible agents: 4
num of flexible tasks: 102
Solving time: 0.000290142 seconds
plan limit 980
current timestep 59
num of flexible agents: 6
num of flexible tasks: 106
Solving time: 0.000360443 seconds
plan limit 980
current timestep 60
num of flexible agents: 6
num of flexible tasks: 110
Solving time: 0.000316423 seconds
plan limit 980
current timestep 61
num of flexible agents: 5
num of flexible tasks: 112
Solving time: 0.000308686 seconds
plan limit 980
current timestep 62
num of flexible agents: 7
num of flexible tasks: 114
Solving time: 0.000295175 seconds
plan limit 980
current timestep 63
num of flexible agents: 4
num of flexible tasks: 115
Solving time: 0.00026857 seconds
plan limit 980
current timestep 64
num of flexible agents: 5
num of flexible tasks: 118
Solving time: 0.000315521 seconds
plan limit 980
current timestep 65
num of flexible agents: 7
num of flexible tasks: 120
Solving time: 0.000334628 seconds
plan limit 980
current timestep 66
num of flexible agents: 5
num of flexible tasks: 122
Solving time: 0.000293754 seconds
plan limit 980
current timestep 67
num of flexible agents: 9
num of flexible tasks: 126
Solving time: 0.000338381 seconds
plan limit 980
current timestep 68
num of flexible agents: 9
num of flexible tasks: 128
Solving time: 0.000352991 seconds
plan limit 980
current timestep 69
num of flexible agents: 6
num of flexible tasks: 130
Solving time: 0.000329787 seconds
plan limit 980
current timestep 70
num of flexible agents: 6
num of flexible tasks: 130
Solving time: 0.000306868 seconds
plan limit 980
current timestep 71
num of flexible agents: 6
num of flexible tasks: 133
Solving time: 0.000310785 seconds
plan limit 980
current timestep 72
num of flexible agents: 7
num of flexible tasks: 133
Solving time: 0.000327748 seconds
plan limit 980
current timestep 73
num of flexible agents: 11
num of flexible tasks: 134
Solving time: 0.000341366 seconds
plan limit 980
current timestep 74
num of flexible agents: 5
num of flexible tasks: 133
Solving time: 0.000294236 seconds
plan limit 980
current timestep 75
num of flexible agents: 8
num of flexible tasks: 136
Solving time: 0.000312525 seconds
plan limit 980
current timestep 76
num of flexible agents: 10
num of flexible tasks: 135
Solving time: 0.000289444 seconds
plan limit 980
current timestep 77
num of flexible agents: 6
num of flexible tasks: 133
Solving time: 0.000304736 seconds
plan limit 980
current timestep 78
num of flexible agents: 3
num of flexible tasks: 135
Solving time: 0.000811531 seconds
plan limit 980
current timestep 79
num of flexible agents: 4
num of flexible tasks: 139
Solving time: 0.000815782 seconds
plan limit 980
current timestep 80
num of flexible agents: 3
num of flexible tasks: 140
Solving time: 0.000775289 seconds
plan limit 980
current timestep 81
num of flexible agents: 6
num of flexible tasks: 143
Solving time: 0.000289752 seconds
plan limit 980
current timestep 82
num of flexible agents: 7
num of flexible tasks: 145
Solving time: 0.000293335 seconds
plan limit 980
current timestep 83
num of flexible agents: 9
num of flexible tasks: 145
Solving time: 0.00031506 seconds
plan limit 980
current timestep 84
num of flexible agents: 8
num of flexible tasks: 147
Solving time: 0.000300645 seconds
plan limit 980
current timestep 85
num of flexible agents: 8
num of flexible tasks: 149
Solving time: 0.000301971 seconds
plan limit 980
current timestep 86
num of flexible agents: 10
num of flexible tasks: 152
Solving time: 0.000312023 seconds
plan limit 980
current timestep 87
num of flexible agents: 10
num of flexible tasks: 152
Solving time: 0.000305637 seconds
plan limit 980
current timestep 88
num of flexible agents: 5
num of flexible tasks: 151
Solving time: 0.000294872 seconds
plan limit 980
current timestep 89
num of flexible agents: 6
num of flexible tasks: 154
Solving time: 0.000290743 seconds
plan limit 980
current timestep 90
num of flexible agents: 9
num of flexible tasks: 157
Solving time: 0.000313879 seconds
plan limit 980
current timestep 91
num of flexible agents: 7
num of flexible tasks: 157
Solving time: 0.000294168 seconds
plan limit 980
current timestep 92
num of flexible agents: 10
num of flexible tasks: 158
Solving time: 0.000293949 seconds
plan limit 980
current timestep 93
num of flexible agents: 7
num of flexible tasks: 158
Solving time: 0.000303067 seconds
plan limit 980
current timestep 94
num of flexible agents: 9
num of flexible tasks: 161
Solving time: 0.000336021 seconds
plan limit 980
current timestep 95
num of flexible agents: 7
num of flexible tasks: 162
Solving time: 0.000296879 seconds
plan limit 980
current timestep 96
num of flexible agents: 6
num of flexible tasks: 164
Solving time: 0.000285529 seconds
plan limit 980
current timestep 97
num of flexible agents: 7
num of flexible tasks: 168
Solving time: 0.000347618 seconds
plan limit 980
current timestep 98
num of flexible agents: 7
num of flexible tasks: 170
Solving time: 0.000323601 seconds
plan limit 980
current timestep 99
num of flexible agents: 8
num of flexible tasks: 173
Solving time: 0.00030032 seconds
plan limit 980
current timestep 100
num of flexible agents: 11
num of flexible tasks: 172
Solving time: 0.000319141 seconds
plan limit 980
current timestep 101
num of flexible agents: 6
num of flexible tasks: 165
Solving time: 0.00034026 seconds
plan limit 980
current timestep 102
num of flexible agents: 5
num of flexible tasks: 161
Solving time: 0.000306803 seconds
plan limit 980
current timestep 103
num of flexible agents: 4
num of flexible tasks: 158
Solving time: 0.000866761 seconds
plan limit 979
current timestep 104
num of flexible agents: 5
num of flexible tasks: 156
Solving time: 0.000291829 seconds
plan limit 980
current timestep 105
num of flexible agents: 5
num of flexible tasks: 152
Solving time: 0.000265656 seconds
plan limit 980
current timestep 106
num of flexible agents: 5
num of flexible tasks: 149
Solving time: 0.000330807 seconds
plan limit 980
current timestep 107
num of flexible agents: 5
num of flexible tasks: 145
Solving time: 0.000293386 seconds
plan limit 980
current timestep 108
num of flexible agents: 6
num of flexible tasks: 143
Solving time: 0.000300404 seconds
plan limit 980
current timestep 109
num of flexible agents: 7
num of flexible tasks: 142
Solving time: 0.000300064 seconds
plan limit 980
current timestep 110
num of flexible agents: 6
num of flexible tasks: 140
Solving time: 0.000318375 seconds
plan limit 980
current timestep 111
num of flexible agents: 13
num of flexible tasks: 140
Solving time: 0.000313584 seconds
plan limit 980
current timestep 112
num of flexible agents: 10
num of flexible tasks: 134
Solving time: 0.000285725 seconds
plan limit 980
current timestep 113
num of flexible agents: 12
num of flexible tasks: 132
Solving time: 0.000328959 seconds
plan limit 980
current timestep 114
num of flexible agents: 9
num of flexible tasks: 128
Solving time: 0.000311504 seconds
plan limit 980
current timestep 115
num of flexible agents: 11
num of flexible tasks: 125
Solving time: 0.000358821 seconds
plan limit 980
current timestep 116
num of flexible agents: 12
num of flexible tasks: 121
Solving time: 0.000337332 seconds
plan limit 980
current timestep 117
num of flexible agents: 10
num of flexible tasks: 117
Solving time: 0.000309491 seconds
plan limit 980
current timestep 118
num of flexible agents: 10
num of flexible tasks: 114
Solving time: 0.000313255 seconds
plan limit 980
current timestep 119
num of flexible agents: 11
num of flexible tasks: 108
Solving time: 0.000315073 seconds
plan limit 980
current timestep 120
num of flexible agents: 13
num of flexible tasks: 103
Solving time: 0.000332173 seconds
plan limit 980
current timestep 121
num of flexible agents: 12
num of flexible tasks: 98
Solving time: 0.000356566 seconds
plan limit 980
current timestep 122
num of flexible agents: 13
num of flexible tasks: 97
Solving time: 0.000323312 seconds
plan limit 980
current timestep 123
num of flexible agents: 13
num of flexible tasks: 93
Solving time: 0.000359927 seconds
plan limit 980
current timestep 124
num of flexible agents: 13
num of flexible tasks: 89
Solving time: 0.000326154 seconds
plan limit 980
current timestep 125
num of flexible agents: 15
num of flexible tasks: 87
Solving time: 0.000336795 seconds
plan limit 980
current timestep 126
num of flexible agents: 16
num of flexible tasks: 84
Solving time: 0.000310399 seconds
plan limit 980
current timestep 127
num of flexible agents: 16
num of flexible tasks: 80
Solving time: 0.00038785 seconds
plan limit 980
current timestep 128
num of flexible agents: 10
num of flexible tasks: 74
Solving time: 0.000324931 seconds
plan limit 980
current timestep 129
num of flexible agents: 12
num of flexible tasks: 72
Solving time: 0.000355668 seconds
plan limit 980
current timestep 130
num of flexible agents: 14
num of flexible tasks: 71
Solving time: 0.000324957 seconds
plan limit 980
current timestep 131
num of flexible agents: 10
num of flexible tasks: 67
Solving time: 0.000333562 seconds
plan limit 980
current timestep 132
num of flexible agents: 10
num of flexible tasks: 66
Solving time: 0.000312322 seconds
plan limit 980
current timestep 133
num of flexible agents: 10
num of flexible tasks: 64
Solving time: 0.000333153 seconds
plan limit 980
current timestep 134
num of flexible agents: 12
num of flexible tasks: 62
Solving time: 0.000353416 seconds
plan limit 980
current timestep 135
num of flexible agents: 14
num of flexible tasks: 60
Solving time: 0.000349414 seconds
plan limit 980
current timestep 136
num of flexible agents: 16
num of flexible tasks: 56
Solving time: 0.000375204 seconds
plan limit 980
current timestep 137
num of flexible agents: 14
num of flexible tasks: 52
Solving time: 0.000377263 seconds
plan limit 980
current timestep 138
num of flexible agents: 14
num of flexible tasks: 49
Solving time: 0.000444156 seconds
plan limit 980
current timestep 139
num of flexible agents: 15
num of flexible tasks: 49
Solving time: 0.00040348 seconds
plan limit 980
current timestep 140
num of flexible agents: 14
num of flexible tasks: 47
Solving time: 0.000424163 seconds
plan limit 980
current timestep 141
num of flexible agents: 20
num of flexible tasks: 46
Solving time: 0.000429037 seconds
plan limit 980
current timestep 142
num of flexible agents: 22
num of flexible tasks: 45
Solving time: 0.000447235 seconds
plan limit 980
current timestep 143
num of flexible agents: 19
num of flexible tasks: 41
Solving time: 0.000489359 seconds
plan limit 980
current timestep 144
num of flexible agents: 20
num of flexible tasks: 39
Solving time: 0.000503643 seconds
plan limit 980
current timestep 145
num of flexible agents: 23
num of flexible tasks: 37
Solving time: 0.000450351 seconds
plan limit 980
current timestep 146
num of flexible agents: 22
num of flexible tasks: 34
Solving time: 0.000475775 seconds
plan limit 980
current timestep 147
num of flexible agents: 23
num of flexible tasks: 33
Solving time: 0.00052124 seconds
plan limit 980
current timestep 148
num of flexible agents: 27
num of flexible tasks: 33
Solving time: 0.000460273 seconds
plan limit 980
current timestep 149
num of flexible agents: 31
num of flexible tasks: 32
Solving time: 0.000558771 seconds
plan limit 980
current timestep 150
num of flexible agents: 31
num of flexible tasks: 30
Solving time: 0.000507578 seconds
plan limit 980
current timestep 151
num of flexible agents: 31
num of flexible tasks: 29
Solving time: 0.000506402 seconds
plan limit 980
current timestep 152
num of flexible agents: 28
num of flexible tasks: 26
Solving time: 0.000548553 seconds
plan limit 980
current timestep 153
num of flexible agents: 30
num of flexible tasks: 26
Solving time: 0.000522975 seconds
plan limit 980
current timestep 154
num of flexible agents: 35
num of flexible tasks: 26
Solving time: 0.000390779 seconds
plan limit 980
current timestep 155
num of flexible agents: 37
num of flexible tasks: 25
Solving time: 0.00043866 seconds
plan limit 980
current timestep 156
num of flexible agents: 36
num of flexible tasks: 22
Solving time: 0.000418179 seconds
plan limit 980
current timestep 157
num of flexible agents: 35
num of flexible tasks: 20
Solving time: 0.000408124 seconds
plan limit 980
current timestep 158
num of flexible agents: 36
num of flexible tasks: 18
Solving time: 0.000374981 seconds
plan limit 980
current timestep 159
num of flexible agents: 38
num of flexible tasks: 16
Solving time: 0.000354022 seconds
plan limit 980
current timestep 160
num of flexible agents: 38
num of flexible tasks: 14
Solving time: 0.000354595 seconds
plan limit 980
current timestep 161
num of flexible agents: 42
num of flexible tasks: 14
Solving time: 0.000339961 seconds
plan limit 980
current timestep 162
num of flexible agents: 43
num of flexible tasks: 13
Solving time: 0.000330733 seconds
plan limit 980
current timestep 163
num of flexible agents: 42
num of flexible tasks: 11
Solving time: 0.000317583 seconds
plan limit 980
current timestep 164
num of flexible agents: 42
num of flexible tasks: 9
Solving time: 0.000322166 seconds
plan limit 980
current timestep 165
num of flexible agents: 43
num of flexible tasks: 8
Solving time: 0.000279154 seconds
plan limit 980
current timestep 166
num of flexible agents: 45
num of flexible tasks: 6
Solving time: 0.000254664 seconds
plan limit 980
current timestep 167
num of flexible agents: 45
num of flexible tasks: 4
Solving time: 0.000232717 seconds
plan limit 980
current timestep 168
num of flexible agents: 47
num of flexible tasks: 4
Solving time: 0.000240305 seconds
plan limit 980
current timestep 169
num of flexible agents: 46
num of flexible tasks: 3
Solving time: 0.000248018 seconds
plan limit 980
current timestep 170
num of flexible agents: 47
num of flexible tasks: 3
Solving time: 0.000268426 seconds
plan limit 980
current timestep 171
num of flexible agents: 48
num of flexible tasks: 2
Solving time: 0.000252579 seconds
plan limit 980
current timestep 172
num of flexible agents: 47
num of flexible tasks: 1
Solving time: 0.00022584 seconds
plan limit 980
current timestep 173
num of flexible agents: 49
num of flexible tasks: 1
Solving time: 0.000226614 seconds
plan limit 980
current timestep 174
num of flexible agents: 50
num of flexible tasks: 1
Solving time: 0.000235594 seconds
plan limit 980
current timestep 175
num of flexible agents: 56
num of flexible tasks: 1
Solving time: 0.000217472 seconds
plan limit 980
current timestep 176
num of flexible agents: 57
num of flexible tasks: 0
Solving time: 0.00019737 seconds
plan limit 980
current timestep 177
num of flexible agents: 60
num of flexible tasks: 0
Solving time: 0.000267249 seconds
plan limit 980
current timestep 178
num of flexible agents: 64
num of flexible tasks: 0
Solving time: 0.00022841 seconds
plan limit 980
current timestep 179
num of flexible agents: 66
num of flexible tasks: 0
Solving time: 0.000238938 seconds
plan limit 980
current timestep 180
num of flexible agents: 69
num of flexible tasks: 0
Solving time: 0.00026162 seconds
plan limit 980
current timestep 181
num of flexible agents: 69
num of flexible tasks: 0
Solving time: 0.000223236 seconds
plan limit 980
current timestep 182
num of flexible agents: 69
num of flexible tasks: 0
Solving time: 0.000227566 seconds
plan limit 980
current timestep 183
num of flexible agents: 69
num of flexible tasks: 0
Solving time: 0.000232472 seconds
plan limit 980
current timestep 184
num of flexible agents: 69
num of flexible tasks: 0
Solving time: 0.000212771 seconds
plan limit 980
current timestep 185
num of flexible agents: 70
num of flexible tasks: 0
Solving time: 0.000225256 seconds
plan limit 980
current timestep 186
num of flexible agents: 71
num of flexible tasks: 0
Solving time: 0.000241399 seconds
plan limit 980
current timestep 187
num of flexible agents: 73
num of flexible tasks: 0
Solving time: 0.000208541 seconds
plan limit 980
current timestep 188
num of flexible agents: 74
num of flexible tasks: 0
Solving time: 0.000252451 seconds
plan limit 980
current timestep 189
num of flexible agents: 76
num of flexible tasks: 0
Solving time: 0.000212529 seconds
plan limit 980
current timestep 190
num of flexible agents: 76
num of flexible tasks: 0
Solving time: 0.00021035 seconds
plan limit 980
current timestep 191
num of flexible agents: 76
num of flexible tasks: 0
Solving time: 0.00022067 seconds
plan limit 980
current timestep 192
num of flexible agents: 76
num of flexible tasks: 0
Solving time: 0.000248105 seconds
plan limit 980
current timestep 193
num of flexible agents: 76
num of flexible tasks: 0
Solving time: 0.000211906 seconds
plan limit 980
current timestep 194
num of flexible agents: 76
num of flexible tasks: 0
Solving time: 0.000224893 seconds
plan limit 980
current timestep 195
num of flexible agents: 76
num of flexible tasks: 0
Solving time: 0.000212276 seconds
plan limit 980
current timestep 196
num of flexible agents: 76
num of flexible tasks: 0
Solving time: 0.00022959 seconds
plan limit 980
current timestep 197
num of flexible agents: 77
num of flexible tasks: 0
Solving time: 0.000234617 seconds
plan limit 980
current timestep 198
num of flexible agents: 77
num of flexible tasks: 0
Solving time: 0.000216932 seconds
plan limit 980
current timestep 199
num of flexible agents: 78
num of flexible tasks: 0
Solving time: 0.00024235 seconds
plan limit 980
current timestep 200
num of flexible agents: 78
num of flexible tasks: 0
Solving time: 0.000234743 seconds
plan limit 980
current timestep 201
num of flexible agents: 78
num of flexible tasks: 0
Solving time: 0.000215988 seconds
plan limit 980
current timestep 202
num of flexible agents: 79
num of flexible tasks: 0
Solving time: 0.000225291 seconds
plan limit 980
current timestep 203
num of flexible agents: 79
num of flexible tasks: 0
Solving time: 0.000215365 seconds
plan limit 980
current timestep 204
num of flexible agents: 79
num of flexible tasks: 0
Solving time: 0.000231555 seconds
plan limit 980
All tasks finished at timestep 205
