current timestep 0
num of flexible agents: 80
num of flexible tasks: 5
Solving time: 0.000324219 seconds
plan limit 980
current timestep 1
num of flexible agents: 78
num of flexible tasks: 8
Solving time: 0.000352183 seconds
plan limit 980
current timestep 2
num of flexible agents: 78
num of flexible tasks: 13
Solving time: 0.000308526 seconds
plan limit 980
current timestep 3
num of flexible agents: 73
num of flexible tasks: 13
Solving time: 0.000334901 seconds
plan limit 980
current timestep 4
num of flexible agents: 71
num of flexible tasks: 16
Solving time: 0.00034807 seconds
plan limit 980
current timestep 5
num of flexible agents: 68
num of flexible tasks: 18
Solving time: 0.000353474 seconds
plan limit 980
current timestep 6
num of flexible agents: 68
num of flexible tasks: 23
Solving time: 0.000379878 seconds
plan limit 980
current timestep 7
num of flexible agents: 66
num of flexible tasks: 26
Solving time: 0.000457551 seconds
plan limit 980
current timestep 8
num of flexible agents: 62
num of flexible tasks: 27
Solving time: 0.00040724 seconds
plan limit 980
current timestep 9
num of flexible agents: 59
num of flexible tasks: 29
Solving time: 0.000383546 seconds
plan limit 980
current timestep 10
num of flexible agents: 54
num of flexible tasks: 28
Solving time: 0.000481776 seconds
plan limit 980
current timestep 11
num of flexible agents: 53
num of flexible tasks: 31
Solving time: 0.000452752 seconds
plan limit 980
current timestep 12
num of flexible agents: 49
num of flexible tasks: 32
Solving time: 0.000474506 seconds
plan limit 980
current timestep 13
num of flexible agents: 47
num of flexible tasks: 34
Solving time: 0.000551632 seconds
plan limit 980
current timestep 14
num of flexible agents: 43
num of flexible tasks: 34
Solving time: 0.000499346 seconds
plan limit 980
current timestep 15
num of flexible agents: 42
num of flexible tasks: 37
Solving time: 0.000478835 seconds
plan limit 980
current timestep 16
num of flexible agents: 38
num of flexible tasks: 38
Solving time: 0.000527817 seconds
plan limit 980
current timestep 17
num of flexible agents: 33
num of flexible tasks: 38
Solving time: 0.000444992 seconds
plan limit 980
current timestep 18
num of flexible agents: 32
num of flexible tasks: 39
Solving time: 0.000467682 seconds
plan limit 980
current timestep 19
num of flexible agents: 27
num of flexible tasks: 38
Solving time: 0.000352309 seconds
plan limit 980
current timestep 20
num of flexible agents: 24
num of flexible tasks: 38
Solving time: 0.000354128 seconds
plan limit 980
current timestep 21
num of flexible agents: 17
num of flexible tasks: 36
Solving time: 0.000320784 seconds
plan limit 980
current timestep 22
num of flexible agents: 17
num of flexible tasks: 39
Solving time: 0.000326736 seconds
plan limit 980
current timestep 23
num of flexible agents: 14
num of flexible tasks: 40
Solving time: 0.000298069 seconds
plan limit 980
current timestep 24
num of flexible agents: 13
num of flexible tasks: 42
Solving time: 0.000299518 seconds
plan limit 980
current timestep 25
num of flexible agents: 10
num of flexible tasks: 43
Solving time: 0.000298802 seconds
plan limit 980
current timestep 26
num of flexible agents: 11
num of flexible tasks: 44
Solving time: 0.000285203 seconds
plan limit 980
current timestep 27
num of flexible agents: 10
num of flexible tasks: 46
Solving time: 0.000291854 seconds
plan limit 980
current timestep 28
num of flexible agents: 12
num of flexible tasks: 49
Solving time: 0.000278336 seconds
plan limit 980
current timestep 29
num of flexible agents: 8
num of flexible tasks: 49
Solving time: 0.000245881 seconds
plan limit 980
current timestep 30
num of flexible agents: 7
num of flexible tasks: 52
Solving time: 0.000302054 seconds
plan limit 980
current timestep 31
num of flexible agents: 5
num of flexible tasks: 54
Solving time: 0.000257284 seconds
plan limit 980
current timestep 32
num of flexible agents: 3
num of flexible tasks: 56
Solving time: 0.000773373 seconds
plan limit 980
current timestep 33
num of flexible agents: 1
num of flexible tasks: 58
Solving time: 0.000714893 seconds
plan limit 980
current timestep 34
num of flexible agents: 2
num of flexible tasks: 62
Solving time: 0.000767852 seconds
plan limit 980
current timestep 35
num of flexible agents: 7
num of flexible tasks: 67
Solving time: 0.000289565 seconds
plan limit 980
current timestep 36
num of flexible agents: 12
num of flexible tasks: 72
Solving time: 0.000322723 seconds
plan limit 980
current timestep 37
num of flexible agents: 13
num of flexible tasks: 75
Solving time: 0.000334437 seconds
plan limit 980
current timestep 38
num of flexible agents: 13
num of flexible tasks: 76
Solving time: 0.000295441 seconds
plan limit 980
current timestep 39
num of flexible agents: 16
num of flexible tasks: 75
Solving time: 0.000315105 seconds
plan limit 980
current timestep 40
num of flexible agents: 16
num of flexible tasks: 76
Solving time: 0.000346406 seconds
plan limit 980
current timestep 41
num of flexible agents: 15
num of flexible tasks: 76
Solving time: 0.000323977 seconds
plan limit 980
current timestep 42
num of flexible agents: 17
num of flexible tasks: 77
Solving time: 0.000324888 seconds
plan limit 980
current timestep 43
num of flexible agents: 14
num of flexible tasks: 75
Solving time: 0.000301163 seconds
plan limit 980
current timestep 44
num of flexible agents: 12
num of flexible tasks: 74
Solving time: 0.000348988 seconds
plan limit 980
current timestep 45
num of flexible agents: 8
num of flexible tasks: 74
Solving time: 0.000322119 seconds
plan limit 980
current timestep 46
num of flexible agents: 8
num of flexible tasks: 76
Solving time: 0.000330906 seconds
plan limit 980
current timestep 47
num of flexible agents: 9
num of flexible tasks: 79
Solving time: 0.000338346 seconds
plan limit 980
current timestep 48
num of flexible agents: 12
num of flexible tasks: 82
Solving time: 0.000324276 seconds
plan limit 980
current timestep 49
num of flexible agents: 10
num of flexible tasks: 82
Solving time: 0.000340368 seconds
plan limit 980
current timestep 50
num of flexible agents: 7
num of flexible tasks: 84
Solving time: 0.000285096 seconds
plan limit 980
current timestep 51
num of flexible agents: 8
num of flexible tasks: 87
Solving time: 0.000309422 seconds
plan limit 980
current timestep 52
num of flexible agents: 7
num of flexible tasks: 90
Solving time: 0.000307591 seconds
plan limit 980
current timestep 53
num of flexible agents: 8
num of flexible tasks: 92
Solving time: 0.000292149 seconds
plan limit 980
current timestep 54
num of flexible agents: 8
num of flexible tasks: 93
Solving time: 0.000289632 seconds
plan limit 980
current timestep 55
num of flexible agents: 7
num of flexible tasks: 95
Solving time: 0.000389566 seconds
plan limit 980
current timestep 56
num of flexible agents: 4
num of flexible tasks: 96
Solving time: 0.000938738 seconds
plan limit 979
current timestep 57
num of flexible agents: 5
num of flexible tasks: 99
Solving time: 0.000299451 seconds
plan limit 980
current timestep 58
num of flexible agents: 5
num of flexible tasks: 102
Solving time: 0.000291064 seconds
plan limit 980
current timestep 59
num of flexible agents: 6
num of flexible tasks: 104
Solving time: 0.000318145 seconds
plan limit 980
current timestep 60
num of flexible agents: 9
num of flexible tasks: 108
Solving time: 0.000311766 seconds
plan limit 980
current timestep 61
num of flexible agents: 12
num of flexible tasks: 109
Solving time: 0.000328172 seconds
plan limit 980
current timestep 62
num of flexible agents: 10
num of flexible tasks: 106
Solving time: 0.000340246 seconds
plan limit 980
current timestep 63
num of flexible agents: 12
num of flexible tasks: 109
Solving time: 0.000346434 seconds
plan limit 980
current timestep 64
num of flexible agents: 14
num of flexible tasks: 109
Solving time: 0.000333366 seconds
plan limit 980
current timestep 65
num of flexible agents: 5
num of flexible tasks: 105
Solving time: 0.000353314 seconds
plan limit 980
current timestep 66
num of flexible agents: 7
num of flexible tasks: 108
Solving time: 0.000310388 seconds
plan limit 980
current timestep 67
num of flexible agents: 8
num of flexible tasks: 110
Solving time: 0.000340758 seconds
plan limit 980
current timestep 68
num of flexible agents: 10
num of flexible tasks: 111
Solving time: 0.000343131 seconds
plan limit 980
current timestep 69
num of flexible agents: 10
num of flexible tasks: 111
Solving time: 0.000329336 seconds
plan limit 980
current timestep 70
num of flexible agents: 11
num of flexible tasks: 112
Solving time: 0.000339089 seconds
plan limit 980
current timestep 71
num of flexible agents: 9
num of flexible tasks: 113
Solving time: 0.000336835 seconds
plan limit 980
current timestep 72
num of flexible agents: 9
num of flexible tasks: 115
Solving time: 0.000345314 seconds
plan limit 980
current timestep 73
num of flexible agents: 7
num of flexible tasks: 115
Solving time: 0.0003097 seconds
plan limit 980
current timestep 74
num of flexible agents: 6
num of flexible tasks: 118
Solving time: 0.000344791 seconds
plan limit 980
current timestep 75
num of flexible agents: 2
num of flexible tasks: 118
Solving time: 0.000764731 seconds
plan limit 980
current timestep 76
num of flexible agents: 4
num of flexible tasks: 122
Solving time: 0.000979852 seconds
plan limit 979
current timestep 77
num of flexible agents: 4
num of flexible tasks: 124
Solving time: 0.000893444 seconds
plan limit 979
current timestep 78
num of flexible agents: 3
num of flexible tasks: 126
Solving time: 0.000803009 seconds
plan limit 980
current timestep 79
num of flexible agents: 6
num of flexible tasks: 129
Solving time: 0.000296922 seconds
plan limit 980
current timestep 80
num of flexible agents: 6
num of flexible tasks: 129
Solving time: 0.000334898 seconds
plan limit 980
current timestep 81
num of flexible agents: 7
num of flexible tasks: 131
Solving time: 0.000293565 seconds
plan limit 980
current timestep 82
num of flexible agents: 6
num of flexible tasks: 130
Solving time: 0.000279421 seconds
plan limit 980
current timestep 83
num of flexible agents: 4
num of flexible tasks: 130
Solving time: 0.00030405 seconds
plan limit 980
current timestep 84
num of flexible agents: 6
num of flexible tasks: 133
Solving time: 0.000316153 seconds
plan limit 980
current timestep 85
num of flexible agents: 3
num of flexible tasks: 133
Solving time: 0.000872819 seconds
plan limit 979
current timestep 86
num of flexible agents: 3
num of flexible tasks: 136
Solving time: 0.000849298 seconds
plan limit 979
current timestep 87
num of flexible agents: 4
num of flexible tasks: 138
Solving time: 0.000825047 seconds
plan limit 979
current timestep 88
num of flexible agents: 2
num of flexible tasks: 141
Solving time: 0.000811813 seconds
plan limit 980
current timestep 89
num of flexible agents: 6
num of flexible tasks: 145
Solving time: 0.000313782 seconds
plan limit 980
current timestep 90
num of flexible agents: 4
num of flexible tasks: 147
Solving time: 0.000917721 seconds
plan limit 979
current timestep 91
num of flexible agents: 6
num of flexible tasks: 151
Solving time: 0.000319074 seconds
plan limit 980
current timestep 92
num of flexible agents: 4
num of flexible tasks: 152
Solving time: 0.000861271 seconds
plan limit 979
current timestep 93
num of flexible agents: 5
num of flexible tasks: 154
Solving time: 0.000330415 seconds
plan limit 980
current timestep 94
num of flexible agents: 4
num of flexible tasks: 156
Solving time: 0.000897932 seconds
plan limit 979
current timestep 95
num of flexible agents: 6
num of flexible tasks: 159
Solving time: 0.000301318 seconds
plan limit 980
current timestep 96
num of flexible agents: 9
num of flexible tasks: 162
Solving time: 0.00032849 seconds
plan limit 980
current timestep 97
num of flexible agents: 7
num of flexible tasks: 161
Solving time: 0.000333131 seconds
plan limit 980
current timestep 98
num of flexible agents: 9
num of flexible tasks: 164
Solving time: 0.000332614 seconds
plan limit 980
current timestep 99
num of flexible agents: 5
num of flexible tasks: 163
Solving time: 0.000301246 seconds
plan limit 980
current timestep 100
num of flexible agents: 1
num of flexible tasks: 158
Solving time: 0.000664287 seconds
plan limit 980
current timestep 101
num of flexible agents: 4
num of flexible tasks: 158
Solving time: 0.000778915 seconds
plan limit 980
current timestep 102
num of flexible agents: 5
num of flexible tasks: 156
Solving time: 0.000321629 seconds
plan limit 980
current timestep 103
num of flexible agents: 2
num of flexible tasks: 152
Solving time: 0.000833063 seconds
plan limit 979
current timestep 104
num of flexible agents: 5
num of flexible tasks: 150
Solving time: 0.00030373 seconds
plan limit 980
current timestep 105
num of flexible agents: 5
num of flexible tasks: 147
Solving time: 0.000298851 seconds
plan limit 980
current timestep 106
num of flexible agents: 6
num of flexible tasks: 144
Solving time: 0.000331448 seconds
plan limit 980
current timestep 107
num of flexible agents: 8
num of flexible tasks: 140
Solving time: 0.000339568 seconds
plan limit 980
current timestep 108
num of flexible agents: 11
num of flexible tasks: 137
Solving time: 0.000351839 seconds
plan limit 980
current timestep 109
num of flexible agents: 11
num of flexible tasks: 134
Solving time: 0.000343654 seconds
plan limit 980
current timestep 110
num of flexible agents: 9
num of flexible tasks: 128
Solving time: 0.000340078 seconds
plan limit 980
current timestep 111
num of flexible agents: 8
num of flexible tasks: 125
Solving time: 0.000307298 seconds
plan limit 980
current timestep 112
num of flexible agents: 7
num of flexible tasks: 123
Solving time: 0.000326215 seconds
plan limit 980
current timestep 113
num of flexible agents: 9
num of flexible tasks: 121
Solving time: 0.000317278 seconds
plan limit 980
current timestep 114
num of flexible agents: 7
num of flexible tasks: 117
Solving time: 0.000341703 seconds
plan limit 980
current timestep 115
num of flexible agents: 6
num of flexible tasks: 113
Solving time: 0.000311814 seconds
plan limit 980
current timestep 116
num of flexible agents: 11
num of flexible tasks: 112
Solving time: 0.000316888 seconds
plan limit 980
current timestep 117
num of flexible agents: 11
num of flexible tasks: 107
Solving time: 0.000342171 seconds
plan limit 980
current timestep 118
num of flexible agents: 6
num of flexible tasks: 102
Solving time: 0.000310942 seconds
plan limit 980
current timestep 119
num of flexible agents: 11
num of flexible tasks: 101
Solving time: 0.000334717 seconds
plan limit 980
current timestep 120
num of flexible agents: 12
num of flexible tasks: 98
Solving time: 0.000382541 seconds
plan limit 980
current timestep 121
num of flexible agents: 13
num of flexible tasks: 95
Solving time: 0.000325391 seconds
plan limit 980
current timestep 122
num of flexible agents: 10
num of flexible tasks: 90
Solving time: 0.000343231 seconds
plan limit 980
current timestep 123
num of flexible agents: 13
num of flexible tasks: 87
Solving time: 0.000367583 seconds
plan limit 980
current timestep 124
num of flexible agents: 13
num of flexible tasks: 84
Solving time: 0.000363296 seconds
plan limit 980
current timestep 125
num of flexible agents: 10
num of flexible tasks: 79
Solving time: 0.00032126 seconds
plan limit 980
current timestep 126
num of flexible agents: 15
num of flexible tasks: 78
Solving time: 0.000354959 seconds
plan limit 980
current timestep 127
num of flexible agents: 16
num of flexible tasks: 78
Solving time: 0.000344871 seconds
plan limit 980
current timestep 128
num of flexible agents: 16
num of flexible tasks: 76
Solving time: 0.000371852 seconds
plan limit 980
current timestep 129
num of flexible agents: 13
num of flexible tasks: 72
Solving time: 0.000364779 seconds
plan limit 980
current timestep 130
num of flexible agents: 13
num of flexible tasks: 69
Solving time: 0.000357685 seconds
plan limit 980
current timestep 131
num of flexible agents: 13
num of flexible tasks: 66
Solving time: 0.000395855 seconds
plan limit 980
current timestep 132
num of flexible agents: 13
num of flexible tasks: 66
Solving time: 0.000342168 seconds
plan limit 980
current timestep 133
num of flexible agents: 17
num of flexible tasks: 64
Solving time: 0.000358025 seconds
plan limit 980
current timestep 134
num of flexible agents: 20
num of flexible tasks: 61
Solving time: 0.000401041 seconds
plan limit 980
current timestep 135
num of flexible agents: 20
num of flexible tasks: 60
Solving time: 0.000405755 seconds
plan limit 980
current timestep 136
num of flexible agents: 23
num of flexible tasks: 59
Solving time: 0.000420982 seconds
plan limit 980
current timestep 137
num of flexible agents: 23
num of flexible tasks: 57
Solving time: 0.000421495 seconds
plan limit 980
current timestep 138
num of flexible agents: 24
num of flexible tasks: 57
Solving time: 0.000413503 seconds
plan limit 980
current timestep 139
num of flexible agents: 26
num of flexible tasks: 55
Solving time: 0.000446163 seconds
plan limit 980
current timestep 140
num of flexible agents: 27
num of flexible tasks: 53
Solving time: 0.000389574 seconds
plan limit 980
current timestep 141
num of flexible agents: 28
num of flexible tasks: 49
Solving time: 0.000454551 seconds
plan limit 980
current timestep 142
num of flexible agents: 28
num of flexible tasks: 47
Solving time: 0.000447426 seconds
plan limit 980
current timestep 143
num of flexible agents: 28
num of flexible tasks: 45
Solving time: 0.000432222 seconds
plan limit 980
current timestep 144
num of flexible agents: 27
num of flexible tasks: 41
Solving time: 0.000434815 seconds
plan limit 980
current timestep 145
num of flexible agents: 26
num of flexible tasks: 37
Solving time: 0.000397949 seconds
plan limit 980
current timestep 146
num of flexible agents: 28
num of flexible tasks: 36
Solving time: 0.000416351 seconds
plan limit 980
current timestep 147
num of flexible agents: 27
num of flexible tasks: 33
Solving time: 0.000444324 seconds
plan limit 980
current timestep 148
num of flexible agents: 29
num of flexible tasks: 33
Solving time: 0.000425242 seconds
plan limit 980
current timestep 149
num of flexible agents: 29
num of flexible tasks: 31
Solving time: 0.000467932 seconds
plan limit 980
current timestep 150
num of flexible agents: 31
num of flexible tasks: 29
Solving time: 0.000505412 seconds
plan limit 980
current timestep 151
num of flexible agents: 31
num of flexible tasks: 28
Solving time: 0.000453574 seconds
plan limit 980
current timestep 152
num of flexible agents: 29
num of flexible tasks: 24
Solving time: 0.000503464 seconds
plan limit 980
current timestep 153
num of flexible agents: 34
num of flexible tasks: 24
Solving time: 0.000390833 seconds
plan limit 980
current timestep 154
num of flexible agents: 34
num of flexible tasks: 22
Solving time: 0.000389508 seconds
plan limit 980
current timestep 155
num of flexible agents: 34
num of flexible tasks: 19
Solving time: 0.000381853 seconds
plan limit 980
current timestep 156
num of flexible agents: 37
num of flexible tasks: 18
Solving time: 0.000361505 seconds
plan limit 980
current timestep 157
num of flexible agents: 37
num of flexible tasks: 17
Solving time: 0.000318594 seconds
plan limit 980
current timestep 158
num of flexible agents: 38
num of flexible tasks: 16
Solving time: 0.000306515 seconds
plan limit 980
current timestep 159
num of flexible agents: 35
num of flexible tasks: 13
Solving time: 0.000361622 seconds
plan limit 980
current timestep 160
num of flexible agents: 33
num of flexible tasks: 10
Solving time: 0.000301336 seconds
plan limit 980
current timestep 161
num of flexible agents: 36
num of flexible tasks: 8
Solving time: 0.000300504 seconds
plan limit 980
current timestep 162
num of flexible agents: 32
num of flexible tasks: 4
Solving time: 0.000255945 seconds
plan limit 980
current timestep 163
num of flexible agents: 34
num of flexible tasks: 4
Solving time: 0.000250642 seconds
plan limit 980
current timestep 164
num of flexible agents: 35
num of flexible tasks: 3
Solving time: 0.000258404 seconds
plan limit 980
current timestep 165
num of flexible agents: 35
num of flexible tasks: 1
Solving time: 0.000257215 seconds
plan limit 980
current timestep 166
num of flexible agents: 35
num of flexible tasks: 1
Solving time: 0.000234755 seconds
plan limit 980
current timestep 167
num of flexible agents: 43
num of flexible tasks: 1
Solving time: 0.00024307 seconds
plan limit 980
current timestep 168
num of flexible agents: 42
num of flexible tasks: 0
Solving time: 0.000239308 seconds
plan limit 980
current timestep 169
num of flexible agents: 43
num of flexible tasks: 0
Solving time: 0.000211011 seconds
plan limit 980
current timestep 170
num of flexible agents: 45
num of flexible tasks: 0
Solving time: 0.000214748 seconds
plan limit 980
current timestep 171
num of flexible agents: 49
num of flexible tasks: 0
Solving time: 0.000242124 seconds
plan limit 980
current timestep 172
num of flexible agents: 50
num of flexible tasks: 0
Solving time: 0.000252144 seconds
plan limit 980
current timestep 173
num of flexible agents: 50
num of flexible tasks: 0
Solving time: 0.000261247 seconds
plan limit 980
current timestep 174
num of flexible agents: 51
num of flexible tasks: 0
Solving time: 0.000227819 seconds
plan limit 980
current timestep 175
num of flexible agents: 52
num of flexible tasks: 0
Solving time: 0.000239608 seconds
plan limit 980
current timestep 176
num of flexible agents: 55
num of flexible tasks: 0
Solving time: 0.000203 seconds
plan limit 980
current timestep 177
num of flexible agents: 57
num of flexible tasks: 0
Solving time: 0.000248417 seconds
plan limit 980
current timestep 178
num of flexible agents: 58
num of flexible tasks: 0
Solving time: 0.000221769 seconds
plan limit 980
current timestep 179
num of flexible agents: 60
num of flexible tasks: 0
Solving time: 0.000224745 seconds
plan limit 980
current timestep 180
num of flexible agents: 60
num of flexible tasks: 0
Solving time: 0.00024616 seconds
plan limit 980
current timestep 181
num of flexible agents: 61
num of flexible tasks: 0
Solving time: 0.000208106 seconds
plan limit 980
current timestep 182
num of flexible agents: 64
num of flexible tasks: 0
Solving time: 0.000250285 seconds
plan limit 980
current timestep 183
num of flexible agents: 64
num of flexible tasks: 0
Solving time: 0.000253023 seconds
plan limit 980
current timestep 184
num of flexible agents: 65
num of flexible tasks: 0
Solving time: 0.00023 seconds
plan limit 980
current timestep 185
num of flexible agents: 66
num of flexible tasks: 0
Solving time: 0.000273093 seconds
plan limit 980
current timestep 186
num of flexible agents: 66
num of flexible tasks: 0
Solving time: 0.0002251 seconds
plan limit 980
current timestep 187
num of flexible agents: 68
num of flexible tasks: 0
Solving time: 0.000228754 seconds
plan limit 980
current timestep 188
num of flexible agents: 69
num of flexible tasks: 0
Solving time: 0.000220464 seconds
plan limit 980
current timestep 189
num of flexible agents: 72
num of flexible tasks: 0
Solving time: 0.000238367 seconds
plan limit 980
current timestep 190
num of flexible agents: 74
num of flexible tasks: 0
Solving time: 0.000213919 seconds
plan limit 980
current timestep 191
num of flexible agents: 74
num of flexible tasks: 0
Solving time: 0.000233279 seconds
plan limit 980
current timestep 192
num of flexible agents: 74
num of flexible tasks: 0
Solving time: 0.000217031 seconds
plan limit 980
current timestep 193
num of flexible agents: 74
num of flexible tasks: 0
Solving time: 0.000215693 seconds
plan limit 980
current timestep 194
num of flexible agents: 75
num of flexible tasks: 0
Solving time: 0.000252385 seconds
plan limit 980
current timestep 195
num of flexible agents: 75
num of flexible tasks: 0
Solving time: 0.000218631 seconds
plan limit 980
current timestep 196
num of flexible agents: 78
num of flexible tasks: 0
Solving time: 0.000209746 seconds
plan limit 980
current timestep 197
num of flexible agents: 78
num of flexible tasks: 0
Solving time: 0.000247288 seconds
plan limit 980
current timestep 198
num of flexible agents: 78
num of flexible tasks: 0
Solving time: 0.000231667 seconds
plan limit 980
current timestep 199
num of flexible agents: 79
num of flexible tasks: 0
Solving time: 0.000216674 seconds
plan limit 980
current timestep 200
num of flexible agents: 79
num of flexible tasks: 0
Solving time: 0.000256079 seconds
plan limit 980
current timestep 201
num of flexible agents: 79
num of flexible tasks: 0
Solving time: 0.000245464 seconds
plan limit 980
current timestep 202
num of flexible agents: 79
num of flexible tasks: 0
Solving time: 0.000234135 seconds
plan limit 980
current timestep 203
num of flexible agents: 79
num of flexible tasks: 0
Solving time: 0.000219955 seconds
plan limit 980
current timestep 204
num of flexible agents: 79
num of flexible tasks: 0
Solving time: 0.000225126 seconds
plan limit 980
current timestep 205
num of flexible agents: 79
num of flexible tasks: 0
Solving time: 0.000218897 seconds
plan limit 980
current timestep 206
num of flexible agents: 79
num of flexible tasks: 0
Solving time: 0.000221184 seconds
plan limit 980
current timestep 207
num of flexible agents: 79
num of flexible tasks: 0
Solving time: 0.000204423 seconds
plan limit 980
current timestep 208
num of flexible agents: 79
num of flexible tasks: 0
Solving time: 0.000216083 seconds
plan limit 980
current timestep 209
num of flexible agents: 79
num of flexible tasks: 0
Solving time: 0.000233648 seconds
plan limit 980
current timestep 210
num of flexible agents: 79
num of flexible tasks: 0
Solving time: 0.000219994 seconds
plan limit 980
current timestep 211
num of flexible agents: 79
num of flexible tasks: 0
Solving time: 0.000218571 seconds
plan limit 980
current timestep 212
num of flexible agents: 79
num of flexible tasks: 0
Solving time: 0.000232002 seconds
plan limit 980
All tasks finished at timestep 213
