current timestep 0
num of flexible agents: 80
num of flexible tasks: 5
Solving time: 0.00033979 seconds
plan limit 980
current timestep 1
num of flexible agents: 79
num of flexible tasks: 9
Solving time: 0.000320436 seconds
plan limit 980
current timestep 2
num of flexible agents: 76
num of flexible tasks: 11
Solving time: 0.000319824 seconds
plan limit 980
current timestep 3
num of flexible agents: 75
num of flexible tasks: 15
Solving time: 0.000345842 seconds
plan limit 980
current timestep 4
num of flexible agents: 73
num of flexible tasks: 18
Solving time: 0.000346687 seconds
plan limit 980
current timestep 5
num of flexible agents: 71
num of flexible tasks: 21
Solving time: 0.000359082 seconds
plan limit 980
current timestep 6
num of flexible agents: 67
num of flexible tasks: 22
Solving time: 0.000405653 seconds
plan limit 980
current timestep 7
num of flexible agents: 65
num of flexible tasks: 24
Solving time: 0.000387187 seconds
plan limit 980
current timestep 8
num of flexible agents: 60
num of flexible tasks: 24
Solving time: 0.000371926 seconds
plan limit 980
current timestep 9
num of flexible agents: 57
num of flexible tasks: 26
Solving time: 0.000407625 seconds
plan limit 980
current timestep 10
num of flexible agents: 50
num of flexible tasks: 24
Solving time: 0.000419063 seconds
plan limit 980
current timestep 11
num of flexible agents: 48
num of flexible tasks: 26
Solving time: 0.000437261 seconds
plan limit 980
current timestep 12
num of flexible agents: 44
num of flexible tasks: 27
Solving time: 0.000435686 seconds
plan limit 980
current timestep 13
num of flexible agents: 42
num of flexible tasks: 30
Solving time: 0.00048115 seconds
plan limit 980
current timestep 14
num of flexible agents: 37
num of flexible tasks: 30
Solving time: 0.000520834 seconds
plan limit 980
current timestep 15
num of flexible agents: 34
num of flexible tasks: 31
Solving time: 0.000583753 seconds
plan limit 980
current timestep 16
num of flexible agents: 30
num of flexible tasks: 32
Solving time: 0.000477252 seconds
plan limit 980
current timestep 17
num of flexible agents: 26
num of flexible tasks: 32
Solving time: 0.000476423 seconds
plan limit 980
current timestep 18
num of flexible agents: 27
num of flexible tasks: 34
Solving time: 0.000426234 seconds
plan limit 980
current timestep 19
num of flexible agents: 25
num of flexible tasks: 36
Solving time: 0.000416358 seconds
plan limit 980
current timestep 20
num of flexible agents: 25
num of flexible tasks: 38
Solving time: 0.000394201 seconds
plan limit 980
current timestep 21
num of flexible agents: 23
num of flexible tasks: 39
Solving time: 0.000380809 seconds
plan limit 980
current timestep 22
num of flexible agents: 20
num of flexible tasks: 41
Solving time: 0.000343728 seconds
plan limit 980
current timestep 23
num of flexible agents: 16
num of flexible tasks: 41
Solving time: 0.000340119 seconds
plan limit 980
current timestep 24
num of flexible agents: 15
num of flexible tasks: 44
Solving time: 0.000339979 seconds
plan limit 980
current timestep 25
num of flexible agents: 12
num of flexible tasks: 44
Solving time: 0.000344251 seconds
plan limit 980
current timestep 26
num of flexible agents: 10
num of flexible tasks: 46
Solving time: 0.000332342 seconds
plan limit 980
current timestep 27
num of flexible agents: 6
num of flexible tasks: 47
Solving time: 0.000313887 seconds
plan limit 980
current timestep 28
num of flexible agents: 10
num of flexible tasks: 50
Solving time: 0.00030674 seconds
plan limit 980
current timestep 29
num of flexible agents: 9
num of flexible tasks: 52
Solving time: 0.000284728 seconds
plan limit 980
current timestep 30
num of flexible agents: 8
num of flexible tasks: 55
Solving time: 0.000302519 seconds
plan limit 980
current timestep 31
num of flexible agents: 10
num of flexible tasks: 59
Solving time: 0.000301567 seconds
plan limit 980
current timestep 32
num of flexible agents: 12
num of flexible tasks: 64
Solving time: 0.000315212 seconds
plan limit 980
current timestep 33
num of flexible agents: 7
num of flexible tasks: 64
Solving time: 0.000269874 seconds
plan limit 980
current timestep 34
num of flexible agents: 12
num of flexible tasks: 68
Solving time: 0.000343725 seconds
plan limit 980
current timestep 35
num of flexible agents: 10
num of flexible tasks: 70
Solving time: 0.000317887 seconds
plan limit 980
current timestep 36
num of flexible agents: 8
num of flexible tasks: 69
Solving time: 0.000293999 seconds
plan limit 980
current timestep 37
num of flexible agents: 11
num of flexible tasks: 72
Solving time: 0.000294299 seconds
plan limit 980
current timestep 38
num of flexible agents: 12
num of flexible tasks: 73
Solving time: 0.000315954 seconds
plan limit 980
current timestep 39
num of flexible agents: 12
num of flexible tasks: 75
Solving time: 0.000316355 seconds
plan limit 980
current timestep 40
num of flexible agents: 13
num of flexible tasks: 77
Solving time: 0.000346637 seconds
plan limit 980
current timestep 41
num of flexible agents: 14
num of flexible tasks: 78
Solving time: 0.000339354 seconds
plan limit 980
current timestep 42
num of flexible agents: 11
num of flexible tasks: 80
Solving time: 0.000314438 seconds
plan limit 980
current timestep 43
num of flexible agents: 8
num of flexible tasks: 81
Solving time: 0.000314799 seconds
plan limit 980
current timestep 44
num of flexible agents: 10
num of flexible tasks: 85
Solving time: 0.000303869 seconds
plan limit 980
current timestep 45
num of flexible agents: 8
num of flexible tasks: 86
Solving time: 0.00033528 seconds
plan limit 980
current timestep 46
num of flexible agents: 5
num of flexible tasks: 85
Solving time: 0.000317987 seconds
plan limit 980
current timestep 47
num of flexible agents: 9
num of flexible tasks: 89
Solving time: 0.000301784 seconds
plan limit 980
current timestep 48
num of flexible agents: 8
num of flexible tasks: 91
Solving time: 0.000306223 seconds
plan limit 980
current timestep 49
num of flexible agents: 7
num of flexible tasks: 94
Solving time: 0.000338526 seconds
plan limit 980
current timestep 50
num of flexible agents: 5
num of flexible tasks: 94
Solving time: 0.00028806 seconds
plan limit 980
current timestep 51
num of flexible agents: 6
num of flexible tasks: 99
Solving time: 0.000303971 seconds
plan limit 980
current timestep 52
num of flexible agents: 6
num of flexible tasks: 103
Solving time: 0.000324832 seconds
plan limit 980
current timestep 53
num of flexible agents: 9
num of flexible tasks: 104
Solving time: 0.000296402 seconds
plan limit 980
current timestep 54
num of flexible agents: 11
num of flexible tasks: 105
Solving time: 0.000304532 seconds
plan limit 980
current timestep 55
num of flexible agents: 3
num of flexible tasks: 101
Solving time: 0.000934577 seconds
plan limit 979
current timestep 56
num of flexible agents: 6
num of flexible tasks: 106
Solving time: 0.000292358 seconds
plan limit 980
current timestep 57
num of flexible agents: 8
num of flexible tasks: 108
Solving time: 0.000280125 seconds
plan limit 980
current timestep 58
num of flexible agents: 4
num of flexible tasks: 107
Solving time: 0.000289188 seconds
plan limit 980
current timestep 59
num of flexible agents: 3
num of flexible tasks: 109
Solving time: 0.000828005 seconds
plan limit 979
current timestep 60
num of flexible agents: 6
num of flexible tasks: 113
Solving time: 0.000336938 seconds
plan limit 980
current timestep 61
num of flexible agents: 8
num of flexible tasks: 115
Solving time: 0.000307808 seconds
plan limit 980
current timestep 62
num of flexible agents: 9
num of flexible tasks: 117
Solving time: 0.000327383 seconds
plan limit 980
current timestep 63
num of flexible agents: 13
num of flexible tasks: 119
Solving time: 0.000343843 seconds
plan limit 980
current timestep 64
num of flexible agents: 12
num of flexible tasks: 121
Solving time: 0.000357558 seconds
plan limit 980
current timestep 65
num of flexible agents: 6
num of flexible tasks: 118
Solving time: 0.000293704 seconds
plan limit 980
current timestep 66
num of flexible agents: 6
num of flexible tasks: 120
Solving time: 0.000337562 seconds
plan limit 980
current timestep 67
num of flexible agents: 6
num of flexible tasks: 122
Solving time: 0.000321775 seconds
plan limit 980
current timestep 68
num of flexible agents: 7
num of flexible tasks: 125
Solving time: 0.000375077 seconds
plan limit 980
current timestep 69
num of flexible agents: 7
num of flexible tasks: 128
Solving time: 0.000315276 seconds
plan limit 980
current timestep 70
num of flexible agents: 5
num of flexible tasks: 129
Solving time: 0.00029383 seconds
plan limit 980
current timestep 71
num of flexible agents: 4
num of flexible tasks: 132
Solving time: 0.000311611 seconds
plan limit 980
current timestep 72
num of flexible agents: 4
num of flexible tasks: 135
Solving time: 0.000288905 seconds
plan limit 980
current timestep 73
num of flexible agents: 4
num of flexible tasks: 136
Solving time: 0.000290498 seconds
plan limit 980
current timestep 74
num of flexible agents: 6
num of flexible tasks: 138
Solving time: 0.000291374 seconds
plan limit 980
current timestep 75
num of flexible agents: 7
num of flexible tasks: 139
Solving time: 0.000302589 seconds
plan limit 980
current timestep 76
num of flexible agents: 8
num of flexible tasks: 141
Solving time: 0.000332757 seconds
plan limit 980
current timestep 77
num of flexible agents: 5
num of flexible tasks: 141
Solving time: 0.00032361 seconds
plan limit 980
current timestep 78
num of flexible agents: 8
num of flexible tasks: 143
Solving time: 0.000310566 seconds
plan limit 980
current timestep 79
num of flexible agents: 9
num of flexible tasks: 145
Solving time: 0.00032239 seconds
plan limit 980
current timestep 80
num of flexible agents: 9
num of flexible tasks: 145
Solving time: 0.000343523 seconds
plan limit 980
current timestep 81
num of flexible agents: 8
num of flexible tasks: 145
Solving time: 0.000342669 seconds
plan limit 980
current timestep 82
num of flexible agents: 7
num of flexible tasks: 145
Solving time: 0.000343206 seconds
plan limit 980
current timestep 83
num of flexible agents: 9
num of flexible tasks: 147
Solving time: 0.000305327 seconds
plan limit 980
current timestep 84
num of flexible agents: 5
num of flexible tasks: 146
Solving time: 0.000332399 seconds
plan limit 980
current timestep 85
num of flexible agents: 7
num of flexible tasks: 149
Solving time: 0.000308095 seconds
plan limit 980
current timestep 86
num of flexible agents: 7
num of flexible tasks: 151
Solving time: 0.000299623 seconds
plan limit 980
current timestep 87
num of flexible agents: 7
num of flexible tasks: 152
Solving time: 0.000330443 seconds
plan limit 980
current timestep 88
num of flexible agents: 5
num of flexible tasks: 153
Solving time: 0.000302123 seconds
plan limit 980
current timestep 89
num of flexible agents: 5
num of flexible tasks: 155
Solving time: 0.000308192 seconds
plan limit 980
current timestep 90
num of flexible agents: 8
num of flexible tasks: 157
Solving time: 0.000332487 seconds
plan limit 980
current timestep 91
num of flexible agents: 4
num of flexible tasks: 156
Solving time: 0.000944379 seconds
plan limit 979
current timestep 92
num of flexible agents: 3
num of flexible tasks: 159
Solving time: 0.000817425 seconds
plan limit 980
current timestep 93
num of flexible agents: 4
num of flexible tasks: 163
Solving time: 0.000840885 seconds
plan limit 979
current timestep 94
num of flexible agents: 5
num of flexible tasks: 166
Solving time: 0.000804354 seconds
plan limit 979
current timestep 95
num of flexible agents: 4
num of flexible tasks: 168
Solving time: 0.000817903 seconds
plan limit 979
current timestep 96
num of flexible agents: 5
num of flexible tasks: 171
Solving time: 0.000814343 seconds
plan limit 979
current timestep 97
num of flexible agents: 3
num of flexible tasks: 172
Solving time: 0.000776477 seconds
plan limit 980
current timestep 98
num of flexible agents: 2
num of flexible tasks: 175
Solving time: 0.000708356 seconds
plan limit 980
current timestep 99
num of flexible agents: 6
num of flexible tasks: 179
Solving time: 0.000336565 seconds
plan limit 980
current timestep 100
num of flexible agents: 11
num of flexible tasks: 178
Solving time: 0.000374745 seconds
plan limit 980
current timestep 101
num of flexible agents: 10
num of flexible tasks: 173
Solving time: 0.000319016 seconds
plan limit 980
current timestep 102
num of flexible agents: 7
num of flexible tasks: 167
Solving time: 0.000327998 seconds
plan limit 980
current timestep 103
num of flexible agents: 9
num of flexible tasks: 165
Solving time: 0.000320783 seconds
plan limit 980
current timestep 104
num of flexible agents: 6
num of flexible tasks: 161
Solving time: 0.000306588 seconds
plan limit 980
current timestep 105
num of flexible agents: 10
num of flexible tasks: 159
Solving time: 0.000309981 seconds
plan limit 980
current timestep 106
num of flexible agents: 8
num of flexible tasks: 154
Solving time: 0.000323589 seconds
plan limit 980
current timestep 107
num of flexible agents: 6
num of flexible tasks: 149
Solving time: 0.000321164 seconds
plan limit 980
current timestep 108
num of flexible agents: 7
num of flexible tasks: 147
Solving time: 0.000318352 seconds
plan limit 980
current timestep 109
num of flexible agents: 7
num of flexible tasks: 144
Solving time: 0.000356088 seconds
plan limit 980
current timestep 110
num of flexible agents: 7
num of flexible tasks: 142
Solving time: 0.000310077 seconds
plan limit 980
current timestep 111
num of flexible agents: 9
num of flexible tasks: 138
Solving time: 0.000307273 seconds
plan limit 980
current timestep 112
num of flexible agents: 10
num of flexible tasks: 135
Solving time: 0.000312348 seconds
plan limit 980
current timestep 113
num of flexible agents: 7
num of flexible tasks: 128
Solving time: 0.000332627 seconds
plan limit 980
current timestep 114
num of flexible agents: 9
num of flexible tasks: 125
Solving time: 0.000309871 seconds
plan limit 980
current timestep 115
num of flexible agents: 10
num of flexible tasks: 122
Solving time: 0.000288977 seconds
plan limit 980
current timestep 116
num of flexible agents: 9
num of flexible tasks: 118
Solving time: 0.000302572 seconds
plan limit 980
current timestep 117
num of flexible agents: 10
num of flexible tasks: 116
Solving time: 0.000300134 seconds
plan limit 980
current timestep 118
num of flexible agents: 4
num of flexible tasks: 109
Solving time: 0.000826011 seconds
plan limit 979
current timestep 119
num of flexible agents: 5
num of flexible tasks: 107
Solving time: 0.000263032 seconds
plan limit 980
current timestep 120
num of flexible agents: 6
num of flexible tasks: 106
Solving time: 0.000306158 seconds
plan limit 980
current timestep 121
num of flexible agents: 8
num of flexible tasks: 106
Solving time: 0.000277185 seconds
plan limit 980
current timestep 122
num of flexible agents: 12
num of flexible tasks: 104
Solving time: 0.000311083 seconds
plan limit 980
current timestep 123
num of flexible agents: 11
num of flexible tasks: 101
Solving time: 0.00031995 seconds
plan limit 980
current timestep 124
num of flexible agents: 11
num of flexible tasks: 97
Solving time: 0.000310995 seconds
plan limit 980
current timestep 125
num of flexible agents: 8
num of flexible tasks: 93
Solving time: 0.00032302 seconds
plan limit 980
current timestep 126
num of flexible agents: 12
num of flexible tasks: 92
Solving time: 0.000309376 seconds
plan limit 980
current timestep 127
num of flexible agents: 13
num of flexible tasks: 90
Solving time: 0.000359821 seconds
plan limit 980
current timestep 128
num of flexible agents: 14
num of flexible tasks: 88
Solving time: 0.000340384 seconds
plan limit 980
current timestep 129
num of flexible agents: 14
num of flexible tasks: 86
Solving time: 0.000326247 seconds
plan limit 980
current timestep 130
num of flexible agents: 14
num of flexible tasks: 83
Solving time: 0.000320523 seconds
plan limit 980
current timestep 131
num of flexible agents: 15
num of flexible tasks: 78
Solving time: 0.00036064 seconds
plan limit 980
current timestep 132
num of flexible agents: 22
num of flexible tasks: 76
Solving time: 0.000320253 seconds
plan limit 980
current timestep 133
num of flexible agents: 19
num of flexible tasks: 71
Solving time: 0.000323535 seconds
plan limit 980
current timestep 134
num of flexible agents: 19
num of flexible tasks: 68
Solving time: 0.000324361 seconds
plan limit 980
current timestep 135
num of flexible agents: 15
num of flexible tasks: 62
Solving time: 0.00036888 seconds
plan limit 980
current timestep 136
num of flexible agents: 12
num of flexible tasks: 57
Solving time: 0.000322281 seconds
plan limit 980
current timestep 137
num of flexible agents: 12
num of flexible tasks: 54
Solving time: 0.000348474 seconds
plan limit 980
current timestep 138
num of flexible agents: 13
num of flexible tasks: 51
Solving time: 0.000339738 seconds
plan limit 980
current timestep 139
num of flexible agents: 17
num of flexible tasks: 51
Solving time: 0.000350065 seconds
plan limit 980
current timestep 140
num of flexible agents: 15
num of flexible tasks: 47
Solving time: 0.000418064 seconds
plan limit 980
current timestep 141
num of flexible agents: 17
num of flexible tasks: 46
Solving time: 0.000425836 seconds
plan limit 980
current timestep 142
num of flexible agents: 16
num of flexible tasks: 43
Solving time: 0.000359664 seconds
plan limit 980
current timestep 143
num of flexible agents: 17
num of flexible tasks: 42
Solving time: 0.000423147 seconds
plan limit 980
current timestep 144
num of flexible agents: 16
num of flexible tasks: 41
Solving time: 0.000390313 seconds
plan limit 980
current timestep 145
num of flexible agents: 18
num of flexible tasks: 40
Solving time: 0.000466683 seconds
plan limit 980
current timestep 146
num of flexible agents: 20
num of flexible tasks: 40
Solving time: 0.00043864 seconds
plan limit 980
current timestep 147
num of flexible agents: 19
num of flexible tasks: 37
Solving time: 0.000449039 seconds
plan limit 980
current timestep 148
num of flexible agents: 21
num of flexible tasks: 35
Solving time: 0.000436007 seconds
plan limit 980
current timestep 149
num of flexible agents: 23
num of flexible tasks: 35
Solving time: 0.000437994 seconds
plan limit 980
current timestep 150
num of flexible agents: 24
num of flexible tasks: 33
Solving time: 0.000471327 seconds
plan limit 980
current timestep 151
num of flexible agents: 24
num of flexible tasks: 31
Solving time: 0.000492887 seconds
plan limit 980
current timestep 152
num of flexible agents: 23
num of flexible tasks: 28
Solving time: 0.000513318 seconds
plan limit 980
current timestep 153
num of flexible agents: 21
num of flexible tasks: 24
Solving time: 0.000442101 seconds
plan limit 980
current timestep 154
num of flexible agents: 24
num of flexible tasks: 22
Solving time: 0.000455148 seconds
plan limit 980
current timestep 155
num of flexible agents: 28
num of flexible tasks: 22
Solving time: 0.000422801 seconds
plan limit 980
current timestep 156
num of flexible agents: 33
num of flexible tasks: 21
Solving time: 0.000388885 seconds
plan limit 980
current timestep 157
num of flexible agents: 33
num of flexible tasks: 19
Solving time: 0.000418455 seconds
plan limit 980
current timestep 158
num of flexible agents: 38
num of flexible tasks: 19
Solving time: 0.000381271 seconds
plan limit 980
current timestep 159
num of flexible agents: 37
num of flexible tasks: 16
Solving time: 0.000349668 seconds
plan limit 980
current timestep 160
num of flexible agents: 39
num of flexible tasks: 13
Solving time: 0.000245975 seconds
plan limit 980
current timestep 161
num of flexible agents: 42
num of flexible tasks: 12
Solving time: 0.000345213 seconds
plan limit 980
current timestep 162
num of flexible agents: 41
num of flexible tasks: 11
Solving time: 0.000263014 seconds
plan limit 980
current timestep 163
num of flexible agents: 41
num of flexible tasks: 10
Solving time: 0.000268332 seconds
plan limit 980
current timestep 164
num of flexible agents: 43
num of flexible tasks: 8
Solving time: 0.000295344 seconds
plan limit 980
current timestep 165
num of flexible agents: 42
num of flexible tasks: 6
Solving time: 0.000251099 seconds
plan limit 980
current timestep 166
num of flexible agents: 41
num of flexible tasks: 5
Solving time: 0.000253955 seconds
plan limit 980
current timestep 167
num of flexible agents: 46
num of flexible tasks: 5
Solving time: 0.000243483 seconds
plan limit 980
current timestep 168
num of flexible agents: 46
num of flexible tasks: 4
Solving time: 0.000255491 seconds
plan limit 980
current timestep 169
num of flexible agents: 45
num of flexible tasks: 2
Solving time: 0.000807721 seconds
plan limit 980
current timestep 170
num of flexible agents: 46
num of flexible tasks: 2
Solving time: 0.000827823 seconds
plan limit 980
current timestep 171
num of flexible agents: 48
num of flexible tasks: 1
Solving time: 0.000187291 seconds
plan limit 980
current timestep 172
num of flexible agents: 50
num of flexible tasks: 0
Solving time: 0.000188797 seconds
plan limit 980
current timestep 173
num of flexible agents: 50
num of flexible tasks: 0
Solving time: 0.000200328 seconds
plan limit 980
current timestep 174
num of flexible agents: 51
num of flexible tasks: 0
Solving time: 0.000196333 seconds
plan limit 980
current timestep 175
num of flexible agents: 52
num of flexible tasks: 0
Solving time: 0.000218247 seconds
plan limit 980
current timestep 176
num of flexible agents: 52
num of flexible tasks: 0
Solving time: 0.000201883 seconds
plan limit 980
current timestep 177
num of flexible agents: 53
num of flexible tasks: 0
Solving time: 0.00020923 seconds
plan limit 980
current timestep 178
num of flexible agents: 54
num of flexible tasks: 0
Solving time: 0.000220971 seconds
plan limit 980
current timestep 179
num of flexible agents: 55
num of flexible tasks: 0
Solving time: 0.000192809 seconds
plan limit 980
current timestep 180
num of flexible agents: 57
num of flexible tasks: 0
Solving time: 0.000197397 seconds
plan limit 980
current timestep 181
num of flexible agents: 59
num of flexible tasks: 0
Solving time: 0.000197782 seconds
plan limit 980
current timestep 182
num of flexible agents: 61
num of flexible tasks: 0
Solving time: 0.000197455 seconds
plan limit 980
current timestep 183
num of flexible agents: 63
num of flexible tasks: 0
Solving time: 0.000219207 seconds
plan limit 980
current timestep 184
num of flexible agents: 63
num of flexible tasks: 0
Solving time: 0.000205296 seconds
plan limit 980
current timestep 185
num of flexible agents: 63
num of flexible tasks: 0
Solving time: 0.000233358 seconds
plan limit 980
current timestep 186
num of flexible agents: 65
num of flexible tasks: 0
Solving time: 0.000230774 seconds
plan limit 980
current timestep 187
num of flexible agents: 69
num of flexible tasks: 0
Solving time: 0.000198105 seconds
plan limit 980
current timestep 188
num of flexible agents: 69
num of flexible tasks: 0
Solving time: 0.000228375 seconds
plan limit 980
current timestep 189
num of flexible agents: 70
num of flexible tasks: 0
Solving time: 0.00022962 seconds
plan limit 980
current timestep 190
num of flexible agents: 73
num of flexible tasks: 0
Solving time: 0.000233165 seconds
plan limit 980
current timestep 191
num of flexible agents: 76
num of flexible tasks: 0
Solving time: 0.000236696 seconds
plan limit 980
current timestep 192
num of flexible agents: 76
num of flexible tasks: 0
Solving time: 0.000195361 seconds
plan limit 980
current timestep 193
num of flexible agents: 76
num of flexible tasks: 0
Solving time: 0.000192166 seconds
plan limit 980
current timestep 194
num of flexible agents: 77
num of flexible tasks: 0
Solving time: 0.000238094 seconds
plan limit 980
current timestep 195
num of flexible agents: 78
num of flexible tasks: 0
Solving time: 0.000210658 seconds
plan limit 980
current timestep 196
num of flexible agents: 78
num of flexible tasks: 0
Solving time: 0.000203451 seconds
plan limit 980
current timestep 197
num of flexible agents: 78
num of flexible tasks: 0
Solving time: 0.000220977 seconds
plan limit 980
current timestep 198
num of flexible agents: 79
num of flexible tasks: 0
Solving time: 0.000205499 seconds
plan limit 980
current timestep 199
num of flexible agents: 79
num of flexible tasks: 0
Solving time: 0.000215404 seconds
plan limit 980
current timestep 200
num of flexible agents: 79
num of flexible tasks: 0
Solving time: 0.000246081 seconds
plan limit 980
All tasks finished at timestep 201
