current timestep 0
num of flexible agents: 80
num of flexible tasks: 5
Solving time: 0.000312217 seconds
plan limit 980
current timestep 1
num of flexible agents: 79
num of flexible tasks: 9
Solving time: 0.000380203 seconds
plan limit 980
current timestep 2
num of flexible agents: 76
num of flexible tasks: 11
Solving time: 0.00038523 seconds
plan limit 980
current timestep 3
num of flexible agents: 75
num of flexible tasks: 15
Solving time: 0.000374578 seconds
plan limit 980
current timestep 4
num of flexible agents: 71
num of flexible tasks: 16
Solving time: 0.000377128 seconds
plan limit 980
current timestep 5
num of flexible agents: 70
num of flexible tasks: 20
Solving time: 0.000387956 seconds
plan limit 980
current timestep 6
num of flexible agents: 67
num of flexible tasks: 22
Solving time: 0.000408437 seconds
plan limit 980
current timestep 7
num of flexible agents: 66
num of flexible tasks: 26
Solving time: 0.000423405 seconds
plan limit 980
current timestep 8
num of flexible agents: 62
num of flexible tasks: 26
Solving time: 0.000432711 seconds
plan limit 980
current timestep 9
num of flexible agents: 60
num of flexible tasks: 29
Solving time: 0.000489076 seconds
plan limit 980
current timestep 10
num of flexible agents: 57
num of flexible tasks: 30
Solving time: 0.000459587 seconds
plan limit 980
current timestep 11
num of flexible agents: 53
num of flexible tasks: 31
Solving time: 0.00043579 seconds
plan limit 980
current timestep 12
num of flexible agents: 54
num of flexible tasks: 36
Solving time: 0.000531701 seconds
plan limit 980
current timestep 13
num of flexible agents: 48
num of flexible tasks: 35
Solving time: 0.000479224 seconds
plan limit 980
current timestep 14
num of flexible agents: 47
num of flexible tasks: 37
Solving time: 0.000482714 seconds
plan limit 980
current timestep 15
num of flexible agents: 44
num of flexible tasks: 39
Solving time: 0.00051138 seconds
plan limit 980
current timestep 16
num of flexible agents: 40
num of flexible tasks: 40
Solving time: 0.00049696 seconds
plan limit 980
current timestep 17
num of flexible agents: 35
num of flexible tasks: 40
Solving time: 0.000483611 seconds
plan limit 980
current timestep 18
num of flexible agents: 31
num of flexible tasks: 41
Solving time: 0.000443558 seconds
plan limit 980
current timestep 19
num of flexible agents: 28
num of flexible tasks: 41
Solving time: 0.000460049 seconds
plan limit 980
current timestep 20
num of flexible agents: 24
num of flexible tasks: 40
Solving time: 0.000341391 seconds
plan limit 980
current timestep 21
num of flexible agents: 18
num of flexible tasks: 39
Solving time: 0.000375537 seconds
plan limit 980
current timestep 22
num of flexible agents: 16
num of flexible tasks: 41
Solving time: 0.000337286 seconds
plan limit 980
current timestep 23
num of flexible agents: 14
num of flexible tasks: 42
Solving time: 0.000278938 seconds
plan limit 980
current timestep 24
num of flexible agents: 13
num of flexible tasks: 45
Solving time: 0.000291965 seconds
plan limit 980
current timestep 25
num of flexible agents: 7
num of flexible tasks: 43
Solving time: 0.000318655 seconds
plan limit 980
current timestep 26
num of flexible agents: 8
num of flexible tasks: 47
Solving time: 0.000300374 seconds
plan limit 980
current timestep 27
num of flexible agents: 11
num of flexible tasks: 50
Solving time: 0.000326107 seconds
plan limit 980
current timestep 28
num of flexible agents: 11
num of flexible tasks: 52
Solving time: 0.000302415 seconds
plan limit 980
current timestep 29
num of flexible agents: 7
num of flexible tasks: 51
Solving time: 0.000307823 seconds
plan limit 980
current timestep 30
num of flexible agents: 9
num of flexible tasks: 56
Solving time: 0.000291571 seconds
plan limit 980
current timestep 31
num of flexible agents: 9
num of flexible tasks: 59
Solving time: 0.000307084 seconds
plan limit 980
current timestep 32
num of flexible agents: 10
num of flexible tasks: 61
Solving time: 0.000276504 seconds
plan limit 980
current timestep 33
num of flexible agents: 8
num of flexible tasks: 61
Solving time: 0.000286948 seconds
plan limit 980
current timestep 34
num of flexible agents: 8
num of flexible tasks: 61
Solving time: 0.000287617 seconds
plan limit 980
current timestep 35
num of flexible agents: 11
num of flexible tasks: 65
Solving time: 0.000281681 seconds
plan limit 980
current timestep 36
num of flexible agents: 8
num of flexible tasks: 63
Solving time: 0.000293033 seconds
plan limit 980
current timestep 37
num of flexible agents: 9
num of flexible tasks: 66
Solving time: 0.000298041 seconds
plan limit 980
current timestep 38
num of flexible agents: 9
num of flexible tasks: 67
Solving time: 0.000305355 seconds
plan limit 980
current timestep 39
num of flexible agents: 9
num of flexible tasks: 68
Solving time: 0.000293374 seconds
plan limit 980
current timestep 40
num of flexible agents: 7
num of flexible tasks: 69
Solving time: 0.000278828 seconds
plan limit 980
current timestep 41
num of flexible agents: 6
num of flexible tasks: 71
Solving time: 0.000311042 seconds
plan limit 980
current timestep 42
num of flexible agents: 5
num of flexible tasks: 73
Solving time: 0.000306825 seconds
plan limit 980
current timestep 43
num of flexible agents: 7
num of flexible tasks: 75
Solving time: 0.000275977 seconds
plan limit 980
current timestep 44
num of flexible agents: 7
num of flexible tasks: 76
Solving time: 0.000338736 seconds
plan limit 980
current timestep 45
num of flexible agents: 7
num of flexible tasks: 79
Solving time: 0.00029097 seconds
plan limit 980
current timestep 46
num of flexible agents: 6
num of flexible tasks: 81
Solving time: 0.000301509 seconds
plan limit 980
current timestep 47
num of flexible agents: 5
num of flexible tasks: 82
Solving time: 0.000314562 seconds
plan limit 980
current timestep 48
num of flexible agents: 8
num of flexible tasks: 86
Solving time: 0.000300456 seconds
plan limit 980
current timestep 49
num of flexible agents: 8
num of flexible tasks: 89
Solving time: 0.000284175 seconds
plan limit 980
current timestep 50
num of flexible agents: 7
num of flexible tasks: 90
Solving time: 0.000286016 seconds
plan limit 980
current timestep 51
num of flexible agents: 9
num of flexible tasks: 93
Solving time: 0.000284408 seconds
plan limit 980
current timestep 52
num of flexible agents: 9
num of flexible tasks: 95
Solving time: 0.000324343 seconds
plan limit 980
current timestep 53
num of flexible agents: 5
num of flexible tasks: 94
Solving time: 0.00029802 seconds
plan limit 980
current timestep 54
num of flexible agents: 7
num of flexible tasks: 97
Solving time: 0.000332459 seconds
plan limit 980
current timestep 55
num of flexible agents: 9
num of flexible tasks: 101
Solving time: 0.000309629 seconds
plan limit 980
current timestep 56
num of flexible agents: 9
num of flexible tasks: 102
Solving time: 0.000300319 seconds
plan limit 980
current timestep 57
num of flexible agents: 12
num of flexible tasks: 105
Solving time: 0.000341694 seconds
plan limit 980
current timestep 58
num of flexible agents: 9
num of flexible tasks: 102
Solving time: 0.000301533 seconds
plan limit 980
current timestep 59
num of flexible agents: 8
num of flexible tasks: 105
Solving time: 0.000302693 seconds
plan limit 980
current timestep 60
num of flexible agents: 13
num of flexible tasks: 109
Solving time: 0.000308802 seconds
plan limit 980
current timestep 61
num of flexible agents: 7
num of flexible tasks: 106
Solving time: 0.000265629 seconds
plan limit 980
current timestep 62
num of flexible agents: 4
num of flexible tasks: 106
Solving time: 0.000288508 seconds
plan limit 980
current timestep 63
num of flexible agents: 4
num of flexible tasks: 108
Solving time: 0.000299825 seconds
plan limit 980
current timestep 64
num of flexible agents: 4
num of flexible tasks: 111
Solving time: 0.000266152 seconds
plan limit 980
current timestep 65
num of flexible agents: 6
num of flexible tasks: 115
Solving time: 0.000281176 seconds
plan limit 980
current timestep 66
num of flexible agents: 8
num of flexible tasks: 118
Solving time: 0.000328121 seconds
plan limit 980
current timestep 67
num of flexible agents: 9
num of flexible tasks: 119
Solving time: 0.00029062 seconds
plan limit 980
current timestep 68
num of flexible agents: 10
num of flexible tasks: 121
Solving time: 0.000273148 seconds
plan limit 980
current timestep 69
num of flexible agents: 11
num of flexible tasks: 122
Solving time: 0.000325775 seconds
plan limit 980
current timestep 70
num of flexible agents: 13
num of flexible tasks: 124
Solving time: 0.000285365 seconds
plan limit 980
current timestep 71
num of flexible agents: 10
num of flexible tasks: 121
Solving time: 0.000291294 seconds
plan limit 980
current timestep 72
num of flexible agents: 12
num of flexible tasks: 120
Solving time: 0.000337671 seconds
plan limit 980
current timestep 73
num of flexible agents: 3
num of flexible tasks: 115
Solving time: 0.00081261 seconds
plan limit 980
current timestep 74
num of flexible agents: 7
num of flexible tasks: 119
Solving time: 0.000330926 seconds
plan limit 980
current timestep 75
num of flexible agents: 7
num of flexible tasks: 120
Solving time: 0.000285914 seconds
plan limit 980
current timestep 76
num of flexible agents: 5
num of flexible tasks: 123
Solving time: 0.000295066 seconds
plan limit 980
current timestep 77
num of flexible agents: 6
num of flexible tasks: 127
Solving time: 0.000330755 seconds
plan limit 980
current timestep 78
num of flexible agents: 4
num of flexible tasks: 129
Solving time: 0.000285171 seconds
plan limit 980
current timestep 79
num of flexible agents: 2
num of flexible tasks: 131
Solving time: 0.000777337 seconds
plan limit 980
current timestep 80
num of flexible agents: 5
num of flexible tasks: 135
Solving time: 0.000328582 seconds
plan limit 980
current timestep 81
num of flexible agents: 5
num of flexible tasks: 138
Solving time: 0.000248202 seconds
plan limit 980
current timestep 82
num of flexible agents: 7
num of flexible tasks: 140
Solving time: 0.000294572 seconds
plan limit 980
current timestep 83
num of flexible agents: 10
num of flexible tasks: 143
Solving time: 0.000329489 seconds
plan limit 980
current timestep 84
num of flexible agents: 10
num of flexible tasks: 145
Solving time: 0.000334463 seconds
plan limit 980
current timestep 85
num of flexible agents: 7
num of flexible tasks: 146
Solving time: 0.000291899 seconds
plan limit 980
current timestep 86
num of flexible agents: 15
num of flexible tasks: 151
Solving time: 0.000330392 seconds
plan limit 980
current timestep 87
num of flexible agents: 13
num of flexible tasks: 151
Solving time: 0.000338372 seconds
plan limit 980
current timestep 88
num of flexible agents: 3
num of flexible tasks: 146
Solving time: 0.000951982 seconds
plan limit 979
current timestep 89
num of flexible agents: 4
num of flexible tasks: 149
Solving time: 0.000892443 seconds
plan limit 979
current timestep 90
num of flexible agents: 2
num of flexible tasks: 151
Solving time: 0.000765695 seconds
plan limit 980
current timestep 91
num of flexible agents: 5
num of flexible tasks: 155
Solving time: 0.000886607 seconds
plan limit 979
current timestep 92
num of flexible agents: 5
num of flexible tasks: 156
Solving time: 0.000859593 seconds
plan limit 979
current timestep 93
num of flexible agents: 3
num of flexible tasks: 157
Solving time: 0.000897151 seconds
plan limit 979
current timestep 94
num of flexible agents: 3
num of flexible tasks: 160
Solving time: 0.000822728 seconds
plan limit 979
current timestep 95
num of flexible agents: 6
num of flexible tasks: 164
Solving time: 0.000288203 seconds
plan limit 980
current timestep 96
num of flexible agents: 6
num of flexible tasks: 167
Solving time: 0.000313311 seconds
plan limit 980
current timestep 97
num of flexible agents: 9
num of flexible tasks: 169
Solving time: 0.000297038 seconds
plan limit 980
current timestep 98
num of flexible agents: 4
num of flexible tasks: 167
Solving time: 0.000876537 seconds
plan limit 979
current timestep 99
num of flexible agents: 5
num of flexible tasks: 171
Solving time: 0.000902937 seconds
plan limit 979
current timestep 100
num of flexible agents: 5
num of flexible tasks: 166
Solving time: 0.000904654 seconds
plan limit 979
current timestep 101
num of flexible agents: 3
num of flexible tasks: 161
Solving time: 0.000777547 seconds
plan limit 980
current timestep 102
num of flexible agents: 1
num of flexible tasks: 158
Solving time: 0.000747207 seconds
plan limit 980
current timestep 103
num of flexible agents: 3
num of flexible tasks: 158
Solving time: 0.000810321 seconds
plan limit 980
current timestep 104
num of flexible agents: 6
num of flexible tasks: 156
Solving time: 0.000273887 seconds
plan limit 980
current timestep 105
num of flexible agents: 6
num of flexible tasks: 152
Solving time: 0.000282569 seconds
plan limit 980
current timestep 106
num of flexible agents: 3
num of flexible tasks: 147
Solving time: 0.000785753 seconds
plan limit 980
current timestep 107
num of flexible agents: 6
num of flexible tasks: 145
Solving time: 0.000278896 seconds
plan limit 980
current timestep 108
num of flexible agents: 8
num of flexible tasks: 142
Solving time: 0.000302532 seconds
plan limit 980
current timestep 109
num of flexible agents: 3
num of flexible tasks: 136
Solving time: 0.000782615 seconds
plan limit 980
current timestep 110
num of flexible agents: 7
num of flexible tasks: 134
Solving time: 0.000305888 seconds
plan limit 980
current timestep 111
num of flexible agents: 6
num of flexible tasks: 131
Solving time: 0.000324452 seconds
plan limit 980
current timestep 112
num of flexible agents: 9
num of flexible tasks: 130
Solving time: 0.000299646 seconds
plan limit 980
current timestep 113
num of flexible agents: 11
num of flexible tasks: 128
Solving time: 0.0003234 seconds
plan limit 980
current timestep 114
num of flexible agents: 11
num of flexible tasks: 123
Solving time: 0.000315643 seconds
plan limit 980
current timestep 115
num of flexible agents: 12
num of flexible tasks: 119
Solving time: 0.000321116 seconds
plan limit 980
current timestep 116
num of flexible agents: 9
num of flexible tasks: 114
Solving time: 0.000337204 seconds
plan limit 980
current timestep 117
num of flexible agents: 11
num of flexible tasks: 113
Solving time: 0.000322944 seconds
plan limit 980
current timestep 118
num of flexible agents: 11
num of flexible tasks: 110
Solving time: 0.000315811 seconds
plan limit 980
current timestep 119
num of flexible agents: 14
num of flexible tasks: 108
Solving time: 0.000306526 seconds
plan limit 980
current timestep 120
num of flexible agents: 14
num of flexible tasks: 103
Solving time: 0.000289389 seconds
plan limit 980
current timestep 121
num of flexible agents: 14
num of flexible tasks: 100
Solving time: 0.000335905 seconds
plan limit 980
current timestep 122
num of flexible agents: 17
num of flexible tasks: 98
Solving time: 0.000309654 seconds
plan limit 980
current timestep 123
num of flexible agents: 13
num of flexible tasks: 90
Solving time: 0.000280758 seconds
plan limit 980
current timestep 124
num of flexible agents: 10
num of flexible tasks: 86
Solving time: 0.000293894 seconds
plan limit 980
current timestep 125
num of flexible agents: 9
num of flexible tasks: 82
Solving time: 0.000320134 seconds
plan limit 980
current timestep 126
num of flexible agents: 10
num of flexible tasks: 80
Solving time: 0.000290157 seconds
plan limit 980
current timestep 127
num of flexible agents: 10
num of flexible tasks: 77
Solving time: 0.000305713 seconds
plan limit 980
current timestep 128
num of flexible agents: 9
num of flexible tasks: 75
Solving time: 0.000300247 seconds
plan limit 980
current timestep 129
num of flexible agents: 11
num of flexible tasks: 73
Solving time: 0.000302169 seconds
plan limit 980
current timestep 130
num of flexible agents: 12
num of flexible tasks: 72
Solving time: 0.0003202 seconds
plan limit 980
current timestep 131
num of flexible agents: 11
num of flexible tasks: 67
Solving time: 0.000327565 seconds
plan limit 980
current timestep 132
num of flexible agents: 11
num of flexible tasks: 64
Solving time: 0.000306442 seconds
plan limit 980
current timestep 133
num of flexible agents: 14
num of flexible tasks: 64
Solving time: 0.000361452 seconds
plan limit 980
current timestep 134
num of flexible agents: 16
num of flexible tasks: 63
Solving time: 0.000394907 seconds
plan limit 980
current timestep 135
num of flexible agents: 20
num of flexible tasks: 61
Solving time: 0.000414922 seconds
plan limit 980
current timestep 136
num of flexible agents: 22
num of flexible tasks: 60
Solving time: 0.000394458 seconds
plan limit 980
current timestep 137
num of flexible agents: 20
num of flexible tasks: 55
Solving time: 0.000383913 seconds
plan limit 980
current timestep 138
num of flexible agents: 15
num of flexible tasks: 50
Solving time: 0.000384353 seconds
plan limit 980
current timestep 139
num of flexible agents: 17
num of flexible tasks: 50
Solving time: 0.000405726 seconds
plan limit 980
current timestep 140
num of flexible agents: 17
num of flexible tasks: 46
Solving time: 0.000411286 seconds
plan limit 980
current timestep 141
num of flexible agents: 22
num of flexible tasks: 46
Solving time: 0.000397656 seconds
plan limit 980
current timestep 142
num of flexible agents: 22
num of flexible tasks: 43
Solving time: 0.000470881 seconds
plan limit 980
current timestep 143
num of flexible agents: 24
num of flexible tasks: 43
Solving time: 0.00050233 seconds
plan limit 980
current timestep 144
num of flexible agents: 23
num of flexible tasks: 40
Solving time: 0.000474929 seconds
plan limit 980
current timestep 145
num of flexible agents: 29
num of flexible tasks: 39
Solving time: 0.000590333 seconds
plan limit 980
current timestep 146
num of flexible agents: 31
num of flexible tasks: 38
Solving time: 0.000560745 seconds
plan limit 980
current timestep 147
num of flexible agents: 32
num of flexible tasks: 37
Solving time: 0.000563464 seconds
plan limit 980
current timestep 148
num of flexible agents: 33
num of flexible tasks: 36
Solving time: 0.000571702 seconds
plan limit 980
current timestep 149
num of flexible agents: 34
num of flexible tasks: 35
Solving time: 0.000565131 seconds
plan limit 980
current timestep 150
num of flexible agents: 33
num of flexible tasks: 31
Solving time: 0.000506774 seconds
plan limit 980
current timestep 151
num of flexible agents: 34
num of flexible tasks: 28
Solving time: 0.000487296 seconds
plan limit 980
current timestep 152
num of flexible agents: 36
num of flexible tasks: 27
Solving time: 0.000463786 seconds
plan limit 980
current timestep 153
num of flexible agents: 39
num of flexible tasks: 26
Solving time: 0.000438367 seconds
plan limit 980
current timestep 154
num of flexible agents: 39
num of flexible tasks: 24
Solving time: 0.000402553 seconds
plan limit 980
current timestep 155
num of flexible agents: 39
num of flexible tasks: 24
Solving time: 0.000350888 seconds
plan limit 980
current timestep 156
num of flexible agents: 40
num of flexible tasks: 23
Solving time: 0.000359269 seconds
plan limit 980
current timestep 157
num of flexible agents: 43
num of flexible tasks: 22
Solving time: 0.000324335 seconds
plan limit 980
current timestep 158
num of flexible agents: 41
num of flexible tasks: 18
Solving time: 0.000319736 seconds
plan limit 980
current timestep 159
num of flexible agents: 41
num of flexible tasks: 17
Solving time: 0.00033833 seconds
plan limit 980
current timestep 160
num of flexible agents: 43
num of flexible tasks: 15
Solving time: 0.000326617 seconds
plan limit 980
current timestep 161
num of flexible agents: 42
num of flexible tasks: 12
Solving time: 0.000304543 seconds
plan limit 980
current timestep 162
num of flexible agents: 40
num of flexible tasks: 10
Solving time: 0.000269617 seconds
plan limit 980
current timestep 163
num of flexible agents: 42
num of flexible tasks: 9
Solving time: 0.00027688 seconds
plan limit 980
current timestep 164
num of flexible agents: 42
num of flexible tasks: 9
Solving time: 0.000261464 seconds
plan limit 980
current timestep 165
num of flexible agents: 43
num of flexible tasks: 8
Solving time: 0.000253951 seconds
plan limit 980
current timestep 166
num of flexible agents: 44
num of flexible tasks: 6
Solving time: 0.000241686 seconds
plan limit 980
current timestep 167
num of flexible agents: 46
num of flexible tasks: 6
Solving time: 0.000219054 seconds
plan limit 980
current timestep 168
num of flexible agents: 47
num of flexible tasks: 4
Solving time: 0.000220355 seconds
plan limit 980
current timestep 169
num of flexible agents: 49
num of flexible tasks: 4
Solving time: 0.000228178 seconds
plan limit 980
current timestep 170
num of flexible agents: 51
num of flexible tasks: 3
Solving time: 0.000225937 seconds
plan limit 980
current timestep 171
num of flexible agents: 51
num of flexible tasks: 1
Solving time: 0.000197595 seconds
plan limit 980
current timestep 172
num of flexible agents: 51
num of flexible tasks: 1
Solving time: 0.000197001 seconds
plan limit 980
current timestep 173
num of flexible agents: 51
num of flexible tasks: 1
Solving time: 0.000209619 seconds
plan limit 980
current timestep 174
num of flexible agents: 53
num of flexible tasks: 1
Solving time: 0.000201622 seconds
plan limit 980
current timestep 175
num of flexible agents: 54
num of flexible tasks: 0
Solving time: 0.000218329 seconds
plan limit 980
current timestep 176
num of flexible agents: 54
num of flexible tasks: 0
Solving time: 0.000226328 seconds
plan limit 980
current timestep 177
num of flexible agents: 56
num of flexible tasks: 0
Solving time: 0.000208619 seconds
plan limit 980
current timestep 178
num of flexible agents: 57
num of flexible tasks: 0
Solving time: 0.000216667 seconds
plan limit 980
current timestep 179
num of flexible agents: 57
num of flexible tasks: 0
Solving time: 0.000214576 seconds
plan limit 980
current timestep 180
num of flexible agents: 60
num of flexible tasks: 0
Solving time: 0.000208642 seconds
plan limit 980
current timestep 181
num of flexible agents: 62
num of flexible tasks: 0
Solving time: 0.000207907 seconds
plan limit 980
current timestep 182
num of flexible agents: 62
num of flexible tasks: 0
Solving time: 0.000229195 seconds
plan limit 980
current timestep 183
num of flexible agents: 63
num of flexible tasks: 0
Solving time: 0.000243956 seconds
plan limit 980
current timestep 184
num of flexible agents: 63
num of flexible tasks: 0
Solving time: 0.000219367 seconds
plan limit 980
current timestep 185
num of flexible agents: 63
num of flexible tasks: 0
Solving time: 0.000225481 seconds
plan limit 980
current timestep 186
num of flexible agents: 63
num of flexible tasks: 0
Solving time: 0.000209608 seconds
plan limit 980
current timestep 187
num of flexible agents: 66
num of flexible tasks: 0
Solving time: 0.000248154 seconds
plan limit 980
current timestep 188
num of flexible agents: 67
num of flexible tasks: 0
Solving time: 0.000211214 seconds
plan limit 980
current timestep 189
num of flexible agents: 69
num of flexible tasks: 0
Solving time: 0.00022201 seconds
plan limit 980
current timestep 190
num of flexible agents: 70
num of flexible tasks: 0
Solving time: 0.000209215 seconds
plan limit 980
current timestep 191
num of flexible agents: 71
num of flexible tasks: 0
Solving time: 0.000227011 seconds
plan limit 980
current timestep 192
num of flexible agents: 72
num of flexible tasks: 0
Solving time: 0.000214291 seconds
plan limit 980
current timestep 193
num of flexible agents: 74
num of flexible tasks: 0
Solving time: 0.000222701 seconds
plan limit 980
current timestep 194
num of flexible agents: 74
num of flexible tasks: 0
Solving time: 0.000231426 seconds
plan limit 980
current timestep 195
num of flexible agents: 74
num of flexible tasks: 0
Solving time: 0.000219565 seconds
plan limit 980
current timestep 196
num of flexible agents: 76
num of flexible tasks: 0
Solving time: 0.000207277 seconds
plan limit 980
current timestep 197
num of flexible agents: 77
num of flexible tasks: 0
Solving time: 0.000234669 seconds
plan limit 980
current timestep 198
num of flexible agents: 77
num of flexible tasks: 0
Solving time: 0.000217221 seconds
plan limit 980
current timestep 199
num of flexible agents: 78
num of flexible tasks: 0
Solving time: 0.000215628 seconds
plan limit 980
current timestep 200
num of flexible agents: 78
num of flexible tasks: 0
Solving time: 0.00024821 seconds
plan limit 980
current timestep 201
num of flexible agents: 78
num of flexible tasks: 0
Solving time: 0.000212952 seconds
plan limit 980
current timestep 202
num of flexible agents: 78
num of flexible tasks: 0
Solving time: 0.000256065 seconds
plan limit 980
current timestep 203
num of flexible agents: 78
num of flexible tasks: 0
Solving time: 0.0002137 seconds
plan limit 980
current timestep 204
num of flexible agents: 78
num of flexible tasks: 0
Solving time: 0.000221958 seconds
plan limit 980
current timestep 205
num of flexible agents: 79
num of flexible tasks: 0
Solving time: 0.000213105 seconds
plan limit 980
current timestep 206
num of flexible agents: 79
num of flexible tasks: 0
Solving time: 0.000239309 seconds
plan limit 980
current timestep 207
num of flexible agents: 79
num of flexible tasks: 0
Solving time: 0.000208696 seconds
plan limit 980
current timestep 208
num of flexible agents: 79
num of flexible tasks: 0
Solving time: 0.000221922 seconds
plan limit 980
current timestep 209
num of flexible agents: 79
num of flexible tasks: 0
Solving time: 0.000212602 seconds
plan limit 980
All tasks finished at timestep 210
