current timestep 0
num of flexible agents: 80
num of flexible tasks: 5
Solving time: 0.000331437 seconds
plan limit 980
current timestep 1
num of flexible agents: 78
num of flexible tasks: 8
Solving time: 0.000330214 seconds
plan limit 980
current timestep 2
num of flexible agents: 78
num of flexible tasks: 13
Solving time: 0.000325647 seconds
plan limit 980
current timestep 3
num of flexible agents: 76
num of flexible tasks: 16
Solving time: 0.000336351 seconds
plan limit 980
current timestep 4
num of flexible agents: 73
num of flexible tasks: 18
Solving time: 0.000369335 seconds
plan limit 980
current timestep 5
num of flexible agents: 71
num of flexible tasks: 21
Solving time: 0.000422594 seconds
plan limit 980
current timestep 6
num of flexible agents: 72
num of flexible tasks: 26
Solving time: 0.000432673 seconds
plan limit 980
current timestep 7
num of flexible agents: 69
num of flexible tasks: 27
Solving time: 0.000413198 seconds
plan limit 980
current timestep 8
num of flexible agents: 65
num of flexible tasks: 28
Solving time: 0.000455461 seconds
plan limit 980
current timestep 9
num of flexible agents: 62
num of flexible tasks: 30
Solving time: 0.000498912 seconds
plan limit 980
current timestep 10
num of flexible agents: 58
num of flexible tasks: 31
Solving time: 0.000452715 seconds
plan limit 980
current timestep 11
num of flexible agents: 54
num of flexible tasks: 32
Solving time: 0.000452041 seconds
plan limit 980
current timestep 12
num of flexible agents: 51
num of flexible tasks: 34
Solving time: 0.000477963 seconds
plan limit 980
current timestep 13
num of flexible agents: 48
num of flexible tasks: 35
Solving time: 0.000478052 seconds
plan limit 980
current timestep 14
num of flexible agents: 45
num of flexible tasks: 37
Solving time: 0.000533918 seconds
plan limit 980
current timestep 15
num of flexible agents: 40
num of flexible tasks: 37
Solving time: 0.000537333 seconds
plan limit 980
current timestep 16
num of flexible agents: 37
num of flexible tasks: 39
Solving time: 0.000509847 seconds
plan limit 980
current timestep 17
num of flexible agents: 29
num of flexible tasks: 36
Solving time: 0.000411496 seconds
plan limit 980
current timestep 18
num of flexible agents: 25
num of flexible tasks: 36
Solving time: 0.000420238 seconds
plan limit 980
current timestep 19
num of flexible agents: 21
num of flexible tasks: 36
Solving time: 0.000354383 seconds
plan limit 980
current timestep 20
num of flexible agents: 18
num of flexible tasks: 37
Solving time: 0.00032839 seconds
plan limit 980
current timestep 21
num of flexible agents: 19
num of flexible tasks: 42
Solving time: 0.000335401 seconds
plan limit 980
current timestep 22
num of flexible agents: 17
num of flexible tasks: 44
Solving time: 0.000329359 seconds
plan limit 980
current timestep 23
num of flexible agents: 15
num of flexible tasks: 46
Solving time: 0.000289919 seconds
plan limit 980
current timestep 24
num of flexible agents: 16
num of flexible tasks: 48
Solving time: 0.000300614 seconds
plan limit 980
current timestep 25
num of flexible agents: 10
num of flexible tasks: 44
Solving time: 0.000299117 seconds
plan limit 980
current timestep 26
num of flexible agents: 14
num of flexible tasks: 48
Solving time: 0.000311666 seconds
plan limit 980
current timestep 27
num of flexible agents: 13
num of flexible tasks: 48
Solving time: 0.000284247 seconds
plan limit 980
current timestep 28
num of flexible agents: 14
num of flexible tasks: 50
Solving time: 0.000303603 seconds
plan limit 980
current timestep 29
num of flexible agents: 9
num of flexible tasks: 50
Solving time: 0.000276155 seconds
plan limit 980
current timestep 30
num of flexible agents: 10
num of flexible tasks: 54
Solving time: 0.000271601 seconds
plan limit 980
current timestep 31
num of flexible agents: 9
num of flexible tasks: 56
Solving time: 0.000300135 seconds
plan limit 980
current timestep 32
num of flexible agents: 9
num of flexible tasks: 59
Solving time: 0.000276679 seconds
plan limit 980
current timestep 33
num of flexible agents: 9
num of flexible tasks: 62
Solving time: 0.000246985 seconds
plan limit 980
current timestep 34
num of flexible agents: 11
num of flexible tasks: 65
Solving time: 0.000274793 seconds
plan limit 980
current timestep 35
num of flexible agents: 11
num of flexible tasks: 67
Solving time: 0.000296033 seconds
plan limit 980
current timestep 36
num of flexible agents: 12
num of flexible tasks: 70
Solving time: 0.000276481 seconds
plan limit 980
current timestep 37
num of flexible agents: 7
num of flexible tasks: 68
Solving time: 0.000286663 seconds
plan limit 980
current timestep 38
num of flexible agents: 11
num of flexible tasks: 70
Solving time: 0.000291647 seconds
plan limit 980
current timestep 39
num of flexible agents: 11
num of flexible tasks: 72
Solving time: 0.000304044 seconds
plan limit 980
current timestep 40
num of flexible agents: 9
num of flexible tasks: 73
Solving time: 0.000287167 seconds
plan limit 980
current timestep 41
num of flexible agents: 9
num of flexible tasks: 76
Solving time: 0.000273302 seconds
plan limit 980
current timestep 42
num of flexible agents: 4
num of flexible tasks: 74
Solving time: 0.000285382 seconds
plan limit 980
current timestep 43
num of flexible agents: 5
num of flexible tasks: 79
Solving time: 0.000256991 seconds
plan limit 980
current timestep 44
num of flexible agents: 4
num of flexible tasks: 80
Solving time: 0.000265933 seconds
plan limit 980
current timestep 45
num of flexible agents: 6
num of flexible tasks: 84
Solving time: 0.000309156 seconds
plan limit 980
current timestep 46
num of flexible agents: 6
num of flexible tasks: 87
Solving time: 0.000293935 seconds
plan limit 980
current timestep 47
num of flexible agents: 8
num of flexible tasks: 90
Solving time: 0.000269336 seconds
plan limit 980
current timestep 48
num of flexible agents: 6
num of flexible tasks: 90
Solving time: 0.000278991 seconds
plan limit 980
current timestep 49
num of flexible agents: 7
num of flexible tasks: 92
Solving time: 0.000320124 seconds
plan limit 980
current timestep 50
num of flexible agents: 9
num of flexible tasks: 95
Solving time: 0.000269655 seconds
plan limit 980
current timestep 51
num of flexible agents: 10
num of flexible tasks: 97
Solving time: 0.000291789 seconds
plan limit 980
current timestep 52
num of flexible agents: 9
num of flexible tasks: 96
Solving time: 0.000292831 seconds
plan limit 980
current timestep 53
num of flexible agents: 9
num of flexible tasks: 98
Solving time: 0.000290538 seconds
plan limit 980
current timestep 54
num of flexible agents: 14
num of flexible tasks: 101
Solving time: 0.000352327 seconds
plan limit 980
current timestep 55
num of flexible agents: 10
num of flexible tasks: 99
Solving time: 0.000294662 seconds
plan limit 980
current timestep 56
num of flexible agents: 7
num of flexible tasks: 99
Solving time: 0.000284344 seconds
plan limit 980
current timestep 57
num of flexible agents: 9
num of flexible tasks: 100
Solving time: 0.000301446 seconds
plan limit 980
current timestep 58
num of flexible agents: 7
num of flexible tasks: 101
Solving time: 0.000352232 seconds
plan limit 980
current timestep 59
num of flexible agents: 8
num of flexible tasks: 103
Solving time: 0.000292084 seconds
plan limit 980
current timestep 60
num of flexible agents: 7
num of flexible tasks: 104
Solving time: 0.000319404 seconds
plan limit 980
current timestep 61
num of flexible agents: 5
num of flexible tasks: 106
Solving time: 0.000293745 seconds
plan limit 980
current timestep 62
num of flexible agents: 6
num of flexible tasks: 108
Solving time: 0.000285811 seconds
plan limit 980
current timestep 63
num of flexible agents: 5
num of flexible tasks: 109
Solving time: 0.000291866 seconds
plan limit 980
current timestep 64
num of flexible agents: 4
num of flexible tasks: 111
Solving time: 0.000281711 seconds
plan limit 980
current timestep 65
num of flexible agents: 9
num of flexible tasks: 115
Solving time: 0.000295662 seconds
plan limit 980
current timestep 66
num of flexible agents: 9
num of flexible tasks: 116
Solving time: 0.000305198 seconds
plan limit 980
current timestep 67
num of flexible agents: 7
num of flexible tasks: 115
Solving time: 0.000301543 seconds
plan limit 980
current timestep 68
num of flexible agents: 5
num of flexible tasks: 115
Solving time: 0.000288896 seconds
plan limit 980
current timestep 69
num of flexible agents: 4
num of flexible tasks: 116
Solving time: 0.000283102 seconds
plan limit 980
current timestep 70
num of flexible agents: 6
num of flexible tasks: 121
Solving time: 0.000294514 seconds
plan limit 980
current timestep 71
num of flexible agents: 5
num of flexible tasks: 122
Solving time: 0.000271805 seconds
plan limit 980
current timestep 72
num of flexible agents: 5
num of flexible tasks: 124
Solving time: 0.000292445 seconds
plan limit 980
current timestep 73
num of flexible agents: 6
num of flexible tasks: 126
Solving time: 0.000304632 seconds
plan limit 980
current timestep 74
num of flexible agents: 7
num of flexible tasks: 129
Solving time: 0.000269909 seconds
plan limit 980
current timestep 75
num of flexible agents: 7
num of flexible tasks: 129
Solving time: 0.000278316 seconds
plan limit 980
current timestep 76
num of flexible agents: 8
num of flexible tasks: 130
Solving time: 0.000311875 seconds
plan limit 980
current timestep 77
num of flexible agents: 6
num of flexible tasks: 131
Solving time: 0.000346449 seconds
plan limit 980
current timestep 78
num of flexible agents: 6
num of flexible tasks: 133
Solving time: 0.000292158 seconds
plan limit 980
current timestep 79
num of flexible agents: 8
num of flexible tasks: 135
Solving time: 0.000293048 seconds
plan limit 980
current timestep 80
num of flexible agents: 5
num of flexible tasks: 134
Solving time: 0.000301225 seconds
plan limit 980
current timestep 81
num of flexible agents: 5
num of flexible tasks: 136
Solving time: 0.000331387 seconds
plan limit 980
current timestep 82
num of flexible agents: 6
num of flexible tasks: 139
Solving time: 0.000277922 seconds
plan limit 980
current timestep 83
num of flexible agents: 7
num of flexible tasks: 141
Solving time: 0.000285773 seconds
plan limit 980
current timestep 84
num of flexible agents: 4
num of flexible tasks: 141
Solving time: 0.000845621 seconds
plan limit 979
current timestep 85
num of flexible agents: 3
num of flexible tasks: 144
Solving time: 0.000811928 seconds
plan limit 980
current timestep 86
num of flexible agents: 1
num of flexible tasks: 146
Solving time: 0.000622689 seconds
plan limit 980
current timestep 87
num of flexible agents: 3
num of flexible tasks: 150
Solving time: 0.000794632 seconds
plan limit 980
current timestep 88
num of flexible agents: 6
num of flexible tasks: 152
Solving time: 0.000288107 seconds
plan limit 980
current timestep 89
num of flexible agents: 6
num of flexible tasks: 154
Solving time: 0.000283552 seconds
plan limit 980
current timestep 90
num of flexible agents: 4
num of flexible tasks: 154
Solving time: 0.000916632 seconds
plan limit 979
current timestep 91
num of flexible agents: 3
num of flexible tasks: 155
Solving time: 0.000805376 seconds
plan limit 980
current timestep 92
num of flexible agents: 2
num of flexible tasks: 159
Solving time: 0.00082712 seconds
plan limit 979
current timestep 93
num of flexible agents: 4
num of flexible tasks: 163
Solving time: 0.000852928 seconds
plan limit 979
current timestep 94
num of flexible agents: 4
num of flexible tasks: 165
Solving time: 0.000837356 seconds
plan limit 979
current timestep 95
num of flexible agents: 4
num of flexible tasks: 168
Solving time: 0.00085679 seconds
plan limit 979
current timestep 96
num of flexible agents: 5
num of flexible tasks: 171
Solving time: 0.000283877 seconds
plan limit 980
current timestep 97
num of flexible agents: 3
num of flexible tasks: 173
Solving time: 0.0008026 seconds
plan limit 980
current timestep 98
num of flexible agents: 8
num of flexible tasks: 177
Solving time: 0.000314182 seconds
plan limit 980
current timestep 99
num of flexible agents: 6
num of flexible tasks: 177
Solving time: 0.000340674 seconds
plan limit 980
current timestep 100
num of flexible agents: 6
num of flexible tasks: 174
Solving time: 0.000309611 seconds
plan limit 980
current timestep 101
num of flexible agents: 12
num of flexible tasks: 172
Solving time: 0.000302049 seconds
plan limit 980
current timestep 102
num of flexible agents: 9
num of flexible tasks: 166
Solving time: 0.000312326 seconds
plan limit 980
current timestep 103
num of flexible agents: 6
num of flexible tasks: 161
Solving time: 0.000279788 seconds
plan limit 980
current timestep 104
num of flexible agents: 5
num of flexible tasks: 156
Solving time: 0.000275335 seconds
plan limit 980
current timestep 105
num of flexible agents: 4
num of flexible tasks: 151
Solving time: 0.000831373 seconds
plan limit 979
current timestep 106
num of flexible agents: 7
num of flexible tasks: 150
Solving time: 0.000293125 seconds
plan limit 980
current timestep 107
num of flexible agents: 8
num of flexible tasks: 146
Solving time: 0.000302346 seconds
plan limit 980
current timestep 108
num of flexible agents: 10
num of flexible tasks: 143
Solving time: 0.00028478 seconds
plan limit 980
current timestep 109
num of flexible agents: 8
num of flexible tasks: 138
Solving time: 0.00029835 seconds
plan limit 980
current timestep 110
num of flexible agents: 7
num of flexible tasks: 133
Solving time: 0.000326878 seconds
plan limit 980
current timestep 111
num of flexible agents: 6
num of flexible tasks: 128
Solving time: 0.000279436 seconds
plan limit 980
current timestep 112
num of flexible agents: 8
num of flexible tasks: 126
Solving time: 0.000284011 seconds
plan limit 980
current timestep 113
num of flexible agents: 7
num of flexible tasks: 121
Solving time: 0.000306845 seconds
plan limit 980
current timestep 114
num of flexible agents: 11
num of flexible tasks: 118
Solving time: 0.000303205 seconds
plan limit 980
current timestep 115
num of flexible agents: 7
num of flexible tasks: 113
Solving time: 0.000294114 seconds
plan limit 980
current timestep 116
num of flexible agents: 5
num of flexible tasks: 109
Solving time: 0.000304692 seconds
plan limit 980
current timestep 117
num of flexible agents: 6
num of flexible tasks: 107
Solving time: 0.000323442 seconds
plan limit 980
current timestep 118
num of flexible agents: 3
num of flexible tasks: 103
Solving time: 0.000798351 seconds
plan limit 980
current timestep 119
num of flexible agents: 8
num of flexible tasks: 102
Solving time: 0.000285958 seconds
plan limit 980
current timestep 120
num of flexible agents: 4
num of flexible tasks: 96
Solving time: 0.000817278 seconds
plan limit 980
current timestep 121
num of flexible agents: 4
num of flexible tasks: 93
Solving time: 0.000854238 seconds
plan limit 979
current timestep 122
num of flexible agents: 9
num of flexible tasks: 92
Solving time: 0.000322154 seconds
plan limit 980
current timestep 123
num of flexible agents: 7
num of flexible tasks: 88
Solving time: 0.000300507 seconds
plan limit 980
current timestep 124
num of flexible agents: 7
num of flexible tasks: 86
Solving time: 0.000295006 seconds
plan limit 980
current timestep 125
num of flexible agents: 7
num of flexible tasks: 84
Solving time: 0.000307822 seconds
plan limit 980
current timestep 126
num of flexible agents: 6
num of flexible tasks: 82
Solving time: 0.000334012 seconds
plan limit 980
current timestep 127
num of flexible agents: 9
num of flexible tasks: 80
Solving time: 0.000305213 seconds
plan limit 980
current timestep 128
num of flexible agents: 13
num of flexible tasks: 79
Solving time: 0.000327955 seconds
plan limit 980
current timestep 129
num of flexible agents: 9
num of flexible tasks: 73
Solving time: 0.000318367 seconds
plan limit 980
current timestep 130
num of flexible agents: 17
num of flexible tasks: 72
Solving time: 0.000330792 seconds
plan limit 980
current timestep 131
num of flexible agents: 13
num of flexible tasks: 67
Solving time: 0.000317916 seconds
plan limit 980
current timestep 132
num of flexible agents: 16
num of flexible tasks: 65
Solving time: 0.000355035 seconds
plan limit 980
current timestep 133
num of flexible agents: 16
num of flexible tasks: 63
Solving time: 0.00035507 seconds
plan limit 980
current timestep 134
num of flexible agents: 15
num of flexible tasks: 59
Solving time: 0.000319872 seconds
plan limit 980
current timestep 135
num of flexible agents: 16
num of flexible tasks: 56
Solving time: 0.000348072 seconds
plan limit 980
current timestep 136
num of flexible agents: 17
num of flexible tasks: 54
Solving time: 0.000369773 seconds
plan limit 980
current timestep 137
num of flexible agents: 13
num of flexible tasks: 49
Solving time: 0.00034824 seconds
plan limit 980
current timestep 138
num of flexible agents: 17
num of flexible tasks: 47
Solving time: 0.0003723 seconds
plan limit 980
current timestep 139
num of flexible agents: 18
num of flexible tasks: 43
Solving time: 0.00038504 seconds
plan limit 980
current timestep 140
num of flexible agents: 17
num of flexible tasks: 39
Solving time: 0.000348983 seconds
plan limit 980
current timestep 141
num of flexible agents: 16
num of flexible tasks: 36
Solving time: 0.00035285 seconds
plan limit 980
current timestep 142
num of flexible agents: 17
num of flexible tasks: 33
Solving time: 0.000346191 seconds
plan limit 980
current timestep 143
num of flexible agents: 16
num of flexible tasks: 31
Solving time: 0.000379313 seconds
plan limit 980
current timestep 144
num of flexible agents: 20
num of flexible tasks: 29
Solving time: 0.000499867 seconds
plan limit 980
current timestep 145
num of flexible agents: 26
num of flexible tasks: 28
Solving time: 0.00048907 seconds
plan limit 980
current timestep 146
num of flexible agents: 31
num of flexible tasks: 26
Solving time: 0.000425514 seconds
plan limit 980
current timestep 147
num of flexible agents: 32
num of flexible tasks: 21
Solving time: 0.000368463 seconds
plan limit 980
current timestep 148
num of flexible agents: 31
num of flexible tasks: 19
Solving time: 0.000358321 seconds
plan limit 980
current timestep 149
num of flexible agents: 32
num of flexible tasks: 17
Solving time: 0.00035811 seconds
plan limit 980
current timestep 150
num of flexible agents: 30
num of flexible tasks: 12
Solving time: 0.000288553 seconds
plan limit 980
current timestep 151
num of flexible agents: 29
num of flexible tasks: 8
Solving time: 0.000272063 seconds
plan limit 980
current timestep 152
num of flexible agents: 30
num of flexible tasks: 5
Solving time: 0.000233142 seconds
plan limit 980
current timestep 153
num of flexible agents: 30
num of flexible tasks: 3
Solving time: 0.000253436 seconds
plan limit 980
current timestep 154
num of flexible agents: 29
num of flexible tasks: 2
Solving time: 0.000254312 seconds
plan limit 980
current timestep 155
num of flexible agents: 31
num of flexible tasks: 2
Solving time: 0.00025069 seconds
plan limit 980
current timestep 156
num of flexible agents: 32
num of flexible tasks: 1
Solving time: 0.000231816 seconds
plan limit 980
current timestep 157
num of flexible agents: 35
num of flexible tasks: 0
Solving time: 0.000206769 seconds
plan limit 980
current timestep 158
num of flexible agents: 38
num of flexible tasks: 0
Solving time: 0.000220793 seconds
plan limit 980
current timestep 159
num of flexible agents: 41
num of flexible tasks: 0
Solving time: 0.000230207 seconds
plan limit 980
current timestep 160
num of flexible agents: 45
num of flexible tasks: 0
Solving time: 0.000232253 seconds
plan limit 980
current timestep 161
num of flexible agents: 47
num of flexible tasks: 0
Solving time: 0.000208558 seconds
plan limit 980
current timestep 162
num of flexible agents: 51
num of flexible tasks: 0
Solving time: 0.000233657 seconds
plan limit 980
current timestep 163
num of flexible agents: 52
num of flexible tasks: 0
Solving time: 0.000208045 seconds
plan limit 980
current timestep 164
num of flexible agents: 55
num of flexible tasks: 0
Solving time: 0.000225425 seconds
plan limit 980
current timestep 165
num of flexible agents: 56
num of flexible tasks: 0
Solving time: 0.000222399 seconds
plan limit 980
current timestep 166
num of flexible agents: 57
num of flexible tasks: 0
Solving time: 0.000231206 seconds
plan limit 980
current timestep 167
num of flexible agents: 59
num of flexible tasks: 0
Solving time: 0.000228459 seconds
plan limit 980
current timestep 168
num of flexible agents: 60
num of flexible tasks: 0
Solving time: 0.000203154 seconds
plan limit 980
current timestep 169
num of flexible agents: 61
num of flexible tasks: 0
Solving time: 0.000222621 seconds
plan limit 980
current timestep 170
num of flexible agents: 62
num of flexible tasks: 0
Solving time: 0.000210876 seconds
plan limit 980
current timestep 171
num of flexible agents: 63
num of flexible tasks: 0
Solving time: 0.000214021 seconds
plan limit 980
current timestep 172
num of flexible agents: 66
num of flexible tasks: 0
Solving time: 0.000230445 seconds
plan limit 980
current timestep 173
num of flexible agents: 67
num of flexible tasks: 0
Solving time: 0.000222631 seconds
plan limit 980
current timestep 174
num of flexible agents: 67
num of flexible tasks: 0
Solving time: 0.00020991 seconds
plan limit 980
current timestep 175
num of flexible agents: 69
num of flexible tasks: 0
Solving time: 0.000241491 seconds
plan limit 980
current timestep 176
num of flexible agents: 69
num of flexible tasks: 0
Solving time: 0.000234646 seconds
plan limit 980
current timestep 177
num of flexible agents: 71
num of flexible tasks: 0
Solving time: 0.000225227 seconds
plan limit 980
current timestep 178
num of flexible agents: 73
num of flexible tasks: 0
Solving time: 0.000227661 seconds
plan limit 980
current timestep 179
num of flexible agents: 73
num of flexible tasks: 0
Solving time: 0.000234128 seconds
plan limit 980
current timestep 180
num of flexible agents: 73
num of flexible tasks: 0
Solving time: 0.000241823 seconds
plan limit 980
current timestep 181
num of flexible agents: 74
num of flexible tasks: 0
Solving time: 0.000215501 seconds
plan limit 980
current timestep 182
num of flexible agents: 76
num of flexible tasks: 0
Solving time: 0.000225855 seconds
plan limit 980
current timestep 183
num of flexible agents: 77
num of flexible tasks: 0
Solving time: 0.000216393 seconds
plan limit 980
current timestep 184
num of flexible agents: 77
num of flexible tasks: 0
Solving time: 0.000257044 seconds
plan limit 980
current timestep 185
num of flexible agents: 78
num of flexible tasks: 0
Solving time: 0.000261451 seconds
plan limit 980
current timestep 186
num of flexible agents: 78
num of flexible tasks: 0
Solving time: 0.000238394 seconds
plan limit 980
current timestep 187
num of flexible agents: 79
num of flexible tasks: 0
Solving time: 0.00022461 seconds
plan limit 980
current timestep 188
num of flexible agents: 79
num of flexible tasks: 0
Solving time: 0.000225824 seconds
plan limit 980
current timestep 189
num of flexible agents: 79
num of flexible tasks: 0
Solving time: 0.000241364 seconds
plan limit 980
current timestep 190
num of flexible agents: 79
num of flexible tasks: 0
Solving time: 0.000214817 seconds
plan limit 980
All tasks finished at timestep 191
