current timestep 0
num of flexible agents: 80
num of flexible tasks: 5
Solving time: 0.000345439 seconds
plan limit 980
current timestep 1
num of flexible agents: 79
num of flexible tasks: 9
Solving time: 0.00035589 seconds
plan limit 980
current timestep 2
num of flexible agents: 78
num of flexible tasks: 13
Solving time: 0.000316986 seconds
plan limit 980
current timestep 3
num of flexible agents: 76
num of flexible tasks: 16
Solving time: 0.00034057 seconds
plan limit 980
current timestep 4
num of flexible agents: 70
num of flexible tasks: 15
Solving time: 0.000350396 seconds
plan limit 980
current timestep 5
num of flexible agents: 69
num of flexible tasks: 19
Solving time: 0.000320887 seconds
plan limit 980
current timestep 6
num of flexible agents: 65
num of flexible tasks: 20
Solving time: 0.000394587 seconds
plan limit 980
current timestep 7
num of flexible agents: 63
num of flexible tasks: 23
Solving time: 0.000381844 seconds
plan limit 980
current timestep 8
num of flexible agents: 59
num of flexible tasks: 24
Solving time: 0.000389793 seconds
plan limit 980
current timestep 9
num of flexible agents: 58
num of flexible tasks: 28
Solving time: 0.000443682 seconds
plan limit 980
current timestep 10
num of flexible agents: 54
num of flexible tasks: 29
Solving time: 0.00040729 seconds
plan limit 980
current timestep 11
num of flexible agents: 54
num of flexible tasks: 32
Solving time: 0.000511338 seconds
plan limit 980
current timestep 12
num of flexible agents: 53
num of flexible tasks: 34
Solving time: 0.000404376 seconds
plan limit 980
current timestep 13
num of flexible agents: 52
num of flexible tasks: 37
Solving time: 0.000447549 seconds
plan limit 980
current timestep 14
num of flexible agents: 50
num of flexible tasks: 39
Solving time: 0.000429696 seconds
plan limit 980
current timestep 15
num of flexible agents: 38
num of flexible tasks: 32
Solving time: 0.000470079 seconds
plan limit 980
current timestep 16
num of flexible agents: 31
num of flexible tasks: 28
Solving time: 0.000466021 seconds
plan limit 980
current timestep 17
num of flexible agents: 26
num of flexible tasks: 28
Solving time: 0.000519639 seconds
plan limit 980
current timestep 18
num of flexible agents: 23
num of flexible tasks: 29
Solving time: 0.000410205 seconds
plan limit 980
current timestep 19
num of flexible agents: 19
num of flexible tasks: 28
Solving time: 0.000396764 seconds
plan limit 980
current timestep 20
num of flexible agents: 18
num of flexible tasks: 31
Solving time: 0.000317959 seconds
plan limit 980
current timestep 21
num of flexible agents: 21
num of flexible tasks: 36
Solving time: 0.000375258 seconds
plan limit 980
current timestep 22
num of flexible agents: 18
num of flexible tasks: 36
Solving time: 0.000354141 seconds
plan limit 980
current timestep 23
num of flexible agents: 18
num of flexible tasks: 39
Solving time: 0.000317607 seconds
plan limit 980
current timestep 24
num of flexible agents: 17
num of flexible tasks: 42
Solving time: 0.000401677 seconds
plan limit 980
current timestep 25
num of flexible agents: 19
num of flexible tasks: 46
Solving time: 0.000338539 seconds
plan limit 980
current timestep 26
num of flexible agents: 14
num of flexible tasks: 44
Solving time: 0.000293239 seconds
plan limit 980
current timestep 27
num of flexible agents: 9
num of flexible tasks: 44
Solving time: 0.000294708 seconds
plan limit 980
current timestep 28
num of flexible agents: 9
num of flexible tasks: 46
Solving time: 0.000325113 seconds
plan limit 980
current timestep 29
num of flexible agents: 13
num of flexible tasks: 50
Solving time: 0.000305999 seconds
plan limit 980
current timestep 30
num of flexible agents: 8
num of flexible tasks: 49
Solving time: 0.000314807 seconds
plan limit 980
current timestep 31
num of flexible agents: 9
num of flexible tasks: 53
Solving time: 0.00028537 seconds
plan limit 980
current timestep 32
num of flexible agents: 7
num of flexible tasks: 55
Solving time: 0.000292196 seconds
plan limit 980
current timestep 33
num of flexible agents: 10
num of flexible tasks: 57
Solving time: 0.000286558 seconds
plan limit 980
current timestep 34
num of flexible agents: 8
num of flexible tasks: 56
Solving time: 0.000290161 seconds
plan limit 980
current timestep 35
num of flexible agents: 8
num of flexible tasks: 60
Solving time: 0.00026647 seconds
plan limit 980
current timestep 36
num of flexible agents: 9
num of flexible tasks: 63
Solving time: 0.00028232 seconds
plan limit 980
current timestep 37
num of flexible agents: 7
num of flexible tasks: 64
Solving time: 0.000268555 seconds
plan limit 980
current timestep 38
num of flexible agents: 4
num of flexible tasks: 64
Solving time: 0.000261315 seconds
plan limit 980
current timestep 39
num of flexible agents: 4
num of flexible tasks: 66
Solving time: 0.000281393 seconds
plan limit 980
current timestep 40
num of flexible agents: 7
num of flexible tasks: 71
Solving time: 0.000305931 seconds
plan limit 980
current timestep 41
num of flexible agents: 9
num of flexible tasks: 74
Solving time: 0.000284248 seconds
plan limit 980
current timestep 42
num of flexible agents: 13
num of flexible tasks: 79
Solving time: 0.00032854 seconds
plan limit 980
current timestep 43
num of flexible agents: 15
num of flexible tasks: 83
Solving time: 0.000301641 seconds
plan limit 980
current timestep 44
num of flexible agents: 7
num of flexible tasks: 80
Solving time: 0.000261293 seconds
plan limit 980
current timestep 45
num of flexible agents: 10
num of flexible tasks: 82
Solving time: 0.000262079 seconds
plan limit 980
current timestep 46
num of flexible agents: 5
num of flexible tasks: 78
Solving time: 0.000279227 seconds
plan limit 980
current timestep 47
num of flexible agents: 7
num of flexible tasks: 82
Solving time: 0.000308374 seconds
plan limit 980
current timestep 48
num of flexible agents: 6
num of flexible tasks: 85
Solving time: 0.000286732 seconds
plan limit 980
current timestep 49
num of flexible agents: 4
num of flexible tasks: 87
Solving time: 0.000329066 seconds
plan limit 980
current timestep 50
num of flexible agents: 6
num of flexible tasks: 92
Solving time: 0.000266366 seconds
plan limit 980
current timestep 51
num of flexible agents: 6
num of flexible tasks: 94
Solving time: 0.000265483 seconds
plan limit 980
current timestep 52
num of flexible agents: 7
num of flexible tasks: 96
Solving time: 0.000271432 seconds
plan limit 980
current timestep 53
num of flexible agents: 7
num of flexible tasks: 98
Solving time: 0.000267924 seconds
plan limit 980
current timestep 54
num of flexible agents: 7
num of flexible tasks: 98
Solving time: 0.00024895 seconds
plan limit 980
current timestep 55
num of flexible agents: 8
num of flexible tasks: 99
Solving time: 0.000291987 seconds
plan limit 980
current timestep 56
num of flexible agents: 7
num of flexible tasks: 101
Solving time: 0.000294933 seconds
plan limit 980
current timestep 57
num of flexible agents: 9
num of flexible tasks: 101
Solving time: 0.000305157 seconds
plan limit 980
current timestep 58
num of flexible agents: 8
num of flexible tasks: 102
Solving time: 0.000317901 seconds
plan limit 980
current timestep 59
num of flexible agents: 4
num of flexible tasks: 103
Solving time: 0.000845021 seconds
plan limit 980
current timestep 60
num of flexible agents: 7
num of flexible tasks: 108
Solving time: 0.000348967 seconds
plan limit 980
current timestep 61
num of flexible agents: 11
num of flexible tasks: 112
Solving time: 0.000305658 seconds
plan limit 980
current timestep 62
num of flexible agents: 10
num of flexible tasks: 113
Solving time: 0.000324179 seconds
plan limit 980
current timestep 63
num of flexible agents: 6
num of flexible tasks: 112
Solving time: 0.000297733 seconds
plan limit 980
current timestep 64
num of flexible agents: 5
num of flexible tasks: 114
Solving time: 0.0002893 seconds
plan limit 980
current timestep 65
num of flexible agents: 6
num of flexible tasks: 115
Solving time: 0.00030161 seconds
plan limit 980
current timestep 66
num of flexible agents: 5
num of flexible tasks: 116
Solving time: 0.000345639 seconds
plan limit 980
current timestep 67
num of flexible agents: 9
num of flexible tasks: 119
Solving time: 0.000296401 seconds
plan limit 980
current timestep 68
num of flexible agents: 6
num of flexible tasks: 117
Solving time: 0.000281313 seconds
plan limit 980
current timestep 69
num of flexible agents: 4
num of flexible tasks: 118
Solving time: 0.000818623 seconds
plan limit 980
current timestep 70
num of flexible agents: 1
num of flexible tasks: 120
Solving time: 0.000552335 seconds
plan limit 980
current timestep 71
num of flexible agents: 3
num of flexible tasks: 125
Solving time: 0.000807764 seconds
plan limit 980
current timestep 72
num of flexible agents: 8
num of flexible tasks: 129
Solving time: 0.000292249 seconds
plan limit 980
current timestep 73
num of flexible agents: 4
num of flexible tasks: 130
Solving time: 0.00081516 seconds
plan limit 979
current timestep 74
num of flexible agents: 9
num of flexible tasks: 132
Solving time: 0.000313204 seconds
plan limit 980
current timestep 75
num of flexible agents: 6
num of flexible tasks: 132
Solving time: 0.000301111 seconds
plan limit 980
current timestep 76
num of flexible agents: 5
num of flexible tasks: 135
Solving time: 0.000896175 seconds
plan limit 979
current timestep 77
num of flexible agents: 8
num of flexible tasks: 139
Solving time: 0.000300346 seconds
plan limit 980
current timestep 78
num of flexible agents: 7
num of flexible tasks: 141
Solving time: 0.000310234 seconds
plan limit 980
current timestep 79
num of flexible agents: 7
num of flexible tasks: 142
Solving time: 0.000354807 seconds
plan limit 980
current timestep 80
num of flexible agents: 4
num of flexible tasks: 143
Solving time: 0.000841707 seconds
plan limit 979
current timestep 81
num of flexible agents: 4
num of flexible tasks: 146
Solving time: 0.000855648 seconds
plan limit 979
current timestep 82
num of flexible agents: 4
num of flexible tasks: 149
Solving time: 0.000836411 seconds
plan limit 979
current timestep 83
num of flexible agents: 10
num of flexible tasks: 152
Solving time: 0.000287308 seconds
plan limit 980
current timestep 84
num of flexible agents: 5
num of flexible tasks: 150
Solving time: 0.00085264 seconds
plan limit 979
current timestep 85
num of flexible agents: 3
num of flexible tasks: 152
Solving time: 0.000728378 seconds
plan limit 980
current timestep 86
num of flexible agents: 6
num of flexible tasks: 155
Solving time: 0.000266581 seconds
plan limit 980
current timestep 87
num of flexible agents: 5
num of flexible tasks: 157
Solving time: 0.000833178 seconds
plan limit 980
current timestep 88
num of flexible agents: 3
num of flexible tasks: 158
Solving time: 0.00079221 seconds
plan limit 980
current timestep 89
num of flexible agents: 6
num of flexible tasks: 161
Solving time: 0.000261451 seconds
plan limit 980
current timestep 90
num of flexible agents: 4
num of flexible tasks: 162
Solving time: 0.000751709 seconds
plan limit 980
current timestep 91
num of flexible agents: 6
num of flexible tasks: 163
Solving time: 0.000268045 seconds
plan limit 980
current timestep 92
num of flexible agents: 8
num of flexible tasks: 166
Solving time: 0.00026763 seconds
plan limit 980
current timestep 93
num of flexible agents: 7
num of flexible tasks: 167
Solving time: 0.000268419 seconds
plan limit 980
current timestep 94
num of flexible agents: 8
num of flexible tasks: 169
Solving time: 0.000259242 seconds
plan limit 980
current timestep 95
num of flexible agents: 7
num of flexible tasks: 170
Solving time: 0.000272217 seconds
plan limit 980
current timestep 96
num of flexible agents: 7
num of flexible tasks: 171
Solving time: 0.000271411 seconds
plan limit 980
current timestep 97
num of flexible agents: 2
num of flexible tasks: 171
Solving time: 0.000787701 seconds
plan limit 979
current timestep 98
num of flexible agents: 2
num of flexible tasks: 174
Solving time: 0.000733968 seconds
plan limit 980
current timestep 99
num of flexible agents: 2
num of flexible tasks: 177
Solving time: 0.000754616 seconds
plan limit 980
current timestep 100
num of flexible agents: 2
num of flexible tasks: 176
Solving time: 0.000708589 seconds
plan limit 980
current timestep 101
num of flexible agents: 9
num of flexible tasks: 176
Solving time: 0.000299328 seconds
plan limit 980
current timestep 102
num of flexible agents: 6
num of flexible tasks: 170
Solving time: 0.000279087 seconds
plan limit 980
current timestep 103
num of flexible agents: 6
num of flexible tasks: 168
Solving time: 0.00030814 seconds
plan limit 980
current timestep 104
num of flexible agents: 8
num of flexible tasks: 166
Solving time: 0.000285587 seconds
plan limit 980
current timestep 105
num of flexible agents: 3
num of flexible tasks: 160
Solving time: 0.000776828 seconds
plan limit 980
current timestep 106
num of flexible agents: 7
num of flexible tasks: 158
Solving time: 0.00025891 seconds
plan limit 980
current timestep 107
num of flexible agents: 8
num of flexible tasks: 154
Solving time: 0.000307492 seconds
plan limit 980
current timestep 108
num of flexible agents: 12
num of flexible tasks: 151
Solving time: 0.000288853 seconds
plan limit 980
current timestep 109
num of flexible agents: 9
num of flexible tasks: 146
Solving time: 0.000288273 seconds
plan limit 980
current timestep 110
num of flexible agents: 9
num of flexible tasks: 143
Solving time: 0.000326221 seconds
plan limit 980
current timestep 111
num of flexible agents: 11
num of flexible tasks: 140
Solving time: 0.000312498 seconds
plan limit 980
current timestep 112
num of flexible agents: 11
num of flexible tasks: 135
Solving time: 0.000343104 seconds
plan limit 980
current timestep 113
num of flexible agents: 9
num of flexible tasks: 131
Solving time: 0.000320043 seconds
plan limit 980
current timestep 114
num of flexible agents: 9
num of flexible tasks: 128
Solving time: 0.000295963 seconds
plan limit 980
current timestep 115
num of flexible agents: 12
num of flexible tasks: 127
Solving time: 0.00029873 seconds
plan limit 980
current timestep 116
num of flexible agents: 12
num of flexible tasks: 123
Solving time: 0.000304448 seconds
plan limit 980
current timestep 117
num of flexible agents: 9
num of flexible tasks: 117
Solving time: 0.000309493 seconds
plan limit 980
current timestep 118
num of flexible agents: 9
num of flexible tasks: 113
Solving time: 0.00027479 seconds
plan limit 980
current timestep 119
num of flexible agents: 9
num of flexible tasks: 108
Solving time: 0.000286688 seconds
plan limit 980
current timestep 120
num of flexible agents: 6
num of flexible tasks: 102
Solving time: 0.000326518 seconds
plan limit 980
current timestep 121
num of flexible agents: 7
num of flexible tasks: 100
Solving time: 0.00030316 seconds
plan limit 980
current timestep 122
num of flexible agents: 6
num of flexible tasks: 97
Solving time: 0.000280123 seconds
plan limit 980
current timestep 123
num of flexible agents: 8
num of flexible tasks: 96
Solving time: 0.000294542 seconds
plan limit 980
current timestep 124
num of flexible agents: 9
num of flexible tasks: 96
Solving time: 0.000317577 seconds
plan limit 980
current timestep 125
num of flexible agents: 12
num of flexible tasks: 95
Solving time: 0.000292836 seconds
plan limit 980
current timestep 126
num of flexible agents: 12
num of flexible tasks: 91
Solving time: 0.000289903 seconds
plan limit 980
current timestep 127
num of flexible agents: 15
num of flexible tasks: 89
Solving time: 0.000308591 seconds
plan limit 980
current timestep 128
num of flexible agents: 12
num of flexible tasks: 85
Solving time: 0.000322068 seconds
plan limit 980
current timestep 129
num of flexible agents: 10
num of flexible tasks: 80
Solving time: 0.00028902 seconds
plan limit 980
current timestep 130
num of flexible agents: 13
num of flexible tasks: 78
Solving time: 0.000314537 seconds
plan limit 980
current timestep 131
num of flexible agents: 11
num of flexible tasks: 72
Solving time: 0.000317892 seconds
plan limit 980
current timestep 132
num of flexible agents: 14
num of flexible tasks: 71
Solving time: 0.000302706 seconds
plan limit 980
current timestep 133
num of flexible agents: 12
num of flexible tasks: 68
Solving time: 0.00030879 seconds
plan limit 980
current timestep 134
num of flexible agents: 11
num of flexible tasks: 65
Solving time: 0.000344865 seconds
plan limit 980
current timestep 135
num of flexible agents: 14
num of flexible tasks: 62
Solving time: 0.000320529 seconds
plan limit 980
current timestep 136
num of flexible agents: 18
num of flexible tasks: 62
Solving time: 0.00032437 seconds
plan limit 980
current timestep 137
num of flexible agents: 16
num of flexible tasks: 58
Solving time: 0.000327374 seconds
plan limit 980
current timestep 138
num of flexible agents: 16
num of flexible tasks: 56
Solving time: 0.000353056 seconds
plan limit 980
current timestep 139
num of flexible agents: 15
num of flexible tasks: 53
Solving time: 0.000322663 seconds
plan limit 980
current timestep 140
num of flexible agents: 15
num of flexible tasks: 51
Solving time: 0.000329223 seconds
plan limit 980
current timestep 141
num of flexible agents: 12
num of flexible tasks: 46
Solving time: 0.00033045 seconds
plan limit 980
current timestep 142
num of flexible agents: 12
num of flexible tasks: 45
Solving time: 0.000317823 seconds
plan limit 980
current timestep 143
num of flexible agents: 13
num of flexible tasks: 45
Solving time: 0.000329915 seconds
plan limit 980
current timestep 144
num of flexible agents: 13
num of flexible tasks: 43
Solving time: 0.000323332 seconds
plan limit 980
current timestep 145
num of flexible agents: 12
num of flexible tasks: 40
Solving time: 0.000301918 seconds
plan limit 980
current timestep 146
num of flexible agents: 11
num of flexible tasks: 36
Solving time: 0.000314895 seconds
plan limit 980
current timestep 147
num of flexible agents: 16
num of flexible tasks: 35
Solving time: 0.000365406 seconds
plan limit 980
current timestep 148
num of flexible agents: 18
num of flexible tasks: 32
Solving time: 0.000393642 seconds
plan limit 980
current timestep 149
num of flexible agents: 21
num of flexible tasks: 31
Solving time: 0.000404132 seconds
plan limit 980
current timestep 150
num of flexible agents: 22
num of flexible tasks: 28
Solving time: 0.000393876 seconds
plan limit 980
current timestep 151
num of flexible agents: 24
num of flexible tasks: 28
Solving time: 0.000423627 seconds
plan limit 980
current timestep 152
num of flexible agents: 24
num of flexible tasks: 25
Solving time: 0.000461496 seconds
plan limit 980
current timestep 153
num of flexible agents: 22
num of flexible tasks: 22
Solving time: 0.000429386 seconds
plan limit 980
current timestep 154
num of flexible agents: 21
num of flexible tasks: 19
Solving time: 0.00036177 seconds
plan limit 980
current timestep 155
num of flexible agents: 19
num of flexible tasks: 16
Solving time: 0.000390948 seconds
plan limit 980
current timestep 156
num of flexible agents: 20
num of flexible tasks: 16
Solving time: 0.000422103 seconds
plan limit 980
current timestep 157
num of flexible agents: 24
num of flexible tasks: 16
Solving time: 0.000302842 seconds
plan limit 980
current timestep 158
num of flexible agents: 31
num of flexible tasks: 16
Solving time: 0.000325296 seconds
plan limit 980
current timestep 159
num of flexible agents: 34
num of flexible tasks: 12
Solving time: 0.000285919 seconds
plan limit 980
current timestep 160
num of flexible agents: 34
num of flexible tasks: 10
Solving time: 0.000258838 seconds
plan limit 980
current timestep 161
num of flexible agents: 37
num of flexible tasks: 8
Solving time: 0.000256939 seconds
plan limit 980
current timestep 162
num of flexible agents: 37
num of flexible tasks: 6
Solving time: 0.000241007 seconds
plan limit 980
current timestep 163
num of flexible agents: 34
num of flexible tasks: 3
Solving time: 0.000227812 seconds
plan limit 980
current timestep 164
num of flexible agents: 36
num of flexible tasks: 2
Solving time: 0.000230379 seconds
plan limit 980
current timestep 165
num of flexible agents: 37
num of flexible tasks: 2
Solving time: 0.000258877 seconds
plan limit 980
current timestep 166
num of flexible agents: 38
num of flexible tasks: 1
Solving time: 0.000223724 seconds
plan limit 980
current timestep 167
num of flexible agents: 41
num of flexible tasks: 1
Solving time: 0.000322097 seconds
plan limit 980
current timestep 168
num of flexible agents: 43
num of flexible tasks: 1
Solving time: 0.000203382 seconds
plan limit 980
current timestep 169
num of flexible agents: 47
num of flexible tasks: 0
Solving time: 0.000194549 seconds
plan limit 980
current timestep 170
num of flexible agents: 49
num of flexible tasks: 0
Solving time: 0.000226755 seconds
plan limit 980
current timestep 171
num of flexible agents: 50
num of flexible tasks: 0
Solving time: 0.000202777 seconds
plan limit 980
current timestep 172
num of flexible agents: 55
num of flexible tasks: 0
Solving time: 0.000201672 seconds
plan limit 980
current timestep 173
num of flexible agents: 56
num of flexible tasks: 0
Solving time: 0.000217688 seconds
plan limit 980
current timestep 174
num of flexible agents: 57
num of flexible tasks: 0
Solving time: 0.00021877 seconds
plan limit 980
current timestep 175
num of flexible agents: 58
num of flexible tasks: 0
Solving time: 0.000228511 seconds
plan limit 980
current timestep 176
num of flexible agents: 60
num of flexible tasks: 0
Solving time: 0.000201893 seconds
plan limit 980
current timestep 177
num of flexible agents: 61
num of flexible tasks: 0
Solving time: 0.000212861 seconds
plan limit 980
current timestep 178
num of flexible agents: 64
num of flexible tasks: 0
Solving time: 0.000207691 seconds
plan limit 980
current timestep 179
num of flexible agents: 66
num of flexible tasks: 0
Solving time: 0.000222547 seconds
plan limit 980
current timestep 180
num of flexible agents: 66
num of flexible tasks: 0
Solving time: 0.000206897 seconds
plan limit 980
current timestep 181
num of flexible agents: 68
num of flexible tasks: 0
Solving time: 0.000213788 seconds
plan limit 980
current timestep 182
num of flexible agents: 69
num of flexible tasks: 0
Solving time: 0.000201117 seconds
plan limit 980
current timestep 183
num of flexible agents: 70
num of flexible tasks: 0
Solving time: 0.000194508 seconds
plan limit 980
current timestep 184
num of flexible agents: 71
num of flexible tasks: 0
Solving time: 0.000250273 seconds
plan limit 980
current timestep 185
num of flexible agents: 74
num of flexible tasks: 0
Solving time: 0.00020308 seconds
plan limit 980
current timestep 186
num of flexible agents: 75
num of flexible tasks: 0
Solving time: 0.00021387 seconds
plan limit 980
current timestep 187
num of flexible agents: 75
num of flexible tasks: 0
Solving time: 0.000205555 seconds
plan limit 980
current timestep 188
num of flexible agents: 76
num of flexible tasks: 0
Solving time: 0.00021057 seconds
plan limit 980
current timestep 189
num of flexible agents: 76
num of flexible tasks: 0
Solving time: 0.000206558 seconds
plan limit 980
current timestep 190
num of flexible agents: 76
num of flexible tasks: 0
Solving time: 0.0002084 seconds
plan limit 980
current timestep 191
num of flexible agents: 77
num of flexible tasks: 0
Solving time: 0.000200689 seconds
plan limit 980
current timestep 192
num of flexible agents: 77
num of flexible tasks: 0
Solving time: 0.000214741 seconds
plan limit 980
current timestep 193
num of flexible agents: 77
num of flexible tasks: 0
Solving time: 0.000196416 seconds
plan limit 980
current timestep 194
num of flexible agents: 77
num of flexible tasks: 0
Solving time: 0.000216549 seconds
plan limit 980
current timestep 195
num of flexible agents: 79
num of flexible tasks: 0
Solving time: 0.000201998 seconds
plan limit 980
current timestep 196
num of flexible agents: 79
num of flexible tasks: 0
Solving time: 0.000210974 seconds
plan limit 980
current timestep 197
num of flexible agents: 79
num of flexible tasks: 0
Solving time: 0.000200341 seconds
plan limit 980
current timestep 198
num of flexible agents: 79
num of flexible tasks: 0
Solving time: 0.000254162 seconds
plan limit 980
current timestep 199
num of flexible agents: 79
num of flexible tasks: 0
Solving time: 0.000210358 seconds
plan limit 980
current timestep 200
num of flexible agents: 79
num of flexible tasks: 0
Solving time: 0.000219167 seconds
plan limit 980
current timestep 201
num of flexible agents: 79
num of flexible tasks: 0
Solving time: 0.000214005 seconds
plan limit 980
current timestep 202
num of flexible agents: 79
num of flexible tasks: 0
Solving time: 0.000232087 seconds
plan limit 980
All tasks finished at timestep 203
