current timestep 0
num of flexible agents: 80
num of flexible tasks: 2
Solving time: 0.000276287 seconds
plan limit 980
current timestep 1
num of flexible agents: 78
num of flexible tasks: 2
Solving time: 0.000313872 seconds
plan limit 980
current timestep 2
num of flexible agents: 77
num of flexible tasks: 3
Solving time: 0.000255919 seconds
plan limit 980
current timestep 3
num of flexible agents: 76
num of flexible tasks: 4
Solving time: 0.000300372 seconds
plan limit 980
current timestep 4
num of flexible agents: 76
num of flexible tasks: 6
Solving time: 0.000307094 seconds
plan limit 980
current timestep 5
num of flexible agents: 75
num of flexible tasks: 7
Solving time: 0.000331301 seconds
plan limit 980
current timestep 6
num of flexible agents: 74
num of flexible tasks: 8
Solving time: 0.000288269 seconds
plan limit 980
current timestep 7
num of flexible agents: 74
num of flexible tasks: 10
Solving time: 0.000290677 seconds
plan limit 980
current timestep 8
num of flexible agents: 73
num of flexible tasks: 11
Solving time: 0.000327373 seconds
plan limit 980
current timestep 9
num of flexible agents: 72
num of flexible tasks: 12
Solving time: 0.000327485 seconds
plan limit 980
current timestep 10
num of flexible agents: 71
num of flexible tasks: 13
Solving time: 0.000398867 seconds
plan limit 980
current timestep 11
num of flexible agents: 69
num of flexible tasks: 13
Solving time: 0.00032311 seconds
plan limit 980
current timestep 12
num of flexible agents: 68
num of flexible tasks: 13
Solving time: 0.000335164 seconds
plan limit 980
current timestep 13
num of flexible agents: 66
num of flexible tasks: 13
Solving time: 0.000345634 seconds
plan limit 980
current timestep 14
num of flexible agents: 64
num of flexible tasks: 12
Solving time: 0.000283373 seconds
plan limit 980
current timestep 15
num of flexible agents: 63
num of flexible tasks: 13
Solving time: 0.000296323 seconds
plan limit 980
current timestep 16
num of flexible agents: 61
num of flexible tasks: 12
Solving time: 0.00030607 seconds
plan limit 980
current timestep 17
num of flexible agents: 58
num of flexible tasks: 11
Solving time: 0.00031645 seconds
plan limit 980
current timestep 18
num of flexible agents: 57
num of flexible tasks: 12
Solving time: 0.000342457 seconds
plan limit 980
current timestep 19
num of flexible agents: 55
num of flexible tasks: 12
Solving time: 0.000316687 seconds
plan limit 980
current timestep 20
num of flexible agents: 52
num of flexible tasks: 11
Solving time: 0.000302795 seconds
plan limit 980
current timestep 21
num of flexible agents: 51
num of flexible tasks: 12
Solving time: 0.000331654 seconds
plan limit 980
current timestep 22
num of flexible agents: 50
num of flexible tasks: 12
Solving time: 0.000269484 seconds
plan limit 980
current timestep 23
num of flexible agents: 49
num of flexible tasks: 13
Solving time: 0.000285733 seconds
plan limit 980
current timestep 24
num of flexible agents: 46
num of flexible tasks: 11
Solving time: 0.00027299 seconds
plan limit 980
current timestep 25
num of flexible agents: 46
num of flexible tasks: 13
Solving time: 0.000273182 seconds
plan limit 980
current timestep 26
num of flexible agents: 48
num of flexible tasks: 15
Solving time: 0.00033485 seconds
plan limit 980
current timestep 27
num of flexible agents: 48
num of flexible tasks: 15
Solving time: 0.000268681 seconds
plan limit 980
current timestep 28
num of flexible agents: 45
num of flexible tasks: 14
Solving time: 0.00023658 seconds
plan limit 980
current timestep 29
num of flexible agents: 42
num of flexible tasks: 12
Solving time: 0.00025547 seconds
plan limit 980
current timestep 30
num of flexible agents: 44
num of flexible tasks: 11
Solving time: 0.0002825 seconds
plan limit 980
current timestep 31
num of flexible agents: 44
num of flexible tasks: 12
Solving time: 0.000267732 seconds
plan limit 980
current timestep 32
num of flexible agents: 45
num of flexible tasks: 13
Solving time: 0.000277342 seconds
plan limit 980
current timestep 33
num of flexible agents: 41
num of flexible tasks: 10
Solving time: 0.000278893 seconds
plan limit 980
current timestep 34
num of flexible agents: 39
num of flexible tasks: 8
Solving time: 0.000298815 seconds
plan limit 980
current timestep 35
num of flexible agents: 39
num of flexible tasks: 9
Solving time: 0.000242875 seconds
plan limit 980
current timestep 36
num of flexible agents: 39
num of flexible tasks: 8
Solving time: 0.000263512 seconds
plan limit 980
current timestep 37
num of flexible agents: 39
num of flexible tasks: 9
Solving time: 0.000228959 seconds
plan limit 980
current timestep 38
num of flexible agents: 41
num of flexible tasks: 11
Solving time: 0.000305993 seconds
plan limit 980
current timestep 39
num of flexible agents: 40
num of flexible tasks: 11
Solving time: 0.000306595 seconds
plan limit 980
current timestep 40
num of flexible agents: 37
num of flexible tasks: 10
Solving time: 0.000289408 seconds
plan limit 980
current timestep 41
num of flexible agents: 39
num of flexible tasks: 11
Solving time: 0.000275815 seconds
plan limit 980
current timestep 42
num of flexible agents: 39
num of flexible tasks: 11
Solving time: 0.000262676 seconds
plan limit 980
current timestep 43
num of flexible agents: 42
num of flexible tasks: 11
Solving time: 0.000272221 seconds
plan limit 980
current timestep 44
num of flexible agents: 42
num of flexible tasks: 13
Solving time: 0.000268861 seconds
plan limit 980
current timestep 45
num of flexible agents: 39
num of flexible tasks: 12
Solving time: 0.00025426 seconds
plan limit 980
current timestep 46
num of flexible agents: 38
num of flexible tasks: 10
Solving time: 0.000278794 seconds
plan limit 980
current timestep 47
num of flexible agents: 37
num of flexible tasks: 10
Solving time: 0.000263739 seconds
plan limit 980
current timestep 48
num of flexible agents: 38
num of flexible tasks: 11
Solving time: 0.0002758 seconds
plan limit 980
current timestep 49
num of flexible agents: 37
num of flexible tasks: 11
Solving time: 0.000301938 seconds
plan limit 980
current timestep 50
num of flexible agents: 38
num of flexible tasks: 13
Solving time: 0.000273108 seconds
plan limit 980
current timestep 51
num of flexible agents: 38
num of flexible tasks: 12
Solving time: 0.000293946 seconds
plan limit 980
current timestep 52
num of flexible agents: 39
num of flexible tasks: 13
Solving time: 0.000286865 seconds
plan limit 980
current timestep 53
num of flexible agents: 42
num of flexible tasks: 14
Solving time: 0.000288728 seconds
plan limit 980
current timestep 54
num of flexible agents: 45
num of flexible tasks: 13
Solving time: 0.000308254 seconds
plan limit 980
current timestep 55
num of flexible agents: 43
num of flexible tasks: 12
Solving time: 0.000300181 seconds
plan limit 980
current timestep 56
num of flexible agents: 43
num of flexible tasks: 12
Solving time: 0.000309798 seconds
plan limit 980
current timestep 57
num of flexible agents: 43
num of flexible tasks: 12
Solving time: 0.000328381 seconds
plan limit 980
current timestep 58
num of flexible agents: 45
num of flexible tasks: 13
Solving time: 0.000349438 seconds
plan limit 980
current timestep 59
num of flexible agents: 44
num of flexible tasks: 13
Solving time: 0.000308049 seconds
plan limit 980
current timestep 60
num of flexible agents: 43
num of flexible tasks: 14
Solving time: 0.000355898 seconds
plan limit 980
current timestep 61
num of flexible agents: 45
num of flexible tasks: 15
Solving time: 0.000387588 seconds
plan limit 980
current timestep 62
num of flexible agents: 43
num of flexible tasks: 15
Solving time: 0.000344489 seconds
plan limit 980
current timestep 63
num of flexible agents: 40
num of flexible tasks: 14
Solving time: 0.000363493 seconds
plan limit 980
current timestep 64
num of flexible agents: 42
num of flexible tasks: 16
Solving time: 0.000347004 seconds
plan limit 980
current timestep 65
num of flexible agents: 40
num of flexible tasks: 15
Solving time: 0.000317881 seconds
plan limit 980
current timestep 66
num of flexible agents: 39
num of flexible tasks: 14
Solving time: 0.000306182 seconds
plan limit 980
current timestep 67
num of flexible agents: 38
num of flexible tasks: 15
Solving time: 0.000319068 seconds
plan limit 980
current timestep 68
num of flexible agents: 36
num of flexible tasks: 14
Solving time: 0.000299743 seconds
plan limit 980
current timestep 69
num of flexible agents: 37
num of flexible tasks: 15
Solving time: 0.000296116 seconds
plan limit 980
current timestep 70
num of flexible agents: 39
num of flexible tasks: 14
Solving time: 0.000317599 seconds
plan limit 980
current timestep 71
num of flexible agents: 39
num of flexible tasks: 13
Solving time: 0.000299682 seconds
plan limit 980
current timestep 72
num of flexible agents: 37
num of flexible tasks: 13
Solving time: 0.000305035 seconds
plan limit 980
current timestep 73
num of flexible agents: 35
num of flexible tasks: 13
Solving time: 0.000302802 seconds
plan limit 980
current timestep 74
num of flexible agents: 33
num of flexible tasks: 11
Solving time: 0.000315977 seconds
plan limit 980
current timestep 75
num of flexible agents: 34
num of flexible tasks: 11
Solving time: 0.000347916 seconds
plan limit 980
current timestep 76
num of flexible agents: 34
num of flexible tasks: 11
Solving time: 0.000302208 seconds
plan limit 980
current timestep 77
num of flexible agents: 34
num of flexible tasks: 11
Solving time: 0.000341012 seconds
plan limit 980
current timestep 78
num of flexible agents: 38
num of flexible tasks: 11
Solving time: 0.000269339 seconds
plan limit 980
current timestep 79
num of flexible agents: 33
num of flexible tasks: 7
Solving time: 0.000313391 seconds
plan limit 980
current timestep 80
num of flexible agents: 36
num of flexible tasks: 8
Solving time: 0.000283749 seconds
plan limit 980
current timestep 81
num of flexible agents: 36
num of flexible tasks: 8
Solving time: 0.00027744 seconds
plan limit 980
current timestep 82
num of flexible agents: 38
num of flexible tasks: 10
Solving time: 0.000296062 seconds
plan limit 980
current timestep 83
num of flexible agents: 37
num of flexible tasks: 10
Solving time: 0.000302786 seconds
plan limit 980
current timestep 84
num of flexible agents: 38
num of flexible tasks: 11
Solving time: 0.000359672 seconds
plan limit 980
current timestep 85
num of flexible agents: 36
num of flexible tasks: 11
Solving time: 0.000296655 seconds
plan limit 980
current timestep 86
num of flexible agents: 34
num of flexible tasks: 10
Solving time: 0.000271899 seconds
plan limit 980
current timestep 87
num of flexible agents: 34
num of flexible tasks: 11
Solving time: 0.000278853 seconds
plan limit 980
current timestep 88
num of flexible agents: 34
num of flexible tasks: 9
Solving time: 0.000294687 seconds
plan limit 980
current timestep 89
num of flexible agents: 35
num of flexible tasks: 11
Solving time: 0.000262039 seconds
plan limit 980
current timestep 90
num of flexible agents: 34
num of flexible tasks: 10
Solving time: 0.000258789 seconds
plan limit 980
current timestep 91
num of flexible agents: 34
num of flexible tasks: 9
Solving time: 0.000256162 seconds
plan limit 980
current timestep 92
num of flexible agents: 38
num of flexible tasks: 11
Solving time: 0.000252313 seconds
plan limit 980
current timestep 93
num of flexible agents: 41
num of flexible tasks: 13
Solving time: 0.000301287 seconds
plan limit 980
current timestep 94
num of flexible agents: 42
num of flexible tasks: 13
Solving time: 0.000297435 seconds
plan limit 980
current timestep 95
num of flexible agents: 40
num of flexible tasks: 11
Solving time: 0.000280002 seconds
plan limit 980
current timestep 96
num of flexible agents: 43
num of flexible tasks: 13
Solving time: 0.000308723 seconds
plan limit 980
current timestep 97
num of flexible agents: 42
num of flexible tasks: 13
Solving time: 0.000267128 seconds
plan limit 980
current timestep 98
num of flexible agents: 43
num of flexible tasks: 14
Solving time: 0.000270287 seconds
plan limit 980
current timestep 99
num of flexible agents: 40
num of flexible tasks: 13
Solving time: 0.000269637 seconds
plan limit 980
current timestep 100
num of flexible agents: 40
num of flexible tasks: 14
Solving time: 0.000286737 seconds
plan limit 980
current timestep 101
num of flexible agents: 39
num of flexible tasks: 13
Solving time: 0.000283016 seconds
plan limit 980
current timestep 102
num of flexible agents: 34
num of flexible tasks: 10
Solving time: 0.00030979 seconds
plan limit 980
current timestep 103
num of flexible agents: 35
num of flexible tasks: 10
Solving time: 0.000274022 seconds
plan limit 980
current timestep 104
num of flexible agents: 34
num of flexible tasks: 11
Solving time: 0.00026349 seconds
plan limit 980
current timestep 105
num of flexible agents: 31
num of flexible tasks: 9
Solving time: 0.000276795 seconds
plan limit 980
current timestep 106
num of flexible agents: 30
num of flexible tasks: 8
Solving time: 0.000251601 seconds
plan limit 980
current timestep 107
num of flexible agents: 29
num of flexible tasks: 8
Solving time: 0.000285253 seconds
plan limit 980
current timestep 108
num of flexible agents: 29
num of flexible tasks: 8
Solving time: 0.000251079 seconds
plan limit 980
current timestep 109
num of flexible agents: 30
num of flexible tasks: 10
Solving time: 0.000280285 seconds
plan limit 980
current timestep 110
num of flexible agents: 34
num of flexible tasks: 12
Solving time: 0.000265274 seconds
plan limit 980
current timestep 111
num of flexible agents: 33
num of flexible tasks: 10
Solving time: 0.000274883 seconds
plan limit 980
current timestep 112
num of flexible agents: 36
num of flexible tasks: 9
Solving time: 0.000282357 seconds
plan limit 980
current timestep 113
num of flexible agents: 34
num of flexible tasks: 8
Solving time: 0.000295322 seconds
plan limit 980
current timestep 114
num of flexible agents: 32
num of flexible tasks: 7
Solving time: 0.000316077 seconds
plan limit 980
current timestep 115
num of flexible agents: 31
num of flexible tasks: 7
Solving time: 0.000296798 seconds
plan limit 980
current timestep 116
num of flexible agents: 31
num of flexible tasks: 8
Solving time: 0.000356234 seconds
plan limit 980
current timestep 117
num of flexible agents: 31
num of flexible tasks: 9
Solving time: 0.000332367 seconds
plan limit 980
current timestep 118
num of flexible agents: 33
num of flexible tasks: 10
Solving time: 0.000324021 seconds
plan limit 980
current timestep 119
num of flexible agents: 35
num of flexible tasks: 11
Solving time: 0.000295392 seconds
plan limit 980
current timestep 120
num of flexible agents: 35
num of flexible tasks: 10
Solving time: 0.000328006 seconds
plan limit 980
current timestep 121
num of flexible agents: 36
num of flexible tasks: 10
Solving time: 0.000294737 seconds
plan limit 980
current timestep 122
num of flexible agents: 38
num of flexible tasks: 12
Solving time: 0.000313162 seconds
plan limit 980
current timestep 123
num of flexible agents: 40
num of flexible tasks: 13
Solving time: 0.000287577 seconds
plan limit 980
current timestep 124
num of flexible agents: 39
num of flexible tasks: 11
Solving time: 0.000284148 seconds
plan limit 980
current timestep 125
num of flexible agents: 41
num of flexible tasks: 12
Solving time: 0.000331224 seconds
plan limit 980
current timestep 126
num of flexible agents: 39
num of flexible tasks: 11
Solving time: 0.00029896 seconds
plan limit 980
current timestep 127
num of flexible agents: 38
num of flexible tasks: 12
Solving time: 0.000297426 seconds
plan limit 980
current timestep 128
num of flexible agents: 36
num of flexible tasks: 11
Solving time: 0.000319283 seconds
plan limit 980
current timestep 129
num of flexible agents: 37
num of flexible tasks: 11
Solving time: 0.000307018 seconds
plan limit 980
current timestep 130
num of flexible agents: 36
num of flexible tasks: 10
Solving time: 0.000315735 seconds
plan limit 980
current timestep 131
num of flexible agents: 37
num of flexible tasks: 10
Solving time: 0.000387809 seconds
plan limit 980
current timestep 132
num of flexible agents: 37
num of flexible tasks: 10
Solving time: 0.000355881 seconds
plan limit 980
current timestep 133
num of flexible agents: 38
num of flexible tasks: 12
Solving time: 0.000381735 seconds
plan limit 980
current timestep 134
num of flexible agents: 38
num of flexible tasks: 13
Solving time: 0.000356254 seconds
plan limit 980
current timestep 135
num of flexible agents: 36
num of flexible tasks: 11
Solving time: 0.000332814 seconds
plan limit 980
current timestep 136
num of flexible agents: 36
num of flexible tasks: 10
Solving time: 0.000303667 seconds
plan limit 980
current timestep 137
num of flexible agents: 36
num of flexible tasks: 9
Solving time: 0.000278162 seconds
plan limit 980
current timestep 138
num of flexible agents: 37
num of flexible tasks: 10
Solving time: 0.000382125 seconds
plan limit 980
current timestep 139
num of flexible agents: 42
num of flexible tasks: 12
Solving time: 0.000305017 seconds
plan limit 980
current timestep 140
num of flexible agents: 40
num of flexible tasks: 12
Solving time: 0.000296441 seconds
plan limit 980
current timestep 141
num of flexible agents: 43
num of flexible tasks: 12
Solving time: 0.000313753 seconds
plan limit 980
current timestep 142
num of flexible agents: 39
num of flexible tasks: 8
Solving time: 0.000324838 seconds
plan limit 980
current timestep 143
num of flexible agents: 37
num of flexible tasks: 8
Solving time: 0.00029427 seconds
plan limit 980
current timestep 144
num of flexible agents: 40
num of flexible tasks: 10
Solving time: 0.000306193 seconds
plan limit 980
current timestep 145
num of flexible agents: 38
num of flexible tasks: 10
Solving time: 0.000294795 seconds
plan limit 980
current timestep 146
num of flexible agents: 39
num of flexible tasks: 12
Solving time: 0.000310138 seconds
plan limit 980
current timestep 147
num of flexible agents: 37
num of flexible tasks: 11
Solving time: 0.000349683 seconds
plan limit 980
current timestep 148
num of flexible agents: 33
num of flexible tasks: 9
Solving time: 0.000330082 seconds
plan limit 980
current timestep 149
num of flexible agents: 32
num of flexible tasks: 10
Solving time: 0.000314001 seconds
plan limit 980
current timestep 150
num of flexible agents: 37
num of flexible tasks: 12
Solving time: 0.000259298 seconds
plan limit 980
current timestep 151
num of flexible agents: 38
num of flexible tasks: 11
Solving time: 0.000285124 seconds
plan limit 980
current timestep 152
num of flexible agents: 34
num of flexible tasks: 9
Solving time: 0.000274843 seconds
plan limit 980
current timestep 153
num of flexible agents: 33
num of flexible tasks: 8
Solving time: 0.000284766 seconds
plan limit 980
current timestep 154
num of flexible agents: 33
num of flexible tasks: 8
Solving time: 0.000295191 seconds
plan limit 980
current timestep 155
num of flexible agents: 32
num of flexible tasks: 9
Solving time: 0.000289018 seconds
plan limit 980
current timestep 156
num of flexible agents: 34
num of flexible tasks: 10
Solving time: 0.000316033 seconds
plan limit 980
current timestep 157
num of flexible agents: 33
num of flexible tasks: 9
Solving time: 0.000300961 seconds
plan limit 980
current timestep 158
num of flexible agents: 35
num of flexible tasks: 10
Solving time: 0.000300565 seconds
plan limit 980
current timestep 159
num of flexible agents: 36
num of flexible tasks: 8
Solving time: 0.000328104 seconds
plan limit 980
current timestep 160
num of flexible agents: 36
num of flexible tasks: 9
Solving time: 0.000303903 seconds
plan limit 980
current timestep 161
num of flexible agents: 39
num of flexible tasks: 11
Solving time: 0.000316126 seconds
plan limit 980
current timestep 162
num of flexible agents: 38
num of flexible tasks: 11
Solving time: 0.000298384 seconds
plan limit 980
current timestep 163
num of flexible agents: 39
num of flexible tasks: 12
Solving time: 0.000292807 seconds
plan limit 980
current timestep 164
num of flexible agents: 35
num of flexible tasks: 9
Solving time: 0.00028622 seconds
plan limit 980
current timestep 165
num of flexible agents: 35
num of flexible tasks: 10
Solving time: 0.000342031 seconds
plan limit 980
current timestep 166
num of flexible agents: 34
num of flexible tasks: 9
Solving time: 0.000264693 seconds
plan limit 980
current timestep 167
num of flexible agents: 35
num of flexible tasks: 8
Solving time: 0.000247176 seconds
plan limit 980
current timestep 168
num of flexible agents: 30
num of flexible tasks: 5
Solving time: 0.000267675 seconds
plan limit 980
current timestep 169
num of flexible agents: 33
num of flexible tasks: 6
Solving time: 0.000265692 seconds
plan limit 980
current timestep 170
num of flexible agents: 34
num of flexible tasks: 7
Solving time: 0.000255536 seconds
plan limit 980
current timestep 171
num of flexible agents: 34
num of flexible tasks: 8
Solving time: 0.00027407 seconds
plan limit 980
current timestep 172
num of flexible agents: 35
num of flexible tasks: 8
Solving time: 0.000263851 seconds
plan limit 980
current timestep 173
num of flexible agents: 37
num of flexible tasks: 10
Solving time: 0.000272681 seconds
plan limit 980
current timestep 174
num of flexible agents: 38
num of flexible tasks: 10
Solving time: 0.000306367 seconds
plan limit 980
current timestep 175
num of flexible agents: 37
num of flexible tasks: 10
Solving time: 0.000285513 seconds
plan limit 980
current timestep 176
num of flexible agents: 36
num of flexible tasks: 11
Solving time: 0.00031594 seconds
plan limit 980
current timestep 177
num of flexible agents: 35
num of flexible tasks: 10
Solving time: 0.000303794 seconds
plan limit 980
current timestep 178
num of flexible agents: 35
num of flexible tasks: 9
Solving time: 0.000289534 seconds
plan limit 980
current timestep 179
num of flexible agents: 36
num of flexible tasks: 9
Solving time: 0.000284272 seconds
plan limit 980
current timestep 180
num of flexible agents: 36
num of flexible tasks: 9
Solving time: 0.00028625 seconds
plan limit 980
current timestep 181
num of flexible agents: 37
num of flexible tasks: 9
Solving time: 0.000260959 seconds
plan limit 980
current timestep 182
num of flexible agents: 38
num of flexible tasks: 11
Solving time: 0.000288293 seconds
plan limit 980
current timestep 183
num of flexible agents: 43
num of flexible tasks: 12
Solving time: 0.000303127 seconds
plan limit 980
current timestep 184
num of flexible agents: 41
num of flexible tasks: 11
Solving time: 0.000248507 seconds
plan limit 980
current timestep 185
num of flexible agents: 39
num of flexible tasks: 10
Solving time: 0.000269745 seconds
plan limit 980
current timestep 186
num of flexible agents: 36
num of flexible tasks: 7
Solving time: 0.000243901 seconds
plan limit 980
current timestep 187
num of flexible agents: 35
num of flexible tasks: 8
Solving time: 0.000263745 seconds
plan limit 980
current timestep 188
num of flexible agents: 35
num of flexible tasks: 7
Solving time: 0.000303733 seconds
plan limit 980
current timestep 189
num of flexible agents: 34
num of flexible tasks: 7
Solving time: 0.000252766 seconds
plan limit 980
current timestep 190
num of flexible agents: 35
num of flexible tasks: 8
Solving time: 0.000273495 seconds
plan limit 980
current timestep 191
num of flexible agents: 36
num of flexible tasks: 7
Solving time: 0.000275898 seconds
plan limit 980
current timestep 192
num of flexible agents: 35
num of flexible tasks: 7
Solving time: 0.000289959 seconds
plan limit 980
current timestep 193
num of flexible agents: 35
num of flexible tasks: 7
Solving time: 0.000281815 seconds
plan limit 980
current timestep 194
num of flexible agents: 39
num of flexible tasks: 8
Solving time: 0.000276117 seconds
plan limit 980
current timestep 195
num of flexible agents: 36
num of flexible tasks: 7
Solving time: 0.000260528 seconds
plan limit 980
current timestep 196
num of flexible agents: 36
num of flexible tasks: 6
Solving time: 0.000297721 seconds
plan limit 980
current timestep 197
num of flexible agents: 40
num of flexible tasks: 8
Solving time: 0.000285091 seconds
plan limit 980
current timestep 198
num of flexible agents: 40
num of flexible tasks: 9
Solving time: 0.000279325 seconds
plan limit 980
current timestep 199
num of flexible agents: 45
num of flexible tasks: 11
Solving time: 0.0003021 seconds
plan limit 980
current timestep 200
num of flexible agents: 44
num of flexible tasks: 10
Solving time: 0.00027846 seconds
plan limit 980
current timestep 201
num of flexible agents: 42
num of flexible tasks: 9
Solving time: 0.000321646 seconds
plan limit 980
current timestep 202
num of flexible agents: 40
num of flexible tasks: 9
Solving time: 0.0002872 seconds
plan limit 980
current timestep 203
num of flexible agents: 39
num of flexible tasks: 9
Solving time: 0.000291755 seconds
plan limit 980
current timestep 204
num of flexible agents: 40
num of flexible tasks: 10
Solving time: 0.000294093 seconds
plan limit 980
current timestep 205
num of flexible agents: 38
num of flexible tasks: 8
Solving time: 0.000292848 seconds
plan limit 980
current timestep 206
num of flexible agents: 38
num of flexible tasks: 10
Solving time: 0.000288467 seconds
plan limit 980
current timestep 207
num of flexible agents: 37
num of flexible tasks: 10
Solving time: 0.000258834 seconds
plan limit 980
current timestep 208
num of flexible agents: 34
num of flexible tasks: 9
Solving time: 0.000291432 seconds
plan limit 980
current timestep 209
num of flexible agents: 34
num of flexible tasks: 10
Solving time: 0.000250527 seconds
plan limit 980
current timestep 210
num of flexible agents: 30
num of flexible tasks: 8
Solving time: 0.00034457 seconds
plan limit 980
current timestep 211
num of flexible agents: 33
num of flexible tasks: 10
Solving time: 0.000293715 seconds
plan limit 980
current timestep 212
num of flexible agents: 36
num of flexible tasks: 12
Solving time: 0.000321088 seconds
plan limit 980
current timestep 213
num of flexible agents: 38
num of flexible tasks: 13
Solving time: 0.000274767 seconds
plan limit 980
current timestep 214
num of flexible agents: 33
num of flexible tasks: 10
Solving time: 0.00029714 seconds
plan limit 980
current timestep 215
num of flexible agents: 34
num of flexible tasks: 9
Solving time: 0.000264847 seconds
plan limit 980
current timestep 216
num of flexible agents: 34
num of flexible tasks: 9
Solving time: 0.000288733 seconds
plan limit 980
current timestep 217
num of flexible agents: 33
num of flexible tasks: 9
Solving time: 0.000314015 seconds
plan limit 980
current timestep 218
num of flexible agents: 36
num of flexible tasks: 11
Solving time: 0.000331247 seconds
plan limit 980
current timestep 219
num of flexible agents: 32
num of flexible tasks: 8
Solving time: 0.000250289 seconds
plan limit 980
current timestep 220
num of flexible agents: 35
num of flexible tasks: 9
Solving time: 0.000304841 seconds
plan limit 980
current timestep 221
num of flexible agents: 35
num of flexible tasks: 9
Solving time: 0.000298158 seconds
plan limit 980
current timestep 222
num of flexible agents: 34
num of flexible tasks: 9
Solving time: 0.000268563 seconds
plan limit 980
current timestep 223
num of flexible agents: 34
num of flexible tasks: 8
Solving time: 0.000318367 seconds
plan limit 980
current timestep 224
num of flexible agents: 35
num of flexible tasks: 10
Solving time: 0.000289133 seconds
plan limit 980
current timestep 225
num of flexible agents: 37
num of flexible tasks: 10
Solving time: 0.000270406 seconds
plan limit 980
current timestep 226
num of flexible agents: 35
num of flexible tasks: 8
Solving time: 0.000271321 seconds
plan limit 980
current timestep 227
num of flexible agents: 36
num of flexible tasks: 8
Solving time: 0.000278572 seconds
plan limit 980
current timestep 228
num of flexible agents: 35
num of flexible tasks: 8
Solving time: 0.000308608 seconds
plan limit 980
current timestep 229
num of flexible agents: 34
num of flexible tasks: 7
Solving time: 0.000301315 seconds
plan limit 980
current timestep 230
num of flexible agents: 37
num of flexible tasks: 7
Solving time: 0.000277413 seconds
plan limit 980
current timestep 231
num of flexible agents: 39
num of flexible tasks: 9
Solving time: 0.000239857 seconds
plan limit 980
current timestep 232
num of flexible agents: 40
num of flexible tasks: 10
Solving time: 0.000311252 seconds
plan limit 980
current timestep 233
num of flexible agents: 42
num of flexible tasks: 10
Solving time: 0.000268579 seconds
plan limit 980
current timestep 234
num of flexible agents: 41
num of flexible tasks: 8
Solving time: 0.000283784 seconds
plan limit 980
current timestep 235
num of flexible agents: 41
num of flexible tasks: 8
Solving time: 0.000271484 seconds
plan limit 980
current timestep 236
num of flexible agents: 41
num of flexible tasks: 8
Solving time: 0.000224145 seconds
plan limit 980
current timestep 237
num of flexible agents: 37
num of flexible tasks: 5
Solving time: 0.00024984 seconds
plan limit 980
current timestep 238
num of flexible agents: 35
num of flexible tasks: 5
Solving time: 0.000232897 seconds
plan limit 980
current timestep 239
num of flexible agents: 36
num of flexible tasks: 5
Solving time: 0.000237029 seconds
plan limit 980
current timestep 240
num of flexible agents: 41
num of flexible tasks: 7
Solving time: 0.000257459 seconds
plan limit 980
current timestep 241
num of flexible agents: 42
num of flexible tasks: 7
Solving time: 0.000264871 seconds
plan limit 980
current timestep 242
num of flexible agents: 41
num of flexible tasks: 7
Solving time: 0.000246752 seconds
plan limit 980
current timestep 243
num of flexible agents: 42
num of flexible tasks: 8
Solving time: 0.000244774 seconds
plan limit 980
current timestep 244
num of flexible agents: 42
num of flexible tasks: 8
Solving time: 0.000225776 seconds
plan limit 980
current timestep 245
num of flexible agents: 40
num of flexible tasks: 5
Solving time: 0.000220582 seconds
plan limit 980
current timestep 246
num of flexible agents: 41
num of flexible tasks: 6
Solving time: 0.000256381 seconds
plan limit 980
current timestep 247
num of flexible agents: 42
num of flexible tasks: 5
Solving time: 0.00021949 seconds
plan limit 980
current timestep 248
num of flexible agents: 43
num of flexible tasks: 3
Solving time: 0.00025276 seconds
plan limit 980
current timestep 249
num of flexible agents: 42
num of flexible tasks: 4
Solving time: 0.000248981 seconds
plan limit 980
current timestep 250
num of flexible agents: 44
num of flexible tasks: 4
Solving time: 0.000252668 seconds
plan limit 980
current timestep 251
num of flexible agents: 45
num of flexible tasks: 4
Solving time: 0.000243002 seconds
plan limit 980
current timestep 252
num of flexible agents: 43
num of flexible tasks: 2
Solving time: 0.000214417 seconds
plan limit 980
current timestep 253
num of flexible agents: 42
num of flexible tasks: 1
Solving time: 0.00026168 seconds
plan limit 980
current timestep 254
num of flexible agents: 45
num of flexible tasks: 1
Solving time: 0.000242234 seconds
plan limit 980
current timestep 255
num of flexible agents: 47
num of flexible tasks: 1
Solving time: 0.000252065 seconds
plan limit 980
current timestep 256
num of flexible agents: 48
num of flexible tasks: 1
Solving time: 0.000270195 seconds
plan limit 980
current timestep 257
num of flexible agents: 50
num of flexible tasks: 1
Solving time: 0.00025676 seconds
plan limit 980
current timestep 258
num of flexible agents: 51
num of flexible tasks: 1
Solving time: 0.000223652 seconds
plan limit 980
current timestep 259
num of flexible agents: 52
num of flexible tasks: 1
Solving time: 0.000257509 seconds
plan limit 980
current timestep 260
num of flexible agents: 53
num of flexible tasks: 1
Solving time: 0.00022866 seconds
plan limit 980
current timestep 261
num of flexible agents: 53
num of flexible tasks: 0
Solving time: 0.000210503 seconds
plan limit 980
current timestep 262
num of flexible agents: 54
num of flexible tasks: 0
Solving time: 0.000196371 seconds
plan limit 980
current timestep 263
num of flexible agents: 58
num of flexible tasks: 0
Solving time: 0.000187375 seconds
plan limit 980
current timestep 264
num of flexible agents: 59
num of flexible tasks: 0
Solving time: 0.000212849 seconds
plan limit 980
current timestep 265
num of flexible agents: 60
num of flexible tasks: 0
Solving time: 0.000201282 seconds
plan limit 980
current timestep 266
num of flexible agents: 61
num of flexible tasks: 0
Solving time: 0.000203049 seconds
plan limit 980
current timestep 267
num of flexible agents: 62
num of flexible tasks: 0
Solving time: 0.000206553 seconds
plan limit 980
current timestep 268
num of flexible agents: 63
num of flexible tasks: 0
Solving time: 0.000216928 seconds
plan limit 980
current timestep 269
num of flexible agents: 66
num of flexible tasks: 0
Solving time: 0.000207971 seconds
plan limit 980
current timestep 270
num of flexible agents: 67
num of flexible tasks: 0
Solving time: 0.000213409 seconds
plan limit 980
current timestep 271
num of flexible agents: 68
num of flexible tasks: 0
Solving time: 0.000198821 seconds
plan limit 980
current timestep 272
num of flexible agents: 71
num of flexible tasks: 0
Solving time: 0.000217934 seconds
plan limit 980
current timestep 273
num of flexible agents: 72
num of flexible tasks: 0
Solving time: 0.000227033 seconds
plan limit 980
current timestep 274
num of flexible agents: 73
num of flexible tasks: 0
Solving time: 0.000246346 seconds
plan limit 980
current timestep 275
num of flexible agents: 73
num of flexible tasks: 0
Solving time: 0.000210578 seconds
plan limit 980
current timestep 276
num of flexible agents: 75
num of flexible tasks: 0
Solving time: 0.000200032 seconds
plan limit 980
current timestep 277
num of flexible agents: 75
num of flexible tasks: 0
Solving time: 0.000220669 seconds
plan limit 980
current timestep 278
num of flexible agents: 76
num of flexible tasks: 0
Solving time: 0.000194978 seconds
plan limit 980
current timestep 279
num of flexible agents: 77
num of flexible tasks: 0
Solving time: 0.000209045 seconds
plan limit 980
current timestep 280
num of flexible agents: 77
num of flexible tasks: 0
Solving time: 0.000195868 seconds
plan limit 980
current timestep 281
num of flexible agents: 77
num of flexible tasks: 0
Solving time: 0.0002139 seconds
plan limit 980
current timestep 282
num of flexible agents: 77
num of flexible tasks: 0
Solving time: 0.000203725 seconds
plan limit 980
current timestep 283
num of flexible agents: 77
num of flexible tasks: 0
Solving time: 0.000199365 seconds
plan limit 980
current timestep 284
num of flexible agents: 77
num of flexible tasks: 0
Solving time: 0.000204608 seconds
plan limit 980
current timestep 285
num of flexible agents: 77
num of flexible tasks: 0
Solving time: 0.000218556 seconds
plan limit 980
current timestep 286
num of flexible agents: 78
num of flexible tasks: 0
Solving time: 0.000233169 seconds
plan limit 980
current timestep 287
num of flexible agents: 78
num of flexible tasks: 0
Solving time: 0.000224646 seconds
plan limit 980
current timestep 288
num of flexible agents: 78
num of flexible tasks: 0
Solving time: 0.000213406 seconds
plan limit 980
current timestep 289
num of flexible agents: 79
num of flexible tasks: 0
Solving time: 0.000218931 seconds
plan limit 980
current timestep 290
num of flexible agents: 79
num of flexible tasks: 0
Solving time: 0.000210752 seconds
plan limit 980
All tasks finished at timestep 291
