current timestep 0
num of flexible agents: 80
num of flexible tasks: 2
Solving time: 0.000310905 seconds
plan limit 980
current timestep 1
num of flexible agents: 80
num of flexible tasks: 4
Solving time: 0.000278964 seconds
plan limit 980
current timestep 2
num of flexible agents: 80
num of flexible tasks: 6
Solving time: 0.00026699 seconds
plan limit 980
current timestep 3
num of flexible agents: 78
num of flexible tasks: 6
Solving time: 0.000300557 seconds
plan limit 980
current timestep 4
num of flexible agents: 78
num of flexible tasks: 8
Solving time: 0.000249156 seconds
plan limit 980
current timestep 5
num of flexible agents: 75
num of flexible tasks: 7
Solving time: 0.000254515 seconds
plan limit 980
current timestep 6
num of flexible agents: 75
num of flexible tasks: 9
Solving time: 0.000263003 seconds
plan limit 980
current timestep 7
num of flexible agents: 73
num of flexible tasks: 9
Solving time: 0.000354404 seconds
plan limit 980
current timestep 8
num of flexible agents: 71
num of flexible tasks: 9
Solving time: 0.000281946 seconds
plan limit 980
current timestep 9
num of flexible agents: 71
num of flexible tasks: 11
Solving time: 0.000285128 seconds
plan limit 980
current timestep 10
num of flexible agents: 70
num of flexible tasks: 12
Solving time: 0.000282574 seconds
plan limit 980
current timestep 11
num of flexible agents: 67
num of flexible tasks: 11
Solving time: 0.000363199 seconds
plan limit 980
current timestep 12
num of flexible agents: 67
num of flexible tasks: 12
Solving time: 0.000307869 seconds
plan limit 980
current timestep 13
num of flexible agents: 66
num of flexible tasks: 13
Solving time: 0.000381666 seconds
plan limit 980
current timestep 14
num of flexible agents: 65
num of flexible tasks: 14
Solving time: 0.000364117 seconds
plan limit 980
current timestep 15
num of flexible agents: 63
num of flexible tasks: 13
Solving time: 0.00030954 seconds
plan limit 980
current timestep 16
num of flexible agents: 62
num of flexible tasks: 14
Solving time: 0.000319125 seconds
plan limit 980
current timestep 17
num of flexible agents: 59
num of flexible tasks: 13
Solving time: 0.000415004 seconds
plan limit 980
current timestep 18
num of flexible agents: 58
num of flexible tasks: 13
Solving time: 0.000336004 seconds
plan limit 980
current timestep 19
num of flexible agents: 55
num of flexible tasks: 11
Solving time: 0.000377175 seconds
plan limit 980
current timestep 20
num of flexible agents: 54
num of flexible tasks: 11
Solving time: 0.000341974 seconds
plan limit 980
current timestep 21
num of flexible agents: 53
num of flexible tasks: 11
Solving time: 0.000284644 seconds
plan limit 980
current timestep 22
num of flexible agents: 51
num of flexible tasks: 10
Solving time: 0.000287956 seconds
plan limit 980
current timestep 23
num of flexible agents: 49
num of flexible tasks: 10
Solving time: 0.000278449 seconds
plan limit 980
current timestep 24
num of flexible agents: 48
num of flexible tasks: 11
Solving time: 0.000313682 seconds
plan limit 980
current timestep 25
num of flexible agents: 48
num of flexible tasks: 12
Solving time: 0.000351303 seconds
plan limit 980
current timestep 26
num of flexible agents: 47
num of flexible tasks: 11
Solving time: 0.000334788 seconds
plan limit 980
current timestep 27
num of flexible agents: 48
num of flexible tasks: 12
Solving time: 0.000342911 seconds
plan limit 980
current timestep 28
num of flexible agents: 46
num of flexible tasks: 11
Solving time: 0.000341047 seconds
plan limit 980
current timestep 29
num of flexible agents: 46
num of flexible tasks: 13
Solving time: 0.000319785 seconds
plan limit 980
current timestep 30
num of flexible agents: 48
num of flexible tasks: 15
Solving time: 0.00034018 seconds
plan limit 980
current timestep 31
num of flexible agents: 46
num of flexible tasks: 14
Solving time: 0.000343426 seconds
plan limit 980
current timestep 32
num of flexible agents: 50
num of flexible tasks: 16
Solving time: 0.000295094 seconds
plan limit 980
current timestep 33
num of flexible agents: 52
num of flexible tasks: 16
Solving time: 0.000344743 seconds
plan limit 980
current timestep 34
num of flexible agents: 53
num of flexible tasks: 16
Solving time: 0.000309346 seconds
plan limit 980
current timestep 35
num of flexible agents: 49
num of flexible tasks: 14
Solving time: 0.000252101 seconds
plan limit 980
current timestep 36
num of flexible agents: 49
num of flexible tasks: 14
Solving time: 0.000273308 seconds
plan limit 980
current timestep 37
num of flexible agents: 43
num of flexible tasks: 10
Solving time: 0.000255602 seconds
plan limit 980
current timestep 38
num of flexible agents: 43
num of flexible tasks: 10
Solving time: 0.000275293 seconds
plan limit 980
current timestep 39
num of flexible agents: 43
num of flexible tasks: 10
Solving time: 0.000289889 seconds
plan limit 980
current timestep 40
num of flexible agents: 46
num of flexible tasks: 11
Solving time: 0.000276138 seconds
plan limit 980
current timestep 41
num of flexible agents: 48
num of flexible tasks: 12
Solving time: 0.000277937 seconds
plan limit 980
current timestep 42
num of flexible agents: 49
num of flexible tasks: 13
Solving time: 0.000282841 seconds
plan limit 980
current timestep 43
num of flexible agents: 49
num of flexible tasks: 14
Solving time: 0.000448053 seconds
plan limit 980
current timestep 44
num of flexible agents: 50
num of flexible tasks: 14
Solving time: 0.000276556 seconds
plan limit 980
current timestep 45
num of flexible agents: 48
num of flexible tasks: 12
Solving time: 0.000281102 seconds
plan limit 980
current timestep 46
num of flexible agents: 49
num of flexible tasks: 14
Solving time: 0.000297672 seconds
plan limit 980
current timestep 47
num of flexible agents: 50
num of flexible tasks: 16
Solving time: 0.000337828 seconds
plan limit 980
current timestep 48
num of flexible agents: 46
num of flexible tasks: 13
Solving time: 0.000322602 seconds
plan limit 980
current timestep 49
num of flexible agents: 44
num of flexible tasks: 12
Solving time: 0.000307242 seconds
plan limit 980
current timestep 50
num of flexible agents: 43
num of flexible tasks: 13
Solving time: 0.000309271 seconds
plan limit 980
current timestep 51
num of flexible agents: 42
num of flexible tasks: 12
Solving time: 0.000273029 seconds
plan limit 980
current timestep 52
num of flexible agents: 39
num of flexible tasks: 11
Solving time: 0.000325584 seconds
plan limit 980
current timestep 53
num of flexible agents: 37
num of flexible tasks: 11
Solving time: 0.000320265 seconds
plan limit 980
current timestep 54
num of flexible agents: 35
num of flexible tasks: 10
Solving time: 0.000320993 seconds
plan limit 980
current timestep 55
num of flexible agents: 36
num of flexible tasks: 11
Solving time: 0.000307543 seconds
plan limit 980
current timestep 56
num of flexible agents: 37
num of flexible tasks: 12
Solving time: 0.000352397 seconds
plan limit 980
current timestep 57
num of flexible agents: 39
num of flexible tasks: 14
Solving time: 0.000326783 seconds
plan limit 980
current timestep 58
num of flexible agents: 38
num of flexible tasks: 13
Solving time: 0.00028831 seconds
plan limit 980
current timestep 59
num of flexible agents: 39
num of flexible tasks: 12
Solving time: 0.0003121 seconds
plan limit 980
current timestep 60
num of flexible agents: 39
num of flexible tasks: 13
Solving time: 0.000286652 seconds
plan limit 980
current timestep 61
num of flexible agents: 39
num of flexible tasks: 13
Solving time: 0.00038069 seconds
plan limit 980
current timestep 62
num of flexible agents: 39
num of flexible tasks: 14
Solving time: 0.000366486 seconds
plan limit 980
current timestep 63
num of flexible agents: 38
num of flexible tasks: 11
Solving time: 0.00030871 seconds
plan limit 980
current timestep 64
num of flexible agents: 42
num of flexible tasks: 13
Solving time: 0.000313337 seconds
plan limit 980
current timestep 65
num of flexible agents: 40
num of flexible tasks: 13
Solving time: 0.000319972 seconds
plan limit 980
current timestep 66
num of flexible agents: 42
num of flexible tasks: 12
Solving time: 0.000332938 seconds
plan limit 980
current timestep 67
num of flexible agents: 42
num of flexible tasks: 11
Solving time: 0.000306105 seconds
plan limit 980
current timestep 68
num of flexible agents: 43
num of flexible tasks: 10
Solving time: 0.000269069 seconds
plan limit 980
current timestep 69
num of flexible agents: 42
num of flexible tasks: 10
Solving time: 0.000347355 seconds
plan limit 980
current timestep 70
num of flexible agents: 41
num of flexible tasks: 10
Solving time: 0.000387199 seconds
plan limit 980
current timestep 71
num of flexible agents: 40
num of flexible tasks: 11
Solving time: 0.000342934 seconds
plan limit 980
current timestep 72
num of flexible agents: 41
num of flexible tasks: 11
Solving time: 0.000270351 seconds
plan limit 980
current timestep 73
num of flexible agents: 42
num of flexible tasks: 12
Solving time: 0.000292365 seconds
plan limit 980
current timestep 74
num of flexible agents: 41
num of flexible tasks: 11
Solving time: 0.000314144 seconds
plan limit 980
current timestep 75
num of flexible agents: 40
num of flexible tasks: 11
Solving time: 0.00028811 seconds
plan limit 980
current timestep 76
num of flexible agents: 39
num of flexible tasks: 11
Solving time: 0.000291629 seconds
plan limit 980
current timestep 77
num of flexible agents: 38
num of flexible tasks: 12
Solving time: 0.000280599 seconds
plan limit 980
current timestep 78
num of flexible agents: 36
num of flexible tasks: 12
Solving time: 0.000325636 seconds
plan limit 980
current timestep 79
num of flexible agents: 37
num of flexible tasks: 14
Solving time: 0.000309266 seconds
plan limit 980
current timestep 80
num of flexible agents: 38
num of flexible tasks: 14
Solving time: 0.000308235 seconds
plan limit 980
current timestep 81
num of flexible agents: 35
num of flexible tasks: 11
Solving time: 0.000312323 seconds
plan limit 980
current timestep 82
num of flexible agents: 35
num of flexible tasks: 11
Solving time: 0.000301101 seconds
plan limit 980
current timestep 83
num of flexible agents: 37
num of flexible tasks: 11
Solving time: 0.000285261 seconds
plan limit 980
current timestep 84
num of flexible agents: 35
num of flexible tasks: 10
Solving time: 0.000291869 seconds
plan limit 980
current timestep 85
num of flexible agents: 33
num of flexible tasks: 9
Solving time: 0.00026922 seconds
plan limit 980
current timestep 86
num of flexible agents: 31
num of flexible tasks: 9
Solving time: 0.00025832 seconds
plan limit 980
current timestep 87
num of flexible agents: 29
num of flexible tasks: 7
Solving time: 0.00028614 seconds
plan limit 980
current timestep 88
num of flexible agents: 33
num of flexible tasks: 8
Solving time: 0.000303456 seconds
plan limit 980
current timestep 89
num of flexible agents: 33
num of flexible tasks: 7
Solving time: 0.000268297 seconds
plan limit 980
current timestep 90
num of flexible agents: 34
num of flexible tasks: 7
Solving time: 0.000294259 seconds
plan limit 980
current timestep 91
num of flexible agents: 39
num of flexible tasks: 8
Solving time: 0.000265558 seconds
plan limit 980
current timestep 92
num of flexible agents: 37
num of flexible tasks: 7
Solving time: 0.000231846 seconds
plan limit 980
current timestep 93
num of flexible agents: 35
num of flexible tasks: 7
Solving time: 0.000266151 seconds
plan limit 980
current timestep 94
num of flexible agents: 35
num of flexible tasks: 8
Solving time: 0.000297074 seconds
plan limit 980
current timestep 95
num of flexible agents: 37
num of flexible tasks: 8
Solving time: 0.000286663 seconds
plan limit 980
current timestep 96
num of flexible agents: 41
num of flexible tasks: 9
Solving time: 0.000301347 seconds
plan limit 980
current timestep 97
num of flexible agents: 41
num of flexible tasks: 10
Solving time: 0.000277324 seconds
plan limit 980
current timestep 98
num of flexible agents: 40
num of flexible tasks: 8
Solving time: 0.000268415 seconds
plan limit 980
current timestep 99
num of flexible agents: 41
num of flexible tasks: 8
Solving time: 0.000299564 seconds
plan limit 980
current timestep 100
num of flexible agents: 39
num of flexible tasks: 8
Solving time: 0.00028001 seconds
plan limit 980
current timestep 101
num of flexible agents: 41
num of flexible tasks: 10
Solving time: 0.000346828 seconds
plan limit 980
current timestep 102
num of flexible agents: 40
num of flexible tasks: 9
Solving time: 0.000320209 seconds
plan limit 980
current timestep 103
num of flexible agents: 42
num of flexible tasks: 10
Solving time: 0.000306082 seconds
plan limit 980
current timestep 104
num of flexible agents: 42
num of flexible tasks: 10
Solving time: 0.000323704 seconds
plan limit 980
current timestep 105
num of flexible agents: 40
num of flexible tasks: 8
Solving time: 0.000281532 seconds
plan limit 980
current timestep 106
num of flexible agents: 39
num of flexible tasks: 8
Solving time: 0.000280737 seconds
plan limit 980
current timestep 107
num of flexible agents: 37
num of flexible tasks: 7
Solving time: 0.000279184 seconds
plan limit 980
current timestep 108
num of flexible agents: 40
num of flexible tasks: 8
Solving time: 0.00029265 seconds
plan limit 980
current timestep 109
num of flexible agents: 37
num of flexible tasks: 7
Solving time: 0.000289089 seconds
plan limit 980
current timestep 110
num of flexible agents: 36
num of flexible tasks: 7
Solving time: 0.000287107 seconds
plan limit 980
current timestep 111
num of flexible agents: 37
num of flexible tasks: 8
Solving time: 0.000259926 seconds
plan limit 980
current timestep 112
num of flexible agents: 34
num of flexible tasks: 7
Solving time: 0.000272338 seconds
plan limit 980
current timestep 113
num of flexible agents: 35
num of flexible tasks: 9
Solving time: 0.000310019 seconds
plan limit 980
current timestep 114
num of flexible agents: 36
num of flexible tasks: 9
Solving time: 0.000302727 seconds
plan limit 980
current timestep 115
num of flexible agents: 36
num of flexible tasks: 9
Solving time: 0.0003241 seconds
plan limit 980
current timestep 116
num of flexible agents: 35
num of flexible tasks: 9
Solving time: 0.000300348 seconds
plan limit 980
current timestep 117
num of flexible agents: 38
num of flexible tasks: 10
Solving time: 0.000292217 seconds
plan limit 980
current timestep 118
num of flexible agents: 39
num of flexible tasks: 11
Solving time: 0.000278218 seconds
plan limit 980
current timestep 119
num of flexible agents: 42
num of flexible tasks: 13
Solving time: 0.0002815 seconds
plan limit 980
current timestep 120
num of flexible agents: 41
num of flexible tasks: 12
Solving time: 0.000323649 seconds
plan limit 980
current timestep 121
num of flexible agents: 41
num of flexible tasks: 11
Solving time: 0.000304739 seconds
plan limit 980
current timestep 122
num of flexible agents: 41
num of flexible tasks: 12
Solving time: 0.000308646 seconds
plan limit 980
current timestep 123
num of flexible agents: 39
num of flexible tasks: 11
Solving time: 0.000301141 seconds
plan limit 980
current timestep 124
num of flexible agents: 40
num of flexible tasks: 11
Solving time: 0.000345769 seconds
plan limit 980
current timestep 125
num of flexible agents: 41
num of flexible tasks: 11
Solving time: 0.000278551 seconds
plan limit 980
current timestep 126
num of flexible agents: 43
num of flexible tasks: 11
Solving time: 0.000263085 seconds
plan limit 980
current timestep 127
num of flexible agents: 42
num of flexible tasks: 10
Solving time: 0.000255888 seconds
plan limit 980
current timestep 128
num of flexible agents: 39
num of flexible tasks: 8
Solving time: 0.00026551 seconds
plan limit 980
current timestep 129
num of flexible agents: 39
num of flexible tasks: 8
Solving time: 0.000257797 seconds
plan limit 980
current timestep 130
num of flexible agents: 39
num of flexible tasks: 7
Solving time: 0.000220598 seconds
plan limit 980
current timestep 131
num of flexible agents: 38
num of flexible tasks: 6
Solving time: 0.000271517 seconds
plan limit 980
current timestep 132
num of flexible agents: 40
num of flexible tasks: 7
Solving time: 0.000261804 seconds
plan limit 980
current timestep 133
num of flexible agents: 41
num of flexible tasks: 8
Solving time: 0.000267564 seconds
plan limit 980
current timestep 134
num of flexible agents: 44
num of flexible tasks: 9
Solving time: 0.00026979 seconds
plan limit 980
current timestep 135
num of flexible agents: 40
num of flexible tasks: 7
Solving time: 0.000283231 seconds
plan limit 980
current timestep 136
num of flexible agents: 41
num of flexible tasks: 9
Solving time: 0.000281517 seconds
plan limit 980
current timestep 137
num of flexible agents: 41
num of flexible tasks: 10
Solving time: 0.000263659 seconds
plan limit 980
current timestep 138
num of flexible agents: 40
num of flexible tasks: 10
Solving time: 0.000283348 seconds
plan limit 980
current timestep 139
num of flexible agents: 40
num of flexible tasks: 7
Solving time: 0.000293984 seconds
plan limit 980
current timestep 140
num of flexible agents: 39
num of flexible tasks: 7
Solving time: 0.000311894 seconds
plan limit 980
current timestep 141
num of flexible agents: 44
num of flexible tasks: 9
Solving time: 0.000260909 seconds
plan limit 980
current timestep 142
num of flexible agents: 43
num of flexible tasks: 10
Solving time: 0.00028367 seconds
plan limit 980
current timestep 143
num of flexible agents: 41
num of flexible tasks: 9
Solving time: 0.000241188 seconds
plan limit 980
current timestep 144
num of flexible agents: 39
num of flexible tasks: 7
Solving time: 0.000236973 seconds
plan limit 980
current timestep 145
num of flexible agents: 39
num of flexible tasks: 8
Solving time: 0.000260854 seconds
plan limit 980
current timestep 146
num of flexible agents: 41
num of flexible tasks: 8
Solving time: 0.000276106 seconds
plan limit 980
current timestep 147
num of flexible agents: 40
num of flexible tasks: 9
Solving time: 0.000242842 seconds
plan limit 980
current timestep 148
num of flexible agents: 40
num of flexible tasks: 10
Solving time: 0.000255387 seconds
plan limit 980
current timestep 149
num of flexible agents: 45
num of flexible tasks: 11
Solving time: 0.000288235 seconds
plan limit 980
current timestep 150
num of flexible agents: 45
num of flexible tasks: 13
Solving time: 0.000292176 seconds
plan limit 980
current timestep 151
num of flexible agents: 44
num of flexible tasks: 12
Solving time: 0.000288663 seconds
plan limit 980
current timestep 152
num of flexible agents: 40
num of flexible tasks: 10
Solving time: 0.000276834 seconds
plan limit 980
current timestep 153
num of flexible agents: 42
num of flexible tasks: 11
Solving time: 0.000262712 seconds
plan limit 980
current timestep 154
num of flexible agents: 41
num of flexible tasks: 10
Solving time: 0.000257432 seconds
plan limit 980
current timestep 155
num of flexible agents: 37
num of flexible tasks: 8
Solving time: 0.000276023 seconds
plan limit 980
current timestep 156
num of flexible agents: 38
num of flexible tasks: 8
Solving time: 0.000293316 seconds
plan limit 980
current timestep 157
num of flexible agents: 37
num of flexible tasks: 9
Solving time: 0.000324091 seconds
plan limit 980
current timestep 158
num of flexible agents: 36
num of flexible tasks: 10
Solving time: 0.000337925 seconds
plan limit 980
current timestep 159
num of flexible agents: 42
num of flexible tasks: 12
Solving time: 0.000284167 seconds
plan limit 980
current timestep 160
num of flexible agents: 42
num of flexible tasks: 13
Solving time: 0.000340929 seconds
plan limit 980
current timestep 161
num of flexible agents: 43
num of flexible tasks: 14
Solving time: 0.000307977 seconds
plan limit 980
current timestep 162
num of flexible agents: 42
num of flexible tasks: 11
Solving time: 0.000325463 seconds
plan limit 980
current timestep 163
num of flexible agents: 42
num of flexible tasks: 11
Solving time: 0.000284617 seconds
plan limit 980
current timestep 164
num of flexible agents: 41
num of flexible tasks: 11
Solving time: 0.000314448 seconds
plan limit 980
current timestep 165
num of flexible agents: 40
num of flexible tasks: 11
Solving time: 0.000251526 seconds
plan limit 980
current timestep 166
num of flexible agents: 37
num of flexible tasks: 9
Solving time: 0.000284619 seconds
plan limit 980
current timestep 167
num of flexible agents: 35
num of flexible tasks: 7
Solving time: 0.000300409 seconds
plan limit 980
current timestep 168
num of flexible agents: 35
num of flexible tasks: 9
Solving time: 0.000269177 seconds
plan limit 980
current timestep 169
num of flexible agents: 33
num of flexible tasks: 9
Solving time: 0.000306665 seconds
plan limit 980
current timestep 170
num of flexible agents: 33
num of flexible tasks: 8
Solving time: 0.000312993 seconds
plan limit 980
current timestep 171
num of flexible agents: 37
num of flexible tasks: 9
Solving time: 0.000289702 seconds
plan limit 980
current timestep 172
num of flexible agents: 38
num of flexible tasks: 10
Solving time: 0.000299365 seconds
plan limit 980
current timestep 173
num of flexible agents: 37
num of flexible tasks: 10
Solving time: 0.000300793 seconds
plan limit 980
current timestep 174
num of flexible agents: 37
num of flexible tasks: 11
Solving time: 0.000274498 seconds
plan limit 980
current timestep 175
num of flexible agents: 38
num of flexible tasks: 13
Solving time: 0.000285444 seconds
plan limit 980
current timestep 176
num of flexible agents: 37
num of flexible tasks: 12
Solving time: 0.00033169 seconds
plan limit 980
current timestep 177
num of flexible agents: 38
num of flexible tasks: 13
Solving time: 0.000296887 seconds
plan limit 980
current timestep 178
num of flexible agents: 35
num of flexible tasks: 10
Solving time: 0.000326682 seconds
plan limit 980
current timestep 179
num of flexible agents: 35
num of flexible tasks: 9
Solving time: 0.000297926 seconds
plan limit 980
current timestep 180
num of flexible agents: 35
num of flexible tasks: 11
Solving time: 0.000350145 seconds
plan limit 980
current timestep 181
num of flexible agents: 36
num of flexible tasks: 11
Solving time: 0.000311146 seconds
plan limit 980
current timestep 182
num of flexible agents: 36
num of flexible tasks: 11
Solving time: 0.000323288 seconds
plan limit 980
current timestep 183
num of flexible agents: 35
num of flexible tasks: 11
Solving time: 0.000296836 seconds
plan limit 980
current timestep 184
num of flexible agents: 38
num of flexible tasks: 12
Solving time: 0.000252198 seconds
plan limit 980
current timestep 185
num of flexible agents: 35
num of flexible tasks: 10
Solving time: 0.000259985 seconds
plan limit 980
current timestep 186
num of flexible agents: 36
num of flexible tasks: 11
Solving time: 0.000272823 seconds
plan limit 980
current timestep 187
num of flexible agents: 38
num of flexible tasks: 12
Solving time: 0.000256882 seconds
plan limit 980
current timestep 188
num of flexible agents: 32
num of flexible tasks: 7
Solving time: 0.000294443 seconds
plan limit 980
current timestep 189
num of flexible agents: 30
num of flexible tasks: 5
Solving time: 0.000240651 seconds
plan limit 980
current timestep 190
num of flexible agents: 33
num of flexible tasks: 5
Solving time: 0.000270211 seconds
plan limit 980
current timestep 191
num of flexible agents: 33
num of flexible tasks: 7
Solving time: 0.000294523 seconds
plan limit 980
current timestep 192
num of flexible agents: 35
num of flexible tasks: 8
Solving time: 0.000271231 seconds
plan limit 980
current timestep 193
num of flexible agents: 36
num of flexible tasks: 8
Solving time: 0.000286653 seconds
plan limit 980
current timestep 194
num of flexible agents: 36
num of flexible tasks: 9
Solving time: 0.000301034 seconds
plan limit 980
current timestep 195
num of flexible agents: 40
num of flexible tasks: 10
Solving time: 0.000278332 seconds
plan limit 980
current timestep 196
num of flexible agents: 41
num of flexible tasks: 9
Solving time: 0.000288662 seconds
plan limit 980
current timestep 197
num of flexible agents: 41
num of flexible tasks: 9
Solving time: 0.000233216 seconds
plan limit 980
current timestep 198
num of flexible agents: 40
num of flexible tasks: 9
Solving time: 0.000255631 seconds
plan limit 980
current timestep 199
num of flexible agents: 40
num of flexible tasks: 9
Solving time: 0.000253125 seconds
plan limit 980
current timestep 200
num of flexible agents: 40
num of flexible tasks: 9
Solving time: 0.000260474 seconds
plan limit 980
current timestep 201
num of flexible agents: 38
num of flexible tasks: 9
Solving time: 0.000254717 seconds
plan limit 980
current timestep 202
num of flexible agents: 38
num of flexible tasks: 8
Solving time: 0.000234023 seconds
plan limit 980
current timestep 203
num of flexible agents: 38
num of flexible tasks: 9
Solving time: 0.000235795 seconds
plan limit 980
current timestep 204
num of flexible agents: 36
num of flexible tasks: 6
Solving time: 0.000238015 seconds
plan limit 980
current timestep 205
num of flexible agents: 35
num of flexible tasks: 6
Solving time: 0.000252567 seconds
plan limit 980
current timestep 206
num of flexible agents: 36
num of flexible tasks: 6
Solving time: 0.00023289 seconds
plan limit 980
current timestep 207
num of flexible agents: 37
num of flexible tasks: 5
Solving time: 0.000227231 seconds
plan limit 980
current timestep 208
num of flexible agents: 37
num of flexible tasks: 5
Solving time: 0.000231062 seconds
plan limit 980
current timestep 209
num of flexible agents: 38
num of flexible tasks: 6
Solving time: 0.000226849 seconds
plan limit 980
current timestep 210
num of flexible agents: 35
num of flexible tasks: 5
Solving time: 0.000245901 seconds
plan limit 980
current timestep 211
num of flexible agents: 35
num of flexible tasks: 5
Solving time: 0.000234099 seconds
plan limit 980
current timestep 212
num of flexible agents: 35
num of flexible tasks: 7
Solving time: 0.000242117 seconds
plan limit 980
current timestep 213
num of flexible agents: 32
num of flexible tasks: 6
Solving time: 0.000268885 seconds
plan limit 980
current timestep 214
num of flexible agents: 34
num of flexible tasks: 8
Solving time: 0.000367507 seconds
plan limit 980
current timestep 215
num of flexible agents: 36
num of flexible tasks: 10
Solving time: 0.000253564 seconds
plan limit 980
current timestep 216
num of flexible agents: 37
num of flexible tasks: 10
Solving time: 0.000254758 seconds
plan limit 980
current timestep 217
num of flexible agents: 37
num of flexible tasks: 10
Solving time: 0.000265156 seconds
plan limit 980
current timestep 218
num of flexible agents: 38
num of flexible tasks: 10
Solving time: 0.000265866 seconds
plan limit 980
current timestep 219
num of flexible agents: 37
num of flexible tasks: 10
Solving time: 0.000254683 seconds
plan limit 980
current timestep 220
num of flexible agents: 40
num of flexible tasks: 11
Solving time: 0.000286275 seconds
plan limit 980
current timestep 221
num of flexible agents: 39
num of flexible tasks: 10
Solving time: 0.000283649 seconds
plan limit 980
current timestep 222
num of flexible agents: 36
num of flexible tasks: 8
Solving time: 0.000383724 seconds
plan limit 980
current timestep 223
num of flexible agents: 36
num of flexible tasks: 8
Solving time: 0.000283531 seconds
plan limit 980
current timestep 224
num of flexible agents: 37
num of flexible tasks: 7
Solving time: 0.0002681 seconds
plan limit 980
current timestep 225
num of flexible agents: 39
num of flexible tasks: 8
Solving time: 0.000253901 seconds
plan limit 980
current timestep 226
num of flexible agents: 39
num of flexible tasks: 9
Solving time: 0.000293221 seconds
plan limit 980
current timestep 227
num of flexible agents: 38
num of flexible tasks: 10
Solving time: 0.000320043 seconds
plan limit 980
current timestep 228
num of flexible agents: 40
num of flexible tasks: 10
Solving time: 0.00025242 seconds
plan limit 980
current timestep 229
num of flexible agents: 36
num of flexible tasks: 8
Solving time: 0.000279748 seconds
plan limit 980
current timestep 230
num of flexible agents: 37
num of flexible tasks: 8
Solving time: 0.000275042 seconds
plan limit 980
current timestep 231
num of flexible agents: 36
num of flexible tasks: 8
Solving time: 0.000275664 seconds
plan limit 980
current timestep 232
num of flexible agents: 36
num of flexible tasks: 8
Solving time: 0.00028719 seconds
plan limit 980
current timestep 233
num of flexible agents: 36
num of flexible tasks: 9
Solving time: 0.000290534 seconds
plan limit 980
current timestep 234
num of flexible agents: 36
num of flexible tasks: 10
Solving time: 0.000300477 seconds
plan limit 980
current timestep 235
num of flexible agents: 38
num of flexible tasks: 11
Solving time: 0.000287499 seconds
plan limit 980
current timestep 236
num of flexible agents: 38
num of flexible tasks: 11
Solving time: 0.000351846 seconds
plan limit 980
current timestep 237
num of flexible agents: 37
num of flexible tasks: 10
Solving time: 0.000313003 seconds
plan limit 980
current timestep 238
num of flexible agents: 35
num of flexible tasks: 9
Solving time: 0.000284402 seconds
plan limit 980
current timestep 239
num of flexible agents: 39
num of flexible tasks: 11
Solving time: 0.000316768 seconds
plan limit 980
current timestep 240
num of flexible agents: 40
num of flexible tasks: 13
Solving time: 0.000298705 seconds
plan limit 980
current timestep 241
num of flexible agents: 38
num of flexible tasks: 11
Solving time: 0.000324702 seconds
plan limit 980
current timestep 242
num of flexible agents: 39
num of flexible tasks: 11
Solving time: 0.000289777 seconds
plan limit 980
current timestep 243
num of flexible agents: 43
num of flexible tasks: 12
Solving time: 0.000288465 seconds
plan limit 980
current timestep 244
num of flexible agents: 39
num of flexible tasks: 9
Solving time: 0.000273767 seconds
plan limit 980
current timestep 245
num of flexible agents: 42
num of flexible tasks: 9
Solving time: 0.000323532 seconds
plan limit 980
current timestep 246
num of flexible agents: 39
num of flexible tasks: 7
Solving time: 0.000253194 seconds
plan limit 980
current timestep 247
num of flexible agents: 41
num of flexible tasks: 7
Solving time: 0.000268039 seconds
plan limit 980
current timestep 248
num of flexible agents: 39
num of flexible tasks: 6
Solving time: 0.000251481 seconds
plan limit 980
current timestep 249
num of flexible agents: 39
num of flexible tasks: 5
Solving time: 0.000254137 seconds
plan limit 980
current timestep 250
num of flexible agents: 39
num of flexible tasks: 3
Solving time: 0.000249911 seconds
plan limit 980
current timestep 251
num of flexible agents: 39
num of flexible tasks: 2
Solving time: 0.000246684 seconds
plan limit 980
current timestep 252
num of flexible agents: 41
num of flexible tasks: 2
Solving time: 0.00022072 seconds
plan limit 980
current timestep 253
num of flexible agents: 40
num of flexible tasks: 0
Solving time: 0.000213433 seconds
plan limit 980
current timestep 254
num of flexible agents: 40
num of flexible tasks: 0
Solving time: 0.000234642 seconds
plan limit 980
current timestep 255
num of flexible agents: 43
num of flexible tasks: 0
Solving time: 0.000245866 seconds
plan limit 980
current timestep 256
num of flexible agents: 44
num of flexible tasks: 0
Solving time: 0.000212654 seconds
plan limit 980
current timestep 257
num of flexible agents: 45
num of flexible tasks: 0
Solving time: 0.000212404 seconds
plan limit 980
current timestep 258
num of flexible agents: 48
num of flexible tasks: 0
Solving time: 0.00023054 seconds
plan limit 980
current timestep 259
num of flexible agents: 52
num of flexible tasks: 0
Solving time: 0.000241535 seconds
plan limit 980
current timestep 260
num of flexible agents: 53
num of flexible tasks: 0
Solving time: 0.000228717 seconds
plan limit 980
current timestep 261
num of flexible agents: 54
num of flexible tasks: 0
Solving time: 0.000228191 seconds
plan limit 980
current timestep 262
num of flexible agents: 55
num of flexible tasks: 0
Solving time: 0.000236825 seconds
plan limit 980
current timestep 263
num of flexible agents: 56
num of flexible tasks: 0
Solving time: 0.000232045 seconds
plan limit 980
current timestep 264
num of flexible agents: 62
num of flexible tasks: 0
Solving time: 0.000232322 seconds
plan limit 980
current timestep 265
num of flexible agents: 62
num of flexible tasks: 0
Solving time: 0.00022323 seconds
plan limit 980
current timestep 266
num of flexible agents: 63
num of flexible tasks: 0
Solving time: 0.000209332 seconds
plan limit 980
current timestep 267
num of flexible agents: 64
num of flexible tasks: 0
Solving time: 0.00023122 seconds
plan limit 980
current timestep 268
num of flexible agents: 66
num of flexible tasks: 0
Solving time: 0.000247068 seconds
plan limit 980
current timestep 269
num of flexible agents: 68
num of flexible tasks: 0
Solving time: 0.000204469 seconds
plan limit 980
current timestep 270
num of flexible agents: 68
num of flexible tasks: 0
Solving time: 0.000237597 seconds
plan limit 980
current timestep 271
num of flexible agents: 72
num of flexible tasks: 0
Solving time: 0.000237099 seconds
plan limit 980
current timestep 272
num of flexible agents: 72
num of flexible tasks: 0
Solving time: 0.000214481 seconds
plan limit 980
current timestep 273
num of flexible agents: 73
num of flexible tasks: 0
Solving time: 0.000228985 seconds
plan limit 980
current timestep 274
num of flexible agents: 73
num of flexible tasks: 0
Solving time: 0.000232907 seconds
plan limit 980
current timestep 275
num of flexible agents: 73
num of flexible tasks: 0
Solving time: 0.000220198 seconds
plan limit 980
current timestep 276
num of flexible agents: 76
num of flexible tasks: 0
Solving time: 0.00021994 seconds
plan limit 980
current timestep 277
num of flexible agents: 76
num of flexible tasks: 0
Solving time: 0.000244914 seconds
plan limit 980
current timestep 278
num of flexible agents: 76
num of flexible tasks: 0
Solving time: 0.000243512 seconds
plan limit 980
current timestep 279
num of flexible agents: 77
num of flexible tasks: 0
Solving time: 0.000220809 seconds
plan limit 980
current timestep 280
num of flexible agents: 77
num of flexible tasks: 0
Solving time: 0.000217884 seconds
plan limit 980
current timestep 281
num of flexible agents: 77
num of flexible tasks: 0
Solving time: 0.00026678 seconds
plan limit 980
current timestep 282
num of flexible agents: 77
num of flexible tasks: 0
Solving time: 0.000222897 seconds
plan limit 980
current timestep 283
num of flexible agents: 77
num of flexible tasks: 0
Solving time: 0.000238489 seconds
plan limit 980
current timestep 284
num of flexible agents: 78
num of flexible tasks: 0
Solving time: 0.000252484 seconds
plan limit 980
current timestep 285
num of flexible agents: 79
num of flexible tasks: 0
Solving time: 0.000251799 seconds
plan limit 980
current timestep 286
num of flexible agents: 79
num of flexible tasks: 0
Solving time: 0.000215145 seconds
plan limit 980
All tasks finished at timestep 287
