current timestep 0
num of flexible agents: 50
num of flexible tasks: 5
Solving time: 0.000364061 seconds
plan limit 980
current timestep 1
num of flexible agents: 49
num of flexible tasks: 9
Solving time: 0.000343821 seconds
plan limit 980
current timestep 2
num of flexible agents: 47
num of flexible tasks: 12
Solving time: 0.00036572 seconds
plan limit 980
current timestep 3
num of flexible agents: 44
num of flexible tasks: 14
Solving time: 0.000307955 seconds
plan limit 980
current timestep 4
num of flexible agents: 43
num of flexible tasks: 18
Solving time: 0.000382228 seconds
plan limit 980
current timestep 5
num of flexible agents: 42
num of flexible tasks: 22
Solving time: 0.000437643 seconds
plan limit 980
current timestep 6
num of flexible agents: 39
num of flexible tasks: 24
Solving time: 0.000451557 seconds
plan limit 980
current timestep 7
num of flexible agents: 37
num of flexible tasks: 27
Solving time: 0.000449996 seconds
plan limit 980
current timestep 8
num of flexible agents: 33
num of flexible tasks: 28
Solving time: 0.000454968 seconds
plan limit 980
current timestep 9
num of flexible agents: 28
num of flexible tasks: 28
Solving time: 0.000447569 seconds
plan limit 980
current timestep 10
num of flexible agents: 27
num of flexible tasks: 31
Solving time: 0.000422554 seconds
plan limit 980
current timestep 11
num of flexible agents: 25
num of flexible tasks: 34
Solving time: 0.000410739 seconds
plan limit 980
current timestep 12
num of flexible agents: 21
num of flexible tasks: 35
Solving time: 0.00037834 seconds
plan limit 980
current timestep 13
num of flexible agents: 18
num of flexible tasks: 36
Solving time: 0.000321402 seconds
plan limit 980
current timestep 14
num of flexible agents: 15
num of flexible tasks: 36
Solving time: 0.000408023 seconds
plan limit 980
current timestep 15
num of flexible agents: 10
num of flexible tasks: 36
Solving time: 0.000327284 seconds
plan limit 980
current timestep 16
num of flexible agents: 10
num of flexible tasks: 40
Solving time: 0.00028114 seconds
plan limit 980
current timestep 17
num of flexible agents: 6
num of flexible tasks: 40
Solving time: 0.000275604 seconds
plan limit 980
current timestep 18
num of flexible agents: 3
num of flexible tasks: 41
Solving time: 0.00082753 seconds
plan limit 980
current timestep 19
num of flexible agents: 1
num of flexible tasks: 44
Solving time: 0.000696471 seconds
plan limit 980
current timestep 20
num of flexible agents: 2
num of flexible tasks: 49
Solving time: 0.000850482 seconds
plan limit 980
current timestep 21
num of flexible agents: 3
num of flexible tasks: 53
Solving time: 0.000867568 seconds
plan limit 979
current timestep 22
num of flexible agents: 2
num of flexible tasks: 57
Solving time: 0.000808781 seconds
plan limit 980
current timestep 23
num of flexible agents: 1
num of flexible tasks: 61
Solving time: 0.000735643 seconds
plan limit 980
current timestep 24
num of flexible agents: 3
num of flexible tasks: 66
Solving time: 0.000777901 seconds
plan limit 980
current timestep 25
num of flexible agents: 4
num of flexible tasks: 70
Solving time: 0.000236291 seconds
plan limit 980
current timestep 26
num of flexible agents: 2
num of flexible tasks: 73
Solving time: 0.00073787 seconds
plan limit 980
current timestep 27
num of flexible agents: 2
num of flexible tasks: 77
Solving time: 0.000737547 seconds
plan limit 980
current timestep 28
num of flexible agents: 2
num of flexible tasks: 80
Solving time: 0.000809176 seconds
plan limit 980
current timestep 29
num of flexible agents: 1
num of flexible tasks: 83
Solving time: 0.000628511 seconds
plan limit 980
current timestep 30
num of flexible agents: 2
num of flexible tasks: 87
Solving time: 0.00073067 seconds
plan limit 980
current timestep 31
num of flexible agents: 5
num of flexible tasks: 91
Solving time: 0.000279201 seconds
plan limit 980
current timestep 32
num of flexible agents: 4
num of flexible tasks: 94
Solving time: 0.000285457 seconds
plan limit 980
current timestep 33
num of flexible agents: 2
num of flexible tasks: 96
Solving time: 0.000769359 seconds
plan limit 980
current timestep 34
num of flexible agents: 0
num of flexible tasks: 99
Solving time: 0.000227208 seconds
plan limit 980
current timestep 35
num of flexible agents: 5
num of flexible tasks: 104
Solving time: 0.000292922 seconds
plan limit 980
current timestep 36
num of flexible agents: 6
num of flexible tasks: 107
Solving time: 0.000299792 seconds
plan limit 980
current timestep 37
num of flexible agents: 5
num of flexible tasks: 108
Solving time: 0.000310741 seconds
plan limit 980
current timestep 38
num of flexible agents: 4
num of flexible tasks: 110
Solving time: 0.000824218 seconds
plan limit 980
current timestep 39
num of flexible agents: 2
num of flexible tasks: 113
Solving time: 0.000738405 seconds
plan limit 980
current timestep 40
num of flexible agents: 5
num of flexible tasks: 116
Solving time: 0.000277391 seconds
plan limit 980
current timestep 41
num of flexible agents: 7
num of flexible tasks: 120
Solving time: 0.000317838 seconds
plan limit 980
current timestep 42
num of flexible agents: 8
num of flexible tasks: 122
Solving time: 0.000295726 seconds
plan limit 980
current timestep 43
num of flexible agents: 7
num of flexible tasks: 123
Solving time: 0.000283223 seconds
plan limit 980
current timestep 44
num of flexible agents: 3
num of flexible tasks: 123
Solving time: 0.000794574 seconds
plan limit 980
current timestep 45
num of flexible agents: 2
num of flexible tasks: 126
Solving time: 0.000760999 seconds
plan limit 980
current timestep 46
num of flexible agents: 2
num of flexible tasks: 130
Solving time: 0.000842928 seconds
plan limit 980
current timestep 47
num of flexible agents: 2
num of flexible tasks: 133
Solving time: 0.000753647 seconds
plan limit 980
current timestep 48
num of flexible agents: 4
num of flexible tasks: 137
Solving time: 0.00080836 seconds
plan limit 980
current timestep 49
num of flexible agents: 2
num of flexible tasks: 140
Solving time: 0.000761613 seconds
plan limit 980
current timestep 50
num of flexible agents: 4
num of flexible tasks: 143
Solving time: 0.000821314 seconds
plan limit 980
current timestep 51
num of flexible agents: 5
num of flexible tasks: 146
Solving time: 0.000289071 seconds
plan limit 980
current timestep 52
num of flexible agents: 1
num of flexible tasks: 147
Solving time: 0.000391525 seconds
plan limit 980
current timestep 53
num of flexible agents: 3
num of flexible tasks: 151
Solving time: 0.000741037 seconds
plan limit 980
current timestep 54
num of flexible agents: 6
num of flexible tasks: 154
Solving time: 0.000285541 seconds
plan limit 980
current timestep 55
num of flexible agents: 8
num of flexible tasks: 156
Solving time: 0.000326664 seconds
plan limit 980
current timestep 56
num of flexible agents: 4
num of flexible tasks: 154
Solving time: 0.000823037 seconds
plan limit 980
current timestep 57
num of flexible agents: 2
num of flexible tasks: 156
Solving time: 0.000738415 seconds
plan limit 980
current timestep 58
num of flexible agents: 5
num of flexible tasks: 159
Solving time: 0.000843907 seconds
plan limit 979
current timestep 59
num of flexible agents: 6
num of flexible tasks: 162
Solving time: 0.000323543 seconds
plan limit 980
current timestep 60
num of flexible agents: 3
num of flexible tasks: 163
Solving time: 0.000856882 seconds
plan limit 979
current timestep 61
num of flexible agents: 2
num of flexible tasks: 167
Solving time: 0.000749201 seconds
plan limit 980
current timestep 62
num of flexible agents: 7
num of flexible tasks: 172
Solving time: 0.000324326 seconds
plan limit 980
current timestep 63
num of flexible agents: 2
num of flexible tasks: 171
Solving time: 0.000739649 seconds
plan limit 980
current timestep 64
num of flexible agents: 3
num of flexible tasks: 174
Solving time: 0.000804033 seconds
plan limit 980
current timestep 65
num of flexible agents: 2
num of flexible tasks: 177
Solving time: 0.000749931 seconds
plan limit 980
current timestep 66
num of flexible agents: 2
num of flexible tasks: 181
Solving time: 0.000701595 seconds
plan limit 980
current timestep 67
num of flexible agents: 3
num of flexible tasks: 185
Solving time: 0.000774173 seconds
plan limit 980
current timestep 68
num of flexible agents: 0
num of flexible tasks: 187
Solving time: 0.000223442 seconds
plan limit 980
current timestep 69
num of flexible agents: 2
num of flexible tasks: 192
Solving time: 0.000809784 seconds
plan limit 980
current timestep 70
num of flexible agents: 1
num of flexible tasks: 195
Solving time: 0.000603883 seconds
plan limit 980
current timestep 71
num of flexible agents: 4
num of flexible tasks: 199
Solving time: 0.000829363 seconds
plan limit 979
current timestep 72
num of flexible agents: 6
num of flexible tasks: 201
Solving time: 0.000291253 seconds
plan limit 980
current timestep 73
num of flexible agents: 7
num of flexible tasks: 202
Solving time: 0.000297604 seconds
plan limit 980
current timestep 74
num of flexible agents: 4
num of flexible tasks: 201
Solving time: 0.000821622 seconds
plan limit 980
current timestep 75
num of flexible agents: 4
num of flexible tasks: 203
Solving time: 0.00086813 seconds
plan limit 979
current timestep 76
num of flexible agents: 3
num of flexible tasks: 206
Solving time: 0.000800879 seconds
plan limit 980
current timestep 77
num of flexible agents: 4
num of flexible tasks: 209
Solving time: 0.000837337 seconds
plan limit 979
current timestep 78
num of flexible agents: 2
num of flexible tasks: 211
Solving time: 0.000711229 seconds
plan limit 980
current timestep 79
num of flexible agents: 5
num of flexible tasks: 215
Solving time: 0.000832335 seconds
plan limit 979
current timestep 80
num of flexible agents: 2
num of flexible tasks: 215
Solving time: 0.000674994 seconds
plan limit 980
current timestep 81
num of flexible agents: 1
num of flexible tasks: 218
Solving time: 0.000366118 seconds
plan limit 980
current timestep 82
num of flexible agents: 7
num of flexible tasks: 222
Solving time: 0.000294629 seconds
plan limit 980
current timestep 83
num of flexible agents: 3
num of flexible tasks: 221
Solving time: 0.000807002 seconds
plan limit 980
current timestep 84
num of flexible agents: 2
num of flexible tasks: 223
Solving time: 0.000712693 seconds
plan limit 980
current timestep 85
num of flexible agents: 3
num of flexible tasks: 226
Solving time: 0.000798654 seconds
plan limit 980
current timestep 86
num of flexible agents: 1
num of flexible tasks: 229
Solving time: 0.000576267 seconds
plan limit 980
current timestep 87
num of flexible agents: 2
num of flexible tasks: 233
Solving time: 0.000661696 seconds
plan limit 980
current timestep 88
num of flexible agents: 3
num of flexible tasks: 238
Solving time: 0.000817885 seconds
plan limit 980
current timestep 89
num of flexible agents: 3
num of flexible tasks: 241
Solving time: 0.000784672 seconds
plan limit 980
current timestep 90
num of flexible agents: 4
num of flexible tasks: 245
Solving time: 0.000794766 seconds
plan limit 980
current timestep 91
num of flexible agents: 3
num of flexible tasks: 246
Solving time: 0.000825076 seconds
plan limit 979
current timestep 92
num of flexible agents: 3
num of flexible tasks: 249
Solving time: 0.000892519 seconds
plan limit 979
current timestep 93
num of flexible agents: 1
num of flexible tasks: 251
Solving time: 0.000620979 seconds
plan limit 980
current timestep 94
num of flexible agents: 0
num of flexible tasks: 255
Solving time: 0.000245499 seconds
plan limit 980
current timestep 95
num of flexible agents: 3
num of flexible tasks: 260
Solving time: 0.000805722 seconds
plan limit 980
current timestep 96
num of flexible agents: 2
num of flexible tasks: 263
Solving time: 0.000718654 seconds
plan limit 980
current timestep 97
num of flexible agents: 5
num of flexible tasks: 267
Solving time: 0.000827437 seconds
plan limit 979
current timestep 98
num of flexible agents: 1
num of flexible tasks: 267
Solving time: 0.0005655 seconds
plan limit 980
current timestep 99
num of flexible agents: 1
num of flexible tasks: 271
Solving time: 0.000579803 seconds
plan limit 980
current timestep 100
num of flexible agents: 3
num of flexible tasks: 270
Solving time: 0.000777373 seconds
plan limit 980
current timestep 101
num of flexible agents: 2
num of flexible tasks: 267
Solving time: 0.000678457 seconds
plan limit 980
current timestep 102
num of flexible agents: 2
num of flexible tasks: 265
Solving time: 0.000639111 seconds
plan limit 980
current timestep 103
num of flexible agents: 4
num of flexible tasks: 263
Solving time: 0.000789374 seconds
plan limit 980
current timestep 104
num of flexible agents: 2
num of flexible tasks: 260
Solving time: 0.000697543 seconds
plan limit 980
current timestep 105
num of flexible agents: 2
num of flexible tasks: 259
Solving time: 0.000668668 seconds
plan limit 980
current timestep 106
num of flexible agents: 7
num of flexible tasks: 258
Solving time: 0.000288823 seconds
plan limit 980
current timestep 107
num of flexible agents: 4
num of flexible tasks: 251
Solving time: 0.000819019 seconds
plan limit 979
current timestep 108
num of flexible agents: 1
num of flexible tasks: 247
Solving time: 0.000606989 seconds
plan limit 980
current timestep 109
num of flexible agents: 3
num of flexible tasks: 246
Solving time: 0.000727838 seconds
plan limit 980
current timestep 110
num of flexible agents: 2
num of flexible tasks: 244
Solving time: 0.000636922 seconds
plan limit 980
current timestep 111
num of flexible agents: 3
num of flexible tasks: 242
Solving time: 0.000705333 seconds
plan limit 980
current timestep 112
num of flexible agents: 3
num of flexible tasks: 239
Solving time: 0.000701926 seconds
plan limit 980
current timestep 113
num of flexible agents: 3
num of flexible tasks: 237
Solving time: 0.000763623 seconds
plan limit 980
current timestep 114
num of flexible agents: 0
num of flexible tasks: 234
Solving time: 0.000213498 seconds
plan limit 980
current timestep 115
num of flexible agents: 3
num of flexible tasks: 234
Solving time: 0.000794494 seconds
plan limit 980
current timestep 116
num of flexible agents: 2
num of flexible tasks: 231
Solving time: 0.00066638 seconds
plan limit 980
current timestep 117
num of flexible agents: 0
num of flexible tasks: 229
Solving time: 0.00019974 seconds
plan limit 980
current timestep 118
num of flexible agents: 2
num of flexible tasks: 229
Solving time: 0.000720869 seconds
plan limit 980
current timestep 119
num of flexible agents: 3
num of flexible tasks: 228
Solving time: 0.000695523 seconds
plan limit 980
current timestep 120
num of flexible agents: 3
num of flexible tasks: 226
Solving time: 0.00070206 seconds
plan limit 980
current timestep 121
num of flexible agents: 6
num of flexible tasks: 224
Solving time: 0.000267135 seconds
plan limit 980
current timestep 122
num of flexible agents: 5
num of flexible tasks: 221
Solving time: 0.000844094 seconds
plan limit 979
current timestep 123
num of flexible agents: 4
num of flexible tasks: 220
Solving time: 0.000810932 seconds
plan limit 980
current timestep 124
num of flexible agents: 6
num of flexible tasks: 217
Solving time: 0.000312809 seconds
plan limit 980
current timestep 125
num of flexible agents: 8
num of flexible tasks: 216
Solving time: 0.000295293 seconds
plan limit 980
current timestep 126
num of flexible agents: 2
num of flexible tasks: 210
Solving time: 0.000674582 seconds
plan limit 980
current timestep 127
num of flexible agents: 3
num of flexible tasks: 210
Solving time: 0.000710158 seconds
plan limit 980
current timestep 128
num of flexible agents: 5
num of flexible tasks: 209
Solving time: 0.000820698 seconds
plan limit 980
current timestep 129
num of flexible agents: 2
num of flexible tasks: 204
Solving time: 0.000718504 seconds
plan limit 980
current timestep 130
num of flexible agents: 4
num of flexible tasks: 203
Solving time: 0.00084945 seconds
plan limit 980
current timestep 131
num of flexible agents: 6
num of flexible tasks: 201
Solving time: 0.000273504 seconds
plan limit 980
current timestep 132
num of flexible agents: 4
num of flexible tasks: 197
Solving time: 0.000770741 seconds
plan limit 980
current timestep 133
num of flexible agents: 2
num of flexible tasks: 193
Solving time: 0.000761949 seconds
plan limit 980
current timestep 134
num of flexible agents: 5
num of flexible tasks: 192
Solving time: 0.000809093 seconds
plan limit 980
current timestep 135
num of flexible agents: 3
num of flexible tasks: 188
Solving time: 0.00075782 seconds
plan limit 980
current timestep 136
num of flexible agents: 4
num of flexible tasks: 186
Solving time: 0.000799314 seconds
plan limit 980
current timestep 137
num of flexible agents: 3
num of flexible tasks: 183
Solving time: 0.000729902 seconds
plan limit 980
current timestep 138
num of flexible agents: 3
num of flexible tasks: 183
Solving time: 0.000820062 seconds
plan limit 980
current timestep 139
num of flexible agents: 4
num of flexible tasks: 181
Solving time: 0.000782217 seconds
plan limit 980
current timestep 140
num of flexible agents: 6
num of flexible tasks: 179
Solving time: 0.000286017 seconds
plan limit 980
current timestep 141
num of flexible agents: 3
num of flexible tasks: 175
Solving time: 0.000755447 seconds
plan limit 980
current timestep 142
num of flexible agents: 2
num of flexible tasks: 173
Solving time: 0.000782201 seconds
plan limit 980
current timestep 143
num of flexible agents: 5
num of flexible tasks: 172
Solving time: 0.000801684 seconds
plan limit 980
current timestep 144
num of flexible agents: 6
num of flexible tasks: 168
Solving time: 0.000274278 seconds
plan limit 980
current timestep 145
num of flexible agents: 6
num of flexible tasks: 165
Solving time: 0.00026863 seconds
plan limit 980
current timestep 146
num of flexible agents: 7
num of flexible tasks: 162
Solving time: 0.000274805 seconds
plan limit 980
current timestep 147
num of flexible agents: 3
num of flexible tasks: 156
Solving time: 0.000852478 seconds
plan limit 980
current timestep 148
num of flexible agents: 3
num of flexible tasks: 154
Solving time: 0.000772768 seconds
plan limit 980
current timestep 149
num of flexible agents: 4
num of flexible tasks: 152
Solving time: 0.000825029 seconds
plan limit 980
current timestep 150
num of flexible agents: 2
num of flexible tasks: 149
Solving time: 0.000724176 seconds
plan limit 980
current timestep 151
num of flexible agents: 3
num of flexible tasks: 148
Solving time: 0.000720107 seconds
plan limit 980
current timestep 152
num of flexible agents: 4
num of flexible tasks: 147
Solving time: 0.000810121 seconds
plan limit 979
current timestep 153
num of flexible agents: 5
num of flexible tasks: 146
Solving time: 0.000806238 seconds
plan limit 980
current timestep 154
num of flexible agents: 6
num of flexible tasks: 145
Solving time: 0.000274099 seconds
plan limit 980
current timestep 155
num of flexible agents: 3
num of flexible tasks: 142
Solving time: 0.000697699 seconds
plan limit 980
current timestep 156
num of flexible agents: 4
num of flexible tasks: 140
Solving time: 0.000851088 seconds
plan limit 979
current timestep 157
num of flexible agents: 2
num of flexible tasks: 137
Solving time: 0.000794752 seconds
plan limit 980
current timestep 158
num of flexible agents: 5
num of flexible tasks: 137
Solving time: 0.000809052 seconds
plan limit 980
current timestep 159
num of flexible agents: 4
num of flexible tasks: 135
Solving time: 0.000825402 seconds
plan limit 980
current timestep 160
num of flexible agents: 3
num of flexible tasks: 133
Solving time: 0.000746557 seconds
plan limit 980
current timestep 161
num of flexible agents: 5
num of flexible tasks: 132
Solving time: 0.000800256 seconds
plan limit 980
current timestep 162
num of flexible agents: 6
num of flexible tasks: 130
Solving time: 0.000274723 seconds
plan limit 980
current timestep 163
num of flexible agents: 6
num of flexible tasks: 125
Solving time: 0.000296157 seconds
plan limit 980
current timestep 164
num of flexible agents: 4
num of flexible tasks: 122
Solving time: 0.000824018 seconds
plan limit 980
current timestep 165
num of flexible agents: 4
num of flexible tasks: 121
Solving time: 0.000837492 seconds
plan limit 980
current timestep 166
num of flexible agents: 6
num of flexible tasks: 121
Solving time: 0.000291284 seconds
plan limit 980
current timestep 167
num of flexible agents: 7
num of flexible tasks: 120
Solving time: 0.000281811 seconds
plan limit 980
current timestep 168
num of flexible agents: 8
num of flexible tasks: 120
Solving time: 0.000292347 seconds
plan limit 980
current timestep 169
num of flexible agents: 7
num of flexible tasks: 118
Solving time: 0.00028558 seconds
plan limit 980
current timestep 170
num of flexible agents: 4
num of flexible tasks: 115
Solving time: 0.000912161 seconds
plan limit 979
current timestep 171
num of flexible agents: 4
num of flexible tasks: 114
Solving time: 0.000899284 seconds
plan limit 979
current timestep 172
num of flexible agents: 5
num of flexible tasks: 112
Solving time: 0.000860716 seconds
plan limit 979
current timestep 173
num of flexible agents: 4
num of flexible tasks: 109
Solving time: 0.000854544 seconds
plan limit 979
current timestep 174
num of flexible agents: 5
num of flexible tasks: 108
Solving time: 0.000816825 seconds
plan limit 980
current timestep 175
num of flexible agents: 6
num of flexible tasks: 107
Solving time: 0.000269621 seconds
plan limit 980
current timestep 176
num of flexible agents: 6
num of flexible tasks: 104
Solving time: 0.000293733 seconds
plan limit 980
current timestep 177
num of flexible agents: 5
num of flexible tasks: 101
Solving time: 0.000808909 seconds
plan limit 980
current timestep 178
num of flexible agents: 7
num of flexible tasks: 99
Solving time: 0.000276742 seconds
plan limit 980
current timestep 179
num of flexible agents: 7
num of flexible tasks: 97
Solving time: 0.000295576 seconds
plan limit 980
current timestep 180
num of flexible agents: 7
num of flexible tasks: 93
Solving time: 0.000284073 seconds
plan limit 980
current timestep 181
num of flexible agents: 4
num of flexible tasks: 90
Solving time: 0.000827473 seconds
plan limit 980
current timestep 182
num of flexible agents: 6
num of flexible tasks: 88
Solving time: 0.000269613 seconds
plan limit 980
current timestep 183
num of flexible agents: 4
num of flexible tasks: 85
Solving time: 0.000819194 seconds
plan limit 980
current timestep 184
num of flexible agents: 4
num of flexible tasks: 83
Solving time: 0.000841297 seconds
plan limit 979
current timestep 185
num of flexible agents: 3
num of flexible tasks: 82
Solving time: 0.000825968 seconds
plan limit 980
current timestep 186
num of flexible agents: 2
num of flexible tasks: 81
Solving time: 0.00076966 seconds
plan limit 980
current timestep 187
num of flexible agents: 6
num of flexible tasks: 80
Solving time: 0.000295975 seconds
plan limit 980
current timestep 188
num of flexible agents: 5
num of flexible tasks: 79
Solving time: 0.000285585 seconds
plan limit 980
current timestep 189
num of flexible agents: 6
num of flexible tasks: 77
Solving time: 0.000288867 seconds
plan limit 980
current timestep 190
num of flexible agents: 8
num of flexible tasks: 75
Solving time: 0.000318765 seconds
plan limit 980
current timestep 191
num of flexible agents: 9
num of flexible tasks: 71
Solving time: 0.000303024 seconds
plan limit 980
current timestep 192
num of flexible agents: 9
num of flexible tasks: 68
Solving time: 0.000317184 seconds
plan limit 980
current timestep 193
num of flexible agents: 7
num of flexible tasks: 65
Solving time: 0.000296517 seconds
plan limit 980
current timestep 194
num of flexible agents: 6
num of flexible tasks: 63
Solving time: 0.000322375 seconds
plan limit 980
current timestep 195
num of flexible agents: 5
num of flexible tasks: 62
Solving time: 0.000293265 seconds
plan limit 980
current timestep 196
num of flexible agents: 5
num of flexible tasks: 61
Solving time: 0.000310369 seconds
plan limit 980
current timestep 197
num of flexible agents: 6
num of flexible tasks: 60
Solving time: 0.00028399 seconds
plan limit 980
current timestep 198
num of flexible agents: 9
num of flexible tasks: 60
Solving time: 0.000306245 seconds
plan limit 980
current timestep 199
num of flexible agents: 11
num of flexible tasks: 58
Solving time: 0.000305581 seconds
plan limit 980
current timestep 200
num of flexible agents: 11
num of flexible tasks: 58
Solving time: 0.000357716 seconds
plan limit 980
current timestep 201
num of flexible agents: 11
num of flexible tasks: 55
Solving time: 0.000311 seconds
plan limit 980
current timestep 202
num of flexible agents: 13
num of flexible tasks: 54
Solving time: 0.000363506 seconds
plan limit 980
current timestep 203
num of flexible agents: 11
num of flexible tasks: 51
Solving time: 0.000324217 seconds
plan limit 980
current timestep 204
num of flexible agents: 13
num of flexible tasks: 50
Solving time: 0.000308023 seconds
plan limit 980
current timestep 205
num of flexible agents: 14
num of flexible tasks: 50
Solving time: 0.000337531 seconds
plan limit 980
current timestep 206
num of flexible agents: 14
num of flexible tasks: 47
Solving time: 0.000344253 seconds
plan limit 980
current timestep 207
num of flexible agents: 12
num of flexible tasks: 44
Solving time: 0.000305299 seconds
plan limit 980
current timestep 208
num of flexible agents: 10
num of flexible tasks: 40
Solving time: 0.000319605 seconds
plan limit 980
current timestep 209
num of flexible agents: 10
num of flexible tasks: 37
Solving time: 0.000362294 seconds
plan limit 980
current timestep 210
num of flexible agents: 11
num of flexible tasks: 36
Solving time: 0.000363258 seconds
plan limit 980
current timestep 211
num of flexible agents: 11
num of flexible tasks: 35
Solving time: 0.000350326 seconds
plan limit 980
current timestep 212
num of flexible agents: 12
num of flexible tasks: 35
Solving time: 0.00036596 seconds
plan limit 980
current timestep 213
num of flexible agents: 15
num of flexible tasks: 35
Solving time: 0.000340063 seconds
plan limit 980
current timestep 214
num of flexible agents: 14
num of flexible tasks: 32
Solving time: 0.000344997 seconds
plan limit 980
current timestep 215
num of flexible agents: 12
num of flexible tasks: 29
Solving time: 0.0003558 seconds
plan limit 980
current timestep 216
num of flexible agents: 12
num of flexible tasks: 28
Solving time: 0.000343746 seconds
plan limit 980
current timestep 217
num of flexible agents: 13
num of flexible tasks: 28
Solving time: 0.00033281 seconds
plan limit 980
current timestep 218
num of flexible agents: 13
num of flexible tasks: 25
Solving time: 0.000365763 seconds
plan limit 980
current timestep 219
num of flexible agents: 15
num of flexible tasks: 23
Solving time: 0.000374261 seconds
plan limit 980
current timestep 220
num of flexible agents: 15
num of flexible tasks: 20
Solving time: 0.000474618 seconds
plan limit 980
current timestep 221
num of flexible agents: 15
num of flexible tasks: 18
Solving time: 0.000406748 seconds
plan limit 980
current timestep 222
num of flexible agents: 17
num of flexible tasks: 18
Solving time: 0.000432094 seconds
plan limit 980
current timestep 223
num of flexible agents: 18
num of flexible tasks: 16
Solving time: 0.000478681 seconds
plan limit 980
current timestep 224
num of flexible agents: 18
num of flexible tasks: 16
Solving time: 0.000373637 seconds
plan limit 980
current timestep 225
num of flexible agents: 19
num of flexible tasks: 16
Solving time: 0.000398615 seconds
plan limit 980
current timestep 226
num of flexible agents: 17
num of flexible tasks: 14
Solving time: 0.00041299 seconds
plan limit 980
current timestep 227
num of flexible agents: 18
num of flexible tasks: 14
Solving time: 0.000353819 seconds
plan limit 980
current timestep 228
num of flexible agents: 21
num of flexible tasks: 14
Solving time: 0.000328219 seconds
plan limit 980
current timestep 229
num of flexible agents: 25
num of flexible tasks: 12
Solving time: 0.000291869 seconds
plan limit 980
current timestep 230
num of flexible agents: 23
num of flexible tasks: 10
Solving time: 0.000304417 seconds
plan limit 980
current timestep 231
num of flexible agents: 22
num of flexible tasks: 9
Solving time: 0.00029109 seconds
plan limit 980
current timestep 232
num of flexible agents: 20
num of flexible tasks: 7
Solving time: 0.000285219 seconds
plan limit 980
current timestep 233
num of flexible agents: 20
num of flexible tasks: 5
Solving time: 0.000295028 seconds
plan limit 980
current timestep 234
num of flexible agents: 21
num of flexible tasks: 4
Solving time: 0.000297429 seconds
plan limit 980
current timestep 235
num of flexible agents: 23
num of flexible tasks: 3
Solving time: 0.000262014 seconds
plan limit 980
current timestep 236
num of flexible agents: 24
num of flexible tasks: 3
Solving time: 0.000262943 seconds
plan limit 980
current timestep 237
num of flexible agents: 26
num of flexible tasks: 2
Solving time: 0.00029106 seconds
plan limit 980
current timestep 238
num of flexible agents: 27
num of flexible tasks: 2
Solving time: 0.00028637 seconds
plan limit 980
current timestep 239
num of flexible agents: 29
num of flexible tasks: 2
Solving time: 0.000236173 seconds
plan limit 980
current timestep 240
num of flexible agents: 29
num of flexible tasks: 2
Solving time: 0.000226457 seconds
plan limit 980
current timestep 241
num of flexible agents: 31
num of flexible tasks: 2
Solving time: 0.000247805 seconds
plan limit 980
current timestep 242
num of flexible agents: 32
num of flexible tasks: 1
Solving time: 0.000268317 seconds
plan limit 980
current timestep 243
num of flexible agents: 33
num of flexible tasks: 1
Solving time: 0.000296819 seconds
plan limit 980
current timestep 244
num of flexible agents: 36
num of flexible tasks: 1
Solving time: 0.0002324 seconds
plan limit 980
current timestep 245
num of flexible agents: 36
num of flexible tasks: 1
Solving time: 0.000247597 seconds
plan limit 980
current timestep 246
num of flexible agents: 38
num of flexible tasks: 1
Solving time: 0.000236905 seconds
plan limit 980
current timestep 247
num of flexible agents: 39
num of flexible tasks: 1
Solving time: 0.000227274 seconds
plan limit 980
current timestep 248
num of flexible agents: 39
num of flexible tasks: 0
Solving time: 0.000255469 seconds
plan limit 980
current timestep 249
num of flexible agents: 40
num of flexible tasks: 0
Solving time: 0.000214141 seconds
plan limit 980
current timestep 250
num of flexible agents: 40
num of flexible tasks: 0
Solving time: 0.000207351 seconds
plan limit 980
current timestep 251
num of flexible agents: 40
num of flexible tasks: 0
Solving time: 0.000206561 seconds
plan limit 980
current timestep 252
num of flexible agents: 40
num of flexible tasks: 0
Solving time: 0.000214242 seconds
plan limit 980
current timestep 253
num of flexible agents: 40
num of flexible tasks: 0
Solving time: 0.000208154 seconds
plan limit 980
current timestep 254
num of flexible agents: 41
num of flexible tasks: 0
Solving time: 0.000223094 seconds
plan limit 980
current timestep 255
num of flexible agents: 41
num of flexible tasks: 0
Solving time: 0.000224925 seconds
plan limit 980
current timestep 256
num of flexible agents: 41
num of flexible tasks: 0
Solving time: 0.000215307 seconds
plan limit 980
current timestep 257
num of flexible agents: 41
num of flexible tasks: 0
Solving time: 0.000205748 seconds
plan limit 980
current timestep 258
num of flexible agents: 41
num of flexible tasks: 0
Solving time: 0.000230104 seconds
plan limit 980
current timestep 259
num of flexible agents: 44
num of flexible tasks: 0
Solving time: 0.000204554 seconds
plan limit 980
current timestep 260
num of flexible agents: 44
num of flexible tasks: 0
Solving time: 0.000232257 seconds
plan limit 980
current timestep 261
num of flexible agents: 44
num of flexible tasks: 0
Solving time: 0.000198789 seconds
plan limit 980
current timestep 262
num of flexible agents: 45
num of flexible tasks: 0
Solving time: 0.000234527 seconds
plan limit 980
current timestep 263
num of flexible agents: 45
num of flexible tasks: 0
Solving time: 0.000198878 seconds
plan limit 980
current timestep 264
num of flexible agents: 45
num of flexible tasks: 0
Solving time: 0.000215857 seconds
plan limit 980
current timestep 265
num of flexible agents: 45
num of flexible tasks: 0
Solving time: 0.000225465 seconds
plan limit 980
current timestep 266
num of flexible agents: 47
num of flexible tasks: 0
Solving time: 0.000239298 seconds
plan limit 980
current timestep 267
num of flexible agents: 47
num of flexible tasks: 0
Solving time: 0.000203365 seconds
plan limit 980
current timestep 268
num of flexible agents: 48
num of flexible tasks: 0
Solving time: 0.000223323 seconds
plan limit 980
current timestep 269
num of flexible agents: 48
num of flexible tasks: 0
Solving time: 0.000213125 seconds
plan limit 980
current timestep 270
num of flexible agents: 48
num of flexible tasks: 0
Solving time: 0.000204856 seconds
plan limit 980
current timestep 271
num of flexible agents: 48
num of flexible tasks: 0
Solving time: 0.000203512 seconds
plan limit 980
current timestep 272
num of flexible agents: 49
num of flexible tasks: 0
Solving time: 0.000225619 seconds
plan limit 980
current timestep 273
num of flexible agents: 49
num of flexible tasks: 0
Solving time: 0.000201708 seconds
plan limit 980
current timestep 274
num of flexible agents: 49
num of flexible tasks: 0
Solving time: 0.000206406 seconds
plan limit 980
All tasks finished at timestep 275
