current timestep 0
num of flexible agents: 50
num of flexible tasks: 5
Solving time: 0.000315353 seconds
plan limit 980
current timestep 1
num of flexible agents: 48
num of flexible tasks: 8
Solving time: 0.000355353 seconds
plan limit 980
current timestep 2
num of flexible agents: 47
num of flexible tasks: 12
Solving time: 0.000342845 seconds
plan limit 980
current timestep 3
num of flexible agents: 47
num of flexible tasks: 17
Solving time: 0.000389633 seconds
plan limit 980
current timestep 4
num of flexible agents: 43
num of flexible tasks: 18
Solving time: 0.000363514 seconds
plan limit 980
current timestep 5
num of flexible agents: 43
num of flexible tasks: 23
Solving time: 0.000407548 seconds
plan limit 980
current timestep 6
num of flexible agents: 41
num of flexible tasks: 26
Solving time: 0.000430257 seconds
plan limit 980
current timestep 7
num of flexible agents: 39
num of flexible tasks: 29
Solving time: 0.000430672 seconds
plan limit 980
current timestep 8
num of flexible agents: 37
num of flexible tasks: 32
Solving time: 0.000498836 seconds
plan limit 980
current timestep 9
num of flexible agents: 37
num of flexible tasks: 37
Solving time: 0.000444536 seconds
plan limit 980
current timestep 10
num of flexible agents: 33
num of flexible tasks: 38
Solving time: 0.000454434 seconds
plan limit 980
current timestep 11
num of flexible agents: 28
num of flexible tasks: 38
Solving time: 0.000380216 seconds
plan limit 980
current timestep 12
num of flexible agents: 26
num of flexible tasks: 40
Solving time: 0.00039244 seconds
plan limit 980
current timestep 13
num of flexible agents: 17
num of flexible tasks: 35
Solving time: 0.000343374 seconds
plan limit 980
current timestep 14
num of flexible agents: 14
num of flexible tasks: 37
Solving time: 0.000343775 seconds
plan limit 980
current timestep 15
num of flexible agents: 13
num of flexible tasks: 40
Solving time: 0.00027442 seconds
plan limit 980
current timestep 16
num of flexible agents: 12
num of flexible tasks: 43
Solving time: 0.000321335 seconds
plan limit 980
current timestep 17
num of flexible agents: 9
num of flexible tasks: 45
Solving time: 0.000304081 seconds
plan limit 980
current timestep 18
num of flexible agents: 5
num of flexible tasks: 45
Solving time: 0.000327196 seconds
plan limit 980
current timestep 19
num of flexible agents: 4
num of flexible tasks: 49
Solving time: 0.00026903 seconds
plan limit 980
current timestep 20
num of flexible agents: 4
num of flexible tasks: 53
Solving time: 0.000276405 seconds
plan limit 980
current timestep 21
num of flexible agents: 3
num of flexible tasks: 57
Solving time: 0.000249566 seconds
plan limit 980
current timestep 22
num of flexible agents: 4
num of flexible tasks: 62
Solving time: 0.000270312 seconds
plan limit 980
current timestep 23
num of flexible agents: 3
num of flexible tasks: 64
Solving time: 0.000862031 seconds
plan limit 980
current timestep 24
num of flexible agents: 2
num of flexible tasks: 67
Solving time: 0.000726036 seconds
plan limit 980
current timestep 25
num of flexible agents: 2
num of flexible tasks: 71
Solving time: 0.000790635 seconds
plan limit 980
current timestep 26
num of flexible agents: 6
num of flexible tasks: 76
Solving time: 0.000265185 seconds
plan limit 980
current timestep 27
num of flexible agents: 4
num of flexible tasks: 78
Solving time: 0.000247265 seconds
plan limit 980
current timestep 28
num of flexible agents: 3
num of flexible tasks: 81
Solving time: 0.000751846 seconds
plan limit 980
current timestep 29
num of flexible agents: 4
num of flexible tasks: 85
Solving time: 0.000261267 seconds
plan limit 980
current timestep 30
num of flexible agents: 3
num of flexible tasks: 88
Solving time: 0.000819777 seconds
plan limit 980
current timestep 31
num of flexible agents: 7
num of flexible tasks: 92
Solving time: 0.000277614 seconds
plan limit 980
current timestep 32
num of flexible agents: 7
num of flexible tasks: 94
Solving time: 0.000304861 seconds
plan limit 980
current timestep 33
num of flexible agents: 4
num of flexible tasks: 95
Solving time: 0.000270184 seconds
plan limit 980
current timestep 34
num of flexible agents: 5
num of flexible tasks: 99
Solving time: 0.000287393 seconds
plan limit 980
current timestep 35
num of flexible agents: 8
num of flexible tasks: 104
Solving time: 0.000290749 seconds
plan limit 980
current timestep 36
num of flexible agents: 5
num of flexible tasks: 105
Solving time: 0.000324821 seconds
plan limit 980
current timestep 37
num of flexible agents: 6
num of flexible tasks: 109
Solving time: 0.000308018 seconds
plan limit 980
current timestep 38
num of flexible agents: 4
num of flexible tasks: 111
Solving time: 0.00028139 seconds
plan limit 980
current timestep 39
num of flexible agents: 1
num of flexible tasks: 113
Solving time: 0.000749542 seconds
plan limit 980
current timestep 40
num of flexible agents: 7
num of flexible tasks: 118
Solving time: 0.000287956 seconds
plan limit 980
current timestep 41
num of flexible agents: 5
num of flexible tasks: 119
Solving time: 0.000263931 seconds
plan limit 980
current timestep 42
num of flexible agents: 1
num of flexible tasks: 120
Solving time: 0.000685744 seconds
plan limit 980
current timestep 43
num of flexible agents: 5
num of flexible tasks: 125
Solving time: 0.000249898 seconds
plan limit 980
current timestep 44
num of flexible agents: 2
num of flexible tasks: 126
Solving time: 0.000782416 seconds
plan limit 980
current timestep 45
num of flexible agents: 3
num of flexible tasks: 130
Solving time: 0.000756681 seconds
plan limit 980
current timestep 46
num of flexible agents: 5
num of flexible tasks: 134
Solving time: 0.000285897 seconds
plan limit 980
current timestep 47
num of flexible agents: 7
num of flexible tasks: 137
Solving time: 0.000293881 seconds
plan limit 980
current timestep 48
num of flexible agents: 5
num of flexible tasks: 137
Solving time: 0.000315341 seconds
plan limit 980
current timestep 49
num of flexible agents: 6
num of flexible tasks: 139
Solving time: 0.000297404 seconds
plan limit 980
current timestep 50
num of flexible agents: 7
num of flexible tasks: 141
Solving time: 0.000287471 seconds
plan limit 980
current timestep 51
num of flexible agents: 3
num of flexible tasks: 142
Solving time: 0.000774602 seconds
plan limit 980
current timestep 52
num of flexible agents: 4
num of flexible tasks: 145
Solving time: 0.000307451 seconds
plan limit 980
current timestep 53
num of flexible agents: 4
num of flexible tasks: 149
Solving time: 0.000291763 seconds
plan limit 980
current timestep 54
num of flexible agents: 4
num of flexible tasks: 152
Solving time: 0.000269299 seconds
plan limit 980
current timestep 55
num of flexible agents: 2
num of flexible tasks: 153
Solving time: 0.000735476 seconds
plan limit 980
current timestep 56
num of flexible agents: 4
num of flexible tasks: 158
Solving time: 0.000254174 seconds
plan limit 980
current timestep 57
num of flexible agents: 0
num of flexible tasks: 159
Solving time: 0.00025597 seconds
plan limit 980
current timestep 58
num of flexible agents: 2
num of flexible tasks: 164
Solving time: 0.000732977 seconds
plan limit 980
current timestep 59
num of flexible agents: 1
num of flexible tasks: 168
Solving time: 0.000443923 seconds
plan limit 980
current timestep 60
num of flexible agents: 1
num of flexible tasks: 173
Solving time: 0.000413226 seconds
plan limit 980
current timestep 61
num of flexible agents: 3
num of flexible tasks: 178
Solving time: 0.000826169 seconds
plan limit 980
current timestep 62
num of flexible agents: 4
num of flexible tasks: 182
Solving time: 0.000319609 seconds
plan limit 980
current timestep 63
num of flexible agents: 0
num of flexible tasks: 183
Solving time: 0.000256102 seconds
plan limit 980
current timestep 64
num of flexible agents: 1
num of flexible tasks: 188
Solving time: 0.000576607 seconds
plan limit 980
current timestep 65
num of flexible agents: 5
num of flexible tasks: 192
Solving time: 0.000263063 seconds
plan limit 980
current timestep 66
num of flexible agents: 3
num of flexible tasks: 192
Solving time: 0.000774952 seconds
plan limit 980
current timestep 67
num of flexible agents: 1
num of flexible tasks: 194
Solving time: 0.000602578 seconds
plan limit 980
current timestep 68
num of flexible agents: 3
num of flexible tasks: 198
Solving time: 0.000770416 seconds
plan limit 980
current timestep 69
num of flexible agents: 4
num of flexible tasks: 200
Solving time: 0.000798412 seconds
plan limit 980
current timestep 70
num of flexible agents: 4
num of flexible tasks: 202
Solving time: 0.000798398 seconds
plan limit 980
current timestep 71
num of flexible agents: 4
num of flexible tasks: 204
Solving time: 0.000886241 seconds
plan limit 979
current timestep 72
num of flexible agents: 4
num of flexible tasks: 205
Solving time: 0.00080162 seconds
plan limit 980
current timestep 73
num of flexible agents: 3
num of flexible tasks: 208
Solving time: 0.000749514 seconds
plan limit 980
current timestep 74
num of flexible agents: 3
num of flexible tasks: 211
Solving time: 0.000890578 seconds
plan limit 979
current timestep 75
num of flexible agents: 3
num of flexible tasks: 214
Solving time: 0.000790941 seconds
plan limit 980
current timestep 76
num of flexible agents: 2
num of flexible tasks: 218
Solving time: 0.000715791 seconds
plan limit 980
current timestep 77
num of flexible agents: 2
num of flexible tasks: 221
Solving time: 0.000672539 seconds
plan limit 980
current timestep 78
num of flexible agents: 3
num of flexible tasks: 225
Solving time: 0.000770158 seconds
plan limit 980
current timestep 79
num of flexible agents: 4
num of flexible tasks: 227
Solving time: 0.000754427 seconds
plan limit 980
current timestep 80
num of flexible agents: 3
num of flexible tasks: 231
Solving time: 0.000778655 seconds
plan limit 980
current timestep 81
num of flexible agents: 2
num of flexible tasks: 233
Solving time: 0.00066675 seconds
plan limit 980
current timestep 82
num of flexible agents: 2
num of flexible tasks: 236
Solving time: 0.000655447 seconds
plan limit 980
current timestep 83
num of flexible agents: 0
num of flexible tasks: 239
Solving time: 0.000207746 seconds
plan limit 980
current timestep 84
num of flexible agents: 3
num of flexible tasks: 244
Solving time: 0.000754328 seconds
plan limit 980
current timestep 85
num of flexible agents: 2
num of flexible tasks: 246
Solving time: 0.000694767 seconds
plan limit 980
current timestep 86
num of flexible agents: 2
num of flexible tasks: 250
Solving time: 0.000657396 seconds
plan limit 980
current timestep 87
num of flexible agents: 3
num of flexible tasks: 254
Solving time: 0.000758863 seconds
plan limit 980
current timestep 88
num of flexible agents: 2
num of flexible tasks: 256
Solving time: 0.00064375 seconds
plan limit 980
current timestep 89
num of flexible agents: 3
num of flexible tasks: 260
Solving time: 0.000732042 seconds
plan limit 980
current timestep 90
num of flexible agents: 3
num of flexible tasks: 262
Solving time: 0.000726114 seconds
plan limit 980
current timestep 91
num of flexible agents: 4
num of flexible tasks: 265
Solving time: 0.000850185 seconds
plan limit 980
current timestep 92
num of flexible agents: 3
num of flexible tasks: 266
Solving time: 0.000790189 seconds
plan limit 980
current timestep 93
num of flexible agents: 3
num of flexible tasks: 269
Solving time: 0.000744008 seconds
plan limit 980
current timestep 94
num of flexible agents: 4
num of flexible tasks: 273
Solving time: 0.00085715 seconds
plan limit 979
current timestep 95
num of flexible agents: 3
num of flexible tasks: 275
Solving time: 0.000728842 seconds
plan limit 980
current timestep 96
num of flexible agents: 5
num of flexible tasks: 278
Solving time: 0.000828807 seconds
plan limit 979
current timestep 97
num of flexible agents: 6
num of flexible tasks: 280
Solving time: 0.000815612 seconds
plan limit 980
current timestep 98
num of flexible agents: 5
num of flexible tasks: 280
Solving time: 0.000830765 seconds
plan limit 980
current timestep 99
num of flexible agents: 4
num of flexible tasks: 282
Solving time: 0.000797222 seconds
plan limit 980
current timestep 100
num of flexible agents: 3
num of flexible tasks: 279
Solving time: 0.000719493 seconds
plan limit 980
current timestep 101
num of flexible agents: 2
num of flexible tasks: 277
Solving time: 0.000637036 seconds
plan limit 980
current timestep 102
num of flexible agents: 5
num of flexible tasks: 277
Solving time: 0.000848428 seconds
plan limit 979
current timestep 103
num of flexible agents: 7
num of flexible tasks: 275
Solving time: 0.000287498 seconds
plan limit 980
current timestep 104
num of flexible agents: 3
num of flexible tasks: 270
Solving time: 0.000802819 seconds
plan limit 980
current timestep 105
num of flexible agents: 0
num of flexible tasks: 267
Solving time: 0.000231959 seconds
plan limit 980
current timestep 106
num of flexible agents: 1
num of flexible tasks: 267
Solving time: 0.00057481 seconds
plan limit 980
current timestep 107
num of flexible agents: 3
num of flexible tasks: 266
Solving time: 0.000724175 seconds
plan limit 980
current timestep 108
num of flexible agents: 4
num of flexible tasks: 264
Solving time: 0.000788205 seconds
plan limit 980
current timestep 109
num of flexible agents: 2
num of flexible tasks: 262
Solving time: 0.000631505 seconds
plan limit 980
current timestep 110
num of flexible agents: 3
num of flexible tasks: 260
Solving time: 0.000759401 seconds
plan limit 980
current timestep 111
num of flexible agents: 4
num of flexible tasks: 257
Solving time: 0.000746494 seconds
plan limit 980
current timestep 112
num of flexible agents: 3
num of flexible tasks: 254
Solving time: 0.00074483 seconds
plan limit 980
current timestep 113
num of flexible agents: 1
num of flexible tasks: 252
Solving time: 0.000574924 seconds
plan limit 980
current timestep 114
num of flexible agents: 3
num of flexible tasks: 252
Solving time: 0.00072751 seconds
plan limit 980
current timestep 115
num of flexible agents: 2
num of flexible tasks: 250
Solving time: 0.000611691 seconds
plan limit 980
current timestep 116
num of flexible agents: 2
num of flexible tasks: 248
Solving time: 0.000621869 seconds
plan limit 980
current timestep 117
num of flexible agents: 4
num of flexible tasks: 246
Solving time: 0.000863679 seconds
plan limit 979
current timestep 118
num of flexible agents: 3
num of flexible tasks: 243
Solving time: 0.000744696 seconds
plan limit 980
current timestep 119
num of flexible agents: 1
num of flexible tasks: 240
Solving time: 0.000484309 seconds
plan limit 980
current timestep 120
num of flexible agents: 1
num of flexible tasks: 240
Solving time: 0.000475358 seconds
plan limit 980
current timestep 121
num of flexible agents: 3
num of flexible tasks: 239
Solving time: 0.000760885 seconds
plan limit 980
current timestep 122
num of flexible agents: 4
num of flexible tasks: 237
Solving time: 0.00075937 seconds
plan limit 980
current timestep 123
num of flexible agents: 5
num of flexible tasks: 234
Solving time: 0.000833944 seconds
plan limit 979
current timestep 124
num of flexible agents: 3
num of flexible tasks: 229
Solving time: 0.000764557 seconds
plan limit 980
current timestep 125
num of flexible agents: 5
num of flexible tasks: 227
Solving time: 0.000860789 seconds
plan limit 979
current timestep 126
num of flexible agents: 2
num of flexible tasks: 223
Solving time: 0.000713415 seconds
plan limit 980
current timestep 127
num of flexible agents: 4
num of flexible tasks: 221
Solving time: 0.000745584 seconds
plan limit 980
current timestep 128
num of flexible agents: 5
num of flexible tasks: 219
Solving time: 0.000829644 seconds
plan limit 980
current timestep 129
num of flexible agents: 5
num of flexible tasks: 216
Solving time: 0.000828661 seconds
plan limit 980
current timestep 130
num of flexible agents: 4
num of flexible tasks: 213
Solving time: 0.000844154 seconds
plan limit 979
current timestep 131
num of flexible agents: 5
num of flexible tasks: 211
Solving time: 0.000828384 seconds
plan limit 979
current timestep 132
num of flexible agents: 5
num of flexible tasks: 207
Solving time: 0.000816221 seconds
plan limit 979
current timestep 133
num of flexible agents: 4
num of flexible tasks: 205
Solving time: 0.000755242 seconds
plan limit 980
current timestep 134
num of flexible agents: 5
num of flexible tasks: 204
Solving time: 0.000829455 seconds
plan limit 980
current timestep 135
num of flexible agents: 3
num of flexible tasks: 201
Solving time: 0.000845569 seconds
plan limit 980
current timestep 136
num of flexible agents: 2
num of flexible tasks: 199
Solving time: 0.000684885 seconds
plan limit 980
current timestep 137
num of flexible agents: 4
num of flexible tasks: 199
Solving time: 0.000802961 seconds
plan limit 980
current timestep 138
num of flexible agents: 4
num of flexible tasks: 195
Solving time: 0.000809113 seconds
plan limit 980
current timestep 139
num of flexible agents: 2
num of flexible tasks: 192
Solving time: 0.0006394 seconds
plan limit 980
current timestep 140
num of flexible agents: 4
num of flexible tasks: 191
Solving time: 0.000773442 seconds
plan limit 980
current timestep 141
num of flexible agents: 4
num of flexible tasks: 188
Solving time: 0.000814376 seconds
plan limit 980
current timestep 142
num of flexible agents: 5
num of flexible tasks: 186
Solving time: 0.000843987 seconds
plan limit 979
current timestep 143
num of flexible agents: 2
num of flexible tasks: 183
Solving time: 0.000680824 seconds
plan limit 980
current timestep 144
num of flexible agents: 0
num of flexible tasks: 181
Solving time: 0.000230392 seconds
plan limit 980
current timestep 145
num of flexible agents: 5
num of flexible tasks: 181
Solving time: 0.000844262 seconds
plan limit 979
current timestep 146
num of flexible agents: 4
num of flexible tasks: 179
Solving time: 0.000786493 seconds
plan limit 980
current timestep 147
num of flexible agents: 3
num of flexible tasks: 176
Solving time: 0.000754223 seconds
plan limit 980
current timestep 148
num of flexible agents: 4
num of flexible tasks: 176
Solving time: 0.000789587 seconds
plan limit 980
current timestep 149
num of flexible agents: 1
num of flexible tasks: 173
Solving time: 0.000356502 seconds
plan limit 980
current timestep 150
num of flexible agents: 2
num of flexible tasks: 173
Solving time: 0.00069172 seconds
plan limit 980
current timestep 151
num of flexible agents: 3
num of flexible tasks: 172
Solving time: 0.000768443 seconds
plan limit 980
current timestep 152
num of flexible agents: 6
num of flexible tasks: 170
Solving time: 0.000327055 seconds
plan limit 980
current timestep 153
num of flexible agents: 7
num of flexible tasks: 168
Solving time: 0.00032335 seconds
plan limit 980
current timestep 154
num of flexible agents: 5
num of flexible tasks: 163
Solving time: 0.000965244 seconds
plan limit 979
current timestep 155
num of flexible agents: 6
num of flexible tasks: 162
Solving time: 0.000297679 seconds
plan limit 980
current timestep 156
num of flexible agents: 7
num of flexible tasks: 159
Solving time: 0.000304682 seconds
plan limit 980
current timestep 157
num of flexible agents: 8
num of flexible tasks: 157
Solving time: 0.000305218 seconds
plan limit 980
current timestep 158
num of flexible agents: 8
num of flexible tasks: 154
Solving time: 0.000301445 seconds
plan limit 980
current timestep 159
num of flexible agents: 5
num of flexible tasks: 149
Solving time: 0.000857763 seconds
plan limit 979
current timestep 160
num of flexible agents: 5
num of flexible tasks: 145
Solving time: 0.00085685 seconds
plan limit 979
current timestep 161
num of flexible agents: 8
num of flexible tasks: 143
Solving time: 0.00029797 seconds
plan limit 980
current timestep 162
num of flexible agents: 5
num of flexible tasks: 140
Solving time: 0.000892694 seconds
plan limit 979
current timestep 163
num of flexible agents: 5
num of flexible tasks: 139
Solving time: 0.000866461 seconds
plan limit 979
current timestep 164
num of flexible agents: 1
num of flexible tasks: 135
Solving time: 0.00041218 seconds
plan limit 980
current timestep 165
num of flexible agents: 2
num of flexible tasks: 134
Solving time: 0.000732332 seconds
plan limit 980
current timestep 166
num of flexible agents: 1
num of flexible tasks: 133
Solving time: 0.000669763 seconds
plan limit 980
current timestep 167
num of flexible agents: 5
num of flexible tasks: 133
Solving time: 0.000969464 seconds
plan limit 979
current timestep 168
num of flexible agents: 3
num of flexible tasks: 130
Solving time: 0.000819379 seconds
plan limit 980
current timestep 169
num of flexible agents: 3
num of flexible tasks: 129
Solving time: 0.000814937 seconds
plan limit 980
current timestep 170
num of flexible agents: 5
num of flexible tasks: 128
Solving time: 0.000872392 seconds
plan limit 979
current timestep 171
num of flexible agents: 6
num of flexible tasks: 126
Solving time: 0.000310217 seconds
plan limit 980
current timestep 172
num of flexible agents: 8
num of flexible tasks: 124
Solving time: 0.000266364 seconds
plan limit 980
current timestep 173
num of flexible agents: 5
num of flexible tasks: 121
Solving time: 0.000868512 seconds
plan limit 979
current timestep 174
num of flexible agents: 6
num of flexible tasks: 119
Solving time: 0.000304492 seconds
plan limit 980
current timestep 175
num of flexible agents: 6
num of flexible tasks: 117
Solving time: 0.00033074 seconds
plan limit 980
current timestep 176
num of flexible agents: 4
num of flexible tasks: 114
Solving time: 0.000959462 seconds
plan limit 979
current timestep 177
num of flexible agents: 4
num of flexible tasks: 112
Solving time: 0.000857718 seconds
plan limit 979
current timestep 178
num of flexible agents: 7
num of flexible tasks: 111
Solving time: 0.000294051 seconds
plan limit 980
current timestep 179
num of flexible agents: 10
num of flexible tasks: 110
Solving time: 0.000327875 seconds
plan limit 980
current timestep 180
num of flexible agents: 9
num of flexible tasks: 108
Solving time: 0.000309805 seconds
plan limit 980
current timestep 181
num of flexible agents: 8
num of flexible tasks: 106
Solving time: 0.000345193 seconds
plan limit 980
current timestep 182
num of flexible agents: 7
num of flexible tasks: 104
Solving time: 0.000285138 seconds
plan limit 980
current timestep 183
num of flexible agents: 8
num of flexible tasks: 101
Solving time: 0.000329904 seconds
plan limit 980
current timestep 184
num of flexible agents: 8
num of flexible tasks: 100
Solving time: 0.00035146 seconds
plan limit 980
current timestep 185
num of flexible agents: 11
num of flexible tasks: 99
Solving time: 0.000339521 seconds
plan limit 980
current timestep 186
num of flexible agents: 10
num of flexible tasks: 96
Solving time: 0.000336084 seconds
plan limit 980
current timestep 187
num of flexible agents: 8
num of flexible tasks: 93
Solving time: 0.000305146 seconds
plan limit 980
current timestep 188
num of flexible agents: 6
num of flexible tasks: 91
Solving time: 0.000303451 seconds
plan limit 980
current timestep 189
num of flexible agents: 7
num of flexible tasks: 90
Solving time: 0.000312487 seconds
plan limit 980
current timestep 190
num of flexible agents: 5
num of flexible tasks: 86
Solving time: 0.00102121 seconds
plan limit 979
current timestep 191
num of flexible agents: 6
num of flexible tasks: 86
Solving time: 0.00031722 seconds
plan limit 980
current timestep 192
num of flexible agents: 9
num of flexible tasks: 84
Solving time: 0.000308772 seconds
plan limit 980
current timestep 193
num of flexible agents: 8
num of flexible tasks: 82
Solving time: 0.000305776 seconds
plan limit 980
current timestep 194
num of flexible agents: 7
num of flexible tasks: 78
Solving time: 0.000336813 seconds
plan limit 980
current timestep 195
num of flexible agents: 7
num of flexible tasks: 77
Solving time: 0.000316787 seconds
plan limit 980
current timestep 196
num of flexible agents: 12
num of flexible tasks: 77
Solving time: 0.000350304 seconds
plan limit 980
current timestep 197
num of flexible agents: 10
num of flexible tasks: 74
Solving time: 0.000344706 seconds
plan limit 980
current timestep 198
num of flexible agents: 12
num of flexible tasks: 74
Solving time: 0.000320529 seconds
plan limit 980
current timestep 199
num of flexible agents: 11
num of flexible tasks: 70
Solving time: 0.000326222 seconds
plan limit 980
current timestep 200
num of flexible agents: 10
num of flexible tasks: 66
Solving time: 0.000341817 seconds
plan limit 980
current timestep 201
num of flexible agents: 12
num of flexible tasks: 66
Solving time: 0.000331096 seconds
plan limit 980
current timestep 202
num of flexible agents: 13
num of flexible tasks: 64
Solving time: 0.000344961 seconds
plan limit 980
current timestep 203
num of flexible agents: 14
num of flexible tasks: 61
Solving time: 0.000328713 seconds
plan limit 980
current timestep 204
num of flexible agents: 15
num of flexible tasks: 58
Solving time: 0.000309414 seconds
plan limit 980
current timestep 205
num of flexible agents: 15
num of flexible tasks: 56
Solving time: 0.000317128 seconds
plan limit 980
current timestep 206
num of flexible agents: 14
num of flexible tasks: 52
Solving time: 0.00029497 seconds
plan limit 980
current timestep 207
num of flexible agents: 13
num of flexible tasks: 50
Solving time: 0.000315744 seconds
plan limit 980
current timestep 208
num of flexible agents: 9
num of flexible tasks: 45
Solving time: 0.000321326 seconds
plan limit 980
current timestep 209
num of flexible agents: 7
num of flexible tasks: 42
Solving time: 0.000288636 seconds
plan limit 980
current timestep 210
num of flexible agents: 7
num of flexible tasks: 41
Solving time: 0.000296132 seconds
plan limit 980
current timestep 211
num of flexible agents: 12
num of flexible tasks: 41
Solving time: 0.00032167 seconds
plan limit 980
current timestep 212
num of flexible agents: 11
num of flexible tasks: 39
Solving time: 0.000311651 seconds
plan limit 980
current timestep 213
num of flexible agents: 11
num of flexible tasks: 37
Solving time: 0.000328159 seconds
plan limit 980
current timestep 214
num of flexible agents: 6
num of flexible tasks: 32
Solving time: 0.000297923 seconds
plan limit 980
current timestep 215
num of flexible agents: 6
num of flexible tasks: 32
Solving time: 0.000310428 seconds
plan limit 980
current timestep 216
num of flexible agents: 10
num of flexible tasks: 32
Solving time: 0.000368726 seconds
plan limit 980
current timestep 217
num of flexible agents: 10
num of flexible tasks: 31
Solving time: 0.000384499 seconds
plan limit 980
current timestep 218
num of flexible agents: 11
num of flexible tasks: 31
Solving time: 0.000321221 seconds
plan limit 980
current timestep 219
num of flexible agents: 13
num of flexible tasks: 30
Solving time: 0.00032321 seconds
plan limit 980
current timestep 220
num of flexible agents: 11
num of flexible tasks: 28
Solving time: 0.000337039 seconds
plan limit 980
current timestep 221
num of flexible agents: 13
num of flexible tasks: 28
Solving time: 0.000317243 seconds
plan limit 980
current timestep 222
num of flexible agents: 12
num of flexible tasks: 24
Solving time: 0.000384006 seconds
plan limit 980
current timestep 223
num of flexible agents: 14
num of flexible tasks: 23
Solving time: 0.000374277 seconds
plan limit 980
current timestep 224
num of flexible agents: 14
num of flexible tasks: 22
Solving time: 0.000383021 seconds
plan limit 980
current timestep 225
num of flexible agents: 17
num of flexible tasks: 22
Solving time: 0.000386798 seconds
plan limit 980
current timestep 226
num of flexible agents: 17
num of flexible tasks: 19
Solving time: 0.000416254 seconds
plan limit 980
current timestep 227
num of flexible agents: 18
num of flexible tasks: 19
Solving time: 0.00043004 seconds
plan limit 980
current timestep 228
num of flexible agents: 16
num of flexible tasks: 17
Solving time: 0.000386238 seconds
plan limit 980
current timestep 229
num of flexible agents: 17
num of flexible tasks: 15
Solving time: 0.00034846 seconds
plan limit 980
current timestep 230
num of flexible agents: 18
num of flexible tasks: 14
Solving time: 0.000343289 seconds
plan limit 980
current timestep 231
num of flexible agents: 20
num of flexible tasks: 13
Solving time: 0.000371863 seconds
plan limit 980
current timestep 232
num of flexible agents: 19
num of flexible tasks: 11
Solving time: 0.000362527 seconds
plan limit 980
current timestep 233
num of flexible agents: 19
num of flexible tasks: 11
Solving time: 0.000341335 seconds
plan limit 980
current timestep 234
num of flexible agents: 19
num of flexible tasks: 11
Solving time: 0.000322296 seconds
plan limit 980
current timestep 235
num of flexible agents: 22
num of flexible tasks: 10
Solving time: 0.000309222 seconds
plan limit 980
current timestep 236
num of flexible agents: 23
num of flexible tasks: 9
Solving time: 0.000295091 seconds
plan limit 980
current timestep 237
num of flexible agents: 21
num of flexible tasks: 7
Solving time: 0.000272583 seconds
plan limit 980
current timestep 238
num of flexible agents: 21
num of flexible tasks: 6
Solving time: 0.000312235 seconds
plan limit 980
current timestep 239
num of flexible agents: 22
num of flexible tasks: 6
Solving time: 0.000290212 seconds
plan limit 980
current timestep 240
num of flexible agents: 24
num of flexible tasks: 6
Solving time: 0.000274935 seconds
plan limit 980
current timestep 241
num of flexible agents: 25
num of flexible tasks: 6
Solving time: 0.000220305 seconds
plan limit 980
current timestep 242
num of flexible agents: 26
num of flexible tasks: 5
Solving time: 0.000236603 seconds
plan limit 980
current timestep 243
num of flexible agents: 27
num of flexible tasks: 4
Solving time: 0.00023524 seconds
plan limit 980
current timestep 244
num of flexible agents: 32
num of flexible tasks: 4
Solving time: 0.000271664 seconds
plan limit 980
current timestep 245
num of flexible agents: 32
num of flexible tasks: 4
Solving time: 0.000303042 seconds
plan limit 980
current timestep 246
num of flexible agents: 36
num of flexible tasks: 4
Solving time: 0.000240248 seconds
plan limit 980
current timestep 247
num of flexible agents: 36
num of flexible tasks: 3
Solving time: 0.000211187 seconds
plan limit 980
current timestep 248
num of flexible agents: 35
num of flexible tasks: 2
Solving time: 0.000225351 seconds
plan limit 980
current timestep 249
num of flexible agents: 34
num of flexible tasks: 1
Solving time: 0.000270066 seconds
plan limit 980
current timestep 250
num of flexible agents: 36
num of flexible tasks: 0
Solving time: 0.000207946 seconds
plan limit 980
current timestep 251
num of flexible agents: 38
num of flexible tasks: 0
Solving time: 0.000219301 seconds
plan limit 980
current timestep 252
num of flexible agents: 38
num of flexible tasks: 0
Solving time: 0.000201815 seconds
plan limit 980
current timestep 253
num of flexible agents: 38
num of flexible tasks: 0
Solving time: 0.000194715 seconds
plan limit 980
current timestep 254
num of flexible agents: 41
num of flexible tasks: 0
Solving time: 0.000211035 seconds
plan limit 980
current timestep 255
num of flexible agents: 41
num of flexible tasks: 0
Solving time: 0.000206709 seconds
plan limit 980
current timestep 256
num of flexible agents: 41
num of flexible tasks: 0
Solving time: 0.000209832 seconds
plan limit 980
current timestep 257
num of flexible agents: 42
num of flexible tasks: 0
Solving time: 0.000204093 seconds
plan limit 980
current timestep 258
num of flexible agents: 42
num of flexible tasks: 0
Solving time: 0.000212912 seconds
plan limit 980
current timestep 259
num of flexible agents: 42
num of flexible tasks: 0
Solving time: 0.000224697 seconds
plan limit 980
current timestep 260
num of flexible agents: 44
num of flexible tasks: 0
Solving time: 0.000210486 seconds
plan limit 980
current timestep 261
num of flexible agents: 44
num of flexible tasks: 0
Solving time: 0.000225941 seconds
plan limit 980
current timestep 262
num of flexible agents: 44
num of flexible tasks: 0
Solving time: 0.000207498 seconds
plan limit 980
current timestep 263
num of flexible agents: 46
num of flexible tasks: 0
Solving time: 0.000208618 seconds
plan limit 980
current timestep 264
num of flexible agents: 46
num of flexible tasks: 0
Solving time: 0.000206799 seconds
plan limit 980
current timestep 265
num of flexible agents: 46
num of flexible tasks: 0
Solving time: 0.000229251 seconds
plan limit 980
current timestep 266
num of flexible agents: 46
num of flexible tasks: 0
Solving time: 0.000200286 seconds
plan limit 980
current timestep 267
num of flexible agents: 46
num of flexible tasks: 0
Solving time: 0.000224313 seconds
plan limit 980
current timestep 268
num of flexible agents: 46
num of flexible tasks: 0
Solving time: 0.000201059 seconds
plan limit 980
current timestep 269
num of flexible agents: 47
num of flexible tasks: 0
Solving time: 0.000236092 seconds
plan limit 980
current timestep 270
num of flexible agents: 47
num of flexible tasks: 0
Solving time: 0.000206323 seconds
plan limit 980
current timestep 271
num of flexible agents: 47
num of flexible tasks: 0
Solving time: 0.000214567 seconds
plan limit 980
current timestep 272
num of flexible agents: 47
num of flexible tasks: 0
Solving time: 0.00020403 seconds
plan limit 980
current timestep 273
num of flexible agents: 47
num of flexible tasks: 0
Solving time: 0.000212759 seconds
plan limit 980
current timestep 274
num of flexible agents: 47
num of flexible tasks: 0
Solving time: 0.000199355 seconds
plan limit 980
current timestep 275
num of flexible agents: 47
num of flexible tasks: 0
Solving time: 0.000228131 seconds
plan limit 980
current timestep 276
num of flexible agents: 47
num of flexible tasks: 0
Solving time: 0.000222629 seconds
plan limit 980
current timestep 277
num of flexible agents: 47
num of flexible tasks: 0
Solving time: 0.000219357 seconds
plan limit 980
current timestep 278
num of flexible agents: 47
num of flexible tasks: 0
Solving time: 0.000202646 seconds
plan limit 980
current timestep 279
num of flexible agents: 47
num of flexible tasks: 0
Solving time: 0.000204255 seconds
plan limit 980
current timestep 280
num of flexible agents: 47
num of flexible tasks: 0
Solving time: 0.000212187 seconds
plan limit 980
current timestep 281
num of flexible agents: 49
num of flexible tasks: 0
Solving time: 0.000227797 seconds
plan limit 980
current timestep 282
num of flexible agents: 49
num of flexible tasks: 0
Solving time: 0.000219802 seconds
plan limit 980
All tasks finished at timestep 283
