current timestep 0
num of flexible agents: 50
num of flexible tasks: 5
Solving time: 0.000307487 seconds
plan limit 980
current timestep 1
num of flexible agents: 48
num of flexible tasks: 8
Solving time: 0.000337796 seconds
plan limit 980
current timestep 2
num of flexible agents: 47
num of flexible tasks: 12
Solving time: 0.000319413 seconds
plan limit 980
current timestep 3
num of flexible agents: 47
num of flexible tasks: 17
Solving time: 0.000360901 seconds
plan limit 980
current timestep 4
num of flexible agents: 44
num of flexible tasks: 19
Solving time: 0.000374092 seconds
plan limit 980
current timestep 5
num of flexible agents: 42
num of flexible tasks: 22
Solving time: 0.000471655 seconds
plan limit 980
current timestep 6
num of flexible agents: 42
num of flexible tasks: 25
Solving time: 0.000450342 seconds
plan limit 980
current timestep 7
num of flexible agents: 40
num of flexible tasks: 28
Solving time: 0.000494321 seconds
plan limit 980
current timestep 8
num of flexible agents: 40
num of flexible tasks: 33
Solving time: 0.000505053 seconds
plan limit 980
current timestep 9
num of flexible agents: 39
num of flexible tasks: 37
Solving time: 0.000459396 seconds
plan limit 980
current timestep 10
num of flexible agents: 37
num of flexible tasks: 40
Solving time: 0.00040777 seconds
plan limit 980
current timestep 11
num of flexible agents: 34
num of flexible tasks: 42
Solving time: 0.00039316 seconds
plan limit 980
current timestep 12
num of flexible agents: 25
num of flexible tasks: 38
Solving time: 0.000409453 seconds
plan limit 980
current timestep 13
num of flexible agents: 22
num of flexible tasks: 39
Solving time: 0.000383229 seconds
plan limit 980
current timestep 14
num of flexible agents: 18
num of flexible tasks: 40
Solving time: 0.000359362 seconds
plan limit 980
current timestep 15
num of flexible agents: 11
num of flexible tasks: 38
Solving time: 0.000293249 seconds
plan limit 980
current timestep 16
num of flexible agents: 8
num of flexible tasks: 40
Solving time: 0.000264278 seconds
plan limit 980
current timestep 17
num of flexible agents: 3
num of flexible tasks: 40
Solving time: 0.000251013 seconds
plan limit 980
current timestep 18
num of flexible agents: 2
num of flexible tasks: 44
Solving time: 0.000810915 seconds
plan limit 980
current timestep 19
num of flexible agents: 1
num of flexible tasks: 48
Solving time: 0.000336369 seconds
plan limit 980
current timestep 20
num of flexible agents: 0
num of flexible tasks: 52
Solving time: 0.000218344 seconds
plan limit 980
current timestep 21
num of flexible agents: 2
num of flexible tasks: 57
Solving time: 0.000781217 seconds
plan limit 980
current timestep 22
num of flexible agents: 1
num of flexible tasks: 61
Solving time: 0.000650706 seconds
plan limit 980
current timestep 23
num of flexible agents: 2
num of flexible tasks: 66
Solving time: 0.000809584 seconds
plan limit 980
current timestep 24
num of flexible agents: 5
num of flexible tasks: 70
Solving time: 0.000268418 seconds
plan limit 980
current timestep 25
num of flexible agents: 3
num of flexible tasks: 71
Solving time: 0.000274967 seconds
plan limit 980
current timestep 26
num of flexible agents: 7
num of flexible tasks: 76
Solving time: 0.000258809 seconds
plan limit 980
current timestep 27
num of flexible agents: 6
num of flexible tasks: 77
Solving time: 0.000268662 seconds
plan limit 980
current timestep 28
num of flexible agents: 5
num of flexible tasks: 80
Solving time: 0.00030736 seconds
plan limit 980
current timestep 29
num of flexible agents: 4
num of flexible tasks: 83
Solving time: 0.00030434 seconds
plan limit 980
current timestep 30
num of flexible agents: 6
num of flexible tasks: 86
Solving time: 0.000258176 seconds
plan limit 980
current timestep 31
num of flexible agents: 6
num of flexible tasks: 89
Solving time: 0.000316182 seconds
plan limit 980
current timestep 32
num of flexible agents: 6
num of flexible tasks: 91
Solving time: 0.000260173 seconds
plan limit 980
current timestep 33
num of flexible agents: 4
num of flexible tasks: 92
Solving time: 0.000285945 seconds
plan limit 980
current timestep 34
num of flexible agents: 6
num of flexible tasks: 94
Solving time: 0.000279419 seconds
plan limit 980
current timestep 35
num of flexible agents: 5
num of flexible tasks: 96
Solving time: 0.000262072 seconds
plan limit 980
current timestep 36
num of flexible agents: 2
num of flexible tasks: 98
Solving time: 0.000759092 seconds
plan limit 980
current timestep 37
num of flexible agents: 2
num of flexible tasks: 102
Solving time: 0.000844512 seconds
plan limit 979
current timestep 38
num of flexible agents: 3
num of flexible tasks: 106
Solving time: 0.000799244 seconds
plan limit 980
current timestep 39
num of flexible agents: 4
num of flexible tasks: 110
Solving time: 0.000294471 seconds
plan limit 980
current timestep 40
num of flexible agents: 4
num of flexible tasks: 114
Solving time: 0.000270227 seconds
plan limit 980
current timestep 41
num of flexible agents: 2
num of flexible tasks: 115
Solving time: 0.000751607 seconds
plan limit 980
current timestep 42
num of flexible agents: 5
num of flexible tasks: 119
Solving time: 0.000273324 seconds
plan limit 980
current timestep 43
num of flexible agents: 4
num of flexible tasks: 123
Solving time: 0.000307299 seconds
plan limit 980
current timestep 44
num of flexible agents: 3
num of flexible tasks: 126
Solving time: 0.000819432 seconds
plan limit 980
current timestep 45
num of flexible agents: 1
num of flexible tasks: 128
Solving time: 0.000327633 seconds
plan limit 980
current timestep 46
num of flexible agents: 3
num of flexible tasks: 132
Solving time: 0.000797786 seconds
plan limit 980
current timestep 47
num of flexible agents: 5
num of flexible tasks: 136
Solving time: 0.000284002 seconds
plan limit 980
current timestep 48
num of flexible agents: 4
num of flexible tasks: 138
Solving time: 0.000280976 seconds
plan limit 980
current timestep 49
num of flexible agents: 6
num of flexible tasks: 140
Solving time: 0.0002774 seconds
plan limit 980
current timestep 50
num of flexible agents: 4
num of flexible tasks: 142
Solving time: 0.000282904 seconds
plan limit 980
current timestep 51
num of flexible agents: 2
num of flexible tasks: 143
Solving time: 0.000808068 seconds
plan limit 980
current timestep 52
num of flexible agents: 2
num of flexible tasks: 147
Solving time: 0.000780889 seconds
plan limit 980
current timestep 53
num of flexible agents: 0
num of flexible tasks: 150
Solving time: 0.00023372 seconds
plan limit 980
current timestep 54
num of flexible agents: 4
num of flexible tasks: 155
Solving time: 0.000284858 seconds
plan limit 980
current timestep 55
num of flexible agents: 5
num of flexible tasks: 157
Solving time: 0.000275105 seconds
plan limit 980
current timestep 56
num of flexible agents: 2
num of flexible tasks: 157
Solving time: 0.000717178 seconds
plan limit 980
current timestep 57
num of flexible agents: 5
num of flexible tasks: 161
Solving time: 0.00026117 seconds
plan limit 980
current timestep 58
num of flexible agents: 2
num of flexible tasks: 163
Solving time: 0.000710131 seconds
plan limit 980
current timestep 59
num of flexible agents: 4
num of flexible tasks: 167
Solving time: 0.000793495 seconds
plan limit 980
current timestep 60
num of flexible agents: 7
num of flexible tasks: 170
Solving time: 0.000334 seconds
plan limit 980
current timestep 61
num of flexible agents: 4
num of flexible tasks: 170
Solving time: 0.000812437 seconds
plan limit 980
current timestep 62
num of flexible agents: 1
num of flexible tasks: 171
Solving time: 0.000457819 seconds
plan limit 980
current timestep 63
num of flexible agents: 4
num of flexible tasks: 176
Solving time: 0.00078954 seconds
plan limit 980
current timestep 64
num of flexible agents: 1
num of flexible tasks: 177
Solving time: 0.000629727 seconds
plan limit 980
current timestep 65
num of flexible agents: 3
num of flexible tasks: 181
Solving time: 0.000802937 seconds
plan limit 980
current timestep 66
num of flexible agents: 1
num of flexible tasks: 184
Solving time: 0.000677495 seconds
plan limit 980
current timestep 67
num of flexible agents: 3
num of flexible tasks: 188
Solving time: 0.000785347 seconds
plan limit 980
current timestep 68
num of flexible agents: 3
num of flexible tasks: 192
Solving time: 0.000773513 seconds
plan limit 980
current timestep 69
num of flexible agents: 3
num of flexible tasks: 195
Solving time: 0.000866007 seconds
plan limit 979
current timestep 70
num of flexible agents: 4
num of flexible tasks: 197
Solving time: 0.000772159 seconds
plan limit 980
current timestep 71
num of flexible agents: 2
num of flexible tasks: 199
Solving time: 0.000742274 seconds
plan limit 980
current timestep 72
num of flexible agents: 4
num of flexible tasks: 202
Solving time: 0.000775491 seconds
plan limit 980
current timestep 73
num of flexible agents: 1
num of flexible tasks: 203
Solving time: 0.000634527 seconds
plan limit 980
current timestep 74
num of flexible agents: 1
num of flexible tasks: 207
Solving time: 0.000706597 seconds
plan limit 980
current timestep 75
num of flexible agents: 4
num of flexible tasks: 211
Solving time: 0.000822148 seconds
plan limit 980
current timestep 76
num of flexible agents: 4
num of flexible tasks: 212
Solving time: 0.000822671 seconds
plan limit 980
current timestep 77
num of flexible agents: 3
num of flexible tasks: 213
Solving time: 0.000741928 seconds
plan limit 980
current timestep 78
num of flexible agents: 0
num of flexible tasks: 215
Solving time: 0.000247827 seconds
plan limit 980
current timestep 79
num of flexible agents: 2
num of flexible tasks: 220
Solving time: 0.000717739 seconds
plan limit 980
current timestep 80
num of flexible agents: 3
num of flexible tasks: 223
Solving time: 0.000788973 seconds
plan limit 980
current timestep 81
num of flexible agents: 2
num of flexible tasks: 226
Solving time: 0.000699209 seconds
plan limit 980
current timestep 82
num of flexible agents: 5
num of flexible tasks: 230
Solving time: 0.000283982 seconds
plan limit 980
current timestep 83
num of flexible agents: 3
num of flexible tasks: 230
Solving time: 0.000856261 seconds
plan limit 979
current timestep 84
num of flexible agents: 2
num of flexible tasks: 232
Solving time: 0.000676518 seconds
plan limit 980
current timestep 85
num of flexible agents: 3
num of flexible tasks: 236
Solving time: 0.000749157 seconds
plan limit 980
current timestep 86
num of flexible agents: 1
num of flexible tasks: 239
Solving time: 0.00059407 seconds
plan limit 980
current timestep 87
num of flexible agents: 4
num of flexible tasks: 243
Solving time: 0.000787687 seconds
plan limit 980
current timestep 88
num of flexible agents: 0
num of flexible tasks: 244
Solving time: 0.00023076 seconds
plan limit 980
current timestep 89
num of flexible agents: 2
num of flexible tasks: 249
Solving time: 0.000732961 seconds
plan limit 980
current timestep 90
num of flexible agents: 3
num of flexible tasks: 252
Solving time: 0.000818906 seconds
plan limit 979
current timestep 91
num of flexible agents: 3
num of flexible tasks: 254
Solving time: 0.000744181 seconds
plan limit 980
current timestep 92
num of flexible agents: 1
num of flexible tasks: 256
Solving time: 0.000662204 seconds
plan limit 980
current timestep 93
num of flexible agents: 2
num of flexible tasks: 260
Solving time: 0.000738603 seconds
plan limit 980
current timestep 94
num of flexible agents: 0
num of flexible tasks: 263
Solving time: 0.000229815 seconds
plan limit 980
current timestep 95
num of flexible agents: 2
num of flexible tasks: 268
Solving time: 0.000719778 seconds
plan limit 980
current timestep 96
num of flexible agents: 3
num of flexible tasks: 272
Solving time: 0.000694138 seconds
plan limit 980
current timestep 97
num of flexible agents: 3
num of flexible tasks: 275
Solving time: 0.000730467 seconds
plan limit 980
current timestep 98
num of flexible agents: 6
num of flexible tasks: 279
Solving time: 0.000295367 seconds
plan limit 980
current timestep 99
num of flexible agents: 4
num of flexible tasks: 280
Solving time: 0.000785198 seconds
plan limit 980
current timestep 100
num of flexible agents: 4
num of flexible tasks: 277
Solving time: 0.000782564 seconds
plan limit 980
current timestep 101
num of flexible agents: 4
num of flexible tasks: 274
Solving time: 0.000750989 seconds
plan limit 980
current timestep 102
num of flexible agents: 4
num of flexible tasks: 270
Solving time: 0.000775594 seconds
plan limit 980
current timestep 103
num of flexible agents: 0
num of flexible tasks: 266
Solving time: 0.000229407 seconds
plan limit 980
current timestep 104
num of flexible agents: 1
num of flexible tasks: 266
Solving time: 0.000597357 seconds
plan limit 980
current timestep 105
num of flexible agents: 3
num of flexible tasks: 265
Solving time: 0.000710396 seconds
plan limit 980
current timestep 106
num of flexible agents: 2
num of flexible tasks: 262
Solving time: 0.000783684 seconds
plan limit 980
current timestep 107
num of flexible agents: 0
num of flexible tasks: 260
Solving time: 0.000293283 seconds
plan limit 980
current timestep 108
num of flexible agents: 7
num of flexible tasks: 260
Solving time: 0.000306253 seconds
plan limit 980
current timestep 109
num of flexible agents: 6
num of flexible tasks: 255
Solving time: 0.000331209 seconds
plan limit 980
current timestep 110
num of flexible agents: 8
num of flexible tasks: 251
Solving time: 0.000287199 seconds
plan limit 980
current timestep 111
num of flexible agents: 4
num of flexible tasks: 244
Solving time: 0.000763351 seconds
plan limit 980
current timestep 112
num of flexible agents: 6
num of flexible tasks: 241
Solving time: 0.000283519 seconds
plan limit 980
current timestep 113
num of flexible agents: 2
num of flexible tasks: 237
Solving time: 0.000740436 seconds
plan limit 980
current timestep 114
num of flexible agents: 2
num of flexible tasks: 236
Solving time: 0.000707171 seconds
plan limit 980
current timestep 115
num of flexible agents: 2
num of flexible tasks: 235
Solving time: 0.000797364 seconds
plan limit 980
current timestep 116
num of flexible agents: 7
num of flexible tasks: 233
Solving time: 0.000295672 seconds
plan limit 980
current timestep 117
num of flexible agents: 5
num of flexible tasks: 229
Solving time: 0.000313759 seconds
plan limit 980
current timestep 118
num of flexible agents: 3
num of flexible tasks: 226
Solving time: 0.000718808 seconds
plan limit 980
current timestep 119
num of flexible agents: 4
num of flexible tasks: 225
Solving time: 0.000815954 seconds
plan limit 980
current timestep 120
num of flexible agents: 3
num of flexible tasks: 222
Solving time: 0.000784262 seconds
plan limit 980
current timestep 121
num of flexible agents: 2
num of flexible tasks: 220
Solving time: 0.00074207 seconds
plan limit 980
current timestep 122
num of flexible agents: 0
num of flexible tasks: 218
Solving time: 0.000250145 seconds
plan limit 980
current timestep 123
num of flexible agents: 2
num of flexible tasks: 218
Solving time: 0.00071545 seconds
plan limit 980
current timestep 124
num of flexible agents: 2
num of flexible tasks: 216
Solving time: 0.000755169 seconds
plan limit 980
current timestep 125
num of flexible agents: 3
num of flexible tasks: 215
Solving time: 0.000738057 seconds
plan limit 980
current timestep 126
num of flexible agents: 2
num of flexible tasks: 212
Solving time: 0.000743667 seconds
plan limit 980
current timestep 127
num of flexible agents: 2
num of flexible tasks: 210
Solving time: 0.000685371 seconds
plan limit 980
current timestep 128
num of flexible agents: 6
num of flexible tasks: 209
Solving time: 0.000282204 seconds
plan limit 980
current timestep 129
num of flexible agents: 1
num of flexible tasks: 203
Solving time: 0.000690707 seconds
plan limit 980
current timestep 130
num of flexible agents: 4
num of flexible tasks: 202
Solving time: 0.000814521 seconds
plan limit 980
current timestep 131
num of flexible agents: 2
num of flexible tasks: 199
Solving time: 0.000727403 seconds
plan limit 980
current timestep 132
num of flexible agents: 2
num of flexible tasks: 198
Solving time: 0.000770995 seconds
plan limit 980
current timestep 133
num of flexible agents: 2
num of flexible tasks: 197
Solving time: 0.000698991 seconds
plan limit 980
current timestep 134
num of flexible agents: 3
num of flexible tasks: 195
Solving time: 0.000714397 seconds
plan limit 980
current timestep 135
num of flexible agents: 3
num of flexible tasks: 193
Solving time: 0.000707136 seconds
plan limit 980
current timestep 136
num of flexible agents: 2
num of flexible tasks: 190
Solving time: 0.000713991 seconds
plan limit 980
current timestep 137
num of flexible agents: 3
num of flexible tasks: 188
Solving time: 0.00071559 seconds
plan limit 980
current timestep 138
num of flexible agents: 4
num of flexible tasks: 186
Solving time: 0.00091416 seconds
plan limit 979
current timestep 139
num of flexible agents: 4
num of flexible tasks: 182
Solving time: 0.000839879 seconds
plan limit 979
current timestep 140
num of flexible agents: 0
num of flexible tasks: 178
Solving time: 0.000221661 seconds
plan limit 980
current timestep 141
num of flexible agents: 3
num of flexible tasks: 178
Solving time: 0.000739511 seconds
plan limit 980
current timestep 142
num of flexible agents: 2
num of flexible tasks: 177
Solving time: 0.000745677 seconds
plan limit 980
current timestep 143
num of flexible agents: 5
num of flexible tasks: 177
Solving time: 0.000278933 seconds
plan limit 980
current timestep 144
num of flexible agents: 5
num of flexible tasks: 175
Solving time: 0.000279305 seconds
plan limit 980
current timestep 145
num of flexible agents: 5
num of flexible tasks: 172
Solving time: 0.000284615 seconds
plan limit 980
current timestep 146
num of flexible agents: 4
num of flexible tasks: 168
Solving time: 0.000803974 seconds
plan limit 980
current timestep 147
num of flexible agents: 9
num of flexible tasks: 165
Solving time: 0.00028161 seconds
plan limit 980
current timestep 148
num of flexible agents: 2
num of flexible tasks: 157
Solving time: 0.000741208 seconds
plan limit 980
current timestep 149
num of flexible agents: 4
num of flexible tasks: 155
Solving time: 0.000790201 seconds
plan limit 980
current timestep 150
num of flexible agents: 3
num of flexible tasks: 151
Solving time: 0.000688827 seconds
plan limit 980
current timestep 151
num of flexible agents: 3
num of flexible tasks: 149
Solving time: 0.000692786 seconds
plan limit 980
current timestep 152
num of flexible agents: 4
num of flexible tasks: 147
Solving time: 0.000918152 seconds
plan limit 979
current timestep 153
num of flexible agents: 5
num of flexible tasks: 145
Solving time: 0.000279579 seconds
plan limit 980
current timestep 154
num of flexible agents: 5
num of flexible tasks: 144
Solving time: 0.000249095 seconds
plan limit 980
current timestep 155
num of flexible agents: 7
num of flexible tasks: 141
Solving time: 0.000340106 seconds
plan limit 980
current timestep 156
num of flexible agents: 5
num of flexible tasks: 137
Solving time: 0.000310069 seconds
plan limit 980
current timestep 157
num of flexible agents: 2
num of flexible tasks: 134
Solving time: 0.000722218 seconds
plan limit 980
current timestep 158
num of flexible agents: 7
num of flexible tasks: 134
Solving time: 0.000276914 seconds
plan limit 980
current timestep 159
num of flexible agents: 4
num of flexible tasks: 130
Solving time: 0.000822613 seconds
plan limit 980
current timestep 160
num of flexible agents: 4
num of flexible tasks: 128
Solving time: 0.00081179 seconds
plan limit 980
current timestep 161
num of flexible agents: 4
num of flexible tasks: 126
Solving time: 0.000847588 seconds
plan limit 979
current timestep 162
num of flexible agents: 2
num of flexible tasks: 124
Solving time: 0.000720549 seconds
plan limit 980
current timestep 163
num of flexible agents: 2
num of flexible tasks: 123
Solving time: 0.000729252 seconds
plan limit 980
current timestep 164
num of flexible agents: 5
num of flexible tasks: 122
Solving time: 0.000279714 seconds
plan limit 980
current timestep 165
num of flexible agents: 5
num of flexible tasks: 119
Solving time: 0.000260831 seconds
plan limit 980
current timestep 166
num of flexible agents: 6
num of flexible tasks: 116
Solving time: 0.000278408 seconds
plan limit 980
current timestep 167
num of flexible agents: 3
num of flexible tasks: 112
Solving time: 0.000691916 seconds
plan limit 980
current timestep 168
num of flexible agents: 3
num of flexible tasks: 110
Solving time: 0.000711726 seconds
plan limit 980
current timestep 169
num of flexible agents: 3
num of flexible tasks: 109
Solving time: 0.00069045 seconds
plan limit 980
current timestep 170
num of flexible agents: 3
num of flexible tasks: 108
Solving time: 0.000707293 seconds
plan limit 980
current timestep 171
num of flexible agents: 6
num of flexible tasks: 107
Solving time: 0.000282488 seconds
plan limit 980
current timestep 172
num of flexible agents: 7
num of flexible tasks: 105
Solving time: 0.0002844 seconds
plan limit 980
current timestep 173
num of flexible agents: 6
num of flexible tasks: 103
Solving time: 0.000294111 seconds
plan limit 980
current timestep 174
num of flexible agents: 5
num of flexible tasks: 100
Solving time: 0.00028777 seconds
plan limit 980
current timestep 175
num of flexible agents: 4
num of flexible tasks: 97
Solving time: 0.000798322 seconds
plan limit 980
current timestep 176
num of flexible agents: 8
num of flexible tasks: 96
Solving time: 0.000309063 seconds
plan limit 980
current timestep 177
num of flexible agents: 7
num of flexible tasks: 93
Solving time: 0.000297224 seconds
plan limit 980
current timestep 178
num of flexible agents: 4
num of flexible tasks: 89
Solving time: 0.000279856 seconds
plan limit 980
current timestep 179
num of flexible agents: 2
num of flexible tasks: 85
Solving time: 0.000708634 seconds
plan limit 980
current timestep 180
num of flexible agents: 6
num of flexible tasks: 84
Solving time: 0.000279188 seconds
plan limit 980
current timestep 181
num of flexible agents: 4
num of flexible tasks: 79
Solving time: 0.000276967 seconds
plan limit 980
current timestep 182
num of flexible agents: 3
num of flexible tasks: 77
Solving time: 0.000751329 seconds
plan limit 980
current timestep 183
num of flexible agents: 6
num of flexible tasks: 76
Solving time: 0.000298705 seconds
plan limit 980
current timestep 184
num of flexible agents: 7
num of flexible tasks: 75
Solving time: 0.000361563 seconds
plan limit 980
current timestep 185
num of flexible agents: 7
num of flexible tasks: 71
Solving time: 0.000291465 seconds
plan limit 980
current timestep 186
num of flexible agents: 7
num of flexible tasks: 69
Solving time: 0.000281539 seconds
plan limit 980
current timestep 187
num of flexible agents: 7
num of flexible tasks: 67
Solving time: 0.000303621 seconds
plan limit 980
current timestep 188
num of flexible agents: 8
num of flexible tasks: 65
Solving time: 0.000320855 seconds
plan limit 980
current timestep 189
num of flexible agents: 11
num of flexible tasks: 64
Solving time: 0.000306798 seconds
plan limit 980
current timestep 190
num of flexible agents: 9
num of flexible tasks: 60
Solving time: 0.000302984 seconds
plan limit 980
current timestep 191
num of flexible agents: 9
num of flexible tasks: 57
Solving time: 0.000309237 seconds
plan limit 980
current timestep 192
num of flexible agents: 12
num of flexible tasks: 56
Solving time: 0.000333586 seconds
plan limit 980
current timestep 193
num of flexible agents: 9
num of flexible tasks: 52
Solving time: 0.000353653 seconds
plan limit 980
current timestep 194
num of flexible agents: 9
num of flexible tasks: 51
Solving time: 0.000309236 seconds
plan limit 980
current timestep 195
num of flexible agents: 12
num of flexible tasks: 51
Solving time: 0.00036299 seconds
plan limit 980
current timestep 196
num of flexible agents: 11
num of flexible tasks: 49
Solving time: 0.000295497 seconds
plan limit 980
current timestep 197
num of flexible agents: 10
num of flexible tasks: 47
Solving time: 0.000315649 seconds
plan limit 980
current timestep 198
num of flexible agents: 9
num of flexible tasks: 43
Solving time: 0.000311461 seconds
plan limit 980
current timestep 199
num of flexible agents: 11
num of flexible tasks: 41
Solving time: 0.000277993 seconds
plan limit 980
current timestep 200
num of flexible agents: 9
num of flexible tasks: 36
Solving time: 0.000273907 seconds
plan limit 980
current timestep 201
num of flexible agents: 7
num of flexible tasks: 34
Solving time: 0.000301408 seconds
plan limit 980
current timestep 202
num of flexible agents: 8
num of flexible tasks: 34
Solving time: 0.000295681 seconds
plan limit 980
current timestep 203
num of flexible agents: 9
num of flexible tasks: 33
Solving time: 0.000336025 seconds
plan limit 980
current timestep 204
num of flexible agents: 9
num of flexible tasks: 31
Solving time: 0.000311971 seconds
plan limit 980
current timestep 205
num of flexible agents: 8
num of flexible tasks: 29
Solving time: 0.000293921 seconds
plan limit 980
current timestep 206
num of flexible agents: 7
num of flexible tasks: 27
Solving time: 0.00033346 seconds
plan limit 980
current timestep 207
num of flexible agents: 10
num of flexible tasks: 26
Solving time: 0.000395221 seconds
plan limit 980
current timestep 208
num of flexible agents: 10
num of flexible tasks: 26
Solving time: 0.000343779 seconds
plan limit 980
current timestep 209
num of flexible agents: 12
num of flexible tasks: 26
Solving time: 0.000365624 seconds
plan limit 980
current timestep 210
num of flexible agents: 16
num of flexible tasks: 26
Solving time: 0.0003748 seconds
plan limit 980
current timestep 211
num of flexible agents: 18
num of flexible tasks: 26
Solving time: 0.000366853 seconds
plan limit 980
current timestep 212
num of flexible agents: 21
num of flexible tasks: 24
Solving time: 0.000464362 seconds
plan limit 980
current timestep 213
num of flexible agents: 21
num of flexible tasks: 21
Solving time: 0.000497205 seconds
plan limit 980
current timestep 214
num of flexible agents: 22
num of flexible tasks: 19
Solving time: 0.000399984 seconds
plan limit 980
current timestep 215
num of flexible agents: 24
num of flexible tasks: 18
Solving time: 0.000362793 seconds
plan limit 980
current timestep 216
num of flexible agents: 23
num of flexible tasks: 16
Solving time: 0.000324898 seconds
plan limit 980
current timestep 217
num of flexible agents: 20
num of flexible tasks: 13
Solving time: 0.000292375 seconds
plan limit 980
current timestep 218
num of flexible agents: 19
num of flexible tasks: 11
Solving time: 0.000278386 seconds
plan limit 980
current timestep 219
num of flexible agents: 19
num of flexible tasks: 8
Solving time: 0.000288542 seconds
plan limit 980
current timestep 220
num of flexible agents: 23
num of flexible tasks: 8
Solving time: 0.000245314 seconds
plan limit 980
current timestep 221
num of flexible agents: 22
num of flexible tasks: 6
Solving time: 0.000250597 seconds
plan limit 980
current timestep 222
num of flexible agents: 22
num of flexible tasks: 5
Solving time: 0.000214209 seconds
plan limit 980
current timestep 223
num of flexible agents: 24
num of flexible tasks: 4
Solving time: 0.000237698 seconds
plan limit 980
current timestep 224
num of flexible agents: 25
num of flexible tasks: 4
Solving time: 0.000224125 seconds
plan limit 980
current timestep 225
num of flexible agents: 23
num of flexible tasks: 2
Solving time: 0.000239911 seconds
plan limit 980
current timestep 226
num of flexible agents: 25
num of flexible tasks: 2
Solving time: 0.00021228 seconds
plan limit 980
current timestep 227
num of flexible agents: 25
num of flexible tasks: 1
Solving time: 0.000241826 seconds
plan limit 980
current timestep 228
num of flexible agents: 26
num of flexible tasks: 1
Solving time: 0.000255076 seconds
plan limit 980
current timestep 229
num of flexible agents: 26
num of flexible tasks: 1
Solving time: 0.00025886 seconds
plan limit 980
current timestep 230
num of flexible agents: 26
num of flexible tasks: 1
Solving time: 0.000249181 seconds
plan limit 980
current timestep 231
num of flexible agents: 25
num of flexible tasks: 0
Solving time: 0.000191383 seconds
plan limit 980
current timestep 232
num of flexible agents: 27
num of flexible tasks: 0
Solving time: 0.000215726 seconds
plan limit 980
current timestep 233
num of flexible agents: 29
num of flexible tasks: 0
Solving time: 0.000199522 seconds
plan limit 980
current timestep 234
num of flexible agents: 31
num of flexible tasks: 0
Solving time: 0.000208372 seconds
plan limit 980
current timestep 235
num of flexible agents: 31
num of flexible tasks: 0
Solving time: 0.000198668 seconds
plan limit 980
current timestep 236
num of flexible agents: 34
num of flexible tasks: 0
Solving time: 0.000197643 seconds
plan limit 980
current timestep 237
num of flexible agents: 35
num of flexible tasks: 0
Solving time: 0.00019241 seconds
plan limit 980
current timestep 238
num of flexible agents: 35
num of flexible tasks: 0
Solving time: 0.00021172 seconds
plan limit 980
current timestep 239
num of flexible agents: 36
num of flexible tasks: 0
Solving time: 0.000220088 seconds
plan limit 980
current timestep 240
num of flexible agents: 39
num of flexible tasks: 0
Solving time: 0.00020421 seconds
plan limit 980
current timestep 241
num of flexible agents: 39
num of flexible tasks: 0
Solving time: 0.000192576 seconds
plan limit 980
current timestep 242
num of flexible agents: 40
num of flexible tasks: 0
Solving time: 0.000216952 seconds
plan limit 980
current timestep 243
num of flexible agents: 42
num of flexible tasks: 0
Solving time: 0.000210745 seconds
plan limit 980
current timestep 244
num of flexible agents: 42
num of flexible tasks: 0
Solving time: 0.000215585 seconds
plan limit 980
current timestep 245
num of flexible agents: 43
num of flexible tasks: 0
Solving time: 0.00018808 seconds
plan limit 980
current timestep 246
num of flexible agents: 43
num of flexible tasks: 0
Solving time: 0.000223249 seconds
plan limit 980
current timestep 247
num of flexible agents: 43
num of flexible tasks: 0
Solving time: 0.000190874 seconds
plan limit 980
current timestep 248
num of flexible agents: 44
num of flexible tasks: 0
Solving time: 0.00023905 seconds
plan limit 980
current timestep 249
num of flexible agents: 45
num of flexible tasks: 0
Solving time: 0.000194183 seconds
plan limit 980
current timestep 250
num of flexible agents: 45
num of flexible tasks: 0
Solving time: 0.000211353 seconds
plan limit 980
current timestep 251
num of flexible agents: 46
num of flexible tasks: 0
Solving time: 0.000204375 seconds
plan limit 980
current timestep 252
num of flexible agents: 48
num of flexible tasks: 0
Solving time: 0.000226586 seconds
plan limit 980
All tasks finished at timestep 253
