current timestep 0
num of flexible agents: 600
num of flexible tasks: 900
Solving time: 0.00284134 seconds
plan limit 977
current timestep 1
num of flexible agents: 564
num of flexible tasks: 864
Solving time: 0.00138165 seconds
plan limit 979
current timestep 2
num of flexible agents: 531
num of flexible tasks: 831
Solving time: 0.00133861 seconds
plan limit 979
current timestep 3
num of flexible agents: 493
num of flexible tasks: 793
Solving time: 0.00124613 seconds
plan limit 979
current timestep 4
num of flexible agents: 461
num of flexible tasks: 761
Solving time: 0.00124741 seconds
plan limit 979
current timestep 5
num of flexible agents: 427
num of flexible tasks: 727
Solving time: 0.00110881 seconds
plan limit 979
current timestep 6
num of flexible agents: 394
num of flexible tasks: 694
Solving time: 0.00110559 seconds
plan limit 979
current timestep 7
num of flexible agents: 365
num of flexible tasks: 665
Solving time: 0.00113994 seconds
plan limit 979
current timestep 8
num of flexible agents: 339
num of flexible tasks: 639
Solving time: 0.00101501 seconds
plan limit 979
current timestep 9
num of flexible agents: 311
num of flexible tasks: 611
Solving time: 0.00107923 seconds
plan limit 979
current timestep 10
num of flexible agents: 289
num of flexible tasks: 589
Solving time: 0.000993689 seconds
plan limit 979
current timestep 11
num of flexible agents: 269
num of flexible tasks: 569
Solving time: 0.000916591 seconds
plan limit 979
current timestep 12
num of flexible agents: 246
num of flexible tasks: 546
Solving time: 0.000984182 seconds
plan limit 979
current timestep 13
num of flexible agents: 223
num of flexible tasks: 523
Solving time: 0.000903001 seconds
plan limit 979
current timestep 14
num of flexible agents: 198
num of flexible tasks: 498
Solving time: 0.000846893 seconds
plan limit 979
current timestep 15
num of flexible agents: 185
num of flexible tasks: 485
Solving time: 0.000936984 seconds
plan limit 979
current timestep 16
num of flexible agents: 173
num of flexible tasks: 473
Solving time: 0.000959288 seconds
plan limit 979
current timestep 17
num of flexible agents: 164
num of flexible tasks: 464
Solving time: 0.000884358 seconds
plan limit 979
current timestep 18
num of flexible agents: 151
num of flexible tasks: 451
Solving time: 0.00085309 seconds
plan limit 979
current timestep 19
num of flexible agents: 144
num of flexible tasks: 444
Solving time: 0.000845605 seconds
plan limit 979
current timestep 20
num of flexible agents: 131
num of flexible tasks: 431
Solving time: 0.000985791 seconds
plan limit 979
current timestep 21
num of flexible agents: 124
num of flexible tasks: 424
Solving time: 0.000882087 seconds
plan limit 979
current timestep 22
num of flexible agents: 121
num of flexible tasks: 421
Solving time: 0.000936494 seconds
plan limit 979
current timestep 23
num of flexible agents: 119
num of flexible tasks: 419
Solving time: 0.00094823 seconds
plan limit 979
current timestep 24
num of flexible agents: 118
num of flexible tasks: 418
Solving time: 0.000844766 seconds
plan limit 979
current timestep 25
num of flexible agents: 116
num of flexible tasks: 416
Solving time: 0.000850683 seconds
plan limit 979
current timestep 26
num of flexible agents: 112
num of flexible tasks: 412
Solving time: 0.000968224 seconds
plan limit 979
current timestep 27
num of flexible agents: 107
num of flexible tasks: 407
Solving time: 0.000871104 seconds
plan limit 979
current timestep 28
num of flexible agents: 102
num of flexible tasks: 402
Solving time: 0.0010144 seconds
plan limit 979
current timestep 29
num of flexible agents: 105
num of flexible tasks: 405
Solving time: 0.000951244 seconds
plan limit 979
current timestep 30
num of flexible agents: 102
num of flexible tasks: 402
Solving time: 0.000868675 seconds
plan limit 979
current timestep 31
num of flexible agents: 103
num of flexible tasks: 403
Solving time: 0.000903017 seconds
plan limit 979
current timestep 32
num of flexible agents: 109
num of flexible tasks: 409
Solving time: 0.000823005 seconds
plan limit 979
current timestep 33
num of flexible agents: 113
num of flexible tasks: 413
Solving time: 0.000888771 seconds
plan limit 979
current timestep 34
num of flexible agents: 116
num of flexible tasks: 416
Solving time: 0.000897934 seconds
plan limit 979
current timestep 35
num of flexible agents: 119
num of flexible tasks: 419
Solving time: 0.000863718 seconds
plan limit 979
current timestep 36
num of flexible agents: 127
num of flexible tasks: 427
Solving time: 0.00100425 seconds
plan limit 979
current timestep 37
num of flexible agents: 131
num of flexible tasks: 431
Solving time: 0.000900473 seconds
plan limit 979
current timestep 38
num of flexible agents: 135
num of flexible tasks: 435
Solving time: 0.000979796 seconds
plan limit 979
current timestep 39
num of flexible agents: 140
num of flexible tasks: 440
Solving time: 0.000893094 seconds
plan limit 979
current timestep 40
num of flexible agents: 139
num of flexible tasks: 439
Solving time: 0.000850555 seconds
plan limit 979
current timestep 41
num of flexible agents: 143
num of flexible tasks: 443
Solving time: 0.00093838 seconds
plan limit 979
current timestep 42
num of flexible agents: 143
num of flexible tasks: 443
Solving time: 0.000906436 seconds
plan limit 979
current timestep 43
num of flexible agents: 146
num of flexible tasks: 446
Solving time: 0.000933819 seconds
plan limit 979
current timestep 44
num of flexible agents: 149
num of flexible tasks: 449
Solving time: 0.000967117 seconds
plan limit 979
current timestep 45
num of flexible agents: 152
num of flexible tasks: 452
Solving time: 0.000967704 seconds
plan limit 979
current timestep 46
num of flexible agents: 154
num of flexible tasks: 454
Solving time: 0.000928761 seconds
plan limit 979
current timestep 47
num of flexible agents: 158
num of flexible tasks: 458
Solving time: 0.00103087 seconds
plan limit 979
current timestep 48
num of flexible agents: 159
num of flexible tasks: 459
Solving time: 0.000920707 seconds
plan limit 979
current timestep 49
num of flexible agents: 157
num of flexible tasks: 457
Solving time: 0.000972078 seconds
plan limit 979
current timestep 50
num of flexible agents: 158
num of flexible tasks: 458
Solving time: 0.000985817 seconds
plan limit 979
current timestep 51
num of flexible agents: 161
num of flexible tasks: 461
Solving time: 0.0010092 seconds
plan limit 979
current timestep 52
num of flexible agents: 167
num of flexible tasks: 467
Solving time: 0.00106582 seconds
plan limit 979
current timestep 53
num of flexible agents: 171
num of flexible tasks: 471
Solving time: 0.000924153 seconds
plan limit 979
current timestep 54
num of flexible agents: 177
num of flexible tasks: 477
Solving time: 0.00108589 seconds
plan limit 979
current timestep 55
num of flexible agents: 179
num of flexible tasks: 479
Solving time: 0.0010016 seconds
plan limit 979
current timestep 56
num of flexible agents: 182
num of flexible tasks: 482
Solving time: 0.00103248 seconds
plan limit 979
current timestep 57
num of flexible agents: 186
num of flexible tasks: 486
Solving time: 0.00108211 seconds
plan limit 979
current timestep 58
num of flexible agents: 185
num of flexible tasks: 485
Solving time: 0.00100021 seconds
plan limit 979
current timestep 59
num of flexible agents: 190
num of flexible tasks: 490
Solving time: 0.000939097 seconds
plan limit 979
current timestep 60
num of flexible agents: 188
num of flexible tasks: 488
Solving time: 0.00108184 seconds
plan limit 979
current timestep 61
num of flexible agents: 191
num of flexible tasks: 491
Solving time: 0.00103251 seconds
plan limit 979
current timestep 62
num of flexible agents: 194
num of flexible tasks: 494
Solving time: 0.000984709 seconds
plan limit 979
current timestep 63
num of flexible agents: 198
num of flexible tasks: 498
Solving time: 0.00116807 seconds
plan limit 979
current timestep 64
num of flexible agents: 199
num of flexible tasks: 499
Solving time: 0.00112621 seconds
plan limit 979
current timestep 65
num of flexible agents: 201
num of flexible tasks: 501
Solving time: 0.00105489 seconds
plan limit 979
current timestep 66
num of flexible agents: 204
num of flexible tasks: 504
Solving time: 0.00104848 seconds
plan limit 979
current timestep 67
num of flexible agents: 205
num of flexible tasks: 505
Solving time: 0.0011349 seconds
plan limit 979
current timestep 68
num of flexible agents: 205
num of flexible tasks: 505
Solving time: 0.00115065 seconds
plan limit 979
current timestep 69
num of flexible agents: 205
num of flexible tasks: 505
Solving time: 0.00106166 seconds
plan limit 979
current timestep 70
num of flexible agents: 203
num of flexible tasks: 503
Solving time: 0.00110749 seconds
plan limit 979
current timestep 71
num of flexible agents: 202
num of flexible tasks: 502
Solving time: 0.00106042 seconds
plan limit 979
current timestep 72
num of flexible agents: 193
num of flexible tasks: 493
Solving time: 0.00103849 seconds
plan limit 979
current timestep 73
num of flexible agents: 193
num of flexible tasks: 493
Solving time: 0.00104084 seconds
plan limit 979
current timestep 74
num of flexible agents: 196
num of flexible tasks: 496
Solving time: 0.00114099 seconds
plan limit 979
current timestep 75
num of flexible agents: 201
num of flexible tasks: 501
Solving time: 0.00108165 seconds
plan limit 979
current timestep 76
num of flexible agents: 199
num of flexible tasks: 499
Solving time: 0.00115538 seconds
plan limit 979
current timestep 77
num of flexible agents: 199
num of flexible tasks: 499
Solving time: 0.00112167 seconds
plan limit 979
current timestep 78
num of flexible agents: 200
num of flexible tasks: 500
Solving time: 0.00113416 seconds
plan limit 979
current timestep 79
num of flexible agents: 200
num of flexible tasks: 500
Solving time: 0.00119269 seconds
plan limit 979
current timestep 80
num of flexible agents: 205
num of flexible tasks: 505
Solving time: 0.00107263 seconds
plan limit 979
current timestep 81
num of flexible agents: 205
num of flexible tasks: 505
Solving time: 0.00122064 seconds
plan limit 979
current timestep 82
num of flexible agents: 205
num of flexible tasks: 505
Solving time: 0.00113624 seconds
plan limit 979
current timestep 83
num of flexible agents: 210
num of flexible tasks: 510
Solving time: 0.00109281 seconds
plan limit 979
current timestep 84
num of flexible agents: 208
num of flexible tasks: 508
Solving time: 0.00115917 seconds
plan limit 979
current timestep 85
num of flexible agents: 201
num of flexible tasks: 501
Solving time: 0.00124289 seconds
plan limit 979
current timestep 86
num of flexible agents: 202
num of flexible tasks: 502
Solving time: 0.00111879 seconds
plan limit 979
current timestep 87
num of flexible agents: 205
num of flexible tasks: 505
Solving time: 0.00112753 seconds
plan limit 979
current timestep 88
num of flexible agents: 206
num of flexible tasks: 506
Solving time: 0.00119968 seconds
plan limit 979
current timestep 89
num of flexible agents: 205
num of flexible tasks: 505
Solving time: 0.0011173 seconds
plan limit 979
current timestep 90
num of flexible agents: 205
num of flexible tasks: 505
Solving time: 0.00104475 seconds
plan limit 979
current timestep 91
num of flexible agents: 199
num of flexible tasks: 499
Solving time: 0.00109056 seconds
plan limit 979
current timestep 92
num of flexible agents: 197
num of flexible tasks: 497
Solving time: 0.00106015 seconds
plan limit 979
current timestep 93
num of flexible agents: 198
num of flexible tasks: 498
Solving time: 0.00122259 seconds
plan limit 979
current timestep 94
num of flexible agents: 192
num of flexible tasks: 492
Solving time: 0.0010411 seconds
plan limit 979
current timestep 95
num of flexible agents: 191
num of flexible tasks: 491
Solving time: 0.00118057 seconds
plan limit 979
current timestep 96
num of flexible agents: 190
num of flexible tasks: 490
Solving time: 0.00108798 seconds
plan limit 979
current timestep 97
num of flexible agents: 190
num of flexible tasks: 490
Solving time: 0.00105767 seconds
plan limit 979
current timestep 98
num of flexible agents: 193
num of flexible tasks: 493
Solving time: 0.00106284 seconds
plan limit 979
current timestep 99
num of flexible agents: 196
num of flexible tasks: 496
Solving time: 0.00108296 seconds
plan limit 979
current timestep 100
num of flexible agents: 195
num of flexible tasks: 495
Solving time: 0.00123502 seconds
plan limit 979
current timestep 101
num of flexible agents: 198
num of flexible tasks: 498
Solving time: 0.0011492 seconds
plan limit 979
current timestep 102
num of flexible agents: 196
num of flexible tasks: 496
Solving time: 0.00112257 seconds
plan limit 979
current timestep 103
num of flexible agents: 198
num of flexible tasks: 498
Solving time: 0.00115663 seconds
plan limit 979
current timestep 104
num of flexible agents: 193
num of flexible tasks: 493
Solving time: 0.00109488 seconds
plan limit 979
current timestep 105
num of flexible agents: 192
num of flexible tasks: 492
Solving time: 0.00122513 seconds
plan limit 979
current timestep 106
num of flexible agents: 191
num of flexible tasks: 491
Solving time: 0.00119582 seconds
plan limit 979
current timestep 107
num of flexible agents: 187
num of flexible tasks: 487
Solving time: 0.00115831 seconds
plan limit 979
current timestep 108
num of flexible agents: 186
num of flexible tasks: 486
Solving time: 0.00115335 seconds
plan limit 979
current timestep 109
num of flexible agents: 188
num of flexible tasks: 488
Solving time: 0.00111981 seconds
plan limit 979
current timestep 110
num of flexible agents: 187
num of flexible tasks: 487
Solving time: 0.00117053 seconds
plan limit 979
current timestep 111
num of flexible agents: 191
num of flexible tasks: 491
Solving time: 0.00109813 seconds
plan limit 979
current timestep 112
num of flexible agents: 193
num of flexible tasks: 493
Solving time: 0.00120079 seconds
plan limit 979
current timestep 113
num of flexible agents: 192
num of flexible tasks: 492
Solving time: 0.00117826 seconds
plan limit 979
current timestep 114
num of flexible agents: 196
num of flexible tasks: 496
Solving time: 0.0012094 seconds
plan limit 979
current timestep 115
num of flexible agents: 203
num of flexible tasks: 503
Solving time: 0.00114766 seconds
plan limit 979
current timestep 116
num of flexible agents: 203
num of flexible tasks: 503
Solving time: 0.00112248 seconds
plan limit 979
current timestep 117
num of flexible agents: 204
num of flexible tasks: 504
Solving time: 0.00123738 seconds
plan limit 979
current timestep 118
num of flexible agents: 204
num of flexible tasks: 504
Solving time: 0.0013356 seconds
plan limit 979
current timestep 119
num of flexible agents: 209
num of flexible tasks: 509
Solving time: 0.00122355 seconds
plan limit 979
current timestep 120
num of flexible agents: 208
num of flexible tasks: 508
Solving time: 0.00114915 seconds
plan limit 979
current timestep 121
num of flexible agents: 212
num of flexible tasks: 512
Solving time: 0.0012953 seconds
plan limit 979
current timestep 122
num of flexible agents: 212
num of flexible tasks: 512
Solving time: 0.00128352 seconds
plan limit 979
current timestep 123
num of flexible agents: 209
num of flexible tasks: 509
Solving time: 0.0012653 seconds
plan limit 979
current timestep 124
num of flexible agents: 213
num of flexible tasks: 513
Solving time: 0.00134905 seconds
plan limit 979
current timestep 125
num of flexible agents: 211
num of flexible tasks: 511
Solving time: 0.00122747 seconds
plan limit 979
current timestep 126
num of flexible agents: 215
num of flexible tasks: 515
Solving time: 0.00129776 seconds
plan limit 979
current timestep 127
num of flexible agents: 221
num of flexible tasks: 521
Solving time: 0.0013604 seconds
plan limit 979
current timestep 128
num of flexible agents: 222
num of flexible tasks: 522
Solving time: 0.00124237 seconds
plan limit 979
current timestep 129
num of flexible agents: 224
num of flexible tasks: 524
Solving time: 0.00134517 seconds
plan limit 979
current timestep 130
num of flexible agents: 224
num of flexible tasks: 524
Solving time: 0.00123393 seconds
plan limit 979
current timestep 131
num of flexible agents: 227
num of flexible tasks: 527
Solving time: 0.00127174 seconds
plan limit 979
current timestep 132
num of flexible agents: 228
num of flexible tasks: 528
Solving time: 0.00130539 seconds
plan limit 979
current timestep 133
num of flexible agents: 227
num of flexible tasks: 527
Solving time: 0.00132007 seconds
plan limit 979
current timestep 134
num of flexible agents: 222
num of flexible tasks: 522
Solving time: 0.00128939 seconds
plan limit 979
current timestep 135
num of flexible agents: 223
num of flexible tasks: 523
Solving time: 0.00138321 seconds
plan limit 979
current timestep 136
num of flexible agents: 221
num of flexible tasks: 521
Solving time: 0.001452 seconds
plan limit 979
current timestep 137
num of flexible agents: 224
num of flexible tasks: 524
Solving time: 0.00120402 seconds
plan limit 979
current timestep 138
num of flexible agents: 223
num of flexible tasks: 523
Solving time: 0.00134808 seconds
plan limit 979
current timestep 139
num of flexible agents: 222
num of flexible tasks: 522
Solving time: 0.00126556 seconds
plan limit 979
current timestep 140
num of flexible agents: 220
num of flexible tasks: 520
Solving time: 0.00131102 seconds
plan limit 979
current timestep 141
num of flexible agents: 232
num of flexible tasks: 532
Solving time: 0.0014634 seconds
plan limit 979
current timestep 142
num of flexible agents: 233
num of flexible tasks: 533
Solving time: 0.00135375 seconds
plan limit 979
current timestep 143
num of flexible agents: 232
num of flexible tasks: 532
Solving time: 0.00138422 seconds
plan limit 979
current timestep 144
num of flexible agents: 238
num of flexible tasks: 538
Solving time: 0.00131209 seconds
plan limit 979
current timestep 145
num of flexible agents: 231
num of flexible tasks: 531
Solving time: 0.00138135 seconds
plan limit 979
current timestep 146
num of flexible agents: 229
num of flexible tasks: 529
Solving time: 0.00138048 seconds
plan limit 979
current timestep 147
num of flexible agents: 229
num of flexible tasks: 529
Solving time: 0.00142964 seconds
plan limit 979
current timestep 148
num of flexible agents: 232
num of flexible tasks: 532
Solving time: 0.00144951 seconds
plan limit 979
current timestep 149
num of flexible agents: 233
num of flexible tasks: 533
Solving time: 0.00139323 seconds
plan limit 979
current timestep 150
num of flexible agents: 233
num of flexible tasks: 533
Solving time: 0.00134241 seconds
plan limit 979
current timestep 151
num of flexible agents: 230
num of flexible tasks: 530
Solving time: 0.00126717 seconds
plan limit 979
current timestep 152
num of flexible agents: 227
num of flexible tasks: 527
Solving time: 0.0014685 seconds
plan limit 979
current timestep 153
num of flexible agents: 228
num of flexible tasks: 528
Solving time: 0.00131795 seconds
plan limit 979
current timestep 154
num of flexible agents: 226
num of flexible tasks: 526
Solving time: 0.0013489 seconds
plan limit 979
current timestep 155
num of flexible agents: 221
num of flexible tasks: 521
Solving time: 0.00150976 seconds
plan limit 979
current timestep 156
num of flexible agents: 222
num of flexible tasks: 522
Solving time: 0.00139407 seconds
plan limit 979
current timestep 157
num of flexible agents: 225
num of flexible tasks: 525
Solving time: 0.0014318 seconds
plan limit 979
current timestep 158
num of flexible agents: 225
num of flexible tasks: 525
Solving time: 0.00130262 seconds
plan limit 979
current timestep 159
num of flexible agents: 226
num of flexible tasks: 526
Solving time: 0.00139631 seconds
plan limit 979
current timestep 160
num of flexible agents: 221
num of flexible tasks: 521
Solving time: 0.0012758 seconds
plan limit 979
current timestep 161
num of flexible agents: 220
num of flexible tasks: 520
Solving time: 0.00145289 seconds
plan limit 979
current timestep 162
num of flexible agents: 219
num of flexible tasks: 519
Solving time: 0.00131577 seconds
plan limit 979
current timestep 163
num of flexible agents: 219
num of flexible tasks: 519
Solving time: 0.00130987 seconds
plan limit 979
current timestep 164
num of flexible agents: 225
num of flexible tasks: 525
Solving time: 0.0015151 seconds
plan limit 979
current timestep 165
num of flexible agents: 227
num of flexible tasks: 527
Solving time: 0.00142404 seconds
plan limit 979
current timestep 166
num of flexible agents: 227
num of flexible tasks: 527
Solving time: 0.0013397 seconds
plan limit 979
current timestep 167
num of flexible agents: 225
num of flexible tasks: 525
Solving time: 0.00143013 seconds
plan limit 979
current timestep 168
num of flexible agents: 223
num of flexible tasks: 523
Solving time: 0.00131589 seconds
plan limit 979
current timestep 169
num of flexible agents: 224
num of flexible tasks: 524
Solving time: 0.00135458 seconds
plan limit 979
current timestep 170
num of flexible agents: 218
num of flexible tasks: 518
Solving time: 0.00132657 seconds
plan limit 979
current timestep 171
num of flexible agents: 219
num of flexible tasks: 519
Solving time: 0.0013166 seconds
plan limit 979
current timestep 172
num of flexible agents: 221
num of flexible tasks: 521
Solving time: 0.00140769 seconds
plan limit 979
current timestep 173
num of flexible agents: 219
num of flexible tasks: 519
Solving time: 0.00135615 seconds
plan limit 979
current timestep 174
num of flexible agents: 223
num of flexible tasks: 523
Solving time: 0.00150576 seconds
plan limit 979
current timestep 175
num of flexible agents: 217
num of flexible tasks: 517
Solving time: 0.00142603 seconds
plan limit 979
current timestep 176
num of flexible agents: 224
num of flexible tasks: 524
Solving time: 0.00148945 seconds
plan limit 979
current timestep 177
num of flexible agents: 225
num of flexible tasks: 525
Solving time: 0.00133973 seconds
plan limit 979
current timestep 178
num of flexible agents: 225
num of flexible tasks: 525
Solving time: 0.00150073 seconds
plan limit 979
current timestep 179
num of flexible agents: 225
num of flexible tasks: 525
Solving time: 0.00136168 seconds
plan limit 979
current timestep 180
num of flexible agents: 228
num of flexible tasks: 528
Solving time: 0.00132532 seconds
plan limit 979
current timestep 181
num of flexible agents: 228
num of flexible tasks: 528
Solving time: 0.00128261 seconds
plan limit 979
current timestep 182
num of flexible agents: 237
num of flexible tasks: 537
Solving time: 0.00147422 seconds
plan limit 979
current timestep 183
num of flexible agents: 236
num of flexible tasks: 536
Solving time: 0.00137077 seconds
plan limit 979
current timestep 184
num of flexible agents: 243
num of flexible tasks: 543
Solving time: 0.00140953 seconds
plan limit 979
current timestep 185
num of flexible agents: 247
num of flexible tasks: 547
Solving time: 0.00127897 seconds
plan limit 979
current timestep 186
num of flexible agents: 245
num of flexible tasks: 545
Solving time: 0.00131381 seconds
plan limit 979
current timestep 187
num of flexible agents: 239
num of flexible tasks: 539
Solving time: 0.00136707 seconds
plan limit 979
current timestep 188
num of flexible agents: 236
num of flexible tasks: 536
Solving time: 0.00131104 seconds
plan limit 979
current timestep 189
num of flexible agents: 240
num of flexible tasks: 540
Solving time: 0.0013824 seconds
plan limit 979
current timestep 190
num of flexible agents: 238
num of flexible tasks: 538
Solving time: 0.00134065 seconds
plan limit 979
current timestep 191
num of flexible agents: 239
num of flexible tasks: 539
Solving time: 0.00134543 seconds
plan limit 979
current timestep 192
num of flexible agents: 236
num of flexible tasks: 536
Solving time: 0.0012584 seconds
plan limit 979
current timestep 193
num of flexible agents: 232
num of flexible tasks: 532
Solving time: 0.00136293 seconds
plan limit 979
current timestep 194
num of flexible agents: 236
num of flexible tasks: 536
Solving time: 0.00128671 seconds
plan limit 979
current timestep 195
num of flexible agents: 232
num of flexible tasks: 532
Solving time: 0.00143863 seconds
plan limit 979
current timestep 196
num of flexible agents: 230
num of flexible tasks: 530
Solving time: 0.00133387 seconds
plan limit 979
current timestep 197
num of flexible agents: 229
num of flexible tasks: 529
Solving time: 0.00127704 seconds
plan limit 979
current timestep 198
num of flexible agents: 233
num of flexible tasks: 533
Solving time: 0.00130005 seconds
plan limit 979
current timestep 199
num of flexible agents: 233
num of flexible tasks: 533
Solving time: 0.00134397 seconds
plan limit 979
current timestep 200
num of flexible agents: 235
num of flexible tasks: 535
Solving time: 0.00132169 seconds
plan limit 979
current timestep 201
num of flexible agents: 231
num of flexible tasks: 531
Solving time: 0.00130373 seconds
plan limit 979
current timestep 202
num of flexible agents: 233
num of flexible tasks: 533
Solving time: 0.00135155 seconds
plan limit 979
current timestep 203
num of flexible agents: 236
num of flexible tasks: 536
Solving time: 0.00146091 seconds
plan limit 979
current timestep 204
num of flexible agents: 240
num of flexible tasks: 540
Solving time: 0.00137343 seconds
plan limit 979
current timestep 205
num of flexible agents: 241
num of flexible tasks: 541
Solving time: 0.00142441 seconds
plan limit 979
current timestep 206
num of flexible agents: 237
num of flexible tasks: 537
Solving time: 0.00133337 seconds
plan limit 979
current timestep 207
num of flexible agents: 239
num of flexible tasks: 539
Solving time: 0.00138427 seconds
plan limit 979
current timestep 208
num of flexible agents: 242
num of flexible tasks: 542
Solving time: 0.00141734 seconds
plan limit 979
current timestep 209
num of flexible agents: 240
num of flexible tasks: 540
Solving time: 0.00143753 seconds
plan limit 979
current timestep 210
num of flexible agents: 244
num of flexible tasks: 544
Solving time: 0.00125208 seconds
plan limit 979
current timestep 211
num of flexible agents: 242
num of flexible tasks: 542
Solving time: 0.00133049 seconds
plan limit 979
current timestep 212
num of flexible agents: 244
num of flexible tasks: 544
Solving time: 0.00136488 seconds
plan limit 979
current timestep 213
num of flexible agents: 241
num of flexible tasks: 541
Solving time: 0.00129584 seconds
plan limit 979
current timestep 214
num of flexible agents: 243
num of flexible tasks: 543
Solving time: 0.00150356 seconds
plan limit 979
current timestep 215
num of flexible agents: 245
num of flexible tasks: 545
Solving time: 0.00136374 seconds
plan limit 979
current timestep 216
num of flexible agents: 242
num of flexible tasks: 542
Solving time: 0.00146374 seconds
plan limit 979
current timestep 217
num of flexible agents: 240
num of flexible tasks: 540
Solving time: 0.00142875 seconds
plan limit 979
current timestep 218
num of flexible agents: 241
num of flexible tasks: 541
Solving time: 0.00135142 seconds
plan limit 979
current timestep 219
num of flexible agents: 237
num of flexible tasks: 537
Solving time: 0.00131707 seconds
plan limit 979
current timestep 220
num of flexible agents: 237
num of flexible tasks: 537
Solving time: 0.00136388 seconds
plan limit 979
current timestep 221
num of flexible agents: 236
num of flexible tasks: 536
Solving time: 0.00139257 seconds
plan limit 979
current timestep 222
num of flexible agents: 237
num of flexible tasks: 537
Solving time: 0.00135781 seconds
plan limit 979
current timestep 223
num of flexible agents: 233
num of flexible tasks: 533
Solving time: 0.0013363 seconds
plan limit 979
current timestep 224
num of flexible agents: 222
num of flexible tasks: 522
Solving time: 0.00134354 seconds
plan limit 979
current timestep 225
num of flexible agents: 224
num of flexible tasks: 524
Solving time: 0.00153026 seconds
plan limit 979
current timestep 226
num of flexible agents: 230
num of flexible tasks: 530
Solving time: 0.00140011 seconds
plan limit 979
current timestep 227
num of flexible agents: 232
num of flexible tasks: 532
Solving time: 0.00122247 seconds
plan limit 979
current timestep 228
num of flexible agents: 233
num of flexible tasks: 533
Solving time: 0.00138273 seconds
plan limit 979
current timestep 229
num of flexible agents: 241
num of flexible tasks: 541
Solving time: 0.00141961 seconds
plan limit 979
current timestep 230
num of flexible agents: 242
num of flexible tasks: 542
Solving time: 0.00144654 seconds
plan limit 979
current timestep 231
num of flexible agents: 239
num of flexible tasks: 539
Solving time: 0.00129839 seconds
plan limit 979
current timestep 232
num of flexible agents: 232
num of flexible tasks: 532
Solving time: 0.00133374 seconds
plan limit 979
current timestep 233
num of flexible agents: 240
num of flexible tasks: 540
Solving time: 0.00135665 seconds
plan limit 979
current timestep 234
num of flexible agents: 239
num of flexible tasks: 539
Solving time: 0.00140711 seconds
plan limit 979
current timestep 235
num of flexible agents: 235
num of flexible tasks: 535
Solving time: 0.00131637 seconds
plan limit 979
current timestep 236
num of flexible agents: 235
num of flexible tasks: 535
Solving time: 0.00145072 seconds
plan limit 979
current timestep 237
num of flexible agents: 243
num of flexible tasks: 543
Solving time: 0.00146051 seconds
plan limit 979
current timestep 238
num of flexible agents: 239
num of flexible tasks: 539
Solving time: 0.00136252 seconds
plan limit 979
current timestep 239
num of flexible agents: 239
num of flexible tasks: 539
Solving time: 0.00134948 seconds
plan limit 979
current timestep 240
num of flexible agents: 242
num of flexible tasks: 542
Solving time: 0.00146703 seconds
plan limit 979
current timestep 241
num of flexible agents: 237
num of flexible tasks: 537
Solving time: 0.00134574 seconds
plan limit 979
current timestep 242
num of flexible agents: 232
num of flexible tasks: 532
Solving time: 0.00142982 seconds
plan limit 979
current timestep 243
num of flexible agents: 232
num of flexible tasks: 532
Solving time: 0.00140684 seconds
plan limit 979
current timestep 244
num of flexible agents: 231
num of flexible tasks: 531
Solving time: 0.0012817 seconds
plan limit 979
current timestep 245
num of flexible agents: 233
num of flexible tasks: 533
Solving time: 0.00141447 seconds
plan limit 979
current timestep 246
num of flexible agents: 233
num of flexible tasks: 533
Solving time: 0.00143263 seconds
plan limit 979
current timestep 247
num of flexible agents: 226
num of flexible tasks: 526
Solving time: 0.00139777 seconds
plan limit 979
current timestep 248
num of flexible agents: 228
num of flexible tasks: 528
Solving time: 0.00133309 seconds
plan limit 979
current timestep 249
num of flexible agents: 230
num of flexible tasks: 530
Solving time: 0.00137442 seconds
plan limit 979
