current timestep 0
num of flexible agents: 50
num of flexible tasks: 5
Solving time: 0.000326672 seconds
plan limit 980
current timestep 1
num of flexible agents: 48
num of flexible tasks: 8
Solving time: 0.000338455 seconds
plan limit 980
current timestep 2
num of flexible agents: 47
num of flexible tasks: 12
Solving time: 0.000345304 seconds
plan limit 980
current timestep 3
num of flexible agents: 47
num of flexible tasks: 17
Solving time: 0.000335381 seconds
plan limit 980
current timestep 4
num of flexible agents: 43
num of flexible tasks: 18
Solving time: 0.000411019 seconds
plan limit 980
current timestep 5
num of flexible agents: 42
num of flexible tasks: 22
Solving time: 0.00042056 seconds
plan limit 980
current timestep 6
num of flexible agents: 41
num of flexible tasks: 26
Solving time: 0.000432331 seconds
plan limit 980
current timestep 7
num of flexible agents: 38
num of flexible tasks: 28
Solving time: 0.000449258 seconds
plan limit 980
current timestep 8
num of flexible agents: 36
num of flexible tasks: 31
Solving time: 0.000516153 seconds
plan limit 980
current timestep 9
num of flexible agents: 35
num of flexible tasks: 35
Solving time: 0.000501782 seconds
plan limit 980
current timestep 10
num of flexible agents: 35
num of flexible tasks: 40
Solving time: 0.000409121 seconds
plan limit 980
current timestep 11
num of flexible agents: 28
num of flexible tasks: 38
Solving time: 0.000392683 seconds
plan limit 980
current timestep 12
num of flexible agents: 23
num of flexible tasks: 37
Solving time: 0.000350638 seconds
plan limit 980
current timestep 13
num of flexible agents: 15
num of flexible tasks: 33
Solving time: 0.000335115 seconds
plan limit 980
current timestep 14
num of flexible agents: 13
num of flexible tasks: 36
Solving time: 0.000280148 seconds
plan limit 980
current timestep 15
num of flexible agents: 10
num of flexible tasks: 37
Solving time: 0.000269426 seconds
plan limit 980
current timestep 16
num of flexible agents: 8
num of flexible tasks: 40
Solving time: 0.000272501 seconds
plan limit 980
current timestep 17
num of flexible agents: 5
num of flexible tasks: 41
Solving time: 0.000293191 seconds
plan limit 980
current timestep 18
num of flexible agents: 4
num of flexible tasks: 45
Solving time: 0.000246472 seconds
plan limit 980
current timestep 19
num of flexible agents: 3
num of flexible tasks: 48
Solving time: 0.000263059 seconds
plan limit 980
current timestep 20
num of flexible agents: 2
num of flexible tasks: 51
Solving time: 0.000747521 seconds
plan limit 980
current timestep 21
num of flexible agents: 2
num of flexible tasks: 56
Solving time: 0.000739849 seconds
plan limit 980
current timestep 22
num of flexible agents: 2
num of flexible tasks: 61
Solving time: 0.000816276 seconds
plan limit 980
current timestep 23
num of flexible agents: 3
num of flexible tasks: 65
Solving time: 0.00074568 seconds
plan limit 980
current timestep 24
num of flexible agents: 2
num of flexible tasks: 68
Solving time: 0.000763447 seconds
plan limit 980
current timestep 25
num of flexible agents: 5
num of flexible tasks: 73
Solving time: 0.000268754 seconds
plan limit 980
current timestep 26
num of flexible agents: 7
num of flexible tasks: 77
Solving time: 0.000270846 seconds
plan limit 980
current timestep 27
num of flexible agents: 9
num of flexible tasks: 80
Solving time: 0.000268266 seconds
plan limit 980
current timestep 28
num of flexible agents: 9
num of flexible tasks: 82
Solving time: 0.000271053 seconds
plan limit 980
current timestep 29
num of flexible agents: 6
num of flexible tasks: 83
Solving time: 0.000265391 seconds
plan limit 980
current timestep 30
num of flexible agents: 2
num of flexible tasks: 84
Solving time: 0.000731289 seconds
plan limit 980
current timestep 31
num of flexible agents: 4
num of flexible tasks: 88
Solving time: 0.000267883 seconds
plan limit 980
current timestep 32
num of flexible agents: 5
num of flexible tasks: 92
Solving time: 0.000253339 seconds
plan limit 980
current timestep 33
num of flexible agents: 4
num of flexible tasks: 94
Solving time: 0.000274184 seconds
plan limit 980
current timestep 34
num of flexible agents: 3
num of flexible tasks: 97
Solving time: 0.000765824 seconds
plan limit 980
current timestep 35
num of flexible agents: 5
num of flexible tasks: 100
Solving time: 0.00025668 seconds
plan limit 980
current timestep 36
num of flexible agents: 3
num of flexible tasks: 102
Solving time: 0.000760205 seconds
plan limit 980
current timestep 37
num of flexible agents: 4
num of flexible tasks: 107
Solving time: 0.000284826 seconds
plan limit 980
current timestep 38
num of flexible agents: 6
num of flexible tasks: 112
Solving time: 0.000276256 seconds
plan limit 980
current timestep 39
num of flexible agents: 4
num of flexible tasks: 114
Solving time: 0.000303116 seconds
plan limit 980
current timestep 40
num of flexible agents: 6
num of flexible tasks: 118
Solving time: 0.000289611 seconds
plan limit 980
current timestep 41
num of flexible agents: 4
num of flexible tasks: 120
Solving time: 0.00027299 seconds
plan limit 980
current timestep 42
num of flexible agents: 4
num of flexible tasks: 123
Solving time: 0.000292988 seconds
plan limit 980
current timestep 43
num of flexible agents: 3
num of flexible tasks: 126
Solving time: 0.000738842 seconds
plan limit 980
current timestep 44
num of flexible agents: 7
num of flexible tasks: 129
Solving time: 0.000316177 seconds
plan limit 980
current timestep 45
num of flexible agents: 4
num of flexible tasks: 129
Solving time: 0.000281729 seconds
plan limit 980
current timestep 46
num of flexible agents: 4
num of flexible tasks: 131
Solving time: 0.000302225 seconds
plan limit 980
current timestep 47
num of flexible agents: 2
num of flexible tasks: 133
Solving time: 0.000764207 seconds
plan limit 980
current timestep 48
num of flexible agents: 7
num of flexible tasks: 138
Solving time: 0.000292783 seconds
plan limit 980
current timestep 49
num of flexible agents: 3
num of flexible tasks: 138
Solving time: 0.000864125 seconds
plan limit 980
current timestep 50
num of flexible agents: 2
num of flexible tasks: 142
Solving time: 0.000741957 seconds
plan limit 980
current timestep 51
num of flexible agents: 6
num of flexible tasks: 146
Solving time: 0.000288914 seconds
plan limit 980
current timestep 52
num of flexible agents: 3
num of flexible tasks: 146
Solving time: 0.000761379 seconds
plan limit 980
current timestep 53
num of flexible agents: 4
num of flexible tasks: 148
Solving time: 0.000293262 seconds
plan limit 980
current timestep 54
num of flexible agents: 3
num of flexible tasks: 151
Solving time: 0.000800637 seconds
plan limit 980
current timestep 55
num of flexible agents: 1
num of flexible tasks: 154
Solving time: 0.000317116 seconds
plan limit 980
current timestep 56
num of flexible agents: 2
num of flexible tasks: 159
Solving time: 0.000747378 seconds
plan limit 980
current timestep 57
num of flexible agents: 5
num of flexible tasks: 163
Solving time: 0.00027791 seconds
plan limit 980
current timestep 58
num of flexible agents: 4
num of flexible tasks: 164
Solving time: 0.000327098 seconds
plan limit 980
current timestep 59
num of flexible agents: 2
num of flexible tasks: 166
Solving time: 0.000728635 seconds
plan limit 980
current timestep 60
num of flexible agents: 4
num of flexible tasks: 169
Solving time: 0.0002898 seconds
plan limit 980
current timestep 61
num of flexible agents: 2
num of flexible tasks: 171
Solving time: 0.000732583 seconds
plan limit 980
current timestep 62
num of flexible agents: 1
num of flexible tasks: 174
Solving time: 0.000618541 seconds
plan limit 980
current timestep 63
num of flexible agents: 1
num of flexible tasks: 178
Solving time: 0.000599879 seconds
plan limit 980
current timestep 64
num of flexible agents: 4
num of flexible tasks: 182
Solving time: 0.000816579 seconds
plan limit 980
current timestep 65
num of flexible agents: 3
num of flexible tasks: 185
Solving time: 0.000802712 seconds
plan limit 980
current timestep 66
num of flexible agents: 4
num of flexible tasks: 189
Solving time: 0.000891538 seconds
plan limit 979
current timestep 67
num of flexible agents: 3
num of flexible tasks: 191
Solving time: 0.000838119 seconds
plan limit 980
current timestep 68
num of flexible agents: 5
num of flexible tasks: 194
Solving time: 0.000317059 seconds
plan limit 980
current timestep 69
num of flexible agents: 4
num of flexible tasks: 197
Solving time: 0.000842762 seconds
plan limit 979
current timestep 70
num of flexible agents: 5
num of flexible tasks: 199
Solving time: 0.0002918 seconds
plan limit 980
current timestep 71
num of flexible agents: 4
num of flexible tasks: 202
Solving time: 0.000801308 seconds
plan limit 980
current timestep 72
num of flexible agents: 3
num of flexible tasks: 204
Solving time: 0.000789327 seconds
plan limit 980
current timestep 73
num of flexible agents: 2
num of flexible tasks: 207
Solving time: 0.000705377 seconds
plan limit 980
current timestep 74
num of flexible agents: 2
num of flexible tasks: 210
Solving time: 0.000735213 seconds
plan limit 980
current timestep 75
num of flexible agents: 2
num of flexible tasks: 213
Solving time: 0.000674141 seconds
plan limit 980
current timestep 76
num of flexible agents: 4
num of flexible tasks: 216
Solving time: 0.00102389 seconds
plan limit 979
current timestep 77
num of flexible agents: 5
num of flexible tasks: 218
Solving time: 0.000895622 seconds
plan limit 979
current timestep 78
num of flexible agents: 4
num of flexible tasks: 221
Solving time: 0.000761737 seconds
plan limit 980
current timestep 79
num of flexible agents: 3
num of flexible tasks: 224
Solving time: 0.000744588 seconds
plan limit 980
current timestep 80
num of flexible agents: 6
num of flexible tasks: 228
Solving time: 0.000865577 seconds
plan limit 979
current timestep 81
num of flexible agents: 3
num of flexible tasks: 229
Solving time: 0.000793195 seconds
plan limit 980
current timestep 82
num of flexible agents: 1
num of flexible tasks: 232
Solving time: 0.000552137 seconds
plan limit 980
current timestep 83
num of flexible agents: 2
num of flexible tasks: 236
Solving time: 0.000654087 seconds
plan limit 980
current timestep 84
num of flexible agents: 2
num of flexible tasks: 240
Solving time: 0.000659746 seconds
plan limit 980
current timestep 85
num of flexible agents: 1
num of flexible tasks: 243
Solving time: 0.000667519 seconds
plan limit 980
current timestep 86
num of flexible agents: 2
num of flexible tasks: 247
Solving time: 0.000687104 seconds
plan limit 980
current timestep 87
num of flexible agents: 2
num of flexible tasks: 250
Solving time: 0.00064086 seconds
plan limit 980
current timestep 88
num of flexible agents: 5
num of flexible tasks: 253
Solving time: 0.000869069 seconds
plan limit 979
current timestep 89
num of flexible agents: 7
num of flexible tasks: 255
Solving time: 0.000310426 seconds
plan limit 980
current timestep 90
num of flexible agents: 4
num of flexible tasks: 255
Solving time: 0.00080018 seconds
plan limit 980
current timestep 91
num of flexible agents: 3
num of flexible tasks: 258
Solving time: 0.000740086 seconds
plan limit 980
current timestep 92
num of flexible agents: 3
num of flexible tasks: 260
Solving time: 0.000732826 seconds
plan limit 980
current timestep 93
num of flexible agents: 1
num of flexible tasks: 263
Solving time: 0.000458523 seconds
plan limit 980
current timestep 94
num of flexible agents: 4
num of flexible tasks: 267
Solving time: 0.000844628 seconds
plan limit 980
current timestep 95
num of flexible agents: 2
num of flexible tasks: 270
Solving time: 0.000640929 seconds
plan limit 980
current timestep 96
num of flexible agents: 2
num of flexible tasks: 275
Solving time: 0.000640374 seconds
plan limit 980
current timestep 97
num of flexible agents: 3
num of flexible tasks: 278
Solving time: 0.000688595 seconds
plan limit 980
current timestep 98
num of flexible agents: 2
num of flexible tasks: 281
Solving time: 0.000693168 seconds
plan limit 980
current timestep 99
num of flexible agents: 1
num of flexible tasks: 285
Solving time: 0.000594987 seconds
plan limit 980
current timestep 100
num of flexible agents: 1
num of flexible tasks: 284
Solving time: 0.000564026 seconds
plan limit 980
current timestep 101
num of flexible agents: 4
num of flexible tasks: 283
Solving time: 0.000792466 seconds
plan limit 980
current timestep 102
num of flexible agents: 3
num of flexible tasks: 279
Solving time: 0.000734056 seconds
plan limit 980
current timestep 103
num of flexible agents: 4
num of flexible tasks: 276
Solving time: 0.000823108 seconds
plan limit 980
current timestep 104
num of flexible agents: 1
num of flexible tasks: 272
Solving time: 0.00055093 seconds
plan limit 980
current timestep 105
num of flexible agents: 2
num of flexible tasks: 272
Solving time: 0.000623393 seconds
plan limit 980
current timestep 106
num of flexible agents: 2
num of flexible tasks: 270
Solving time: 0.000624429 seconds
plan limit 980
current timestep 107
num of flexible agents: 4
num of flexible tasks: 268
Solving time: 0.000790362 seconds
plan limit 980
current timestep 108
num of flexible agents: 7
num of flexible tasks: 265
Solving time: 0.000269388 seconds
plan limit 980
current timestep 109
num of flexible agents: 6
num of flexible tasks: 261
Solving time: 0.000273316 seconds
plan limit 980
current timestep 110
num of flexible agents: 2
num of flexible tasks: 256
Solving time: 0.000618077 seconds
plan limit 980
current timestep 111
num of flexible agents: 3
num of flexible tasks: 254
Solving time: 0.000736958 seconds
plan limit 980
current timestep 112
num of flexible agents: 4
num of flexible tasks: 252
Solving time: 0.000863069 seconds
plan limit 979
current timestep 113
num of flexible agents: 5
num of flexible tasks: 249
Solving time: 0.000829674 seconds
plan limit 979
current timestep 114
num of flexible agents: 4
num of flexible tasks: 247
Solving time: 0.000780096 seconds
plan limit 980
current timestep 115
num of flexible agents: 4
num of flexible tasks: 245
Solving time: 0.000767921 seconds
plan limit 980
current timestep 116
num of flexible agents: 4
num of flexible tasks: 244
Solving time: 0.000826288 seconds
plan limit 979
current timestep 117
num of flexible agents: 3
num of flexible tasks: 241
Solving time: 0.000735639 seconds
plan limit 980
current timestep 118
num of flexible agents: 2
num of flexible tasks: 238
Solving time: 0.000635607 seconds
plan limit 980
current timestep 119
num of flexible agents: 3
num of flexible tasks: 237
Solving time: 0.000695856 seconds
plan limit 980
current timestep 120
num of flexible agents: 3
num of flexible tasks: 234
Solving time: 0.000739706 seconds
plan limit 980
current timestep 121
num of flexible agents: 5
num of flexible tasks: 233
Solving time: 0.000866205 seconds
plan limit 979
current timestep 122
num of flexible agents: 1
num of flexible tasks: 229
Solving time: 0.000393849 seconds
plan limit 980
current timestep 123
num of flexible agents: 5
num of flexible tasks: 228
Solving time: 0.000810731 seconds
plan limit 980
current timestep 124
num of flexible agents: 3
num of flexible tasks: 225
Solving time: 0.000703157 seconds
plan limit 980
current timestep 125
num of flexible agents: 3
num of flexible tasks: 224
Solving time: 0.000709146 seconds
plan limit 980
current timestep 126
num of flexible agents: 6
num of flexible tasks: 224
Solving time: 0.000272543 seconds
plan limit 980
current timestep 127
num of flexible agents: 4
num of flexible tasks: 221
Solving time: 0.000773688 seconds
plan limit 980
current timestep 128
num of flexible agents: 4
num of flexible tasks: 218
Solving time: 0.00078862 seconds
plan limit 980
current timestep 129
num of flexible agents: 4
num of flexible tasks: 215
Solving time: 0.000785942 seconds
plan limit 980
current timestep 130
num of flexible agents: 3
num of flexible tasks: 213
Solving time: 0.000819019 seconds
plan limit 979
current timestep 131
num of flexible agents: 5
num of flexible tasks: 213
Solving time: 0.000853833 seconds
plan limit 979
current timestep 132
num of flexible agents: 5
num of flexible tasks: 211
Solving time: 0.000848758 seconds
plan limit 979
current timestep 133
num of flexible agents: 4
num of flexible tasks: 208
Solving time: 0.000778976 seconds
plan limit 980
current timestep 134
num of flexible agents: 2
num of flexible tasks: 204
Solving time: 0.00064512 seconds
plan limit 980
current timestep 135
num of flexible agents: 3
num of flexible tasks: 203
Solving time: 0.000707479 seconds
plan limit 980
current timestep 136
num of flexible agents: 6
num of flexible tasks: 200
Solving time: 0.000282522 seconds
plan limit 980
current timestep 137
num of flexible agents: 5
num of flexible tasks: 196
Solving time: 0.000817633 seconds
plan limit 980
current timestep 138
num of flexible agents: 3
num of flexible tasks: 193
Solving time: 0.000729454 seconds
plan limit 980
current timestep 139
num of flexible agents: 4
num of flexible tasks: 190
Solving time: 0.000929388 seconds
plan limit 979
current timestep 140
num of flexible agents: 4
num of flexible tasks: 188
Solving time: 0.000834945 seconds
plan limit 979
current timestep 141
num of flexible agents: 7
num of flexible tasks: 186
Solving time: 0.000305443 seconds
plan limit 980
current timestep 142
num of flexible agents: 4
num of flexible tasks: 182
Solving time: 0.000808762 seconds
plan limit 980
current timestep 143
num of flexible agents: 4
num of flexible tasks: 180
Solving time: 0.000820302 seconds
plan limit 980
current timestep 144
num of flexible agents: 4
num of flexible tasks: 178
Solving time: 0.000791716 seconds
plan limit 980
current timestep 145
num of flexible agents: 3
num of flexible tasks: 175
Solving time: 0.000720766 seconds
plan limit 980
current timestep 146
num of flexible agents: 4
num of flexible tasks: 173
Solving time: 0.000812415 seconds
plan limit 980
current timestep 147
num of flexible agents: 4
num of flexible tasks: 171
Solving time: 0.000847635 seconds
plan limit 979
current timestep 148
num of flexible agents: 4
num of flexible tasks: 168
Solving time: 0.000898093 seconds
plan limit 979
current timestep 149
num of flexible agents: 2
num of flexible tasks: 166
Solving time: 0.000670002 seconds
plan limit 980
current timestep 150
num of flexible agents: 1
num of flexible tasks: 164
Solving time: 0.000698471 seconds
plan limit 980
current timestep 151
num of flexible agents: 1
num of flexible tasks: 164
Solving time: 0.000338487 seconds
plan limit 980
current timestep 152
num of flexible agents: 1
num of flexible tasks: 163
Solving time: 0.00064818 seconds
plan limit 980
current timestep 153
num of flexible agents: 2
num of flexible tasks: 163
Solving time: 0.000696305 seconds
plan limit 980
current timestep 154
num of flexible agents: 0
num of flexible tasks: 161
Solving time: 0.00024116 seconds
plan limit 980
current timestep 155
num of flexible agents: 3
num of flexible tasks: 161
Solving time: 0.000783947 seconds
plan limit 980
current timestep 156
num of flexible agents: 3
num of flexible tasks: 159
Solving time: 0.000769682 seconds
plan limit 980
current timestep 157
num of flexible agents: 4
num of flexible tasks: 156
Solving time: 0.000865123 seconds
plan limit 979
current timestep 158
num of flexible agents: 5
num of flexible tasks: 153
Solving time: 0.000894651 seconds
plan limit 979
current timestep 159
num of flexible agents: 7
num of flexible tasks: 152
Solving time: 0.00027883 seconds
plan limit 980
current timestep 160
num of flexible agents: 2
num of flexible tasks: 146
Solving time: 0.000752736 seconds
plan limit 980
current timestep 161
num of flexible agents: 6
num of flexible tasks: 146
Solving time: 0.00029172 seconds
plan limit 980
current timestep 162
num of flexible agents: 7
num of flexible tasks: 143
Solving time: 0.00029059 seconds
plan limit 980
current timestep 163
num of flexible agents: 4
num of flexible tasks: 137
Solving time: 0.000881819 seconds
plan limit 979
current timestep 164
num of flexible agents: 3
num of flexible tasks: 134
Solving time: 0.000823141 seconds
plan limit 980
current timestep 165
num of flexible agents: 2
num of flexible tasks: 132
Solving time: 0.000723419 seconds
plan limit 980
current timestep 166
num of flexible agents: 5
num of flexible tasks: 131
Solving time: 0.000968713 seconds
plan limit 979
current timestep 167
num of flexible agents: 5
num of flexible tasks: 130
Solving time: 0.000870936 seconds
plan limit 980
current timestep 168
num of flexible agents: 5
num of flexible tasks: 129
Solving time: 0.000852695 seconds
plan limit 979
current timestep 169
num of flexible agents: 5
num of flexible tasks: 129
Solving time: 0.000871949 seconds
plan limit 979
current timestep 170
num of flexible agents: 4
num of flexible tasks: 126
Solving time: 0.000870739 seconds
plan limit 979
current timestep 171
num of flexible agents: 3
num of flexible tasks: 125
Solving time: 0.000796393 seconds
plan limit 980
current timestep 172
num of flexible agents: 7
num of flexible tasks: 125
Solving time: 0.000283045 seconds
plan limit 980
current timestep 173
num of flexible agents: 8
num of flexible tasks: 122
Solving time: 0.000320596 seconds
plan limit 980
current timestep 174
num of flexible agents: 7
num of flexible tasks: 119
Solving time: 0.000304572 seconds
plan limit 980
current timestep 175
num of flexible agents: 7
num of flexible tasks: 118
Solving time: 0.000350252 seconds
plan limit 980
current timestep 176
num of flexible agents: 7
num of flexible tasks: 118
Solving time: 0.000273245 seconds
plan limit 980
current timestep 177
num of flexible agents: 9
num of flexible tasks: 117
Solving time: 0.000317542 seconds
plan limit 980
current timestep 178
num of flexible agents: 10
num of flexible tasks: 116
Solving time: 0.000298407 seconds
plan limit 980
current timestep 179
num of flexible agents: 10
num of flexible tasks: 111
Solving time: 0.000311864 seconds
plan limit 980
current timestep 180
num of flexible agents: 11
num of flexible tasks: 109
Solving time: 0.000300285 seconds
plan limit 980
current timestep 181
num of flexible agents: 10
num of flexible tasks: 105
Solving time: 0.000298386 seconds
plan limit 980
current timestep 182
num of flexible agents: 7
num of flexible tasks: 102
Solving time: 0.00031437 seconds
plan limit 980
current timestep 183
num of flexible agents: 5
num of flexible tasks: 98
Solving time: 0.000873215 seconds
plan limit 979
current timestep 184
num of flexible agents: 6
num of flexible tasks: 96
Solving time: 0.000328455 seconds
plan limit 980
current timestep 185
num of flexible agents: 6
num of flexible tasks: 93
Solving time: 0.000267356 seconds
plan limit 980
current timestep 186
num of flexible agents: 7
num of flexible tasks: 90
Solving time: 0.000312908 seconds
plan limit 980
current timestep 187
num of flexible agents: 5
num of flexible tasks: 88
Solving time: 0.000876511 seconds
plan limit 979
current timestep 188
num of flexible agents: 7
num of flexible tasks: 88
Solving time: 0.000309308 seconds
plan limit 980
current timestep 189
num of flexible agents: 8
num of flexible tasks: 87
Solving time: 0.000333149 seconds
plan limit 980
current timestep 190
num of flexible agents: 6
num of flexible tasks: 84
Solving time: 0.000315851 seconds
plan limit 980
current timestep 191
num of flexible agents: 6
num of flexible tasks: 83
Solving time: 0.000287654 seconds
plan limit 980
current timestep 192
num of flexible agents: 8
num of flexible tasks: 82
Solving time: 0.000298519 seconds
plan limit 980
current timestep 193
num of flexible agents: 11
num of flexible tasks: 82
Solving time: 0.00034425 seconds
plan limit 980
current timestep 194
num of flexible agents: 5
num of flexible tasks: 76
Solving time: 0.000862111 seconds
plan limit 979
current timestep 195
num of flexible agents: 4
num of flexible tasks: 74
Solving time: 0.000795462 seconds
plan limit 980
current timestep 196
num of flexible agents: 4
num of flexible tasks: 73
Solving time: 0.000801039 seconds
plan limit 980
current timestep 197
num of flexible agents: 4
num of flexible tasks: 71
Solving time: 0.000854136 seconds
plan limit 979
current timestep 198
num of flexible agents: 6
num of flexible tasks: 71
Solving time: 0.000326029 seconds
plan limit 980
current timestep 199
num of flexible agents: 7
num of flexible tasks: 71
Solving time: 0.000319107 seconds
plan limit 980
current timestep 200
num of flexible agents: 11
num of flexible tasks: 71
Solving time: 0.000304961 seconds
plan limit 980
current timestep 201
num of flexible agents: 12
num of flexible tasks: 70
Solving time: 0.000301023 seconds
plan limit 980
current timestep 202
num of flexible agents: 11
num of flexible tasks: 68
Solving time: 0.000302409 seconds
plan limit 980
current timestep 203
num of flexible agents: 10
num of flexible tasks: 65
Solving time: 0.000315406 seconds
plan limit 980
current timestep 204
num of flexible agents: 10
num of flexible tasks: 63
Solving time: 0.000338669 seconds
plan limit 980
current timestep 205
num of flexible agents: 10
num of flexible tasks: 61
Solving time: 0.000324349 seconds
plan limit 980
current timestep 206
num of flexible agents: 10
num of flexible tasks: 57
Solving time: 0.000343376 seconds
plan limit 980
current timestep 207
num of flexible agents: 9
num of flexible tasks: 52
Solving time: 0.000354161 seconds
plan limit 980
current timestep 208
num of flexible agents: 9
num of flexible tasks: 50
Solving time: 0.000306486 seconds
plan limit 980
current timestep 209
num of flexible agents: 7
num of flexible tasks: 47
Solving time: 0.000294923 seconds
plan limit 980
current timestep 210
num of flexible agents: 6
num of flexible tasks: 44
Solving time: 0.000294399 seconds
plan limit 980
current timestep 211
num of flexible agents: 10
num of flexible tasks: 43
Solving time: 0.000363541 seconds
plan limit 980
current timestep 212
num of flexible agents: 12
num of flexible tasks: 43
Solving time: 0.000296809 seconds
plan limit 980
current timestep 213
num of flexible agents: 12
num of flexible tasks: 42
Solving time: 0.00032319 seconds
plan limit 980
current timestep 214
num of flexible agents: 10
num of flexible tasks: 39
Solving time: 0.000283815 seconds
plan limit 980
current timestep 215
num of flexible agents: 11
num of flexible tasks: 37
Solving time: 0.000346287 seconds
plan limit 980
current timestep 216
num of flexible agents: 10
num of flexible tasks: 34
Solving time: 0.000351104 seconds
plan limit 980
current timestep 217
num of flexible agents: 9
num of flexible tasks: 32
Solving time: 0.000338858 seconds
plan limit 980
current timestep 218
num of flexible agents: 12
num of flexible tasks: 32
Solving time: 0.000320835 seconds
plan limit 980
current timestep 219
num of flexible agents: 12
num of flexible tasks: 31
Solving time: 0.000371209 seconds
plan limit 980
current timestep 220
num of flexible agents: 14
num of flexible tasks: 31
Solving time: 0.000369476 seconds
plan limit 980
current timestep 221
num of flexible agents: 13
num of flexible tasks: 30
Solving time: 0.00034774 seconds
plan limit 980
current timestep 222
num of flexible agents: 14
num of flexible tasks: 27
Solving time: 0.000381734 seconds
plan limit 980
current timestep 223
num of flexible agents: 15
num of flexible tasks: 26
Solving time: 0.000414603 seconds
plan limit 980
current timestep 224
num of flexible agents: 15
num of flexible tasks: 24
Solving time: 0.000379713 seconds
plan limit 980
current timestep 225
num of flexible agents: 15
num of flexible tasks: 23
Solving time: 0.000410575 seconds
plan limit 980
current timestep 226
num of flexible agents: 14
num of flexible tasks: 20
Solving time: 0.00043611 seconds
plan limit 980
current timestep 227
num of flexible agents: 14
num of flexible tasks: 18
Solving time: 0.000427704 seconds
plan limit 980
current timestep 228
num of flexible agents: 14
num of flexible tasks: 18
Solving time: 0.00044415 seconds
plan limit 980
current timestep 229
num of flexible agents: 14
num of flexible tasks: 17
Solving time: 0.000439864 seconds
plan limit 980
current timestep 230
num of flexible agents: 14
num of flexible tasks: 15
Solving time: 0.000422555 seconds
plan limit 980
current timestep 231
num of flexible agents: 13
num of flexible tasks: 13
Solving time: 0.000533043 seconds
plan limit 980
current timestep 232
num of flexible agents: 13
num of flexible tasks: 13
Solving time: 0.000532088 seconds
plan limit 980
current timestep 233
num of flexible agents: 13
num of flexible tasks: 12
Solving time: 0.000509109 seconds
plan limit 980
current timestep 234
num of flexible agents: 15
num of flexible tasks: 11
Solving time: 0.000457094 seconds
plan limit 980
current timestep 235
num of flexible agents: 19
num of flexible tasks: 10
Solving time: 0.000344895 seconds
plan limit 980
current timestep 236
num of flexible agents: 22
num of flexible tasks: 9
Solving time: 0.000365052 seconds
plan limit 980
current timestep 237
num of flexible agents: 24
num of flexible tasks: 9
Solving time: 0.000301627 seconds
plan limit 980
current timestep 238
num of flexible agents: 26
num of flexible tasks: 8
Solving time: 0.00029444 seconds
plan limit 980
current timestep 239
num of flexible agents: 28
num of flexible tasks: 8
Solving time: 0.000258633 seconds
plan limit 980
current timestep 240
num of flexible agents: 28
num of flexible tasks: 7
Solving time: 0.000265259 seconds
plan limit 980
current timestep 241
num of flexible agents: 30
num of flexible tasks: 6
Solving time: 0.000261566 seconds
plan limit 980
current timestep 242
num of flexible agents: 30
num of flexible tasks: 5
Solving time: 0.000261606 seconds
plan limit 980
current timestep 243
num of flexible agents: 30
num of flexible tasks: 3
Solving time: 0.000238153 seconds
plan limit 980
current timestep 244
num of flexible agents: 30
num of flexible tasks: 2
Solving time: 0.000259928 seconds
plan limit 980
current timestep 245
num of flexible agents: 32
num of flexible tasks: 2
Solving time: 0.000221893 seconds
plan limit 980
current timestep 246
num of flexible agents: 32
num of flexible tasks: 2
Solving time: 0.000239998 seconds
plan limit 980
current timestep 247
num of flexible agents: 33
num of flexible tasks: 1
Solving time: 0.000224371 seconds
plan limit 980
current timestep 248
num of flexible agents: 33
num of flexible tasks: 0
Solving time: 0.000203616 seconds
plan limit 980
current timestep 249
num of flexible agents: 36
num of flexible tasks: 0
Solving time: 0.000208944 seconds
plan limit 980
current timestep 250
num of flexible agents: 37
num of flexible tasks: 0
Solving time: 0.000211171 seconds
plan limit 980
current timestep 251
num of flexible agents: 38
num of flexible tasks: 0
Solving time: 0.000251394 seconds
plan limit 980
current timestep 252
num of flexible agents: 39
num of flexible tasks: 0
Solving time: 0.000238621 seconds
plan limit 980
current timestep 253
num of flexible agents: 39
num of flexible tasks: 0
Solving time: 0.000237295 seconds
plan limit 980
current timestep 254
num of flexible agents: 39
num of flexible tasks: 0
Solving time: 0.000212117 seconds
plan limit 980
current timestep 255
num of flexible agents: 39
num of flexible tasks: 0
Solving time: 0.000257951 seconds
plan limit 980
current timestep 256
num of flexible agents: 39
num of flexible tasks: 0
Solving time: 0.000209683 seconds
plan limit 980
current timestep 257
num of flexible agents: 39
num of flexible tasks: 0
Solving time: 0.000212797 seconds
plan limit 980
current timestep 258
num of flexible agents: 40
num of flexible tasks: 0
Solving time: 0.000236192 seconds
plan limit 980
current timestep 259
num of flexible agents: 41
num of flexible tasks: 0
Solving time: 0.000209028 seconds
plan limit 980
current timestep 260
num of flexible agents: 41
num of flexible tasks: 0
Solving time: 0.000238322 seconds
plan limit 980
current timestep 261
num of flexible agents: 41
num of flexible tasks: 0
Solving time: 0.000224461 seconds
plan limit 980
current timestep 262
num of flexible agents: 41
num of flexible tasks: 0
Solving time: 0.000241809 seconds
plan limit 980
current timestep 263
num of flexible agents: 42
num of flexible tasks: 0
Solving time: 0.000208968 seconds
plan limit 980
current timestep 264
num of flexible agents: 44
num of flexible tasks: 0
Solving time: 0.000242124 seconds
plan limit 980
current timestep 265
num of flexible agents: 45
num of flexible tasks: 0
Solving time: 0.000223816 seconds
plan limit 980
current timestep 266
num of flexible agents: 45
num of flexible tasks: 0
Solving time: 0.000220263 seconds
plan limit 980
current timestep 267
num of flexible agents: 47
num of flexible tasks: 0
Solving time: 0.000218142 seconds
plan limit 980
current timestep 268
num of flexible agents: 47
num of flexible tasks: 0
Solving time: 0.00021546 seconds
plan limit 980
current timestep 269
num of flexible agents: 49
num of flexible tasks: 0
Solving time: 0.000208804 seconds
plan limit 980
current timestep 270
num of flexible agents: 49
num of flexible tasks: 0
Solving time: 0.000235462 seconds
plan limit 980
current timestep 271
num of flexible agents: 49
num of flexible tasks: 0
Solving time: 0.000224723 seconds
plan limit 980
current timestep 272
num of flexible agents: 49
num of flexible tasks: 0
Solving time: 0.000225046 seconds
plan limit 980
current timestep 273
num of flexible agents: 49
num of flexible tasks: 0
Solving time: 0.000210592 seconds
plan limit 980
current timestep 274
num of flexible agents: 49
num of flexible tasks: 0
Solving time: 0.000241911 seconds
plan limit 980
current timestep 275
num of flexible agents: 49
num of flexible tasks: 0
Solving time: 0.000209803 seconds
plan limit 980
current timestep 276
num of flexible agents: 49
num of flexible tasks: 0
Solving time: 0.000235773 seconds
plan limit 980
current timestep 277
num of flexible agents: 49
num of flexible tasks: 0
Solving time: 0.000240309 seconds
plan limit 980
current timestep 278
num of flexible agents: 49
num of flexible tasks: 0
Solving time: 0.000231301 seconds
plan limit 980
current timestep 279
num of flexible agents: 49
num of flexible tasks: 0
Solving time: 0.000211548 seconds
plan limit 980
current timestep 280
num of flexible agents: 49
num of flexible tasks: 0
Solving time: 0.000231506 seconds
plan limit 980
current timestep 281
num of flexible agents: 49
num of flexible tasks: 0
Solving time: 0.000214848 seconds
plan limit 980
current timestep 282
num of flexible agents: 49
num of flexible tasks: 0
Solving time: 0.000221491 seconds
plan limit 980
current timestep 283
num of flexible agents: 49
num of flexible tasks: 0
Solving time: 0.000217062 seconds
plan limit 980
current timestep 284
num of flexible agents: 49
num of flexible tasks: 0
Solving time: 0.0002361 seconds
plan limit 980
All tasks finished at timestep 285
