current timestep 0
num of flexible agents: 50
num of flexible tasks: 2
Solving time: 0.000281769 seconds
plan limit 980
current timestep 1
num of flexible agents: 50
num of flexible tasks: 4
Solving time: 0.000328455 seconds
plan limit 980
current timestep 2
num of flexible agents: 50
num of flexible tasks: 6
Solving time: 0.000302152 seconds
plan limit 980
current timestep 3
num of flexible agents: 49
num of flexible tasks: 7
Solving time: 0.000279037 seconds
plan limit 980
current timestep 4
num of flexible agents: 49
num of flexible tasks: 9
Solving time: 0.000254604 seconds
plan limit 980
current timestep 5
num of flexible agents: 47
num of flexible tasks: 9
Solving time: 0.000288007 seconds
plan limit 980
current timestep 6
num of flexible agents: 47
num of flexible tasks: 11
Solving time: 0.00030403 seconds
plan limit 980
current timestep 7
num of flexible agents: 46
num of flexible tasks: 12
Solving time: 0.000294029 seconds
plan limit 980
current timestep 8
num of flexible agents: 44
num of flexible tasks: 12
Solving time: 0.000266605 seconds
plan limit 980
current timestep 9
num of flexible agents: 40
num of flexible tasks: 10
Solving time: 0.000275871 seconds
plan limit 980
current timestep 10
num of flexible agents: 39
num of flexible tasks: 11
Solving time: 0.000263617 seconds
plan limit 980
current timestep 11
num of flexible agents: 38
num of flexible tasks: 12
Solving time: 0.000371813 seconds
plan limit 980
current timestep 12
num of flexible agents: 38
num of flexible tasks: 12
Solving time: 0.000311381 seconds
plan limit 980
current timestep 13
num of flexible agents: 35
num of flexible tasks: 11
Solving time: 0.00029994 seconds
plan limit 980
current timestep 14
num of flexible agents: 33
num of flexible tasks: 11
Solving time: 0.000324916 seconds
plan limit 980
current timestep 15
num of flexible agents: 32
num of flexible tasks: 12
Solving time: 0.000309251 seconds
plan limit 980
current timestep 16
num of flexible agents: 29
num of flexible tasks: 11
Solving time: 0.000405669 seconds
plan limit 980
current timestep 17
num of flexible agents: 28
num of flexible tasks: 12
Solving time: 0.000347865 seconds
plan limit 980
current timestep 18
num of flexible agents: 28
num of flexible tasks: 14
Solving time: 0.000366239 seconds
plan limit 980
current timestep 19
num of flexible agents: 29
num of flexible tasks: 16
Solving time: 0.000403649 seconds
plan limit 980
current timestep 20
num of flexible agents: 28
num of flexible tasks: 17
Solving time: 0.000460688 seconds
plan limit 980
current timestep 21
num of flexible agents: 26
num of flexible tasks: 17
Solving time: 0.000402798 seconds
plan limit 980
current timestep 22
num of flexible agents: 26
num of flexible tasks: 18
Solving time: 0.000453254 seconds
plan limit 980
current timestep 23
num of flexible agents: 23
num of flexible tasks: 17
Solving time: 0.000462915 seconds
plan limit 980
current timestep 24
num of flexible agents: 23
num of flexible tasks: 17
Solving time: 0.000446608 seconds
plan limit 980
current timestep 25
num of flexible agents: 24
num of flexible tasks: 19
Solving time: 0.000411775 seconds
plan limit 980
current timestep 26
num of flexible agents: 22
num of flexible tasks: 19
Solving time: 0.000494328 seconds
plan limit 980
current timestep 27
num of flexible agents: 21
num of flexible tasks: 20
Solving time: 0.000531254 seconds
plan limit 980
current timestep 28
num of flexible agents: 21
num of flexible tasks: 21
Solving time: 0.000469773 seconds
plan limit 980
current timestep 29
num of flexible agents: 19
num of flexible tasks: 20
Solving time: 0.000434756 seconds
plan limit 980
current timestep 30
num of flexible agents: 20
num of flexible tasks: 21
Solving time: 0.000434849 seconds
plan limit 980
current timestep 31
num of flexible agents: 19
num of flexible tasks: 20
Solving time: 0.000455143 seconds
plan limit 980
current timestep 32
num of flexible agents: 19
num of flexible tasks: 22
Solving time: 0.000379548 seconds
plan limit 980
current timestep 33
num of flexible agents: 19
num of flexible tasks: 22
Solving time: 0.000393031 seconds
plan limit 980
current timestep 34
num of flexible agents: 19
num of flexible tasks: 23
Solving time: 0.000439249 seconds
plan limit 980
current timestep 35
num of flexible agents: 20
num of flexible tasks: 23
Solving time: 0.000394879 seconds
plan limit 980
current timestep 36
num of flexible agents: 17
num of flexible tasks: 21
Solving time: 0.000330371 seconds
plan limit 980
current timestep 37
num of flexible agents: 17
num of flexible tasks: 22
Solving time: 0.000392278 seconds
plan limit 980
current timestep 38
num of flexible agents: 17
num of flexible tasks: 24
Solving time: 0.000357525 seconds
plan limit 980
current timestep 39
num of flexible agents: 15
num of flexible tasks: 23
Solving time: 0.00032236 seconds
plan limit 980
current timestep 40
num of flexible agents: 14
num of flexible tasks: 21
Solving time: 0.000366616 seconds
plan limit 980
current timestep 41
num of flexible agents: 11
num of flexible tasks: 18
Solving time: 0.000313072 seconds
plan limit 980
current timestep 42
num of flexible agents: 8
num of flexible tasks: 17
Solving time: 0.000300643 seconds
plan limit 980
current timestep 43
num of flexible agents: 5
num of flexible tasks: 16
Solving time: 0.000346329 seconds
plan limit 980
current timestep 44
num of flexible agents: 6
num of flexible tasks: 18
Solving time: 0.000275794 seconds
plan limit 980
current timestep 45
num of flexible agents: 8
num of flexible tasks: 20
Solving time: 0.000316101 seconds
plan limit 980
current timestep 46
num of flexible agents: 7
num of flexible tasks: 20
Solving time: 0.000284692 seconds
plan limit 980
current timestep 47
num of flexible agents: 8
num of flexible tasks: 21
Solving time: 0.000293016 seconds
plan limit 980
current timestep 48
num of flexible agents: 10
num of flexible tasks: 22
Solving time: 0.000348123 seconds
plan limit 980
current timestep 49
num of flexible agents: 11
num of flexible tasks: 23
Solving time: 0.000324912 seconds
plan limit 980
current timestep 50
num of flexible agents: 13
num of flexible tasks: 23
Solving time: 0.000347746 seconds
plan limit 980
current timestep 51
num of flexible agents: 12
num of flexible tasks: 23
Solving time: 0.000344215 seconds
plan limit 980
current timestep 52
num of flexible agents: 12
num of flexible tasks: 21
Solving time: 0.000334766 seconds
plan limit 980
current timestep 53
num of flexible agents: 10
num of flexible tasks: 20
Solving time: 0.000297627 seconds
plan limit 980
current timestep 54
num of flexible agents: 11
num of flexible tasks: 19
Solving time: 0.000349567 seconds
plan limit 980
current timestep 55
num of flexible agents: 11
num of flexible tasks: 19
Solving time: 0.000329647 seconds
plan limit 980
current timestep 56
num of flexible agents: 12
num of flexible tasks: 19
Solving time: 0.000378372 seconds
plan limit 980
current timestep 57
num of flexible agents: 11
num of flexible tasks: 20
Solving time: 0.000398419 seconds
plan limit 980
current timestep 58
num of flexible agents: 11
num of flexible tasks: 21
Solving time: 0.000371043 seconds
plan limit 980
current timestep 59
num of flexible agents: 15
num of flexible tasks: 23
Solving time: 0.000379989 seconds
plan limit 980
current timestep 60
num of flexible agents: 14
num of flexible tasks: 21
Solving time: 0.000468956 seconds
plan limit 980
current timestep 61
num of flexible agents: 13
num of flexible tasks: 20
Solving time: 0.000462284 seconds
plan limit 980
current timestep 62
num of flexible agents: 11
num of flexible tasks: 20
Solving time: 0.000440492 seconds
plan limit 980
current timestep 63
num of flexible agents: 13
num of flexible tasks: 22
Solving time: 0.000404283 seconds
plan limit 980
current timestep 64
num of flexible agents: 13
num of flexible tasks: 23
Solving time: 0.000381678 seconds
plan limit 980
current timestep 65
num of flexible agents: 14
num of flexible tasks: 22
Solving time: 0.000456654 seconds
plan limit 980
current timestep 66
num of flexible agents: 14
num of flexible tasks: 23
Solving time: 0.000408845 seconds
plan limit 980
current timestep 67
num of flexible agents: 16
num of flexible tasks: 25
Solving time: 0.000442201 seconds
plan limit 980
current timestep 68
num of flexible agents: 15
num of flexible tasks: 25
Solving time: 0.000398592 seconds
plan limit 980
current timestep 69
num of flexible agents: 17
num of flexible tasks: 27
Solving time: 0.000389612 seconds
plan limit 980
current timestep 70
num of flexible agents: 14
num of flexible tasks: 25
Solving time: 0.000359761 seconds
plan limit 980
current timestep 71
num of flexible agents: 15
num of flexible tasks: 26
Solving time: 0.000361967 seconds
plan limit 980
current timestep 72
num of flexible agents: 14
num of flexible tasks: 25
Solving time: 0.000357252 seconds
plan limit 980
current timestep 73
num of flexible agents: 14
num of flexible tasks: 24
Solving time: 0.00042392 seconds
plan limit 980
current timestep 74
num of flexible agents: 14
num of flexible tasks: 24
Solving time: 0.000429655 seconds
plan limit 980
current timestep 75
num of flexible agents: 16
num of flexible tasks: 25
Solving time: 0.000471294 seconds
plan limit 980
current timestep 76
num of flexible agents: 18
num of flexible tasks: 26
Solving time: 0.000446867 seconds
plan limit 980
current timestep 77
num of flexible agents: 20
num of flexible tasks: 26
Solving time: 0.000507801 seconds
plan limit 980
current timestep 78
num of flexible agents: 19
num of flexible tasks: 26
Solving time: 0.000454568 seconds
plan limit 980
current timestep 79
num of flexible agents: 20
num of flexible tasks: 26
Solving time: 0.000496763 seconds
plan limit 980
current timestep 80
num of flexible agents: 21
num of flexible tasks: 26
Solving time: 0.00045843 seconds
plan limit 980
current timestep 81
num of flexible agents: 19
num of flexible tasks: 26
Solving time: 0.000429699 seconds
plan limit 980
current timestep 82
num of flexible agents: 20
num of flexible tasks: 27
Solving time: 0.000464273 seconds
plan limit 980
current timestep 83
num of flexible agents: 19
num of flexible tasks: 27
Solving time: 0.000483855 seconds
plan limit 980
current timestep 84
num of flexible agents: 19
num of flexible tasks: 26
Solving time: 0.000377743 seconds
plan limit 980
current timestep 85
num of flexible agents: 14
num of flexible tasks: 23
Solving time: 0.000381796 seconds
plan limit 980
current timestep 86
num of flexible agents: 15
num of flexible tasks: 24
Solving time: 0.000400071 seconds
plan limit 980
current timestep 87
num of flexible agents: 14
num of flexible tasks: 24
Solving time: 0.000331572 seconds
plan limit 980
current timestep 88
num of flexible agents: 13
num of flexible tasks: 24
Solving time: 0.000303994 seconds
plan limit 980
current timestep 89
num of flexible agents: 16
num of flexible tasks: 25
Solving time: 0.000428195 seconds
plan limit 980
current timestep 90
num of flexible agents: 12
num of flexible tasks: 23
Solving time: 0.00034522 seconds
plan limit 980
current timestep 91
num of flexible agents: 13
num of flexible tasks: 23
Solving time: 0.000338272 seconds
plan limit 980
current timestep 92
num of flexible agents: 11
num of flexible tasks: 22
Solving time: 0.00036853 seconds
plan limit 980
current timestep 93
num of flexible agents: 12
num of flexible tasks: 23
Solving time: 0.000367516 seconds
plan limit 980
current timestep 94
num of flexible agents: 12
num of flexible tasks: 24
Solving time: 0.000325987 seconds
plan limit 980
current timestep 95
num of flexible agents: 11
num of flexible tasks: 23
Solving time: 0.000281593 seconds
plan limit 980
current timestep 96
num of flexible agents: 9
num of flexible tasks: 22
Solving time: 0.000300576 seconds
plan limit 980
current timestep 97
num of flexible agents: 13
num of flexible tasks: 23
Solving time: 0.000377437 seconds
plan limit 980
current timestep 98
num of flexible agents: 12
num of flexible tasks: 23
Solving time: 0.000383504 seconds
plan limit 980
current timestep 99
num of flexible agents: 12
num of flexible tasks: 23
Solving time: 0.000310828 seconds
plan limit 980
current timestep 100
num of flexible agents: 10
num of flexible tasks: 22
Solving time: 0.000311496 seconds
plan limit 980
current timestep 101
num of flexible agents: 9
num of flexible tasks: 22
Solving time: 0.000306042 seconds
plan limit 980
current timestep 102
num of flexible agents: 10
num of flexible tasks: 22
Solving time: 0.000305534 seconds
plan limit 980
current timestep 103
num of flexible agents: 10
num of flexible tasks: 24
Solving time: 0.000332414 seconds
plan limit 980
current timestep 104
num of flexible agents: 10
num of flexible tasks: 25
Solving time: 0.000302166 seconds
plan limit 980
current timestep 105
num of flexible agents: 11
num of flexible tasks: 26
Solving time: 0.000338854 seconds
plan limit 980
current timestep 106
num of flexible agents: 12
num of flexible tasks: 28
Solving time: 0.000320371 seconds
plan limit 980
current timestep 107
num of flexible agents: 13
num of flexible tasks: 28
Solving time: 0.000357838 seconds
plan limit 980
current timestep 108
num of flexible agents: 11
num of flexible tasks: 26
Solving time: 0.000358488 seconds
plan limit 980
current timestep 109
num of flexible agents: 13
num of flexible tasks: 28
Solving time: 0.00032492 seconds
plan limit 980
current timestep 110
num of flexible agents: 14
num of flexible tasks: 29
Solving time: 0.000327366 seconds
plan limit 980
current timestep 111
num of flexible agents: 12
num of flexible tasks: 29
Solving time: 0.000338296 seconds
plan limit 980
current timestep 112
num of flexible agents: 9
num of flexible tasks: 28
Solving time: 0.000298254 seconds
plan limit 980
current timestep 113
num of flexible agents: 14
num of flexible tasks: 29
Solving time: 0.000349704 seconds
plan limit 980
current timestep 114
num of flexible agents: 13
num of flexible tasks: 28
Solving time: 0.000338444 seconds
plan limit 980
current timestep 115
num of flexible agents: 10
num of flexible tasks: 26
Solving time: 0.000344102 seconds
plan limit 980
current timestep 116
num of flexible agents: 11
num of flexible tasks: 27
Solving time: 0.000361422 seconds
plan limit 980
current timestep 117
num of flexible agents: 11
num of flexible tasks: 28
Solving time: 0.000307789 seconds
plan limit 980
current timestep 118
num of flexible agents: 9
num of flexible tasks: 28
Solving time: 0.000303037 seconds
plan limit 980
current timestep 119
num of flexible agents: 15
num of flexible tasks: 30
Solving time: 0.000338345 seconds
plan limit 980
current timestep 120
num of flexible agents: 15
num of flexible tasks: 31
Solving time: 0.000307804 seconds
plan limit 980
current timestep 121
num of flexible agents: 13
num of flexible tasks: 29
Solving time: 0.000323125 seconds
plan limit 980
current timestep 122
num of flexible agents: 14
num of flexible tasks: 29
Solving time: 0.000318907 seconds
plan limit 980
current timestep 123
num of flexible agents: 12
num of flexible tasks: 28
Solving time: 0.000302327 seconds
plan limit 980
current timestep 124
num of flexible agents: 11
num of flexible tasks: 28
Solving time: 0.000298429 seconds
plan limit 980
current timestep 125
num of flexible agents: 15
num of flexible tasks: 29
Solving time: 0.000396452 seconds
plan limit 980
current timestep 126
num of flexible agents: 16
num of flexible tasks: 31
Solving time: 0.000321959 seconds
plan limit 980
current timestep 127
num of flexible agents: 14
num of flexible tasks: 29
Solving time: 0.000348292 seconds
plan limit 980
current timestep 128
num of flexible agents: 13
num of flexible tasks: 30
Solving time: 0.000321201 seconds
plan limit 980
current timestep 129
num of flexible agents: 13
num of flexible tasks: 31
Solving time: 0.00034837 seconds
plan limit 980
current timestep 130
num of flexible agents: 12
num of flexible tasks: 29
Solving time: 0.000353265 seconds
plan limit 980
current timestep 131
num of flexible agents: 8
num of flexible tasks: 26
Solving time: 0.000314732 seconds
plan limit 980
current timestep 132
num of flexible agents: 9
num of flexible tasks: 26
Solving time: 0.000325225 seconds
plan limit 980
current timestep 133
num of flexible agents: 11
num of flexible tasks: 27
Solving time: 0.000354031 seconds
plan limit 980
current timestep 134
num of flexible agents: 11
num of flexible tasks: 28
Solving time: 0.000369415 seconds
plan limit 980
current timestep 135
num of flexible agents: 11
num of flexible tasks: 30
Solving time: 0.000323463 seconds
plan limit 980
current timestep 136
num of flexible agents: 11
num of flexible tasks: 30
Solving time: 0.000322992 seconds
plan limit 980
current timestep 137
num of flexible agents: 10
num of flexible tasks: 31
Solving time: 0.000326424 seconds
plan limit 980
current timestep 138
num of flexible agents: 13
num of flexible tasks: 33
Solving time: 0.000360814 seconds
plan limit 980
current timestep 139
num of flexible agents: 12
num of flexible tasks: 32
Solving time: 0.000343682 seconds
plan limit 980
current timestep 140
num of flexible agents: 10
num of flexible tasks: 30
Solving time: 0.000348073 seconds
plan limit 980
current timestep 141
num of flexible agents: 10
num of flexible tasks: 31
Solving time: 0.000316159 seconds
plan limit 980
current timestep 142
num of flexible agents: 9
num of flexible tasks: 32
Solving time: 0.000284374 seconds
plan limit 980
current timestep 143
num of flexible agents: 8
num of flexible tasks: 31
Solving time: 0.000294304 seconds
plan limit 980
current timestep 144
num of flexible agents: 6
num of flexible tasks: 30
Solving time: 0.000296045 seconds
plan limit 980
current timestep 145
num of flexible agents: 3
num of flexible tasks: 29
Solving time: 0.000279242 seconds
plan limit 980
current timestep 146
num of flexible agents: 3
num of flexible tasks: 29
Solving time: 0.000261287 seconds
plan limit 980
current timestep 147
num of flexible agents: 4
num of flexible tasks: 30
Solving time: 0.000259786 seconds
plan limit 980
current timestep 148
num of flexible agents: 5
num of flexible tasks: 31
Solving time: 0.000318082 seconds
plan limit 980
current timestep 149
num of flexible agents: 5
num of flexible tasks: 32
Solving time: 0.000258475 seconds
plan limit 980
current timestep 150
num of flexible agents: 4
num of flexible tasks: 32
Solving time: 0.000255367 seconds
plan limit 980
current timestep 151
num of flexible agents: 8
num of flexible tasks: 33
Solving time: 0.00030079 seconds
plan limit 980
current timestep 152
num of flexible agents: 7
num of flexible tasks: 32
Solving time: 0.000325575 seconds
plan limit 980
current timestep 153
num of flexible agents: 8
num of flexible tasks: 33
Solving time: 0.000311398 seconds
plan limit 980
current timestep 154
num of flexible agents: 6
num of flexible tasks: 32
Solving time: 0.000295761 seconds
plan limit 980
current timestep 155
num of flexible agents: 6
num of flexible tasks: 32
Solving time: 0.000294569 seconds
plan limit 980
current timestep 156
num of flexible agents: 8
num of flexible tasks: 34
Solving time: 0.000292111 seconds
plan limit 980
current timestep 157
num of flexible agents: 9
num of flexible tasks: 34
Solving time: 0.000379605 seconds
plan limit 980
current timestep 158
num of flexible agents: 11
num of flexible tasks: 35
Solving time: 0.000353715 seconds
plan limit 980
current timestep 159
num of flexible agents: 14
num of flexible tasks: 36
Solving time: 0.0003363 seconds
plan limit 980
current timestep 160
num of flexible agents: 13
num of flexible tasks: 36
Solving time: 0.000322082 seconds
plan limit 980
current timestep 161
num of flexible agents: 13
num of flexible tasks: 35
Solving time: 0.000322044 seconds
plan limit 980
current timestep 162
num of flexible agents: 16
num of flexible tasks: 33
Solving time: 0.000464621 seconds
plan limit 980
current timestep 163
num of flexible agents: 14
num of flexible tasks: 32
Solving time: 0.000368372 seconds
plan limit 980
current timestep 164
num of flexible agents: 12
num of flexible tasks: 31
Solving time: 0.000360961 seconds
plan limit 980
current timestep 165
num of flexible agents: 10
num of flexible tasks: 30
Solving time: 0.000324781 seconds
plan limit 980
current timestep 166
num of flexible agents: 13
num of flexible tasks: 31
Solving time: 0.000352311 seconds
plan limit 980
current timestep 167
num of flexible agents: 13
num of flexible tasks: 31
Solving time: 0.00033431 seconds
plan limit 980
current timestep 168
num of flexible agents: 12
num of flexible tasks: 30
Solving time: 0.000309613 seconds
plan limit 980
current timestep 169
num of flexible agents: 10
num of flexible tasks: 30
Solving time: 0.000326367 seconds
plan limit 980
current timestep 170
num of flexible agents: 12
num of flexible tasks: 30
Solving time: 0.000333825 seconds
plan limit 980
current timestep 171
num of flexible agents: 10
num of flexible tasks: 28
Solving time: 0.000320938 seconds
plan limit 980
current timestep 172
num of flexible agents: 12
num of flexible tasks: 30
Solving time: 0.000365148 seconds
plan limit 980
current timestep 173
num of flexible agents: 10
num of flexible tasks: 29
Solving time: 0.000293262 seconds
plan limit 980
current timestep 174
num of flexible agents: 9
num of flexible tasks: 29
Solving time: 0.000298726 seconds
plan limit 980
current timestep 175
num of flexible agents: 6
num of flexible tasks: 28
Solving time: 0.000300453 seconds
plan limit 980
current timestep 176
num of flexible agents: 4
num of flexible tasks: 27
Solving time: 0.000257234 seconds
plan limit 980
current timestep 177
num of flexible agents: 5
num of flexible tasks: 28
Solving time: 0.000299428 seconds
plan limit 980
current timestep 178
num of flexible agents: 5
num of flexible tasks: 29
Solving time: 0.000302996 seconds
plan limit 980
current timestep 179
num of flexible agents: 6
num of flexible tasks: 30
Solving time: 0.000318489 seconds
plan limit 980
current timestep 180
num of flexible agents: 7
num of flexible tasks: 31
Solving time: 0.000350018 seconds
plan limit 980
current timestep 181
num of flexible agents: 8
num of flexible tasks: 32
Solving time: 0.000315073 seconds
plan limit 980
current timestep 182
num of flexible agents: 9
num of flexible tasks: 33
Solving time: 0.000323709 seconds
plan limit 980
current timestep 183
num of flexible agents: 9
num of flexible tasks: 33
Solving time: 0.00032262 seconds
plan limit 980
current timestep 184
num of flexible agents: 11
num of flexible tasks: 33
Solving time: 0.000345602 seconds
plan limit 980
current timestep 185
num of flexible agents: 11
num of flexible tasks: 32
Solving time: 0.000324768 seconds
plan limit 980
current timestep 186
num of flexible agents: 14
num of flexible tasks: 33
Solving time: 0.000344308 seconds
plan limit 980
current timestep 187
num of flexible agents: 12
num of flexible tasks: 32
Solving time: 0.00033878 seconds
plan limit 980
current timestep 188
num of flexible agents: 14
num of flexible tasks: 33
Solving time: 0.00034442 seconds
plan limit 980
current timestep 189
num of flexible agents: 12
num of flexible tasks: 31
Solving time: 0.000376001 seconds
plan limit 980
current timestep 190
num of flexible agents: 14
num of flexible tasks: 32
Solving time: 0.000362501 seconds
plan limit 980
current timestep 191
num of flexible agents: 14
num of flexible tasks: 34
Solving time: 0.000336834 seconds
plan limit 980
current timestep 192
num of flexible agents: 12
num of flexible tasks: 32
Solving time: 0.000332322 seconds
plan limit 980
current timestep 193
num of flexible agents: 14
num of flexible tasks: 33
Solving time: 0.00033182 seconds
plan limit 980
current timestep 194
num of flexible agents: 14
num of flexible tasks: 35
Solving time: 0.000388637 seconds
plan limit 980
current timestep 195
num of flexible agents: 13
num of flexible tasks: 35
Solving time: 0.000322817 seconds
plan limit 980
current timestep 196
num of flexible agents: 12
num of flexible tasks: 34
Solving time: 0.000343955 seconds
plan limit 980
current timestep 197
num of flexible agents: 11
num of flexible tasks: 34
Solving time: 0.000318276 seconds
plan limit 980
current timestep 198
num of flexible agents: 11
num of flexible tasks: 35
Solving time: 0.000318145 seconds
plan limit 980
current timestep 199
num of flexible agents: 10
num of flexible tasks: 35
Solving time: 0.000319145 seconds
plan limit 980
current timestep 200
num of flexible agents: 10
num of flexible tasks: 35
Solving time: 0.000321701 seconds
plan limit 980
current timestep 201
num of flexible agents: 7
num of flexible tasks: 34
Solving time: 0.000295883 seconds
plan limit 980
current timestep 202
num of flexible agents: 10
num of flexible tasks: 34
Solving time: 0.000331916 seconds
plan limit 980
current timestep 203
num of flexible agents: 10
num of flexible tasks: 33
Solving time: 0.000397967 seconds
plan limit 980
current timestep 204
num of flexible agents: 14
num of flexible tasks: 34
Solving time: 0.000376999 seconds
plan limit 980
current timestep 205
num of flexible agents: 14
num of flexible tasks: 33
Solving time: 0.000370515 seconds
plan limit 980
current timestep 206
num of flexible agents: 13
num of flexible tasks: 32
Solving time: 0.000357822 seconds
plan limit 980
current timestep 207
num of flexible agents: 12
num of flexible tasks: 30
Solving time: 0.000358631 seconds
plan limit 980
current timestep 208
num of flexible agents: 11
num of flexible tasks: 30
Solving time: 0.000346872 seconds
plan limit 980
current timestep 209
num of flexible agents: 9
num of flexible tasks: 30
Solving time: 0.000313643 seconds
plan limit 980
current timestep 210
num of flexible agents: 6
num of flexible tasks: 29
Solving time: 0.000284423 seconds
plan limit 980
current timestep 211
num of flexible agents: 7
num of flexible tasks: 31
Solving time: 0.000294927 seconds
plan limit 980
current timestep 212
num of flexible agents: 7
num of flexible tasks: 32
Solving time: 0.000351008 seconds
plan limit 980
current timestep 213
num of flexible agents: 8
num of flexible tasks: 33
Solving time: 0.000324866 seconds
plan limit 980
current timestep 214
num of flexible agents: 10
num of flexible tasks: 35
Solving time: 0.000345045 seconds
plan limit 980
current timestep 215
num of flexible agents: 11
num of flexible tasks: 36
Solving time: 0.00030331 seconds
plan limit 980
current timestep 216
num of flexible agents: 11
num of flexible tasks: 35
Solving time: 0.00033933 seconds
plan limit 980
current timestep 217
num of flexible agents: 13
num of flexible tasks: 36
Solving time: 0.000346392 seconds
plan limit 980
current timestep 218
num of flexible agents: 13
num of flexible tasks: 37
Solving time: 0.000370675 seconds
plan limit 980
current timestep 219
num of flexible agents: 12
num of flexible tasks: 37
Solving time: 0.000346581 seconds
plan limit 980
current timestep 220
num of flexible agents: 13
num of flexible tasks: 38
Solving time: 0.000335137 seconds
plan limit 980
current timestep 221
num of flexible agents: 12
num of flexible tasks: 38
Solving time: 0.000366118 seconds
plan limit 980
current timestep 222
num of flexible agents: 10
num of flexible tasks: 37
Solving time: 0.000307456 seconds
plan limit 980
current timestep 223
num of flexible agents: 12
num of flexible tasks: 39
Solving time: 0.000325909 seconds
plan limit 980
current timestep 224
num of flexible agents: 11
num of flexible tasks: 37
Solving time: 0.000299084 seconds
plan limit 980
current timestep 225
num of flexible agents: 13
num of flexible tasks: 39
Solving time: 0.000402972 seconds
plan limit 980
current timestep 226
num of flexible agents: 10
num of flexible tasks: 37
Solving time: 0.000366308 seconds
plan limit 980
current timestep 227
num of flexible agents: 12
num of flexible tasks: 37
Solving time: 0.000334234 seconds
plan limit 980
current timestep 228
num of flexible agents: 9
num of flexible tasks: 35
Solving time: 0.000311076 seconds
plan limit 980
current timestep 229
num of flexible agents: 11
num of flexible tasks: 36
Solving time: 0.00032647 seconds
plan limit 980
current timestep 230
num of flexible agents: 12
num of flexible tasks: 35
Solving time: 0.000334086 seconds
plan limit 980
current timestep 231
num of flexible agents: 10
num of flexible tasks: 34
Solving time: 0.000325357 seconds
plan limit 980
current timestep 232
num of flexible agents: 14
num of flexible tasks: 34
Solving time: 0.000318088 seconds
plan limit 980
current timestep 233
num of flexible agents: 11
num of flexible tasks: 32
Solving time: 0.000300134 seconds
plan limit 980
current timestep 234
num of flexible agents: 8
num of flexible tasks: 30
Solving time: 0.000285442 seconds
plan limit 980
current timestep 235
num of flexible agents: 7
num of flexible tasks: 28
Solving time: 0.000339685 seconds
plan limit 980
current timestep 236
num of flexible agents: 10
num of flexible tasks: 30
Solving time: 0.000330634 seconds
plan limit 980
current timestep 237
num of flexible agents: 7
num of flexible tasks: 29
Solving time: 0.00030742 seconds
plan limit 980
current timestep 238
num of flexible agents: 8
num of flexible tasks: 31
Solving time: 0.00031764 seconds
plan limit 980
current timestep 239
num of flexible agents: 7
num of flexible tasks: 30
Solving time: 0.000304405 seconds
plan limit 980
current timestep 240
num of flexible agents: 6
num of flexible tasks: 29
Solving time: 0.000310705 seconds
plan limit 980
current timestep 241
num of flexible agents: 7
num of flexible tasks: 30
Solving time: 0.000312665 seconds
plan limit 980
current timestep 242
num of flexible agents: 6
num of flexible tasks: 31
Solving time: 0.000289346 seconds
plan limit 980
current timestep 243
num of flexible agents: 6
num of flexible tasks: 32
Solving time: 0.000298674 seconds
plan limit 980
current timestep 244
num of flexible agents: 7
num of flexible tasks: 34
Solving time: 0.000325724 seconds
plan limit 980
current timestep 245
num of flexible agents: 6
num of flexible tasks: 33
Solving time: 0.00031278 seconds
plan limit 980
current timestep 246
num of flexible agents: 10
num of flexible tasks: 33
Solving time: 0.000329406 seconds
plan limit 980
current timestep 247
num of flexible agents: 9
num of flexible tasks: 34
Solving time: 0.000318382 seconds
plan limit 980
current timestep 248
num of flexible agents: 11
num of flexible tasks: 34
Solving time: 0.000312941 seconds
plan limit 980
current timestep 249
num of flexible agents: 8
num of flexible tasks: 33
Solving time: 0.00032461 seconds
plan limit 980
current timestep 250
num of flexible agents: 10
num of flexible tasks: 33
Solving time: 0.000318628 seconds
plan limit 980
current timestep 251
num of flexible agents: 11
num of flexible tasks: 33
Solving time: 0.000344367 seconds
plan limit 980
current timestep 252
num of flexible agents: 11
num of flexible tasks: 31
Solving time: 0.000357489 seconds
plan limit 980
current timestep 253
num of flexible agents: 9
num of flexible tasks: 26
Solving time: 0.000356716 seconds
plan limit 980
current timestep 254
num of flexible agents: 8
num of flexible tasks: 21
Solving time: 0.000333165 seconds
plan limit 980
current timestep 255
num of flexible agents: 12
num of flexible tasks: 21
Solving time: 0.000373271 seconds
plan limit 980
current timestep 256
num of flexible agents: 12
num of flexible tasks: 19
Solving time: 0.000359849 seconds
plan limit 980
current timestep 257
num of flexible agents: 13
num of flexible tasks: 19
Solving time: 0.000361733 seconds
plan limit 980
current timestep 258
num of flexible agents: 16
num of flexible tasks: 18
Solving time: 0.000431123 seconds
plan limit 980
current timestep 259
num of flexible agents: 16
num of flexible tasks: 17
Solving time: 0.000412176 seconds
plan limit 980
current timestep 260
num of flexible agents: 17
num of flexible tasks: 17
Solving time: 0.000442325 seconds
plan limit 980
current timestep 261
num of flexible agents: 21
num of flexible tasks: 16
Solving time: 0.000335279 seconds
plan limit 980
current timestep 262
num of flexible agents: 21
num of flexible tasks: 13
Solving time: 0.000341332 seconds
plan limit 980
current timestep 263
num of flexible agents: 19
num of flexible tasks: 11
Solving time: 0.000325445 seconds
plan limit 980
current timestep 264
num of flexible agents: 20
num of flexible tasks: 11
Solving time: 0.000341284 seconds
plan limit 980
current timestep 265
num of flexible agents: 23
num of flexible tasks: 11
Solving time: 0.000314699 seconds
plan limit 980
current timestep 266
num of flexible agents: 21
num of flexible tasks: 9
Solving time: 0.00030245 seconds
plan limit 980
current timestep 267
num of flexible agents: 19
num of flexible tasks: 7
Solving time: 0.000259354 seconds
plan limit 980
current timestep 268
num of flexible agents: 18
num of flexible tasks: 5
Solving time: 0.000244142 seconds
plan limit 980
current timestep 269
num of flexible agents: 19
num of flexible tasks: 4
Solving time: 0.000227954 seconds
plan limit 980
current timestep 270
num of flexible agents: 20
num of flexible tasks: 3
Solving time: 0.000256691 seconds
plan limit 980
current timestep 271
num of flexible agents: 21
num of flexible tasks: 2
Solving time: 0.000249982 seconds
plan limit 980
current timestep 272
num of flexible agents: 20
num of flexible tasks: 0
Solving time: 0.000223437 seconds
plan limit 980
current timestep 273
num of flexible agents: 20
num of flexible tasks: 0
Solving time: 0.00020751 seconds
plan limit 980
current timestep 274
num of flexible agents: 21
num of flexible tasks: 0
Solving time: 0.00021818 seconds
plan limit 980
current timestep 275
num of flexible agents: 23
num of flexible tasks: 0
Solving time: 0.000216978 seconds
plan limit 980
current timestep 276
num of flexible agents: 26
num of flexible tasks: 0
Solving time: 0.000225225 seconds
plan limit 980
current timestep 277
num of flexible agents: 28
num of flexible tasks: 0
Solving time: 0.000245929 seconds
plan limit 980
current timestep 278
num of flexible agents: 30
num of flexible tasks: 0
Solving time: 0.000200242 seconds
plan limit 980
current timestep 279
num of flexible agents: 31
num of flexible tasks: 0
Solving time: 0.000211149 seconds
plan limit 980
current timestep 280
num of flexible agents: 31
num of flexible tasks: 0
Solving time: 0.000222811 seconds
plan limit 980
current timestep 281
num of flexible agents: 32
num of flexible tasks: 0
Solving time: 0.000218761 seconds
plan limit 980
current timestep 282
num of flexible agents: 33
num of flexible tasks: 0
Solving time: 0.000198067 seconds
plan limit 980
current timestep 283
num of flexible agents: 33
num of flexible tasks: 0
Solving time: 0.000224133 seconds
plan limit 980
current timestep 284
num of flexible agents: 34
num of flexible tasks: 0
Solving time: 0.000201704 seconds
plan limit 980
current timestep 285
num of flexible agents: 37
num of flexible tasks: 0
Solving time: 0.000252066 seconds
plan limit 980
current timestep 286
num of flexible agents: 37
num of flexible tasks: 0
Solving time: 0.000211703 seconds
plan limit 980
current timestep 287
num of flexible agents: 40
num of flexible tasks: 0
Solving time: 0.000208024 seconds
plan limit 980
current timestep 288
num of flexible agents: 40
num of flexible tasks: 0
Solving time: 0.00021634 seconds
plan limit 980
current timestep 289
num of flexible agents: 40
num of flexible tasks: 0
Solving time: 0.000208555 seconds
plan limit 980
current timestep 290
num of flexible agents: 43
num of flexible tasks: 0
Solving time: 0.000210715 seconds
plan limit 980
current timestep 291
num of flexible agents: 43
num of flexible tasks: 0
Solving time: 0.000230578 seconds
plan limit 980
current timestep 292
num of flexible agents: 45
num of flexible tasks: 0
Solving time: 0.00020663 seconds
plan limit 980
current timestep 293
num of flexible agents: 46
num of flexible tasks: 0
Solving time: 0.000212454 seconds
plan limit 980
current timestep 294
num of flexible agents: 46
num of flexible tasks: 0
Solving time: 0.000220394 seconds
plan limit 980
current timestep 295
num of flexible agents: 47
num of flexible tasks: 0
Solving time: 0.000209626 seconds
plan limit 980
current timestep 296
num of flexible agents: 47
num of flexible tasks: 0
Solving time: 0.000215598 seconds
plan limit 980
current timestep 297
num of flexible agents: 48
num of flexible tasks: 0
Solving time: 0.000211498 seconds
plan limit 980
current timestep 298
num of flexible agents: 48
num of flexible tasks: 0
Solving time: 0.000240669 seconds
plan limit 980
current timestep 299
num of flexible agents: 48
num of flexible tasks: 0
Solving time: 0.00022571 seconds
plan limit 980
current timestep 300
num of flexible agents: 48
num of flexible tasks: 0
Solving time: 0.000213976 seconds
plan limit 980
current timestep 301
num of flexible agents: 48
num of flexible tasks: 0
Solving time: 0.000226391 seconds
plan limit 980
current timestep 302
num of flexible agents: 49
num of flexible tasks: 0
Solving time: 0.000210371 seconds
plan limit 980
All tasks finished at timestep 303
