current timestep 0
num of flexible agents: 50
num of flexible tasks: 2
Solving time: 0.000334652 seconds
plan limit 980
current timestep 1
num of flexible agents: 50
num of flexible tasks: 4
Solving time: 0.000317253 seconds
plan limit 980
current timestep 2
num of flexible agents: 50
num of flexible tasks: 6
Solving time: 0.00033168 seconds
plan limit 980
current timestep 3
num of flexible agents: 49
num of flexible tasks: 7
Solving time: 0.000288395 seconds
plan limit 980
current timestep 4
num of flexible agents: 48
num of flexible tasks: 8
Solving time: 0.000300132 seconds
plan limit 980
current timestep 5
num of flexible agents: 46
num of flexible tasks: 8
Solving time: 0.000285078 seconds
plan limit 980
current timestep 6
num of flexible agents: 45
num of flexible tasks: 9
Solving time: 0.000303041 seconds
plan limit 980
current timestep 7
num of flexible agents: 43
num of flexible tasks: 9
Solving time: 0.000333664 seconds
plan limit 980
current timestep 8
num of flexible agents: 41
num of flexible tasks: 9
Solving time: 0.000355324 seconds
plan limit 980
current timestep 9
num of flexible agents: 40
num of flexible tasks: 10
Solving time: 0.000326181 seconds
plan limit 980
current timestep 10
num of flexible agents: 40
num of flexible tasks: 12
Solving time: 0.000296698 seconds
plan limit 980
current timestep 11
num of flexible agents: 39
num of flexible tasks: 13
Solving time: 0.000390935 seconds
plan limit 980
current timestep 12
num of flexible agents: 35
num of flexible tasks: 11
Solving time: 0.000346828 seconds
plan limit 980
current timestep 13
num of flexible agents: 35
num of flexible tasks: 12
Solving time: 0.000355287 seconds
plan limit 980
current timestep 14
num of flexible agents: 35
num of flexible tasks: 14
Solving time: 0.00032914 seconds
plan limit 980
current timestep 15
num of flexible agents: 35
num of flexible tasks: 14
Solving time: 0.000309789 seconds
plan limit 980
current timestep 16
num of flexible agents: 34
num of flexible tasks: 15
Solving time: 0.000341588 seconds
plan limit 980
current timestep 17
num of flexible agents: 33
num of flexible tasks: 16
Solving time: 0.000331357 seconds
plan limit 980
current timestep 18
num of flexible agents: 30
num of flexible tasks: 15
Solving time: 0.000356014 seconds
plan limit 980
current timestep 19
num of flexible agents: 30
num of flexible tasks: 17
Solving time: 0.000333564 seconds
plan limit 980
current timestep 20
num of flexible agents: 30
num of flexible tasks: 18
Solving time: 0.000343218 seconds
plan limit 980
current timestep 21
num of flexible agents: 30
num of flexible tasks: 19
Solving time: 0.000350538 seconds
plan limit 980
current timestep 22
num of flexible agents: 29
num of flexible tasks: 19
Solving time: 0.00042339 seconds
plan limit 980
current timestep 23
num of flexible agents: 29
num of flexible tasks: 19
Solving time: 0.000336111 seconds
plan limit 980
current timestep 24
num of flexible agents: 28
num of flexible tasks: 19
Solving time: 0.00035407 seconds
plan limit 980
current timestep 25
num of flexible agents: 26
num of flexible tasks: 18
Solving time: 0.000404654 seconds
plan limit 980
current timestep 26
num of flexible agents: 26
num of flexible tasks: 19
Solving time: 0.000387282 seconds
plan limit 980
current timestep 27
num of flexible agents: 27
num of flexible tasks: 20
Solving time: 0.000384622 seconds
plan limit 980
current timestep 28
num of flexible agents: 26
num of flexible tasks: 18
Solving time: 0.000344488 seconds
plan limit 980
current timestep 29
num of flexible agents: 27
num of flexible tasks: 19
Solving time: 0.000452447 seconds
plan limit 980
current timestep 30
num of flexible agents: 26
num of flexible tasks: 19
Solving time: 0.000372343 seconds
plan limit 980
current timestep 31
num of flexible agents: 25
num of flexible tasks: 19
Solving time: 0.000406022 seconds
plan limit 980
current timestep 32
num of flexible agents: 20
num of flexible tasks: 15
Solving time: 0.000342131 seconds
plan limit 980
current timestep 33
num of flexible agents: 21
num of flexible tasks: 17
Solving time: 0.00040478 seconds
plan limit 980
current timestep 34
num of flexible agents: 19
num of flexible tasks: 16
Solving time: 0.000435818 seconds
plan limit 980
current timestep 35
num of flexible agents: 17
num of flexible tasks: 16
Solving time: 0.000433034 seconds
plan limit 980
current timestep 36
num of flexible agents: 14
num of flexible tasks: 15
Solving time: 0.000458021 seconds
plan limit 980
current timestep 37
num of flexible agents: 15
num of flexible tasks: 16
Solving time: 0.00041559 seconds
plan limit 980
current timestep 38
num of flexible agents: 17
num of flexible tasks: 18
Solving time: 0.000482822 seconds
plan limit 980
current timestep 39
num of flexible agents: 16
num of flexible tasks: 19
Solving time: 0.000432917 seconds
plan limit 980
current timestep 40
num of flexible agents: 13
num of flexible tasks: 17
Solving time: 0.000396583 seconds
plan limit 980
current timestep 41
num of flexible agents: 14
num of flexible tasks: 18
Solving time: 0.000422024 seconds
plan limit 980
current timestep 42
num of flexible agents: 14
num of flexible tasks: 19
Solving time: 0.000363106 seconds
plan limit 980
current timestep 43
num of flexible agents: 15
num of flexible tasks: 20
Solving time: 0.000422493 seconds
plan limit 980
current timestep 44
num of flexible agents: 12
num of flexible tasks: 19
Solving time: 0.000359052 seconds
plan limit 980
current timestep 45
num of flexible agents: 9
num of flexible tasks: 17
Solving time: 0.00037247 seconds
plan limit 980
current timestep 46
num of flexible agents: 9
num of flexible tasks: 19
Solving time: 0.000337108 seconds
plan limit 980
current timestep 47
num of flexible agents: 9
num of flexible tasks: 20
Solving time: 0.000377715 seconds
plan limit 980
current timestep 48
num of flexible agents: 11
num of flexible tasks: 22
Solving time: 0.000383064 seconds
plan limit 980
current timestep 49
num of flexible agents: 11
num of flexible tasks: 22
Solving time: 0.000334552 seconds
plan limit 980
current timestep 50
num of flexible agents: 9
num of flexible tasks: 21
Solving time: 0.000346283 seconds
plan limit 980
current timestep 51
num of flexible agents: 7
num of flexible tasks: 20
Solving time: 0.000311058 seconds
plan limit 980
current timestep 52
num of flexible agents: 9
num of flexible tasks: 22
Solving time: 0.00038217 seconds
plan limit 980
current timestep 53
num of flexible agents: 8
num of flexible tasks: 22
Solving time: 0.000303517 seconds
plan limit 980
current timestep 54
num of flexible agents: 10
num of flexible tasks: 23
Solving time: 0.000323146 seconds
plan limit 980
current timestep 55
num of flexible agents: 10
num of flexible tasks: 21
Solving time: 0.000363944 seconds
plan limit 980
current timestep 56
num of flexible agents: 8
num of flexible tasks: 20
Solving time: 0.000379863 seconds
plan limit 980
current timestep 57
num of flexible agents: 9
num of flexible tasks: 22
Solving time: 0.000375357 seconds
plan limit 980
current timestep 58
num of flexible agents: 10
num of flexible tasks: 23
Solving time: 0.000389926 seconds
plan limit 980
current timestep 59
num of flexible agents: 12
num of flexible tasks: 24
Solving time: 0.000372959 seconds
plan limit 980
current timestep 60
num of flexible agents: 15
num of flexible tasks: 25
Solving time: 0.000366277 seconds
plan limit 980
current timestep 61
num of flexible agents: 17
num of flexible tasks: 24
Solving time: 0.000404004 seconds
plan limit 980
current timestep 62
num of flexible agents: 17
num of flexible tasks: 24
Solving time: 0.000398429 seconds
plan limit 980
current timestep 63
num of flexible agents: 12
num of flexible tasks: 20
Solving time: 0.000325919 seconds
plan limit 980
current timestep 64
num of flexible agents: 16
num of flexible tasks: 22
Solving time: 0.000344001 seconds
plan limit 980
current timestep 65
num of flexible agents: 15
num of flexible tasks: 22
Solving time: 0.000395654 seconds
plan limit 980
current timestep 66
num of flexible agents: 11
num of flexible tasks: 19
Solving time: 0.000378514 seconds
plan limit 980
current timestep 67
num of flexible agents: 12
num of flexible tasks: 20
Solving time: 0.000357175 seconds
plan limit 980
current timestep 68
num of flexible agents: 11
num of flexible tasks: 20
Solving time: 0.000374213 seconds
plan limit 980
current timestep 69
num of flexible agents: 11
num of flexible tasks: 21
Solving time: 0.000292689 seconds
plan limit 980
current timestep 70
num of flexible agents: 9
num of flexible tasks: 19
Solving time: 0.000308363 seconds
plan limit 980
current timestep 71
num of flexible agents: 8
num of flexible tasks: 20
Solving time: 0.000332629 seconds
plan limit 980
current timestep 72
num of flexible agents: 7
num of flexible tasks: 19
Solving time: 0.000317733 seconds
plan limit 980
current timestep 73
num of flexible agents: 8
num of flexible tasks: 20
Solving time: 0.0002861 seconds
plan limit 980
current timestep 74
num of flexible agents: 8
num of flexible tasks: 20
Solving time: 0.000325082 seconds
plan limit 980
current timestep 75
num of flexible agents: 7
num of flexible tasks: 21
Solving time: 0.000264891 seconds
plan limit 980
current timestep 76
num of flexible agents: 5
num of flexible tasks: 20
Solving time: 0.000252602 seconds
plan limit 980
current timestep 77
num of flexible agents: 5
num of flexible tasks: 19
Solving time: 0.000321302 seconds
plan limit 980
current timestep 78
num of flexible agents: 3
num of flexible tasks: 18
Solving time: 0.000286199 seconds
plan limit 980
current timestep 79
num of flexible agents: 4
num of flexible tasks: 18
Solving time: 0.000295755 seconds
plan limit 980
current timestep 80
num of flexible agents: 3
num of flexible tasks: 19
Solving time: 0.000295501 seconds
plan limit 980
current timestep 81
num of flexible agents: 4
num of flexible tasks: 21
Solving time: 0.000249183 seconds
plan limit 980
current timestep 82
num of flexible agents: 6
num of flexible tasks: 22
Solving time: 0.000310534 seconds
plan limit 980
current timestep 83
num of flexible agents: 6
num of flexible tasks: 23
Solving time: 0.000315153 seconds
plan limit 980
current timestep 84
num of flexible agents: 5
num of flexible tasks: 22
Solving time: 0.000287508 seconds
plan limit 980
current timestep 85
num of flexible agents: 7
num of flexible tasks: 24
Solving time: 0.000308151 seconds
plan limit 980
current timestep 86
num of flexible agents: 8
num of flexible tasks: 25
Solving time: 0.000304428 seconds
plan limit 980
current timestep 87
num of flexible agents: 11
num of flexible tasks: 27
Solving time: 0.000312089 seconds
plan limit 980
current timestep 88
num of flexible agents: 10
num of flexible tasks: 26
Solving time: 0.000315089 seconds
plan limit 980
current timestep 89
num of flexible agents: 9
num of flexible tasks: 25
Solving time: 0.00031001 seconds
plan limit 980
current timestep 90
num of flexible agents: 8
num of flexible tasks: 24
Solving time: 0.00031926 seconds
plan limit 980
current timestep 91
num of flexible agents: 9
num of flexible tasks: 24
Solving time: 0.000384979 seconds
plan limit 980
current timestep 92
num of flexible agents: 7
num of flexible tasks: 23
Solving time: 0.000320366 seconds
plan limit 980
current timestep 93
num of flexible agents: 6
num of flexible tasks: 23
Solving time: 0.000289668 seconds
plan limit 980
current timestep 94
num of flexible agents: 7
num of flexible tasks: 24
Solving time: 0.000291541 seconds
plan limit 980
current timestep 95
num of flexible agents: 8
num of flexible tasks: 26
Solving time: 0.00028771 seconds
plan limit 980
current timestep 96
num of flexible agents: 13
num of flexible tasks: 27
Solving time: 0.000346417 seconds
plan limit 980
current timestep 97
num of flexible agents: 11
num of flexible tasks: 26
Solving time: 0.000358831 seconds
plan limit 980
current timestep 98
num of flexible agents: 13
num of flexible tasks: 28
Solving time: 0.000374699 seconds
plan limit 980
current timestep 99
num of flexible agents: 10
num of flexible tasks: 27
Solving time: 0.000329525 seconds
plan limit 980
current timestep 100
num of flexible agents: 11
num of flexible tasks: 27
Solving time: 0.000337738 seconds
plan limit 980
current timestep 101
num of flexible agents: 13
num of flexible tasks: 25
Solving time: 0.000325503 seconds
plan limit 980
current timestep 102
num of flexible agents: 14
num of flexible tasks: 25
Solving time: 0.000345927 seconds
plan limit 980
current timestep 103
num of flexible agents: 10
num of flexible tasks: 22
Solving time: 0.000311673 seconds
plan limit 980
current timestep 104
num of flexible agents: 11
num of flexible tasks: 22
Solving time: 0.000304793 seconds
plan limit 980
current timestep 105
num of flexible agents: 7
num of flexible tasks: 19
Solving time: 0.000316421 seconds
plan limit 980
current timestep 106
num of flexible agents: 7
num of flexible tasks: 19
Solving time: 0.000310099 seconds
plan limit 980
current timestep 107
num of flexible agents: 6
num of flexible tasks: 18
Solving time: 0.000315301 seconds
plan limit 980
current timestep 108
num of flexible agents: 8
num of flexible tasks: 19
Solving time: 0.000309493 seconds
plan limit 980
current timestep 109
num of flexible agents: 9
num of flexible tasks: 20
Solving time: 0.000324205 seconds
plan limit 980
current timestep 110
num of flexible agents: 8
num of flexible tasks: 19
Solving time: 0.000340313 seconds
plan limit 980
current timestep 111
num of flexible agents: 8
num of flexible tasks: 20
Solving time: 0.000343789 seconds
plan limit 980
current timestep 112
num of flexible agents: 9
num of flexible tasks: 22
Solving time: 0.000331575 seconds
plan limit 980
current timestep 113
num of flexible agents: 11
num of flexible tasks: 24
Solving time: 0.000308734 seconds
plan limit 980
current timestep 114
num of flexible agents: 8
num of flexible tasks: 23
Solving time: 0.000311298 seconds
plan limit 980
current timestep 115
num of flexible agents: 6
num of flexible tasks: 21
Solving time: 0.000303935 seconds
plan limit 980
current timestep 116
num of flexible agents: 5
num of flexible tasks: 22
Solving time: 0.000305616 seconds
plan limit 980
current timestep 117
num of flexible agents: 4
num of flexible tasks: 22
Solving time: 0.00030544 seconds
plan limit 980
current timestep 118
num of flexible agents: 5
num of flexible tasks: 24
Solving time: 0.000289766 seconds
plan limit 980
current timestep 119
num of flexible agents: 7
num of flexible tasks: 26
Solving time: 0.000320687 seconds
plan limit 980
current timestep 120
num of flexible agents: 11
num of flexible tasks: 28
Solving time: 0.000316876 seconds
plan limit 980
current timestep 121
num of flexible agents: 12
num of flexible tasks: 28
Solving time: 0.000386153 seconds
plan limit 980
current timestep 122
num of flexible agents: 12
num of flexible tasks: 28
Solving time: 0.000355002 seconds
plan limit 980
current timestep 123
num of flexible agents: 12
num of flexible tasks: 28
Solving time: 0.000390757 seconds
plan limit 980
current timestep 124
num of flexible agents: 11
num of flexible tasks: 28
Solving time: 0.000332445 seconds
plan limit 980
current timestep 125
num of flexible agents: 8
num of flexible tasks: 26
Solving time: 0.000329217 seconds
plan limit 980
current timestep 126
num of flexible agents: 8
num of flexible tasks: 26
Solving time: 0.00034294 seconds
plan limit 980
current timestep 127
num of flexible agents: 9
num of flexible tasks: 27
Solving time: 0.00031119 seconds
plan limit 980
current timestep 128
num of flexible agents: 10
num of flexible tasks: 28
Solving time: 0.000335153 seconds
plan limit 980
current timestep 129
num of flexible agents: 9
num of flexible tasks: 27
Solving time: 0.00034755 seconds
plan limit 980
current timestep 130
num of flexible agents: 11
num of flexible tasks: 28
Solving time: 0.000420686 seconds
plan limit 980
current timestep 131
num of flexible agents: 11
num of flexible tasks: 29
Solving time: 0.000380691 seconds
plan limit 980
current timestep 132
num of flexible agents: 9
num of flexible tasks: 28
Solving time: 0.000420775 seconds
plan limit 980
current timestep 133
num of flexible agents: 11
num of flexible tasks: 30
Solving time: 0.000336724 seconds
plan limit 980
current timestep 134
num of flexible agents: 13
num of flexible tasks: 30
Solving time: 0.000348283 seconds
plan limit 980
current timestep 135
num of flexible agents: 14
num of flexible tasks: 30
Solving time: 0.000398288 seconds
plan limit 980
current timestep 136
num of flexible agents: 12
num of flexible tasks: 29
Solving time: 0.000393727 seconds
plan limit 980
current timestep 137
num of flexible agents: 10
num of flexible tasks: 28
Solving time: 0.000374941 seconds
plan limit 980
current timestep 138
num of flexible agents: 11
num of flexible tasks: 28
Solving time: 0.000338163 seconds
plan limit 980
current timestep 139
num of flexible agents: 9
num of flexible tasks: 28
Solving time: 0.000316725 seconds
plan limit 980
current timestep 140
num of flexible agents: 9
num of flexible tasks: 30
Solving time: 0.000320524 seconds
plan limit 980
current timestep 141
num of flexible agents: 11
num of flexible tasks: 29
Solving time: 0.000348068 seconds
plan limit 980
current timestep 142
num of flexible agents: 9
num of flexible tasks: 29
Solving time: 0.00030369 seconds
plan limit 980
current timestep 143
num of flexible agents: 7
num of flexible tasks: 29
Solving time: 0.000363305 seconds
plan limit 980
current timestep 144
num of flexible agents: 9
num of flexible tasks: 31
Solving time: 0.000362984 seconds
plan limit 980
current timestep 145
num of flexible agents: 7
num of flexible tasks: 30
Solving time: 0.000315693 seconds
plan limit 980
current timestep 146
num of flexible agents: 11
num of flexible tasks: 31
Solving time: 0.000357772 seconds
plan limit 980
current timestep 147
num of flexible agents: 12
num of flexible tasks: 32
Solving time: 0.000348765 seconds
plan limit 980
current timestep 148
num of flexible agents: 12
num of flexible tasks: 31
Solving time: 0.000341331 seconds
plan limit 980
current timestep 149
num of flexible agents: 12
num of flexible tasks: 31
Solving time: 0.000358744 seconds
plan limit 980
current timestep 150
num of flexible agents: 11
num of flexible tasks: 29
Solving time: 0.000347444 seconds
plan limit 980
current timestep 151
num of flexible agents: 9
num of flexible tasks: 27
Solving time: 0.000329213 seconds
plan limit 980
current timestep 152
num of flexible agents: 11
num of flexible tasks: 28
Solving time: 0.000387058 seconds
plan limit 980
current timestep 153
num of flexible agents: 13
num of flexible tasks: 28
Solving time: 0.000392825 seconds
plan limit 980
current timestep 154
num of flexible agents: 14
num of flexible tasks: 29
Solving time: 0.000359159 seconds
plan limit 980
current timestep 155
num of flexible agents: 13
num of flexible tasks: 30
Solving time: 0.000368367 seconds
plan limit 980
current timestep 156
num of flexible agents: 12
num of flexible tasks: 30
Solving time: 0.000369934 seconds
plan limit 980
current timestep 157
num of flexible agents: 10
num of flexible tasks: 29
Solving time: 0.000312924 seconds
plan limit 980
current timestep 158
num of flexible agents: 10
num of flexible tasks: 30
Solving time: 0.000330083 seconds
plan limit 980
current timestep 159
num of flexible agents: 11
num of flexible tasks: 31
Solving time: 0.000332121 seconds
plan limit 980
current timestep 160
num of flexible agents: 12
num of flexible tasks: 32
Solving time: 0.000314888 seconds
plan limit 980
current timestep 161
num of flexible agents: 13
num of flexible tasks: 33
Solving time: 0.000377513 seconds
plan limit 980
current timestep 162
num of flexible agents: 11
num of flexible tasks: 32
Solving time: 0.000371627 seconds
plan limit 980
current timestep 163
num of flexible agents: 11
num of flexible tasks: 31
Solving time: 0.000319885 seconds
plan limit 980
current timestep 164
num of flexible agents: 9
num of flexible tasks: 30
Solving time: 0.000322246 seconds
plan limit 980
current timestep 165
num of flexible agents: 8
num of flexible tasks: 30
Solving time: 0.00031738 seconds
plan limit 980
current timestep 166
num of flexible agents: 7
num of flexible tasks: 29
Solving time: 0.000298044 seconds
plan limit 980
current timestep 167
num of flexible agents: 11
num of flexible tasks: 31
Solving time: 0.000378196 seconds
plan limit 980
current timestep 168
num of flexible agents: 13
num of flexible tasks: 31
Solving time: 0.000361517 seconds
plan limit 980
current timestep 169
num of flexible agents: 10
num of flexible tasks: 30
Solving time: 0.000324128 seconds
plan limit 980
current timestep 170
num of flexible agents: 8
num of flexible tasks: 30
Solving time: 0.00031732 seconds
plan limit 980
current timestep 171
num of flexible agents: 7
num of flexible tasks: 31
Solving time: 0.000349243 seconds
plan limit 980
current timestep 172
num of flexible agents: 6
num of flexible tasks: 31
Solving time: 0.000300484 seconds
plan limit 980
current timestep 173
num of flexible agents: 5
num of flexible tasks: 32
Solving time: 0.000859015 seconds
plan limit 979
current timestep 174
num of flexible agents: 4
num of flexible tasks: 32
Solving time: 0.000836434 seconds
plan limit 980
current timestep 175
num of flexible agents: 5
num of flexible tasks: 33
Solving time: 0.000872723 seconds
plan limit 979
current timestep 176
num of flexible agents: 8
num of flexible tasks: 35
Solving time: 0.000357161 seconds
plan limit 980
current timestep 177
num of flexible agents: 8
num of flexible tasks: 36
Solving time: 0.00031752 seconds
plan limit 980
current timestep 178
num of flexible agents: 8
num of flexible tasks: 37
Solving time: 0.000310659 seconds
plan limit 980
current timestep 179
num of flexible agents: 9
num of flexible tasks: 38
Solving time: 0.000265445 seconds
plan limit 980
current timestep 180
num of flexible agents: 8
num of flexible tasks: 36
Solving time: 0.000292952 seconds
plan limit 980
current timestep 181
num of flexible agents: 4
num of flexible tasks: 32
Solving time: 0.000850257 seconds
plan limit 979
current timestep 182
num of flexible agents: 5
num of flexible tasks: 32
Solving time: 0.000305922 seconds
plan limit 980
current timestep 183
num of flexible agents: 6
num of flexible tasks: 32
Solving time: 0.000340954 seconds
plan limit 980
current timestep 184
num of flexible agents: 9
num of flexible tasks: 34
Solving time: 0.000362406 seconds
plan limit 980
current timestep 185
num of flexible agents: 7
num of flexible tasks: 33
Solving time: 0.000381296 seconds
plan limit 980
current timestep 186
num of flexible agents: 7
num of flexible tasks: 33
Solving time: 0.000352831 seconds
plan limit 980
current timestep 187
num of flexible agents: 7
num of flexible tasks: 34
Solving time: 0.000335812 seconds
plan limit 980
current timestep 188
num of flexible agents: 8
num of flexible tasks: 35
Solving time: 0.00035479 seconds
plan limit 980
current timestep 189
num of flexible agents: 9
num of flexible tasks: 35
Solving time: 0.000315742 seconds
plan limit 980
current timestep 190
num of flexible agents: 8
num of flexible tasks: 35
Solving time: 0.000351715 seconds
plan limit 980
current timestep 191
num of flexible agents: 8
num of flexible tasks: 36
Solving time: 0.000322444 seconds
plan limit 980
current timestep 192
num of flexible agents: 11
num of flexible tasks: 38
Solving time: 0.000333066 seconds
plan limit 980
current timestep 193
num of flexible agents: 12
num of flexible tasks: 39
Solving time: 0.000358058 seconds
plan limit 980
current timestep 194
num of flexible agents: 12
num of flexible tasks: 38
Solving time: 0.000405702 seconds
plan limit 980
current timestep 195
num of flexible agents: 14
num of flexible tasks: 39
Solving time: 0.000316574 seconds
plan limit 980
current timestep 196
num of flexible agents: 13
num of flexible tasks: 38
Solving time: 0.000351939 seconds
plan limit 980
current timestep 197
num of flexible agents: 15
num of flexible tasks: 39
Solving time: 0.000330506 seconds
plan limit 980
current timestep 198
num of flexible agents: 10
num of flexible tasks: 35
Solving time: 0.000323281 seconds
plan limit 980
current timestep 199
num of flexible agents: 11
num of flexible tasks: 36
Solving time: 0.000349108 seconds
plan limit 980
current timestep 200
num of flexible agents: 11
num of flexible tasks: 36
Solving time: 0.000296488 seconds
plan limit 980
current timestep 201
num of flexible agents: 8
num of flexible tasks: 34
Solving time: 0.000317757 seconds
plan limit 980
current timestep 202
num of flexible agents: 8
num of flexible tasks: 34
Solving time: 0.000323663 seconds
plan limit 980
current timestep 203
num of flexible agents: 6
num of flexible tasks: 32
Solving time: 0.000366626 seconds
plan limit 980
current timestep 204
num of flexible agents: 7
num of flexible tasks: 32
Solving time: 0.000329231 seconds
plan limit 980
current timestep 205
num of flexible agents: 11
num of flexible tasks: 33
Solving time: 0.000364964 seconds
plan limit 980
current timestep 206
num of flexible agents: 11
num of flexible tasks: 33
Solving time: 0.000345226 seconds
plan limit 980
current timestep 207
num of flexible agents: 9
num of flexible tasks: 31
Solving time: 0.000344465 seconds
plan limit 980
current timestep 208
num of flexible agents: 10
num of flexible tasks: 33
Solving time: 0.000398147 seconds
plan limit 980
current timestep 209
num of flexible agents: 11
num of flexible tasks: 33
Solving time: 0.000327194 seconds
plan limit 980
current timestep 210
num of flexible agents: 10
num of flexible tasks: 34
Solving time: 0.000334853 seconds
plan limit 980
current timestep 211
num of flexible agents: 9
num of flexible tasks: 34
Solving time: 0.000320918 seconds
plan limit 980
current timestep 212
num of flexible agents: 8
num of flexible tasks: 31
Solving time: 0.000309467 seconds
plan limit 980
current timestep 213
num of flexible agents: 7
num of flexible tasks: 31
Solving time: 0.000298651 seconds
plan limit 980
current timestep 214
num of flexible agents: 4
num of flexible tasks: 29
Solving time: 0.000271336 seconds
plan limit 980
current timestep 215
num of flexible agents: 7
num of flexible tasks: 30
Solving time: 0.00030624 seconds
plan limit 980
current timestep 216
num of flexible agents: 5
num of flexible tasks: 29
Solving time: 0.000358437 seconds
plan limit 980
current timestep 217
num of flexible agents: 8
num of flexible tasks: 31
Solving time: 0.000333776 seconds
plan limit 980
current timestep 218
num of flexible agents: 9
num of flexible tasks: 33
Solving time: 0.000315923 seconds
plan limit 980
current timestep 219
num of flexible agents: 8
num of flexible tasks: 31
Solving time: 0.000338974 seconds
plan limit 980
current timestep 220
num of flexible agents: 7
num of flexible tasks: 30
Solving time: 0.000315476 seconds
plan limit 980
current timestep 221
num of flexible agents: 9
num of flexible tasks: 31
Solving time: 0.000341727 seconds
plan limit 980
current timestep 222
num of flexible agents: 13
num of flexible tasks: 32
Solving time: 0.000369092 seconds
plan limit 980
current timestep 223
num of flexible agents: 13
num of flexible tasks: 32
Solving time: 0.000340212 seconds
plan limit 980
current timestep 224
num of flexible agents: 16
num of flexible tasks: 34
Solving time: 0.000332909 seconds
plan limit 980
current timestep 225
num of flexible agents: 14
num of flexible tasks: 32
Solving time: 0.000321553 seconds
plan limit 980
current timestep 226
num of flexible agents: 8
num of flexible tasks: 27
Solving time: 0.000307501 seconds
plan limit 980
current timestep 227
num of flexible agents: 7
num of flexible tasks: 27
Solving time: 0.000308368 seconds
plan limit 980
current timestep 228
num of flexible agents: 8
num of flexible tasks: 26
Solving time: 0.000317803 seconds
plan limit 980
current timestep 229
num of flexible agents: 3
num of flexible tasks: 23
Solving time: 0.000297984 seconds
plan limit 980
current timestep 230
num of flexible agents: 5
num of flexible tasks: 23
Solving time: 0.000367602 seconds
plan limit 980
current timestep 231
num of flexible agents: 5
num of flexible tasks: 24
Solving time: 0.000370905 seconds
plan limit 980
current timestep 232
num of flexible agents: 7
num of flexible tasks: 26
Solving time: 0.000322063 seconds
plan limit 980
current timestep 233
num of flexible agents: 7
num of flexible tasks: 28
Solving time: 0.000302755 seconds
plan limit 980
current timestep 234
num of flexible agents: 8
num of flexible tasks: 30
Solving time: 0.000346518 seconds
plan limit 980
current timestep 235
num of flexible agents: 8
num of flexible tasks: 31
Solving time: 0.000303272 seconds
plan limit 980
current timestep 236
num of flexible agents: 7
num of flexible tasks: 30
Solving time: 0.000284019 seconds
plan limit 980
current timestep 237
num of flexible agents: 9
num of flexible tasks: 30
Solving time: 0.000326538 seconds
plan limit 980
current timestep 238
num of flexible agents: 11
num of flexible tasks: 30
Solving time: 0.000308997 seconds
plan limit 980
current timestep 239
num of flexible agents: 8
num of flexible tasks: 28
Solving time: 0.000309845 seconds
plan limit 980
current timestep 240
num of flexible agents: 9
num of flexible tasks: 26
Solving time: 0.000341831 seconds
plan limit 980
current timestep 241
num of flexible agents: 8
num of flexible tasks: 25
Solving time: 0.000295971 seconds
plan limit 980
current timestep 242
num of flexible agents: 8
num of flexible tasks: 25
Solving time: 0.00033278 seconds
plan limit 980
current timestep 243
num of flexible agents: 7
num of flexible tasks: 26
Solving time: 0.000329956 seconds
plan limit 980
current timestep 244
num of flexible agents: 8
num of flexible tasks: 27
Solving time: 0.000309109 seconds
plan limit 980
current timestep 245
num of flexible agents: 8
num of flexible tasks: 28
Solving time: 0.000276439 seconds
plan limit 980
current timestep 246
num of flexible agents: 8
num of flexible tasks: 28
Solving time: 0.000298151 seconds
plan limit 980
current timestep 247
num of flexible agents: 8
num of flexible tasks: 27
Solving time: 0.000346282 seconds
plan limit 980
current timestep 248
num of flexible agents: 6
num of flexible tasks: 25
Solving time: 0.000320129 seconds
plan limit 980
current timestep 249
num of flexible agents: 6
num of flexible tasks: 26
Solving time: 0.000355132 seconds
plan limit 980
current timestep 250
num of flexible agents: 8
num of flexible tasks: 26
Solving time: 0.000332193 seconds
plan limit 980
current timestep 251
num of flexible agents: 9
num of flexible tasks: 24
Solving time: 0.000321535 seconds
plan limit 980
current timestep 252
num of flexible agents: 11
num of flexible tasks: 24
Solving time: 0.000319206 seconds
plan limit 980
current timestep 253
num of flexible agents: 13
num of flexible tasks: 23
Solving time: 0.000316333 seconds
plan limit 980
current timestep 254
num of flexible agents: 8
num of flexible tasks: 17
Solving time: 0.000302849 seconds
plan limit 980
current timestep 255
num of flexible agents: 6
num of flexible tasks: 14
Solving time: 0.000340961 seconds
plan limit 980
current timestep 256
num of flexible agents: 7
num of flexible tasks: 13
Solving time: 0.000322433 seconds
plan limit 980
current timestep 257
num of flexible agents: 9
num of flexible tasks: 12
Solving time: 0.000352479 seconds
plan limit 980
current timestep 258
num of flexible agents: 9
num of flexible tasks: 11
Solving time: 0.000411749 seconds
plan limit 980
current timestep 259
num of flexible agents: 11
num of flexible tasks: 11
Solving time: 0.000382289 seconds
plan limit 980
current timestep 260
num of flexible agents: 12
num of flexible tasks: 11
Solving time: 0.00033267 seconds
plan limit 980
current timestep 261
num of flexible agents: 14
num of flexible tasks: 10
Solving time: 0.000345994 seconds
plan limit 980
current timestep 262
num of flexible agents: 17
num of flexible tasks: 10
Solving time: 0.00034148 seconds
plan limit 980
current timestep 263
num of flexible agents: 15
num of flexible tasks: 7
Solving time: 0.000329894 seconds
plan limit 980
current timestep 264
num of flexible agents: 17
num of flexible tasks: 6
Solving time: 0.000287906 seconds
plan limit 980
current timestep 265
num of flexible agents: 17
num of flexible tasks: 5
Solving time: 0.000289749 seconds
plan limit 980
current timestep 266
num of flexible agents: 20
num of flexible tasks: 5
Solving time: 0.000247783 seconds
plan limit 980
current timestep 267
num of flexible agents: 22
num of flexible tasks: 4
Solving time: 0.000236504 seconds
plan limit 980
current timestep 268
num of flexible agents: 22
num of flexible tasks: 2
Solving time: 0.000218919 seconds
plan limit 980
current timestep 269
num of flexible agents: 24
num of flexible tasks: 1
Solving time: 0.000301905 seconds
plan limit 980
current timestep 270
num of flexible agents: 26
num of flexible tasks: 0
Solving time: 0.000217109 seconds
plan limit 980
current timestep 271
num of flexible agents: 30
num of flexible tasks: 0
Solving time: 0.000254342 seconds
plan limit 980
current timestep 272
num of flexible agents: 31
num of flexible tasks: 0
Solving time: 0.000252078 seconds
plan limit 980
current timestep 273
num of flexible agents: 31
num of flexible tasks: 0
Solving time: 0.000211191 seconds
plan limit 980
current timestep 274
num of flexible agents: 31
num of flexible tasks: 0
Solving time: 0.00021783 seconds
plan limit 980
current timestep 275
num of flexible agents: 32
num of flexible tasks: 0
Solving time: 0.000201808 seconds
plan limit 980
current timestep 276
num of flexible agents: 36
num of flexible tasks: 0
Solving time: 0.000228681 seconds
plan limit 980
current timestep 277
num of flexible agents: 37
num of flexible tasks: 0
Solving time: 0.000219438 seconds
plan limit 980
current timestep 278
num of flexible agents: 37
num of flexible tasks: 0
Solving time: 0.000217318 seconds
plan limit 980
current timestep 279
num of flexible agents: 39
num of flexible tasks: 0
Solving time: 0.000203029 seconds
plan limit 980
current timestep 280
num of flexible agents: 39
num of flexible tasks: 0
Solving time: 0.000207523 seconds
plan limit 980
current timestep 281
num of flexible agents: 41
num of flexible tasks: 0
Solving time: 0.000229103 seconds
plan limit 980
current timestep 282
num of flexible agents: 44
num of flexible tasks: 0
Solving time: 0.000231998 seconds
plan limit 980
current timestep 283
num of flexible agents: 45
num of flexible tasks: 0
Solving time: 0.000219419 seconds
plan limit 980
current timestep 284
num of flexible agents: 45
num of flexible tasks: 0
Solving time: 0.000215532 seconds
plan limit 980
current timestep 285
num of flexible agents: 45
num of flexible tasks: 0
Solving time: 0.000210601 seconds
plan limit 980
current timestep 286
num of flexible agents: 45
num of flexible tasks: 0
Solving time: 0.000217093 seconds
plan limit 980
current timestep 287
num of flexible agents: 45
num of flexible tasks: 0
Solving time: 0.000209775 seconds
plan limit 980
current timestep 288
num of flexible agents: 45
num of flexible tasks: 0
Solving time: 0.00021962 seconds
plan limit 980
current timestep 289
num of flexible agents: 45
num of flexible tasks: 0
Solving time: 0.000222011 seconds
plan limit 980
current timestep 290
num of flexible agents: 45
num of flexible tasks: 0
Solving time: 0.000237214 seconds
plan limit 980
current timestep 291
num of flexible agents: 46
num of flexible tasks: 0
Solving time: 0.000206951 seconds
plan limit 980
current timestep 292
num of flexible agents: 46
num of flexible tasks: 0
Solving time: 0.000225643 seconds
plan limit 980
current timestep 293
num of flexible agents: 46
num of flexible tasks: 0
Solving time: 0.000209826 seconds
plan limit 980
current timestep 294
num of flexible agents: 46
num of flexible tasks: 0
Solving time: 0.000254092 seconds
plan limit 980
current timestep 295
num of flexible agents: 47
num of flexible tasks: 0
Solving time: 0.0002332 seconds
plan limit 980
current timestep 296
num of flexible agents: 47
num of flexible tasks: 0
Solving time: 0.000212724 seconds
plan limit 980
current timestep 297
num of flexible agents: 47
num of flexible tasks: 0
Solving time: 0.000209051 seconds
plan limit 980
current timestep 298
num of flexible agents: 47
num of flexible tasks: 0
Solving time: 0.000241919 seconds
plan limit 980
current timestep 299
num of flexible agents: 49
num of flexible tasks: 0
Solving time: 0.000213975 seconds
plan limit 980
current timestep 300
num of flexible agents: 49
num of flexible tasks: 0
Solving time: 0.000222762 seconds
plan limit 980
current timestep 301
num of flexible agents: 49
num of flexible tasks: 0
Solving time: 0.000207437 seconds
plan limit 980
current timestep 302
num of flexible agents: 49
num of flexible tasks: 0
Solving time: 0.000215864 seconds
plan limit 980
current timestep 303
num of flexible agents: 49
num of flexible tasks: 0
Solving time: 0.0002084 seconds
plan limit 980
current timestep 304
num of flexible agents: 49
num of flexible tasks: 0
Solving time: 0.000232831 seconds
plan limit 980
current timestep 305
num of flexible agents: 49
num of flexible tasks: 0
Solving time: 0.000210169 seconds
plan limit 980
All tasks finished at timestep 306
