current timestep 0
num of flexible agents: 50
num of flexible tasks: 2
Solving time: 0.000314548 seconds
plan limit 980
current timestep 1
num of flexible agents: 50
num of flexible tasks: 4
Solving time: 0.000314807 seconds
plan limit 980
current timestep 2
num of flexible agents: 49
num of flexible tasks: 5
Solving time: 0.000263324 seconds
plan limit 980
current timestep 3
num of flexible agents: 49
num of flexible tasks: 7
Solving time: 0.000316243 seconds
plan limit 980
current timestep 4
num of flexible agents: 49
num of flexible tasks: 9
Solving time: 0.000292845 seconds
plan limit 980
current timestep 5
num of flexible agents: 49
num of flexible tasks: 11
Solving time: 0.000291385 seconds
plan limit 980
current timestep 6
num of flexible agents: 47
num of flexible tasks: 11
Solving time: 0.000298178 seconds
plan limit 980
current timestep 7
num of flexible agents: 44
num of flexible tasks: 10
Solving time: 0.000318128 seconds
plan limit 980
current timestep 8
num of flexible agents: 43
num of flexible tasks: 11
Solving time: 0.000281766 seconds
plan limit 980
current timestep 9
num of flexible agents: 41
num of flexible tasks: 11
Solving time: 0.000320589 seconds
plan limit 980
current timestep 10
num of flexible agents: 40
num of flexible tasks: 12
Solving time: 0.000308233 seconds
plan limit 980
current timestep 11
num of flexible agents: 38
num of flexible tasks: 12
Solving time: 0.000332704 seconds
plan limit 980
current timestep 12
num of flexible agents: 35
num of flexible tasks: 11
Solving time: 0.000339703 seconds
plan limit 980
current timestep 13
num of flexible agents: 35
num of flexible tasks: 13
Solving time: 0.000353993 seconds
plan limit 980
current timestep 14
num of flexible agents: 34
num of flexible tasks: 13
Solving time: 0.000358484 seconds
plan limit 980
current timestep 15
num of flexible agents: 33
num of flexible tasks: 14
Solving time: 0.000348117 seconds
plan limit 980
current timestep 16
num of flexible agents: 32
num of flexible tasks: 15
Solving time: 0.000415931 seconds
plan limit 980
current timestep 17
num of flexible agents: 31
num of flexible tasks: 16
Solving time: 0.000405694 seconds
plan limit 980
current timestep 18
num of flexible agents: 30
num of flexible tasks: 17
Solving time: 0.000384444 seconds
plan limit 980
current timestep 19
num of flexible agents: 31
num of flexible tasks: 18
Solving time: 0.000504282 seconds
plan limit 980
current timestep 20
num of flexible agents: 30
num of flexible tasks: 18
Solving time: 0.000431672 seconds
plan limit 980
current timestep 21
num of flexible agents: 27
num of flexible tasks: 17
Solving time: 0.000453209 seconds
plan limit 980
current timestep 22
num of flexible agents: 29
num of flexible tasks: 18
Solving time: 0.000360621 seconds
plan limit 980
current timestep 23
num of flexible agents: 30
num of flexible tasks: 20
Solving time: 0.000357527 seconds
plan limit 980
current timestep 24
num of flexible agents: 25
num of flexible tasks: 17
Solving time: 0.000413957 seconds
plan limit 980
current timestep 25
num of flexible agents: 27
num of flexible tasks: 19
Solving time: 0.000397652 seconds
plan limit 980
current timestep 26
num of flexible agents: 26
num of flexible tasks: 20
Solving time: 0.000426796 seconds
plan limit 980
current timestep 27
num of flexible agents: 24
num of flexible tasks: 19
Solving time: 0.000415475 seconds
plan limit 980
current timestep 28
num of flexible agents: 23
num of flexible tasks: 19
Solving time: 0.000434623 seconds
plan limit 980
current timestep 29
num of flexible agents: 25
num of flexible tasks: 20
Solving time: 0.000388499 seconds
plan limit 980
current timestep 30
num of flexible agents: 24
num of flexible tasks: 20
Solving time: 0.000461466 seconds
plan limit 980
current timestep 31
num of flexible agents: 22
num of flexible tasks: 20
Solving time: 0.000465397 seconds
plan limit 980
current timestep 32
num of flexible agents: 18
num of flexible tasks: 18
Solving time: 0.000410427 seconds
plan limit 980
current timestep 33
num of flexible agents: 17
num of flexible tasks: 19
Solving time: 0.000402527 seconds
plan limit 980
current timestep 34
num of flexible agents: 17
num of flexible tasks: 20
Solving time: 0.0004079 seconds
plan limit 980
current timestep 35
num of flexible agents: 20
num of flexible tasks: 21
Solving time: 0.000438824 seconds
plan limit 980
current timestep 36
num of flexible agents: 21
num of flexible tasks: 22
Solving time: 0.000420656 seconds
plan limit 980
current timestep 37
num of flexible agents: 22
num of flexible tasks: 23
Solving time: 0.000477162 seconds
plan limit 980
current timestep 38
num of flexible agents: 21
num of flexible tasks: 24
Solving time: 0.00045879 seconds
plan limit 980
current timestep 39
num of flexible agents: 20
num of flexible tasks: 23
Solving time: 0.00043025 seconds
plan limit 980
current timestep 40
num of flexible agents: 17
num of flexible tasks: 21
Solving time: 0.000409564 seconds
plan limit 980
current timestep 41
num of flexible agents: 20
num of flexible tasks: 22
Solving time: 0.000447296 seconds
plan limit 980
current timestep 42
num of flexible agents: 15
num of flexible tasks: 18
Solving time: 0.000403501 seconds
plan limit 980
current timestep 43
num of flexible agents: 15
num of flexible tasks: 18
Solving time: 0.000397097 seconds
plan limit 980
current timestep 44
num of flexible agents: 15
num of flexible tasks: 19
Solving time: 0.000421598 seconds
plan limit 980
current timestep 45
num of flexible agents: 16
num of flexible tasks: 19
Solving time: 0.000432251 seconds
plan limit 980
current timestep 46
num of flexible agents: 16
num of flexible tasks: 20
Solving time: 0.00037918 seconds
plan limit 980
current timestep 47
num of flexible agents: 16
num of flexible tasks: 22
Solving time: 0.000370392 seconds
plan limit 980
current timestep 48
num of flexible agents: 14
num of flexible tasks: 22
Solving time: 0.000363781 seconds
plan limit 980
current timestep 49
num of flexible agents: 15
num of flexible tasks: 22
Solving time: 0.00033639 seconds
plan limit 980
current timestep 50
num of flexible agents: 13
num of flexible tasks: 21
Solving time: 0.000318166 seconds
plan limit 980
current timestep 51
num of flexible agents: 15
num of flexible tasks: 21
Solving time: 0.000394001 seconds
plan limit 980
current timestep 52
num of flexible agents: 13
num of flexible tasks: 20
Solving time: 0.000366367 seconds
plan limit 980
current timestep 53
num of flexible agents: 12
num of flexible tasks: 19
Solving time: 0.000389452 seconds
plan limit 980
current timestep 54
num of flexible agents: 12
num of flexible tasks: 20
Solving time: 0.000407696 seconds
plan limit 980
current timestep 55
num of flexible agents: 13
num of flexible tasks: 20
Solving time: 0.000405837 seconds
plan limit 980
current timestep 56
num of flexible agents: 11
num of flexible tasks: 18
Solving time: 0.000391843 seconds
plan limit 980
current timestep 57
num of flexible agents: 12
num of flexible tasks: 18
Solving time: 0.000453394 seconds
plan limit 980
current timestep 58
num of flexible agents: 15
num of flexible tasks: 20
Solving time: 0.000411457 seconds
plan limit 980
current timestep 59
num of flexible agents: 14
num of flexible tasks: 20
Solving time: 0.000409948 seconds
plan limit 980
current timestep 60
num of flexible agents: 15
num of flexible tasks: 21
Solving time: 0.000385948 seconds
plan limit 980
current timestep 61
num of flexible agents: 11
num of flexible tasks: 19
Solving time: 0.00032604 seconds
plan limit 980
current timestep 62
num of flexible agents: 13
num of flexible tasks: 21
Solving time: 0.000382407 seconds
plan limit 980
current timestep 63
num of flexible agents: 10
num of flexible tasks: 19
Solving time: 0.000313841 seconds
plan limit 980
current timestep 64
num of flexible agents: 9
num of flexible tasks: 18
Solving time: 0.000286276 seconds
plan limit 980
current timestep 65
num of flexible agents: 7
num of flexible tasks: 18
Solving time: 0.000293014 seconds
plan limit 980
current timestep 66
num of flexible agents: 7
num of flexible tasks: 18
Solving time: 0.000306148 seconds
plan limit 980
current timestep 67
num of flexible agents: 8
num of flexible tasks: 18
Solving time: 0.00030471 seconds
plan limit 980
current timestep 68
num of flexible agents: 11
num of flexible tasks: 20
Solving time: 0.000312319 seconds
plan limit 980
current timestep 69
num of flexible agents: 9
num of flexible tasks: 17
Solving time: 0.000344361 seconds
plan limit 980
current timestep 70
num of flexible agents: 9
num of flexible tasks: 18
Solving time: 0.000309067 seconds
plan limit 980
current timestep 71
num of flexible agents: 11
num of flexible tasks: 19
Solving time: 0.000350116 seconds
plan limit 980
current timestep 72
num of flexible agents: 9
num of flexible tasks: 18
Solving time: 0.000328509 seconds
plan limit 980
current timestep 73
num of flexible agents: 10
num of flexible tasks: 19
Solving time: 0.000359462 seconds
plan limit 980
current timestep 74
num of flexible agents: 8
num of flexible tasks: 19
Solving time: 0.000280425 seconds
plan limit 980
current timestep 75
num of flexible agents: 7
num of flexible tasks: 18
Solving time: 0.000302523 seconds
plan limit 980
current timestep 76
num of flexible agents: 6
num of flexible tasks: 17
Solving time: 0.000292576 seconds
plan limit 980
current timestep 77
num of flexible agents: 7
num of flexible tasks: 18
Solving time: 0.000334472 seconds
plan limit 980
current timestep 78
num of flexible agents: 8
num of flexible tasks: 20
Solving time: 0.000356148 seconds
plan limit 980
current timestep 79
num of flexible agents: 8
num of flexible tasks: 21
Solving time: 0.000296638 seconds
plan limit 980
current timestep 80
num of flexible agents: 9
num of flexible tasks: 23
Solving time: 0.000342261 seconds
plan limit 980
current timestep 81
num of flexible agents: 11
num of flexible tasks: 24
Solving time: 0.000309154 seconds
plan limit 980
current timestep 82
num of flexible agents: 11
num of flexible tasks: 22
Solving time: 0.000322013 seconds
plan limit 980
current timestep 83
num of flexible agents: 10
num of flexible tasks: 23
Solving time: 0.000314119 seconds
plan limit 980
current timestep 84
num of flexible agents: 10
num of flexible tasks: 24
Solving time: 0.000311031 seconds
plan limit 980
current timestep 85
num of flexible agents: 13
num of flexible tasks: 25
Solving time: 0.000397564 seconds
plan limit 980
current timestep 86
num of flexible agents: 14
num of flexible tasks: 26
Solving time: 0.000332489 seconds
plan limit 980
current timestep 87
num of flexible agents: 13
num of flexible tasks: 25
Solving time: 0.000362663 seconds
plan limit 980
current timestep 88
num of flexible agents: 13
num of flexible tasks: 25
Solving time: 0.000346538 seconds
plan limit 980
current timestep 89
num of flexible agents: 14
num of flexible tasks: 24
Solving time: 0.00036854 seconds
plan limit 980
current timestep 90
num of flexible agents: 13
num of flexible tasks: 24
Solving time: 0.000337564 seconds
plan limit 980
current timestep 91
num of flexible agents: 13
num of flexible tasks: 25
Solving time: 0.000352799 seconds
plan limit 980
current timestep 92
num of flexible agents: 12
num of flexible tasks: 24
Solving time: 0.000336558 seconds
plan limit 980
current timestep 93
num of flexible agents: 10
num of flexible tasks: 23
Solving time: 0.000319848 seconds
plan limit 980
current timestep 94
num of flexible agents: 9
num of flexible tasks: 22
Solving time: 0.000357982 seconds
plan limit 980
current timestep 95
num of flexible agents: 8
num of flexible tasks: 22
Solving time: 0.000331399 seconds
plan limit 980
current timestep 96
num of flexible agents: 11
num of flexible tasks: 23
Solving time: 0.000333381 seconds
plan limit 980
current timestep 97
num of flexible agents: 10
num of flexible tasks: 22
Solving time: 0.000326288 seconds
plan limit 980
current timestep 98
num of flexible agents: 13
num of flexible tasks: 24
Solving time: 0.000371581 seconds
plan limit 980
current timestep 99
num of flexible agents: 14
num of flexible tasks: 25
Solving time: 0.000368326 seconds
plan limit 980
current timestep 100
num of flexible agents: 14
num of flexible tasks: 24
Solving time: 0.000356944 seconds
plan limit 980
current timestep 101
num of flexible agents: 13
num of flexible tasks: 24
Solving time: 0.000347281 seconds
plan limit 980
current timestep 102
num of flexible agents: 15
num of flexible tasks: 24
Solving time: 0.000380074 seconds
plan limit 980
current timestep 103
num of flexible agents: 10
num of flexible tasks: 21
Solving time: 0.000388543 seconds
plan limit 980
current timestep 104
num of flexible agents: 12
num of flexible tasks: 23
Solving time: 0.000350665 seconds
plan limit 980
current timestep 105
num of flexible agents: 13
num of flexible tasks: 22
Solving time: 0.00037594 seconds
plan limit 980
current timestep 106
num of flexible agents: 15
num of flexible tasks: 23
Solving time: 0.000363609 seconds
plan limit 980
current timestep 107
num of flexible agents: 15
num of flexible tasks: 24
Solving time: 0.000392431 seconds
plan limit 980
current timestep 108
num of flexible agents: 14
num of flexible tasks: 25
Solving time: 0.000424385 seconds
plan limit 980
current timestep 109
num of flexible agents: 16
num of flexible tasks: 25
Solving time: 0.000366477 seconds
plan limit 980
current timestep 110
num of flexible agents: 13
num of flexible tasks: 23
Solving time: 0.000372024 seconds
plan limit 980
current timestep 111
num of flexible agents: 12
num of flexible tasks: 22
Solving time: 0.000362842 seconds
plan limit 980
current timestep 112
num of flexible agents: 12
num of flexible tasks: 23
Solving time: 0.000415655 seconds
plan limit 980
current timestep 113
num of flexible agents: 13
num of flexible tasks: 24
Solving time: 0.000350557 seconds
plan limit 980
current timestep 114
num of flexible agents: 13
num of flexible tasks: 24
Solving time: 0.000361556 seconds
plan limit 980
current timestep 115
num of flexible agents: 13
num of flexible tasks: 24
Solving time: 0.000359783 seconds
plan limit 980
current timestep 116
num of flexible agents: 14
num of flexible tasks: 25
Solving time: 0.000366814 seconds
plan limit 980
current timestep 117
num of flexible agents: 13
num of flexible tasks: 25
Solving time: 0.000389728 seconds
plan limit 980
current timestep 118
num of flexible agents: 14
num of flexible tasks: 26
Solving time: 0.000359381 seconds
plan limit 980
current timestep 119
num of flexible agents: 13
num of flexible tasks: 26
Solving time: 0.000354885 seconds
plan limit 980
current timestep 120
num of flexible agents: 13
num of flexible tasks: 27
Solving time: 0.000366632 seconds
plan limit 980
current timestep 121
num of flexible agents: 14
num of flexible tasks: 26
Solving time: 0.000367978 seconds
plan limit 980
current timestep 122
num of flexible agents: 11
num of flexible tasks: 25
Solving time: 0.000333728 seconds
plan limit 980
current timestep 123
num of flexible agents: 12
num of flexible tasks: 26
Solving time: 0.000328569 seconds
plan limit 980
current timestep 124
num of flexible agents: 8
num of flexible tasks: 24
Solving time: 0.000339373 seconds
plan limit 980
current timestep 125
num of flexible agents: 9
num of flexible tasks: 24
Solving time: 0.000367903 seconds
plan limit 980
current timestep 126
num of flexible agents: 6
num of flexible tasks: 22
Solving time: 0.000417706 seconds
plan limit 980
current timestep 127
num of flexible agents: 8
num of flexible tasks: 24
Solving time: 0.000350847 seconds
plan limit 980
current timestep 128
num of flexible agents: 10
num of flexible tasks: 25
Solving time: 0.000375656 seconds
plan limit 980
current timestep 129
num of flexible agents: 12
num of flexible tasks: 26
Solving time: 0.000348122 seconds
plan limit 980
current timestep 130
num of flexible agents: 7
num of flexible tasks: 23
Solving time: 0.000311554 seconds
plan limit 980
current timestep 131
num of flexible agents: 8
num of flexible tasks: 24
Solving time: 0.000356132 seconds
plan limit 980
current timestep 132
num of flexible agents: 7
num of flexible tasks: 25
Solving time: 0.000297056 seconds
plan limit 980
current timestep 133
num of flexible agents: 7
num of flexible tasks: 25
Solving time: 0.000332895 seconds
plan limit 980
current timestep 134
num of flexible agents: 6
num of flexible tasks: 26
Solving time: 0.000328124 seconds
plan limit 980
current timestep 135
num of flexible agents: 8
num of flexible tasks: 28
Solving time: 0.00033055 seconds
plan limit 980
current timestep 136
num of flexible agents: 8
num of flexible tasks: 28
Solving time: 0.000323707 seconds
plan limit 980
current timestep 137
num of flexible agents: 6
num of flexible tasks: 27
Solving time: 0.000303731 seconds
plan limit 980
current timestep 138
num of flexible agents: 9
num of flexible tasks: 27
Solving time: 0.000296015 seconds
plan limit 980
current timestep 139
num of flexible agents: 12
num of flexible tasks: 27
Solving time: 0.000364206 seconds
plan limit 980
current timestep 140
num of flexible agents: 10
num of flexible tasks: 26
Solving time: 0.00036444 seconds
plan limit 980
current timestep 141
num of flexible agents: 9
num of flexible tasks: 26
Solving time: 0.000325235 seconds
plan limit 980
current timestep 142
num of flexible agents: 12
num of flexible tasks: 28
Solving time: 0.000412156 seconds
plan limit 980
current timestep 143
num of flexible agents: 13
num of flexible tasks: 28
Solving time: 0.000344085 seconds
plan limit 980
current timestep 144
num of flexible agents: 12
num of flexible tasks: 27
Solving time: 0.00033499 seconds
plan limit 980
current timestep 145
num of flexible agents: 12
num of flexible tasks: 26
Solving time: 0.000381978 seconds
plan limit 980
current timestep 146
num of flexible agents: 13
num of flexible tasks: 27
Solving time: 0.000320763 seconds
plan limit 980
current timestep 147
num of flexible agents: 13
num of flexible tasks: 28
Solving time: 0.000302809 seconds
plan limit 980
current timestep 148
num of flexible agents: 12
num of flexible tasks: 28
Solving time: 0.000321794 seconds
plan limit 980
current timestep 149
num of flexible agents: 12
num of flexible tasks: 27
Solving time: 0.000257356 seconds
plan limit 980
current timestep 150
num of flexible agents: 12
num of flexible tasks: 26
Solving time: 0.000337076 seconds
plan limit 980
current timestep 151
num of flexible agents: 10
num of flexible tasks: 26
Solving time: 0.000319942 seconds
plan limit 980
current timestep 152
num of flexible agents: 10
num of flexible tasks: 26
Solving time: 0.000295982 seconds
plan limit 980
current timestep 153
num of flexible agents: 6
num of flexible tasks: 24
Solving time: 0.000326554 seconds
plan limit 980
current timestep 154
num of flexible agents: 6
num of flexible tasks: 25
Solving time: 0.000310921 seconds
plan limit 980
current timestep 155
num of flexible agents: 8
num of flexible tasks: 25
Solving time: 0.000303382 seconds
plan limit 980
current timestep 156
num of flexible agents: 8
num of flexible tasks: 24
Solving time: 0.00033744 seconds
plan limit 980
current timestep 157
num of flexible agents: 9
num of flexible tasks: 25
Solving time: 0.000343973 seconds
plan limit 980
current timestep 158
num of flexible agents: 10
num of flexible tasks: 27
Solving time: 0.000337091 seconds
plan limit 980
current timestep 159
num of flexible agents: 9
num of flexible tasks: 28
Solving time: 0.000366602 seconds
plan limit 980
current timestep 160
num of flexible agents: 11
num of flexible tasks: 30
Solving time: 0.000337778 seconds
plan limit 980
current timestep 161
num of flexible agents: 11
num of flexible tasks: 31
Solving time: 0.000340211 seconds
plan limit 980
current timestep 162
num of flexible agents: 14
num of flexible tasks: 33
Solving time: 0.000368527 seconds
plan limit 980
current timestep 163
num of flexible agents: 14
num of flexible tasks: 33
Solving time: 0.000353427 seconds
plan limit 980
current timestep 164
num of flexible agents: 13
num of flexible tasks: 32
Solving time: 0.000325889 seconds
plan limit 980
current timestep 165
num of flexible agents: 9
num of flexible tasks: 29
Solving time: 0.000329518 seconds
plan limit 980
current timestep 166
num of flexible agents: 9
num of flexible tasks: 28
Solving time: 0.000323512 seconds
plan limit 980
current timestep 167
num of flexible agents: 12
num of flexible tasks: 30
Solving time: 0.000348789 seconds
plan limit 980
current timestep 168
num of flexible agents: 13
num of flexible tasks: 30
Solving time: 0.000331203 seconds
plan limit 980
current timestep 169
num of flexible agents: 12
num of flexible tasks: 29
Solving time: 0.000300212 seconds
plan limit 980
current timestep 170
num of flexible agents: 10
num of flexible tasks: 25
Solving time: 0.000329093 seconds
plan limit 980
current timestep 171
num of flexible agents: 8
num of flexible tasks: 24
Solving time: 0.000311818 seconds
plan limit 980
current timestep 172
num of flexible agents: 7
num of flexible tasks: 24
Solving time: 0.000356785 seconds
plan limit 980
current timestep 173
num of flexible agents: 10
num of flexible tasks: 26
Solving time: 0.000353455 seconds
plan limit 980
current timestep 174
num of flexible agents: 13
num of flexible tasks: 28
Solving time: 0.000344533 seconds
plan limit 980
current timestep 175
num of flexible agents: 16
num of flexible tasks: 28
Solving time: 0.000344453 seconds
plan limit 980
current timestep 176
num of flexible agents: 13
num of flexible tasks: 26
Solving time: 0.000351228 seconds
plan limit 980
current timestep 177
num of flexible agents: 9
num of flexible tasks: 21
Solving time: 0.000317601 seconds
plan limit 980
current timestep 178
num of flexible agents: 11
num of flexible tasks: 21
Solving time: 0.000358756 seconds
plan limit 980
current timestep 179
num of flexible agents: 11
num of flexible tasks: 20
Solving time: 0.000336651 seconds
plan limit 980
current timestep 180
num of flexible agents: 8
num of flexible tasks: 19
Solving time: 0.000377401 seconds
plan limit 980
current timestep 181
num of flexible agents: 7
num of flexible tasks: 19
Solving time: 0.000392974 seconds
plan limit 980
current timestep 182
num of flexible agents: 8
num of flexible tasks: 20
Solving time: 0.000356017 seconds
plan limit 980
current timestep 183
num of flexible agents: 8
num of flexible tasks: 20
Solving time: 0.000305537 seconds
plan limit 980
current timestep 184
num of flexible agents: 7
num of flexible tasks: 21
Solving time: 0.000338968 seconds
plan limit 980
current timestep 185
num of flexible agents: 9
num of flexible tasks: 23
Solving time: 0.000338754 seconds
plan limit 980
current timestep 186
num of flexible agents: 10
num of flexible tasks: 24
Solving time: 0.000318487 seconds
plan limit 980
current timestep 187
num of flexible agents: 13
num of flexible tasks: 26
Solving time: 0.000324009 seconds
plan limit 980
current timestep 188
num of flexible agents: 14
num of flexible tasks: 26
Solving time: 0.000383321 seconds
plan limit 980
current timestep 189
num of flexible agents: 12
num of flexible tasks: 26
Solving time: 0.000335549 seconds
plan limit 980
current timestep 190
num of flexible agents: 14
num of flexible tasks: 28
Solving time: 0.000343795 seconds
plan limit 980
current timestep 191
num of flexible agents: 11
num of flexible tasks: 26
Solving time: 0.000342629 seconds
plan limit 980
current timestep 192
num of flexible agents: 11
num of flexible tasks: 26
Solving time: 0.000362328 seconds
plan limit 980
current timestep 193
num of flexible agents: 12
num of flexible tasks: 28
Solving time: 0.000330876 seconds
plan limit 980
current timestep 194
num of flexible agents: 14
num of flexible tasks: 30
Solving time: 0.000346378 seconds
plan limit 980
current timestep 195
num of flexible agents: 13
num of flexible tasks: 28
Solving time: 0.000349337 seconds
plan limit 980
current timestep 196
num of flexible agents: 10
num of flexible tasks: 26
Solving time: 0.000318361 seconds
plan limit 980
current timestep 197
num of flexible agents: 9
num of flexible tasks: 26
Solving time: 0.000338625 seconds
plan limit 980
current timestep 198
num of flexible agents: 10
num of flexible tasks: 26
Solving time: 0.000342246 seconds
plan limit 980
current timestep 199
num of flexible agents: 11
num of flexible tasks: 27
Solving time: 0.000387168 seconds
plan limit 980
current timestep 200
num of flexible agents: 10
num of flexible tasks: 27
Solving time: 0.000355802 seconds
plan limit 980
current timestep 201
num of flexible agents: 11
num of flexible tasks: 28
Solving time: 0.000322055 seconds
plan limit 980
current timestep 202
num of flexible agents: 7
num of flexible tasks: 26
Solving time: 0.000310921 seconds
plan limit 980
current timestep 203
num of flexible agents: 7
num of flexible tasks: 28
Solving time: 0.000326951 seconds
plan limit 980
current timestep 204
num of flexible agents: 4
num of flexible tasks: 27
Solving time: 0.00027881 seconds
plan limit 980
current timestep 205
num of flexible agents: 6
num of flexible tasks: 28
Solving time: 0.000347867 seconds
plan limit 980
current timestep 206
num of flexible agents: 8
num of flexible tasks: 30
Solving time: 0.00032807 seconds
plan limit 980
current timestep 207
num of flexible agents: 10
num of flexible tasks: 32
Solving time: 0.000341527 seconds
plan limit 980
current timestep 208
num of flexible agents: 8
num of flexible tasks: 31
Solving time: 0.000348076 seconds
plan limit 980
current timestep 209
num of flexible agents: 9
num of flexible tasks: 30
Solving time: 0.000309861 seconds
plan limit 980
current timestep 210
num of flexible agents: 11
num of flexible tasks: 31
Solving time: 0.00032853 seconds
plan limit 980
current timestep 211
num of flexible agents: 8
num of flexible tasks: 30
Solving time: 0.000328689 seconds
plan limit 980
current timestep 212
num of flexible agents: 7
num of flexible tasks: 29
Solving time: 0.00030217 seconds
plan limit 980
current timestep 213
num of flexible agents: 8
num of flexible tasks: 31
Solving time: 0.000289871 seconds
plan limit 980
current timestep 214
num of flexible agents: 6
num of flexible tasks: 31
Solving time: 0.000283267 seconds
plan limit 980
current timestep 215
num of flexible agents: 8
num of flexible tasks: 33
Solving time: 0.000273205 seconds
plan limit 980
current timestep 216
num of flexible agents: 12
num of flexible tasks: 34
Solving time: 0.000322428 seconds
plan limit 980
current timestep 217
num of flexible agents: 10
num of flexible tasks: 32
Solving time: 0.000363305 seconds
plan limit 980
current timestep 218
num of flexible agents: 13
num of flexible tasks: 33
Solving time: 0.000410886 seconds
plan limit 980
current timestep 219
num of flexible agents: 12
num of flexible tasks: 34
Solving time: 0.000308941 seconds
plan limit 980
current timestep 220
num of flexible agents: 13
num of flexible tasks: 34
Solving time: 0.000359991 seconds
plan limit 980
current timestep 221
num of flexible agents: 11
num of flexible tasks: 32
Solving time: 0.000332972 seconds
plan limit 980
current timestep 222
num of flexible agents: 11
num of flexible tasks: 31
Solving time: 0.000350648 seconds
plan limit 980
current timestep 223
num of flexible agents: 13
num of flexible tasks: 33
Solving time: 0.000327057 seconds
plan limit 980
current timestep 224
num of flexible agents: 14
num of flexible tasks: 34
Solving time: 0.000366994 seconds
plan limit 980
current timestep 225
num of flexible agents: 12
num of flexible tasks: 32
Solving time: 0.000356954 seconds
plan limit 980
current timestep 226
num of flexible agents: 11
num of flexible tasks: 32
Solving time: 0.00039874 seconds
plan limit 980
current timestep 227
num of flexible agents: 12
num of flexible tasks: 32
Solving time: 0.000421394 seconds
plan limit 980
current timestep 228
num of flexible agents: 10
num of flexible tasks: 32
Solving time: 0.000325637 seconds
plan limit 980
current timestep 229
num of flexible agents: 10
num of flexible tasks: 33
Solving time: 0.000353749 seconds
plan limit 980
current timestep 230
num of flexible agents: 10
num of flexible tasks: 33
Solving time: 0.000297113 seconds
plan limit 980
current timestep 231
num of flexible agents: 7
num of flexible tasks: 32
Solving time: 0.000322274 seconds
plan limit 980
current timestep 232
num of flexible agents: 8
num of flexible tasks: 34
Solving time: 0.000290406 seconds
plan limit 980
current timestep 233
num of flexible agents: 12
num of flexible tasks: 35
Solving time: 0.000330644 seconds
plan limit 980
current timestep 234
num of flexible agents: 13
num of flexible tasks: 35
Solving time: 0.000346482 seconds
plan limit 980
current timestep 235
num of flexible agents: 10
num of flexible tasks: 33
Solving time: 0.000340931 seconds
plan limit 980
current timestep 236
num of flexible agents: 8
num of flexible tasks: 31
Solving time: 0.000304895 seconds
plan limit 980
current timestep 237
num of flexible agents: 11
num of flexible tasks: 31
Solving time: 0.000328001 seconds
plan limit 980
current timestep 238
num of flexible agents: 14
num of flexible tasks: 32
Solving time: 0.000360832 seconds
plan limit 980
current timestep 239
num of flexible agents: 14
num of flexible tasks: 32
Solving time: 0.000328761 seconds
plan limit 980
current timestep 240
num of flexible agents: 11
num of flexible tasks: 30
Solving time: 0.000353177 seconds
plan limit 980
current timestep 241
num of flexible agents: 10
num of flexible tasks: 28
Solving time: 0.000357452 seconds
plan limit 980
current timestep 242
num of flexible agents: 10
num of flexible tasks: 29
Solving time: 0.000328571 seconds
plan limit 980
current timestep 243
num of flexible agents: 11
num of flexible tasks: 29
Solving time: 0.000346329 seconds
plan limit 980
current timestep 244
num of flexible agents: 8
num of flexible tasks: 28
Solving time: 0.00034545 seconds
plan limit 980
current timestep 245
num of flexible agents: 6
num of flexible tasks: 28
Solving time: 0.00035554 seconds
plan limit 980
current timestep 246
num of flexible agents: 7
num of flexible tasks: 30
Solving time: 0.000317169 seconds
plan limit 980
current timestep 247
num of flexible agents: 7
num of flexible tasks: 31
Solving time: 0.000334062 seconds
plan limit 980
current timestep 248
num of flexible agents: 11
num of flexible tasks: 33
Solving time: 0.000330909 seconds
plan limit 980
current timestep 249
num of flexible agents: 10
num of flexible tasks: 33
Solving time: 0.000339346 seconds
plan limit 980
current timestep 250
num of flexible agents: 10
num of flexible tasks: 30
Solving time: 0.000363971 seconds
plan limit 980
current timestep 251
num of flexible agents: 9
num of flexible tasks: 28
Solving time: 0.000322696 seconds
plan limit 980
current timestep 252
num of flexible agents: 11
num of flexible tasks: 27
Solving time: 0.000349263 seconds
plan limit 980
current timestep 253
num of flexible agents: 8
num of flexible tasks: 24
Solving time: 0.000346041 seconds
plan limit 980
current timestep 254
num of flexible agents: 7
num of flexible tasks: 21
Solving time: 0.00035807 seconds
plan limit 980
current timestep 255
num of flexible agents: 7
num of flexible tasks: 19
Solving time: 0.000363436 seconds
plan limit 980
current timestep 256
num of flexible agents: 7
num of flexible tasks: 17
Solving time: 0.000398215 seconds
plan limit 980
current timestep 257
num of flexible agents: 7
num of flexible tasks: 17
Solving time: 0.000410554 seconds
plan limit 980
current timestep 258
num of flexible agents: 7
num of flexible tasks: 16
Solving time: 0.000391186 seconds
plan limit 980
current timestep 259
num of flexible agents: 9
num of flexible tasks: 16
Solving time: 0.000463891 seconds
plan limit 980
current timestep 260
num of flexible agents: 9
num of flexible tasks: 16
Solving time: 0.000410633 seconds
plan limit 980
current timestep 261
num of flexible agents: 10
num of flexible tasks: 16
Solving time: 0.000465059 seconds
plan limit 980
current timestep 262
num of flexible agents: 14
num of flexible tasks: 14
Solving time: 0.000424576 seconds
plan limit 980
current timestep 263
num of flexible agents: 15
num of flexible tasks: 14
Solving time: 0.000437104 seconds
plan limit 980
current timestep 264
num of flexible agents: 19
num of flexible tasks: 14
Solving time: 0.000391606 seconds
plan limit 980
current timestep 265
num of flexible agents: 20
num of flexible tasks: 12
Solving time: 0.000342653 seconds
plan limit 980
current timestep 266
num of flexible agents: 22
num of flexible tasks: 12
Solving time: 0.000314837 seconds
plan limit 980
current timestep 267
num of flexible agents: 22
num of flexible tasks: 9
Solving time: 0.000319113 seconds
plan limit 980
current timestep 268
num of flexible agents: 23
num of flexible tasks: 9
Solving time: 0.000300759 seconds
plan limit 980
current timestep 269
num of flexible agents: 23
num of flexible tasks: 8
Solving time: 0.000284472 seconds
plan limit 980
current timestep 270
num of flexible agents: 22
num of flexible tasks: 6
Solving time: 0.000307959 seconds
plan limit 980
current timestep 271
num of flexible agents: 23
num of flexible tasks: 6
Solving time: 0.000254542 seconds
plan limit 980
current timestep 272
num of flexible agents: 23
num of flexible tasks: 5
Solving time: 0.000267935 seconds
plan limit 980
current timestep 273
num of flexible agents: 24
num of flexible tasks: 4
Solving time: 0.000238948 seconds
plan limit 980
current timestep 274
num of flexible agents: 24
num of flexible tasks: 3
Solving time: 0.000260256 seconds
plan limit 980
current timestep 275
num of flexible agents: 25
num of flexible tasks: 2
Solving time: 0.000233758 seconds
plan limit 980
current timestep 276
num of flexible agents: 25
num of flexible tasks: 1
Solving time: 0.00025842 seconds
plan limit 980
current timestep 277
num of flexible agents: 26
num of flexible tasks: 1
Solving time: 0.000264757 seconds
plan limit 980
current timestep 278
num of flexible agents: 30
num of flexible tasks: 1
Solving time: 0.00022793 seconds
plan limit 980
current timestep 279
num of flexible agents: 31
num of flexible tasks: 0
Solving time: 0.000231545 seconds
plan limit 980
current timestep 280
num of flexible agents: 32
num of flexible tasks: 0
Solving time: 0.000218954 seconds
plan limit 980
current timestep 281
num of flexible agents: 32
num of flexible tasks: 0
Solving time: 0.000233955 seconds
plan limit 980
current timestep 282
num of flexible agents: 33
num of flexible tasks: 0
Solving time: 0.000216187 seconds
plan limit 980
current timestep 283
num of flexible agents: 33
num of flexible tasks: 0
Solving time: 0.000222785 seconds
plan limit 980
current timestep 284
num of flexible agents: 35
num of flexible tasks: 0
Solving time: 0.000210432 seconds
plan limit 980
current timestep 285
num of flexible agents: 35
num of flexible tasks: 0
Solving time: 0.000218004 seconds
plan limit 980
current timestep 286
num of flexible agents: 36
num of flexible tasks: 0
Solving time: 0.000247474 seconds
plan limit 980
current timestep 287
num of flexible agents: 38
num of flexible tasks: 0
Solving time: 0.000228226 seconds
plan limit 980
current timestep 288
num of flexible agents: 40
num of flexible tasks: 0
Solving time: 0.000214559 seconds
plan limit 980
current timestep 289
num of flexible agents: 41
num of flexible tasks: 0
Solving time: 0.000245075 seconds
plan limit 980
current timestep 290
num of flexible agents: 41
num of flexible tasks: 0
Solving time: 0.000252564 seconds
plan limit 980
current timestep 291
num of flexible agents: 41
num of flexible tasks: 0
Solving time: 0.000227868 seconds
plan limit 980
current timestep 292
num of flexible agents: 42
num of flexible tasks: 0
Solving time: 0.000241977 seconds
plan limit 980
current timestep 293
num of flexible agents: 43
num of flexible tasks: 0
Solving time: 0.000226768 seconds
plan limit 980
current timestep 294
num of flexible agents: 44
num of flexible tasks: 0
Solving time: 0.000210867 seconds
plan limit 980
current timestep 295
num of flexible agents: 44
num of flexible tasks: 0
Solving time: 0.000226547 seconds
plan limit 980
current timestep 296
num of flexible agents: 45
num of flexible tasks: 0
Solving time: 0.000225541 seconds
plan limit 980
current timestep 297
num of flexible agents: 45
num of flexible tasks: 0
Solving time: 0.000230686 seconds
plan limit 980
current timestep 298
num of flexible agents: 46
num of flexible tasks: 0
Solving time: 0.000220692 seconds
plan limit 980
current timestep 299
num of flexible agents: 46
num of flexible tasks: 0
Solving time: 0.00022926 seconds
plan limit 980
current timestep 300
num of flexible agents: 46
num of flexible tasks: 0
Solving time: 0.000244914 seconds
plan limit 980
current timestep 301
num of flexible agents: 46
num of flexible tasks: 0
Solving time: 0.000257237 seconds
plan limit 980
current timestep 302
num of flexible agents: 46
num of flexible tasks: 0
Solving time: 0.00022847 seconds
plan limit 980
current timestep 303
num of flexible agents: 46
num of flexible tasks: 0
Solving time: 0.000252223 seconds
plan limit 980
current timestep 304
num of flexible agents: 48
num of flexible tasks: 0
Solving time: 0.000220404 seconds
plan limit 980
current timestep 305
num of flexible agents: 48
num of flexible tasks: 0
Solving time: 0.000240553 seconds
plan limit 980
current timestep 306
num of flexible agents: 49
num of flexible tasks: 0
Solving time: 0.000243273 seconds
plan limit 980
current timestep 307
num of flexible agents: 49
num of flexible tasks: 0
Solving time: 0.000239792 seconds
plan limit 980
current timestep 308
num of flexible agents: 49
num of flexible tasks: 0
Solving time: 0.000230839 seconds
plan limit 980
current timestep 309
num of flexible agents: 49
num of flexible tasks: 0
Solving time: 0.000243449 seconds
plan limit 980
current timestep 310
num of flexible agents: 49
num of flexible tasks: 0
Solving time: 0.000220417 seconds
plan limit 980
All tasks finished at timestep 311
