current timestep 0
num of flexible agents: 80
num of flexible tasks: 2
Solving time: 0.000325698 seconds
plan limit 980
current timestep 1
num of flexible agents: 80
num of flexible tasks: 4
Solving time: 0.000331338 seconds
plan limit 980
current timestep 2
num of flexible agents: 80
num of flexible tasks: 6
Solving time: 0.000314459 seconds
plan limit 980
current timestep 3
num of flexible agents: 79
num of flexible tasks: 7
Solving time: 0.000257094 seconds
plan limit 980
current timestep 4
num of flexible agents: 78
num of flexible tasks: 8
Solving time: 0.000289837 seconds
plan limit 980
current timestep 5
num of flexible agents: 78
num of flexible tasks: 10
Solving time: 0.000280638 seconds
plan limit 980
current timestep 6
num of flexible agents: 77
num of flexible tasks: 11
Solving time: 0.000288744 seconds
plan limit 980
current timestep 7
num of flexible agents: 73
num of flexible tasks: 9
Solving time: 0.000344416 seconds
plan limit 980
current timestep 8
num of flexible agents: 73
num of flexible tasks: 10
Solving time: 0.000298087 seconds
plan limit 980
current timestep 9
num of flexible agents: 71
num of flexible tasks: 10
Solving time: 0.000362435 seconds
plan limit 980
current timestep 10
num of flexible agents: 70
num of flexible tasks: 11
Solving time: 0.000340523 seconds
plan limit 980
current timestep 11
num of flexible agents: 68
num of flexible tasks: 11
Solving time: 0.000295963 seconds
plan limit 980
current timestep 12
num of flexible agents: 66
num of flexible tasks: 11
Solving time: 0.000293596 seconds
plan limit 980
current timestep 13
num of flexible agents: 65
num of flexible tasks: 11
Solving time: 0.000318748 seconds
plan limit 980
current timestep 14
num of flexible agents: 63
num of flexible tasks: 11
Solving time: 0.000322408 seconds
plan limit 980
current timestep 15
num of flexible agents: 59
num of flexible tasks: 9
Solving time: 0.000287307 seconds
plan limit 980
current timestep 16
num of flexible agents: 61
num of flexible tasks: 10
Solving time: 0.00030847 seconds
plan limit 980
current timestep 17
num of flexible agents: 61
num of flexible tasks: 12
Solving time: 0.000315937 seconds
plan limit 980
current timestep 18
num of flexible agents: 59
num of flexible tasks: 12
Solving time: 0.000320985 seconds
plan limit 980
current timestep 19
num of flexible agents: 55
num of flexible tasks: 10
Solving time: 0.000352466 seconds
plan limit 980
current timestep 20
num of flexible agents: 53
num of flexible tasks: 10
Solving time: 0.000354274 seconds
plan limit 980
current timestep 21
num of flexible agents: 53
num of flexible tasks: 10
Solving time: 0.000291395 seconds
plan limit 980
current timestep 22
num of flexible agents: 51
num of flexible tasks: 8
Solving time: 0.000323113 seconds
plan limit 980
current timestep 23
num of flexible agents: 51
num of flexible tasks: 9
Solving time: 0.000296602 seconds
plan limit 980
current timestep 24
num of flexible agents: 50
num of flexible tasks: 9
Solving time: 0.000271154 seconds
plan limit 980
current timestep 25
num of flexible agents: 51
num of flexible tasks: 11
Solving time: 0.000343378 seconds
plan limit 980
current timestep 26
num of flexible agents: 51
num of flexible tasks: 13
Solving time: 0.000327616 seconds
plan limit 980
current timestep 27
num of flexible agents: 49
num of flexible tasks: 12
Solving time: 0.000354571 seconds
plan limit 980
current timestep 28
num of flexible agents: 52
num of flexible tasks: 14
Solving time: 0.000327292 seconds
plan limit 980
current timestep 29
num of flexible agents: 51
num of flexible tasks: 14
Solving time: 0.000347582 seconds
plan limit 980
current timestep 30
num of flexible agents: 52
num of flexible tasks: 16
Solving time: 0.000295982 seconds
plan limit 980
current timestep 31
num of flexible agents: 53
num of flexible tasks: 17
Solving time: 0.000309291 seconds
plan limit 980
current timestep 32
num of flexible agents: 52
num of flexible tasks: 16
Solving time: 0.000323601 seconds
plan limit 980
current timestep 33
num of flexible agents: 53
num of flexible tasks: 17
Solving time: 0.000348933 seconds
plan limit 980
current timestep 34
num of flexible agents: 52
num of flexible tasks: 15
Solving time: 0.000340435 seconds
plan limit 980
current timestep 35
num of flexible agents: 52
num of flexible tasks: 15
Solving time: 0.000325173 seconds
plan limit 980
current timestep 36
num of flexible agents: 50
num of flexible tasks: 14
Solving time: 0.0003458 seconds
plan limit 980
current timestep 37
num of flexible agents: 47
num of flexible tasks: 12
Solving time: 0.000291652 seconds
plan limit 980
current timestep 38
num of flexible agents: 48
num of flexible tasks: 13
Solving time: 0.000302221 seconds
plan limit 980
current timestep 39
num of flexible agents: 46
num of flexible tasks: 12
Solving time: 0.000266359 seconds
plan limit 980
current timestep 40
num of flexible agents: 45
num of flexible tasks: 12
Solving time: 0.000268513 seconds
plan limit 980
current timestep 41
num of flexible agents: 42
num of flexible tasks: 9
Solving time: 0.000282737 seconds
plan limit 980
current timestep 42
num of flexible agents: 46
num of flexible tasks: 11
Solving time: 0.000253638 seconds
plan limit 980
current timestep 43
num of flexible agents: 43
num of flexible tasks: 8
Solving time: 0.000312468 seconds
plan limit 980
current timestep 44
num of flexible agents: 43
num of flexible tasks: 9
Solving time: 0.000284066 seconds
plan limit 980
current timestep 45
num of flexible agents: 41
num of flexible tasks: 8
Solving time: 0.000262778 seconds
plan limit 980
current timestep 46
num of flexible agents: 41
num of flexible tasks: 8
Solving time: 0.000234163 seconds
plan limit 980
current timestep 47
num of flexible agents: 41
num of flexible tasks: 9
Solving time: 0.000257235 seconds
plan limit 980
current timestep 48
num of flexible agents: 42
num of flexible tasks: 9
Solving time: 0.000257133 seconds
plan limit 980
current timestep 49
num of flexible agents: 40
num of flexible tasks: 8
Solving time: 0.000286111 seconds
plan limit 980
current timestep 50
num of flexible agents: 40
num of flexible tasks: 9
Solving time: 0.00027481 seconds
plan limit 980
current timestep 51
num of flexible agents: 39
num of flexible tasks: 9
Solving time: 0.000267194 seconds
plan limit 980
current timestep 52
num of flexible agents: 41
num of flexible tasks: 10
Solving time: 0.000298735 seconds
plan limit 980
current timestep 53
num of flexible agents: 41
num of flexible tasks: 10
Solving time: 0.000263626 seconds
plan limit 980
current timestep 54
num of flexible agents: 40
num of flexible tasks: 9
Solving time: 0.000283996 seconds
plan limit 980
current timestep 55
num of flexible agents: 43
num of flexible tasks: 10
Solving time: 0.000282889 seconds
plan limit 980
current timestep 56
num of flexible agents: 42
num of flexible tasks: 10
Solving time: 0.000304347 seconds
plan limit 980
current timestep 57
num of flexible agents: 40
num of flexible tasks: 10
Solving time: 0.0002663 seconds
plan limit 980
current timestep 58
num of flexible agents: 48
num of flexible tasks: 12
Solving time: 0.000267164 seconds
plan limit 980
current timestep 59
num of flexible agents: 47
num of flexible tasks: 13
Solving time: 0.000294263 seconds
plan limit 980
current timestep 60
num of flexible agents: 46
num of flexible tasks: 13
Solving time: 0.000291766 seconds
plan limit 980
current timestep 61
num of flexible agents: 45
num of flexible tasks: 13
Solving time: 0.000344938 seconds
plan limit 980
current timestep 62
num of flexible agents: 45
num of flexible tasks: 13
Solving time: 0.000353868 seconds
plan limit 980
current timestep 63
num of flexible agents: 43
num of flexible tasks: 12
Solving time: 0.00029061 seconds
plan limit 980
current timestep 64
num of flexible agents: 40
num of flexible tasks: 10
Solving time: 0.00025709 seconds
plan limit 980
current timestep 65
num of flexible agents: 42
num of flexible tasks: 12
Solving time: 0.000276416 seconds
plan limit 980
current timestep 66
num of flexible agents: 38
num of flexible tasks: 10
Solving time: 0.000270872 seconds
plan limit 980
current timestep 67
num of flexible agents: 37
num of flexible tasks: 10
Solving time: 0.000297839 seconds
plan limit 980
current timestep 68
num of flexible agents: 35
num of flexible tasks: 9
Solving time: 0.000274655 seconds
plan limit 980
current timestep 69
num of flexible agents: 33
num of flexible tasks: 9
Solving time: 0.000264181 seconds
plan limit 980
current timestep 70
num of flexible agents: 34
num of flexible tasks: 11
Solving time: 0.000326831 seconds
plan limit 980
current timestep 71
num of flexible agents: 34
num of flexible tasks: 10
Solving time: 0.000319616 seconds
plan limit 980
current timestep 72
num of flexible agents: 37
num of flexible tasks: 11
Solving time: 0.000249449 seconds
plan limit 980
current timestep 73
num of flexible agents: 36
num of flexible tasks: 10
Solving time: 0.000303345 seconds
plan limit 980
current timestep 74
num of flexible agents: 36
num of flexible tasks: 10
Solving time: 0.000337616 seconds
plan limit 980
current timestep 75
num of flexible agents: 34
num of flexible tasks: 10
Solving time: 0.000292828 seconds
plan limit 980
current timestep 76
num of flexible agents: 32
num of flexible tasks: 10
Solving time: 0.000326476 seconds
plan limit 980
current timestep 77
num of flexible agents: 31
num of flexible tasks: 10
Solving time: 0.000328701 seconds
plan limit 980
current timestep 78
num of flexible agents: 29
num of flexible tasks: 9
Solving time: 0.000282048 seconds
plan limit 980
current timestep 79
num of flexible agents: 28
num of flexible tasks: 9
Solving time: 0.000329272 seconds
plan limit 980
current timestep 80
num of flexible agents: 31
num of flexible tasks: 10
Solving time: 0.000290111 seconds
plan limit 980
current timestep 81
num of flexible agents: 31
num of flexible tasks: 10
Solving time: 0.00026883 seconds
plan limit 980
current timestep 82
num of flexible agents: 31
num of flexible tasks: 9
Solving time: 0.00032155 seconds
plan limit 980
current timestep 83
num of flexible agents: 33
num of flexible tasks: 10
Solving time: 0.000303856 seconds
plan limit 980
current timestep 84
num of flexible agents: 34
num of flexible tasks: 10
Solving time: 0.000269858 seconds
plan limit 980
current timestep 85
num of flexible agents: 32
num of flexible tasks: 9
Solving time: 0.000249944 seconds
plan limit 980
current timestep 86
num of flexible agents: 31
num of flexible tasks: 10
Solving time: 0.000284693 seconds
plan limit 980
current timestep 87
num of flexible agents: 32
num of flexible tasks: 9
Solving time: 0.000267674 seconds
plan limit 980
current timestep 88
num of flexible agents: 33
num of flexible tasks: 9
Solving time: 0.000299407 seconds
plan limit 980
current timestep 89
num of flexible agents: 33
num of flexible tasks: 8
Solving time: 0.000274886 seconds
plan limit 980
current timestep 90
num of flexible agents: 34
num of flexible tasks: 9
Solving time: 0.000281985 seconds
plan limit 980
current timestep 91
num of flexible agents: 32
num of flexible tasks: 8
Solving time: 0.000259821 seconds
plan limit 980
current timestep 92
num of flexible agents: 34
num of flexible tasks: 7
Solving time: 0.000301547 seconds
plan limit 980
current timestep 93
num of flexible agents: 36
num of flexible tasks: 9
Solving time: 0.000249594 seconds
plan limit 980
current timestep 94
num of flexible agents: 36
num of flexible tasks: 10
Solving time: 0.00025537 seconds
plan limit 980
current timestep 95
num of flexible agents: 36
num of flexible tasks: 10
Solving time: 0.000278028 seconds
plan limit 980
current timestep 96
num of flexible agents: 33
num of flexible tasks: 8
Solving time: 0.000244794 seconds
plan limit 980
current timestep 97
num of flexible agents: 36
num of flexible tasks: 10
Solving time: 0.000281735 seconds
plan limit 980
current timestep 98
num of flexible agents: 37
num of flexible tasks: 11
Solving time: 0.000256571 seconds
plan limit 980
current timestep 99
num of flexible agents: 35
num of flexible tasks: 9
Solving time: 0.000239709 seconds
plan limit 980
current timestep 100
num of flexible agents: 36
num of flexible tasks: 9
Solving time: 0.000248055 seconds
plan limit 980
current timestep 101
num of flexible agents: 36
num of flexible tasks: 9
Solving time: 0.000236329 seconds
plan limit 980
current timestep 102
num of flexible agents: 33
num of flexible tasks: 8
Solving time: 0.000249694 seconds
plan limit 980
current timestep 103
num of flexible agents: 32
num of flexible tasks: 8
Solving time: 0.000262064 seconds
plan limit 980
current timestep 104
num of flexible agents: 33
num of flexible tasks: 8
Solving time: 0.000296007 seconds
plan limit 980
current timestep 105
num of flexible agents: 30
num of flexible tasks: 6
Solving time: 0.000259753 seconds
plan limit 980
current timestep 106
num of flexible agents: 32
num of flexible tasks: 8
Solving time: 0.000279544 seconds
plan limit 980
current timestep 107
num of flexible agents: 33
num of flexible tasks: 9
Solving time: 0.000259202 seconds
plan limit 980
current timestep 108
num of flexible agents: 31
num of flexible tasks: 8
Solving time: 0.00029953 seconds
plan limit 980
current timestep 109
num of flexible agents: 30
num of flexible tasks: 8
Solving time: 0.000297899 seconds
plan limit 980
current timestep 110
num of flexible agents: 30
num of flexible tasks: 8
Solving time: 0.000268048 seconds
plan limit 980
current timestep 111
num of flexible agents: 31
num of flexible tasks: 8
Solving time: 0.000267271 seconds
plan limit 980
current timestep 112
num of flexible agents: 34
num of flexible tasks: 10
Solving time: 0.000268771 seconds
plan limit 980
current timestep 113
num of flexible agents: 34
num of flexible tasks: 10
Solving time: 0.000260479 seconds
plan limit 980
current timestep 114
num of flexible agents: 32
num of flexible tasks: 9
Solving time: 0.000238822 seconds
plan limit 980
current timestep 115
num of flexible agents: 31
num of flexible tasks: 8
Solving time: 0.000281711 seconds
plan limit 980
current timestep 116
num of flexible agents: 33
num of flexible tasks: 7
Solving time: 0.000247746 seconds
plan limit 980
current timestep 117
num of flexible agents: 31
num of flexible tasks: 7
Solving time: 0.000261075 seconds
plan limit 980
current timestep 118
num of flexible agents: 31
num of flexible tasks: 7
Solving time: 0.000275536 seconds
plan limit 980
current timestep 119
num of flexible agents: 33
num of flexible tasks: 9
Solving time: 0.000305199 seconds
plan limit 980
current timestep 120
num of flexible agents: 33
num of flexible tasks: 10
Solving time: 0.000317358 seconds
plan limit 980
current timestep 121
num of flexible agents: 33
num of flexible tasks: 11
Solving time: 0.000243445 seconds
plan limit 980
current timestep 122
num of flexible agents: 27
num of flexible tasks: 7
Solving time: 0.000288666 seconds
plan limit 980
current timestep 123
num of flexible agents: 29
num of flexible tasks: 8
Solving time: 0.000237888 seconds
plan limit 980
current timestep 124
num of flexible agents: 28
num of flexible tasks: 7
Solving time: 0.000298985 seconds
plan limit 980
current timestep 125
num of flexible agents: 28
num of flexible tasks: 8
Solving time: 0.000261034 seconds
plan limit 980
current timestep 126
num of flexible agents: 30
num of flexible tasks: 8
Solving time: 0.000247982 seconds
plan limit 980
current timestep 127
num of flexible agents: 30
num of flexible tasks: 7
Solving time: 0.000270252 seconds
plan limit 980
current timestep 128
num of flexible agents: 30
num of flexible tasks: 7
Solving time: 0.000273544 seconds
plan limit 980
current timestep 129
num of flexible agents: 33
num of flexible tasks: 7
Solving time: 0.000282408 seconds
plan limit 980
current timestep 130
num of flexible agents: 37
num of flexible tasks: 9
Solving time: 0.000276073 seconds
plan limit 980
current timestep 131
num of flexible agents: 38
num of flexible tasks: 8
Solving time: 0.000260658 seconds
plan limit 980
current timestep 132
num of flexible agents: 41
num of flexible tasks: 10
Solving time: 0.000261224 seconds
plan limit 980
current timestep 133
num of flexible agents: 38
num of flexible tasks: 9
Solving time: 0.000305076 seconds
plan limit 980
current timestep 134
num of flexible agents: 38
num of flexible tasks: 9
Solving time: 0.000261451 seconds
plan limit 980
current timestep 135
num of flexible agents: 36
num of flexible tasks: 9
Solving time: 0.000249906 seconds
plan limit 980
current timestep 136
num of flexible agents: 35
num of flexible tasks: 9
Solving time: 0.000260268 seconds
plan limit 980
current timestep 137
num of flexible agents: 38
num of flexible tasks: 10
Solving time: 0.000252213 seconds
plan limit 980
current timestep 138
num of flexible agents: 36
num of flexible tasks: 10
Solving time: 0.000287032 seconds
plan limit 980
current timestep 139
num of flexible agents: 33
num of flexible tasks: 9
Solving time: 0.00024919 seconds
plan limit 980
current timestep 140
num of flexible agents: 32
num of flexible tasks: 7
Solving time: 0.000254532 seconds
plan limit 980
current timestep 141
num of flexible agents: 35
num of flexible tasks: 9
Solving time: 0.000280171 seconds
plan limit 980
current timestep 142
num of flexible agents: 33
num of flexible tasks: 8
Solving time: 0.000301851 seconds
plan limit 980
current timestep 143
num of flexible agents: 33
num of flexible tasks: 7
Solving time: 0.000280214 seconds
plan limit 980
current timestep 144
num of flexible agents: 33
num of flexible tasks: 8
Solving time: 0.000301513 seconds
plan limit 980
current timestep 145
num of flexible agents: 35
num of flexible tasks: 9
Solving time: 0.000285509 seconds
plan limit 980
current timestep 146
num of flexible agents: 36
num of flexible tasks: 8
Solving time: 0.000309024 seconds
plan limit 980
current timestep 147
num of flexible agents: 37
num of flexible tasks: 10
Solving time: 0.000298349 seconds
plan limit 980
current timestep 148
num of flexible agents: 37
num of flexible tasks: 12
Solving time: 0.00029544 seconds
plan limit 980
current timestep 149
num of flexible agents: 40
num of flexible tasks: 13
Solving time: 0.00026254 seconds
plan limit 980
current timestep 150
num of flexible agents: 41
num of flexible tasks: 13
Solving time: 0.000327812 seconds
plan limit 980
current timestep 151
num of flexible agents: 38
num of flexible tasks: 10
Solving time: 0.000311118 seconds
plan limit 980
current timestep 152
num of flexible agents: 38
num of flexible tasks: 8
Solving time: 0.00030292 seconds
plan limit 980
current timestep 153
num of flexible agents: 36
num of flexible tasks: 7
Solving time: 0.000283737 seconds
plan limit 980
current timestep 154
num of flexible agents: 38
num of flexible tasks: 9
Solving time: 0.000284957 seconds
plan limit 980
current timestep 155
num of flexible agents: 43
num of flexible tasks: 11
Solving time: 0.00026534 seconds
plan limit 980
current timestep 156
num of flexible agents: 41
num of flexible tasks: 10
Solving time: 0.000279249 seconds
plan limit 980
current timestep 157
num of flexible agents: 41
num of flexible tasks: 11
Solving time: 0.000293144 seconds
plan limit 980
current timestep 158
num of flexible agents: 43
num of flexible tasks: 10
Solving time: 0.000272902 seconds
plan limit 980
current timestep 159
num of flexible agents: 41
num of flexible tasks: 9
Solving time: 0.000290144 seconds
plan limit 980
current timestep 160
num of flexible agents: 40
num of flexible tasks: 8
Solving time: 0.00029188 seconds
plan limit 980
current timestep 161
num of flexible agents: 37
num of flexible tasks: 7
Solving time: 0.000268799 seconds
plan limit 980
current timestep 162
num of flexible agents: 36
num of flexible tasks: 7
Solving time: 0.000299254 seconds
plan limit 980
current timestep 163
num of flexible agents: 35
num of flexible tasks: 7
Solving time: 0.000306389 seconds
plan limit 980
current timestep 164
num of flexible agents: 36
num of flexible tasks: 8
Solving time: 0.000274914 seconds
plan limit 980
current timestep 165
num of flexible agents: 33
num of flexible tasks: 7
Solving time: 0.000291823 seconds
plan limit 980
current timestep 166
num of flexible agents: 35
num of flexible tasks: 9
Solving time: 0.000345218 seconds
plan limit 980
current timestep 167
num of flexible agents: 34
num of flexible tasks: 9
Solving time: 0.00030473 seconds
plan limit 980
current timestep 168
num of flexible agents: 32
num of flexible tasks: 8
Solving time: 0.000288344 seconds
plan limit 980
current timestep 169
num of flexible agents: 31
num of flexible tasks: 7
Solving time: 0.000302566 seconds
plan limit 980
current timestep 170
num of flexible agents: 31
num of flexible tasks: 6
Solving time: 0.000275474 seconds
plan limit 980
current timestep 171
num of flexible agents: 32
num of flexible tasks: 7
Solving time: 0.00027737 seconds
plan limit 980
current timestep 172
num of flexible agents: 31
num of flexible tasks: 8
Solving time: 0.000306085 seconds
plan limit 980
current timestep 173
num of flexible agents: 31
num of flexible tasks: 8
Solving time: 0.000332679 seconds
plan limit 980
current timestep 174
num of flexible agents: 33
num of flexible tasks: 10
Solving time: 0.000300963 seconds
plan limit 980
current timestep 175
num of flexible agents: 33
num of flexible tasks: 9
Solving time: 0.00029955 seconds
plan limit 980
current timestep 176
num of flexible agents: 32
num of flexible tasks: 7
Solving time: 0.000265539 seconds
plan limit 980
current timestep 177
num of flexible agents: 33
num of flexible tasks: 8
Solving time: 0.000268946 seconds
plan limit 980
current timestep 178
num of flexible agents: 34
num of flexible tasks: 9
Solving time: 0.000279295 seconds
plan limit 980
current timestep 179
num of flexible agents: 33
num of flexible tasks: 8
Solving time: 0.000267065 seconds
plan limit 980
current timestep 180
num of flexible agents: 32
num of flexible tasks: 8
Solving time: 0.000243634 seconds
plan limit 980
current timestep 181
num of flexible agents: 32
num of flexible tasks: 9
Solving time: 0.000284602 seconds
plan limit 980
current timestep 182
num of flexible agents: 30
num of flexible tasks: 8
Solving time: 0.000327555 seconds
plan limit 980
current timestep 183
num of flexible agents: 34
num of flexible tasks: 9
Solving time: 0.000314529 seconds
plan limit 980
current timestep 184
num of flexible agents: 34
num of flexible tasks: 8
Solving time: 0.000316588 seconds
plan limit 980
current timestep 185
num of flexible agents: 35
num of flexible tasks: 8
Solving time: 0.000285868 seconds
plan limit 980
current timestep 186
num of flexible agents: 37
num of flexible tasks: 10
Solving time: 0.000309092 seconds
plan limit 980
current timestep 187
num of flexible agents: 43
num of flexible tasks: 11
Solving time: 0.000301371 seconds
plan limit 980
current timestep 188
num of flexible agents: 43
num of flexible tasks: 11
Solving time: 0.000275704 seconds
plan limit 980
current timestep 189
num of flexible agents: 41
num of flexible tasks: 9
Solving time: 0.000286303 seconds
plan limit 980
current timestep 190
num of flexible agents: 41
num of flexible tasks: 10
Solving time: 0.000246282 seconds
plan limit 980
current timestep 191
num of flexible agents: 39
num of flexible tasks: 8
Solving time: 0.000273435 seconds
plan limit 980
current timestep 192
num of flexible agents: 38
num of flexible tasks: 7
Solving time: 0.000260689 seconds
plan limit 980
current timestep 193
num of flexible agents: 35
num of flexible tasks: 6
Solving time: 0.000242397 seconds
plan limit 980
current timestep 194
num of flexible agents: 37
num of flexible tasks: 8
Solving time: 0.000246409 seconds
plan limit 980
current timestep 195
num of flexible agents: 37
num of flexible tasks: 8
Solving time: 0.000253673 seconds
plan limit 980
current timestep 196
num of flexible agents: 35
num of flexible tasks: 8
Solving time: 0.000317968 seconds
plan limit 980
current timestep 197
num of flexible agents: 38
num of flexible tasks: 9
Solving time: 0.000259452 seconds
plan limit 980
current timestep 198
num of flexible agents: 41
num of flexible tasks: 10
Solving time: 0.00028212 seconds
plan limit 980
current timestep 199
num of flexible agents: 39
num of flexible tasks: 8
Solving time: 0.000266963 seconds
plan limit 980
current timestep 200
num of flexible agents: 40
num of flexible tasks: 8
Solving time: 0.000287503 seconds
plan limit 980
current timestep 201
num of flexible agents: 37
num of flexible tasks: 6
Solving time: 0.000291709 seconds
plan limit 980
current timestep 202
num of flexible agents: 40
num of flexible tasks: 8
Solving time: 0.000291653 seconds
plan limit 980
current timestep 203
num of flexible agents: 39
num of flexible tasks: 8
Solving time: 0.000271019 seconds
plan limit 980
current timestep 204
num of flexible agents: 40
num of flexible tasks: 9
Solving time: 0.000286159 seconds
plan limit 980
current timestep 205
num of flexible agents: 40
num of flexible tasks: 10
Solving time: 0.000281441 seconds
plan limit 980
current timestep 206
num of flexible agents: 38
num of flexible tasks: 8
Solving time: 0.000247999 seconds
plan limit 980
current timestep 207
num of flexible agents: 37
num of flexible tasks: 7
Solving time: 0.000244341 seconds
plan limit 980
current timestep 208
num of flexible agents: 36
num of flexible tasks: 7
Solving time: 0.000290948 seconds
plan limit 980
current timestep 209
num of flexible agents: 36
num of flexible tasks: 8
Solving time: 0.000279336 seconds
plan limit 980
current timestep 210
num of flexible agents: 34
num of flexible tasks: 6
Solving time: 0.00027923 seconds
plan limit 980
current timestep 211
num of flexible agents: 35
num of flexible tasks: 7
Solving time: 0.000304968 seconds
plan limit 980
current timestep 212
num of flexible agents: 39
num of flexible tasks: 9
Solving time: 0.000270345 seconds
plan limit 980
current timestep 213
num of flexible agents: 38
num of flexible tasks: 9
Solving time: 0.000251193 seconds
plan limit 980
current timestep 214
num of flexible agents: 39
num of flexible tasks: 10
Solving time: 0.000257668 seconds
plan limit 980
current timestep 215
num of flexible agents: 40
num of flexible tasks: 10
Solving time: 0.000272953 seconds
plan limit 980
current timestep 216
num of flexible agents: 37
num of flexible tasks: 9
Solving time: 0.00023202 seconds
plan limit 980
current timestep 217
num of flexible agents: 36
num of flexible tasks: 10
Solving time: 0.000291131 seconds
plan limit 980
current timestep 218
num of flexible agents: 35
num of flexible tasks: 8
Solving time: 0.000253843 seconds
plan limit 980
current timestep 219
num of flexible agents: 34
num of flexible tasks: 7
Solving time: 0.000294751 seconds
plan limit 980
current timestep 220
num of flexible agents: 33
num of flexible tasks: 8
Solving time: 0.000297518 seconds
plan limit 980
current timestep 221
num of flexible agents: 33
num of flexible tasks: 9
Solving time: 0.000282697 seconds
plan limit 980
current timestep 222
num of flexible agents: 35
num of flexible tasks: 9
Solving time: 0.000285925 seconds
plan limit 980
current timestep 223
num of flexible agents: 34
num of flexible tasks: 9
Solving time: 0.000343355 seconds
plan limit 980
current timestep 224
num of flexible agents: 33
num of flexible tasks: 10
Solving time: 0.000284511 seconds
plan limit 980
current timestep 225
num of flexible agents: 32
num of flexible tasks: 11
Solving time: 0.000289481 seconds
plan limit 980
current timestep 226
num of flexible agents: 33
num of flexible tasks: 10
Solving time: 0.000271966 seconds
plan limit 980
current timestep 227
num of flexible agents: 33
num of flexible tasks: 10
Solving time: 0.000282406 seconds
plan limit 980
current timestep 228
num of flexible agents: 33
num of flexible tasks: 12
Solving time: 0.000315168 seconds
plan limit 980
current timestep 229
num of flexible agents: 32
num of flexible tasks: 10
Solving time: 0.000313258 seconds
plan limit 980
current timestep 230
num of flexible agents: 33
num of flexible tasks: 10
Solving time: 0.000255346 seconds
plan limit 980
current timestep 231
num of flexible agents: 34
num of flexible tasks: 10
Solving time: 0.000269884 seconds
plan limit 980
current timestep 232
num of flexible agents: 35
num of flexible tasks: 10
Solving time: 0.000299426 seconds
plan limit 980
current timestep 233
num of flexible agents: 34
num of flexible tasks: 10
Solving time: 0.000304458 seconds
plan limit 980
current timestep 234
num of flexible agents: 34
num of flexible tasks: 11
Solving time: 0.000302115 seconds
plan limit 980
current timestep 235
num of flexible agents: 32
num of flexible tasks: 10
Solving time: 0.000295992 seconds
plan limit 980
current timestep 236
num of flexible agents: 33
num of flexible tasks: 10
Solving time: 0.000341553 seconds
plan limit 980
current timestep 237
num of flexible agents: 39
num of flexible tasks: 12
Solving time: 0.000280213 seconds
plan limit 980
current timestep 238
num of flexible agents: 39
num of flexible tasks: 11
Solving time: 0.000266368 seconds
plan limit 980
current timestep 239
num of flexible agents: 39
num of flexible tasks: 10
Solving time: 0.000318966 seconds
plan limit 980
current timestep 240
num of flexible agents: 39
num of flexible tasks: 11
Solving time: 0.000303654 seconds
plan limit 980
current timestep 241
num of flexible agents: 39
num of flexible tasks: 13
Solving time: 0.000362114 seconds
plan limit 980
current timestep 242
num of flexible agents: 40
num of flexible tasks: 14
Solving time: 0.000318973 seconds
plan limit 980
current timestep 243
num of flexible agents: 37
num of flexible tasks: 13
Solving time: 0.000350985 seconds
plan limit 980
current timestep 244
num of flexible agents: 38
num of flexible tasks: 15
Solving time: 0.000329308 seconds
plan limit 980
current timestep 245
num of flexible agents: 37
num of flexible tasks: 14
Solving time: 0.000332068 seconds
plan limit 980
current timestep 246
num of flexible agents: 38
num of flexible tasks: 13
Solving time: 0.00030353 seconds
plan limit 980
current timestep 247
num of flexible agents: 35
num of flexible tasks: 12
Solving time: 0.000319287 seconds
plan limit 980
current timestep 248
num of flexible agents: 37
num of flexible tasks: 11
Solving time: 0.000332827 seconds
plan limit 980
current timestep 249
num of flexible agents: 36
num of flexible tasks: 11
Solving time: 0.000272676 seconds
plan limit 980
current timestep 250
num of flexible agents: 35
num of flexible tasks: 8
Solving time: 0.000312003 seconds
plan limit 980
current timestep 251
num of flexible agents: 35
num of flexible tasks: 7
Solving time: 0.000255651 seconds
plan limit 980
current timestep 252
num of flexible agents: 35
num of flexible tasks: 6
Solving time: 0.000289413 seconds
plan limit 980
current timestep 253
num of flexible agents: 39
num of flexible tasks: 4
Solving time: 0.000224694 seconds
plan limit 980
current timestep 254
num of flexible agents: 41
num of flexible tasks: 3
Solving time: 0.000237872 seconds
plan limit 980
current timestep 255
num of flexible agents: 42
num of flexible tasks: 2
Solving time: 0.000240282 seconds
plan limit 980
current timestep 256
num of flexible agents: 43
num of flexible tasks: 1
Solving time: 0.000213476 seconds
plan limit 980
current timestep 257
num of flexible agents: 46
num of flexible tasks: 0
Solving time: 0.000223671 seconds
plan limit 980
current timestep 258
num of flexible agents: 47
num of flexible tasks: 0
Solving time: 0.000239717 seconds
plan limit 980
current timestep 259
num of flexible agents: 48
num of flexible tasks: 0
Solving time: 0.000219269 seconds
plan limit 980
current timestep 260
num of flexible agents: 50
num of flexible tasks: 0
Solving time: 0.000220018 seconds
plan limit 980
current timestep 261
num of flexible agents: 56
num of flexible tasks: 0
Solving time: 0.000239078 seconds
plan limit 980
current timestep 262
num of flexible agents: 57
num of flexible tasks: 0
Solving time: 0.000230555 seconds
plan limit 980
current timestep 263
num of flexible agents: 58
num of flexible tasks: 0
Solving time: 0.000218351 seconds
plan limit 980
current timestep 264
num of flexible agents: 59
num of flexible tasks: 0
Solving time: 0.000216643 seconds
plan limit 980
current timestep 265
num of flexible agents: 61
num of flexible tasks: 0
Solving time: 0.000223885 seconds
plan limit 980
current timestep 266
num of flexible agents: 62
num of flexible tasks: 0
Solving time: 0.000216398 seconds
plan limit 980
current timestep 267
num of flexible agents: 64
num of flexible tasks: 0
Solving time: 0.000248916 seconds
plan limit 980
current timestep 268
num of flexible agents: 69
num of flexible tasks: 0
Solving time: 0.000253419 seconds
plan limit 980
current timestep 269
num of flexible agents: 70
num of flexible tasks: 0
Solving time: 0.000212863 seconds
plan limit 980
current timestep 270
num of flexible agents: 72
num of flexible tasks: 0
Solving time: 0.000228965 seconds
plan limit 980
current timestep 271
num of flexible agents: 72
num of flexible tasks: 0
Solving time: 0.000213104 seconds
plan limit 980
current timestep 272
num of flexible agents: 73
num of flexible tasks: 0
Solving time: 0.000218969 seconds
plan limit 980
current timestep 273
num of flexible agents: 74
num of flexible tasks: 0
Solving time: 0.000211894 seconds
plan limit 980
current timestep 274
num of flexible agents: 76
num of flexible tasks: 0
Solving time: 0.000260386 seconds
plan limit 980
current timestep 275
num of flexible agents: 76
num of flexible tasks: 0
Solving time: 0.000224972 seconds
plan limit 980
current timestep 276
num of flexible agents: 76
num of flexible tasks: 0
Solving time: 0.000217051 seconds
plan limit 980
current timestep 277
num of flexible agents: 76
num of flexible tasks: 0
Solving time: 0.000255393 seconds
plan limit 980
current timestep 278
num of flexible agents: 77
num of flexible tasks: 0
Solving time: 0.000210909 seconds
plan limit 980
current timestep 279
num of flexible agents: 77
num of flexible tasks: 0
Solving time: 0.000226653 seconds
plan limit 980
current timestep 280
num of flexible agents: 77
num of flexible tasks: 0
Solving time: 0.000235593 seconds
plan limit 980
current timestep 281
num of flexible agents: 77
num of flexible tasks: 0
Solving time: 0.000234278 seconds
plan limit 980
current timestep 282
num of flexible agents: 78
num of flexible tasks: 0
Solving time: 0.000219652 seconds
plan limit 980
current timestep 283
num of flexible agents: 78
num of flexible tasks: 0
Solving time: 0.000242826 seconds
plan limit 980
current timestep 284
num of flexible agents: 79
num of flexible tasks: 0
Solving time: 0.00024106 seconds
plan limit 980
All tasks finished at timestep 285
