current timestep 0
num of flexible agents: 80
num of flexible tasks: 2
Solving time: 0.000314289 seconds
plan limit 980
current timestep 1
num of flexible agents: 80
num of flexible tasks: 4
Solving time: 0.000288471 seconds
plan limit 980
current timestep 2
num of flexible agents: 79
num of flexible tasks: 5
Solving time: 0.00025555 seconds
plan limit 980
current timestep 3
num of flexible agents: 78
num of flexible tasks: 6
Solving time: 0.000272275 seconds
plan limit 980
current timestep 4
num of flexible agents: 76
num of flexible tasks: 6
Solving time: 0.000275824 seconds
plan limit 980
current timestep 5
num of flexible agents: 75
num of flexible tasks: 7
Solving time: 0.000286455 seconds
plan limit 980
current timestep 6
num of flexible agents: 75
num of flexible tasks: 9
Solving time: 0.000265753 seconds
plan limit 980
current timestep 7
num of flexible agents: 74
num of flexible tasks: 10
Solving time: 0.000306224 seconds
plan limit 980
current timestep 8
num of flexible agents: 72
num of flexible tasks: 9
Solving time: 0.000356231 seconds
plan limit 980
current timestep 9
num of flexible agents: 72
num of flexible tasks: 11
Solving time: 0.000340206 seconds
plan limit 980
current timestep 10
num of flexible agents: 70
num of flexible tasks: 11
Solving time: 0.000331527 seconds
plan limit 980
current timestep 11
num of flexible agents: 70
num of flexible tasks: 12
Solving time: 0.000335424 seconds
plan limit 980
current timestep 12
num of flexible agents: 70
num of flexible tasks: 13
Solving time: 0.000369361 seconds
plan limit 980
current timestep 13
num of flexible agents: 69
num of flexible tasks: 13
Solving time: 0.000357406 seconds
plan limit 980
current timestep 14
num of flexible agents: 67
num of flexible tasks: 13
Solving time: 0.000352961 seconds
plan limit 980
current timestep 15
num of flexible agents: 64
num of flexible tasks: 12
Solving time: 0.000388825 seconds
plan limit 980
current timestep 16
num of flexible agents: 62
num of flexible tasks: 12
Solving time: 0.000369286 seconds
plan limit 980
current timestep 17
num of flexible agents: 62
num of flexible tasks: 14
Solving time: 0.00033884 seconds
plan limit 980
current timestep 18
num of flexible agents: 58
num of flexible tasks: 12
Solving time: 0.00030823 seconds
plan limit 980
current timestep 19
num of flexible agents: 55
num of flexible tasks: 11
Solving time: 0.000319187 seconds
plan limit 980
current timestep 20
num of flexible agents: 54
num of flexible tasks: 12
Solving time: 0.000336277 seconds
plan limit 980
current timestep 21
num of flexible agents: 52
num of flexible tasks: 12
Solving time: 0.000328305 seconds
plan limit 980
current timestep 22
num of flexible agents: 50
num of flexible tasks: 12
Solving time: 0.000359179 seconds
plan limit 980
current timestep 23
num of flexible agents: 50
num of flexible tasks: 14
Solving time: 0.000364199 seconds
plan limit 980
current timestep 24
num of flexible agents: 49
num of flexible tasks: 14
Solving time: 0.000367537 seconds
plan limit 980
current timestep 25
num of flexible agents: 49
num of flexible tasks: 14
Solving time: 0.000339624 seconds
plan limit 980
current timestep 26
num of flexible agents: 44
num of flexible tasks: 11
Solving time: 0.00037949 seconds
plan limit 980
current timestep 27
num of flexible agents: 44
num of flexible tasks: 11
Solving time: 0.000320383 seconds
plan limit 980
current timestep 28
num of flexible agents: 44
num of flexible tasks: 13
Solving time: 0.000310072 seconds
plan limit 980
current timestep 29
num of flexible agents: 43
num of flexible tasks: 14
Solving time: 0.000359094 seconds
plan limit 980
current timestep 30
num of flexible agents: 46
num of flexible tasks: 14
Solving time: 0.000290519 seconds
plan limit 980
current timestep 31
num of flexible agents: 44
num of flexible tasks: 13
Solving time: 0.000287292 seconds
plan limit 980
current timestep 32
num of flexible agents: 44
num of flexible tasks: 14
Solving time: 0.000315948 seconds
plan limit 980
current timestep 33
num of flexible agents: 41
num of flexible tasks: 12
Solving time: 0.000307139 seconds
plan limit 980
current timestep 34
num of flexible agents: 40
num of flexible tasks: 13
Solving time: 0.000272592 seconds
plan limit 980
current timestep 35
num of flexible agents: 38
num of flexible tasks: 12
Solving time: 0.00036128 seconds
plan limit 980
current timestep 36
num of flexible agents: 37
num of flexible tasks: 12
Solving time: 0.000314947 seconds
plan limit 980
current timestep 37
num of flexible agents: 35
num of flexible tasks: 12
Solving time: 0.000356955 seconds
plan limit 980
current timestep 38
num of flexible agents: 37
num of flexible tasks: 11
Solving time: 0.000325718 seconds
plan limit 980
current timestep 39
num of flexible agents: 40
num of flexible tasks: 11
Solving time: 0.000298125 seconds
plan limit 980
current timestep 40
num of flexible agents: 40
num of flexible tasks: 11
Solving time: 0.000256788 seconds
plan limit 980
current timestep 41
num of flexible agents: 42
num of flexible tasks: 13
Solving time: 0.000302663 seconds
plan limit 980
current timestep 42
num of flexible agents: 38
num of flexible tasks: 9
Solving time: 0.000275214 seconds
plan limit 980
current timestep 43
num of flexible agents: 38
num of flexible tasks: 9
Solving time: 0.000343366 seconds
plan limit 980
current timestep 44
num of flexible agents: 39
num of flexible tasks: 10
Solving time: 0.000313566 seconds
plan limit 980
current timestep 45
num of flexible agents: 37
num of flexible tasks: 9
Solving time: 0.000273262 seconds
plan limit 980
current timestep 46
num of flexible agents: 39
num of flexible tasks: 10
Solving time: 0.000325104 seconds
plan limit 980
current timestep 47
num of flexible agents: 42
num of flexible tasks: 12
Solving time: 0.000278654 seconds
plan limit 980
current timestep 48
num of flexible agents: 44
num of flexible tasks: 11
Solving time: 0.000259473 seconds
plan limit 980
current timestep 49
num of flexible agents: 40
num of flexible tasks: 9
Solving time: 0.000281206 seconds
plan limit 980
current timestep 50
num of flexible agents: 42
num of flexible tasks: 10
Solving time: 0.00028302 seconds
plan limit 980
current timestep 51
num of flexible agents: 41
num of flexible tasks: 10
Solving time: 0.000248162 seconds
plan limit 980
current timestep 52
num of flexible agents: 40
num of flexible tasks: 11
Solving time: 0.000274837 seconds
plan limit 980
current timestep 53
num of flexible agents: 36
num of flexible tasks: 7
Solving time: 0.000280396 seconds
plan limit 980
current timestep 54
num of flexible agents: 36
num of flexible tasks: 9
Solving time: 0.000306657 seconds
plan limit 980
current timestep 55
num of flexible agents: 38
num of flexible tasks: 11
Solving time: 0.000303538 seconds
plan limit 980
current timestep 56
num of flexible agents: 37
num of flexible tasks: 11
Solving time: 0.000283535 seconds
plan limit 980
current timestep 57
num of flexible agents: 38
num of flexible tasks: 10
Solving time: 0.000261924 seconds
plan limit 980
current timestep 58
num of flexible agents: 39
num of flexible tasks: 10
Solving time: 0.000260645 seconds
plan limit 980
current timestep 59
num of flexible agents: 39
num of flexible tasks: 10
Solving time: 0.000273777 seconds
plan limit 980
current timestep 60
num of flexible agents: 38
num of flexible tasks: 10
Solving time: 0.000312145 seconds
plan limit 980
current timestep 61
num of flexible agents: 41
num of flexible tasks: 11
Solving time: 0.000275903 seconds
plan limit 980
current timestep 62
num of flexible agents: 38
num of flexible tasks: 10
Solving time: 0.000292171 seconds
plan limit 980
current timestep 63
num of flexible agents: 36
num of flexible tasks: 8
Solving time: 0.000287699 seconds
plan limit 980
current timestep 64
num of flexible agents: 39
num of flexible tasks: 10
Solving time: 0.00030524 seconds
plan limit 980
current timestep 65
num of flexible agents: 39
num of flexible tasks: 9
Solving time: 0.0002758 seconds
plan limit 980
current timestep 66
num of flexible agents: 38
num of flexible tasks: 9
Solving time: 0.000268552 seconds
plan limit 980
current timestep 67
num of flexible agents: 36
num of flexible tasks: 9
Solving time: 0.000287232 seconds
plan limit 980
current timestep 68
num of flexible agents: 35
num of flexible tasks: 9
Solving time: 0.000270541 seconds
plan limit 980
current timestep 69
num of flexible agents: 36
num of flexible tasks: 9
Solving time: 0.00025336 seconds
plan limit 980
current timestep 70
num of flexible agents: 31
num of flexible tasks: 6
Solving time: 0.0003063 seconds
plan limit 980
current timestep 71
num of flexible agents: 31
num of flexible tasks: 8
Solving time: 0.000244766 seconds
plan limit 980
current timestep 72
num of flexible agents: 34
num of flexible tasks: 10
Solving time: 0.000269157 seconds
plan limit 980
current timestep 73
num of flexible agents: 36
num of flexible tasks: 12
Solving time: 0.00031824 seconds
plan limit 980
current timestep 74
num of flexible agents: 35
num of flexible tasks: 11
Solving time: 0.000314429 seconds
plan limit 980
current timestep 75
num of flexible agents: 39
num of flexible tasks: 13
Solving time: 0.000290674 seconds
plan limit 980
current timestep 76
num of flexible agents: 38
num of flexible tasks: 12
Solving time: 0.000296003 seconds
plan limit 980
current timestep 77
num of flexible agents: 41
num of flexible tasks: 13
Solving time: 0.000292358 seconds
plan limit 980
current timestep 78
num of flexible agents: 39
num of flexible tasks: 13
Solving time: 0.000278286 seconds
plan limit 980
current timestep 79
num of flexible agents: 41
num of flexible tasks: 13
Solving time: 0.000336608 seconds
plan limit 980
current timestep 80
num of flexible agents: 40
num of flexible tasks: 11
Solving time: 0.000252041 seconds
plan limit 980
current timestep 81
num of flexible agents: 36
num of flexible tasks: 7
Solving time: 0.000282321 seconds
plan limit 980
current timestep 82
num of flexible agents: 37
num of flexible tasks: 8
Solving time: 0.00026839 seconds
plan limit 980
current timestep 83
num of flexible agents: 36
num of flexible tasks: 7
Solving time: 0.000235437 seconds
plan limit 980
current timestep 84
num of flexible agents: 37
num of flexible tasks: 9
Solving time: 0.000260003 seconds
plan limit 980
current timestep 85
num of flexible agents: 35
num of flexible tasks: 8
Solving time: 0.000286741 seconds
plan limit 980
current timestep 86
num of flexible agents: 35
num of flexible tasks: 9
Solving time: 0.000285603 seconds
plan limit 980
current timestep 87
num of flexible agents: 35
num of flexible tasks: 10
Solving time: 0.000252677 seconds
plan limit 980
current timestep 88
num of flexible agents: 35
num of flexible tasks: 10
Solving time: 0.000286189 seconds
plan limit 980
current timestep 89
num of flexible agents: 37
num of flexible tasks: 10
Solving time: 0.000321639 seconds
plan limit 980
current timestep 90
num of flexible agents: 37
num of flexible tasks: 9
Solving time: 0.000252738 seconds
plan limit 980
current timestep 91
num of flexible agents: 38
num of flexible tasks: 10
Solving time: 0.000287686 seconds
plan limit 980
current timestep 92
num of flexible agents: 42
num of flexible tasks: 11
Solving time: 0.000273007 seconds
plan limit 980
current timestep 93
num of flexible agents: 38
num of flexible tasks: 8
Solving time: 0.000239627 seconds
plan limit 980
current timestep 94
num of flexible agents: 38
num of flexible tasks: 8
Solving time: 0.000239873 seconds
plan limit 980
current timestep 95
num of flexible agents: 37
num of flexible tasks: 7
Solving time: 0.000238646 seconds
plan limit 980
current timestep 96
num of flexible agents: 39
num of flexible tasks: 8
Solving time: 0.000270427 seconds
plan limit 980
current timestep 97
num of flexible agents: 38
num of flexible tasks: 8
Solving time: 0.000314693 seconds
plan limit 980
current timestep 98
num of flexible agents: 37
num of flexible tasks: 8
Solving time: 0.000252008 seconds
plan limit 980
current timestep 99
num of flexible agents: 39
num of flexible tasks: 10
Solving time: 0.00027749 seconds
plan limit 980
current timestep 100
num of flexible agents: 38
num of flexible tasks: 9
Solving time: 0.000295533 seconds
plan limit 980
current timestep 101
num of flexible agents: 38
num of flexible tasks: 9
Solving time: 0.00030225 seconds
plan limit 980
current timestep 102
num of flexible agents: 39
num of flexible tasks: 9
Solving time: 0.000276071 seconds
plan limit 980
current timestep 103
num of flexible agents: 39
num of flexible tasks: 9
Solving time: 0.000277649 seconds
plan limit 980
current timestep 104
num of flexible agents: 40
num of flexible tasks: 10
Solving time: 0.000302959 seconds
plan limit 980
current timestep 105
num of flexible agents: 40
num of flexible tasks: 11
Solving time: 0.000259952 seconds
plan limit 980
current timestep 106
num of flexible agents: 37
num of flexible tasks: 9
Solving time: 0.000292467 seconds
plan limit 980
current timestep 107
num of flexible agents: 37
num of flexible tasks: 8
Solving time: 0.000265625 seconds
plan limit 980
current timestep 108
num of flexible agents: 36
num of flexible tasks: 9
Solving time: 0.000281816 seconds
plan limit 980
current timestep 109
num of flexible agents: 39
num of flexible tasks: 10
Solving time: 0.000271473 seconds
plan limit 980
current timestep 110
num of flexible agents: 38
num of flexible tasks: 9
Solving time: 0.000285363 seconds
plan limit 980
current timestep 111
num of flexible agents: 39
num of flexible tasks: 10
Solving time: 0.000278782 seconds
plan limit 980
current timestep 112
num of flexible agents: 39
num of flexible tasks: 10
Solving time: 0.000300332 seconds
plan limit 980
current timestep 113
num of flexible agents: 39
num of flexible tasks: 8
Solving time: 0.000253015 seconds
plan limit 980
current timestep 114
num of flexible agents: 37
num of flexible tasks: 8
Solving time: 0.000277287 seconds
plan limit 980
current timestep 115
num of flexible agents: 38
num of flexible tasks: 7
Solving time: 0.000262281 seconds
plan limit 980
current timestep 116
num of flexible agents: 40
num of flexible tasks: 8
Solving time: 0.000288033 seconds
plan limit 980
current timestep 117
num of flexible agents: 39
num of flexible tasks: 8
Solving time: 0.000299662 seconds
plan limit 980
current timestep 118
num of flexible agents: 37
num of flexible tasks: 8
Solving time: 0.0002613 seconds
plan limit 980
current timestep 119
num of flexible agents: 36
num of flexible tasks: 8
Solving time: 0.000280119 seconds
plan limit 980
current timestep 120
num of flexible agents: 34
num of flexible tasks: 8
Solving time: 0.000277385 seconds
plan limit 980
current timestep 121
num of flexible agents: 34
num of flexible tasks: 10
Solving time: 0.000317224 seconds
plan limit 980
current timestep 122
num of flexible agents: 33
num of flexible tasks: 10
Solving time: 0.000334781 seconds
plan limit 980
current timestep 123
num of flexible agents: 34
num of flexible tasks: 10
Solving time: 0.000278962 seconds
plan limit 980
current timestep 124
num of flexible agents: 33
num of flexible tasks: 8
Solving time: 0.000304915 seconds
plan limit 980
current timestep 125
num of flexible agents: 36
num of flexible tasks: 10
Solving time: 0.0003245 seconds
plan limit 980
current timestep 126
num of flexible agents: 37
num of flexible tasks: 12
Solving time: 0.00028738 seconds
plan limit 980
current timestep 127
num of flexible agents: 38
num of flexible tasks: 12
Solving time: 0.000306551 seconds
plan limit 980
current timestep 128
num of flexible agents: 36
num of flexible tasks: 11
Solving time: 0.000295107 seconds
plan limit 980
current timestep 129
num of flexible agents: 35
num of flexible tasks: 10
Solving time: 0.000308728 seconds
plan limit 980
current timestep 130
num of flexible agents: 35
num of flexible tasks: 9
Solving time: 0.000304502 seconds
plan limit 980
current timestep 131
num of flexible agents: 36
num of flexible tasks: 11
Solving time: 0.000354151 seconds
plan limit 980
current timestep 132
num of flexible agents: 39
num of flexible tasks: 12
Solving time: 0.000312462 seconds
plan limit 980
current timestep 133
num of flexible agents: 40
num of flexible tasks: 12
Solving time: 0.000311414 seconds
plan limit 980
current timestep 134
num of flexible agents: 40
num of flexible tasks: 10
Solving time: 0.000286458 seconds
plan limit 980
current timestep 135
num of flexible agents: 43
num of flexible tasks: 12
Solving time: 0.000306461 seconds
plan limit 980
current timestep 136
num of flexible agents: 42
num of flexible tasks: 11
Solving time: 0.000302158 seconds
plan limit 980
current timestep 137
num of flexible agents: 42
num of flexible tasks: 11
Solving time: 0.000331235 seconds
plan limit 980
current timestep 138
num of flexible agents: 40
num of flexible tasks: 10
Solving time: 0.000284179 seconds
plan limit 980
current timestep 139
num of flexible agents: 40
num of flexible tasks: 10
Solving time: 0.000271881 seconds
plan limit 980
current timestep 140
num of flexible agents: 39
num of flexible tasks: 11
Solving time: 0.000285339 seconds
plan limit 980
current timestep 141
num of flexible agents: 40
num of flexible tasks: 10
Solving time: 0.00027416 seconds
plan limit 980
current timestep 142
num of flexible agents: 38
num of flexible tasks: 9
Solving time: 0.000323133 seconds
plan limit 980
current timestep 143
num of flexible agents: 36
num of flexible tasks: 8
Solving time: 0.000282536 seconds
plan limit 980
current timestep 144
num of flexible agents: 35
num of flexible tasks: 7
Solving time: 0.000286879 seconds
plan limit 980
current timestep 145
num of flexible agents: 37
num of flexible tasks: 9
Solving time: 0.000284688 seconds
plan limit 980
current timestep 146
num of flexible agents: 36
num of flexible tasks: 9
Solving time: 0.00029971 seconds
plan limit 980
current timestep 147
num of flexible agents: 35
num of flexible tasks: 9
Solving time: 0.000259753 seconds
plan limit 980
current timestep 148
num of flexible agents: 37
num of flexible tasks: 10
Solving time: 0.000271351 seconds
plan limit 980
current timestep 149
num of flexible agents: 38
num of flexible tasks: 11
Solving time: 0.000275931 seconds
plan limit 980
current timestep 150
num of flexible agents: 42
num of flexible tasks: 12
Solving time: 0.000259421 seconds
plan limit 980
current timestep 151
num of flexible agents: 39
num of flexible tasks: 10
Solving time: 0.000309814 seconds
plan limit 980
current timestep 152
num of flexible agents: 40
num of flexible tasks: 10
Solving time: 0.000272337 seconds
plan limit 980
current timestep 153
num of flexible agents: 44
num of flexible tasks: 10
Solving time: 0.000300437 seconds
plan limit 980
current timestep 154
num of flexible agents: 41
num of flexible tasks: 7
Solving time: 0.000258884 seconds
plan limit 980
current timestep 155
num of flexible agents: 41
num of flexible tasks: 9
Solving time: 0.000258255 seconds
plan limit 980
current timestep 156
num of flexible agents: 41
num of flexible tasks: 8
Solving time: 0.000277084 seconds
plan limit 980
current timestep 157
num of flexible agents: 38
num of flexible tasks: 6
Solving time: 0.000254006 seconds
plan limit 980
current timestep 158
num of flexible agents: 41
num of flexible tasks: 7
Solving time: 0.000247077 seconds
plan limit 980
current timestep 159
num of flexible agents: 39
num of flexible tasks: 7
Solving time: 0.000258503 seconds
plan limit 980
current timestep 160
num of flexible agents: 38
num of flexible tasks: 8
Solving time: 0.000273633 seconds
plan limit 980
current timestep 161
num of flexible agents: 39
num of flexible tasks: 8
Solving time: 0.000257639 seconds
plan limit 980
current timestep 162
num of flexible agents: 40
num of flexible tasks: 8
Solving time: 0.000250433 seconds
plan limit 980
current timestep 163
num of flexible agents: 39
num of flexible tasks: 6
Solving time: 0.000217473 seconds
plan limit 980
current timestep 164
num of flexible agents: 39
num of flexible tasks: 7
Solving time: 0.000275411 seconds
plan limit 980
current timestep 165
num of flexible agents: 40
num of flexible tasks: 8
Solving time: 0.000268243 seconds
plan limit 980
current timestep 166
num of flexible agents: 39
num of flexible tasks: 8
Solving time: 0.000239311 seconds
plan limit 980
current timestep 167
num of flexible agents: 34
num of flexible tasks: 4
Solving time: 0.000252257 seconds
plan limit 980
current timestep 168
num of flexible agents: 33
num of flexible tasks: 4
Solving time: 0.00027054 seconds
plan limit 980
current timestep 169
num of flexible agents: 35
num of flexible tasks: 6
Solving time: 0.000305407 seconds
plan limit 980
current timestep 170
num of flexible agents: 34
num of flexible tasks: 7
Solving time: 0.000266201 seconds
plan limit 980
current timestep 171
num of flexible agents: 38
num of flexible tasks: 9
Solving time: 0.000274556 seconds
plan limit 980
current timestep 172
num of flexible agents: 37
num of flexible tasks: 8
Solving time: 0.000280471 seconds
plan limit 980
current timestep 173
num of flexible agents: 39
num of flexible tasks: 8
Solving time: 0.000252024 seconds
plan limit 980
current timestep 174
num of flexible agents: 40
num of flexible tasks: 9
Solving time: 0.000243956 seconds
plan limit 980
current timestep 175
num of flexible agents: 37
num of flexible tasks: 8
Solving time: 0.000267978 seconds
plan limit 980
current timestep 176
num of flexible agents: 33
num of flexible tasks: 6
Solving time: 0.000261825 seconds
plan limit 980
current timestep 177
num of flexible agents: 35
num of flexible tasks: 6
Solving time: 0.000245793 seconds
plan limit 980
current timestep 178
num of flexible agents: 38
num of flexible tasks: 7
Solving time: 0.000292966 seconds
plan limit 980
current timestep 179
num of flexible agents: 39
num of flexible tasks: 9
Solving time: 0.00023922 seconds
plan limit 980
current timestep 180
num of flexible agents: 39
num of flexible tasks: 8
Solving time: 0.00026841 seconds
plan limit 980
current timestep 181
num of flexible agents: 38
num of flexible tasks: 7
Solving time: 0.000258098 seconds
plan limit 980
current timestep 182
num of flexible agents: 39
num of flexible tasks: 8
Solving time: 0.000323092 seconds
plan limit 980
current timestep 183
num of flexible agents: 40
num of flexible tasks: 7
Solving time: 0.000255919 seconds
plan limit 980
current timestep 184
num of flexible agents: 41
num of flexible tasks: 6
Solving time: 0.000272226 seconds
plan limit 980
current timestep 185
num of flexible agents: 40
num of flexible tasks: 6
Solving time: 0.000277996 seconds
plan limit 980
current timestep 186
num of flexible agents: 41
num of flexible tasks: 8
Solving time: 0.00025834 seconds
plan limit 980
current timestep 187
num of flexible agents: 40
num of flexible tasks: 7
Solving time: 0.000289926 seconds
plan limit 980
current timestep 188
num of flexible agents: 42
num of flexible tasks: 8
Solving time: 0.000263808 seconds
plan limit 980
current timestep 189
num of flexible agents: 41
num of flexible tasks: 8
Solving time: 0.000275672 seconds
plan limit 980
current timestep 190
num of flexible agents: 41
num of flexible tasks: 8
Solving time: 0.000257801 seconds
plan limit 980
current timestep 191
num of flexible agents: 42
num of flexible tasks: 8
Solving time: 0.000258877 seconds
plan limit 980
current timestep 192
num of flexible agents: 38
num of flexible tasks: 6
Solving time: 0.000245961 seconds
plan limit 980
current timestep 193
num of flexible agents: 38
num of flexible tasks: 7
Solving time: 0.000268611 seconds
plan limit 980
current timestep 194
num of flexible agents: 39
num of flexible tasks: 8
Solving time: 0.000253619 seconds
plan limit 980
current timestep 195
num of flexible agents: 42
num of flexible tasks: 7
Solving time: 0.000235769 seconds
plan limit 980
current timestep 196
num of flexible agents: 48
num of flexible tasks: 9
Solving time: 0.00027404 seconds
plan limit 980
current timestep 197
num of flexible agents: 48
num of flexible tasks: 10
Solving time: 0.000263224 seconds
plan limit 980
current timestep 198
num of flexible agents: 44
num of flexible tasks: 8
Solving time: 0.000258752 seconds
plan limit 980
current timestep 199
num of flexible agents: 44
num of flexible tasks: 9
Solving time: 0.000276325 seconds
plan limit 980
current timestep 200
num of flexible agents: 42
num of flexible tasks: 7
Solving time: 0.000271458 seconds
plan limit 980
current timestep 201
num of flexible agents: 42
num of flexible tasks: 7
Solving time: 0.000259963 seconds
plan limit 980
current timestep 202
num of flexible agents: 39
num of flexible tasks: 6
Solving time: 0.000292743 seconds
plan limit 980
current timestep 203
num of flexible agents: 41
num of flexible tasks: 8
Solving time: 0.000317361 seconds
plan limit 980
current timestep 204
num of flexible agents: 43
num of flexible tasks: 9
Solving time: 0.00031734 seconds
plan limit 980
current timestep 205
num of flexible agents: 44
num of flexible tasks: 9
Solving time: 0.000285328 seconds
plan limit 980
current timestep 206
num of flexible agents: 43
num of flexible tasks: 9
Solving time: 0.000268056 seconds
plan limit 980
current timestep 207
num of flexible agents: 42
num of flexible tasks: 9
Solving time: 0.000266312 seconds
plan limit 980
current timestep 208
num of flexible agents: 44
num of flexible tasks: 9
Solving time: 0.000266129 seconds
plan limit 980
current timestep 209
num of flexible agents: 43
num of flexible tasks: 9
Solving time: 0.000274403 seconds
plan limit 980
current timestep 210
num of flexible agents: 42
num of flexible tasks: 9
Solving time: 0.000296745 seconds
plan limit 980
current timestep 211
num of flexible agents: 43
num of flexible tasks: 10
Solving time: 0.000262787 seconds
plan limit 980
current timestep 212
num of flexible agents: 43
num of flexible tasks: 9
Solving time: 0.000267477 seconds
plan limit 980
current timestep 213
num of flexible agents: 44
num of flexible tasks: 10
Solving time: 0.00030332 seconds
plan limit 980
current timestep 214
num of flexible agents: 42
num of flexible tasks: 10
Solving time: 0.000293083 seconds
plan limit 980
current timestep 215
num of flexible agents: 42
num of flexible tasks: 11
Solving time: 0.000289726 seconds
plan limit 980
current timestep 216
num of flexible agents: 42
num of flexible tasks: 9
Solving time: 0.000274803 seconds
plan limit 980
current timestep 217
num of flexible agents: 44
num of flexible tasks: 9
Solving time: 0.000283932 seconds
plan limit 980
current timestep 218
num of flexible agents: 40
num of flexible tasks: 7
Solving time: 0.000294821 seconds
plan limit 980
current timestep 219
num of flexible agents: 39
num of flexible tasks: 7
Solving time: 0.000257048 seconds
plan limit 980
current timestep 220
num of flexible agents: 40
num of flexible tasks: 8
Solving time: 0.000253652 seconds
plan limit 980
current timestep 221
num of flexible agents: 39
num of flexible tasks: 7
Solving time: 0.000272305 seconds
plan limit 980
current timestep 222
num of flexible agents: 39
num of flexible tasks: 9
Solving time: 0.000267847 seconds
plan limit 980
current timestep 223
num of flexible agents: 41
num of flexible tasks: 11
Solving time: 0.000349177 seconds
plan limit 980
current timestep 224
num of flexible agents: 39
num of flexible tasks: 11
Solving time: 0.000301839 seconds
plan limit 980
current timestep 225
num of flexible agents: 40
num of flexible tasks: 10
Solving time: 0.000271051 seconds
plan limit 980
current timestep 226
num of flexible agents: 39
num of flexible tasks: 11
Solving time: 0.000276531 seconds
plan limit 980
current timestep 227
num of flexible agents: 39
num of flexible tasks: 12
Solving time: 0.000328402 seconds
plan limit 980
current timestep 228
num of flexible agents: 36
num of flexible tasks: 11
Solving time: 0.000338074 seconds
plan limit 980
current timestep 229
num of flexible agents: 36
num of flexible tasks: 11
Solving time: 0.000284133 seconds
plan limit 980
current timestep 230
num of flexible agents: 37
num of flexible tasks: 10
Solving time: 0.000272712 seconds
plan limit 980
current timestep 231
num of flexible agents: 40
num of flexible tasks: 10
Solving time: 0.000249677 seconds
plan limit 980
current timestep 232
num of flexible agents: 35
num of flexible tasks: 6
Solving time: 0.000262045 seconds
plan limit 980
current timestep 233
num of flexible agents: 37
num of flexible tasks: 3
Solving time: 0.000251055 seconds
plan limit 980
current timestep 234
num of flexible agents: 40
num of flexible tasks: 5
Solving time: 0.000236272 seconds
plan limit 980
current timestep 235
num of flexible agents: 40
num of flexible tasks: 7
Solving time: 0.000271844 seconds
plan limit 980
current timestep 236
num of flexible agents: 42
num of flexible tasks: 9
Solving time: 0.000268574 seconds
plan limit 980
current timestep 237
num of flexible agents: 43
num of flexible tasks: 9
Solving time: 0.000307219 seconds
plan limit 980
current timestep 238
num of flexible agents: 42
num of flexible tasks: 8
Solving time: 0.000279944 seconds
plan limit 980
current timestep 239
num of flexible agents: 45
num of flexible tasks: 10
Solving time: 0.000306082 seconds
plan limit 980
current timestep 240
num of flexible agents: 46
num of flexible tasks: 10
Solving time: 0.000294358 seconds
plan limit 980
current timestep 241
num of flexible agents: 45
num of flexible tasks: 9
Solving time: 0.000345154 seconds
plan limit 980
current timestep 242
num of flexible agents: 47
num of flexible tasks: 11
Solving time: 0.000289435 seconds
plan limit 980
current timestep 243
num of flexible agents: 47
num of flexible tasks: 10
Solving time: 0.00028038 seconds
plan limit 980
current timestep 244
num of flexible agents: 50
num of flexible tasks: 11
Solving time: 0.000300174 seconds
plan limit 980
current timestep 245
num of flexible agents: 49
num of flexible tasks: 10
Solving time: 0.000282604 seconds
plan limit 980
current timestep 246
num of flexible agents: 48
num of flexible tasks: 10
Solving time: 0.000244066 seconds
plan limit 980
current timestep 247
num of flexible agents: 45
num of flexible tasks: 8
Solving time: 0.000303183 seconds
plan limit 980
current timestep 248
num of flexible agents: 45
num of flexible tasks: 8
Solving time: 0.000256076 seconds
plan limit 980
current timestep 249
num of flexible agents: 49
num of flexible tasks: 10
Solving time: 0.000261137 seconds
plan limit 980
current timestep 250
num of flexible agents: 48
num of flexible tasks: 8
Solving time: 0.000266046 seconds
plan limit 980
current timestep 251
num of flexible agents: 48
num of flexible tasks: 4
Solving time: 0.000264932 seconds
plan limit 980
current timestep 252
num of flexible agents: 49
num of flexible tasks: 3
Solving time: 0.000237525 seconds
plan limit 980
current timestep 253
num of flexible agents: 49
num of flexible tasks: 1
Solving time: 0.000243569 seconds
plan limit 980
current timestep 254
num of flexible agents: 50
num of flexible tasks: 1
Solving time: 0.000235676 seconds
plan limit 980
current timestep 255
num of flexible agents: 51
num of flexible tasks: 0
Solving time: 0.000211204 seconds
plan limit 980
current timestep 256
num of flexible agents: 51
num of flexible tasks: 0
Solving time: 0.000221046 seconds
plan limit 980
current timestep 257
num of flexible agents: 52
num of flexible tasks: 0
Solving time: 0.000216895 seconds
plan limit 980
current timestep 258
num of flexible agents: 53
num of flexible tasks: 0
Solving time: 0.000227338 seconds
plan limit 980
current timestep 259
num of flexible agents: 55
num of flexible tasks: 0
Solving time: 0.000219675 seconds
plan limit 980
current timestep 260
num of flexible agents: 55
num of flexible tasks: 0
Solving time: 0.000215686 seconds
plan limit 980
current timestep 261
num of flexible agents: 60
num of flexible tasks: 0
Solving time: 0.000202323 seconds
plan limit 980
current timestep 262
num of flexible agents: 60
num of flexible tasks: 0
Solving time: 0.000238903 seconds
plan limit 980
current timestep 263
num of flexible agents: 61
num of flexible tasks: 0
Solving time: 0.000223769 seconds
plan limit 980
current timestep 264
num of flexible agents: 62
num of flexible tasks: 0
Solving time: 0.000213708 seconds
plan limit 980
current timestep 265
num of flexible agents: 65
num of flexible tasks: 0
Solving time: 0.000211914 seconds
plan limit 980
current timestep 266
num of flexible agents: 70
num of flexible tasks: 0
Solving time: 0.000239421 seconds
plan limit 980
current timestep 267
num of flexible agents: 70
num of flexible tasks: 0
Solving time: 0.000208896 seconds
plan limit 980
current timestep 268
num of flexible agents: 71
num of flexible tasks: 0
Solving time: 0.000259909 seconds
plan limit 980
current timestep 269
num of flexible agents: 71
num of flexible tasks: 0
Solving time: 0.000225265 seconds
plan limit 980
current timestep 270
num of flexible agents: 72
num of flexible tasks: 0
Solving time: 0.000209423 seconds
plan limit 980
current timestep 271
num of flexible agents: 73
num of flexible tasks: 0
Solving time: 0.000220568 seconds
plan limit 980
current timestep 272
num of flexible agents: 73
num of flexible tasks: 0
Solving time: 0.00024143 seconds
plan limit 980
current timestep 273
num of flexible agents: 74
num of flexible tasks: 0
Solving time: 0.000214852 seconds
plan limit 980
current timestep 274
num of flexible agents: 75
num of flexible tasks: 0
Solving time: 0.000218751 seconds
plan limit 980
current timestep 275
num of flexible agents: 75
num of flexible tasks: 0
Solving time: 0.000235568 seconds
plan limit 980
current timestep 276
num of flexible agents: 76
num of flexible tasks: 0
Solving time: 0.000210351 seconds
plan limit 980
current timestep 277
num of flexible agents: 76
num of flexible tasks: 0
Solving time: 0.000238107 seconds
plan limit 980
current timestep 278
num of flexible agents: 76
num of flexible tasks: 0
Solving time: 0.000222204 seconds
plan limit 980
current timestep 279
num of flexible agents: 77
num of flexible tasks: 0
Solving time: 0.000241645 seconds
plan limit 980
current timestep 280
num of flexible agents: 78
num of flexible tasks: 0
Solving time: 0.000221269 seconds
plan limit 980
current timestep 281
num of flexible agents: 78
num of flexible tasks: 0
Solving time: 0.000197859 seconds
plan limit 980
current timestep 282
num of flexible agents: 79
num of flexible tasks: 0
Solving time: 0.000225149 seconds
plan limit 980
current timestep 283
num of flexible agents: 79
num of flexible tasks: 0
Solving time: 0.00022074 seconds
plan limit 980
All tasks finished at timestep 284
