current timestep 0
num of flexible agents: 80
num of flexible tasks: 2
Solving time: 0.000281335 seconds
plan limit 980
current timestep 1
num of flexible agents: 78
num of flexible tasks: 2
Solving time: 0.000279089 seconds
plan limit 980
current timestep 2
num of flexible agents: 78
num of flexible tasks: 4
Solving time: 0.000285182 seconds
plan limit 980
current timestep 3
num of flexible agents: 77
num of flexible tasks: 5
Solving time: 0.000274709 seconds
plan limit 980
current timestep 4
num of flexible agents: 77
num of flexible tasks: 7
Solving time: 0.000335102 seconds
plan limit 980
current timestep 5
num of flexible agents: 76
num of flexible tasks: 8
Solving time: 0.000292129 seconds
plan limit 980
current timestep 6
num of flexible agents: 76
num of flexible tasks: 10
Solving time: 0.000285818 seconds
plan limit 980
current timestep 7
num of flexible agents: 74
num of flexible tasks: 10
Solving time: 0.000268248 seconds
plan limit 980
current timestep 8
num of flexible agents: 74
num of flexible tasks: 12
Solving time: 0.000312274 seconds
plan limit 980
current timestep 9
num of flexible agents: 73
num of flexible tasks: 13
Solving time: 0.000275325 seconds
plan limit 980
current timestep 10
num of flexible agents: 71
num of flexible tasks: 13
Solving time: 0.000271302 seconds
plan limit 980
current timestep 11
num of flexible agents: 70
num of flexible tasks: 14
Solving time: 0.000330608 seconds
plan limit 980
current timestep 12
num of flexible agents: 64
num of flexible tasks: 10
Solving time: 0.000336888 seconds
plan limit 980
current timestep 13
num of flexible agents: 63
num of flexible tasks: 10
Solving time: 0.000343964 seconds
plan limit 980
current timestep 14
num of flexible agents: 62
num of flexible tasks: 11
Solving time: 0.000334351 seconds
plan limit 980
current timestep 15
num of flexible agents: 60
num of flexible tasks: 11
Solving time: 0.00031359 seconds
plan limit 980
current timestep 16
num of flexible agents: 61
num of flexible tasks: 13
Solving time: 0.000301312 seconds
plan limit 980
current timestep 17
num of flexible agents: 60
num of flexible tasks: 14
Solving time: 0.00032187 seconds
plan limit 980
current timestep 18
num of flexible agents: 59
num of flexible tasks: 14
Solving time: 0.000319518 seconds
plan limit 980
current timestep 19
num of flexible agents: 56
num of flexible tasks: 13
Solving time: 0.000342712 seconds
plan limit 980
current timestep 20
num of flexible agents: 55
num of flexible tasks: 12
Solving time: 0.0003394 seconds
plan limit 980
current timestep 21
num of flexible agents: 51
num of flexible tasks: 10
Solving time: 0.000341657 seconds
plan limit 980
current timestep 22
num of flexible agents: 50
num of flexible tasks: 10
Solving time: 0.000316174 seconds
plan limit 980
current timestep 23
num of flexible agents: 49
num of flexible tasks: 11
Solving time: 0.000299628 seconds
plan limit 980
current timestep 24
num of flexible agents: 48
num of flexible tasks: 12
Solving time: 0.000318181 seconds
plan limit 980
current timestep 25
num of flexible agents: 47
num of flexible tasks: 11
Solving time: 0.000292697 seconds
plan limit 980
current timestep 26
num of flexible agents: 46
num of flexible tasks: 12
Solving time: 0.00035156 seconds
plan limit 980
current timestep 27
num of flexible agents: 44
num of flexible tasks: 12
Solving time: 0.000331234 seconds
plan limit 980
current timestep 28
num of flexible agents: 44
num of flexible tasks: 13
Solving time: 0.000327013 seconds
plan limit 980
current timestep 29
num of flexible agents: 43
num of flexible tasks: 14
Solving time: 0.000334328 seconds
plan limit 980
current timestep 30
num of flexible agents: 42
num of flexible tasks: 14
Solving time: 0.000339182 seconds
plan limit 980
current timestep 31
num of flexible agents: 38
num of flexible tasks: 12
Solving time: 0.000336702 seconds
plan limit 980
current timestep 32
num of flexible agents: 38
num of flexible tasks: 12
Solving time: 0.000282245 seconds
plan limit 980
current timestep 33
num of flexible agents: 39
num of flexible tasks: 13
Solving time: 0.000360731 seconds
plan limit 980
current timestep 34
num of flexible agents: 35
num of flexible tasks: 10
Solving time: 0.000330665 seconds
plan limit 980
current timestep 35
num of flexible agents: 36
num of flexible tasks: 12
Solving time: 0.000364878 seconds
plan limit 980
current timestep 36
num of flexible agents: 39
num of flexible tasks: 13
Solving time: 0.000339896 seconds
plan limit 980
current timestep 37
num of flexible agents: 40
num of flexible tasks: 13
Solving time: 0.000288274 seconds
plan limit 980
current timestep 38
num of flexible agents: 39
num of flexible tasks: 13
Solving time: 0.000296651 seconds
plan limit 980
current timestep 39
num of flexible agents: 40
num of flexible tasks: 12
Solving time: 0.000265775 seconds
plan limit 980
current timestep 40
num of flexible agents: 40
num of flexible tasks: 12
Solving time: 0.000302186 seconds
plan limit 980
current timestep 41
num of flexible agents: 40
num of flexible tasks: 12
Solving time: 0.000288678 seconds
plan limit 980
current timestep 42
num of flexible agents: 42
num of flexible tasks: 12
Solving time: 0.000308238 seconds
plan limit 980
current timestep 43
num of flexible agents: 43
num of flexible tasks: 13
Solving time: 0.000381551 seconds
plan limit 980
current timestep 44
num of flexible agents: 43
num of flexible tasks: 13
Solving time: 0.00031614 seconds
plan limit 980
current timestep 45
num of flexible agents: 40
num of flexible tasks: 11
Solving time: 0.000299053 seconds
plan limit 980
current timestep 46
num of flexible agents: 39
num of flexible tasks: 12
Solving time: 0.000303751 seconds
plan limit 980
current timestep 47
num of flexible agents: 37
num of flexible tasks: 10
Solving time: 0.000289925 seconds
plan limit 980
current timestep 48
num of flexible agents: 32
num of flexible tasks: 7
Solving time: 0.000302323 seconds
plan limit 980
current timestep 49
num of flexible agents: 34
num of flexible tasks: 8
Solving time: 0.000261175 seconds
plan limit 980
current timestep 50
num of flexible agents: 32
num of flexible tasks: 8
Solving time: 0.000314163 seconds
plan limit 980
current timestep 51
num of flexible agents: 33
num of flexible tasks: 10
Solving time: 0.00028144 seconds
plan limit 980
current timestep 52
num of flexible agents: 32
num of flexible tasks: 10
Solving time: 0.000277526 seconds
plan limit 980
current timestep 53
num of flexible agents: 33
num of flexible tasks: 10
Solving time: 0.000284823 seconds
plan limit 980
current timestep 54
num of flexible agents: 35
num of flexible tasks: 11
Solving time: 0.000278461 seconds
plan limit 980
current timestep 55
num of flexible agents: 35
num of flexible tasks: 11
Solving time: 0.000303059 seconds
plan limit 980
current timestep 56
num of flexible agents: 35
num of flexible tasks: 11
Solving time: 0.000315126 seconds
plan limit 980
current timestep 57
num of flexible agents: 35
num of flexible tasks: 12
Solving time: 0.000278954 seconds
plan limit 980
current timestep 58
num of flexible agents: 33
num of flexible tasks: 12
Solving time: 0.000307951 seconds
plan limit 980
current timestep 59
num of flexible agents: 33
num of flexible tasks: 13
Solving time: 0.000304155 seconds
plan limit 980
current timestep 60
num of flexible agents: 34
num of flexible tasks: 13
Solving time: 0.000318135 seconds
plan limit 980
current timestep 61
num of flexible agents: 34
num of flexible tasks: 13
Solving time: 0.000325768 seconds
plan limit 980
current timestep 62
num of flexible agents: 33
num of flexible tasks: 12
Solving time: 0.00030844 seconds
plan limit 980
current timestep 63
num of flexible agents: 36
num of flexible tasks: 12
Solving time: 0.000272834 seconds
plan limit 980
current timestep 64
num of flexible agents: 36
num of flexible tasks: 12
Solving time: 0.000299446 seconds
plan limit 980
current timestep 65
num of flexible agents: 38
num of flexible tasks: 14
Solving time: 0.000315418 seconds
plan limit 980
current timestep 66
num of flexible agents: 35
num of flexible tasks: 13
Solving time: 0.000295119 seconds
plan limit 980
current timestep 67
num of flexible agents: 40
num of flexible tasks: 15
Solving time: 0.000316234 seconds
plan limit 980
current timestep 68
num of flexible agents: 40
num of flexible tasks: 16
Solving time: 0.000295355 seconds
plan limit 980
current timestep 69
num of flexible agents: 43
num of flexible tasks: 17
Solving time: 0.00031181 seconds
plan limit 980
current timestep 70
num of flexible agents: 40
num of flexible tasks: 14
Solving time: 0.000335556 seconds
plan limit 980
current timestep 71
num of flexible agents: 38
num of flexible tasks: 13
Solving time: 0.000309833 seconds
plan limit 980
current timestep 72
num of flexible agents: 37
num of flexible tasks: 14
Solving time: 0.000334345 seconds
plan limit 980
current timestep 73
num of flexible agents: 36
num of flexible tasks: 15
Solving time: 0.000317057 seconds
plan limit 980
current timestep 74
num of flexible agents: 36
num of flexible tasks: 15
Solving time: 0.000283962 seconds
plan limit 980
current timestep 75
num of flexible agents: 34
num of flexible tasks: 14
Solving time: 0.000305773 seconds
plan limit 980
current timestep 76
num of flexible agents: 33
num of flexible tasks: 13
Solving time: 0.000331249 seconds
plan limit 980
current timestep 77
num of flexible agents: 35
num of flexible tasks: 13
Solving time: 0.00032024 seconds
plan limit 980
current timestep 78
num of flexible agents: 34
num of flexible tasks: 14
Solving time: 0.00030778 seconds
plan limit 980
current timestep 79
num of flexible agents: 37
num of flexible tasks: 14
Solving time: 0.000319942 seconds
plan limit 980
current timestep 80
num of flexible agents: 38
num of flexible tasks: 14
Solving time: 0.000319793 seconds
plan limit 980
current timestep 81
num of flexible agents: 38
num of flexible tasks: 16
Solving time: 0.00033032 seconds
plan limit 980
current timestep 82
num of flexible agents: 40
num of flexible tasks: 16
Solving time: 0.000333654 seconds
plan limit 980
current timestep 83
num of flexible agents: 37
num of flexible tasks: 14
Solving time: 0.000306929 seconds
plan limit 980
current timestep 84
num of flexible agents: 36
num of flexible tasks: 14
Solving time: 0.000308857 seconds
plan limit 980
current timestep 85
num of flexible agents: 37
num of flexible tasks: 12
Solving time: 0.000298623 seconds
plan limit 980
current timestep 86
num of flexible agents: 38
num of flexible tasks: 12
Solving time: 0.000299396 seconds
plan limit 980
current timestep 87
num of flexible agents: 36
num of flexible tasks: 11
Solving time: 0.000294044 seconds
plan limit 980
current timestep 88
num of flexible agents: 36
num of flexible tasks: 13
Solving time: 0.000315815 seconds
plan limit 980
current timestep 89
num of flexible agents: 36
num of flexible tasks: 13
Solving time: 0.00029937 seconds
plan limit 980
current timestep 90
num of flexible agents: 35
num of flexible tasks: 13
Solving time: 0.000303215 seconds
plan limit 980
current timestep 91
num of flexible agents: 34
num of flexible tasks: 13
Solving time: 0.000310111 seconds
plan limit 980
current timestep 92
num of flexible agents: 36
num of flexible tasks: 15
Solving time: 0.000360242 seconds
plan limit 980
current timestep 93
num of flexible agents: 40
num of flexible tasks: 17
Solving time: 0.000317061 seconds
plan limit 980
current timestep 94
num of flexible agents: 34
num of flexible tasks: 13
Solving time: 0.000297814 seconds
plan limit 980
current timestep 95
num of flexible agents: 36
num of flexible tasks: 15
Solving time: 0.000341444 seconds
plan limit 980
current timestep 96
num of flexible agents: 34
num of flexible tasks: 14
Solving time: 0.000307278 seconds
plan limit 980
current timestep 97
num of flexible agents: 38
num of flexible tasks: 16
Solving time: 0.000300919 seconds
plan limit 980
current timestep 98
num of flexible agents: 37
num of flexible tasks: 14
Solving time: 0.000315228 seconds
plan limit 980
current timestep 99
num of flexible agents: 34
num of flexible tasks: 12
Solving time: 0.000310493 seconds
plan limit 980
current timestep 100
num of flexible agents: 28
num of flexible tasks: 8
Solving time: 0.000292861 seconds
plan limit 980
current timestep 101
num of flexible agents: 30
num of flexible tasks: 9
Solving time: 0.000315746 seconds
plan limit 980
current timestep 102
num of flexible agents: 30
num of flexible tasks: 9
Solving time: 0.000316956 seconds
plan limit 980
current timestep 103
num of flexible agents: 30
num of flexible tasks: 9
Solving time: 0.000340636 seconds
plan limit 980
current timestep 104
num of flexible agents: 33
num of flexible tasks: 11
Solving time: 0.000285138 seconds
plan limit 980
current timestep 105
num of flexible agents: 33
num of flexible tasks: 9
Solving time: 0.000277557 seconds
plan limit 980
current timestep 106
num of flexible agents: 33
num of flexible tasks: 7
Solving time: 0.000295464 seconds
plan limit 980
current timestep 107
num of flexible agents: 32
num of flexible tasks: 8
Solving time: 0.000290911 seconds
plan limit 980
current timestep 108
num of flexible agents: 31
num of flexible tasks: 9
Solving time: 0.000310814 seconds
plan limit 980
current timestep 109
num of flexible agents: 29
num of flexible tasks: 9
Solving time: 0.000276093 seconds
plan limit 980
current timestep 110
num of flexible agents: 29
num of flexible tasks: 9
Solving time: 0.000280979 seconds
plan limit 980
current timestep 111
num of flexible agents: 33
num of flexible tasks: 10
Solving time: 0.000254667 seconds
plan limit 980
current timestep 112
num of flexible agents: 34
num of flexible tasks: 10
Solving time: 0.000302696 seconds
plan limit 980
current timestep 113
num of flexible agents: 32
num of flexible tasks: 9
Solving time: 0.000255025 seconds
plan limit 980
current timestep 114
num of flexible agents: 33
num of flexible tasks: 7
Solving time: 0.00023319 seconds
plan limit 980
current timestep 115
num of flexible agents: 32
num of flexible tasks: 6
Solving time: 0.000263793 seconds
plan limit 980
current timestep 116
num of flexible agents: 34
num of flexible tasks: 7
Solving time: 0.000239619 seconds
plan limit 980
current timestep 117
num of flexible agents: 31
num of flexible tasks: 5
Solving time: 0.000254573 seconds
plan limit 980
current timestep 118
num of flexible agents: 33
num of flexible tasks: 7
Solving time: 0.000242084 seconds
plan limit 980
current timestep 119
num of flexible agents: 31
num of flexible tasks: 7
Solving time: 0.000292755 seconds
plan limit 980
current timestep 120
num of flexible agents: 30
num of flexible tasks: 6
Solving time: 0.00027269 seconds
plan limit 980
current timestep 121
num of flexible agents: 34
num of flexible tasks: 8
Solving time: 0.00030156 seconds
plan limit 980
current timestep 122
num of flexible agents: 35
num of flexible tasks: 9
Solving time: 0.00027914 seconds
plan limit 980
current timestep 123
num of flexible agents: 36
num of flexible tasks: 9
Solving time: 0.000249423 seconds
plan limit 980
current timestep 124
num of flexible agents: 39
num of flexible tasks: 9
Solving time: 0.000301286 seconds
plan limit 980
current timestep 125
num of flexible agents: 38
num of flexible tasks: 9
Solving time: 0.000291725 seconds
plan limit 980
current timestep 126
num of flexible agents: 38
num of flexible tasks: 10
Solving time: 0.000323282 seconds
plan limit 980
current timestep 127
num of flexible agents: 36
num of flexible tasks: 10
Solving time: 0.000319669 seconds
plan limit 980
current timestep 128
num of flexible agents: 37
num of flexible tasks: 11
Solving time: 0.000308753 seconds
plan limit 980
current timestep 129
num of flexible agents: 41
num of flexible tasks: 12
Solving time: 0.000344204 seconds
plan limit 980
current timestep 130
num of flexible agents: 43
num of flexible tasks: 14
Solving time: 0.000302333 seconds
plan limit 980
current timestep 131
num of flexible agents: 40
num of flexible tasks: 13
Solving time: 0.000293106 seconds
plan limit 980
current timestep 132
num of flexible agents: 40
num of flexible tasks: 12
Solving time: 0.000299833 seconds
plan limit 980
current timestep 133
num of flexible agents: 41
num of flexible tasks: 11
Solving time: 0.000284249 seconds
plan limit 980
current timestep 134
num of flexible agents: 40
num of flexible tasks: 10
Solving time: 0.00026351 seconds
plan limit 980
current timestep 135
num of flexible agents: 43
num of flexible tasks: 12
Solving time: 0.000275938 seconds
plan limit 980
current timestep 136
num of flexible agents: 42
num of flexible tasks: 11
Solving time: 0.00027148 seconds
plan limit 980
current timestep 137
num of flexible agents: 40
num of flexible tasks: 10
Solving time: 0.000292353 seconds
plan limit 980
current timestep 138
num of flexible agents: 42
num of flexible tasks: 12
Solving time: 0.000311184 seconds
plan limit 980
current timestep 139
num of flexible agents: 43
num of flexible tasks: 12
Solving time: 0.000271637 seconds
plan limit 980
current timestep 140
num of flexible agents: 41
num of flexible tasks: 10
Solving time: 0.000251409 seconds
plan limit 980
current timestep 141
num of flexible agents: 40
num of flexible tasks: 9
Solving time: 0.000255739 seconds
plan limit 980
current timestep 142
num of flexible agents: 39
num of flexible tasks: 10
Solving time: 0.000284355 seconds
plan limit 980
current timestep 143
num of flexible agents: 41
num of flexible tasks: 12
Solving time: 0.000234939 seconds
plan limit 980
current timestep 144
num of flexible agents: 40
num of flexible tasks: 9
Solving time: 0.000271347 seconds
plan limit 980
current timestep 145
num of flexible agents: 40
num of flexible tasks: 9
Solving time: 0.00025917 seconds
plan limit 980
current timestep 146
num of flexible agents: 39
num of flexible tasks: 9
Solving time: 0.00033893 seconds
plan limit 980
current timestep 147
num of flexible agents: 37
num of flexible tasks: 7
Solving time: 0.000258511 seconds
plan limit 980
current timestep 148
num of flexible agents: 37
num of flexible tasks: 8
Solving time: 0.000281451 seconds
plan limit 980
current timestep 149
num of flexible agents: 36
num of flexible tasks: 7
Solving time: 0.000309214 seconds
plan limit 980
current timestep 150
num of flexible agents: 35
num of flexible tasks: 8
Solving time: 0.000325033 seconds
plan limit 980
current timestep 151
num of flexible agents: 37
num of flexible tasks: 9
Solving time: 0.000301664 seconds
plan limit 980
current timestep 152
num of flexible agents: 41
num of flexible tasks: 11
Solving time: 0.000307825 seconds
plan limit 980
current timestep 153
num of flexible agents: 41
num of flexible tasks: 12
Solving time: 0.000296075 seconds
plan limit 980
current timestep 154
num of flexible agents: 38
num of flexible tasks: 11
Solving time: 0.000339601 seconds
plan limit 980
current timestep 155
num of flexible agents: 39
num of flexible tasks: 12
Solving time: 0.000385022 seconds
plan limit 980
current timestep 156
num of flexible agents: 39
num of flexible tasks: 11
Solving time: 0.000344247 seconds
plan limit 980
current timestep 157
num of flexible agents: 40
num of flexible tasks: 10
Solving time: 0.000299845 seconds
plan limit 980
current timestep 158
num of flexible agents: 40
num of flexible tasks: 10
Solving time: 0.000271443 seconds
plan limit 980
current timestep 159
num of flexible agents: 37
num of flexible tasks: 9
Solving time: 0.000319855 seconds
plan limit 980
current timestep 160
num of flexible agents: 35
num of flexible tasks: 7
Solving time: 0.000299122 seconds
plan limit 980
current timestep 161
num of flexible agents: 36
num of flexible tasks: 7
Solving time: 0.000304309 seconds
plan limit 980
current timestep 162
num of flexible agents: 34
num of flexible tasks: 7
Solving time: 0.000341808 seconds
plan limit 980
current timestep 163
num of flexible agents: 33
num of flexible tasks: 7
Solving time: 0.000335788 seconds
plan limit 980
current timestep 164
num of flexible agents: 35
num of flexible tasks: 8
Solving time: 0.000331421 seconds
plan limit 980
current timestep 165
num of flexible agents: 41
num of flexible tasks: 10
Solving time: 0.000293266 seconds
plan limit 980
current timestep 166
num of flexible agents: 39
num of flexible tasks: 10
Solving time: 0.000290387 seconds
plan limit 980
current timestep 167
num of flexible agents: 37
num of flexible tasks: 9
Solving time: 0.000302744 seconds
plan limit 980
current timestep 168
num of flexible agents: 40
num of flexible tasks: 9
Solving time: 0.000264316 seconds
plan limit 980
current timestep 169
num of flexible agents: 41
num of flexible tasks: 10
Solving time: 0.000253057 seconds
plan limit 980
current timestep 170
num of flexible agents: 40
num of flexible tasks: 9
Solving time: 0.000272538 seconds
plan limit 980
current timestep 171
num of flexible agents: 39
num of flexible tasks: 9
Solving time: 0.00024666 seconds
plan limit 980
current timestep 172
num of flexible agents: 39
num of flexible tasks: 10
Solving time: 0.000266914 seconds
plan limit 980
current timestep 173
num of flexible agents: 40
num of flexible tasks: 10
Solving time: 0.000319924 seconds
plan limit 980
current timestep 174
num of flexible agents: 38
num of flexible tasks: 8
Solving time: 0.000288495 seconds
plan limit 980
current timestep 175
num of flexible agents: 36
num of flexible tasks: 7
Solving time: 0.000310772 seconds
plan limit 980
current timestep 176
num of flexible agents: 34
num of flexible tasks: 6
Solving time: 0.000306927 seconds
plan limit 980
current timestep 177
num of flexible agents: 34
num of flexible tasks: 6
Solving time: 0.000289343 seconds
plan limit 980
current timestep 178
num of flexible agents: 35
num of flexible tasks: 7
Solving time: 0.000247188 seconds
plan limit 980
current timestep 179
num of flexible agents: 36
num of flexible tasks: 7
Solving time: 0.000262879 seconds
plan limit 980
current timestep 180
num of flexible agents: 35
num of flexible tasks: 7
Solving time: 0.000264961 seconds
plan limit 980
current timestep 181
num of flexible agents: 38
num of flexible tasks: 8
Solving time: 0.000291567 seconds
plan limit 980
current timestep 182
num of flexible agents: 42
num of flexible tasks: 9
Solving time: 0.000259562 seconds
plan limit 980
current timestep 183
num of flexible agents: 42
num of flexible tasks: 8
Solving time: 0.00036249 seconds
plan limit 980
current timestep 184
num of flexible agents: 42
num of flexible tasks: 8
Solving time: 0.000271201 seconds
plan limit 980
current timestep 185
num of flexible agents: 41
num of flexible tasks: 7
Solving time: 0.000246963 seconds
plan limit 980
current timestep 186
num of flexible agents: 40
num of flexible tasks: 7
Solving time: 0.000277345 seconds
plan limit 980
current timestep 187
num of flexible agents: 39
num of flexible tasks: 8
Solving time: 0.000267033 seconds
plan limit 980
current timestep 188
num of flexible agents: 38
num of flexible tasks: 7
Solving time: 0.000266073 seconds
plan limit 980
current timestep 189
num of flexible agents: 40
num of flexible tasks: 8
Solving time: 0.000262094 seconds
plan limit 980
current timestep 190
num of flexible agents: 39
num of flexible tasks: 8
Solving time: 0.000264164 seconds
plan limit 980
current timestep 191
num of flexible agents: 40
num of flexible tasks: 9
Solving time: 0.000299424 seconds
plan limit 980
current timestep 192
num of flexible agents: 40
num of flexible tasks: 9
Solving time: 0.000323919 seconds
plan limit 980
current timestep 193
num of flexible agents: 44
num of flexible tasks: 11
Solving time: 0.000393627 seconds
plan limit 980
current timestep 194
num of flexible agents: 43
num of flexible tasks: 9
Solving time: 0.00029781 seconds
plan limit 980
current timestep 195
num of flexible agents: 44
num of flexible tasks: 10
Solving time: 0.000289684 seconds
plan limit 980
current timestep 196
num of flexible agents: 40
num of flexible tasks: 8
Solving time: 0.000290867 seconds
plan limit 980
current timestep 197
num of flexible agents: 38
num of flexible tasks: 8
Solving time: 0.000289881 seconds
plan limit 980
current timestep 198
num of flexible agents: 39
num of flexible tasks: 9
Solving time: 0.000282745 seconds
plan limit 980
current timestep 199
num of flexible agents: 37
num of flexible tasks: 9
Solving time: 0.000286802 seconds
plan limit 980
current timestep 200
num of flexible agents: 36
num of flexible tasks: 10
Solving time: 0.000269758 seconds
plan limit 980
current timestep 201
num of flexible agents: 40
num of flexible tasks: 10
Solving time: 0.0003489 seconds
plan limit 980
current timestep 202
num of flexible agents: 41
num of flexible tasks: 12
Solving time: 0.000312372 seconds
plan limit 980
current timestep 203
num of flexible agents: 40
num of flexible tasks: 10
Solving time: 0.000321949 seconds
plan limit 980
current timestep 204
num of flexible agents: 41
num of flexible tasks: 9
Solving time: 0.000280294 seconds
plan limit 980
current timestep 205
num of flexible agents: 43
num of flexible tasks: 10
Solving time: 0.000284476 seconds
plan limit 980
current timestep 206
num of flexible agents: 45
num of flexible tasks: 11
Solving time: 0.000261633 seconds
plan limit 980
current timestep 207
num of flexible agents: 40
num of flexible tasks: 7
Solving time: 0.000299188 seconds
plan limit 980
current timestep 208
num of flexible agents: 39
num of flexible tasks: 8
Solving time: 0.000273862 seconds
plan limit 980
current timestep 209
num of flexible agents: 41
num of flexible tasks: 8
Solving time: 0.000289677 seconds
plan limit 980
current timestep 210
num of flexible agents: 39
num of flexible tasks: 8
Solving time: 0.000263991 seconds
plan limit 980
current timestep 211
num of flexible agents: 39
num of flexible tasks: 10
Solving time: 0.000292713 seconds
plan limit 980
current timestep 212
num of flexible agents: 40
num of flexible tasks: 10
Solving time: 0.000262711 seconds
plan limit 980
current timestep 213
num of flexible agents: 39
num of flexible tasks: 7
Solving time: 0.000264877 seconds
plan limit 980
current timestep 214
num of flexible agents: 39
num of flexible tasks: 8
Solving time: 0.00025807 seconds
plan limit 980
current timestep 215
num of flexible agents: 38
num of flexible tasks: 6
Solving time: 0.000225956 seconds
plan limit 980
current timestep 216
num of flexible agents: 37
num of flexible tasks: 5
Solving time: 0.000271714 seconds
plan limit 980
current timestep 217
num of flexible agents: 37
num of flexible tasks: 7
Solving time: 0.000281607 seconds
plan limit 980
current timestep 218
num of flexible agents: 38
num of flexible tasks: 8
Solving time: 0.000290761 seconds
plan limit 980
current timestep 219
num of flexible agents: 40
num of flexible tasks: 10
Solving time: 0.000326447 seconds
plan limit 980
current timestep 220
num of flexible agents: 44
num of flexible tasks: 12
Solving time: 0.000304251 seconds
plan limit 980
current timestep 221
num of flexible agents: 41
num of flexible tasks: 10
Solving time: 0.00025731 seconds
plan limit 980
current timestep 222
num of flexible agents: 36
num of flexible tasks: 7
Solving time: 0.000303379 seconds
plan limit 980
current timestep 223
num of flexible agents: 39
num of flexible tasks: 8
Solving time: 0.000277747 seconds
plan limit 980
current timestep 224
num of flexible agents: 39
num of flexible tasks: 7
Solving time: 0.000273335 seconds
plan limit 980
current timestep 225
num of flexible agents: 39
num of flexible tasks: 7
Solving time: 0.000279125 seconds
plan limit 980
current timestep 226
num of flexible agents: 39
num of flexible tasks: 8
Solving time: 0.000255582 seconds
plan limit 980
current timestep 227
num of flexible agents: 38
num of flexible tasks: 8
Solving time: 0.0003433 seconds
plan limit 980
current timestep 228
num of flexible agents: 37
num of flexible tasks: 7
Solving time: 0.000260097 seconds
plan limit 980
current timestep 229
num of flexible agents: 40
num of flexible tasks: 9
Solving time: 0.000264912 seconds
plan limit 980
current timestep 230
num of flexible agents: 42
num of flexible tasks: 9
Solving time: 0.000271065 seconds
plan limit 980
current timestep 231
num of flexible agents: 44
num of flexible tasks: 10
Solving time: 0.000284405 seconds
plan limit 980
current timestep 232
num of flexible agents: 42
num of flexible tasks: 9
Solving time: 0.000283447 seconds
plan limit 980
current timestep 233
num of flexible agents: 44
num of flexible tasks: 10
Solving time: 0.000299898 seconds
plan limit 980
current timestep 234
num of flexible agents: 44
num of flexible tasks: 10
Solving time: 0.000354285 seconds
plan limit 980
current timestep 235
num of flexible agents: 44
num of flexible tasks: 11
Solving time: 0.000355102 seconds
plan limit 980
current timestep 236
num of flexible agents: 43
num of flexible tasks: 11
Solving time: 0.00035191 seconds
plan limit 980
current timestep 237
num of flexible agents: 45
num of flexible tasks: 12
Solving time: 0.000343492 seconds
plan limit 980
current timestep 238
num of flexible agents: 46
num of flexible tasks: 13
Solving time: 0.000341235 seconds
plan limit 980
current timestep 239
num of flexible agents: 45
num of flexible tasks: 11
Solving time: 0.00035861 seconds
plan limit 980
current timestep 240
num of flexible agents: 43
num of flexible tasks: 10
Solving time: 0.000351711 seconds
plan limit 980
current timestep 241
num of flexible agents: 45
num of flexible tasks: 11
Solving time: 0.00029668 seconds
plan limit 980
current timestep 242
num of flexible agents: 45
num of flexible tasks: 10
Solving time: 0.000279889 seconds
plan limit 980
current timestep 243
num of flexible agents: 44
num of flexible tasks: 9
Solving time: 0.000296024 seconds
plan limit 980
current timestep 244
num of flexible agents: 41
num of flexible tasks: 8
Solving time: 0.000319904 seconds
plan limit 980
current timestep 245
num of flexible agents: 38
num of flexible tasks: 7
Solving time: 0.000329906 seconds
plan limit 980
current timestep 246
num of flexible agents: 36
num of flexible tasks: 7
Solving time: 0.000288696 seconds
plan limit 980
current timestep 247
num of flexible agents: 33
num of flexible tasks: 6
Solving time: 0.000271622 seconds
plan limit 980
current timestep 248
num of flexible agents: 33
num of flexible tasks: 7
Solving time: 0.000282788 seconds
plan limit 980
current timestep 249
num of flexible agents: 34
num of flexible tasks: 8
Solving time: 0.000313482 seconds
plan limit 980
current timestep 250
num of flexible agents: 35
num of flexible tasks: 7
Solving time: 0.000281883 seconds
plan limit 980
current timestep 251
num of flexible agents: 38
num of flexible tasks: 6
Solving time: 0.000295776 seconds
plan limit 980
current timestep 252
num of flexible agents: 39
num of flexible tasks: 5
Solving time: 0.000266447 seconds
plan limit 980
current timestep 253
num of flexible agents: 39
num of flexible tasks: 4
Solving time: 0.000266498 seconds
plan limit 980
current timestep 254
num of flexible agents: 42
num of flexible tasks: 4
Solving time: 0.000276805 seconds
plan limit 980
current timestep 255
num of flexible agents: 43
num of flexible tasks: 3
Solving time: 0.000258214 seconds
plan limit 980
current timestep 256
num of flexible agents: 45
num of flexible tasks: 3
Solving time: 0.000258868 seconds
plan limit 980
current timestep 257
num of flexible agents: 48
num of flexible tasks: 3
Solving time: 0.000224737 seconds
plan limit 980
current timestep 258
num of flexible agents: 48
num of flexible tasks: 2
Solving time: 0.000230401 seconds
plan limit 980
current timestep 259
num of flexible agents: 46
num of flexible tasks: 0
Solving time: 0.000221887 seconds
plan limit 980
current timestep 260
num of flexible agents: 46
num of flexible tasks: 0
Solving time: 0.000220179 seconds
plan limit 980
current timestep 261
num of flexible agents: 48
num of flexible tasks: 0
Solving time: 0.000224189 seconds
plan limit 980
current timestep 262
num of flexible agents: 52
num of flexible tasks: 0
Solving time: 0.000212225 seconds
plan limit 980
current timestep 263
num of flexible agents: 54
num of flexible tasks: 0
Solving time: 0.000230104 seconds
plan limit 980
current timestep 264
num of flexible agents: 56
num of flexible tasks: 0
Solving time: 0.000221286 seconds
plan limit 980
current timestep 265
num of flexible agents: 58
num of flexible tasks: 0
Solving time: 0.000213222 seconds
plan limit 980
current timestep 266
num of flexible agents: 59
num of flexible tasks: 0
Solving time: 0.000235711 seconds
plan limit 980
current timestep 267
num of flexible agents: 61
num of flexible tasks: 0
Solving time: 0.000219196 seconds
plan limit 980
current timestep 268
num of flexible agents: 64
num of flexible tasks: 0
Solving time: 0.000210753 seconds
plan limit 980
current timestep 269
num of flexible agents: 65
num of flexible tasks: 0
Solving time: 0.000221472 seconds
plan limit 980
current timestep 270
num of flexible agents: 67
num of flexible tasks: 0
Solving time: 0.000226346 seconds
plan limit 980
current timestep 271
num of flexible agents: 68
num of flexible tasks: 0
Solving time: 0.00022513 seconds
plan limit 980
current timestep 272
num of flexible agents: 69
num of flexible tasks: 0
Solving time: 0.000250462 seconds
plan limit 980
current timestep 273
num of flexible agents: 70
num of flexible tasks: 0
Solving time: 0.00022035 seconds
plan limit 980
current timestep 274
num of flexible agents: 70
num of flexible tasks: 0
Solving time: 0.000240106 seconds
plan limit 980
current timestep 275
num of flexible agents: 71
num of flexible tasks: 0
Solving time: 0.000228114 seconds
plan limit 980
current timestep 276
num of flexible agents: 72
num of flexible tasks: 0
Solving time: 0.000210043 seconds
plan limit 980
current timestep 277
num of flexible agents: 73
num of flexible tasks: 0
Solving time: 0.000212444 seconds
plan limit 980
current timestep 278
num of flexible agents: 73
num of flexible tasks: 0
Solving time: 0.000218832 seconds
plan limit 980
current timestep 279
num of flexible agents: 73
num of flexible tasks: 0
Solving time: 0.000231692 seconds
plan limit 980
current timestep 280
num of flexible agents: 75
num of flexible tasks: 0
Solving time: 0.000233412 seconds
plan limit 980
current timestep 281
num of flexible agents: 77
num of flexible tasks: 0
Solving time: 0.000245187 seconds
plan limit 980
current timestep 282
num of flexible agents: 77
num of flexible tasks: 0
Solving time: 0.000217892 seconds
plan limit 980
current timestep 283
num of flexible agents: 78
num of flexible tasks: 0
Solving time: 0.000215522 seconds
plan limit 980
current timestep 284
num of flexible agents: 78
num of flexible tasks: 0
Solving time: 0.000211513 seconds
plan limit 980
current timestep 285
num of flexible agents: 78
num of flexible tasks: 0
Solving time: 0.000232484 seconds
plan limit 980
current timestep 286
num of flexible agents: 78
num of flexible tasks: 0
Solving time: 0.000228182 seconds
plan limit 980
current timestep 287
num of flexible agents: 78
num of flexible tasks: 0
Solving time: 0.00023277 seconds
plan limit 980
current timestep 288
num of flexible agents: 78
num of flexible tasks: 0
Solving time: 0.000198675 seconds
plan limit 980
current timestep 289
num of flexible agents: 78
num of flexible tasks: 0
Solving time: 0.000252722 seconds
plan limit 980
current timestep 290
num of flexible agents: 79
num of flexible tasks: 0
Solving time: 0.000233641 seconds
plan limit 980
current timestep 291
num of flexible agents: 79
num of flexible tasks: 0
Solving time: 0.000254504 seconds
plan limit 980
current timestep 292
num of flexible agents: 79
num of flexible tasks: 0
Solving time: 0.000213799 seconds
plan limit 980
current timestep 293
num of flexible agents: 79
num of flexible tasks: 0
Solving time: 0.000217755 seconds
plan limit 980
current timestep 294
num of flexible agents: 79
num of flexible tasks: 0
Solving time: 0.00023024 seconds
plan limit 980
current timestep 295
num of flexible agents: 79
num of flexible tasks: 0
Solving time: 0.000216012 seconds
plan limit 980
current timestep 296
num of flexible agents: 79
num of flexible tasks: 0
Solving time: 0.000227098 seconds
plan limit 980
All tasks finished at timestep 297
