current timestep 0
num of flexible agents: 80
num of flexible tasks: 2
Solving time: 0.000323768 seconds
plan limit 980
current timestep 1
num of flexible agents: 80
num of flexible tasks: 4
Solving time: 0.000309221 seconds
plan limit 980
current timestep 2
num of flexible agents: 80
num of flexible tasks: 6
Solving time: 0.000287817 seconds
plan limit 980
current timestep 3
num of flexible agents: 80
num of flexible tasks: 8
Solving time: 0.000273273 seconds
plan limit 980
current timestep 4
num of flexible agents: 78
num of flexible tasks: 8
Solving time: 0.000281198 seconds
plan limit 980
current timestep 5
num of flexible agents: 78
num of flexible tasks: 10
Solving time: 0.000277975 seconds
plan limit 980
current timestep 6
num of flexible agents: 76
num of flexible tasks: 10
Solving time: 0.000306858 seconds
plan limit 980
current timestep 7
num of flexible agents: 75
num of flexible tasks: 11
Solving time: 0.000293263 seconds
plan limit 980
current timestep 8
num of flexible agents: 70
num of flexible tasks: 8
Solving time: 0.000285172 seconds
plan limit 980
current timestep 9
num of flexible agents: 69
num of flexible tasks: 9
Solving time: 0.000314136 seconds
plan limit 980
current timestep 10
num of flexible agents: 66
num of flexible tasks: 8
Solving time: 0.000321226 seconds
plan limit 980
current timestep 11
num of flexible agents: 66
num of flexible tasks: 10
Solving time: 0.000349567 seconds
plan limit 980
current timestep 12
num of flexible agents: 63
num of flexible tasks: 9
Solving time: 0.000319876 seconds
plan limit 980
current timestep 13
num of flexible agents: 63
num of flexible tasks: 11
Solving time: 0.000302411 seconds
plan limit 980
current timestep 14
num of flexible agents: 63
num of flexible tasks: 13
Solving time: 0.000332185 seconds
plan limit 980
current timestep 15
num of flexible agents: 57
num of flexible tasks: 9
Solving time: 0.000251385 seconds
plan limit 980
current timestep 16
num of flexible agents: 56
num of flexible tasks: 10
Solving time: 0.000301371 seconds
plan limit 980
current timestep 17
num of flexible agents: 55
num of flexible tasks: 11
Solving time: 0.000298717 seconds
plan limit 980
current timestep 18
num of flexible agents: 55
num of flexible tasks: 11
Solving time: 0.000320515 seconds
plan limit 980
current timestep 19
num of flexible agents: 53
num of flexible tasks: 11
Solving time: 0.000334112 seconds
plan limit 980
current timestep 20
num of flexible agents: 50
num of flexible tasks: 10
Solving time: 0.000268826 seconds
plan limit 980
current timestep 21
num of flexible agents: 50
num of flexible tasks: 12
Solving time: 0.000293745 seconds
plan limit 980
current timestep 22
num of flexible agents: 47
num of flexible tasks: 11
Solving time: 0.000334044 seconds
plan limit 980
current timestep 23
num of flexible agents: 46
num of flexible tasks: 12
Solving time: 0.000342865 seconds
plan limit 980
current timestep 24
num of flexible agents: 45
num of flexible tasks: 12
Solving time: 0.000352361 seconds
plan limit 980
current timestep 25
num of flexible agents: 46
num of flexible tasks: 13
Solving time: 0.000381416 seconds
plan limit 980
current timestep 26
num of flexible agents: 46
num of flexible tasks: 14
Solving time: 0.000342388 seconds
plan limit 980
current timestep 27
num of flexible agents: 45
num of flexible tasks: 15
Solving time: 0.000362757 seconds
plan limit 980
current timestep 28
num of flexible agents: 45
num of flexible tasks: 16
Solving time: 0.000366307 seconds
plan limit 980
current timestep 29
num of flexible agents: 42
num of flexible tasks: 14
Solving time: 0.00036167 seconds
plan limit 980
current timestep 30
num of flexible agents: 43
num of flexible tasks: 15
Solving time: 0.000311416 seconds
plan limit 980
current timestep 31
num of flexible agents: 42
num of flexible tasks: 15
Solving time: 0.000348556 seconds
plan limit 980
current timestep 32
num of flexible agents: 45
num of flexible tasks: 17
Solving time: 0.000322405 seconds
plan limit 980
current timestep 33
num of flexible agents: 45
num of flexible tasks: 16
Solving time: 0.000332486 seconds
plan limit 980
current timestep 34
num of flexible agents: 45
num of flexible tasks: 16
Solving time: 0.000306154 seconds
plan limit 980
current timestep 35
num of flexible agents: 45
num of flexible tasks: 17
Solving time: 0.000318788 seconds
plan limit 980
current timestep 36
num of flexible agents: 44
num of flexible tasks: 15
Solving time: 0.000330112 seconds
plan limit 980
current timestep 37
num of flexible agents: 44
num of flexible tasks: 16
Solving time: 0.00033762 seconds
plan limit 980
current timestep 38
num of flexible agents: 42
num of flexible tasks: 15
Solving time: 0.000295007 seconds
plan limit 980
current timestep 39
num of flexible agents: 40
num of flexible tasks: 15
Solving time: 0.000332516 seconds
plan limit 980
current timestep 40
num of flexible agents: 37
num of flexible tasks: 14
Solving time: 0.000287722 seconds
plan limit 980
current timestep 41
num of flexible agents: 40
num of flexible tasks: 16
Solving time: 0.000295325 seconds
plan limit 980
current timestep 42
num of flexible agents: 38
num of flexible tasks: 14
Solving time: 0.000300055 seconds
plan limit 980
current timestep 43
num of flexible agents: 36
num of flexible tasks: 12
Solving time: 0.0002905 seconds
plan limit 980
current timestep 44
num of flexible agents: 37
num of flexible tasks: 13
Solving time: 0.000310645 seconds
plan limit 980
current timestep 45
num of flexible agents: 32
num of flexible tasks: 10
Solving time: 0.00028714 seconds
plan limit 980
current timestep 46
num of flexible agents: 34
num of flexible tasks: 12
Solving time: 0.000311819 seconds
plan limit 980
current timestep 47
num of flexible agents: 36
num of flexible tasks: 12
Solving time: 0.000255551 seconds
plan limit 980
current timestep 48
num of flexible agents: 32
num of flexible tasks: 10
Solving time: 0.000262878 seconds
plan limit 980
current timestep 49
num of flexible agents: 33
num of flexible tasks: 11
Solving time: 0.000257245 seconds
plan limit 980
current timestep 50
num of flexible agents: 31
num of flexible tasks: 11
Solving time: 0.000322387 seconds
plan limit 980
current timestep 51
num of flexible agents: 33
num of flexible tasks: 11
Solving time: 0.000294401 seconds
plan limit 980
current timestep 52
num of flexible agents: 34
num of flexible tasks: 12
Solving time: 0.000289316 seconds
plan limit 980
current timestep 53
num of flexible agents: 35
num of flexible tasks: 12
Solving time: 0.000341939 seconds
plan limit 980
current timestep 54
num of flexible agents: 35
num of flexible tasks: 13
Solving time: 0.000336991 seconds
plan limit 980
current timestep 55
num of flexible agents: 36
num of flexible tasks: 13
Solving time: 0.000352336 seconds
plan limit 980
current timestep 56
num of flexible agents: 35
num of flexible tasks: 13
Solving time: 0.000332738 seconds
plan limit 980
current timestep 57
num of flexible agents: 34
num of flexible tasks: 14
Solving time: 0.000339287 seconds
plan limit 980
current timestep 58
num of flexible agents: 32
num of flexible tasks: 13
Solving time: 0.000331285 seconds
plan limit 980
current timestep 59
num of flexible agents: 33
num of flexible tasks: 14
Solving time: 0.000315938 seconds
plan limit 980
current timestep 60
num of flexible agents: 30
num of flexible tasks: 12
Solving time: 0.000302739 seconds
plan limit 980
current timestep 61
num of flexible agents: 28
num of flexible tasks: 11
Solving time: 0.000307928 seconds
plan limit 980
current timestep 62
num of flexible agents: 29
num of flexible tasks: 12
Solving time: 0.000299563 seconds
plan limit 980
current timestep 63
num of flexible agents: 32
num of flexible tasks: 13
Solving time: 0.000316189 seconds
plan limit 980
current timestep 64
num of flexible agents: 34
num of flexible tasks: 12
Solving time: 0.000302796 seconds
plan limit 980
current timestep 65
num of flexible agents: 34
num of flexible tasks: 9
Solving time: 0.000285328 seconds
plan limit 980
current timestep 66
num of flexible agents: 33
num of flexible tasks: 9
Solving time: 0.000252722 seconds
plan limit 980
current timestep 67
num of flexible agents: 33
num of flexible tasks: 9
Solving time: 0.000284628 seconds
plan limit 980
current timestep 68
num of flexible agents: 30
num of flexible tasks: 7
Solving time: 0.000301471 seconds
plan limit 980
current timestep 69
num of flexible agents: 28
num of flexible tasks: 6
Solving time: 0.000291578 seconds
plan limit 980
current timestep 70
num of flexible agents: 28
num of flexible tasks: 6
Solving time: 0.000278289 seconds
plan limit 980
current timestep 71
num of flexible agents: 29
num of flexible tasks: 8
Solving time: 0.000286273 seconds
plan limit 980
current timestep 72
num of flexible agents: 29
num of flexible tasks: 9
Solving time: 0.000268982 seconds
plan limit 980
current timestep 73
num of flexible agents: 27
num of flexible tasks: 8
Solving time: 0.000280152 seconds
plan limit 980
current timestep 74
num of flexible agents: 30
num of flexible tasks: 9
Solving time: 0.000249344 seconds
plan limit 980
current timestep 75
num of flexible agents: 29
num of flexible tasks: 8
Solving time: 0.000279755 seconds
plan limit 980
current timestep 76
num of flexible agents: 28
num of flexible tasks: 8
Solving time: 0.000310344 seconds
plan limit 980
current timestep 77
num of flexible agents: 29
num of flexible tasks: 10
Solving time: 0.000289063 seconds
plan limit 980
current timestep 78
num of flexible agents: 28
num of flexible tasks: 9
Solving time: 0.000292034 seconds
plan limit 980
current timestep 79
num of flexible agents: 30
num of flexible tasks: 11
Solving time: 0.000269769 seconds
plan limit 980
current timestep 80
num of flexible agents: 30
num of flexible tasks: 10
Solving time: 0.000328781 seconds
plan limit 980
current timestep 81
num of flexible agents: 34
num of flexible tasks: 11
Solving time: 0.000290383 seconds
plan limit 980
current timestep 82
num of flexible agents: 35
num of flexible tasks: 11
Solving time: 0.000350004 seconds
plan limit 980
current timestep 83
num of flexible agents: 35
num of flexible tasks: 10
Solving time: 0.000310286 seconds
plan limit 980
current timestep 84
num of flexible agents: 35
num of flexible tasks: 11
Solving time: 0.000315223 seconds
plan limit 980
current timestep 85
num of flexible agents: 36
num of flexible tasks: 10
Solving time: 0.000321478 seconds
plan limit 980
current timestep 86
num of flexible agents: 37
num of flexible tasks: 10
Solving time: 0.000340631 seconds
plan limit 980
current timestep 87
num of flexible agents: 37
num of flexible tasks: 11
Solving time: 0.000293258 seconds
plan limit 980
current timestep 88
num of flexible agents: 37
num of flexible tasks: 12
Solving time: 0.000364335 seconds
plan limit 980
current timestep 89
num of flexible agents: 37
num of flexible tasks: 12
Solving time: 0.000291106 seconds
plan limit 980
current timestep 90
num of flexible agents: 40
num of flexible tasks: 12
Solving time: 0.000332022 seconds
plan limit 980
current timestep 91
num of flexible agents: 40
num of flexible tasks: 12
Solving time: 0.000350157 seconds
plan limit 980
current timestep 92
num of flexible agents: 40
num of flexible tasks: 9
Solving time: 0.000267977 seconds
plan limit 980
current timestep 93
num of flexible agents: 41
num of flexible tasks: 9
Solving time: 0.000282831 seconds
plan limit 980
current timestep 94
num of flexible agents: 38
num of flexible tasks: 6
Solving time: 0.000278395 seconds
plan limit 980
current timestep 95
num of flexible agents: 37
num of flexible tasks: 6
Solving time: 0.000254269 seconds
plan limit 980
current timestep 96
num of flexible agents: 41
num of flexible tasks: 7
Solving time: 0.000296459 seconds
plan limit 980
current timestep 97
num of flexible agents: 41
num of flexible tasks: 6
Solving time: 0.000302497 seconds
plan limit 980
current timestep 98
num of flexible agents: 40
num of flexible tasks: 5
Solving time: 0.000242152 seconds
plan limit 980
current timestep 99
num of flexible agents: 39
num of flexible tasks: 6
Solving time: 0.000301203 seconds
plan limit 980
current timestep 100
num of flexible agents: 40
num of flexible tasks: 7
Solving time: 0.000298837 seconds
plan limit 980
current timestep 101
num of flexible agents: 40
num of flexible tasks: 7
Solving time: 0.000277876 seconds
plan limit 980
current timestep 102
num of flexible agents: 39
num of flexible tasks: 8
Solving time: 0.000266001 seconds
plan limit 980
current timestep 103
num of flexible agents: 40
num of flexible tasks: 8
Solving time: 0.000276584 seconds
plan limit 980
current timestep 104
num of flexible agents: 42
num of flexible tasks: 9
Solving time: 0.0003078 seconds
plan limit 980
current timestep 105
num of flexible agents: 40
num of flexible tasks: 8
Solving time: 0.00030474 seconds
plan limit 980
current timestep 106
num of flexible agents: 39
num of flexible tasks: 8
Solving time: 0.000279248 seconds
plan limit 980
current timestep 107
num of flexible agents: 40
num of flexible tasks: 8
Solving time: 0.000259453 seconds
plan limit 980
current timestep 108
num of flexible agents: 39
num of flexible tasks: 8
Solving time: 0.0002892 seconds
plan limit 980
current timestep 109
num of flexible agents: 43
num of flexible tasks: 8
Solving time: 0.000227565 seconds
plan limit 980
current timestep 110
num of flexible agents: 44
num of flexible tasks: 8
Solving time: 0.000281343 seconds
plan limit 980
current timestep 111
num of flexible agents: 45
num of flexible tasks: 8
Solving time: 0.000290516 seconds
plan limit 980
current timestep 112
num of flexible agents: 45
num of flexible tasks: 7
Solving time: 0.000280048 seconds
plan limit 980
current timestep 113
num of flexible agents: 44
num of flexible tasks: 7
Solving time: 0.000298482 seconds
plan limit 980
current timestep 114
num of flexible agents: 44
num of flexible tasks: 8
Solving time: 0.000250146 seconds
plan limit 980
current timestep 115
num of flexible agents: 41
num of flexible tasks: 6
Solving time: 0.000251479 seconds
plan limit 980
current timestep 116
num of flexible agents: 41
num of flexible tasks: 7
Solving time: 0.000300573 seconds
plan limit 980
current timestep 117
num of flexible agents: 37
num of flexible tasks: 5
Solving time: 0.000284358 seconds
plan limit 980
current timestep 118
num of flexible agents: 37
num of flexible tasks: 5
Solving time: 0.00028405 seconds
plan limit 980
current timestep 119
num of flexible agents: 37
num of flexible tasks: 6
Solving time: 0.000260691 seconds
plan limit 980
current timestep 120
num of flexible agents: 36
num of flexible tasks: 6
Solving time: 0.000272059 seconds
plan limit 980
current timestep 121
num of flexible agents: 37
num of flexible tasks: 7
Solving time: 0.000360387 seconds
plan limit 980
current timestep 122
num of flexible agents: 38
num of flexible tasks: 9
Solving time: 0.000247723 seconds
plan limit 980
current timestep 123
num of flexible agents: 40
num of flexible tasks: 9
Solving time: 0.000269866 seconds
plan limit 980
current timestep 124
num of flexible agents: 41
num of flexible tasks: 9
Solving time: 0.00028428 seconds
plan limit 980
current timestep 125
num of flexible agents: 41
num of flexible tasks: 9
Solving time: 0.000276355 seconds
plan limit 980
current timestep 126
num of flexible agents: 39
num of flexible tasks: 7
Solving time: 0.000290593 seconds
plan limit 980
current timestep 127
num of flexible agents: 39
num of flexible tasks: 8
Solving time: 0.000307331 seconds
plan limit 980
current timestep 128
num of flexible agents: 40
num of flexible tasks: 8
Solving time: 0.000301238 seconds
plan limit 980
current timestep 129
num of flexible agents: 39
num of flexible tasks: 8
Solving time: 0.000310938 seconds
plan limit 980
current timestep 130
num of flexible agents: 43
num of flexible tasks: 9
Solving time: 0.000279612 seconds
plan limit 980
current timestep 131
num of flexible agents: 43
num of flexible tasks: 10
Solving time: 0.000291483 seconds
plan limit 980
current timestep 132
num of flexible agents: 44
num of flexible tasks: 12
Solving time: 0.00030903 seconds
plan limit 980
current timestep 133
num of flexible agents: 43
num of flexible tasks: 11
Solving time: 0.000263214 seconds
plan limit 980
current timestep 134
num of flexible agents: 44
num of flexible tasks: 12
Solving time: 0.000311984 seconds
plan limit 980
current timestep 135
num of flexible agents: 41
num of flexible tasks: 10
Solving time: 0.000329767 seconds
plan limit 980
current timestep 136
num of flexible agents: 43
num of flexible tasks: 12
Solving time: 0.000335929 seconds
plan limit 980
current timestep 137
num of flexible agents: 44
num of flexible tasks: 11
Solving time: 0.000305178 seconds
plan limit 980
current timestep 138
num of flexible agents: 40
num of flexible tasks: 9
Solving time: 0.000336519 seconds
plan limit 980
current timestep 139
num of flexible agents: 38
num of flexible tasks: 9
Solving time: 0.000294636 seconds
plan limit 980
current timestep 140
num of flexible agents: 39
num of flexible tasks: 11
Solving time: 0.000337812 seconds
plan limit 980
current timestep 141
num of flexible agents: 42
num of flexible tasks: 13
Solving time: 0.000373917 seconds
plan limit 980
current timestep 142
num of flexible agents: 43
num of flexible tasks: 14
Solving time: 0.000299122 seconds
plan limit 980
current timestep 143
num of flexible agents: 44
num of flexible tasks: 15
Solving time: 0.000315108 seconds
plan limit 980
current timestep 144
num of flexible agents: 39
num of flexible tasks: 11
Solving time: 0.00029177 seconds
plan limit 980
current timestep 145
num of flexible agents: 37
num of flexible tasks: 9
Solving time: 0.000287496 seconds
plan limit 980
current timestep 146
num of flexible agents: 40
num of flexible tasks: 10
Solving time: 0.00025141 seconds
plan limit 980
current timestep 147
num of flexible agents: 37
num of flexible tasks: 8
Solving time: 0.000245134 seconds
plan limit 980
current timestep 148
num of flexible agents: 37
num of flexible tasks: 8
Solving time: 0.000238541 seconds
plan limit 980
current timestep 149
num of flexible agents: 37
num of flexible tasks: 9
Solving time: 0.000303913 seconds
plan limit 980
current timestep 150
num of flexible agents: 37
num of flexible tasks: 9
Solving time: 0.000256996 seconds
plan limit 980
current timestep 151
num of flexible agents: 36
num of flexible tasks: 10
Solving time: 0.000249246 seconds
plan limit 980
current timestep 152
num of flexible agents: 37
num of flexible tasks: 9
Solving time: 0.000261737 seconds
plan limit 980
current timestep 153
num of flexible agents: 34
num of flexible tasks: 8
Solving time: 0.000253354 seconds
plan limit 980
current timestep 154
num of flexible agents: 32
num of flexible tasks: 8
Solving time: 0.000261272 seconds
plan limit 980
current timestep 155
num of flexible agents: 31
num of flexible tasks: 8
Solving time: 0.000263889 seconds
plan limit 980
current timestep 156
num of flexible agents: 30
num of flexible tasks: 7
Solving time: 0.000308029 seconds
plan limit 980
current timestep 157
num of flexible agents: 31
num of flexible tasks: 7
Solving time: 0.00025946 seconds
plan limit 980
current timestep 158
num of flexible agents: 33
num of flexible tasks: 9
Solving time: 0.000261073 seconds
plan limit 980
current timestep 159
num of flexible agents: 33
num of flexible tasks: 11
Solving time: 0.000298872 seconds
plan limit 980
current timestep 160
num of flexible agents: 32
num of flexible tasks: 10
Solving time: 0.000302501 seconds
plan limit 980
current timestep 161
num of flexible agents: 33
num of flexible tasks: 10
Solving time: 0.00027234 seconds
plan limit 980
current timestep 162
num of flexible agents: 31
num of flexible tasks: 8
Solving time: 0.000266834 seconds
plan limit 980
current timestep 163
num of flexible agents: 28
num of flexible tasks: 6
Solving time: 0.000271934 seconds
plan limit 980
current timestep 164
num of flexible agents: 29
num of flexible tasks: 6
Solving time: 0.000271965 seconds
plan limit 980
current timestep 165
num of flexible agents: 31
num of flexible tasks: 6
Solving time: 0.000288471 seconds
plan limit 980
current timestep 166
num of flexible agents: 31
num of flexible tasks: 7
Solving time: 0.000306114 seconds
plan limit 980
current timestep 167
num of flexible agents: 29
num of flexible tasks: 7
Solving time: 0.000305959 seconds
plan limit 980
current timestep 168
num of flexible agents: 28
num of flexible tasks: 7
Solving time: 0.000326725 seconds
plan limit 980
current timestep 169
num of flexible agents: 29
num of flexible tasks: 7
Solving time: 0.000314262 seconds
plan limit 980
current timestep 170
num of flexible agents: 31
num of flexible tasks: 9
Solving time: 0.000313174 seconds
plan limit 980
current timestep 171
num of flexible agents: 34
num of flexible tasks: 10
Solving time: 0.000313733 seconds
plan limit 980
current timestep 172
num of flexible agents: 35
num of flexible tasks: 10
Solving time: 0.000331816 seconds
plan limit 980
current timestep 173
num of flexible agents: 35
num of flexible tasks: 10
Solving time: 0.000311004 seconds
plan limit 980
current timestep 174
num of flexible agents: 36
num of flexible tasks: 10
Solving time: 0.000313097 seconds
plan limit 980
current timestep 175
num of flexible agents: 35
num of flexible tasks: 9
Solving time: 0.000302762 seconds
plan limit 980
current timestep 176
num of flexible agents: 35
num of flexible tasks: 9
Solving time: 0.000282346 seconds
plan limit 980
current timestep 177
num of flexible agents: 38
num of flexible tasks: 10
Solving time: 0.000275504 seconds
plan limit 980
current timestep 178
num of flexible agents: 38
num of flexible tasks: 12
Solving time: 0.00029569 seconds
plan limit 980
current timestep 179
num of flexible agents: 40
num of flexible tasks: 14
Solving time: 0.000293659 seconds
plan limit 980
current timestep 180
num of flexible agents: 37
num of flexible tasks: 11
Solving time: 0.000287487 seconds
plan limit 980
current timestep 181
num of flexible agents: 36
num of flexible tasks: 10
Solving time: 0.00026341 seconds
plan limit 980
current timestep 182
num of flexible agents: 39
num of flexible tasks: 10
Solving time: 0.000294064 seconds
plan limit 980
current timestep 183
num of flexible agents: 39
num of flexible tasks: 9
Solving time: 0.0002925 seconds
plan limit 980
current timestep 184
num of flexible agents: 40
num of flexible tasks: 8
Solving time: 0.000299478 seconds
plan limit 980
current timestep 185
num of flexible agents: 39
num of flexible tasks: 8
Solving time: 0.000274168 seconds
plan limit 980
current timestep 186
num of flexible agents: 38
num of flexible tasks: 7
Solving time: 0.000278848 seconds
plan limit 980
current timestep 187
num of flexible agents: 38
num of flexible tasks: 8
Solving time: 0.000285492 seconds
plan limit 980
current timestep 188
num of flexible agents: 37
num of flexible tasks: 7
Solving time: 0.000301806 seconds
plan limit 980
current timestep 189
num of flexible agents: 38
num of flexible tasks: 7
Solving time: 0.000307234 seconds
plan limit 980
current timestep 190
num of flexible agents: 38
num of flexible tasks: 7
Solving time: 0.000274046 seconds
plan limit 980
current timestep 191
num of flexible agents: 37
num of flexible tasks: 6
Solving time: 0.000251802 seconds
plan limit 980
current timestep 192
num of flexible agents: 38
num of flexible tasks: 6
Solving time: 0.000279126 seconds
plan limit 980
current timestep 193
num of flexible agents: 37
num of flexible tasks: 7
Solving time: 0.000279667 seconds
plan limit 980
current timestep 194
num of flexible agents: 36
num of flexible tasks: 6
Solving time: 0.00027336 seconds
plan limit 980
current timestep 195
num of flexible agents: 36
num of flexible tasks: 6
Solving time: 0.000294517 seconds
plan limit 980
current timestep 196
num of flexible agents: 36
num of flexible tasks: 6
Solving time: 0.000291472 seconds
plan limit 980
current timestep 197
num of flexible agents: 35
num of flexible tasks: 6
Solving time: 0.000266646 seconds
plan limit 980
current timestep 198
num of flexible agents: 37
num of flexible tasks: 7
Solving time: 0.000272804 seconds
plan limit 980
current timestep 199
num of flexible agents: 37
num of flexible tasks: 8
Solving time: 0.000282103 seconds
plan limit 980
current timestep 200
num of flexible agents: 36
num of flexible tasks: 7
Solving time: 0.000287692 seconds
plan limit 980
current timestep 201
num of flexible agents: 37
num of flexible tasks: 9
Solving time: 0.000280293 seconds
plan limit 980
current timestep 202
num of flexible agents: 35
num of flexible tasks: 7
Solving time: 0.00026494 seconds
plan limit 980
current timestep 203
num of flexible agents: 34
num of flexible tasks: 7
Solving time: 0.000302973 seconds
plan limit 980
current timestep 204
num of flexible agents: 32
num of flexible tasks: 6
Solving time: 0.000282913 seconds
plan limit 980
current timestep 205
num of flexible agents: 31
num of flexible tasks: 7
Solving time: 0.000254016 seconds
plan limit 980
current timestep 206
num of flexible agents: 33
num of flexible tasks: 7
Solving time: 0.000266349 seconds
plan limit 980
current timestep 207
num of flexible agents: 33
num of flexible tasks: 7
Solving time: 0.000277638 seconds
plan limit 980
current timestep 208
num of flexible agents: 36
num of flexible tasks: 7
Solving time: 0.000265118 seconds
plan limit 980
current timestep 209
num of flexible agents: 39
num of flexible tasks: 8
Solving time: 0.000255749 seconds
plan limit 980
current timestep 210
num of flexible agents: 38
num of flexible tasks: 7
Solving time: 0.000261751 seconds
plan limit 980
current timestep 211
num of flexible agents: 40
num of flexible tasks: 8
Solving time: 0.000306205 seconds
plan limit 980
current timestep 212
num of flexible agents: 36
num of flexible tasks: 6
Solving time: 0.000254118 seconds
plan limit 980
current timestep 213
num of flexible agents: 33
num of flexible tasks: 5
Solving time: 0.000241683 seconds
plan limit 980
current timestep 214
num of flexible agents: 33
num of flexible tasks: 6
Solving time: 0.000273213 seconds
plan limit 980
current timestep 215
num of flexible agents: 34
num of flexible tasks: 5
Solving time: 0.000262 seconds
plan limit 980
current timestep 216
num of flexible agents: 38
num of flexible tasks: 6
Solving time: 0.000290307 seconds
plan limit 980
current timestep 217
num of flexible agents: 38
num of flexible tasks: 7
Solving time: 0.000277172 seconds
plan limit 980
current timestep 218
num of flexible agents: 38
num of flexible tasks: 7
Solving time: 0.000255731 seconds
plan limit 980
current timestep 219
num of flexible agents: 43
num of flexible tasks: 8
Solving time: 0.000291649 seconds
plan limit 980
current timestep 220
num of flexible agents: 41
num of flexible tasks: 6
Solving time: 0.000266743 seconds
plan limit 980
current timestep 221
num of flexible agents: 39
num of flexible tasks: 5
Solving time: 0.000278217 seconds
plan limit 980
current timestep 222
num of flexible agents: 40
num of flexible tasks: 5
Solving time: 0.000286195 seconds
plan limit 980
current timestep 223
num of flexible agents: 41
num of flexible tasks: 6
Solving time: 0.000279177 seconds
plan limit 980
current timestep 224
num of flexible agents: 44
num of flexible tasks: 8
Solving time: 0.000281441 seconds
plan limit 980
current timestep 225
num of flexible agents: 44
num of flexible tasks: 9
Solving time: 0.000308543 seconds
plan limit 980
current timestep 226
num of flexible agents: 45
num of flexible tasks: 10
Solving time: 0.000296346 seconds
plan limit 980
current timestep 227
num of flexible agents: 45
num of flexible tasks: 9
Solving time: 0.000260115 seconds
plan limit 980
current timestep 228
num of flexible agents: 44
num of flexible tasks: 8
Solving time: 0.000280913 seconds
plan limit 980
current timestep 229
num of flexible agents: 43
num of flexible tasks: 8
Solving time: 0.000273205 seconds
plan limit 980
current timestep 230
num of flexible agents: 42
num of flexible tasks: 8
Solving time: 0.000274381 seconds
plan limit 980
current timestep 231
num of flexible agents: 39
num of flexible tasks: 7
Solving time: 0.000302545 seconds
plan limit 980
current timestep 232
num of flexible agents: 40
num of flexible tasks: 8
Solving time: 0.000286333 seconds
plan limit 980
current timestep 233
num of flexible agents: 43
num of flexible tasks: 10
Solving time: 0.000292287 seconds
plan limit 980
current timestep 234
num of flexible agents: 40
num of flexible tasks: 8
Solving time: 0.000237658 seconds
plan limit 980
current timestep 235
num of flexible agents: 37
num of flexible tasks: 5
Solving time: 0.000245959 seconds
plan limit 980
current timestep 236
num of flexible agents: 37
num of flexible tasks: 6
Solving time: 0.000291092 seconds
plan limit 980
current timestep 237
num of flexible agents: 39
num of flexible tasks: 6
Solving time: 0.000250618 seconds
plan limit 980
current timestep 238
num of flexible agents: 42
num of flexible tasks: 8
Solving time: 0.000246067 seconds
plan limit 980
current timestep 239
num of flexible agents: 42
num of flexible tasks: 10
Solving time: 0.000283274 seconds
plan limit 980
current timestep 240
num of flexible agents: 45
num of flexible tasks: 12
Solving time: 0.000284301 seconds
plan limit 980
current timestep 241
num of flexible agents: 44
num of flexible tasks: 10
Solving time: 0.000277032 seconds
plan limit 980
current timestep 242
num of flexible agents: 45
num of flexible tasks: 11
Solving time: 0.000266357 seconds
plan limit 980
current timestep 243
num of flexible agents: 45
num of flexible tasks: 12
Solving time: 0.000260852 seconds
plan limit 980
current timestep 244
num of flexible agents: 40
num of flexible tasks: 8
Solving time: 0.000283181 seconds
plan limit 980
current timestep 245
num of flexible agents: 42
num of flexible tasks: 9
Solving time: 0.000268413 seconds
plan limit 980
current timestep 246
num of flexible agents: 43
num of flexible tasks: 8
Solving time: 0.000247929 seconds
plan limit 980
current timestep 247
num of flexible agents: 42
num of flexible tasks: 8
Solving time: 0.000273448 seconds
plan limit 980
current timestep 248
num of flexible agents: 40
num of flexible tasks: 8
Solving time: 0.000300219 seconds
plan limit 980
current timestep 249
num of flexible agents: 40
num of flexible tasks: 5
Solving time: 0.000233055 seconds
plan limit 980
current timestep 250
num of flexible agents: 39
num of flexible tasks: 3
Solving time: 0.000241331 seconds
plan limit 980
current timestep 251
num of flexible agents: 38
num of flexible tasks: 1
Solving time: 0.000219013 seconds
plan limit 980
current timestep 252
num of flexible agents: 38
num of flexible tasks: 0
Solving time: 0.000238648 seconds
plan limit 980
current timestep 253
num of flexible agents: 40
num of flexible tasks: 0
Solving time: 0.00022685 seconds
plan limit 980
current timestep 254
num of flexible agents: 45
num of flexible tasks: 0
Solving time: 0.000214231 seconds
plan limit 980
current timestep 255
num of flexible agents: 48
num of flexible tasks: 0
Solving time: 0.000223223 seconds
plan limit 980
current timestep 256
num of flexible agents: 51
num of flexible tasks: 0
Solving time: 0.000209962 seconds
plan limit 980
current timestep 257
num of flexible agents: 52
num of flexible tasks: 0
Solving time: 0.000243185 seconds
plan limit 980
current timestep 258
num of flexible agents: 52
num of flexible tasks: 0
Solving time: 0.000211515 seconds
plan limit 980
current timestep 259
num of flexible agents: 52
num of flexible tasks: 0
Solving time: 0.00022713 seconds
plan limit 980
current timestep 260
num of flexible agents: 56
num of flexible tasks: 0
Solving time: 0.000216983 seconds
plan limit 980
current timestep 261
num of flexible agents: 57
num of flexible tasks: 0
Solving time: 0.00023151 seconds
plan limit 980
current timestep 262
num of flexible agents: 59
num of flexible tasks: 0
Solving time: 0.000220714 seconds
plan limit 980
current timestep 263
num of flexible agents: 63
num of flexible tasks: 0
Solving time: 0.000223777 seconds
plan limit 980
current timestep 264
num of flexible agents: 64
num of flexible tasks: 0
Solving time: 0.000232778 seconds
plan limit 980
current timestep 265
num of flexible agents: 65
num of flexible tasks: 0
Solving time: 0.000219971 seconds
plan limit 980
current timestep 266
num of flexible agents: 66
num of flexible tasks: 0
Solving time: 0.000228815 seconds
plan limit 980
current timestep 267
num of flexible agents: 67
num of flexible tasks: 0
Solving time: 0.000218263 seconds
plan limit 980
current timestep 268
num of flexible agents: 68
num of flexible tasks: 0
Solving time: 0.000225834 seconds
plan limit 980
current timestep 269
num of flexible agents: 70
num of flexible tasks: 0
Solving time: 0.000217291 seconds
plan limit 980
current timestep 270
num of flexible agents: 70
num of flexible tasks: 0
Solving time: 0.000230814 seconds
plan limit 980
current timestep 271
num of flexible agents: 73
num of flexible tasks: 0
Solving time: 0.000237675 seconds
plan limit 980
current timestep 272
num of flexible agents: 75
num of flexible tasks: 0
Solving time: 0.000216129 seconds
plan limit 980
current timestep 273
num of flexible agents: 75
num of flexible tasks: 0
Solving time: 0.000226763 seconds
plan limit 980
current timestep 274
num of flexible agents: 75
num of flexible tasks: 0
Solving time: 0.000222705 seconds
plan limit 980
current timestep 275
num of flexible agents: 76
num of flexible tasks: 0
Solving time: 0.000222096 seconds
plan limit 980
current timestep 276
num of flexible agents: 77
num of flexible tasks: 0
Solving time: 0.000223457 seconds
plan limit 980
current timestep 277
num of flexible agents: 78
num of flexible tasks: 0
Solving time: 0.000210529 seconds
plan limit 980
current timestep 278
num of flexible agents: 78
num of flexible tasks: 0
Solving time: 0.000236157 seconds
plan limit 980
current timestep 279
num of flexible agents: 78
num of flexible tasks: 0
Solving time: 0.000230614 seconds
plan limit 980
current timestep 280
num of flexible agents: 79
num of flexible tasks: 0
Solving time: 0.000226373 seconds
plan limit 980
current timestep 281
num of flexible agents: 79
num of flexible tasks: 0
Solving time: 0.000215268 seconds
plan limit 980
current timestep 282
num of flexible agents: 79
num of flexible tasks: 0
Solving time: 0.000242591 seconds
plan limit 980
current timestep 283
num of flexible agents: 79
num of flexible tasks: 0
Solving time: 0.000211759 seconds
plan limit 980
current timestep 284
num of flexible agents: 79
num of flexible tasks: 0
Solving time: 0.000226688 seconds
plan limit 980
current timestep 285
num of flexible agents: 79
num of flexible tasks: 0
Solving time: 0.000221329 seconds
plan limit 980
current timestep 286
num of flexible agents: 79
num of flexible tasks: 0
Solving time: 0.00023357 seconds
plan limit 980
current timestep 287
num of flexible agents: 79
num of flexible tasks: 0
Solving time: 0.00021836 seconds
plan limit 980
current timestep 288
num of flexible agents: 79
num of flexible tasks: 0
Solving time: 0.000225266 seconds
plan limit 980
current timestep 289
num of flexible agents: 79
num of flexible tasks: 0
Solving time: 0.000213604 seconds
plan limit 980
current timestep 290
num of flexible agents: 79
num of flexible tasks: 0
Solving time: 0.000223249 seconds
plan limit 980
current timestep 291
num of flexible agents: 79
num of flexible tasks: 0
Solving time: 0.000223055 seconds
plan limit 980
current timestep 292
num of flexible agents: 79
num of flexible tasks: 0
Solving time: 0.000227536 seconds
plan limit 980
All tasks finished at timestep 293
