current timestep 0
num of flexible agents: 80
num of flexible tasks: 2
Solving time: 0.000300835 seconds
plan limit 980
current timestep 1
num of flexible agents: 79
num of flexible tasks: 3
Solving time: 0.000334313 seconds
plan limit 980
current timestep 2
num of flexible agents: 78
num of flexible tasks: 4
Solving time: 0.00028726 seconds
plan limit 980
current timestep 3
num of flexible agents: 77
num of flexible tasks: 5
Solving time: 0.000292083 seconds
plan limit 980
current timestep 4
num of flexible agents: 77
num of flexible tasks: 7
Solving time: 0.000322701 seconds
plan limit 980
current timestep 5
num of flexible agents: 76
num of flexible tasks: 8
Solving time: 0.000272671 seconds
plan limit 980
current timestep 6
num of flexible agents: 74
num of flexible tasks: 8
Solving time: 0.000316661 seconds
plan limit 980
current timestep 7
num of flexible agents: 73
num of flexible tasks: 9
Solving time: 0.000300771 seconds
plan limit 980
current timestep 8
num of flexible agents: 72
num of flexible tasks: 10
Solving time: 0.000303263 seconds
plan limit 980
current timestep 9
num of flexible agents: 72
num of flexible tasks: 11
Solving time: 0.000294581 seconds
plan limit 980
current timestep 10
num of flexible agents: 72
num of flexible tasks: 13
Solving time: 0.000344357 seconds
plan limit 980
current timestep 11
num of flexible agents: 71
num of flexible tasks: 14
Solving time: 0.000330614 seconds
plan limit 980
current timestep 12
num of flexible agents: 70
num of flexible tasks: 15
Solving time: 0.000315364 seconds
plan limit 980
current timestep 13
num of flexible agents: 64
num of flexible tasks: 11
Solving time: 0.000351535 seconds
plan limit 980
current timestep 14
num of flexible agents: 64
num of flexible tasks: 13
Solving time: 0.000322142 seconds
plan limit 980
current timestep 15
num of flexible agents: 62
num of flexible tasks: 13
Solving time: 0.000321789 seconds
plan limit 980
current timestep 16
num of flexible agents: 59
num of flexible tasks: 12
Solving time: 0.000287581 seconds
plan limit 980
current timestep 17
num of flexible agents: 55
num of flexible tasks: 10
Solving time: 0.00026937 seconds
plan limit 980
current timestep 18
num of flexible agents: 56
num of flexible tasks: 12
Solving time: 0.000300587 seconds
plan limit 980
current timestep 19
num of flexible agents: 55
num of flexible tasks: 12
Solving time: 0.000352729 seconds
plan limit 980
current timestep 20
num of flexible agents: 55
num of flexible tasks: 13
Solving time: 0.000324057 seconds
plan limit 980
current timestep 21
num of flexible agents: 54
num of flexible tasks: 13
Solving time: 0.000322138 seconds
plan limit 980
current timestep 22
num of flexible agents: 52
num of flexible tasks: 12
Solving time: 0.000291374 seconds
plan limit 980
current timestep 23
num of flexible agents: 52
num of flexible tasks: 12
Solving time: 0.000313634 seconds
plan limit 980
current timestep 24
num of flexible agents: 50
num of flexible tasks: 11
Solving time: 0.000328924 seconds
plan limit 980
current timestep 25
num of flexible agents: 50
num of flexible tasks: 12
Solving time: 0.000319515 seconds
plan limit 980
current timestep 26
num of flexible agents: 49
num of flexible tasks: 13
Solving time: 0.000330055 seconds
plan limit 980
current timestep 27
num of flexible agents: 46
num of flexible tasks: 11
Solving time: 0.000366573 seconds
plan limit 980
current timestep 28
num of flexible agents: 45
num of flexible tasks: 11
Solving time: 0.000299912 seconds
plan limit 980
current timestep 29
num of flexible agents: 48
num of flexible tasks: 13
Solving time: 0.000302908 seconds
plan limit 980
current timestep 30
num of flexible agents: 46
num of flexible tasks: 12
Solving time: 0.000340115 seconds
plan limit 980
current timestep 31
num of flexible agents: 45
num of flexible tasks: 12
Solving time: 0.000352176 seconds
plan limit 980
current timestep 32
num of flexible agents: 42
num of flexible tasks: 11
Solving time: 0.000293791 seconds
plan limit 980
current timestep 33
num of flexible agents: 42
num of flexible tasks: 12
Solving time: 0.000312992 seconds
plan limit 980
current timestep 34
num of flexible agents: 39
num of flexible tasks: 10
Solving time: 0.000262213 seconds
plan limit 980
current timestep 35
num of flexible agents: 38
num of flexible tasks: 11
Solving time: 0.000291417 seconds
plan limit 980
current timestep 36
num of flexible agents: 37
num of flexible tasks: 11
Solving time: 0.000305969 seconds
plan limit 980
current timestep 37
num of flexible agents: 39
num of flexible tasks: 12
Solving time: 0.000344304 seconds
plan limit 980
current timestep 38
num of flexible agents: 39
num of flexible tasks: 13
Solving time: 0.000319761 seconds
plan limit 980
current timestep 39
num of flexible agents: 39
num of flexible tasks: 11
Solving time: 0.000265734 seconds
plan limit 980
current timestep 40
num of flexible agents: 39
num of flexible tasks: 11
Solving time: 0.000291956 seconds
plan limit 980
current timestep 41
num of flexible agents: 39
num of flexible tasks: 11
Solving time: 0.000326244 seconds
plan limit 980
current timestep 42
num of flexible agents: 39
num of flexible tasks: 11
Solving time: 0.000308961 seconds
plan limit 980
current timestep 43
num of flexible agents: 38
num of flexible tasks: 9
Solving time: 0.000322184 seconds
plan limit 980
current timestep 44
num of flexible agents: 40
num of flexible tasks: 10
Solving time: 0.00031501 seconds
plan limit 980
current timestep 45
num of flexible agents: 43
num of flexible tasks: 11
Solving time: 0.00027145 seconds
plan limit 980
current timestep 46
num of flexible agents: 41
num of flexible tasks: 10
Solving time: 0.000313505 seconds
plan limit 980
current timestep 47
num of flexible agents: 44
num of flexible tasks: 12
Solving time: 0.000259245 seconds
plan limit 980
current timestep 48
num of flexible agents: 41
num of flexible tasks: 9
Solving time: 0.000239971 seconds
plan limit 980
current timestep 49
num of flexible agents: 38
num of flexible tasks: 7
Solving time: 0.000279186 seconds
plan limit 980
current timestep 50
num of flexible agents: 38
num of flexible tasks: 7
Solving time: 0.000253177 seconds
plan limit 980
current timestep 51
num of flexible agents: 38
num of flexible tasks: 7
Solving time: 0.000276486 seconds
plan limit 980
current timestep 52
num of flexible agents: 36
num of flexible tasks: 6
Solving time: 0.000260386 seconds
plan limit 980
current timestep 53
num of flexible agents: 37
num of flexible tasks: 7
Solving time: 0.000233023 seconds
plan limit 980
current timestep 54
num of flexible agents: 36
num of flexible tasks: 6
Solving time: 0.000252926 seconds
plan limit 980
current timestep 55
num of flexible agents: 35
num of flexible tasks: 7
Solving time: 0.000301423 seconds
plan limit 980
current timestep 56
num of flexible agents: 35
num of flexible tasks: 8
Solving time: 0.000289796 seconds
plan limit 980
current timestep 57
num of flexible agents: 36
num of flexible tasks: 9
Solving time: 0.000280072 seconds
plan limit 980
current timestep 58
num of flexible agents: 36
num of flexible tasks: 9
Solving time: 0.000242503 seconds
plan limit 980
current timestep 59
num of flexible agents: 34
num of flexible tasks: 8
Solving time: 0.000276224 seconds
plan limit 980
current timestep 60
num of flexible agents: 35
num of flexible tasks: 8
Solving time: 0.000243745 seconds
plan limit 980
current timestep 61
num of flexible agents: 36
num of flexible tasks: 9
Solving time: 0.000297193 seconds
plan limit 980
current timestep 62
num of flexible agents: 38
num of flexible tasks: 9
Solving time: 0.000278289 seconds
plan limit 980
current timestep 63
num of flexible agents: 39
num of flexible tasks: 10
Solving time: 0.000263571 seconds
plan limit 980
current timestep 64
num of flexible agents: 39
num of flexible tasks: 10
Solving time: 0.000303003 seconds
plan limit 980
current timestep 65
num of flexible agents: 38
num of flexible tasks: 10
Solving time: 0.000291062 seconds
plan limit 980
current timestep 66
num of flexible agents: 37
num of flexible tasks: 11
Solving time: 0.000302649 seconds
plan limit 980
current timestep 67
num of flexible agents: 37
num of flexible tasks: 10
Solving time: 0.000306267 seconds
plan limit 980
current timestep 68
num of flexible agents: 34
num of flexible tasks: 9
Solving time: 0.000317425 seconds
plan limit 980
current timestep 69
num of flexible agents: 37
num of flexible tasks: 10
Solving time: 0.000322694 seconds
plan limit 980
current timestep 70
num of flexible agents: 39
num of flexible tasks: 11
Solving time: 0.00031728 seconds
plan limit 980
current timestep 71
num of flexible agents: 39
num of flexible tasks: 11
Solving time: 0.000292672 seconds
plan limit 980
current timestep 72
num of flexible agents: 36
num of flexible tasks: 10
Solving time: 0.000286933 seconds
plan limit 980
current timestep 73
num of flexible agents: 38
num of flexible tasks: 12
Solving time: 0.000297109 seconds
plan limit 980
current timestep 74
num of flexible agents: 39
num of flexible tasks: 14
Solving time: 0.000262922 seconds
plan limit 980
current timestep 75
num of flexible agents: 36
num of flexible tasks: 12
Solving time: 0.000283823 seconds
plan limit 980
current timestep 76
num of flexible agents: 35
num of flexible tasks: 10
Solving time: 0.000256899 seconds
plan limit 980
current timestep 77
num of flexible agents: 36
num of flexible tasks: 10
Solving time: 0.000336833 seconds
plan limit 980
current timestep 78
num of flexible agents: 37
num of flexible tasks: 9
Solving time: 0.000257784 seconds
plan limit 980
current timestep 79
num of flexible agents: 35
num of flexible tasks: 8
Solving time: 0.000272065 seconds
plan limit 980
current timestep 80
num of flexible agents: 40
num of flexible tasks: 10
Solving time: 0.000279553 seconds
plan limit 980
current timestep 81
num of flexible agents: 41
num of flexible tasks: 10
Solving time: 0.00030162 seconds
plan limit 980
current timestep 82
num of flexible agents: 40
num of flexible tasks: 9
Solving time: 0.000293153 seconds
plan limit 980
current timestep 83
num of flexible agents: 38
num of flexible tasks: 7
Solving time: 0.000264537 seconds
plan limit 980
current timestep 84
num of flexible agents: 37
num of flexible tasks: 6
Solving time: 0.000245518 seconds
plan limit 980
current timestep 85
num of flexible agents: 38
num of flexible tasks: 5
Solving time: 0.000232458 seconds
plan limit 980
current timestep 86
num of flexible agents: 37
num of flexible tasks: 6
Solving time: 0.000246576 seconds
plan limit 980
current timestep 87
num of flexible agents: 38
num of flexible tasks: 6
Solving time: 0.000238428 seconds
plan limit 980
current timestep 88
num of flexible agents: 37
num of flexible tasks: 6
Solving time: 0.000254153 seconds
plan limit 980
current timestep 89
num of flexible agents: 39
num of flexible tasks: 5
Solving time: 0.000257894 seconds
plan limit 980
current timestep 90
num of flexible agents: 38
num of flexible tasks: 5
Solving time: 0.000235959 seconds
plan limit 980
current timestep 91
num of flexible agents: 38
num of flexible tasks: 6
Solving time: 0.000301323 seconds
plan limit 980
current timestep 92
num of flexible agents: 40
num of flexible tasks: 8
Solving time: 0.000261971 seconds
plan limit 980
current timestep 93
num of flexible agents: 42
num of flexible tasks: 10
Solving time: 0.000272669 seconds
plan limit 980
current timestep 94
num of flexible agents: 41
num of flexible tasks: 9
Solving time: 0.000280364 seconds
plan limit 980
current timestep 95
num of flexible agents: 41
num of flexible tasks: 8
Solving time: 0.000264802 seconds
plan limit 980
current timestep 96
num of flexible agents: 43
num of flexible tasks: 9
Solving time: 0.000254275 seconds
plan limit 980
current timestep 97
num of flexible agents: 40
num of flexible tasks: 7
Solving time: 0.000262032 seconds
plan limit 980
current timestep 98
num of flexible agents: 38
num of flexible tasks: 5
Solving time: 0.000268034 seconds
plan limit 980
current timestep 99
num of flexible agents: 41
num of flexible tasks: 7
Solving time: 0.000262274 seconds
plan limit 980
current timestep 100
num of flexible agents: 41
num of flexible tasks: 8
Solving time: 0.000276175 seconds
plan limit 980
current timestep 101
num of flexible agents: 41
num of flexible tasks: 10
Solving time: 0.000269437 seconds
plan limit 980
current timestep 102
num of flexible agents: 40
num of flexible tasks: 9
Solving time: 0.000282493 seconds
plan limit 980
current timestep 103
num of flexible agents: 43
num of flexible tasks: 10
Solving time: 0.00028854 seconds
plan limit 980
current timestep 104
num of flexible agents: 42
num of flexible tasks: 11
Solving time: 0.000273387 seconds
plan limit 980
current timestep 105
num of flexible agents: 43
num of flexible tasks: 10
Solving time: 0.00030153 seconds
plan limit 980
current timestep 106
num of flexible agents: 42
num of flexible tasks: 11
Solving time: 0.000320601 seconds
plan limit 980
current timestep 107
num of flexible agents: 40
num of flexible tasks: 8
Solving time: 0.000281023 seconds
plan limit 980
current timestep 108
num of flexible agents: 42
num of flexible tasks: 8
Solving time: 0.000368141 seconds
plan limit 980
current timestep 109
num of flexible agents: 43
num of flexible tasks: 8
Solving time: 0.000282613 seconds
plan limit 980
current timestep 110
num of flexible agents: 44
num of flexible tasks: 10
Solving time: 0.000281743 seconds
plan limit 980
current timestep 111
num of flexible agents: 42
num of flexible tasks: 8
Solving time: 0.000275662 seconds
plan limit 980
current timestep 112
num of flexible agents: 41
num of flexible tasks: 8
Solving time: 0.000281784 seconds
plan limit 980
current timestep 113
num of flexible agents: 38
num of flexible tasks: 7
Solving time: 0.000272647 seconds
plan limit 980
current timestep 114
num of flexible agents: 37
num of flexible tasks: 6
Solving time: 0.000258822 seconds
plan limit 980
current timestep 115
num of flexible agents: 38
num of flexible tasks: 8
Solving time: 0.000257611 seconds
plan limit 980
current timestep 116
num of flexible agents: 36
num of flexible tasks: 6
Solving time: 0.000245745 seconds
plan limit 980
current timestep 117
num of flexible agents: 36
num of flexible tasks: 6
Solving time: 0.000258361 seconds
plan limit 980
current timestep 118
num of flexible agents: 36
num of flexible tasks: 7
Solving time: 0.000245412 seconds
plan limit 980
current timestep 119
num of flexible agents: 37
num of flexible tasks: 7
Solving time: 0.000250344 seconds
plan limit 980
current timestep 120
num of flexible agents: 40
num of flexible tasks: 9
Solving time: 0.000278533 seconds
plan limit 980
current timestep 121
num of flexible agents: 38
num of flexible tasks: 8
Solving time: 0.000264644 seconds
plan limit 980
current timestep 122
num of flexible agents: 38
num of flexible tasks: 8
Solving time: 0.000288615 seconds
plan limit 980
current timestep 123
num of flexible agents: 41
num of flexible tasks: 9
Solving time: 0.000288792 seconds
plan limit 980
current timestep 124
num of flexible agents: 41
num of flexible tasks: 10
Solving time: 0.000267004 seconds
plan limit 980
current timestep 125
num of flexible agents: 43
num of flexible tasks: 11
Solving time: 0.00027153 seconds
plan limit 980
current timestep 126
num of flexible agents: 43
num of flexible tasks: 9
Solving time: 0.000246267 seconds
plan limit 980
current timestep 127
num of flexible agents: 41
num of flexible tasks: 9
Solving time: 0.000251994 seconds
plan limit 980
current timestep 128
num of flexible agents: 39
num of flexible tasks: 8
Solving time: 0.000274724 seconds
plan limit 980
current timestep 129
num of flexible agents: 40
num of flexible tasks: 9
Solving time: 0.000249609 seconds
plan limit 980
current timestep 130
num of flexible agents: 38
num of flexible tasks: 7
Solving time: 0.000261846 seconds
plan limit 980
current timestep 131
num of flexible agents: 36
num of flexible tasks: 7
Solving time: 0.000261648 seconds
plan limit 980
current timestep 132
num of flexible agents: 33
num of flexible tasks: 5
Solving time: 0.000237521 seconds
plan limit 980
current timestep 133
num of flexible agents: 36
num of flexible tasks: 7
Solving time: 0.000239487 seconds
plan limit 980
current timestep 134
num of flexible agents: 35
num of flexible tasks: 7
Solving time: 0.000251258 seconds
plan limit 980
current timestep 135
num of flexible agents: 35
num of flexible tasks: 8
Solving time: 0.000264541 seconds
plan limit 980
current timestep 136
num of flexible agents: 34
num of flexible tasks: 8
Solving time: 0.000277567 seconds
plan limit 980
current timestep 137
num of flexible agents: 34
num of flexible tasks: 8
Solving time: 0.000256776 seconds
plan limit 980
current timestep 138
num of flexible agents: 32
num of flexible tasks: 8
Solving time: 0.000260092 seconds
plan limit 980
current timestep 139
num of flexible agents: 30
num of flexible tasks: 7
Solving time: 0.000258477 seconds
plan limit 980
current timestep 140
num of flexible agents: 32
num of flexible tasks: 9
Solving time: 0.000302855 seconds
plan limit 980
current timestep 141
num of flexible agents: 33
num of flexible tasks: 10
Solving time: 0.000315229 seconds
plan limit 980
current timestep 142
num of flexible agents: 35
num of flexible tasks: 11
Solving time: 0.00029345 seconds
plan limit 980
current timestep 143
num of flexible agents: 35
num of flexible tasks: 10
Solving time: 0.00029773 seconds
plan limit 980
current timestep 144
num of flexible agents: 36
num of flexible tasks: 9
Solving time: 0.000279664 seconds
plan limit 980
current timestep 145
num of flexible agents: 38
num of flexible tasks: 10
Solving time: 0.000267649 seconds
plan limit 980
current timestep 146
num of flexible agents: 37
num of flexible tasks: 10
Solving time: 0.000253249 seconds
plan limit 980
current timestep 147
num of flexible agents: 36
num of flexible tasks: 10
Solving time: 0.000270607 seconds
plan limit 980
current timestep 148
num of flexible agents: 35
num of flexible tasks: 11
Solving time: 0.000261124 seconds
plan limit 980
current timestep 149
num of flexible agents: 35
num of flexible tasks: 11
Solving time: 0.000288097 seconds
plan limit 980
current timestep 150
num of flexible agents: 36
num of flexible tasks: 11
Solving time: 0.000298259 seconds
plan limit 980
current timestep 151
num of flexible agents: 36
num of flexible tasks: 11
Solving time: 0.000302503 seconds
plan limit 980
current timestep 152
num of flexible agents: 37
num of flexible tasks: 12
Solving time: 0.000310698 seconds
plan limit 980
current timestep 153
num of flexible agents: 39
num of flexible tasks: 12
Solving time: 0.000292812 seconds
plan limit 980
current timestep 154
num of flexible agents: 41
num of flexible tasks: 11
Solving time: 0.0002658 seconds
plan limit 980
current timestep 155
num of flexible agents: 42
num of flexible tasks: 10
Solving time: 0.000305314 seconds
plan limit 980
current timestep 156
num of flexible agents: 40
num of flexible tasks: 8
Solving time: 0.00026045 seconds
plan limit 980
current timestep 157
num of flexible agents: 44
num of flexible tasks: 9
Solving time: 0.000283112 seconds
plan limit 980
current timestep 158
num of flexible agents: 43
num of flexible tasks: 9
Solving time: 0.000275119 seconds
plan limit 980
current timestep 159
num of flexible agents: 40
num of flexible tasks: 8
Solving time: 0.000296841 seconds
plan limit 980
current timestep 160
num of flexible agents: 41
num of flexible tasks: 9
Solving time: 0.000266684 seconds
plan limit 980
current timestep 161
num of flexible agents: 39
num of flexible tasks: 8
Solving time: 0.000290634 seconds
plan limit 980
current timestep 162
num of flexible agents: 38
num of flexible tasks: 8
Solving time: 0.000278619 seconds
plan limit 980
current timestep 163
num of flexible agents: 39
num of flexible tasks: 8
Solving time: 0.000254285 seconds
plan limit 980
current timestep 164
num of flexible agents: 38
num of flexible tasks: 8
Solving time: 0.000271172 seconds
plan limit 980
current timestep 165
num of flexible agents: 38
num of flexible tasks: 8
Solving time: 0.00023929 seconds
plan limit 980
current timestep 166
num of flexible agents: 41
num of flexible tasks: 10
Solving time: 0.000263644 seconds
plan limit 980
current timestep 167
num of flexible agents: 43
num of flexible tasks: 11
Solving time: 0.000289788 seconds
plan limit 980
current timestep 168
num of flexible agents: 43
num of flexible tasks: 11
Solving time: 0.000239431 seconds
plan limit 980
current timestep 169
num of flexible agents: 43
num of flexible tasks: 10
Solving time: 0.000283961 seconds
plan limit 980
current timestep 170
num of flexible agents: 39
num of flexible tasks: 7
Solving time: 0.000243188 seconds
plan limit 980
current timestep 171
num of flexible agents: 40
num of flexible tasks: 7
Solving time: 0.000282963 seconds
plan limit 980
current timestep 172
num of flexible agents: 40
num of flexible tasks: 8
Solving time: 0.000261544 seconds
plan limit 980
current timestep 173
num of flexible agents: 42
num of flexible tasks: 9
Solving time: 0.000271089 seconds
plan limit 980
current timestep 174
num of flexible agents: 42
num of flexible tasks: 9
Solving time: 0.000273175 seconds
plan limit 980
current timestep 175
num of flexible agents: 40
num of flexible tasks: 7
Solving time: 0.000243997 seconds
plan limit 980
current timestep 176
num of flexible agents: 40
num of flexible tasks: 7
Solving time: 0.0002872 seconds
plan limit 980
current timestep 177
num of flexible agents: 38
num of flexible tasks: 6
Solving time: 0.000267425 seconds
plan limit 980
current timestep 178
num of flexible agents: 38
num of flexible tasks: 7
Solving time: 0.000261428 seconds
plan limit 980
current timestep 179
num of flexible agents: 38
num of flexible tasks: 7
Solving time: 0.000269654 seconds
plan limit 980
current timestep 180
num of flexible agents: 39
num of flexible tasks: 6
Solving time: 0.000268129 seconds
plan limit 980
current timestep 181
num of flexible agents: 40
num of flexible tasks: 7
Solving time: 0.000269465 seconds
plan limit 980
current timestep 182
num of flexible agents: 44
num of flexible tasks: 8
Solving time: 0.000290826 seconds
plan limit 980
current timestep 183
num of flexible agents: 45
num of flexible tasks: 9
Solving time: 0.000265078 seconds
plan limit 980
current timestep 184
num of flexible agents: 43
num of flexible tasks: 9
Solving time: 0.000267275 seconds
plan limit 980
current timestep 185
num of flexible agents: 43
num of flexible tasks: 7
Solving time: 0.000259062 seconds
plan limit 980
current timestep 186
num of flexible agents: 43
num of flexible tasks: 6
Solving time: 0.000243818 seconds
plan limit 980
current timestep 187
num of flexible agents: 43
num of flexible tasks: 6
Solving time: 0.000263536 seconds
plan limit 980
current timestep 188
num of flexible agents: 42
num of flexible tasks: 7
Solving time: 0.000256856 seconds
plan limit 980
current timestep 189
num of flexible agents: 41
num of flexible tasks: 7
Solving time: 0.000255614 seconds
plan limit 980
current timestep 190
num of flexible agents: 42
num of flexible tasks: 8
Solving time: 0.000280853 seconds
plan limit 980
current timestep 191
num of flexible agents: 45
num of flexible tasks: 10
Solving time: 0.00023055 seconds
plan limit 980
current timestep 192
num of flexible agents: 44
num of flexible tasks: 9
Solving time: 0.000287283 seconds
plan limit 980
current timestep 193
num of flexible agents: 45
num of flexible tasks: 9
Solving time: 0.000255113 seconds
plan limit 980
current timestep 194
num of flexible agents: 44
num of flexible tasks: 8
Solving time: 0.000308905 seconds
plan limit 980
current timestep 195
num of flexible agents: 45
num of flexible tasks: 8
Solving time: 0.000266328 seconds
plan limit 980
current timestep 196
num of flexible agents: 43
num of flexible tasks: 8
Solving time: 0.000268503 seconds
plan limit 980
current timestep 197
num of flexible agents: 41
num of flexible tasks: 7
Solving time: 0.000243382 seconds
plan limit 980
current timestep 198
num of flexible agents: 42
num of flexible tasks: 8
Solving time: 0.000271357 seconds
plan limit 980
current timestep 199
num of flexible agents: 42
num of flexible tasks: 10
Solving time: 0.00027412 seconds
plan limit 980
current timestep 200
num of flexible agents: 42
num of flexible tasks: 11
Solving time: 0.000312797 seconds
plan limit 980
current timestep 201
num of flexible agents: 40
num of flexible tasks: 8
Solving time: 0.000263323 seconds
plan limit 980
current timestep 202
num of flexible agents: 41
num of flexible tasks: 7
Solving time: 0.000275217 seconds
plan limit 980
current timestep 203
num of flexible agents: 42
num of flexible tasks: 9
Solving time: 0.000294829 seconds
plan limit 980
current timestep 204
num of flexible agents: 42
num of flexible tasks: 8
Solving time: 0.000279599 seconds
plan limit 980
current timestep 205
num of flexible agents: 39
num of flexible tasks: 7
Solving time: 0.000275931 seconds
plan limit 980
current timestep 206
num of flexible agents: 39
num of flexible tasks: 7
Solving time: 0.000283321 seconds
plan limit 980
current timestep 207
num of flexible agents: 38
num of flexible tasks: 6
Solving time: 0.000268029 seconds
plan limit 980
current timestep 208
num of flexible agents: 37
num of flexible tasks: 6
Solving time: 0.000289875 seconds
plan limit 980
current timestep 209
num of flexible agents: 39
num of flexible tasks: 8
Solving time: 0.000296432 seconds
plan limit 980
current timestep 210
num of flexible agents: 39
num of flexible tasks: 8
Solving time: 0.000295895 seconds
plan limit 980
current timestep 211
num of flexible agents: 42
num of flexible tasks: 10
Solving time: 0.000291716 seconds
plan limit 980
current timestep 212
num of flexible agents: 38
num of flexible tasks: 8
Solving time: 0.000301166 seconds
plan limit 980
current timestep 213
num of flexible agents: 39
num of flexible tasks: 10
Solving time: 0.000280486 seconds
plan limit 980
current timestep 214
num of flexible agents: 36
num of flexible tasks: 6
Solving time: 0.000259761 seconds
plan limit 980
current timestep 215
num of flexible agents: 38
num of flexible tasks: 7
Solving time: 0.000294396 seconds
plan limit 980
current timestep 216
num of flexible agents: 39
num of flexible tasks: 9
Solving time: 0.000291845 seconds
plan limit 980
current timestep 217
num of flexible agents: 38
num of flexible tasks: 8
Solving time: 0.000278827 seconds
plan limit 980
current timestep 218
num of flexible agents: 37
num of flexible tasks: 9
Solving time: 0.000302479 seconds
plan limit 980
current timestep 219
num of flexible agents: 39
num of flexible tasks: 10
Solving time: 0.000264241 seconds
plan limit 980
current timestep 220
num of flexible agents: 38
num of flexible tasks: 10
Solving time: 0.000301106 seconds
plan limit 980
current timestep 221
num of flexible agents: 36
num of flexible tasks: 7
Solving time: 0.000325336 seconds
plan limit 980
current timestep 222
num of flexible agents: 35
num of flexible tasks: 7
Solving time: 0.000273508 seconds
plan limit 980
current timestep 223
num of flexible agents: 36
num of flexible tasks: 8
Solving time: 0.000280504 seconds
plan limit 980
current timestep 224
num of flexible agents: 38
num of flexible tasks: 10
Solving time: 0.000294238 seconds
plan limit 980
current timestep 225
num of flexible agents: 38
num of flexible tasks: 9
Solving time: 0.000283583 seconds
plan limit 980
current timestep 226
num of flexible agents: 37
num of flexible tasks: 9
Solving time: 0.000291373 seconds
plan limit 980
current timestep 227
num of flexible agents: 38
num of flexible tasks: 9
Solving time: 0.000331844 seconds
plan limit 980
current timestep 228
num of flexible agents: 40
num of flexible tasks: 10
Solving time: 0.000261152 seconds
plan limit 980
current timestep 229
num of flexible agents: 40
num of flexible tasks: 9
Solving time: 0.000255524 seconds
plan limit 980
current timestep 230
num of flexible agents: 38
num of flexible tasks: 8
Solving time: 0.00032213 seconds
plan limit 980
current timestep 231
num of flexible agents: 37
num of flexible tasks: 9
Solving time: 0.000280884 seconds
plan limit 980
current timestep 232
num of flexible agents: 36
num of flexible tasks: 9
Solving time: 0.000281866 seconds
plan limit 980
current timestep 233
num of flexible agents: 40
num of flexible tasks: 11
Solving time: 0.000282599 seconds
plan limit 980
current timestep 234
num of flexible agents: 42
num of flexible tasks: 11
Solving time: 0.000281643 seconds
plan limit 980
current timestep 235
num of flexible agents: 41
num of flexible tasks: 11
Solving time: 0.000236067 seconds
plan limit 980
current timestep 236
num of flexible agents: 40
num of flexible tasks: 9
Solving time: 0.000269001 seconds
plan limit 980
current timestep 237
num of flexible agents: 37
num of flexible tasks: 8
Solving time: 0.000249489 seconds
plan limit 980
current timestep 238
num of flexible agents: 36
num of flexible tasks: 7
Solving time: 0.0002767 seconds
plan limit 980
current timestep 239
num of flexible agents: 35
num of flexible tasks: 6
Solving time: 0.000251152 seconds
plan limit 980
current timestep 240
num of flexible agents: 36
num of flexible tasks: 8
Solving time: 0.000229806 seconds
plan limit 980
current timestep 241
num of flexible agents: 37
num of flexible tasks: 7
Solving time: 0.000251712 seconds
plan limit 980
current timestep 242
num of flexible agents: 38
num of flexible tasks: 8
Solving time: 0.000240417 seconds
plan limit 980
current timestep 243
num of flexible agents: 40
num of flexible tasks: 8
Solving time: 0.000267808 seconds
plan limit 980
current timestep 244
num of flexible agents: 40
num of flexible tasks: 8
Solving time: 0.000262794 seconds
plan limit 980
current timestep 245
num of flexible agents: 39
num of flexible tasks: 9
Solving time: 0.000260154 seconds
plan limit 980
current timestep 246
num of flexible agents: 40
num of flexible tasks: 10
Solving time: 0.000269506 seconds
plan limit 980
current timestep 247
num of flexible agents: 39
num of flexible tasks: 6
Solving time: 0.000233267 seconds
plan limit 980
current timestep 248
num of flexible agents: 38
num of flexible tasks: 7
Solving time: 0.00025666 seconds
plan limit 980
current timestep 249
num of flexible agents: 34
num of flexible tasks: 5
Solving time: 0.000234815 seconds
plan limit 980
current timestep 250
num of flexible agents: 35
num of flexible tasks: 4
Solving time: 0.000238034 seconds
plan limit 980
current timestep 251
num of flexible agents: 36
num of flexible tasks: 3
Solving time: 0.000250521 seconds
plan limit 980
current timestep 252
num of flexible agents: 37
num of flexible tasks: 1
Solving time: 0.000232213 seconds
plan limit 980
current timestep 253
num of flexible agents: 40
num of flexible tasks: 1
Solving time: 0.00022442 seconds
plan limit 980
current timestep 254
num of flexible agents: 41
num of flexible tasks: 0
Solving time: 0.000241839 seconds
plan limit 980
current timestep 255
num of flexible agents: 47
num of flexible tasks: 0
Solving time: 0.000213878 seconds
plan limit 980
current timestep 256
num of flexible agents: 48
num of flexible tasks: 0
Solving time: 0.000235914 seconds
plan limit 980
current timestep 257
num of flexible agents: 49
num of flexible tasks: 0
Solving time: 0.000255251 seconds
plan limit 980
current timestep 258
num of flexible agents: 49
num of flexible tasks: 0
Solving time: 0.000215376 seconds
plan limit 980
current timestep 259
num of flexible agents: 52
num of flexible tasks: 0
Solving time: 0.000236378 seconds
plan limit 980
current timestep 260
num of flexible agents: 53
num of flexible tasks: 0
Solving time: 0.000223186 seconds
plan limit 980
current timestep 261
num of flexible agents: 54
num of flexible tasks: 0
Solving time: 0.000240217 seconds
plan limit 980
current timestep 262
num of flexible agents: 56
num of flexible tasks: 0
Solving time: 0.000215356 seconds
plan limit 980
current timestep 263
num of flexible agents: 57
num of flexible tasks: 0
Solving time: 0.000216553 seconds
plan limit 980
current timestep 264
num of flexible agents: 59
num of flexible tasks: 0
Solving time: 0.000218165 seconds
plan limit 980
current timestep 265
num of flexible agents: 61
num of flexible tasks: 0
Solving time: 0.000218181 seconds
plan limit 980
current timestep 266
num of flexible agents: 62
num of flexible tasks: 0
Solving time: 0.000248571 seconds
plan limit 980
current timestep 267
num of flexible agents: 65
num of flexible tasks: 0
Solving time: 0.000232205 seconds
plan limit 980
current timestep 268
num of flexible agents: 66
num of flexible tasks: 0
Solving time: 0.000225326 seconds
plan limit 980
current timestep 269
num of flexible agents: 68
num of flexible tasks: 0
Solving time: 0.000198113 seconds
plan limit 980
current timestep 270
num of flexible agents: 69
num of flexible tasks: 0
Solving time: 0.000250269 seconds
plan limit 980
current timestep 271
num of flexible agents: 70
num of flexible tasks: 0
Solving time: 0.000231698 seconds
plan limit 980
current timestep 272
num of flexible agents: 70
num of flexible tasks: 0
Solving time: 0.000203407 seconds
plan limit 980
current timestep 273
num of flexible agents: 71
num of flexible tasks: 0
Solving time: 0.000216035 seconds
plan limit 980
current timestep 274
num of flexible agents: 71
num of flexible tasks: 0
Solving time: 0.000225349 seconds
plan limit 980
current timestep 275
num of flexible agents: 73
num of flexible tasks: 0
Solving time: 0.000235113 seconds
plan limit 980
current timestep 276
num of flexible agents: 73
num of flexible tasks: 0
Solving time: 0.000211869 seconds
plan limit 980
current timestep 277
num of flexible agents: 73
num of flexible tasks: 0
Solving time: 0.000212926 seconds
plan limit 980
current timestep 278
num of flexible agents: 74
num of flexible tasks: 0
Solving time: 0.000213404 seconds
plan limit 980
current timestep 279
num of flexible agents: 74
num of flexible tasks: 0
Solving time: 0.000247911 seconds
plan limit 980
current timestep 280
num of flexible agents: 75
num of flexible tasks: 0
Solving time: 0.000224141 seconds
plan limit 980
current timestep 281
num of flexible agents: 76
num of flexible tasks: 0
Solving time: 0.000237697 seconds
plan limit 980
current timestep 282
num of flexible agents: 77
num of flexible tasks: 0
Solving time: 0.000213873 seconds
plan limit 980
current timestep 283
num of flexible agents: 78
num of flexible tasks: 0
Solving time: 0.000224985 seconds
plan limit 980
current timestep 284
num of flexible agents: 78
num of flexible tasks: 0
Solving time: 0.000235202 seconds
plan limit 980
current timestep 285
num of flexible agents: 79
num of flexible tasks: 0
Solving time: 0.000229677 seconds
plan limit 980
current timestep 286
num of flexible agents: 79
num of flexible tasks: 0
Solving time: 0.000224265 seconds
plan limit 980
current timestep 287
num of flexible agents: 79
num of flexible tasks: 0
Solving time: 0.000215229 seconds
plan limit 980
current timestep 288
num of flexible agents: 79
num of flexible tasks: 0
Solving time: 0.000245063 seconds
plan limit 980
current timestep 289
num of flexible agents: 79
num of flexible tasks: 0
Solving time: 0.000211676 seconds
plan limit 980
current timestep 290
num of flexible agents: 79
num of flexible tasks: 0
Solving time: 0.00023627 seconds
plan limit 980
All tasks finished at timestep 291
