current timestep 0
num of flexible agents: 80
num of flexible tasks: 2
Solving time: 0.000283356 seconds
plan limit 980
current timestep 1
num of flexible agents: 80
num of flexible tasks: 4
Solving time: 0.000291347 seconds
plan limit 980
current timestep 2
num of flexible agents: 80
num of flexible tasks: 6
Solving time: 0.000263624 seconds
plan limit 980
current timestep 3
num of flexible agents: 76
num of flexible tasks: 4
Solving time: 0.000210337 seconds
plan limit 980
current timestep 4
num of flexible agents: 75
num of flexible tasks: 5
Solving time: 0.000219711 seconds
plan limit 980
current timestep 5
num of flexible agents: 74
num of flexible tasks: 6
Solving time: 0.000231072 seconds
plan limit 980
current timestep 6
num of flexible agents: 72
num of flexible tasks: 6
Solving time: 0.000266613 seconds
plan limit 980
current timestep 7
num of flexible agents: 72
num of flexible tasks: 8
Solving time: 0.000290168 seconds
plan limit 980
current timestep 8
num of flexible agents: 70
num of flexible tasks: 8
Solving time: 0.000311493 seconds
plan limit 980
current timestep 9
num of flexible agents: 70
num of flexible tasks: 10
Solving time: 0.000291123 seconds
plan limit 980
current timestep 10
num of flexible agents: 69
num of flexible tasks: 11
Solving time: 0.000339355 seconds
plan limit 980
current timestep 11
num of flexible agents: 67
num of flexible tasks: 11
Solving time: 0.000308682 seconds
plan limit 980
current timestep 12
num of flexible agents: 67
num of flexible tasks: 13
Solving time: 0.000326967 seconds
plan limit 980
current timestep 13
num of flexible agents: 68
num of flexible tasks: 15
Solving time: 0.000311908 seconds
plan limit 980
current timestep 14
num of flexible agents: 64
num of flexible tasks: 13
Solving time: 0.000299956 seconds
plan limit 980
current timestep 15
num of flexible agents: 60
num of flexible tasks: 11
Solving time: 0.000320295 seconds
plan limit 980
current timestep 16
num of flexible agents: 58
num of flexible tasks: 10
Solving time: 0.000254658 seconds
plan limit 980
current timestep 17
num of flexible agents: 56
num of flexible tasks: 10
Solving time: 0.000287355 seconds
plan limit 980
current timestep 18
num of flexible agents: 55
num of flexible tasks: 10
Solving time: 0.000278618 seconds
plan limit 980
current timestep 19
num of flexible agents: 53
num of flexible tasks: 8
Solving time: 0.000273296 seconds
plan limit 980
current timestep 20
num of flexible agents: 53
num of flexible tasks: 9
Solving time: 0.000306098 seconds
plan limit 980
current timestep 21
num of flexible agents: 52
num of flexible tasks: 10
Solving time: 0.000324608 seconds
plan limit 980
current timestep 22
num of flexible agents: 52
num of flexible tasks: 11
Solving time: 0.000321138 seconds
plan limit 980
current timestep 23
num of flexible agents: 50
num of flexible tasks: 11
Solving time: 0.000339856 seconds
plan limit 980
current timestep 24
num of flexible agents: 50
num of flexible tasks: 11
Solving time: 0.000338258 seconds
plan limit 980
current timestep 25
num of flexible agents: 47
num of flexible tasks: 10
Solving time: 0.00029181 seconds
plan limit 980
current timestep 26
num of flexible agents: 48
num of flexible tasks: 12
Solving time: 0.000299455 seconds
plan limit 980
current timestep 27
num of flexible agents: 43
num of flexible tasks: 9
Solving time: 0.000286214 seconds
plan limit 980
current timestep 28
num of flexible agents: 43
num of flexible tasks: 10
Solving time: 0.000337789 seconds
plan limit 980
current timestep 29
num of flexible agents: 44
num of flexible tasks: 11
Solving time: 0.00033798 seconds
plan limit 980
current timestep 30
num of flexible agents: 47
num of flexible tasks: 13
Solving time: 0.000290653 seconds
plan limit 980
current timestep 31
num of flexible agents: 43
num of flexible tasks: 10
Solving time: 0.000261057 seconds
plan limit 980
current timestep 32
num of flexible agents: 42
num of flexible tasks: 11
Solving time: 0.000287433 seconds
plan limit 980
current timestep 33
num of flexible agents: 43
num of flexible tasks: 13
Solving time: 0.000314041 seconds
plan limit 980
current timestep 34
num of flexible agents: 44
num of flexible tasks: 14
Solving time: 0.000277571 seconds
plan limit 980
current timestep 35
num of flexible agents: 41
num of flexible tasks: 10
Solving time: 0.000296664 seconds
plan limit 980
current timestep 36
num of flexible agents: 35
num of flexible tasks: 6
Solving time: 0.000246039 seconds
plan limit 980
current timestep 37
num of flexible agents: 36
num of flexible tasks: 5
Solving time: 0.000237531 seconds
plan limit 980
current timestep 38
num of flexible agents: 38
num of flexible tasks: 6
Solving time: 0.000290213 seconds
plan limit 980
current timestep 39
num of flexible agents: 38
num of flexible tasks: 6
Solving time: 0.000251202 seconds
plan limit 980
current timestep 40
num of flexible agents: 36
num of flexible tasks: 6
Solving time: 0.000264602 seconds
plan limit 980
current timestep 41
num of flexible agents: 38
num of flexible tasks: 7
Solving time: 0.00027177 seconds
plan limit 980
current timestep 42
num of flexible agents: 39
num of flexible tasks: 9
Solving time: 0.000281419 seconds
plan limit 980
current timestep 43
num of flexible agents: 37
num of flexible tasks: 8
Solving time: 0.000285515 seconds
plan limit 980
current timestep 44
num of flexible agents: 36
num of flexible tasks: 9
Solving time: 0.000308981 seconds
plan limit 980
current timestep 45
num of flexible agents: 35
num of flexible tasks: 9
Solving time: 0.000292717 seconds
plan limit 980
current timestep 46
num of flexible agents: 35
num of flexible tasks: 11
Solving time: 0.000350154 seconds
plan limit 980
current timestep 47
num of flexible agents: 35
num of flexible tasks: 13
Solving time: 0.000414572 seconds
plan limit 980
current timestep 48
num of flexible agents: 38
num of flexible tasks: 13
Solving time: 0.000382346 seconds
plan limit 980
current timestep 49
num of flexible agents: 35
num of flexible tasks: 12
Solving time: 0.000342629 seconds
plan limit 980
current timestep 50
num of flexible agents: 37
num of flexible tasks: 13
Solving time: 0.000300866 seconds
plan limit 980
current timestep 51
num of flexible agents: 33
num of flexible tasks: 10
Solving time: 0.000295404 seconds
plan limit 980
current timestep 52
num of flexible agents: 33
num of flexible tasks: 11
Solving time: 0.000326087 seconds
plan limit 980
current timestep 53
num of flexible agents: 33
num of flexible tasks: 12
Solving time: 0.000315282 seconds
plan limit 980
current timestep 54
num of flexible agents: 35
num of flexible tasks: 13
Solving time: 0.000280069 seconds
plan limit 980
current timestep 55
num of flexible agents: 33
num of flexible tasks: 13
Solving time: 0.000316912 seconds
plan limit 980
current timestep 56
num of flexible agents: 33
num of flexible tasks: 13
Solving time: 0.000299238 seconds
plan limit 980
current timestep 57
num of flexible agents: 36
num of flexible tasks: 15
Solving time: 0.000269148 seconds
plan limit 980
current timestep 58
num of flexible agents: 33
num of flexible tasks: 11
Solving time: 0.000268195 seconds
plan limit 980
current timestep 59
num of flexible agents: 36
num of flexible tasks: 11
Solving time: 0.00029185 seconds
plan limit 980
current timestep 60
num of flexible agents: 34
num of flexible tasks: 9
Solving time: 0.000301014 seconds
plan limit 980
current timestep 61
num of flexible agents: 37
num of flexible tasks: 11
Solving time: 0.000316993 seconds
plan limit 980
