current timestep 0
num of flexible agents: 80
num of flexible tasks: 2
Solving time: 0.000354357 seconds
plan limit 980
current timestep 1
num of flexible agents: 79
num of flexible tasks: 3
Solving time: 0.000355134 seconds
plan limit 980
current timestep 2
num of flexible agents: 79
num of flexible tasks: 5
Solving time: 0.000292967 seconds
plan limit 980
current timestep 3
num of flexible agents: 79
num of flexible tasks: 7
Solving time: 0.000280485 seconds
plan limit 980
current timestep 4
num of flexible agents: 78
num of flexible tasks: 8
Solving time: 0.000277432 seconds
plan limit 980
current timestep 5
num of flexible agents: 77
num of flexible tasks: 9
Solving time: 0.000355715 seconds
plan limit 980
current timestep 6
num of flexible agents: 75
num of flexible tasks: 9
Solving time: 0.000353112 seconds
plan limit 980
current timestep 7
num of flexible agents: 73
num of flexible tasks: 9
Solving time: 0.000304941 seconds
plan limit 980
current timestep 8
num of flexible agents: 72
num of flexible tasks: 10
Solving time: 0.000326094 seconds
plan limit 980
current timestep 9
num of flexible agents: 71
num of flexible tasks: 11
Solving time: 0.000308262 seconds
plan limit 980
current timestep 10
num of flexible agents: 70
num of flexible tasks: 12
Solving time: 0.000369953 seconds
plan limit 980
current timestep 11
num of flexible agents: 68
num of flexible tasks: 12
Solving time: 0.000328462 seconds
plan limit 980
current timestep 12
num of flexible agents: 65
num of flexible tasks: 10
Solving time: 0.000320492 seconds
plan limit 980
current timestep 13
num of flexible agents: 64
num of flexible tasks: 11
Solving time: 0.000310476 seconds
plan limit 980
current timestep 14
num of flexible agents: 64
num of flexible tasks: 13
Solving time: 0.000332712 seconds
plan limit 980
current timestep 15
num of flexible agents: 63
num of flexible tasks: 14
Solving time: 0.00037306 seconds
plan limit 980
current timestep 16
num of flexible agents: 63
num of flexible tasks: 14
Solving time: 0.00039309 seconds
plan limit 980
current timestep 17
num of flexible agents: 60
num of flexible tasks: 13
Solving time: 0.000349732 seconds
plan limit 980
current timestep 18
num of flexible agents: 59
num of flexible tasks: 13
Solving time: 0.0004066 seconds
plan limit 980
current timestep 19
num of flexible agents: 58
num of flexible tasks: 12
Solving time: 0.000358256 seconds
plan limit 980
current timestep 20
num of flexible agents: 58
num of flexible tasks: 12
Solving time: 0.000330134 seconds
plan limit 980
current timestep 21
num of flexible agents: 59
num of flexible tasks: 13
Solving time: 0.000345555 seconds
plan limit 980
current timestep 22
num of flexible agents: 57
num of flexible tasks: 13
Solving time: 0.000364604 seconds
plan limit 980
current timestep 23
num of flexible agents: 55
num of flexible tasks: 13
Solving time: 0.000350644 seconds
plan limit 980
current timestep 24
num of flexible agents: 55
num of flexible tasks: 15
Solving time: 0.000391448 seconds
plan limit 980
current timestep 25
num of flexible agents: 54
num of flexible tasks: 15
Solving time: 0.000379236 seconds
plan limit 980
current timestep 26
num of flexible agents: 56
num of flexible tasks: 17
Solving time: 0.000372072 seconds
plan limit 980
current timestep 27
num of flexible agents: 55
num of flexible tasks: 18
Solving time: 0.000365224 seconds
plan limit 980
current timestep 28
num of flexible agents: 53
num of flexible tasks: 17
Solving time: 0.000383615 seconds
plan limit 980
current timestep 29
num of flexible agents: 54
num of flexible tasks: 18
Solving time: 0.000415148 seconds
plan limit 980
current timestep 30
num of flexible agents: 53
num of flexible tasks: 15
Solving time: 0.000349615 seconds
plan limit 980
current timestep 31
num of flexible agents: 50
num of flexible tasks: 14
Solving time: 0.000382948 seconds
plan limit 980
current timestep 32
num of flexible agents: 50
num of flexible tasks: 16
Solving time: 0.000330488 seconds
plan limit 980
current timestep 33
num of flexible agents: 49
num of flexible tasks: 15
Solving time: 0.000362626 seconds
plan limit 980
current timestep 34
num of flexible agents: 50
num of flexible tasks: 15
Solving time: 0.000259282 seconds
plan limit 980
current timestep 35
num of flexible agents: 47
num of flexible tasks: 12
Solving time: 0.000277684 seconds
plan limit 980
current timestep 36
num of flexible agents: 45
num of flexible tasks: 11
Solving time: 0.000285158 seconds
plan limit 980
current timestep 37
num of flexible agents: 44
num of flexible tasks: 11
Solving time: 0.000263818 seconds
plan limit 980
current timestep 38
num of flexible agents: 42
num of flexible tasks: 10
Solving time: 0.000269665 seconds
plan limit 980
current timestep 39
num of flexible agents: 42
num of flexible tasks: 10
Solving time: 0.000285348 seconds
plan limit 980
current timestep 40
num of flexible agents: 42
num of flexible tasks: 10
Solving time: 0.000261184 seconds
plan limit 980
current timestep 41
num of flexible agents: 42
num of flexible tasks: 11
Solving time: 0.000288403 seconds
plan limit 980
current timestep 42
num of flexible agents: 41
num of flexible tasks: 10
Solving time: 0.000278315 seconds
plan limit 980
current timestep 43
num of flexible agents: 42
num of flexible tasks: 12
Solving time: 0.000315895 seconds
plan limit 980
current timestep 44
num of flexible agents: 38
num of flexible tasks: 9
Solving time: 0.00031709 seconds
plan limit 980
current timestep 45
num of flexible agents: 39
num of flexible tasks: 9
Solving time: 0.0003388 seconds
plan limit 980
current timestep 46
num of flexible agents: 38
num of flexible tasks: 9
Solving time: 0.000353658 seconds
plan limit 980
current timestep 47
num of flexible agents: 34
num of flexible tasks: 7
Solving time: 0.000338069 seconds
plan limit 980
current timestep 48
num of flexible agents: 34
num of flexible tasks: 8
Solving time: 0.000367278 seconds
plan limit 980
current timestep 49
num of flexible agents: 34
num of flexible tasks: 9
Solving time: 0.000382379 seconds
plan limit 980
current timestep 50
num of flexible agents: 34
num of flexible tasks: 11
Solving time: 0.000449678 seconds
plan limit 980
current timestep 51
num of flexible agents: 37
num of flexible tasks: 12
Solving time: 0.00036783 seconds
plan limit 980
current timestep 52
num of flexible agents: 38
num of flexible tasks: 13
Solving time: 0.000321716 seconds
plan limit 980
current timestep 53
num of flexible agents: 40
num of flexible tasks: 14
Solving time: 0.00030264 seconds
plan limit 980
current timestep 54
num of flexible agents: 41
num of flexible tasks: 12
Solving time: 0.000285846 seconds
plan limit 980
current timestep 55
num of flexible agents: 46
num of flexible tasks: 13
Solving time: 0.000271822 seconds
plan limit 980
current timestep 56
num of flexible agents: 45
num of flexible tasks: 13
Solving time: 0.000278283 seconds
plan limit 980
current timestep 57
num of flexible agents: 40
num of flexible tasks: 8
Solving time: 0.000277914 seconds
plan limit 980
current timestep 58
num of flexible agents: 37
num of flexible tasks: 7
Solving time: 0.000245694 seconds
plan limit 980
current timestep 59
num of flexible agents: 39
num of flexible tasks: 7
Solving time: 0.000266694 seconds
plan limit 980
current timestep 60
num of flexible agents: 39
num of flexible tasks: 7
Solving time: 0.000255354 seconds
plan limit 980
current timestep 61
num of flexible agents: 38
num of flexible tasks: 8
Solving time: 0.000292468 seconds
plan limit 980
current timestep 62
num of flexible agents: 40
num of flexible tasks: 8
Solving time: 0.000269228 seconds
plan limit 980
current timestep 63
num of flexible agents: 40
num of flexible tasks: 8
Solving time: 0.000279654 seconds
plan limit 980
current timestep 64
num of flexible agents: 44
num of flexible tasks: 10
Solving time: 0.000320186 seconds
plan limit 980
current timestep 65
num of flexible agents: 46
num of flexible tasks: 11
Solving time: 0.000249558 seconds
plan limit 980
current timestep 66
num of flexible agents: 44
num of flexible tasks: 8
Solving time: 0.000269189 seconds
plan limit 980
current timestep 67
num of flexible agents: 44
num of flexible tasks: 8
Solving time: 0.000270551 seconds
plan limit 980
current timestep 68
num of flexible agents: 44
num of flexible tasks: 9
Solving time: 0.00027897 seconds
plan limit 980
current timestep 69
num of flexible agents: 45
num of flexible tasks: 9
Solving time: 0.000331705 seconds
plan limit 980
current timestep 70
num of flexible agents: 44
num of flexible tasks: 10
Solving time: 0.000321563 seconds
plan limit 980
current timestep 71
num of flexible agents: 42
num of flexible tasks: 10
Solving time: 0.000295435 seconds
plan limit 980
current timestep 72
num of flexible agents: 41
num of flexible tasks: 11
Solving time: 0.000286673 seconds
plan limit 980
current timestep 73
num of flexible agents: 43
num of flexible tasks: 11
Solving time: 0.000295437 seconds
plan limit 980
current timestep 74
num of flexible agents: 40
num of flexible tasks: 9
Solving time: 0.000269033 seconds
plan limit 980
current timestep 75
num of flexible agents: 39
num of flexible tasks: 9
Solving time: 0.000279315 seconds
plan limit 980
current timestep 76
num of flexible agents: 37
num of flexible tasks: 9
Solving time: 0.00028796 seconds
plan limit 980
current timestep 77
num of flexible agents: 34
num of flexible tasks: 8
Solving time: 0.000312265 seconds
plan limit 980
current timestep 78
num of flexible agents: 34
num of flexible tasks: 10
Solving time: 0.000307878 seconds
plan limit 980
current timestep 79
num of flexible agents: 35
num of flexible tasks: 10
Solving time: 0.000328021 seconds
plan limit 980
current timestep 80
num of flexible agents: 35
num of flexible tasks: 10
Solving time: 0.000335952 seconds
plan limit 980
current timestep 81
num of flexible agents: 36
num of flexible tasks: 10
Solving time: 0.000309314 seconds
plan limit 980
current timestep 82
num of flexible agents: 35
num of flexible tasks: 10
Solving time: 0.000288325 seconds
plan limit 980
current timestep 83
num of flexible agents: 34
num of flexible tasks: 11
Solving time: 0.000297659 seconds
plan limit 980
current timestep 84
num of flexible agents: 34
num of flexible tasks: 12
Solving time: 0.000283468 seconds
plan limit 980
current timestep 85
num of flexible agents: 35
num of flexible tasks: 11
Solving time: 0.000278563 seconds
plan limit 980
current timestep 86
num of flexible agents: 37
num of flexible tasks: 9
Solving time: 0.000330028 seconds
plan limit 980
current timestep 87
num of flexible agents: 38
num of flexible tasks: 11
Solving time: 0.000294847 seconds
plan limit 980
current timestep 88
num of flexible agents: 36
num of flexible tasks: 10
Solving time: 0.00026502 seconds
plan limit 980
current timestep 89
num of flexible agents: 35
num of flexible tasks: 10
Solving time: 0.000276212 seconds
plan limit 980
current timestep 90
num of flexible agents: 35
num of flexible tasks: 9
Solving time: 0.000242706 seconds
plan limit 980
current timestep 91
num of flexible agents: 35
num of flexible tasks: 9
Solving time: 0.000286882 seconds
plan limit 980
current timestep 92
num of flexible agents: 36
num of flexible tasks: 11
Solving time: 0.000378867 seconds
plan limit 980
current timestep 93
num of flexible agents: 38
num of flexible tasks: 11
Solving time: 0.000219892 seconds
plan limit 980
current timestep 94
num of flexible agents: 37
num of flexible tasks: 10
Solving time: 0.000263103 seconds
plan limit 980
current timestep 95
num of flexible agents: 34
num of flexible tasks: 8
Solving time: 0.000248449 seconds
plan limit 980
current timestep 96
num of flexible agents: 34
num of flexible tasks: 8
Solving time: 0.000278195 seconds
plan limit 980
current timestep 97
num of flexible agents: 34
num of flexible tasks: 7
Solving time: 0.000271388 seconds
plan limit 980
current timestep 98
num of flexible agents: 34
num of flexible tasks: 8
Solving time: 0.000243846 seconds
plan limit 980
current timestep 99
num of flexible agents: 31
num of flexible tasks: 7
Solving time: 0.000264414 seconds
plan limit 980
current timestep 100
num of flexible agents: 30
num of flexible tasks: 7
Solving time: 0.000293047 seconds
plan limit 980
current timestep 101
num of flexible agents: 33
num of flexible tasks: 8
Solving time: 0.000247991 seconds
plan limit 980
current timestep 102
num of flexible agents: 33
num of flexible tasks: 9
Solving time: 0.000279615 seconds
plan limit 980
current timestep 103
num of flexible agents: 31
num of flexible tasks: 8
Solving time: 0.000251064 seconds
plan limit 980
current timestep 104
num of flexible agents: 29
num of flexible tasks: 7
Solving time: 0.00025383 seconds
plan limit 980
current timestep 105
num of flexible agents: 28
num of flexible tasks: 6
Solving time: 0.000286156 seconds
plan limit 980
current timestep 106
num of flexible agents: 29
num of flexible tasks: 7
Solving time: 0.000272953 seconds
plan limit 980
current timestep 107
num of flexible agents: 30
num of flexible tasks: 8
Solving time: 0.000259819 seconds
plan limit 980
current timestep 108
num of flexible agents: 32
num of flexible tasks: 9
Solving time: 0.000258582 seconds
plan limit 980
current timestep 109
num of flexible agents: 34
num of flexible tasks: 10
Solving time: 0.000253764 seconds
plan limit 980
current timestep 110
num of flexible agents: 31
num of flexible tasks: 9
Solving time: 0.000266325 seconds
plan limit 980
current timestep 111
num of flexible agents: 29
num of flexible tasks: 7
Solving time: 0.000245052 seconds
plan limit 980
current timestep 112
num of flexible agents: 34
num of flexible tasks: 9
Solving time: 0.00025278 seconds
plan limit 980
current timestep 113
num of flexible agents: 34
num of flexible tasks: 8
Solving time: 0.000265744 seconds
plan limit 980
current timestep 114
num of flexible agents: 34
num of flexible tasks: 8
Solving time: 0.000267469 seconds
plan limit 980
current timestep 115
num of flexible agents: 34
num of flexible tasks: 8
Solving time: 0.000249646 seconds
plan limit 980
current timestep 116
num of flexible agents: 32
num of flexible tasks: 7
Solving time: 0.000253739 seconds
plan limit 980
current timestep 117
num of flexible agents: 30
num of flexible tasks: 7
Solving time: 0.000237151 seconds
plan limit 980
current timestep 118
num of flexible agents: 31
num of flexible tasks: 7
Solving time: 0.000269897 seconds
plan limit 980
current timestep 119
num of flexible agents: 34
num of flexible tasks: 6
Solving time: 0.000281131 seconds
plan limit 980
current timestep 120
num of flexible agents: 35
num of flexible tasks: 7
Solving time: 0.000263978 seconds
plan limit 980
current timestep 121
num of flexible agents: 34
num of flexible tasks: 7
Solving time: 0.000279698 seconds
plan limit 980
current timestep 122
num of flexible agents: 35
num of flexible tasks: 8
Solving time: 0.000275323 seconds
plan limit 980
current timestep 123
num of flexible agents: 34
num of flexible tasks: 8
Solving time: 0.000324016 seconds
plan limit 980
current timestep 124
num of flexible agents: 37
num of flexible tasks: 10
Solving time: 0.000270766 seconds
plan limit 980
current timestep 125
num of flexible agents: 34
num of flexible tasks: 8
Solving time: 0.000265064 seconds
plan limit 980
current timestep 126
num of flexible agents: 36
num of flexible tasks: 9
Solving time: 0.000274739 seconds
plan limit 980
current timestep 127
num of flexible agents: 37
num of flexible tasks: 7
Solving time: 0.000286461 seconds
plan limit 980
current timestep 128
num of flexible agents: 37
num of flexible tasks: 8
Solving time: 0.000275654 seconds
plan limit 980
current timestep 129
num of flexible agents: 38
num of flexible tasks: 8
Solving time: 0.000256001 seconds
plan limit 980
current timestep 130
num of flexible agents: 38
num of flexible tasks: 9
Solving time: 0.00027077 seconds
plan limit 980
current timestep 131
num of flexible agents: 35
num of flexible tasks: 7
Solving time: 0.000251564 seconds
plan limit 980
current timestep 132
num of flexible agents: 36
num of flexible tasks: 7
Solving time: 0.000262254 seconds
plan limit 980
current timestep 133
num of flexible agents: 37
num of flexible tasks: 8
Solving time: 0.000274212 seconds
plan limit 980
current timestep 134
num of flexible agents: 35
num of flexible tasks: 5
Solving time: 0.00026406 seconds
plan limit 980
current timestep 135
num of flexible agents: 37
num of flexible tasks: 5
Solving time: 0.000268398 seconds
plan limit 980
current timestep 136
num of flexible agents: 37
num of flexible tasks: 7
Solving time: 0.000273572 seconds
plan limit 980
current timestep 137
num of flexible agents: 36
num of flexible tasks: 7
Solving time: 0.000262863 seconds
plan limit 980
current timestep 138
num of flexible agents: 35
num of flexible tasks: 7
Solving time: 0.000274657 seconds
plan limit 980
current timestep 139
num of flexible agents: 39
num of flexible tasks: 8
Solving time: 0.00027991 seconds
plan limit 980
current timestep 140
num of flexible agents: 38
num of flexible tasks: 7
Solving time: 0.000302212 seconds
plan limit 980
current timestep 141
num of flexible agents: 36
num of flexible tasks: 6
Solving time: 0.000346055 seconds
plan limit 980
current timestep 142
num of flexible agents: 38
num of flexible tasks: 8
Solving time: 0.000304649 seconds
plan limit 980
current timestep 143
num of flexible agents: 40
num of flexible tasks: 9
Solving time: 0.000314485 seconds
plan limit 980
current timestep 144
num of flexible agents: 39
num of flexible tasks: 10
Solving time: 0.000322132 seconds
plan limit 980
current timestep 145
num of flexible agents: 40
num of flexible tasks: 10
Solving time: 0.000280383 seconds
plan limit 980
current timestep 146
num of flexible agents: 39
num of flexible tasks: 10
Solving time: 0.000278795 seconds
plan limit 980
current timestep 147
num of flexible agents: 39
num of flexible tasks: 11
Solving time: 0.000288077 seconds
plan limit 980
current timestep 148
num of flexible agents: 39
num of flexible tasks: 9
Solving time: 0.000280559 seconds
plan limit 980
current timestep 149
num of flexible agents: 39
num of flexible tasks: 9
Solving time: 0.00034507 seconds
plan limit 980
current timestep 150
num of flexible agents: 40
num of flexible tasks: 10
Solving time: 0.000299783 seconds
plan limit 980
current timestep 151
num of flexible agents: 38
num of flexible tasks: 10
Solving time: 0.00029037 seconds
plan limit 980
current timestep 152
num of flexible agents: 38
num of flexible tasks: 11
Solving time: 0.000353852 seconds
plan limit 980
current timestep 153
num of flexible agents: 38
num of flexible tasks: 12
Solving time: 0.000374989 seconds
plan limit 980
current timestep 154
num of flexible agents: 40
num of flexible tasks: 11
Solving time: 0.000317612 seconds
plan limit 980
current timestep 155
num of flexible agents: 40
num of flexible tasks: 12
Solving time: 0.000329963 seconds
plan limit 980
current timestep 156
num of flexible agents: 38
num of flexible tasks: 11
Solving time: 0.000302731 seconds
plan limit 980
current timestep 157
num of flexible agents: 39
num of flexible tasks: 11
Solving time: 0.000290879 seconds
plan limit 980
current timestep 158
num of flexible agents: 40
num of flexible tasks: 12
Solving time: 0.000301838 seconds
plan limit 980
current timestep 159
num of flexible agents: 38
num of flexible tasks: 11
Solving time: 0.000284122 seconds
plan limit 980
current timestep 160
num of flexible agents: 38
num of flexible tasks: 9
Solving time: 0.000280334 seconds
plan limit 980
current timestep 161
num of flexible agents: 39
num of flexible tasks: 9
Solving time: 0.00026337 seconds
plan limit 980
current timestep 162
num of flexible agents: 40
num of flexible tasks: 8
Solving time: 0.000300005 seconds
plan limit 980
current timestep 163
num of flexible agents: 40
num of flexible tasks: 8
Solving time: 0.000283362 seconds
plan limit 980
current timestep 164
num of flexible agents: 40
num of flexible tasks: 8
Solving time: 0.000256355 seconds
plan limit 980
current timestep 165
num of flexible agents: 39
num of flexible tasks: 8
Solving time: 0.000285358 seconds
plan limit 980
current timestep 166
num of flexible agents: 40
num of flexible tasks: 9
Solving time: 0.000288671 seconds
plan limit 980
current timestep 167
num of flexible agents: 40
num of flexible tasks: 9
Solving time: 0.000259333 seconds
plan limit 980
current timestep 168
num of flexible agents: 39
num of flexible tasks: 9
Solving time: 0.000293595 seconds
plan limit 980
current timestep 169
num of flexible agents: 38
num of flexible tasks: 8
Solving time: 0.000253314 seconds
plan limit 980
current timestep 170
num of flexible agents: 39
num of flexible tasks: 9
Solving time: 0.000251597 seconds
plan limit 980
current timestep 171
num of flexible agents: 37
num of flexible tasks: 8
Solving time: 0.000264285 seconds
plan limit 980
current timestep 172
num of flexible agents: 39
num of flexible tasks: 9
Solving time: 0.000239241 seconds
plan limit 980
current timestep 173
num of flexible agents: 36
num of flexible tasks: 7
Solving time: 0.000300621 seconds
plan limit 980
current timestep 174
num of flexible agents: 37
num of flexible tasks: 8
Solving time: 0.000284128 seconds
plan limit 980
current timestep 175
num of flexible agents: 34
num of flexible tasks: 7
Solving time: 0.000322701 seconds
plan limit 980
current timestep 176
num of flexible agents: 34
num of flexible tasks: 9
Solving time: 0.000326287 seconds
plan limit 980
current timestep 177
num of flexible agents: 32
num of flexible tasks: 8
Solving time: 0.000352802 seconds
plan limit 980
current timestep 178
num of flexible agents: 36
num of flexible tasks: 9
Solving time: 0.000285825 seconds
plan limit 980
current timestep 179
num of flexible agents: 39
num of flexible tasks: 10
Solving time: 0.000285394 seconds
plan limit 980
current timestep 180
num of flexible agents: 40
num of flexible tasks: 11
Solving time: 0.000280102 seconds
plan limit 980
current timestep 181
num of flexible agents: 40
num of flexible tasks: 10
Solving time: 0.000306963 seconds
plan limit 980
current timestep 182
num of flexible agents: 39
num of flexible tasks: 8
Solving time: 0.00029754 seconds
plan limit 980
current timestep 183
num of flexible agents: 38
num of flexible tasks: 9
Solving time: 0.000310779 seconds
plan limit 980
current timestep 184
num of flexible agents: 36
num of flexible tasks: 8
Solving time: 0.000283792 seconds
plan limit 980
current timestep 185
num of flexible agents: 37
num of flexible tasks: 9
Solving time: 0.000304621 seconds
plan limit 980
current timestep 186
num of flexible agents: 39
num of flexible tasks: 10
Solving time: 0.000314236 seconds
plan limit 980
current timestep 187
num of flexible agents: 38
num of flexible tasks: 9
Solving time: 0.000292945 seconds
plan limit 980
current timestep 188
num of flexible agents: 37
num of flexible tasks: 9
Solving time: 0.000283996 seconds
plan limit 980
current timestep 189
num of flexible agents: 38
num of flexible tasks: 9
Solving time: 0.000263104 seconds
plan limit 980
current timestep 190
num of flexible agents: 38
num of flexible tasks: 9
Solving time: 0.000245349 seconds
plan limit 980
current timestep 191
num of flexible agents: 38
num of flexible tasks: 9
Solving time: 0.000300282 seconds
plan limit 980
current timestep 192
num of flexible agents: 38
num of flexible tasks: 9
Solving time: 0.000272803 seconds
plan limit 980
current timestep 193
num of flexible agents: 39
num of flexible tasks: 10
Solving time: 0.000265654 seconds
plan limit 980
current timestep 194
num of flexible agents: 37
num of flexible tasks: 7
Solving time: 0.000267376 seconds
plan limit 980
current timestep 195
num of flexible agents: 37
num of flexible tasks: 6
Solving time: 0.000301576 seconds
plan limit 980
current timestep 196
num of flexible agents: 39
num of flexible tasks: 8
Solving time: 0.000245044 seconds
plan limit 980
current timestep 197
num of flexible agents: 40
num of flexible tasks: 9
Solving time: 0.000257929 seconds
plan limit 980
current timestep 198
num of flexible agents: 38
num of flexible tasks: 9
Solving time: 0.000270962 seconds
plan limit 980
current timestep 199
num of flexible agents: 38
num of flexible tasks: 10
Solving time: 0.000296063 seconds
plan limit 980
current timestep 200
num of flexible agents: 38
num of flexible tasks: 9
Solving time: 0.000264702 seconds
plan limit 980
current timestep 201
num of flexible agents: 40
num of flexible tasks: 10
Solving time: 0.000284848 seconds
plan limit 980
current timestep 202
num of flexible agents: 40
num of flexible tasks: 10
Solving time: 0.00029271 seconds
plan limit 980
current timestep 203
num of flexible agents: 42
num of flexible tasks: 11
Solving time: 0.000297901 seconds
plan limit 980
current timestep 204
num of flexible agents: 46
num of flexible tasks: 12
Solving time: 0.00027791 seconds
plan limit 980
current timestep 205
num of flexible agents: 45
num of flexible tasks: 10
Solving time: 0.000255325 seconds
plan limit 980
current timestep 206
num of flexible agents: 42
num of flexible tasks: 9
Solving time: 0.000249363 seconds
plan limit 980
current timestep 207
num of flexible agents: 39
num of flexible tasks: 7
Solving time: 0.000233825 seconds
plan limit 980
current timestep 208
num of flexible agents: 38
num of flexible tasks: 8
Solving time: 0.000256121 seconds
plan limit 980
current timestep 209
num of flexible agents: 39
num of flexible tasks: 10
Solving time: 0.0002363 seconds
plan limit 980
current timestep 210
num of flexible agents: 40
num of flexible tasks: 10
Solving time: 0.000267445 seconds
plan limit 980
current timestep 211
num of flexible agents: 39
num of flexible tasks: 9
Solving time: 0.00025278 seconds
plan limit 980
current timestep 212
num of flexible agents: 39
num of flexible tasks: 10
Solving time: 0.000275636 seconds
plan limit 980
current timestep 213
num of flexible agents: 37
num of flexible tasks: 7
Solving time: 0.000275051 seconds
plan limit 980
current timestep 214
num of flexible agents: 35
num of flexible tasks: 7
Solving time: 0.000232585 seconds
plan limit 980
current timestep 215
num of flexible agents: 36
num of flexible tasks: 7
Solving time: 0.000227307 seconds
plan limit 980
current timestep 216
num of flexible agents: 36
num of flexible tasks: 9
Solving time: 0.000263379 seconds
plan limit 980
current timestep 217
num of flexible agents: 39
num of flexible tasks: 9
Solving time: 0.000247916 seconds
plan limit 980
current timestep 218
num of flexible agents: 34
num of flexible tasks: 5
Solving time: 0.000237342 seconds
plan limit 980
current timestep 219
num of flexible agents: 37
num of flexible tasks: 7
Solving time: 0.000258158 seconds
plan limit 980
current timestep 220
num of flexible agents: 37
num of flexible tasks: 8
Solving time: 0.000238727 seconds
plan limit 980
current timestep 221
num of flexible agents: 37
num of flexible tasks: 9
Solving time: 0.000277355 seconds
plan limit 980
current timestep 222
num of flexible agents: 39
num of flexible tasks: 9
Solving time: 0.000273335 seconds
plan limit 980
current timestep 223
num of flexible agents: 37
num of flexible tasks: 8
Solving time: 0.000241001 seconds
plan limit 980
current timestep 224
num of flexible agents: 37
num of flexible tasks: 8
Solving time: 0.000258048 seconds
plan limit 980
current timestep 225
num of flexible agents: 34
num of flexible tasks: 7
Solving time: 0.000268301 seconds
plan limit 980
current timestep 226
num of flexible agents: 35
num of flexible tasks: 7
Solving time: 0.000277919 seconds
plan limit 980
current timestep 227
num of flexible agents: 35
num of flexible tasks: 8
Solving time: 0.000278456 seconds
plan limit 980
current timestep 228
num of flexible agents: 37
num of flexible tasks: 10
Solving time: 0.000261126 seconds
plan limit 980
current timestep 229
num of flexible agents: 38
num of flexible tasks: 9
Solving time: 0.000284672 seconds
plan limit 980
current timestep 230
num of flexible agents: 39
num of flexible tasks: 9
Solving time: 0.000261808 seconds
plan limit 980
current timestep 231
num of flexible agents: 37
num of flexible tasks: 8
Solving time: 0.000281179 seconds
plan limit 980
current timestep 232
num of flexible agents: 36
num of flexible tasks: 8
Solving time: 0.000246448 seconds
plan limit 980
current timestep 233
num of flexible agents: 34
num of flexible tasks: 8
Solving time: 0.000286001 seconds
plan limit 980
current timestep 234
num of flexible agents: 36
num of flexible tasks: 9
Solving time: 0.000249382 seconds
plan limit 980
current timestep 235
num of flexible agents: 34
num of flexible tasks: 8
Solving time: 0.000257264 seconds
plan limit 980
current timestep 236
num of flexible agents: 31
num of flexible tasks: 7
Solving time: 0.000249889 seconds
plan limit 980
current timestep 237
num of flexible agents: 30
num of flexible tasks: 6
Solving time: 0.000288742 seconds
plan limit 980
current timestep 238
num of flexible agents: 31
num of flexible tasks: 8
Solving time: 0.000313577 seconds
plan limit 980
current timestep 239
num of flexible agents: 31
num of flexible tasks: 9
Solving time: 0.000274059 seconds
plan limit 980
current timestep 240
num of flexible agents: 36
num of flexible tasks: 11
Solving time: 0.00038166 seconds
plan limit 980
current timestep 241
num of flexible agents: 33
num of flexible tasks: 9
Solving time: 0.000283555 seconds
plan limit 980
current timestep 242
num of flexible agents: 31
num of flexible tasks: 8
Solving time: 0.000278561 seconds
plan limit 980
current timestep 243
num of flexible agents: 35
num of flexible tasks: 10
Solving time: 0.000275306 seconds
plan limit 980
current timestep 244
num of flexible agents: 33
num of flexible tasks: 8
Solving time: 0.000258518 seconds
plan limit 980
current timestep 245
num of flexible agents: 35
num of flexible tasks: 9
Solving time: 0.000261157 seconds
plan limit 980
current timestep 246
num of flexible agents: 31
num of flexible tasks: 5
Solving time: 0.000227535 seconds
plan limit 980
current timestep 247
num of flexible agents: 32
num of flexible tasks: 7
Solving time: 0.000295404 seconds
plan limit 980
current timestep 248
num of flexible agents: 35
num of flexible tasks: 6
Solving time: 0.000237157 seconds
plan limit 980
current timestep 249
num of flexible agents: 38
num of flexible tasks: 7
Solving time: 0.000288797 seconds
plan limit 980
current timestep 250
num of flexible agents: 39
num of flexible tasks: 5
Solving time: 0.000240859 seconds
plan limit 980
current timestep 251
num of flexible agents: 40
num of flexible tasks: 4
Solving time: 0.000239836 seconds
plan limit 980
current timestep 252
num of flexible agents: 41
num of flexible tasks: 3
Solving time: 0.000232409 seconds
plan limit 980
current timestep 253
num of flexible agents: 44
num of flexible tasks: 3
Solving time: 0.000241531 seconds
plan limit 980
current timestep 254
num of flexible agents: 44
num of flexible tasks: 1
Solving time: 0.000214316 seconds
plan limit 980
current timestep 255
num of flexible agents: 45
num of flexible tasks: 1
Solving time: 0.000222854 seconds
plan limit 980
current timestep 256
num of flexible agents: 45
num of flexible tasks: 1
Solving time: 0.000228615 seconds
plan limit 980
current timestep 257
num of flexible agents: 49
num of flexible tasks: 1
Solving time: 0.000257811 seconds
plan limit 980
current timestep 258
num of flexible agents: 51
num of flexible tasks: 1
Solving time: 0.000248809 seconds
plan limit 980
current timestep 259
num of flexible agents: 55
num of flexible tasks: 1
Solving time: 0.000248814 seconds
plan limit 980
current timestep 260
num of flexible agents: 57
num of flexible tasks: 1
Solving time: 0.000220664 seconds
plan limit 980
current timestep 261
num of flexible agents: 58
num of flexible tasks: 1
Solving time: 0.000208742 seconds
plan limit 980
current timestep 262
num of flexible agents: 60
num of flexible tasks: 0
Solving time: 0.000201545 seconds
plan limit 980
current timestep 263
num of flexible agents: 62
num of flexible tasks: 0
Solving time: 0.000204014 seconds
plan limit 980
current timestep 264
num of flexible agents: 62
num of flexible tasks: 0
Solving time: 0.000195476 seconds
plan limit 980
current timestep 265
num of flexible agents: 65
num of flexible tasks: 0
Solving time: 0.000198872 seconds
plan limit 980
current timestep 266
num of flexible agents: 66
num of flexible tasks: 0
Solving time: 0.00022339 seconds
plan limit 980
current timestep 267
num of flexible agents: 69
num of flexible tasks: 0
Solving time: 0.000200045 seconds
plan limit 980
current timestep 268
num of flexible agents: 69
num of flexible tasks: 0
Solving time: 0.000203287 seconds
plan limit 980
current timestep 269
num of flexible agents: 70
num of flexible tasks: 0
Solving time: 0.000202247 seconds
plan limit 980
current timestep 270
num of flexible agents: 71
num of flexible tasks: 0
Solving time: 0.000212917 seconds
plan limit 980
current timestep 271
num of flexible agents: 71
num of flexible tasks: 0
Solving time: 0.000201267 seconds
plan limit 980
current timestep 272
num of flexible agents: 72
num of flexible tasks: 0
Solving time: 0.00019645 seconds
plan limit 980
current timestep 273
num of flexible agents: 73
num of flexible tasks: 0
Solving time: 0.000219752 seconds
plan limit 980
current timestep 274
num of flexible agents: 73
num of flexible tasks: 0
Solving time: 0.000209465 seconds
plan limit 980
current timestep 275
num of flexible agents: 74
num of flexible tasks: 0
Solving time: 0.000206999 seconds
plan limit 980
current timestep 276
num of flexible agents: 74
num of flexible tasks: 0
Solving time: 0.000211494 seconds
plan limit 980
current timestep 277
num of flexible agents: 74
num of flexible tasks: 0
Solving time: 0.000214442 seconds
plan limit 980
current timestep 278
num of flexible agents: 76
num of flexible tasks: 0
Solving time: 0.0002051 seconds
plan limit 980
current timestep 279
num of flexible agents: 77
num of flexible tasks: 0
Solving time: 0.000221593 seconds
plan limit 980
current timestep 280
num of flexible agents: 77
num of flexible tasks: 0
Solving time: 0.000203573 seconds
plan limit 980
current timestep 281
num of flexible agents: 78
num of flexible tasks: 0
Solving time: 0.000238342 seconds
plan limit 980
current timestep 282
num of flexible agents: 78
num of flexible tasks: 0
Solving time: 0.000231291 seconds
plan limit 980
current timestep 283
num of flexible agents: 79
num of flexible tasks: 0
Solving time: 0.000218502 seconds
plan limit 980
current timestep 284
num of flexible agents: 79
num of flexible tasks: 0
Solving time: 0.000204075 seconds
plan limit 980
current timestep 285
num of flexible agents: 79
num of flexible tasks: 0
Solving time: 0.00020034 seconds
plan limit 980
current timestep 286
num of flexible agents: 79
num of flexible tasks: 0
Solving time: 0.000248745 seconds
plan limit 980
current timestep 287
num of flexible agents: 79
num of flexible tasks: 0
Solving time: 0.000226582 seconds
plan limit 980
All tasks finished at timestep 288
