[1/23] Building CXX object CMakeFiles/lifelong.dir/default_planner/pibt.cpp.obj
[2/23] Building CXX object CMakeFiles/lifelong.dir/default_planner/flow.cpp.obj
[3/23] Building CXX object CMakeFiles/lifelong.dir/default_planner/heuristics.cpp.obj
[4/23] Building CXX object CMakeFiles/lifelong.dir/default_planner/search.cpp.obj
[5/23] Building CXX object CMakeFiles/lifelong.dir/default_planner/planner.cpp.obj
[6/23] Building CXX object CMakeFiles/lifelong.dir/default_planner/portable_greedy_heap.cpp.obj
[7/23] Building CXX object CMakeFiles/lifelong.dir/default_planner/portable_assignment.cpp.obj
[8/23] Building CXX object CMakeFiles/lifelong.dir/src/Grid.cpp.obj
[9/23] Building CXX object CMakeFiles/lifelong.dir/default_planner/utils.cpp.obj
[10/23] Building CXX object CMakeFiles/lifelong.dir/src/ActionModel.cpp.obj
[11/23] Building CXX object CMakeFiles/lifelong.dir/src/Entry.cpp.obj
[12/23] Building CXX object CMakeFiles/lifelong.dir/default_planner/scheduler.cpp.obj
[13/23] Building CXX object CMakeFiles/lifelong.dir/src/Logger.cpp.obj
[14/23] Building CXX object CMakeFiles/lifelong.dir/src/States.cpp.obj
[15/23] Building CXX object CMakeFiles/lifelong.dir/src/Evaluation.cpp.obj
[16/23] Building CXX object CMakeFiles/lifelong.dir/src/common.cpp.obj
[17/23] Building CXX object CMakeFiles/lifelong.dir/src/CompetitionSystem.cpp.obj
[18/23] Building CXX object CMakeFiles/lifelong.dir/src/MAPFPlanner.cpp.obj
[19/23] Building CXX object CMakeFiles/lifelong.dir/src/Simulator.cpp.obj
[20/23] Building CXX object CMakeFiles/lifelong.dir/src/TaskScheduler.cpp.obj
[21/23] Building CXX object CMakeFiles/lifelong.dir/src/TaskManager.cpp.obj
[22/23] Building CXX object CMakeFiles/lifelong.dir/src/driver.cpp.obj
[23/23] Linking CXX executable lifelong.exe
