current timestep 0
num of flexible agents: 80
num of flexible tasks: 5
Solving time: 0.0003898 seconds
plan limit 980
current timestep 1
num of flexible agents: 79
num of flexible tasks: 9
Solving time: 0.0005118 seconds
plan limit 980
current timestep 2
num of flexible agents: 78
num of flexible tasks: 13
Solving time: 0.0003881 seconds
plan limit 980
current timestep 3
num of flexible agents: 76
num of flexible tasks: 16
Solving time: 0.0004231 seconds
plan limit 980
current timestep 4
num of flexible agents: 73
num of flexible tasks: 18
Solving time: 0.0004036 seconds
plan limit 980
current timestep 5
num of flexible agents: 70
num of flexible tasks: 20
Solving time: 0.0004554 seconds
plan limit 980
current timestep 6
num of flexible agents: 66
num of flexible tasks: 21
Solving time: 0.0004209 seconds
plan limit 980
current timestep 7
num of flexible agents: 64
num of flexible tasks: 24
Solving time: 0.0004611 seconds
plan limit 980
current timestep 8
num of flexible agents: 60
num of flexible tasks: 25
Solving time: 0.0004827 seconds
plan limit 980
current timestep 9
num of flexible agents: 57
num of flexible tasks: 27
Solving time: 0.0005163 seconds
plan limit 980
current timestep 10
num of flexible agents: 58
num of flexible tasks: 32
Solving time: 0.0007814 seconds
plan limit 979
current timestep 11
num of flexible agents: 56
num of flexible tasks: 34
Solving time: 0.0005326 seconds
plan limit 980
current timestep 12
num of flexible agents: 54
num of flexible tasks: 36
Solving time: 0.0006358 seconds
plan limit 980
current timestep 13
num of flexible agents: 51
num of flexible tasks: 37
Solving time: 0.0005631 seconds
plan limit 980
current timestep 14
num of flexible agents: 50
num of flexible tasks: 38
Solving time: 0.0005335 seconds
plan limit 980
current timestep 15
num of flexible agents: 50
num of flexible tasks: 41
Solving time: 0.0005777 seconds
plan limit 980
current timestep 16
num of flexible agents: 48
num of flexible tasks: 43
Solving time: 0.0005637 seconds
plan limit 980
current timestep 17
num of flexible agents: 45
num of flexible tasks: 45
Solving time: 0.0005544 seconds
plan limit 980
current timestep 18
num of flexible agents: 44
num of flexible tasks: 47
Solving time: 0.0005496 seconds
plan limit 980
current timestep 19
num of flexible agents: 39
num of flexible tasks: 47
Solving time: 0.0005958 seconds
plan limit 980
current timestep 20
num of flexible agents: 35
num of flexible tasks: 46
Solving time: 0.0005166 seconds
plan limit 980
current timestep 21
num of flexible agents: 30
num of flexible tasks: 45
Solving time: 0.000414 seconds
plan limit 980
current timestep 22
num of flexible agents: 27
num of flexible tasks: 46
Solving time: 0.0004877 seconds
plan limit 980
current timestep 23
num of flexible agents: 25
num of flexible tasks: 46
Solving time: 0.0003858 seconds
plan limit 980
current timestep 24
num of flexible agents: 18
num of flexible tasks: 43
Solving time: 0.000309 seconds
plan limit 980
current timestep 25
num of flexible agents: 11
num of flexible tasks: 41
Solving time: 0.0004529 seconds
plan limit 980
current timestep 26
num of flexible agents: 10
num of flexible tasks: 42
Solving time: 0.000316 seconds
plan limit 980
current timestep 27
num of flexible agents: 8
num of flexible tasks: 44
Solving time: 0.0003365 seconds
plan limit 980
current timestep 28
num of flexible agents: 9
num of flexible tasks: 46
Solving time: 0.0003323 seconds
plan limit 980
current timestep 29
num of flexible agents: 6
num of flexible tasks: 48
Solving time: 0.0003353 seconds
plan limit 980
current timestep 30
num of flexible agents: 8
num of flexible tasks: 52
Solving time: 0.0003279 seconds
plan limit 980
current timestep 31
num of flexible agents: 6
num of flexible tasks: 54
Solving time: 0.0003203 seconds
plan limit 980
current timestep 32
num of flexible agents: 10
num of flexible tasks: 59
Solving time: 0.0004072 seconds
plan limit 980
current timestep 33
num of flexible agents: 16
num of flexible tasks: 64
Solving time: 0.0003373 seconds
plan limit 980
current timestep 34
num of flexible agents: 12
num of flexible tasks: 63
Solving time: 0.0004227 seconds
plan limit 980
current timestep 35
num of flexible agents: 9
num of flexible tasks: 65
Solving time: 0.0003207 seconds
plan limit 980
current timestep 36
num of flexible agents: 9
num of flexible tasks: 68
Solving time: 0.0002913 seconds
plan limit 980
current timestep 37
num of flexible agents: 7
num of flexible tasks: 67
Solving time: 0.0003968 seconds
plan limit 980
current timestep 38
num of flexible agents: 5
num of flexible tasks: 69
Solving time: 0.0002994 seconds
plan limit 980
current timestep 39
num of flexible agents: 5
num of flexible tasks: 72
Solving time: 0.0002792 seconds
plan limit 980
current timestep 40
num of flexible agents: 9
num of flexible tasks: 75
Solving time: 0.0003044 seconds
plan limit 980
current timestep 41
num of flexible agents: 4
num of flexible tasks: 74
Solving time: 0.0003945 seconds
plan limit 980
current timestep 42
num of flexible agents: 7
num of flexible tasks: 78
Solving time: 0.0003003 seconds
plan limit 980
current timestep 43
num of flexible agents: 5
num of flexible tasks: 78
Solving time: 0.0005834 seconds
plan limit 980
current timestep 44
num of flexible agents: 10
num of flexible tasks: 81
Solving time: 0.0003262 seconds
plan limit 980
current timestep 45
num of flexible agents: 12
num of flexible tasks: 84
Solving time: 0.0003617 seconds
plan limit 980
current timestep 46
num of flexible agents: 13
num of flexible tasks: 87
Solving time: 0.0003319 seconds
plan limit 980
current timestep 47
num of flexible agents: 9
num of flexible tasks: 87
Solving time: 0.0003284 seconds
plan limit 980
current timestep 48
num of flexible agents: 11
num of flexible tasks: 90
Solving time: 0.0003097 seconds
plan limit 980
current timestep 49
num of flexible agents: 12
num of flexible tasks: 93
Solving time: 0.0003135 seconds
plan limit 980
current timestep 50
num of flexible agents: 10
num of flexible tasks: 93
Solving time: 0.0003035 seconds
plan limit 980
current timestep 51
num of flexible agents: 10
num of flexible tasks: 92
Solving time: 0.0003179 seconds
plan limit 980
current timestep 52
num of flexible agents: 9
num of flexible tasks: 94
Solving time: 0.0003224 seconds
plan limit 980
current timestep 53
num of flexible agents: 9
num of flexible tasks: 95
Solving time: 0.0003038 seconds
plan limit 980
current timestep 54
num of flexible agents: 9
num of flexible tasks: 98
Solving time: 0.0003492 seconds
plan limit 980
current timestep 55
num of flexible agents: 5
num of flexible tasks: 98
Solving time: 0.000281 seconds
plan limit 980
current timestep 56
num of flexible agents: 5
num of flexible tasks: 101
Solving time: 0.0002924 seconds
plan limit 980
current timestep 57
num of flexible agents: 8
num of flexible tasks: 104
Solving time: 0.0004187 seconds
plan limit 980
current timestep 58
num of flexible agents: 7
num of flexible tasks: 108
Solving time: 0.0003128 seconds
plan limit 980
current timestep 59
num of flexible agents: 7
num of flexible tasks: 111
Solving time: 0.0004118 seconds
plan limit 980
current timestep 60
num of flexible agents: 5
num of flexible tasks: 111
Solving time: 0.000329 seconds
plan limit 980
current timestep 61
num of flexible agents: 8
num of flexible tasks: 115
Solving time: 0.0003389 seconds
plan limit 980
current timestep 62
num of flexible agents: 9
num of flexible tasks: 117
Solving time: 0.0004073 seconds
plan limit 980
current timestep 63
num of flexible agents: 10
num of flexible tasks: 118
Solving time: 0.0003219 seconds
plan limit 980
current timestep 64
num of flexible agents: 10
num of flexible tasks: 122
Solving time: 0.0003076 seconds
plan limit 980
current timestep 65
num of flexible agents: 8
num of flexible tasks: 121
Solving time: 0.0003126 seconds
plan limit 980
current timestep 66
num of flexible agents: 15
num of flexible tasks: 126
Solving time: 0.0003514 seconds
plan limit 980
current timestep 67
num of flexible agents: 9
num of flexible tasks: 123
Solving time: 0.0003224 seconds
plan limit 980
current timestep 68
num of flexible agents: 8
num of flexible tasks: 124
Solving time: 0.0003288 seconds
plan limit 980
current timestep 69
num of flexible agents: 9
num of flexible tasks: 125
Solving time: 0.0003205 seconds
plan limit 980
current timestep 70
num of flexible agents: 8
num of flexible tasks: 127
Solving time: 0.0004712 seconds
plan limit 980
current timestep 71
num of flexible agents: 9
num of flexible tasks: 130
Solving time: 0.0003349 seconds
plan limit 980
current timestep 72
num of flexible agents: 6
num of flexible tasks: 131
Solving time: 0.0002867 seconds
plan limit 980
current timestep 73
num of flexible agents: 7
num of flexible tasks: 135
Solving time: 0.0003119 seconds
plan limit 980
current timestep 74
num of flexible agents: 6
num of flexible tasks: 137
Solving time: 0.0002942 seconds
plan limit 980
current timestep 75
num of flexible agents: 6
num of flexible tasks: 138
Solving time: 0.0003635 seconds
plan limit 980
current timestep 76
num of flexible agents: 6
num of flexible tasks: 138
Solving time: 0.0002952 seconds
plan limit 980
current timestep 77
num of flexible agents: 8
num of flexible tasks: 140
Solving time: 0.0003051 seconds
plan limit 980
current timestep 78
num of flexible agents: 7
num of flexible tasks: 141
Solving time: 0.0002728 seconds
plan limit 980
current timestep 79
num of flexible agents: 6
num of flexible tasks: 141
Solving time: 0.0002852 seconds
plan limit 980
current timestep 80
num of flexible agents: 5
num of flexible tasks: 142
Solving time: 0.0002914 seconds
plan limit 980
current timestep 81
num of flexible agents: 6
num of flexible tasks: 143
Solving time: 0.0003421 seconds
plan limit 980
current timestep 82
num of flexible agents: 7
num of flexible tasks: 144
Solving time: 0.0003014 seconds
plan limit 980
current timestep 83
num of flexible agents: 4
num of flexible tasks: 144
Solving time: 0.0009853 seconds
plan limit 979
current timestep 84
num of flexible agents: 7
num of flexible tasks: 147
Solving time: 0.0003406 seconds
plan limit 980
current timestep 85
num of flexible agents: 8
num of flexible tasks: 150
Solving time: 0.0003086 seconds
plan limit 980
current timestep 86
num of flexible agents: 7
num of flexible tasks: 151
Solving time: 0.0003203 seconds
plan limit 980
current timestep 87
num of flexible agents: 4
num of flexible tasks: 151
Solving time: 0.0009213 seconds
plan limit 979
current timestep 88
num of flexible agents: 4
num of flexible tasks: 154
Solving time: 0.0008893 seconds
plan limit 979
current timestep 89
num of flexible agents: 4
num of flexible tasks: 157
Solving time: 0.0010086 seconds
plan limit 979
current timestep 90
num of flexible agents: 3
num of flexible tasks: 161
Solving time: 0.0008435 seconds
plan limit 979
current timestep 91
num of flexible agents: 6
num of flexible tasks: 165
Solving time: 0.0002949 seconds
plan limit 980
current timestep 92
num of flexible agents: 8
num of flexible tasks: 168
Solving time: 0.0003261 seconds
plan limit 980
current timestep 93
num of flexible agents: 9
num of flexible tasks: 170
Solving time: 0.0003717 seconds
plan limit 980
current timestep 94
num of flexible agents: 6
num of flexible tasks: 170
Solving time: 0.0003004 seconds
plan limit 980
current timestep 95
num of flexible agents: 6
num of flexible tasks: 174
Solving time: 0.0003343 seconds
plan limit 980
current timestep 96
num of flexible agents: 7
num of flexible tasks: 177
Solving time: 0.000329 seconds
plan limit 980
current timestep 97
num of flexible agents: 6
num of flexible tasks: 178
Solving time: 0.00033 seconds
plan limit 980
current timestep 98
num of flexible agents: 4
num of flexible tasks: 180
Solving time: 0.0008513 seconds
plan limit 979
current timestep 99
num of flexible agents: 4
num of flexible tasks: 183
Solving time: 0.0008998 seconds
plan limit 979
current timestep 100
num of flexible agents: 10
num of flexible tasks: 182
Solving time: 0.0003057 seconds
plan limit 980
current timestep 101
num of flexible agents: 10
num of flexible tasks: 176
Solving time: 0.0003211 seconds
plan limit 980
current timestep 102
num of flexible agents: 9
num of flexible tasks: 170
Solving time: 0.0004605 seconds
plan limit 980
current timestep 103
num of flexible agents: 10
num of flexible tasks: 166
Solving time: 0.0003346 seconds
plan limit 980
current timestep 104
num of flexible agents: 6
num of flexible tasks: 158
Solving time: 0.0002688 seconds
plan limit 980
current timestep 105
num of flexible agents: 3
num of flexible tasks: 152
Solving time: 0.0008305 seconds
plan limit 979
current timestep 106
num of flexible agents: 4
num of flexible tasks: 151
Solving time: 0.0008753 seconds
plan limit 979
current timestep 107
num of flexible agents: 5
num of flexible tasks: 150
Solving time: 0.0003331 seconds
plan limit 980
current timestep 108
num of flexible agents: 8
num of flexible tasks: 148
Solving time: 0.0003292 seconds
plan limit 980
current timestep 109
num of flexible agents: 9
num of flexible tasks: 144
Solving time: 0.0003028 seconds
plan limit 980
current timestep 110
num of flexible agents: 15
num of flexible tasks: 142
Solving time: 0.0003175 seconds
plan limit 980
current timestep 111
num of flexible agents: 12
num of flexible tasks: 138
Solving time: 0.000322 seconds
plan limit 980
current timestep 112
num of flexible agents: 8
num of flexible tasks: 131
Solving time: 0.0003144 seconds
plan limit 980
current timestep 113
num of flexible agents: 12
num of flexible tasks: 129
Solving time: 0.0003118 seconds
plan limit 980
current timestep 114
num of flexible agents: 10
num of flexible tasks: 125
Solving time: 0.0003008 seconds
plan limit 980
current timestep 115
num of flexible agents: 12
num of flexible tasks: 123
Solving time: 0.0003336 seconds
plan limit 980
current timestep 116
num of flexible agents: 9
num of flexible tasks: 118
Solving time: 0.0005767 seconds
plan limit 980
current timestep 117
num of flexible agents: 14
num of flexible tasks: 117
Solving time: 0.000355 seconds
plan limit 980
current timestep 118
num of flexible agents: 10
num of flexible tasks: 112
Solving time: 0.0003331 seconds
plan limit 980
current timestep 119
num of flexible agents: 9
num of flexible tasks: 107
Solving time: 0.0003129 seconds
plan limit 980
current timestep 120
num of flexible agents: 13
num of flexible tasks: 105
Solving time: 0.000522 seconds
plan limit 980
current timestep 121
num of flexible agents: 8
num of flexible tasks: 100
Solving time: 0.0002716 seconds
plan limit 980
current timestep 122
num of flexible agents: 11
num of flexible tasks: 100
Solving time: 0.000369 seconds
plan limit 980
current timestep 123
num of flexible agents: 13
num of flexible tasks: 99
Solving time: 0.0003289 seconds
plan limit 980
current timestep 124
num of flexible agents: 13
num of flexible tasks: 96
Solving time: 0.0004205 seconds
plan limit 980
current timestep 125
num of flexible agents: 12
num of flexible tasks: 92
Solving time: 0.0003549 seconds
plan limit 980
current timestep 126
num of flexible agents: 13
num of flexible tasks: 90
Solving time: 0.0003397 seconds
plan limit 980
current timestep 127
num of flexible agents: 15
num of flexible tasks: 89
Solving time: 0.0003837 seconds
plan limit 980
current timestep 128
num of flexible agents: 16
num of flexible tasks: 88
Solving time: 0.0003339 seconds
plan limit 980
current timestep 129
num of flexible agents: 15
num of flexible tasks: 85
Solving time: 0.0003527 seconds
plan limit 980
current timestep 130
num of flexible agents: 17
num of flexible tasks: 82
Solving time: 0.000322 seconds
plan limit 980
current timestep 131
num of flexible agents: 18
num of flexible tasks: 80
Solving time: 0.0003079 seconds
plan limit 980
current timestep 132
num of flexible agents: 19
num of flexible tasks: 79
Solving time: 0.0004281 seconds
plan limit 980
current timestep 133
num of flexible agents: 24
num of flexible tasks: 78
Solving time: 0.0003721 seconds
plan limit 980
current timestep 134
num of flexible agents: 23
num of flexible tasks: 72
Solving time: 0.0004882 seconds
plan limit 980
current timestep 135
num of flexible agents: 25
num of flexible tasks: 71
Solving time: 0.0003767 seconds
plan limit 980
current timestep 136
num of flexible agents: 24
num of flexible tasks: 68
Solving time: 0.0003778 seconds
plan limit 980
current timestep 137
num of flexible agents: 27
num of flexible tasks: 66
Solving time: 0.0004013 seconds
plan limit 980
current timestep 138
num of flexible agents: 26
num of flexible tasks: 62
Solving time: 0.0004173 seconds
plan limit 980
current timestep 139
num of flexible agents: 22
num of flexible tasks: 56
Solving time: 0.0003298 seconds
plan limit 980
current timestep 140
num of flexible agents: 22
num of flexible tasks: 54
Solving time: 0.0004192 seconds
plan limit 980
current timestep 141
num of flexible agents: 21
num of flexible tasks: 51
Solving time: 0.0003641 seconds
plan limit 980
current timestep 142
num of flexible agents: 20
num of flexible tasks: 48
Solving time: 0.0003319 seconds
plan limit 980
current timestep 143
num of flexible agents: 21
num of flexible tasks: 47
Solving time: 0.0003522 seconds
plan limit 980
current timestep 144
num of flexible agents: 19
num of flexible tasks: 45
Solving time: 0.0004366 seconds
plan limit 980
current timestep 145
num of flexible agents: 22
num of flexible tasks: 44
Solving time: 0.0004045 seconds
plan limit 980
current timestep 146
num of flexible agents: 22
num of flexible tasks: 42
Solving time: 0.0004519 seconds
plan limit 980
current timestep 147
num of flexible agents: 23
num of flexible tasks: 39
Solving time: 0.0004339 seconds
plan limit 980
current timestep 148
num of flexible agents: 24
num of flexible tasks: 38
Solving time: 0.0003798 seconds
plan limit 980
current timestep 149
num of flexible agents: 26
num of flexible tasks: 37
Solving time: 0.00045 seconds
plan limit 980
current timestep 150
num of flexible agents: 25
num of flexible tasks: 35
Solving time: 0.0004081 seconds
plan limit 980
current timestep 151
num of flexible agents: 26
num of flexible tasks: 34
Solving time: 0.0004012 seconds
plan limit 980
current timestep 152
num of flexible agents: 30
num of flexible tasks: 32
Solving time: 0.0004425 seconds
plan limit 980
current timestep 153
num of flexible agents: 32
num of flexible tasks: 30
Solving time: 0.0004449 seconds
plan limit 980
current timestep 154
num of flexible agents: 33
num of flexible tasks: 30
Solving time: 0.0004505 seconds
plan limit 980
current timestep 155
num of flexible agents: 32
num of flexible tasks: 27
Solving time: 0.0003639 seconds
plan limit 980
current timestep 156
num of flexible agents: 30
num of flexible tasks: 22
Solving time: 0.000349 seconds
plan limit 980
current timestep 157
num of flexible agents: 28
num of flexible tasks: 19
Solving time: 0.0004363 seconds
plan limit 980
current timestep 158
num of flexible agents: 30
num of flexible tasks: 18
Solving time: 0.0005156 seconds
plan limit 980
current timestep 159
num of flexible agents: 27
num of flexible tasks: 13
Solving time: 0.000317 seconds
plan limit 980
current timestep 160
num of flexible agents: 25
num of flexible tasks: 11
Solving time: 0.0003166 seconds
plan limit 980
current timestep 161
num of flexible agents: 27
num of flexible tasks: 9
Solving time: 0.0002901 seconds
plan limit 980
current timestep 162
num of flexible agents: 29
num of flexible tasks: 9
Solving time: 0.0004279 seconds
plan limit 980
current timestep 163
num of flexible agents: 31
num of flexible tasks: 8
Solving time: 0.0002649 seconds
plan limit 980
current timestep 164
num of flexible agents: 30
num of flexible tasks: 5
Solving time: 0.0001924 seconds
plan limit 980
current timestep 165
num of flexible agents: 30
num of flexible tasks: 3
Solving time: 0.0001749 seconds
plan limit 980
current timestep 166
num of flexible agents: 31
num of flexible tasks: 2
Solving time: 0.0008218 seconds
plan limit 979
current timestep 167
num of flexible agents: 36
num of flexible tasks: 1
Solving time: 0.0003842 seconds
plan limit 980
current timestep 168
num of flexible agents: 40
num of flexible tasks: 0
Solving time: 0.0001929 seconds
plan limit 980
current timestep 169
num of flexible agents: 41
num of flexible tasks: 0
Solving time: 0.0002097 seconds
plan limit 980
current timestep 170
num of flexible agents: 42
num of flexible tasks: 0
Solving time: 0.0001662 seconds
plan limit 980
current timestep 171
num of flexible agents: 45
num of flexible tasks: 0
Solving time: 0.0001915 seconds
plan limit 980
current timestep 172
num of flexible agents: 47
num of flexible tasks: 0
Solving time: 0.0004265 seconds
plan limit 980
current timestep 173
num of flexible agents: 51
num of flexible tasks: 0
Solving time: 0.0001555 seconds
plan limit 980
current timestep 174
num of flexible agents: 52
num of flexible tasks: 0
Solving time: 0.000168 seconds
plan limit 980
current timestep 175
num of flexible agents: 52
num of flexible tasks: 0
Solving time: 0.0001685 seconds
plan limit 980
current timestep 176
num of flexible agents: 53
num of flexible tasks: 0
Solving time: 0.0002214 seconds
plan limit 980
current timestep 177
num of flexible agents: 56
num of flexible tasks: 0
Solving time: 0.0002257 seconds
plan limit 980
current timestep 178
num of flexible agents: 58
num of flexible tasks: 0
Solving time: 0.0003259 seconds
plan limit 980
current timestep 179
num of flexible agents: 60
num of flexible tasks: 0
Solving time: 0.0002387 seconds
plan limit 980
current timestep 180
num of flexible agents: 62
num of flexible tasks: 0
Solving time: 0.0001698 seconds
plan limit 980
current timestep 181
num of flexible agents: 62
num of flexible tasks: 0
Solving time: 0.0001815 seconds
plan limit 980
current timestep 182
num of flexible agents: 62
num of flexible tasks: 0
Solving time: 0.0001677 seconds
plan limit 980
current timestep 183
num of flexible agents: 62
num of flexible tasks: 0
Solving time: 0.0001738 seconds
plan limit 980
current timestep 184
num of flexible agents: 64
num of flexible tasks: 0
Solving time: 0.0002029 seconds
plan limit 980
current timestep 185
num of flexible agents: 65
num of flexible tasks: 0
Solving time: 0.0003442 seconds
plan limit 980
current timestep 186
num of flexible agents: 66
num of flexible tasks: 0
Solving time: 0.0002107 seconds
plan limit 980
current timestep 187
num of flexible agents: 67
num of flexible tasks: 0
Solving time: 0.0001663 seconds
plan limit 980
current timestep 188
num of flexible agents: 71
num of flexible tasks: 0
Solving time: 0.0002112 seconds
plan limit 980
current timestep 189
num of flexible agents: 71
num of flexible tasks: 0
Solving time: 0.0002031 seconds
plan limit 980
current timestep 190
num of flexible agents: 72
num of flexible tasks: 0
Solving time: 0.0001765 seconds
plan limit 980
current timestep 191
num of flexible agents: 73
num of flexible tasks: 0
Solving time: 0.0002203 seconds
plan limit 980
current timestep 192
num of flexible agents: 73
num of flexible tasks: 0
Solving time: 0.0002038 seconds
plan limit 980
current timestep 193
num of flexible agents: 74
num of flexible tasks: 0
Solving time: 0.0002192 seconds
plan limit 980
current timestep 194
num of flexible agents: 75
num of flexible tasks: 0
Solving time: 0.0002509 seconds
plan limit 980
current timestep 195
num of flexible agents: 75
num of flexible tasks: 0
Solving time: 0.0002256 seconds
plan limit 980
current timestep 196
num of flexible agents: 76
num of flexible tasks: 0
Solving time: 0.0002348 seconds
plan limit 980
current timestep 197
num of flexible agents: 77
num of flexible tasks: 0
Solving time: 0.0001667 seconds
plan limit 980
current timestep 198
num of flexible agents: 77
num of flexible tasks: 0
Solving time: 0.0002239 seconds
plan limit 980
current timestep 199
num of flexible agents: 77
num of flexible tasks: 0
Solving time: 0.0002112 seconds
plan limit 980
current timestep 200
num of flexible agents: 77
num of flexible tasks: 0
Solving time: 0.0003176 seconds
plan limit 980
current timestep 201
num of flexible agents: 77
num of flexible tasks: 0
Solving time: 0.0002416 seconds
plan limit 980
current timestep 202
num of flexible agents: 77
num of flexible tasks: 0
Solving time: 0.0002167 seconds
plan limit 980
current timestep 203
num of flexible agents: 79
num of flexible tasks: 0
Solving time: 0.0002096 seconds
plan limit 980
current timestep 204
num of flexible agents: 79
num of flexible tasks: 0
Solving time: 0.0001905 seconds
plan limit 980
current timestep 205
num of flexible agents: 79
num of flexible tasks: 0
Solving time: 0.0002407 seconds
plan limit 980
current timestep 206
num of flexible agents: 79
num of flexible tasks: 0
Solving time: 0.000317 seconds
plan limit 980
current timestep 207
num of flexible agents: 79
num of flexible tasks: 0
Solving time: 0.0001681 seconds
plan limit 980
current timestep 208
num of flexible agents: 79
num of flexible tasks: 0
Solving time: 0.0001747 seconds
plan limit 980
current timestep 209
num of flexible agents: 79
num of flexible tasks: 0
Solving time: 0.0002664 seconds
plan limit 980
current timestep 210
num of flexible agents: 79
num of flexible tasks: 0
Solving time: 0.000267 seconds
plan limit 980
current timestep 211
num of flexible agents: 79
num of flexible tasks: 0
Solving time: 0.000177 seconds
plan limit 980
current timestep 212
num of flexible agents: 79
num of flexible tasks: 0
Solving time: 0.0001818 seconds
plan limit 980
current timestep 213
num of flexible agents: 79
num of flexible tasks: 0
Solving time: 0.0001785 seconds
plan limit 980
current timestep 214
num of flexible agents: 79
num of flexible tasks: 0
Solving time: 0.0002391 seconds
plan limit 980
current timestep 215
num of flexible agents: 79
num of flexible tasks: 0
Solving time: 0.0001801 seconds
plan limit 980
