current timestep 0
num of flexible agents: 80
num of flexible tasks: 2
Solving time: 0.000322005 seconds
plan limit 980
current timestep 1
num of flexible agents: 79
num of flexible tasks: 3
Solving time: 0.000345858 seconds
plan limit 980
current timestep 2
num of flexible agents: 79
num of flexible tasks: 5
Solving time: 0.000367837 seconds
plan limit 980
current timestep 3
num of flexible agents: 79
num of flexible tasks: 7
Solving time: 0.000305053 seconds
plan limit 980
current timestep 4
num of flexible agents: 78
num of flexible tasks: 8
Solving time: 0.000331348 seconds
plan limit 980
current timestep 5
num of flexible agents: 77
num of flexible tasks: 9
Solving time: 0.000321275 seconds
plan limit 980
current timestep 6
num of flexible agents: 76
num of flexible tasks: 10
Solving time: 0.000366051 seconds
plan limit 980
current timestep 7
num of flexible agents: 75
num of flexible tasks: 11
Solving time: 0.00034684 seconds
plan limit 980
current timestep 8
num of flexible agents: 73
num of flexible tasks: 11
Solving time: 0.000302143 seconds
plan limit 980
current timestep 9
num of flexible agents: 72
num of flexible tasks: 11
Solving time: 0.00033827 seconds
plan limit 980
current timestep 10
num of flexible agents: 71
num of flexible tasks: 12
Solving time: 0.000349453 seconds
plan limit 980
current timestep 11
num of flexible agents: 69
num of flexible tasks: 12
Solving time: 0.000353263 seconds
plan limit 980
current timestep 12
num of flexible agents: 65
num of flexible tasks: 10
Solving time: 0.000414281 seconds
plan limit 980
current timestep 13
num of flexible agents: 62
num of flexible tasks: 9
Solving time: 0.000363595 seconds
plan limit 980
current timestep 14
num of flexible agents: 60
num of flexible tasks: 9
Solving time: 0.00033207 seconds
plan limit 980
current timestep 15
num of flexible agents: 59
num of flexible tasks: 10
Solving time: 0.000339973 seconds
plan limit 980
current timestep 16
num of flexible agents: 59
num of flexible tasks: 11
Solving time: 0.000352423 seconds
plan limit 980
current timestep 17
num of flexible agents: 54
num of flexible tasks: 8
Solving time: 0.000329416 seconds
plan limit 980
current timestep 18
num of flexible agents: 55
num of flexible tasks: 10
Solving time: 0.000345644 seconds
plan limit 980
current timestep 19
num of flexible agents: 57
num of flexible tasks: 11
Solving time: 0.000443337 seconds
plan limit 980
current timestep 20
num of flexible agents: 58
num of flexible tasks: 12
Solving time: 0.000356577 seconds
plan limit 980
current timestep 21
num of flexible agents: 59
num of flexible tasks: 13
Solving time: 0.000401968 seconds
plan limit 980
current timestep 22
num of flexible agents: 59
num of flexible tasks: 14
Solving time: 0.000360787 seconds
plan limit 980
current timestep 23
num of flexible agents: 57
num of flexible tasks: 13
Solving time: 0.000367977 seconds
plan limit 980
current timestep 24
num of flexible agents: 57
num of flexible tasks: 15
Solving time: 0.000394034 seconds
plan limit 980
current timestep 25
num of flexible agents: 55
num of flexible tasks: 14
Solving time: 0.000364247 seconds
plan limit 980
current timestep 26
num of flexible agents: 56
num of flexible tasks: 15
Solving time: 0.000354088 seconds
plan limit 980
current timestep 27
num of flexible agents: 56
num of flexible tasks: 17
Solving time: 0.000410496 seconds
plan limit 980
current timestep 28
num of flexible agents: 54
num of flexible tasks: 17
Solving time: 0.00040548 seconds
plan limit 980
current timestep 29
num of flexible agents: 53
num of flexible tasks: 16
Solving time: 0.000432608 seconds
plan limit 980
current timestep 30
num of flexible agents: 51
num of flexible tasks: 14
Solving time: 0.000432923 seconds
plan limit 980
current timestep 31
num of flexible agents: 54
num of flexible tasks: 15
Solving time: 0.000347699 seconds
plan limit 980
current timestep 32
num of flexible agents: 51
num of flexible tasks: 14
Solving time: 0.000322323 seconds
plan limit 980
current timestep 33
num of flexible agents: 50
num of flexible tasks: 14
Solving time: 0.00033791 seconds
plan limit 980
current timestep 34
num of flexible agents: 50
num of flexible tasks: 15
Solving time: 0.000359724 seconds
plan limit 980
current timestep 35
num of flexible agents: 48
num of flexible tasks: 13
Solving time: 0.000303372 seconds
plan limit 980
current timestep 36
num of flexible agents: 47
num of flexible tasks: 13
Solving time: 0.00029793 seconds
plan limit 980
current timestep 37
num of flexible agents: 44
num of flexible tasks: 11
Solving time: 0.000359314 seconds
plan limit 980
current timestep 38
num of flexible agents: 41
num of flexible tasks: 10
Solving time: 0.000350715 seconds
plan limit 980
current timestep 39
num of flexible agents: 43
num of flexible tasks: 11
Solving time: 0.000315071 seconds
plan limit 980
current timestep 40
num of flexible agents: 42
num of flexible tasks: 11
Solving time: 0.000301643 seconds
plan limit 980
current timestep 41
num of flexible agents: 41
num of flexible tasks: 11
Solving time: 0.000341676 seconds
plan limit 980
current timestep 42
num of flexible agents: 39
num of flexible tasks: 11
Solving time: 0.000349552 seconds
plan limit 980
current timestep 43
num of flexible agents: 40
num of flexible tasks: 11
Solving time: 0.000332005 seconds
plan limit 980
current timestep 44
num of flexible agents: 42
num of flexible tasks: 11
Solving time: 0.000320634 seconds
plan limit 980
current timestep 45
num of flexible agents: 39
num of flexible tasks: 10
Solving time: 0.000326926 seconds
plan limit 980
current timestep 46
num of flexible agents: 38
num of flexible tasks: 10
Solving time: 0.000326482 seconds
plan limit 980
current timestep 47
num of flexible agents: 36
num of flexible tasks: 9
Solving time: 0.000312173 seconds
plan limit 980
current timestep 48
num of flexible agents: 36
num of flexible tasks: 11
Solving time: 0.000394404 seconds
plan limit 980
current timestep 49
num of flexible agents: 36
num of flexible tasks: 12
Solving time: 0.000417015 seconds
plan limit 980
current timestep 50
num of flexible agents: 39
num of flexible tasks: 14
Solving time: 0.000370269 seconds
plan limit 980
current timestep 51
num of flexible agents: 39
num of flexible tasks: 14
Solving time: 0.000344981 seconds
plan limit 980
current timestep 52
num of flexible agents: 38
num of flexible tasks: 12
Solving time: 0.000348132 seconds
plan limit 980
current timestep 53
num of flexible agents: 36
num of flexible tasks: 10
Solving time: 0.00031774 seconds
plan limit 980
current timestep 54
num of flexible agents: 36
num of flexible tasks: 9
Solving time: 0.000324679 seconds
plan limit 980
current timestep 55
num of flexible agents: 38
num of flexible tasks: 10
Solving time: 0.000302384 seconds
plan limit 980
current timestep 56
num of flexible agents: 40
num of flexible tasks: 11
Solving time: 0.000267316 seconds
plan limit 980
current timestep 57
num of flexible agents: 39
num of flexible tasks: 12
Solving time: 0.000315529 seconds
plan limit 980
current timestep 58
num of flexible agents: 39
num of flexible tasks: 11
Solving time: 0.000315174 seconds
plan limit 980
current timestep 59
num of flexible agents: 37
num of flexible tasks: 9
Solving time: 0.000304275 seconds
plan limit 980
current timestep 60
num of flexible agents: 37
num of flexible tasks: 7
Solving time: 0.000272254 seconds
plan limit 980
current timestep 61
num of flexible agents: 37
num of flexible tasks: 6
Solving time: 0.000282264 seconds
plan limit 980
current timestep 62
num of flexible agents: 39
num of flexible tasks: 7
Solving time: 0.000304452 seconds
plan limit 980
current timestep 63
num of flexible agents: 40
num of flexible tasks: 7
Solving time: 0.0002689 seconds
plan limit 980
current timestep 64
num of flexible agents: 43
num of flexible tasks: 9
Solving time: 0.00025522 seconds
plan limit 980
current timestep 65
num of flexible agents: 42
num of flexible tasks: 9
Solving time: 0.00026337 seconds
plan limit 980
current timestep 66
num of flexible agents: 41
num of flexible tasks: 8
Solving time: 0.000285901 seconds
plan limit 980
current timestep 67
num of flexible agents: 42
num of flexible tasks: 8
Solving time: 0.000291147 seconds
plan limit 980
current timestep 68
num of flexible agents: 41
num of flexible tasks: 7
Solving time: 0.000323173 seconds
plan limit 980
current timestep 69
num of flexible agents: 41
num of flexible tasks: 7
Solving time: 0.000293269 seconds
plan limit 980
current timestep 70
num of flexible agents: 40
num of flexible tasks: 7
Solving time: 0.000257197 seconds
plan limit 980
current timestep 71
num of flexible agents: 40
num of flexible tasks: 7
Solving time: 0.000292355 seconds
plan limit 980
current timestep 72
num of flexible agents: 40
num of flexible tasks: 9
Solving time: 0.000293023 seconds
plan limit 980
current timestep 73
num of flexible agents: 40
num of flexible tasks: 10
Solving time: 0.000287453 seconds
plan limit 980
current timestep 74
num of flexible agents: 39
num of flexible tasks: 10
Solving time: 0.000320435 seconds
plan limit 980
current timestep 75
num of flexible agents: 40
num of flexible tasks: 11
Solving time: 0.000279007 seconds
plan limit 980
current timestep 76
num of flexible agents: 40
num of flexible tasks: 11
Solving time: 0.000316913 seconds
plan limit 980
current timestep 77
num of flexible agents: 40
num of flexible tasks: 12
Solving time: 0.000312814 seconds
plan limit 980
current timestep 78
num of flexible agents: 38
num of flexible tasks: 10
Solving time: 0.000285391 seconds
plan limit 980
current timestep 79
num of flexible agents: 35
num of flexible tasks: 8
Solving time: 0.00031009 seconds
plan limit 980
current timestep 80
num of flexible agents: 33
num of flexible tasks: 6
Solving time: 0.000312631 seconds
plan limit 980
current timestep 81
num of flexible agents: 33
num of flexible tasks: 8
Solving time: 0.000278066 seconds
plan limit 980
current timestep 82
num of flexible agents: 33
num of flexible tasks: 9
Solving time: 0.000342692 seconds
plan limit 980
current timestep 83
num of flexible agents: 36
num of flexible tasks: 11
Solving time: 0.000321414 seconds
plan limit 980
current timestep 84
num of flexible agents: 34
num of flexible tasks: 11
Solving time: 0.000310706 seconds
plan limit 980
current timestep 85
num of flexible agents: 36
num of flexible tasks: 11
Solving time: 0.000289242 seconds
plan limit 980
current timestep 86
num of flexible agents: 37
num of flexible tasks: 11
Solving time: 0.000331988 seconds
plan limit 980
current timestep 87
num of flexible agents: 37
num of flexible tasks: 12
Solving time: 0.000319537 seconds
plan limit 980
current timestep 88
num of flexible agents: 38
num of flexible tasks: 12
Solving time: 0.000320062 seconds
plan limit 980
current timestep 89
num of flexible agents: 36
num of flexible tasks: 11
Solving time: 0.000332649 seconds
plan limit 980
current timestep 90
num of flexible agents: 36
num of flexible tasks: 11
Solving time: 0.000320088 seconds
plan limit 980
current timestep 91
num of flexible agents: 35
num of flexible tasks: 10
Solving time: 0.000304644 seconds
plan limit 980
current timestep 92
num of flexible agents: 34
num of flexible tasks: 10
Solving time: 0.000295152 seconds
plan limit 980
current timestep 93
num of flexible agents: 35
num of flexible tasks: 10
Solving time: 0.000257494 seconds
plan limit 980
current timestep 94
num of flexible agents: 39
num of flexible tasks: 10
Solving time: 0.000278927 seconds
plan limit 980
current timestep 95
num of flexible agents: 34
num of flexible tasks: 6
Solving time: 0.000264918 seconds
plan limit 980
current timestep 96
num of flexible agents: 34
num of flexible tasks: 7
Solving time: 0.000297256 seconds
plan limit 980
current timestep 97
num of flexible agents: 34
num of flexible tasks: 8
Solving time: 0.000271292 seconds
plan limit 980
current timestep 98
num of flexible agents: 32
num of flexible tasks: 7
Solving time: 0.000323516 seconds
plan limit 980
current timestep 99
num of flexible agents: 35
num of flexible tasks: 8
Solving time: 0.000270058 seconds
plan limit 980
current timestep 100
num of flexible agents: 33
num of flexible tasks: 7
Solving time: 0.000247713 seconds
plan limit 980
current timestep 101
num of flexible agents: 30
num of flexible tasks: 6
Solving time: 0.000292018 seconds
plan limit 980
current timestep 102
num of flexible agents: 31
num of flexible tasks: 7
Solving time: 0.000261085 seconds
plan limit 980
current timestep 103
num of flexible agents: 30
num of flexible tasks: 6
Solving time: 0.000262584 seconds
plan limit 980
current timestep 104
num of flexible agents: 31
num of flexible tasks: 8
Solving time: 0.000282221 seconds
plan limit 980
current timestep 105
num of flexible agents: 29
num of flexible tasks: 8
Solving time: 0.000302205 seconds
plan limit 980
current timestep 106
num of flexible agents: 29
num of flexible tasks: 8
Solving time: 0.000303879 seconds
plan limit 980
current timestep 107
num of flexible agents: 29
num of flexible tasks: 6
Solving time: 0.000277864 seconds
plan limit 980
current timestep 108
num of flexible agents: 30
num of flexible tasks: 8
Solving time: 0.000265539 seconds
plan limit 980
current timestep 109
num of flexible agents: 30
num of flexible tasks: 8
Solving time: 0.000273425 seconds
plan limit 980
current timestep 110
num of flexible agents: 31
num of flexible tasks: 9
Solving time: 0.00033806 seconds
plan limit 980
current timestep 111
num of flexible agents: 32
num of flexible tasks: 9
Solving time: 0.000356901 seconds
plan limit 980
current timestep 112
num of flexible agents: 33
num of flexible tasks: 10
Solving time: 0.000285797 seconds
plan limit 980
current timestep 113
num of flexible agents: 33
num of flexible tasks: 8
Solving time: 0.000274382 seconds
plan limit 980
current timestep 114
num of flexible agents: 34
num of flexible tasks: 9
Solving time: 0.000274072 seconds
plan limit 980
current timestep 115
num of flexible agents: 35
num of flexible tasks: 9
Solving time: 0.000295734 seconds
plan limit 980
current timestep 116
num of flexible agents: 36
num of flexible tasks: 10
Solving time: 0.0002749 seconds
plan limit 980
current timestep 117
num of flexible agents: 35
num of flexible tasks: 10
Solving time: 0.000328851 seconds
plan limit 980
current timestep 118
num of flexible agents: 35
num of flexible tasks: 9
Solving time: 0.000310657 seconds
plan limit 980
current timestep 119
num of flexible agents: 34
num of flexible tasks: 8
Solving time: 0.000263438 seconds
plan limit 980
current timestep 120
num of flexible agents: 35
num of flexible tasks: 7
Solving time: 0.00030159 seconds
plan limit 980
current timestep 121
num of flexible agents: 37
num of flexible tasks: 9
Solving time: 0.000305121 seconds
plan limit 980
current timestep 122
num of flexible agents: 38
num of flexible tasks: 8
Solving time: 0.000283958 seconds
plan limit 980
current timestep 123
num of flexible agents: 36
num of flexible tasks: 7
Solving time: 0.000285722 seconds
plan limit 980
current timestep 124
num of flexible agents: 38
num of flexible tasks: 9
Solving time: 0.000283269 seconds
plan limit 980
current timestep 125
num of flexible agents: 35
num of flexible tasks: 8
Solving time: 0.000252326 seconds
plan limit 980
current timestep 126
num of flexible agents: 33
num of flexible tasks: 5
Solving time: 0.000301833 seconds
plan limit 980
current timestep 127
num of flexible agents: 35
num of flexible tasks: 7
Solving time: 0.000291097 seconds
plan limit 980
current timestep 128
num of flexible agents: 37
num of flexible tasks: 8
Solving time: 0.000275568 seconds
plan limit 980
current timestep 129
num of flexible agents: 38
num of flexible tasks: 9
Solving time: 0.000299284 seconds
plan limit 980
current timestep 130
num of flexible agents: 35
num of flexible tasks: 8
Solving time: 0.000272019 seconds
plan limit 980
current timestep 131
num of flexible agents: 36
num of flexible tasks: 8
Solving time: 0.00030835 seconds
plan limit 980
current timestep 132
num of flexible agents: 34
num of flexible tasks: 6
Solving time: 0.000266183 seconds
plan limit 980
current timestep 133
num of flexible agents: 35
num of flexible tasks: 5
Solving time: 0.000249403 seconds
plan limit 980
current timestep 134
num of flexible agents: 37
num of flexible tasks: 7
Solving time: 0.000267784 seconds
plan limit 980
current timestep 135
num of flexible agents: 37
num of flexible tasks: 8
Solving time: 0.000283942 seconds
plan limit 980
current timestep 136
num of flexible agents: 37
num of flexible tasks: 7
Solving time: 0.000256971 seconds
plan limit 980
current timestep 137
num of flexible agents: 37
num of flexible tasks: 7
Solving time: 0.000256728 seconds
plan limit 980
current timestep 138
num of flexible agents: 38
num of flexible tasks: 7
Solving time: 0.000296425 seconds
plan limit 980
current timestep 139
num of flexible agents: 38
num of flexible tasks: 7
Solving time: 0.000295618 seconds
plan limit 980
current timestep 140
num of flexible agents: 37
num of flexible tasks: 7
Solving time: 0.000270106 seconds
plan limit 980
current timestep 141
num of flexible agents: 37
num of flexible tasks: 7
Solving time: 0.000287567 seconds
plan limit 980
current timestep 142
num of flexible agents: 37
num of flexible tasks: 7
Solving time: 0.00027621 seconds
plan limit 980
current timestep 143
num of flexible agents: 38
num of flexible tasks: 9
Solving time: 0.000263578 seconds
plan limit 980
current timestep 144
num of flexible agents: 36
num of flexible tasks: 9
Solving time: 0.000257571 seconds
plan limit 980
current timestep 145
num of flexible agents: 33
num of flexible tasks: 7
Solving time: 0.000269184 seconds
plan limit 980
current timestep 146
num of flexible agents: 34
num of flexible tasks: 9
Solving time: 0.000284717 seconds
plan limit 980
current timestep 147
num of flexible agents: 33
num of flexible tasks: 8
Solving time: 0.000277938 seconds
plan limit 980
current timestep 148
num of flexible agents: 36
num of flexible tasks: 10
Solving time: 0.000255722 seconds
plan limit 980
current timestep 149
num of flexible agents: 39
num of flexible tasks: 11
Solving time: 0.000249514 seconds
plan limit 980
current timestep 150
num of flexible agents: 36
num of flexible tasks: 8
Solving time: 0.00030258 seconds
plan limit 980
current timestep 151
num of flexible agents: 36
num of flexible tasks: 7
Solving time: 0.000244507 seconds
plan limit 980
current timestep 152
num of flexible agents: 39
num of flexible tasks: 9
Solving time: 0.000303613 seconds
plan limit 980
current timestep 153
num of flexible agents: 35
num of flexible tasks: 7
Solving time: 0.000287358 seconds
plan limit 980
current timestep 154
num of flexible agents: 37
num of flexible tasks: 7
Solving time: 0.000281908 seconds
plan limit 980
current timestep 155
num of flexible agents: 40
num of flexible tasks: 8
Solving time: 0.000319088 seconds
plan limit 980
current timestep 156
num of flexible agents: 41
num of flexible tasks: 10
Solving time: 0.000339691 seconds
plan limit 980
current timestep 157
num of flexible agents: 41
num of flexible tasks: 9
Solving time: 0.000280766 seconds
plan limit 980
current timestep 158
num of flexible agents: 43
num of flexible tasks: 9
Solving time: 0.00026182 seconds
plan limit 980
current timestep 159
num of flexible agents: 42
num of flexible tasks: 9
Solving time: 0.00026189 seconds
plan limit 980
current timestep 160
num of flexible agents: 39
num of flexible tasks: 6
Solving time: 0.000273313 seconds
plan limit 980
current timestep 161
num of flexible agents: 40
num of flexible tasks: 8
Solving time: 0.000267099 seconds
plan limit 980
current timestep 162
num of flexible agents: 41
num of flexible tasks: 9
Solving time: 0.00027882 seconds
plan limit 980
current timestep 163
num of flexible agents: 38
num of flexible tasks: 7
Solving time: 0.000275572 seconds
plan limit 980
current timestep 164
num of flexible agents: 38
num of flexible tasks: 7
Solving time: 0.000293734 seconds
plan limit 980
current timestep 165
num of flexible agents: 38
num of flexible tasks: 8
Solving time: 0.000286306 seconds
plan limit 980
current timestep 166
num of flexible agents: 40
num of flexible tasks: 8
Solving time: 0.000286462 seconds
plan limit 980
current timestep 167
num of flexible agents: 42
num of flexible tasks: 9
Solving time: 0.000253327 seconds
plan limit 980
current timestep 168
num of flexible agents: 41
num of flexible tasks: 10
Solving time: 0.00028263 seconds
plan limit 980
current timestep 169
num of flexible agents: 42
num of flexible tasks: 12
Solving time: 0.000327881 seconds
plan limit 980
current timestep 170
num of flexible agents: 40
num of flexible tasks: 9
Solving time: 0.000270013 seconds
plan limit 980
current timestep 171
num of flexible agents: 40
num of flexible tasks: 9
Solving time: 0.000286061 seconds
plan limit 980
current timestep 172
num of flexible agents: 40
num of flexible tasks: 9
Solving time: 0.000316131 seconds
plan limit 980
current timestep 173
num of flexible agents: 39
num of flexible tasks: 7
Solving time: 0.000261441 seconds
plan limit 980
current timestep 174
num of flexible agents: 39
num of flexible tasks: 8
Solving time: 0.000346317 seconds
plan limit 980
current timestep 175
num of flexible agents: 39
num of flexible tasks: 9
Solving time: 0.00033048 seconds
plan limit 980
current timestep 176
num of flexible agents: 42
num of flexible tasks: 10
Solving time: 0.000319463 seconds
plan limit 980
current timestep 177
num of flexible agents: 40
num of flexible tasks: 10
Solving time: 0.000306262 seconds
plan limit 980
current timestep 178
num of flexible agents: 39
num of flexible tasks: 10
Solving time: 0.000285583 seconds
plan limit 980
current timestep 179
num of flexible agents: 40
num of flexible tasks: 9
Solving time: 0.000265061 seconds
plan limit 980
current timestep 180
num of flexible agents: 40
num of flexible tasks: 8
Solving time: 0.000279156 seconds
plan limit 980
current timestep 181
num of flexible agents: 40
num of flexible tasks: 9
Solving time: 0.000265317 seconds
plan limit 980
current timestep 182
num of flexible agents: 37
num of flexible tasks: 7
Solving time: 0.000287955 seconds
plan limit 980
current timestep 183
num of flexible agents: 36
num of flexible tasks: 6
Solving time: 0.000275994 seconds
plan limit 980
current timestep 184
num of flexible agents: 37
num of flexible tasks: 7
Solving time: 0.000327741 seconds
plan limit 980
current timestep 185
num of flexible agents: 37
num of flexible tasks: 7
Solving time: 0.000337052 seconds
plan limit 980
current timestep 186
num of flexible agents: 36
num of flexible tasks: 8
Solving time: 0.000321156 seconds
plan limit 980
current timestep 187
num of flexible agents: 38
num of flexible tasks: 10
Solving time: 0.000316984 seconds
plan limit 980
current timestep 188
num of flexible agents: 40
num of flexible tasks: 11
Solving time: 0.000316271 seconds
plan limit 980
current timestep 189
num of flexible agents: 36
num of flexible tasks: 9
Solving time: 0.000346301 seconds
plan limit 980
current timestep 190
num of flexible agents: 40
num of flexible tasks: 11
Solving time: 0.00033087 seconds
plan limit 980
current timestep 191
num of flexible agents: 38
num of flexible tasks: 10
Solving time: 0.000298857 seconds
plan limit 980
current timestep 192
num of flexible agents: 40
num of flexible tasks: 10
Solving time: 0.000318876 seconds
plan limit 980
current timestep 193
num of flexible agents: 39
num of flexible tasks: 10
Solving time: 0.000326525 seconds
plan limit 980
current timestep 194
num of flexible agents: 40
num of flexible tasks: 11
Solving time: 0.000256918 seconds
plan limit 980
current timestep 195
num of flexible agents: 40
num of flexible tasks: 11
Solving time: 0.000306715 seconds
plan limit 980
current timestep 196
num of flexible agents: 39
num of flexible tasks: 9
Solving time: 0.000344106 seconds
plan limit 980
current timestep 197
num of flexible agents: 40
num of flexible tasks: 11
Solving time: 0.000305009 seconds
plan limit 980
current timestep 198
num of flexible agents: 37
num of flexible tasks: 9
Solving time: 0.00029802 seconds
plan limit 980
current timestep 199
num of flexible agents: 39
num of flexible tasks: 9
Solving time: 0.000296169 seconds
plan limit 980
current timestep 200
num of flexible agents: 42
num of flexible tasks: 11
Solving time: 0.000294082 seconds
plan limit 980
current timestep 201
num of flexible agents: 41
num of flexible tasks: 10
Solving time: 0.000300213 seconds
plan limit 980
current timestep 202
num of flexible agents: 40
num of flexible tasks: 11
Solving time: 0.000290714 seconds
plan limit 980
current timestep 203
num of flexible agents: 41
num of flexible tasks: 11
Solving time: 0.000266272 seconds
plan limit 980
current timestep 204
num of flexible agents: 38
num of flexible tasks: 10
Solving time: 0.000285526 seconds
plan limit 980
current timestep 205
num of flexible agents: 42
num of flexible tasks: 11
Solving time: 0.000318322 seconds
plan limit 980
current timestep 206
num of flexible agents: 39
num of flexible tasks: 9
Solving time: 0.000255729 seconds
plan limit 980
current timestep 207
num of flexible agents: 38
num of flexible tasks: 9
Solving time: 0.00026631 seconds
plan limit 980
current timestep 208
num of flexible agents: 40
num of flexible tasks: 11
Solving time: 0.000276758 seconds
plan limit 980
current timestep 209
num of flexible agents: 40
num of flexible tasks: 11
Solving time: 0.000261944 seconds
plan limit 980
current timestep 210
num of flexible agents: 39
num of flexible tasks: 10
Solving time: 0.000295596 seconds
plan limit 980
current timestep 211
num of flexible agents: 37
num of flexible tasks: 8
Solving time: 0.000245901 seconds
plan limit 980
current timestep 212
num of flexible agents: 37
num of flexible tasks: 7
Solving time: 0.000237233 seconds
plan limit 980
current timestep 213
num of flexible agents: 38
num of flexible tasks: 8
Solving time: 0.000277043 seconds
plan limit 980
current timestep 214
num of flexible agents: 38
num of flexible tasks: 7
Solving time: 0.000283732 seconds
plan limit 980
current timestep 215
num of flexible agents: 35
num of flexible tasks: 4
Solving time: 0.00024887 seconds
plan limit 980
current timestep 216
num of flexible agents: 35
num of flexible tasks: 4
Solving time: 0.000281038 seconds
plan limit 980
current timestep 217
num of flexible agents: 34
num of flexible tasks: 5
Solving time: 0.000269475 seconds
plan limit 980
current timestep 218
num of flexible agents: 34
num of flexible tasks: 6
Solving time: 0.000238387 seconds
plan limit 980
current timestep 219
num of flexible agents: 36
num of flexible tasks: 7
Solving time: 0.000269952 seconds
plan limit 980
current timestep 220
num of flexible agents: 35
num of flexible tasks: 8
Solving time: 0.000270379 seconds
plan limit 980
current timestep 221
num of flexible agents: 35
num of flexible tasks: 8
Solving time: 0.000277493 seconds
plan limit 980
current timestep 222
num of flexible agents: 35
num of flexible tasks: 7
Solving time: 0.000323248 seconds
plan limit 980
current timestep 223
num of flexible agents: 37
num of flexible tasks: 9
Solving time: 0.000293286 seconds
plan limit 980
current timestep 224
num of flexible agents: 37
num of flexible tasks: 10
Solving time: 0.000318918 seconds
plan limit 980
current timestep 225
num of flexible agents: 38
num of flexible tasks: 10
Solving time: 0.000297606 seconds
plan limit 980
current timestep 226
num of flexible agents: 37
num of flexible tasks: 9
Solving time: 0.000290264 seconds
plan limit 980
current timestep 227
num of flexible agents: 36
num of flexible tasks: 9
Solving time: 0.000269672 seconds
plan limit 980
current timestep 228
num of flexible agents: 38
num of flexible tasks: 11
Solving time: 0.000325391 seconds
plan limit 980
current timestep 229
num of flexible agents: 38
num of flexible tasks: 9
Solving time: 0.000325821 seconds
plan limit 980
current timestep 230
num of flexible agents: 38
num of flexible tasks: 10
Solving time: 0.000300072 seconds
plan limit 980
current timestep 231
num of flexible agents: 40
num of flexible tasks: 11
Solving time: 0.000322813 seconds
plan limit 980
current timestep 232
num of flexible agents: 40
num of flexible tasks: 11
Solving time: 0.00032074 seconds
plan limit 980
current timestep 233
num of flexible agents: 37
num of flexible tasks: 10
Solving time: 0.000301069 seconds
plan limit 980
current timestep 234
num of flexible agents: 39
num of flexible tasks: 11
Solving time: 0.000281283 seconds
plan limit 980
current timestep 235
num of flexible agents: 39
num of flexible tasks: 13
Solving time: 0.000366225 seconds
plan limit 980
current timestep 236
num of flexible agents: 41
num of flexible tasks: 15
Solving time: 0.000318571 seconds
plan limit 980
current timestep 237
num of flexible agents: 40
num of flexible tasks: 14
Solving time: 0.000334435 seconds
plan limit 980
current timestep 238
num of flexible agents: 39
num of flexible tasks: 12
Solving time: 0.000345741 seconds
plan limit 980
current timestep 239
num of flexible agents: 38
num of flexible tasks: 12
Solving time: 0.000307821 seconds
plan limit 980
current timestep 240
num of flexible agents: 37
num of flexible tasks: 12
Solving time: 0.000340816 seconds
plan limit 980
current timestep 241
num of flexible agents: 36
num of flexible tasks: 12
Solving time: 0.000278594 seconds
plan limit 980
current timestep 242
num of flexible agents: 34
num of flexible tasks: 11
Solving time: 0.000322802 seconds
plan limit 980
current timestep 243
num of flexible agents: 34
num of flexible tasks: 10
Solving time: 0.000310855 seconds
plan limit 980
current timestep 244
num of flexible agents: 33
num of flexible tasks: 9
Solving time: 0.000289467 seconds
plan limit 980
current timestep 245
num of flexible agents: 32
num of flexible tasks: 8
Solving time: 0.000312097 seconds
plan limit 980
current timestep 246
num of flexible agents: 33
num of flexible tasks: 7
Solving time: 0.000297269 seconds
plan limit 980
current timestep 247
num of flexible agents: 33
num of flexible tasks: 7
Solving time: 0.000297679 seconds
plan limit 980
current timestep 248
num of flexible agents: 33
num of flexible tasks: 8
Solving time: 0.000294374 seconds
plan limit 980
current timestep 249
num of flexible agents: 33
num of flexible tasks: 8
Solving time: 0.000314919 seconds
plan limit 980
current timestep 250
num of flexible agents: 33
num of flexible tasks: 6
Solving time: 0.000280994 seconds
plan limit 980
current timestep 251
num of flexible agents: 35
num of flexible tasks: 6
Solving time: 0.000265325 seconds
plan limit 980
current timestep 252
num of flexible agents: 36
num of flexible tasks: 5
Solving time: 0.000287099 seconds
plan limit 980
current timestep 253
num of flexible agents: 38
num of flexible tasks: 3
Solving time: 0.000268236 seconds
plan limit 980
current timestep 254
num of flexible agents: 43
num of flexible tasks: 2
Solving time: 0.000250625 seconds
plan limit 980
current timestep 255
num of flexible agents: 44
num of flexible tasks: 2
Solving time: 0.000239284 seconds
plan limit 980
current timestep 256
num of flexible agents: 46
num of flexible tasks: 2
Solving time: 0.00021192 seconds
plan limit 980
current timestep 257
num of flexible agents: 50
num of flexible tasks: 2
Solving time: 0.000222851 seconds
plan limit 980
current timestep 258
num of flexible agents: 51
num of flexible tasks: 0
Solving time: 0.000235729 seconds
plan limit 980
current timestep 259
num of flexible agents: 52
num of flexible tasks: 0
Solving time: 0.000239869 seconds
plan limit 980
current timestep 260
num of flexible agents: 55
num of flexible tasks: 0
Solving time: 0.00024691 seconds
plan limit 980
current timestep 261
num of flexible agents: 58
num of flexible tasks: 0
Solving time: 0.000237397 seconds
plan limit 980
current timestep 262
num of flexible agents: 60
num of flexible tasks: 0
Solving time: 0.000227526 seconds
plan limit 980
current timestep 263
num of flexible agents: 62
num of flexible tasks: 0
Solving time: 0.000269637 seconds
plan limit 980
current timestep 264
num of flexible agents: 62
num of flexible tasks: 0
Solving time: 0.000228734 seconds
plan limit 980
current timestep 265
num of flexible agents: 63
num of flexible tasks: 0
Solving time: 0.000228773 seconds
plan limit 980
current timestep 266
num of flexible agents: 66
num of flexible tasks: 0
Solving time: 0.000200127 seconds
plan limit 980
current timestep 267
num of flexible agents: 67
num of flexible tasks: 0
Solving time: 0.000234824 seconds
plan limit 980
current timestep 268
num of flexible agents: 67
num of flexible tasks: 0
Solving time: 0.00026521 seconds
plan limit 980
current timestep 269
num of flexible agents: 69
num of flexible tasks: 0
Solving time: 0.000222526 seconds
plan limit 980
current timestep 270
num of flexible agents: 70
num of flexible tasks: 0
Solving time: 0.000231148 seconds
plan limit 980
current timestep 271
num of flexible agents: 71
num of flexible tasks: 0
Solving time: 0.00024003 seconds
plan limit 980
current timestep 272
num of flexible agents: 73
num of flexible tasks: 0
Solving time: 0.000227966 seconds
plan limit 980
current timestep 273
num of flexible agents: 74
num of flexible tasks: 0
Solving time: 0.000238945 seconds
plan limit 980
current timestep 274
num of flexible agents: 75
num of flexible tasks: 0
Solving time: 0.000236125 seconds
plan limit 980
current timestep 275
num of flexible agents: 75
num of flexible tasks: 0
Solving time: 0.000249323 seconds
plan limit 980
current timestep 276
num of flexible agents: 75
num of flexible tasks: 0
Solving time: 0.00023606 seconds
plan limit 980
current timestep 277
num of flexible agents: 75
num of flexible tasks: 0
Solving time: 0.000244704 seconds
plan limit 980
current timestep 278
num of flexible agents: 76
num of flexible tasks: 0
Solving time: 0.000221213 seconds
plan limit 980
current timestep 279
num of flexible agents: 77
num of flexible tasks: 0
Solving time: 0.000235271 seconds
plan limit 980
current timestep 280
num of flexible agents: 77
num of flexible tasks: 0
Solving time: 0.000257886 seconds
plan limit 980
current timestep 281
num of flexible agents: 77
num of flexible tasks: 0
Solving time: 0.000227087 seconds
plan limit 980
current timestep 282
num of flexible agents: 78
num of flexible tasks: 0
Solving time: 0.000237783 seconds
plan limit 980
current timestep 283
num of flexible agents: 78
num of flexible tasks: 0
Solving time: 0.00022772 seconds
plan limit 980
current timestep 284
num of flexible agents: 78
num of flexible tasks: 0
Solving time: 0.000239381 seconds
plan limit 980
current timestep 285
num of flexible agents: 79
num of flexible tasks: 0
Solving time: 0.000258501 seconds
plan limit 980
current timestep 286
num of flexible agents: 79
num of flexible tasks: 0
Solving time: 0.000232723 seconds
plan limit 980
current timestep 287
num of flexible agents: 79
num of flexible tasks: 0
Solving time: 0.000217603 seconds
plan limit 980
current timestep 288
num of flexible agents: 79
num of flexible tasks: 0
Solving time: 0.000232538 seconds
plan limit 980
current timestep 289
num of flexible agents: 79
num of flexible tasks: 0
Solving time: 0.000229963 seconds
plan limit 980
current timestep 290
num of flexible agents: 79
num of flexible tasks: 0
Solving time: 0.000247471 seconds
plan limit 980
current timestep 291
num of flexible agents: 79
num of flexible tasks: 0
Solving time: 0.000217908 seconds
plan limit 980
current timestep 292
num of flexible agents: 79
num of flexible tasks: 0
Solving time: 0.00025618 seconds
plan limit 980
current timestep 293
num of flexible agents: 79
num of flexible tasks: 0
Solving time: 0.000223504 seconds
plan limit 980
current timestep 294
num of flexible agents: 79
num of flexible tasks: 0
Solving time: 0.000271023 seconds
plan limit 980
current timestep 295
num of flexible agents: 79
num of flexible tasks: 0
Solving time: 0.000210061 seconds
plan limit 980
current timestep 296
num of flexible agents: 79
num of flexible tasks: 0
Solving time: 0.000250924 seconds
plan limit 980
current timestep 297
num of flexible agents: 79
num of flexible tasks: 0
Solving time: 0.000265039 seconds
plan limit 980
All tasks finished at timestep 298
