current timestep 0
num of flexible agents: 80
num of flexible tasks: 2
Solving time: 0.000324546 seconds
plan limit 980
current timestep 1
num of flexible agents: 80
num of flexible tasks: 4
Solving time: 0.000373597 seconds
plan limit 980
current timestep 2
num of flexible agents: 80
num of flexible tasks: 6
Solving time: 0.000286906 seconds
plan limit 980
current timestep 3
num of flexible agents: 79
num of flexible tasks: 7
Solving time: 0.000289148 seconds
plan limit 980
current timestep 4
num of flexible agents: 78
num of flexible tasks: 8
Solving time: 0.000339619 seconds
plan limit 980
current timestep 5
num of flexible agents: 78
num of flexible tasks: 10
Solving time: 0.0003158 seconds
plan limit 980
current timestep 6
num of flexible agents: 77
num of flexible tasks: 11
Solving time: 0.000286416 seconds
plan limit 980
current timestep 7
num of flexible agents: 73
num of flexible tasks: 9
Solving time: 0.000317634 seconds
plan limit 980
current timestep 8
num of flexible agents: 73
num of flexible tasks: 10
Solving time: 0.00033422 seconds
plan limit 980
current timestep 9
num of flexible agents: 71
num of flexible tasks: 10
Solving time: 0.000358418 seconds
plan limit 980
current timestep 10
num of flexible agents: 70
num of flexible tasks: 11
Solving time: 0.000364855 seconds
plan limit 980
current timestep 11
num of flexible agents: 68
num of flexible tasks: 11
Solving time: 0.000324243 seconds
plan limit 980
current timestep 12
num of flexible agents: 66
num of flexible tasks: 11
Solving time: 0.000275877 seconds
plan limit 980
current timestep 13
num of flexible agents: 65
num of flexible tasks: 11
Solving time: 0.000350661 seconds
plan limit 980
current timestep 14
num of flexible agents: 63
num of flexible tasks: 11
Solving time: 0.000310693 seconds
plan limit 980
current timestep 15
num of flexible agents: 59
num of flexible tasks: 9
Solving time: 0.000320888 seconds
plan limit 980
current timestep 16
num of flexible agents: 61
num of flexible tasks: 10
Solving time: 0.000278505 seconds
plan limit 980
current timestep 17
num of flexible agents: 61
num of flexible tasks: 12
Solving time: 0.000303501 seconds
plan limit 980
current timestep 18
num of flexible agents: 59
num of flexible tasks: 12
Solving time: 0.000315734 seconds
plan limit 980
current timestep 19
num of flexible agents: 54
num of flexible tasks: 9
Solving time: 0.000323218 seconds
plan limit 980
current timestep 20
num of flexible agents: 53
num of flexible tasks: 10
Solving time: 0.000334918 seconds
plan limit 980
current timestep 21
num of flexible agents: 52
num of flexible tasks: 9
Solving time: 0.000308176 seconds
plan limit 980
current timestep 22
num of flexible agents: 52
num of flexible tasks: 9
Solving time: 0.000303234 seconds
plan limit 980
current timestep 23
num of flexible agents: 52
num of flexible tasks: 10
Solving time: 0.000312203 seconds
plan limit 980
current timestep 24
num of flexible agents: 52
num of flexible tasks: 10
Solving time: 0.000341023 seconds
plan limit 980
current timestep 25
num of flexible agents: 51
num of flexible tasks: 10
Solving time: 0.000333738 seconds
plan limit 980
current timestep 26
num of flexible agents: 50
num of flexible tasks: 11
Solving time: 0.000351223 seconds
plan limit 980
current timestep 27
num of flexible agents: 49
num of flexible tasks: 11
Solving time: 0.000341454 seconds
plan limit 980
current timestep 28
num of flexible agents: 52
num of flexible tasks: 13
Solving time: 0.000324865 seconds
plan limit 980
current timestep 29
num of flexible agents: 51
num of flexible tasks: 14
Solving time: 0.000337293 seconds
plan limit 980
current timestep 30
num of flexible agents: 52
num of flexible tasks: 15
Solving time: 0.000298608 seconds
plan limit 980
current timestep 31
num of flexible agents: 51
num of flexible tasks: 15
Solving time: 0.0003203 seconds
plan limit 980
current timestep 32
num of flexible agents: 49
num of flexible tasks: 14
Solving time: 0.000325068 seconds
plan limit 980
current timestep 33
num of flexible agents: 51
num of flexible tasks: 16
Solving time: 0.000337069 seconds
plan limit 980
current timestep 34
num of flexible agents: 52
num of flexible tasks: 15
Solving time: 0.000320611 seconds
plan limit 980
current timestep 35
num of flexible agents: 50
num of flexible tasks: 14
Solving time: 0.000353508 seconds
plan limit 980
current timestep 36
num of flexible agents: 51
num of flexible tasks: 13
Solving time: 0.000319853 seconds
plan limit 980
current timestep 37
num of flexible agents: 49
num of flexible tasks: 13
Solving time: 0.00030248 seconds
plan limit 980
current timestep 38
num of flexible agents: 50
num of flexible tasks: 15
Solving time: 0.000334636 seconds
plan limit 980
current timestep 39
num of flexible agents: 49
num of flexible tasks: 14
Solving time: 0.000290565 seconds
plan limit 980
current timestep 40
num of flexible agents: 48
num of flexible tasks: 13
Solving time: 0.000291892 seconds
plan limit 980
current timestep 41
num of flexible agents: 46
num of flexible tasks: 12
Solving time: 0.000328883 seconds
plan limit 980
current timestep 42
num of flexible agents: 46
num of flexible tasks: 12
Solving time: 0.000344476 seconds
plan limit 980
current timestep 43
num of flexible agents: 45
num of flexible tasks: 11
Solving time: 0.000266922 seconds
plan limit 980
current timestep 44
num of flexible agents: 46
num of flexible tasks: 11
Solving time: 0.000298595 seconds
plan limit 980
current timestep 45
num of flexible agents: 43
num of flexible tasks: 9
Solving time: 0.000303282 seconds
plan limit 980
current timestep 46
num of flexible agents: 44
num of flexible tasks: 9
Solving time: 0.000300181 seconds
plan limit 980
current timestep 47
num of flexible agents: 45
num of flexible tasks: 10
Solving time: 0.000277595 seconds
plan limit 980
current timestep 48
num of flexible agents: 45
num of flexible tasks: 9
Solving time: 0.000285771 seconds
plan limit 980
current timestep 49
num of flexible agents: 44
num of flexible tasks: 8
Solving time: 0.000304215 seconds
plan limit 980
current timestep 50
num of flexible agents: 41
num of flexible tasks: 6
Solving time: 0.000280624 seconds
plan limit 980
current timestep 51
num of flexible agents: 40
num of flexible tasks: 7
Solving time: 0.000283081 seconds
plan limit 980
current timestep 52
num of flexible agents: 41
num of flexible tasks: 9
Solving time: 0.000291937 seconds
plan limit 980
current timestep 53
num of flexible agents: 42
num of flexible tasks: 10
Solving time: 0.000297746 seconds
plan limit 980
current timestep 54
num of flexible agents: 42
num of flexible tasks: 9
Solving time: 0.000300489 seconds
plan limit 980
current timestep 55
num of flexible agents: 45
num of flexible tasks: 11
Solving time: 0.000338782 seconds
plan limit 980
current timestep 56
num of flexible agents: 43
num of flexible tasks: 10
Solving time: 0.000356324 seconds
plan limit 980
current timestep 57
num of flexible agents: 40
num of flexible tasks: 9
Solving time: 0.000297331 seconds
plan limit 980
current timestep 58
num of flexible agents: 40
num of flexible tasks: 10
Solving time: 0.000287727 seconds
plan limit 980
current timestep 59
num of flexible agents: 37
num of flexible tasks: 9
Solving time: 0.000296742 seconds
plan limit 980
current timestep 60
num of flexible agents: 39
num of flexible tasks: 9
Solving time: 0.000327936 seconds
plan limit 980
current timestep 61
num of flexible agents: 39
num of flexible tasks: 9
Solving time: 0.00032943 seconds
plan limit 980
current timestep 62
num of flexible agents: 40
num of flexible tasks: 11
Solving time: 0.000290061 seconds
plan limit 980
current timestep 63
num of flexible agents: 41
num of flexible tasks: 12
Solving time: 0.00032003 seconds
plan limit 980
current timestep 64
num of flexible agents: 41
num of flexible tasks: 12
Solving time: 0.000293716 seconds
plan limit 980
current timestep 65
num of flexible agents: 43
num of flexible tasks: 13
Solving time: 0.000301026 seconds
plan limit 980
current timestep 66
num of flexible agents: 44
num of flexible tasks: 14
Solving time: 0.000321214 seconds
plan limit 980
current timestep 67
num of flexible agents: 44
num of flexible tasks: 15
Solving time: 0.000331477 seconds
plan limit 980
current timestep 68
num of flexible agents: 42
num of flexible tasks: 14
Solving time: 0.000310571 seconds
plan limit 980
current timestep 69
num of flexible agents: 41
num of flexible tasks: 14
Solving time: 0.000344144 seconds
plan limit 980
current timestep 70
num of flexible agents: 38
num of flexible tasks: 13
Solving time: 0.000353225 seconds
plan limit 980
current timestep 71
num of flexible agents: 36
num of flexible tasks: 11
Solving time: 0.000353068 seconds
plan limit 980
current timestep 72
num of flexible agents: 34
num of flexible tasks: 10
Solving time: 0.000303048 seconds
plan limit 980
current timestep 73
num of flexible agents: 33
num of flexible tasks: 10
Solving time: 0.000304815 seconds
plan limit 980
current timestep 74
num of flexible agents: 35
num of flexible tasks: 10
Solving time: 0.000320434 seconds
plan limit 980
current timestep 75
num of flexible agents: 34
num of flexible tasks: 11
Solving time: 0.000332508 seconds
plan limit 980
current timestep 76
num of flexible agents: 34
num of flexible tasks: 11
Solving time: 0.000318916 seconds
plan limit 980
current timestep 77
num of flexible agents: 32
num of flexible tasks: 11
Solving time: 0.000319979 seconds
plan limit 980
current timestep 78
num of flexible agents: 33
num of flexible tasks: 11
Solving time: 0.000369354 seconds
plan limit 980
current timestep 79
num of flexible agents: 34
num of flexible tasks: 12
Solving time: 0.000311515 seconds
plan limit 980
current timestep 80
num of flexible agents: 35
num of flexible tasks: 12
Solving time: 0.000330342 seconds
plan limit 980
current timestep 81
num of flexible agents: 37
num of flexible tasks: 14
Solving time: 0.000285369 seconds
plan limit 980
current timestep 82
num of flexible agents: 34
num of flexible tasks: 11
Solving time: 0.000310675 seconds
plan limit 980
current timestep 83
num of flexible agents: 34
num of flexible tasks: 10
Solving time: 0.000300218 seconds
plan limit 980
current timestep 84
num of flexible agents: 32
num of flexible tasks: 9
Solving time: 0.000296879 seconds
plan limit 980
current timestep 85
num of flexible agents: 34
num of flexible tasks: 10
Solving time: 0.000331785 seconds
plan limit 980
current timestep 86
num of flexible agents: 37
num of flexible tasks: 10
Solving time: 0.000310779 seconds
plan limit 980
current timestep 87
num of flexible agents: 37
num of flexible tasks: 9
Solving time: 0.000270751 seconds
plan limit 980
current timestep 88
num of flexible agents: 37
num of flexible tasks: 10
Solving time: 0.000290304 seconds
plan limit 980
current timestep 89
num of flexible agents: 34
num of flexible tasks: 8
Solving time: 0.000309754 seconds
plan limit 980
current timestep 90
num of flexible agents: 33
num of flexible tasks: 7
Solving time: 0.000285787 seconds
plan limit 980
current timestep 91
num of flexible agents: 35
num of flexible tasks: 9
Solving time: 0.000286406 seconds
plan limit 980
current timestep 92
num of flexible agents: 31
num of flexible tasks: 6
Solving time: 0.000283998 seconds
plan limit 980
current timestep 93
num of flexible agents: 33
num of flexible tasks: 7
Solving time: 0.00032885 seconds
plan limit 980
current timestep 94
num of flexible agents: 33
num of flexible tasks: 8
Solving time: 0.000315668 seconds
plan limit 980
current timestep 95
num of flexible agents: 31
num of flexible tasks: 8
Solving time: 0.000295766 seconds
plan limit 980
current timestep 96
num of flexible agents: 29
num of flexible tasks: 8
Solving time: 0.000320466 seconds
plan limit 980
current timestep 97
num of flexible agents: 27
num of flexible tasks: 5
Solving time: 0.000297508 seconds
plan limit 980
current timestep 98
num of flexible agents: 31
num of flexible tasks: 7
Solving time: 0.000287464 seconds
plan limit 980
current timestep 99
num of flexible agents: 31
num of flexible tasks: 7
Solving time: 0.000348419 seconds
plan limit 980
current timestep 100
num of flexible agents: 31
num of flexible tasks: 8
Solving time: 0.000315497 seconds
plan limit 980
current timestep 101
num of flexible agents: 29
num of flexible tasks: 7
Solving time: 0.000279378 seconds
plan limit 980
current timestep 102
num of flexible agents: 32
num of flexible tasks: 8
Solving time: 0.000271007 seconds
plan limit 980
current timestep 103
num of flexible agents: 31
num of flexible tasks: 8
Solving time: 0.000339206 seconds
plan limit 980
current timestep 104
num of flexible agents: 31
num of flexible tasks: 9
Solving time: 0.000347836 seconds
plan limit 980
current timestep 105
num of flexible agents: 32
num of flexible tasks: 10
Solving time: 0.000337787 seconds
plan limit 980
current timestep 106
num of flexible agents: 29
num of flexible tasks: 7
Solving time: 0.000302544 seconds
plan limit 980
current timestep 107
num of flexible agents: 36
num of flexible tasks: 9
Solving time: 0.000305005 seconds
plan limit 980
current timestep 108
num of flexible agents: 37
num of flexible tasks: 10
Solving time: 0.000322809 seconds
plan limit 980
current timestep 109
num of flexible agents: 36
num of flexible tasks: 10
Solving time: 0.000293382 seconds
plan limit 980
current timestep 110
num of flexible agents: 35
num of flexible tasks: 9
Solving time: 0.000330211 seconds
plan limit 980
current timestep 111
num of flexible agents: 36
num of flexible tasks: 10
Solving time: 0.000307713 seconds
plan limit 980
current timestep 112
num of flexible agents: 34
num of flexible tasks: 8
Solving time: 0.000323008 seconds
plan limit 980
current timestep 113
num of flexible agents: 33
num of flexible tasks: 8
Solving time: 0.000332126 seconds
plan limit 980
current timestep 114
num of flexible agents: 34
num of flexible tasks: 9
Solving time: 0.000296018 seconds
plan limit 980
current timestep 115
num of flexible agents: 34
num of flexible tasks: 9
Solving time: 0.000240641 seconds
plan limit 980
current timestep 116
num of flexible agents: 31
num of flexible tasks: 7
Solving time: 0.000243016 seconds
plan limit 980
current timestep 117
num of flexible agents: 32
num of flexible tasks: 7
Solving time: 0.000257352 seconds
plan limit 980
current timestep 118
num of flexible agents: 34
num of flexible tasks: 7
Solving time: 0.000255709 seconds
plan limit 980
current timestep 119
num of flexible agents: 34
num of flexible tasks: 7
Solving time: 0.000284973 seconds
plan limit 980
current timestep 120
num of flexible agents: 33
num of flexible tasks: 7
Solving time: 0.000268478 seconds
plan limit 980
current timestep 121
num of flexible agents: 33
num of flexible tasks: 7
Solving time: 0.000273156 seconds
plan limit 980
current timestep 122
num of flexible agents: 31
num of flexible tasks: 7
Solving time: 0.000246047 seconds
plan limit 980
current timestep 123
num of flexible agents: 31
num of flexible tasks: 8
Solving time: 0.000271893 seconds
plan limit 980
current timestep 124
num of flexible agents: 28
num of flexible tasks: 6
Solving time: 0.000254626 seconds
plan limit 980
current timestep 125
num of flexible agents: 27
num of flexible tasks: 6
Solving time: 0.000240947 seconds
plan limit 980
current timestep 126
num of flexible agents: 28
num of flexible tasks: 7
Solving time: 0.000256194 seconds
plan limit 980
current timestep 127
num of flexible agents: 33
num of flexible tasks: 8
Solving time: 0.000298275 seconds
plan limit 980
current timestep 128
num of flexible agents: 33
num of flexible tasks: 6
Solving time: 0.00027884 seconds
plan limit 980
current timestep 129
num of flexible agents: 35
num of flexible tasks: 8
Solving time: 0.000313582 seconds
plan limit 980
current timestep 130
num of flexible agents: 33
num of flexible tasks: 6
Solving time: 0.00027363 seconds
plan limit 980
current timestep 131
num of flexible agents: 35
num of flexible tasks: 6
Solving time: 0.000267529 seconds
plan limit 980
current timestep 132
num of flexible agents: 34
num of flexible tasks: 5
Solving time: 0.000304767 seconds
plan limit 980
current timestep 133
num of flexible agents: 38
num of flexible tasks: 7
Solving time: 0.000256039 seconds
plan limit 980
current timestep 134
num of flexible agents: 38
num of flexible tasks: 8
Solving time: 0.000255807 seconds
plan limit 980
current timestep 135
num of flexible agents: 35
num of flexible tasks: 6
Solving time: 0.000317969 seconds
plan limit 980
current timestep 136
num of flexible agents: 36
num of flexible tasks: 7
Solving time: 0.000303501 seconds
plan limit 980
current timestep 137
num of flexible agents: 36
num of flexible tasks: 7
Solving time: 0.000278809 seconds
plan limit 980
current timestep 138
num of flexible agents: 38
num of flexible tasks: 8
Solving time: 0.000295129 seconds
plan limit 980
current timestep 139
num of flexible agents: 37
num of flexible tasks: 9
Solving time: 0.000333256 seconds
plan limit 980
current timestep 140
num of flexible agents: 36
num of flexible tasks: 8
Solving time: 0.000277197 seconds
plan limit 980
current timestep 141
num of flexible agents: 37
num of flexible tasks: 9
Solving time: 0.000340686 seconds
plan limit 980
current timestep 142
num of flexible agents: 35
num of flexible tasks: 9
Solving time: 0.000297433 seconds
plan limit 980
current timestep 143
num of flexible agents: 35
num of flexible tasks: 9
Solving time: 0.00027442 seconds
plan limit 980
current timestep 144
num of flexible agents: 38
num of flexible tasks: 9
Solving time: 0.000276761 seconds
plan limit 980
current timestep 145
num of flexible agents: 40
num of flexible tasks: 11
Solving time: 0.000299865 seconds
plan limit 980
current timestep 146
num of flexible agents: 38
num of flexible tasks: 11
Solving time: 0.000342773 seconds
plan limit 980
current timestep 147
num of flexible agents: 40
num of flexible tasks: 12
Solving time: 0.00031978 seconds
plan limit 980
current timestep 148
num of flexible agents: 41
num of flexible tasks: 13
Solving time: 0.000319853 seconds
plan limit 980
current timestep 149
num of flexible agents: 39
num of flexible tasks: 12
Solving time: 0.000322411 seconds
plan limit 980
current timestep 150
num of flexible agents: 40
num of flexible tasks: 11
Solving time: 0.000303605 seconds
plan limit 980
current timestep 151
num of flexible agents: 37
num of flexible tasks: 10
Solving time: 0.000353573 seconds
plan limit 980
current timestep 152
num of flexible agents: 37
num of flexible tasks: 9
Solving time: 0.000317505 seconds
plan limit 980
current timestep 153
num of flexible agents: 37
num of flexible tasks: 7
Solving time: 0.000278661 seconds
plan limit 980
current timestep 154
num of flexible agents: 42
num of flexible tasks: 9
Solving time: 0.000285414 seconds
plan limit 980
current timestep 155
num of flexible agents: 43
num of flexible tasks: 8
Solving time: 0.000272746 seconds
plan limit 980
current timestep 156
num of flexible agents: 43
num of flexible tasks: 9
Solving time: 0.000287478 seconds
plan limit 980
current timestep 157
num of flexible agents: 40
num of flexible tasks: 8
Solving time: 0.000298456 seconds
plan limit 980
current timestep 158
num of flexible agents: 38
num of flexible tasks: 8
Solving time: 0.000286851 seconds
plan limit 980
current timestep 159
num of flexible agents: 38
num of flexible tasks: 9
Solving time: 0.000274479 seconds
plan limit 980
current timestep 160
num of flexible agents: 37
num of flexible tasks: 9
Solving time: 0.000301571 seconds
plan limit 980
current timestep 161
num of flexible agents: 36
num of flexible tasks: 8
Solving time: 0.000256761 seconds
plan limit 980
current timestep 162
num of flexible agents: 35
num of flexible tasks: 9
Solving time: 0.000294501 seconds
plan limit 980
current timestep 163
num of flexible agents: 31
num of flexible tasks: 6
Solving time: 0.000299469 seconds
plan limit 980
current timestep 164
num of flexible agents: 32
num of flexible tasks: 7
Solving time: 0.00030069 seconds
plan limit 980
current timestep 165
num of flexible agents: 35
num of flexible tasks: 9
Solving time: 0.000273648 seconds
plan limit 980
current timestep 166
num of flexible agents: 35
num of flexible tasks: 8
Solving time: 0.000313793 seconds
plan limit 980
current timestep 167
num of flexible agents: 33
num of flexible tasks: 7
Solving time: 0.000338286 seconds
plan limit 980
current timestep 168
num of flexible agents: 34
num of flexible tasks: 8
Solving time: 0.000311422 seconds
plan limit 980
current timestep 169
num of flexible agents: 35
num of flexible tasks: 9
Solving time: 0.000294848 seconds
plan limit 980
current timestep 170
num of flexible agents: 34
num of flexible tasks: 10
Solving time: 0.000306144 seconds
plan limit 980
current timestep 171
num of flexible agents: 33
num of flexible tasks: 9
Solving time: 0.000309213 seconds
plan limit 980
current timestep 172
num of flexible agents: 36
num of flexible tasks: 10
Solving time: 0.000298986 seconds
plan limit 980
current timestep 173
num of flexible agents: 33
num of flexible tasks: 7
Solving time: 0.000245191 seconds
plan limit 980
current timestep 174
num of flexible agents: 34
num of flexible tasks: 8
Solving time: 0.000295285 seconds
plan limit 980
current timestep 175
num of flexible agents: 37
num of flexible tasks: 8
Solving time: 0.000288009 seconds
plan limit 980
current timestep 176
num of flexible agents: 36
num of flexible tasks: 8
Solving time: 0.000237167 seconds
plan limit 980
current timestep 177
num of flexible agents: 35
num of flexible tasks: 7
Solving time: 0.000253035 seconds
plan limit 980
current timestep 178
num of flexible agents: 34
num of flexible tasks: 6
Solving time: 0.00023615 seconds
plan limit 980
current timestep 179
num of flexible agents: 34
num of flexible tasks: 6
Solving time: 0.000285801 seconds
plan limit 980
current timestep 180
num of flexible agents: 33
num of flexible tasks: 6
Solving time: 0.000287417 seconds
plan limit 980
current timestep 181
num of flexible agents: 32
num of flexible tasks: 7
Solving time: 0.000284351 seconds
plan limit 980
current timestep 182
num of flexible agents: 33
num of flexible tasks: 8
Solving time: 0.000316662 seconds
plan limit 980
current timestep 183
num of flexible agents: 35
num of flexible tasks: 10
Solving time: 0.000356265 seconds
plan limit 980
current timestep 184
num of flexible agents: 32
num of flexible tasks: 8
Solving time: 0.000356758 seconds
plan limit 980
current timestep 185
num of flexible agents: 35
num of flexible tasks: 9
Solving time: 0.00032492 seconds
plan limit 980
current timestep 186
num of flexible agents: 36
num of flexible tasks: 9
Solving time: 0.00035062 seconds
plan limit 980
current timestep 187
num of flexible agents: 39
num of flexible tasks: 11
Solving time: 0.000348617 seconds
plan limit 980
current timestep 188
num of flexible agents: 40
num of flexible tasks: 11
Solving time: 0.000308881 seconds
plan limit 980
current timestep 189
num of flexible agents: 39
num of flexible tasks: 11
Solving time: 0.000291355 seconds
plan limit 980
current timestep 190
num of flexible agents: 38
num of flexible tasks: 12
Solving time: 0.000268861 seconds
plan limit 980
current timestep 191
num of flexible agents: 37
num of flexible tasks: 9
Solving time: 0.000285764 seconds
plan limit 980
current timestep 192
num of flexible agents: 36
num of flexible tasks: 8
Solving time: 0.000256554 seconds
plan limit 980
current timestep 193
num of flexible agents: 36
num of flexible tasks: 7
Solving time: 0.000287812 seconds
plan limit 980
current timestep 194
num of flexible agents: 38
num of flexible tasks: 9
Solving time: 0.000234884 seconds
plan limit 980
current timestep 195
num of flexible agents: 38
num of flexible tasks: 9
Solving time: 0.000260826 seconds
plan limit 980
current timestep 196
num of flexible agents: 40
num of flexible tasks: 9
Solving time: 0.000246337 seconds
plan limit 980
current timestep 197
num of flexible agents: 39
num of flexible tasks: 8
Solving time: 0.000251755 seconds
plan limit 980
current timestep 198
num of flexible agents: 35
num of flexible tasks: 6
Solving time: 0.00026365 seconds
plan limit 980
current timestep 199
num of flexible agents: 35
num of flexible tasks: 5
Solving time: 0.000236035 seconds
plan limit 980
current timestep 200
num of flexible agents: 36
num of flexible tasks: 4
Solving time: 0.000276073 seconds
plan limit 980
current timestep 201
num of flexible agents: 39
num of flexible tasks: 5
Solving time: 0.000239621 seconds
plan limit 980
current timestep 202
num of flexible agents: 38
num of flexible tasks: 5
Solving time: 0.000287812 seconds
plan limit 980
current timestep 203
num of flexible agents: 37
num of flexible tasks: 5
Solving time: 0.000256142 seconds
plan limit 980
current timestep 204
num of flexible agents: 38
num of flexible tasks: 5
Solving time: 0.000256867 seconds
plan limit 980
current timestep 205
num of flexible agents: 36
num of flexible tasks: 5
Solving time: 0.000240915 seconds
plan limit 980
current timestep 206
num of flexible agents: 35
num of flexible tasks: 6
Solving time: 0.000292546 seconds
plan limit 980
current timestep 207
num of flexible agents: 37
num of flexible tasks: 6
Solving time: 0.000261346 seconds
plan limit 980
current timestep 208
num of flexible agents: 34
num of flexible tasks: 5
Solving time: 0.00028367 seconds
plan limit 980
current timestep 209
num of flexible agents: 38
num of flexible tasks: 6
Solving time: 0.000297552 seconds
plan limit 980
current timestep 210
num of flexible agents: 36
num of flexible tasks: 5
Solving time: 0.000254787 seconds
plan limit 980
current timestep 211
num of flexible agents: 36
num of flexible tasks: 5
Solving time: 0.00028104 seconds
plan limit 980
current timestep 212
num of flexible agents: 36
num of flexible tasks: 6
Solving time: 0.000304053 seconds
plan limit 980
current timestep 213
num of flexible agents: 37
num of flexible tasks: 6
Solving time: 0.000310547 seconds
plan limit 980
current timestep 214
num of flexible agents: 35
num of flexible tasks: 6
Solving time: 0.000284001 seconds
plan limit 980
current timestep 215
num of flexible agents: 37
num of flexible tasks: 8
Solving time: 0.000280918 seconds
plan limit 980
current timestep 216
num of flexible agents: 38
num of flexible tasks: 9
Solving time: 0.00032939 seconds
plan limit 980
current timestep 217
num of flexible agents: 39
num of flexible tasks: 11
Solving time: 0.000311766 seconds
plan limit 980
current timestep 218
num of flexible agents: 38
num of flexible tasks: 11
Solving time: 0.00029892 seconds
plan limit 980
current timestep 219
num of flexible agents: 38
num of flexible tasks: 8
Solving time: 0.000256017 seconds
plan limit 980
current timestep 220
num of flexible agents: 37
num of flexible tasks: 6
Solving time: 0.000320189 seconds
plan limit 980
current timestep 221
num of flexible agents: 38
num of flexible tasks: 7
Solving time: 0.00029927 seconds
plan limit 980
current timestep 222
num of flexible agents: 38
num of flexible tasks: 9
Solving time: 0.000329309 seconds
plan limit 980
current timestep 223
num of flexible agents: 36
num of flexible tasks: 9
Solving time: 0.000344926 seconds
plan limit 980
current timestep 224
num of flexible agents: 35
num of flexible tasks: 9
Solving time: 0.00034202 seconds
plan limit 980
current timestep 225
num of flexible agents: 37
num of flexible tasks: 10
Solving time: 0.000317301 seconds
plan limit 980
current timestep 226
num of flexible agents: 37
num of flexible tasks: 10
Solving time: 0.000291146 seconds
plan limit 980
current timestep 227
num of flexible agents: 36
num of flexible tasks: 9
Solving time: 0.000331134 seconds
plan limit 980
current timestep 228
num of flexible agents: 36
num of flexible tasks: 10
Solving time: 0.000353374 seconds
plan limit 980
current timestep 229
num of flexible agents: 35
num of flexible tasks: 9
Solving time: 0.000308841 seconds
plan limit 980
current timestep 230
num of flexible agents: 35
num of flexible tasks: 10
Solving time: 0.000308565 seconds
plan limit 980
current timestep 231
num of flexible agents: 34
num of flexible tasks: 9
Solving time: 0.000310637 seconds
plan limit 980
current timestep 232
num of flexible agents: 37
num of flexible tasks: 9
Solving time: 0.000267517 seconds
plan limit 980
current timestep 233
num of flexible agents: 32
num of flexible tasks: 6
Solving time: 0.000294058 seconds
plan limit 980
current timestep 234
num of flexible agents: 33
num of flexible tasks: 8
Solving time: 0.000321651 seconds
plan limit 980
current timestep 235
num of flexible agents: 34
num of flexible tasks: 8
Solving time: 0.00029034 seconds
plan limit 980
current timestep 236
num of flexible agents: 34
num of flexible tasks: 8
Solving time: 0.000319727 seconds
plan limit 980
current timestep 237
num of flexible agents: 35
num of flexible tasks: 9
Solving time: 0.000316455 seconds
plan limit 980
current timestep 238
num of flexible agents: 35
num of flexible tasks: 9
Solving time: 0.000283021 seconds
plan limit 980
current timestep 239
num of flexible agents: 38
num of flexible tasks: 11
Solving time: 0.000328238 seconds
plan limit 980
current timestep 240
num of flexible agents: 38
num of flexible tasks: 12
Solving time: 0.000352839 seconds
plan limit 980
current timestep 241
num of flexible agents: 38
num of flexible tasks: 13
Solving time: 0.000345511 seconds
plan limit 980
current timestep 242
num of flexible agents: 38
num of flexible tasks: 12
Solving time: 0.000296703 seconds
plan limit 980
current timestep 243
num of flexible agents: 36
num of flexible tasks: 11
Solving time: 0.000337111 seconds
plan limit 980
current timestep 244
num of flexible agents: 38
num of flexible tasks: 10
Solving time: 0.000297349 seconds
plan limit 980
current timestep 245
num of flexible agents: 36
num of flexible tasks: 9
Solving time: 0.000364582 seconds
plan limit 980
current timestep 246
num of flexible agents: 36
num of flexible tasks: 9
Solving time: 0.000309966 seconds
plan limit 980
current timestep 247
num of flexible agents: 36
num of flexible tasks: 10
Solving time: 0.000368855 seconds
plan limit 980
current timestep 248
num of flexible agents: 38
num of flexible tasks: 12
Solving time: 0.000351214 seconds
plan limit 980
current timestep 249
num of flexible agents: 38
num of flexible tasks: 12
Solving time: 0.000359282 seconds
plan limit 980
current timestep 250
num of flexible agents: 40
num of flexible tasks: 10
Solving time: 0.000309566 seconds
plan limit 980
current timestep 251
num of flexible agents: 40
num of flexible tasks: 9
Solving time: 0.000294003 seconds
plan limit 980
current timestep 252
num of flexible agents: 45
num of flexible tasks: 8
Solving time: 0.000284048 seconds
plan limit 980
current timestep 253
num of flexible agents: 46
num of flexible tasks: 6
Solving time: 0.00027534 seconds
plan limit 980
current timestep 254
num of flexible agents: 47
num of flexible tasks: 4
Solving time: 0.000245034 seconds
plan limit 980
current timestep 255
num of flexible agents: 46
num of flexible tasks: 1
Solving time: 0.000223433 seconds
plan limit 980
current timestep 256
num of flexible agents: 49
num of flexible tasks: 1
Solving time: 0.000232103 seconds
plan limit 980
current timestep 257
num of flexible agents: 50
num of flexible tasks: 1
Solving time: 0.00024395 seconds
plan limit 980
current timestep 258
num of flexible agents: 51
num of flexible tasks: 1
Solving time: 0.000238419 seconds
plan limit 980
current timestep 259
num of flexible agents: 50
num of flexible tasks: 0
Solving time: 0.000226066 seconds
plan limit 980
current timestep 260
num of flexible agents: 52
num of flexible tasks: 0
Solving time: 0.000227391 seconds
plan limit 980
current timestep 261
num of flexible agents: 56
num of flexible tasks: 0
Solving time: 0.000218164 seconds
plan limit 980
current timestep 262
num of flexible agents: 57
num of flexible tasks: 0
Solving time: 0.000236283 seconds
plan limit 980
current timestep 263
num of flexible agents: 62
num of flexible tasks: 0
Solving time: 0.000247161 seconds
plan limit 980
current timestep 264
num of flexible agents: 64
num of flexible tasks: 0
Solving time: 0.000221205 seconds
plan limit 980
current timestep 265
num of flexible agents: 64
num of flexible tasks: 0
Solving time: 0.00021483 seconds
plan limit 980
current timestep 266
num of flexible agents: 64
num of flexible tasks: 0
Solving time: 0.000228405 seconds
plan limit 980
current timestep 267
num of flexible agents: 66
num of flexible tasks: 0
Solving time: 0.000234278 seconds
plan limit 980
current timestep 268
num of flexible agents: 67
num of flexible tasks: 0
Solving time: 0.000263308 seconds
plan limit 980
current timestep 269
num of flexible agents: 69
num of flexible tasks: 0
Solving time: 0.000202574 seconds
plan limit 980
current timestep 270
num of flexible agents: 70
num of flexible tasks: 0
Solving time: 0.000227048 seconds
plan limit 980
current timestep 271
num of flexible agents: 72
num of flexible tasks: 0
Solving time: 0.000223511 seconds
plan limit 980
current timestep 272
num of flexible agents: 73
num of flexible tasks: 0
Solving time: 0.000218771 seconds
plan limit 980
current timestep 273
num of flexible agents: 73
num of flexible tasks: 0
Solving time: 0.000220752 seconds
plan limit 980
current timestep 274
num of flexible agents: 73
num of flexible tasks: 0
Solving time: 0.00022384 seconds
plan limit 980
current timestep 275
num of flexible agents: 74
num of flexible tasks: 0
Solving time: 0.000230105 seconds
plan limit 980
current timestep 276
num of flexible agents: 75
num of flexible tasks: 0
Solving time: 0.000244072 seconds
plan limit 980
current timestep 277
num of flexible agents: 75
num of flexible tasks: 0
Solving time: 0.000243728 seconds
plan limit 980
current timestep 278
num of flexible agents: 76
num of flexible tasks: 0
Solving time: 0.000240752 seconds
plan limit 980
current timestep 279
num of flexible agents: 76
num of flexible tasks: 0
Solving time: 0.00026376 seconds
plan limit 980
current timestep 280
num of flexible agents: 77
num of flexible tasks: 0
Solving time: 0.000246715 seconds
plan limit 980
current timestep 281
num of flexible agents: 77
num of flexible tasks: 0
Solving time: 0.000218225 seconds
plan limit 980
current timestep 282
num of flexible agents: 77
num of flexible tasks: 0
Solving time: 0.000222521 seconds
plan limit 980
current timestep 283
num of flexible agents: 78
num of flexible tasks: 0
Solving time: 0.00024228 seconds
plan limit 980
current timestep 284
num of flexible agents: 78
num of flexible tasks: 0
Solving time: 0.000256038 seconds
plan limit 980
current timestep 285
num of flexible agents: 79
num of flexible tasks: 0
Solving time: 0.000232369 seconds
plan limit 980
All tasks finished at timestep 286
