current timestep 0
num of flexible agents: 80
num of flexible tasks: 2
Solving time: 0.00031217 seconds
plan limit 980
current timestep 1
num of flexible agents: 79
num of flexible tasks: 3
Solving time: 0.00028244 seconds
plan limit 980
current timestep 2
num of flexible agents: 78
num of flexible tasks: 4
Solving time: 0.00029843 seconds
plan limit 980
current timestep 3
num of flexible agents: 78
num of flexible tasks: 6
Solving time: 0.000280782 seconds
plan limit 980
current timestep 4
num of flexible agents: 76
num of flexible tasks: 6
Solving time: 0.000280837 seconds
plan limit 980
current timestep 5
num of flexible agents: 72
num of flexible tasks: 4
Solving time: 0.000238464 seconds
plan limit 980
current timestep 6
num of flexible agents: 71
num of flexible tasks: 5
Solving time: 0.000277341 seconds
plan limit 980
current timestep 7
num of flexible agents: 70
num of flexible tasks: 6
Solving time: 0.000311193 seconds
plan limit 980
current timestep 8
num of flexible agents: 70
num of flexible tasks: 8
Solving time: 0.000349172 seconds
plan limit 980
current timestep 9
num of flexible agents: 71
num of flexible tasks: 10
Solving time: 0.000297351 seconds
plan limit 980
current timestep 10
num of flexible agents: 71
num of flexible tasks: 12
Solving time: 0.000301505 seconds
plan limit 980
current timestep 11
num of flexible agents: 67
num of flexible tasks: 10
Solving time: 0.000312936 seconds
plan limit 980
current timestep 12
num of flexible agents: 67
num of flexible tasks: 11
Solving time: 0.000292958 seconds
plan limit 980
current timestep 13
num of flexible agents: 65
num of flexible tasks: 11
Solving time: 0.000272247 seconds
plan limit 980
current timestep 14
num of flexible agents: 64
num of flexible tasks: 12
Solving time: 0.00032114 seconds
plan limit 980
current timestep 15
num of flexible agents: 62
num of flexible tasks: 12
Solving time: 0.000321182 seconds
plan limit 980
current timestep 16
num of flexible agents: 60
num of flexible tasks: 12
Solving time: 0.000342782 seconds
plan limit 980
current timestep 17
num of flexible agents: 58
num of flexible tasks: 12
Solving time: 0.000304185 seconds
plan limit 980
current timestep 18
num of flexible agents: 54
num of flexible tasks: 10
Solving time: 0.000342097 seconds
plan limit 980
current timestep 19
num of flexible agents: 53
num of flexible tasks: 10
Solving time: 0.000326651 seconds
plan limit 980
current timestep 20
num of flexible agents: 50
num of flexible tasks: 9
Solving time: 0.000281637 seconds
plan limit 980
current timestep 21
num of flexible agents: 48
num of flexible tasks: 8
Solving time: 0.000310272 seconds
plan limit 980
current timestep 22
num of flexible agents: 47
num of flexible tasks: 9
Solving time: 0.00033951 seconds
plan limit 980
current timestep 23
num of flexible agents: 49
num of flexible tasks: 11
Solving time: 0.00030541 seconds
plan limit 980
current timestep 24
num of flexible agents: 48
num of flexible tasks: 11
Solving time: 0.000309386 seconds
plan limit 980
current timestep 25
num of flexible agents: 46
num of flexible tasks: 11
Solving time: 0.000342117 seconds
plan limit 980
current timestep 26
num of flexible agents: 47
num of flexible tasks: 12
Solving time: 0.00029883 seconds
plan limit 980
current timestep 27
num of flexible agents: 45
num of flexible tasks: 12
Solving time: 0.000329322 seconds
plan limit 980
current timestep 28
num of flexible agents: 44
num of flexible tasks: 13
Solving time: 0.000377802 seconds
plan limit 980
current timestep 29
num of flexible agents: 43
num of flexible tasks: 13
Solving time: 0.000319501 seconds
plan limit 980
current timestep 30
num of flexible agents: 42
num of flexible tasks: 12
Solving time: 0.000313297 seconds
plan limit 980
current timestep 31
num of flexible agents: 41
num of flexible tasks: 12
Solving time: 0.000298982 seconds
plan limit 980
current timestep 32
num of flexible agents: 40
num of flexible tasks: 13
Solving time: 0.000272242 seconds
plan limit 980
current timestep 33
num of flexible agents: 38
num of flexible tasks: 12
Solving time: 0.000321152 seconds
plan limit 980
current timestep 34
num of flexible agents: 39
num of flexible tasks: 13
Solving time: 0.000313008 seconds
plan limit 980
current timestep 35
num of flexible agents: 44
num of flexible tasks: 15
Solving time: 0.000330971 seconds
plan limit 980
current timestep 36
num of flexible agents: 42
num of flexible tasks: 15
Solving time: 0.000281715 seconds
plan limit 980
current timestep 37
num of flexible agents: 37
num of flexible tasks: 11
Solving time: 0.00027618 seconds
plan limit 980
current timestep 38
num of flexible agents: 36
num of flexible tasks: 11
Solving time: 0.000294088 seconds
plan limit 980
current timestep 39
num of flexible agents: 36
num of flexible tasks: 12
Solving time: 0.000353707 seconds
plan limit 980
current timestep 40
num of flexible agents: 36
num of flexible tasks: 12
Solving time: 0.000321124 seconds
plan limit 980
current timestep 41
num of flexible agents: 37
num of flexible tasks: 13
Solving time: 0.000291667 seconds
plan limit 980
current timestep 42
num of flexible agents: 38
num of flexible tasks: 14
Solving time: 0.000292445 seconds
plan limit 980
current timestep 43
num of flexible agents: 37
num of flexible tasks: 14
Solving time: 0.000297219 seconds
plan limit 980
current timestep 44
num of flexible agents: 34
num of flexible tasks: 12
Solving time: 0.000325422 seconds
plan limit 980
current timestep 45
num of flexible agents: 35
num of flexible tasks: 12
Solving time: 0.000249299 seconds
plan limit 980
current timestep 46
num of flexible agents: 35
num of flexible tasks: 10
Solving time: 0.000263775 seconds
plan limit 980
current timestep 47
num of flexible agents: 35
num of flexible tasks: 11
Solving time: 0.000317211 seconds
plan limit 980
current timestep 48
num of flexible agents: 35
num of flexible tasks: 11
Solving time: 0.000271708 seconds
plan limit 980
current timestep 49
num of flexible agents: 34
num of flexible tasks: 10
Solving time: 0.000289778 seconds
plan limit 980
current timestep 50
num of flexible agents: 33
num of flexible tasks: 10
Solving time: 0.000287814 seconds
plan limit 980
current timestep 51
num of flexible agents: 33
num of flexible tasks: 9
Solving time: 0.000258668 seconds
plan limit 980
current timestep 52
num of flexible agents: 34
num of flexible tasks: 9
Solving time: 0.000294157 seconds
plan limit 980
current timestep 53
num of flexible agents: 38
num of flexible tasks: 9
Solving time: 0.000302406 seconds
plan limit 980
current timestep 54
num of flexible agents: 39
num of flexible tasks: 9
Solving time: 0.000278127 seconds
plan limit 980
current timestep 55
num of flexible agents: 40
num of flexible tasks: 10
Solving time: 0.000275887 seconds
plan limit 980
current timestep 56
num of flexible agents: 41
num of flexible tasks: 11
Solving time: 0.000281109 seconds
plan limit 980
current timestep 57
num of flexible agents: 44
num of flexible tasks: 13
Solving time: 0.000318282 seconds
plan limit 980
current timestep 58
num of flexible agents: 44
num of flexible tasks: 13
Solving time: 0.00027588 seconds
plan limit 980
current timestep 59
num of flexible agents: 44
num of flexible tasks: 13
Solving time: 0.000255851 seconds
plan limit 980
current timestep 60
num of flexible agents: 42
num of flexible tasks: 12
Solving time: 0.000275267 seconds
plan limit 980
current timestep 61
num of flexible agents: 42
num of flexible tasks: 10
Solving time: 0.000280874 seconds
plan limit 980
current timestep 62
num of flexible agents: 41
num of flexible tasks: 9
Solving time: 0.00025556 seconds
plan limit 980
current timestep 63
num of flexible agents: 41
num of flexible tasks: 7
Solving time: 0.000267903 seconds
plan limit 980
current timestep 64
num of flexible agents: 41
num of flexible tasks: 8
Solving time: 0.000234202 seconds
plan limit 980
current timestep 65
num of flexible agents: 41
num of flexible tasks: 8
Solving time: 0.000240375 seconds
plan limit 980
current timestep 66
num of flexible agents: 43
num of flexible tasks: 9
Solving time: 0.000240371 seconds
plan limit 980
current timestep 67
num of flexible agents: 43
num of flexible tasks: 10
Solving time: 0.000259692 seconds
plan limit 980
current timestep 68
num of flexible agents: 45
num of flexible tasks: 9
Solving time: 0.000277874 seconds
plan limit 980
current timestep 69
num of flexible agents: 40
num of flexible tasks: 4
Solving time: 0.000236982 seconds
plan limit 980
current timestep 70
num of flexible agents: 40
num of flexible tasks: 5
Solving time: 0.000252853 seconds
plan limit 980
current timestep 71
num of flexible agents: 40
num of flexible tasks: 4
Solving time: 0.000244302 seconds
plan limit 980
current timestep 72
num of flexible agents: 41
num of flexible tasks: 4
Solving time: 0.000241233 seconds
plan limit 980
current timestep 73
num of flexible agents: 41
num of flexible tasks: 6
Solving time: 0.000234801 seconds
plan limit 980
current timestep 74
num of flexible agents: 45
num of flexible tasks: 7
Solving time: 0.000234797 seconds
plan limit 980
current timestep 75
num of flexible agents: 46
num of flexible tasks: 7
Solving time: 0.000247627 seconds
plan limit 980
current timestep 76
num of flexible agents: 43
num of flexible tasks: 5
Solving time: 0.000256735 seconds
plan limit 980
current timestep 77
num of flexible agents: 42
num of flexible tasks: 4
Solving time: 0.000261321 seconds
plan limit 980
current timestep 78
num of flexible agents: 44
num of flexible tasks: 4
Solving time: 0.000257631 seconds
plan limit 980
current timestep 79
num of flexible agents: 46
num of flexible tasks: 6
Solving time: 0.000248378 seconds
plan limit 980
current timestep 80
num of flexible agents: 43
num of flexible tasks: 5
Solving time: 0.000273164 seconds
plan limit 980
current timestep 81
num of flexible agents: 43
num of flexible tasks: 6
Solving time: 0.000250817 seconds
plan limit 980
current timestep 82
num of flexible agents: 41
num of flexible tasks: 6
Solving time: 0.000228603 seconds
plan limit 980
current timestep 83
num of flexible agents: 40
num of flexible tasks: 6
Solving time: 0.000267288 seconds
plan limit 980
current timestep 84
num of flexible agents: 41
num of flexible tasks: 7
Solving time: 0.000273018 seconds
plan limit 980
current timestep 85
num of flexible agents: 40
num of flexible tasks: 7
Solving time: 0.000241394 seconds
plan limit 980
current timestep 86
num of flexible agents: 40
num of flexible tasks: 6
Solving time: 0.000273945 seconds
plan limit 980
current timestep 87
num of flexible agents: 40
num of flexible tasks: 6
Solving time: 0.00027128 seconds
plan limit 980
current timestep 88
num of flexible agents: 38
num of flexible tasks: 6
Solving time: 0.000277891 seconds
plan limit 980
current timestep 89
num of flexible agents: 39
num of flexible tasks: 8
Solving time: 0.000278622 seconds
plan limit 980
current timestep 90
num of flexible agents: 38
num of flexible tasks: 9
Solving time: 0.000284808 seconds
plan limit 980
current timestep 91
num of flexible agents: 40
num of flexible tasks: 10
Solving time: 0.000314902 seconds
plan limit 980
current timestep 92
num of flexible agents: 42
num of flexible tasks: 11
Solving time: 0.000291978 seconds
plan limit 980
current timestep 93
num of flexible agents: 43
num of flexible tasks: 11
Solving time: 0.000266983 seconds
plan limit 980
current timestep 94
num of flexible agents: 44
num of flexible tasks: 13
Solving time: 0.000310125 seconds
plan limit 980
current timestep 95
num of flexible agents: 44
num of flexible tasks: 13
Solving time: 0.000293749 seconds
plan limit 980
current timestep 96
num of flexible agents: 45
num of flexible tasks: 12
Solving time: 0.00029148 seconds
plan limit 980
current timestep 97
num of flexible agents: 42
num of flexible tasks: 10
Solving time: 0.000357437 seconds
plan limit 980
current timestep 98
num of flexible agents: 44
num of flexible tasks: 11
Solving time: 0.000275336 seconds
plan limit 980
current timestep 99
num of flexible agents: 43
num of flexible tasks: 10
Solving time: 0.00030451 seconds
plan limit 980
current timestep 100
num of flexible agents: 43
num of flexible tasks: 11
Solving time: 0.000296347 seconds
plan limit 980
current timestep 101
num of flexible agents: 41
num of flexible tasks: 11
Solving time: 0.000267344 seconds
plan limit 980
current timestep 102
num of flexible agents: 40
num of flexible tasks: 10
Solving time: 0.000289904 seconds
plan limit 980
current timestep 103
num of flexible agents: 41
num of flexible tasks: 10
Solving time: 0.000267881 seconds
plan limit 980
current timestep 104
num of flexible agents: 42
num of flexible tasks: 10
Solving time: 0.000247715 seconds
plan limit 980
current timestep 105
num of flexible agents: 41
num of flexible tasks: 8
Solving time: 0.000292109 seconds
plan limit 980
current timestep 106
num of flexible agents: 41
num of flexible tasks: 8
Solving time: 0.000242533 seconds
plan limit 980
current timestep 107
num of flexible agents: 40
num of flexible tasks: 8
Solving time: 0.000300938 seconds
plan limit 980
current timestep 108
num of flexible agents: 40
num of flexible tasks: 9
Solving time: 0.000302028 seconds
plan limit 980
current timestep 109
num of flexible agents: 41
num of flexible tasks: 10
Solving time: 0.000286942 seconds
plan limit 980
current timestep 110
num of flexible agents: 40
num of flexible tasks: 9
Solving time: 0.000279399 seconds
plan limit 980
current timestep 111
num of flexible agents: 42
num of flexible tasks: 11
Solving time: 0.000275333 seconds
plan limit 980
current timestep 112
num of flexible agents: 42
num of flexible tasks: 12
Solving time: 0.000311662 seconds
plan limit 980
current timestep 113
num of flexible agents: 40
num of flexible tasks: 11
Solving time: 0.000300681 seconds
plan limit 980
current timestep 114
num of flexible agents: 40
num of flexible tasks: 10
Solving time: 0.000298815 seconds
plan limit 980
current timestep 115
num of flexible agents: 35
num of flexible tasks: 7
Solving time: 0.000259569 seconds
plan limit 980
current timestep 116
num of flexible agents: 34
num of flexible tasks: 7
Solving time: 0.00026551 seconds
plan limit 980
current timestep 117
num of flexible agents: 32
num of flexible tasks: 6
Solving time: 0.000260151 seconds
plan limit 980
current timestep 118
num of flexible agents: 35
num of flexible tasks: 7
Solving time: 0.000262064 seconds
plan limit 980
current timestep 119
num of flexible agents: 33
num of flexible tasks: 7
Solving time: 0.000282751 seconds
plan limit 980
current timestep 120
num of flexible agents: 32
num of flexible tasks: 8
Solving time: 0.000287081 seconds
plan limit 980
current timestep 121
num of flexible agents: 30
num of flexible tasks: 7
Solving time: 0.0002482 seconds
plan limit 980
current timestep 122
num of flexible agents: 32
num of flexible tasks: 8
Solving time: 0.000239635 seconds
plan limit 980
current timestep 123
num of flexible agents: 33
num of flexible tasks: 8
Solving time: 0.000268357 seconds
plan limit 980
current timestep 124
num of flexible agents: 35
num of flexible tasks: 9
Solving time: 0.000276887 seconds
plan limit 980
current timestep 125
num of flexible agents: 36
num of flexible tasks: 10
Solving time: 0.000297262 seconds
plan limit 980
current timestep 126
num of flexible agents: 40
num of flexible tasks: 12
Solving time: 0.000276369 seconds
plan limit 980
current timestep 127
num of flexible agents: 36
num of flexible tasks: 9
Solving time: 0.000272413 seconds
plan limit 980
current timestep 128
num of flexible agents: 36
num of flexible tasks: 9
Solving time: 0.000317504 seconds
plan limit 980
current timestep 129
num of flexible agents: 36
num of flexible tasks: 8
Solving time: 0.000315988 seconds
plan limit 980
current timestep 130
num of flexible agents: 38
num of flexible tasks: 9
Solving time: 0.000270921 seconds
plan limit 980
current timestep 131
num of flexible agents: 39
num of flexible tasks: 10
Solving time: 0.000283421 seconds
plan limit 980
current timestep 132
num of flexible agents: 36
num of flexible tasks: 9
Solving time: 0.000262652 seconds
plan limit 980
current timestep 133
num of flexible agents: 38
num of flexible tasks: 9
Solving time: 0.000270639 seconds
plan limit 980
current timestep 134
num of flexible agents: 35
num of flexible tasks: 7
Solving time: 0.00029784 seconds
plan limit 980
current timestep 135
num of flexible agents: 36
num of flexible tasks: 7
Solving time: 0.000281342 seconds
plan limit 980
current timestep 136
num of flexible agents: 36
num of flexible tasks: 8
Solving time: 0.000271217 seconds
plan limit 980
current timestep 137
num of flexible agents: 36
num of flexible tasks: 9
Solving time: 0.000321285 seconds
plan limit 980
current timestep 138
num of flexible agents: 33
num of flexible tasks: 8
Solving time: 0.000272163 seconds
plan limit 980
current timestep 139
num of flexible agents: 32
num of flexible tasks: 7
Solving time: 0.000301683 seconds
plan limit 980
current timestep 140
num of flexible agents: 33
num of flexible tasks: 8
Solving time: 0.000319986 seconds
plan limit 980
current timestep 141
num of flexible agents: 34
num of flexible tasks: 9
Solving time: 0.000289727 seconds
plan limit 980
current timestep 142
num of flexible agents: 35
num of flexible tasks: 10
Solving time: 0.000268331 seconds
plan limit 980
current timestep 143
num of flexible agents: 37
num of flexible tasks: 10
Solving time: 0.000285367 seconds
plan limit 980
current timestep 144
num of flexible agents: 37
num of flexible tasks: 11
Solving time: 0.000257344 seconds
plan limit 980
current timestep 145
num of flexible agents: 35
num of flexible tasks: 10
Solving time: 0.000288458 seconds
plan limit 980
current timestep 146
num of flexible agents: 40
num of flexible tasks: 12
Solving time: 0.000300314 seconds
plan limit 980
current timestep 147
num of flexible agents: 36
num of flexible tasks: 9
Solving time: 0.000294934 seconds
plan limit 980
current timestep 148
num of flexible agents: 40
num of flexible tasks: 11
Solving time: 0.000286076 seconds
plan limit 980
current timestep 149
num of flexible agents: 44
num of flexible tasks: 12
Solving time: 0.000282338 seconds
plan limit 980
current timestep 150
num of flexible agents: 42
num of flexible tasks: 9
Solving time: 0.000264307 seconds
plan limit 980
current timestep 151
num of flexible agents: 44
num of flexible tasks: 9
Solving time: 0.000286909 seconds
plan limit 980
current timestep 152
num of flexible agents: 46
num of flexible tasks: 9
Solving time: 0.000301381 seconds
plan limit 980
current timestep 153
num of flexible agents: 45
num of flexible tasks: 8
Solving time: 0.00030962 seconds
plan limit 980
current timestep 154
num of flexible agents: 44
num of flexible tasks: 9
Solving time: 0.000270056 seconds
plan limit 980
current timestep 155
num of flexible agents: 45
num of flexible tasks: 9
Solving time: 0.000246478 seconds
plan limit 980
current timestep 156
num of flexible agents: 41
num of flexible tasks: 7
Solving time: 0.000247354 seconds
plan limit 980
current timestep 157
num of flexible agents: 42
num of flexible tasks: 8
Solving time: 0.000279879 seconds
plan limit 980
current timestep 158
num of flexible agents: 40
num of flexible tasks: 7
Solving time: 0.000266293 seconds
plan limit 980
current timestep 159
num of flexible agents: 39
num of flexible tasks: 7
Solving time: 0.000276512 seconds
plan limit 980
current timestep 160
num of flexible agents: 38
num of flexible tasks: 7
Solving time: 0.000290343 seconds
plan limit 980
current timestep 161
num of flexible agents: 39
num of flexible tasks: 9
Solving time: 0.000292148 seconds
plan limit 980
current timestep 162
num of flexible agents: 41
num of flexible tasks: 10
Solving time: 0.000305869 seconds
plan limit 980
current timestep 163
num of flexible agents: 41
num of flexible tasks: 11
Solving time: 0.000294616 seconds
plan limit 980
current timestep 164
num of flexible agents: 43
num of flexible tasks: 13
Solving time: 0.000278954 seconds
plan limit 980
current timestep 165
num of flexible agents: 40
num of flexible tasks: 10
Solving time: 0.000324779 seconds
plan limit 980
current timestep 166
num of flexible agents: 40
num of flexible tasks: 10
Solving time: 0.000308985 seconds
plan limit 980
current timestep 167
num of flexible agents: 39
num of flexible tasks: 9
Solving time: 0.000295608 seconds
plan limit 980
current timestep 168
num of flexible agents: 41
num of flexible tasks: 11
Solving time: 0.000278752 seconds
plan limit 980
current timestep 169
num of flexible agents: 40
num of flexible tasks: 11
Solving time: 0.000303918 seconds
plan limit 980
current timestep 170
num of flexible agents: 41
num of flexible tasks: 12
Solving time: 0.000273217 seconds
plan limit 980
current timestep 171
num of flexible agents: 39
num of flexible tasks: 9
Solving time: 0.00025461 seconds
plan limit 980
current timestep 172
num of flexible agents: 37
num of flexible tasks: 8
Solving time: 0.000265584 seconds
plan limit 980
current timestep 173
num of flexible agents: 38
num of flexible tasks: 9
Solving time: 0.000325246 seconds
plan limit 980
current timestep 174
num of flexible agents: 38
num of flexible tasks: 9
Solving time: 0.000284418 seconds
plan limit 980
current timestep 175
num of flexible agents: 42
num of flexible tasks: 10
Solving time: 0.000277962 seconds
plan limit 980
current timestep 176
num of flexible agents: 41
num of flexible tasks: 9
Solving time: 0.000262063 seconds
plan limit 980
current timestep 177
num of flexible agents: 40
num of flexible tasks: 10
Solving time: 0.000252542 seconds
plan limit 980
current timestep 178
num of flexible agents: 37
num of flexible tasks: 9
Solving time: 0.000278176 seconds
plan limit 980
current timestep 179
num of flexible agents: 36
num of flexible tasks: 7
Solving time: 0.000276551 seconds
plan limit 980
current timestep 180
num of flexible agents: 39
num of flexible tasks: 9
Solving time: 0.000256984 seconds
plan limit 980
current timestep 181
num of flexible agents: 39
num of flexible tasks: 9
Solving time: 0.000271805 seconds
plan limit 980
current timestep 182
num of flexible agents: 40
num of flexible tasks: 9
Solving time: 0.000256244 seconds
plan limit 980
current timestep 183
num of flexible agents: 36
num of flexible tasks: 6
Solving time: 0.000232774 seconds
plan limit 980
current timestep 184
num of flexible agents: 36
num of flexible tasks: 7
Solving time: 0.000250081 seconds
plan limit 980
current timestep 185
num of flexible agents: 37
num of flexible tasks: 7
Solving time: 0.000283391 seconds
plan limit 980
current timestep 186
num of flexible agents: 36
num of flexible tasks: 8
Solving time: 0.000268423 seconds
plan limit 980
current timestep 187
num of flexible agents: 38
num of flexible tasks: 8
Solving time: 0.000249256 seconds
plan limit 980
current timestep 188
num of flexible agents: 37
num of flexible tasks: 8
Solving time: 0.000263042 seconds
plan limit 980
current timestep 189
num of flexible agents: 36
num of flexible tasks: 7
Solving time: 0.000260946 seconds
plan limit 980
current timestep 190
num of flexible agents: 36
num of flexible tasks: 8
Solving time: 0.000274197 seconds
plan limit 980
current timestep 191
num of flexible agents: 35
num of flexible tasks: 8
Solving time: 0.000295964 seconds
plan limit 980
current timestep 192
num of flexible agents: 37
num of flexible tasks: 9
Solving time: 0.000352605 seconds
plan limit 980
current timestep 193
num of flexible agents: 37
num of flexible tasks: 10
Solving time: 0.000299717 seconds
plan limit 980
current timestep 194
num of flexible agents: 37
num of flexible tasks: 10
Solving time: 0.000294576 seconds
plan limit 980
current timestep 195
num of flexible agents: 38
num of flexible tasks: 9
Solving time: 0.000275731 seconds
plan limit 980
current timestep 196
num of flexible agents: 37
num of flexible tasks: 10
Solving time: 0.000299345 seconds
plan limit 980
current timestep 197
num of flexible agents: 38
num of flexible tasks: 11
Solving time: 0.000357937 seconds
plan limit 980
current timestep 198
num of flexible agents: 42
num of flexible tasks: 11
Solving time: 0.000314238 seconds
plan limit 980
current timestep 199
num of flexible agents: 44
num of flexible tasks: 12
Solving time: 0.00037082 seconds
plan limit 980
current timestep 200
num of flexible agents: 42
num of flexible tasks: 11
Solving time: 0.000305232 seconds
plan limit 980
current timestep 201
num of flexible agents: 40
num of flexible tasks: 11
Solving time: 0.00032887 seconds
plan limit 980
current timestep 202
num of flexible agents: 40
num of flexible tasks: 10
Solving time: 0.000327118 seconds
plan limit 980
current timestep 203
num of flexible agents: 40
num of flexible tasks: 9
Solving time: 0.000280087 seconds
plan limit 980
current timestep 204
num of flexible agents: 37
num of flexible tasks: 8
Solving time: 0.000308215 seconds
plan limit 980
current timestep 205
num of flexible agents: 38
num of flexible tasks: 8
Solving time: 0.000331786 seconds
plan limit 980
current timestep 206
num of flexible agents: 38
num of flexible tasks: 9
Solving time: 0.000330889 seconds
plan limit 980
current timestep 207
num of flexible agents: 38
num of flexible tasks: 9
Solving time: 0.000295837 seconds
plan limit 980
current timestep 208
num of flexible agents: 39
num of flexible tasks: 10
Solving time: 0.000302815 seconds
plan limit 980
current timestep 209
num of flexible agents: 39
num of flexible tasks: 11
Solving time: 0.00030284 seconds
plan limit 980
current timestep 210
num of flexible agents: 37
num of flexible tasks: 8
Solving time: 0.000273682 seconds
plan limit 980
current timestep 211
num of flexible agents: 38
num of flexible tasks: 7
Solving time: 0.0002836 seconds
plan limit 980
current timestep 212
num of flexible agents: 40
num of flexible tasks: 9
Solving time: 0.000278986 seconds
plan limit 980
current timestep 213
num of flexible agents: 41
num of flexible tasks: 8
Solving time: 0.000313459 seconds
plan limit 980
current timestep 214
num of flexible agents: 37
num of flexible tasks: 6
Solving time: 0.000280429 seconds
plan limit 980
current timestep 215
num of flexible agents: 34
num of flexible tasks: 5
Solving time: 0.000290928 seconds
plan limit 980
current timestep 216
num of flexible agents: 35
num of flexible tasks: 6
Solving time: 0.000284042 seconds
plan limit 980
current timestep 217
num of flexible agents: 37
num of flexible tasks: 7
Solving time: 0.000322018 seconds
plan limit 980
current timestep 218
num of flexible agents: 40
num of flexible tasks: 9
Solving time: 0.000298063 seconds
plan limit 980
current timestep 219
num of flexible agents: 40
num of flexible tasks: 10
Solving time: 0.000314275 seconds
plan limit 980
current timestep 220
num of flexible agents: 40
num of flexible tasks: 11
Solving time: 0.000271591 seconds
plan limit 980
current timestep 221
num of flexible agents: 40
num of flexible tasks: 12
Solving time: 0.000279222 seconds
plan limit 980
current timestep 222
num of flexible agents: 39
num of flexible tasks: 12
Solving time: 0.000309078 seconds
plan limit 980
current timestep 223
num of flexible agents: 37
num of flexible tasks: 10
Solving time: 0.000306701 seconds
plan limit 980
current timestep 224
num of flexible agents: 35
num of flexible tasks: 9
Solving time: 0.000368951 seconds
plan limit 980
current timestep 225
num of flexible agents: 33
num of flexible tasks: 9
Solving time: 0.000292855 seconds
plan limit 980
current timestep 226
num of flexible agents: 36
num of flexible tasks: 11
Solving time: 0.000320524 seconds
plan limit 980
current timestep 227
num of flexible agents: 36
num of flexible tasks: 11
Solving time: 0.000297882 seconds
plan limit 980
current timestep 228
num of flexible agents: 36
num of flexible tasks: 12
Solving time: 0.000266414 seconds
plan limit 980
current timestep 229
num of flexible agents: 35
num of flexible tasks: 11
Solving time: 0.00031074 seconds
plan limit 980
current timestep 230
num of flexible agents: 34
num of flexible tasks: 10
Solving time: 0.000286732 seconds
plan limit 980
current timestep 231
num of flexible agents: 38
num of flexible tasks: 11
Solving time: 0.00031552 seconds
plan limit 980
current timestep 232
num of flexible agents: 38
num of flexible tasks: 9
Solving time: 0.000305381 seconds
plan limit 980
current timestep 233
num of flexible agents: 39
num of flexible tasks: 11
Solving time: 0.000348677 seconds
plan limit 980
current timestep 234
num of flexible agents: 38
num of flexible tasks: 11
Solving time: 0.000255807 seconds
plan limit 980
current timestep 235
num of flexible agents: 40
num of flexible tasks: 12
Solving time: 0.000301086 seconds
plan limit 980
current timestep 236
num of flexible agents: 40
num of flexible tasks: 12
Solving time: 0.000322409 seconds
plan limit 980
current timestep 237
num of flexible agents: 42
num of flexible tasks: 14
Solving time: 0.00026185 seconds
plan limit 980
current timestep 238
num of flexible agents: 44
num of flexible tasks: 12
Solving time: 0.000292535 seconds
plan limit 980
current timestep 239
num of flexible agents: 41
num of flexible tasks: 11
Solving time: 0.000281622 seconds
plan limit 980
current timestep 240
num of flexible agents: 33
num of flexible tasks: 5
Solving time: 0.000257392 seconds
plan limit 980
current timestep 241
num of flexible agents: 34
num of flexible tasks: 5
Solving time: 0.000245594 seconds
plan limit 980
current timestep 242
num of flexible agents: 34
num of flexible tasks: 6
Solving time: 0.000286001 seconds
plan limit 980
current timestep 243
num of flexible agents: 35
num of flexible tasks: 7
Solving time: 0.000300784 seconds
plan limit 980
current timestep 244
num of flexible agents: 37
num of flexible tasks: 9
Solving time: 0.000313942 seconds
plan limit 980
current timestep 245
num of flexible agents: 39
num of flexible tasks: 10
Solving time: 0.000326965 seconds
plan limit 980
current timestep 246
num of flexible agents: 36
num of flexible tasks: 8
Solving time: 0.000266931 seconds
plan limit 980
current timestep 247
num of flexible agents: 37
num of flexible tasks: 10
Solving time: 0.000296745 seconds
plan limit 980
current timestep 248
num of flexible agents: 38
num of flexible tasks: 10
Solving time: 0.000301052 seconds
plan limit 980
current timestep 249
num of flexible agents: 36
num of flexible tasks: 9
Solving time: 0.000308768 seconds
plan limit 980
current timestep 250
num of flexible agents: 36
num of flexible tasks: 7
Solving time: 0.000307481 seconds
plan limit 980
current timestep 251
num of flexible agents: 39
num of flexible tasks: 7
Solving time: 0.000312893 seconds
plan limit 980
current timestep 252
num of flexible agents: 39
num of flexible tasks: 6
Solving time: 0.000286749 seconds
plan limit 980
current timestep 253
num of flexible agents: 41
num of flexible tasks: 6
Solving time: 0.000265341 seconds
plan limit 980
current timestep 254
num of flexible agents: 42
num of flexible tasks: 6
Solving time: 0.000268372 seconds
plan limit 980
current timestep 255
num of flexible agents: 44
num of flexible tasks: 3
Solving time: 0.000224124 seconds
plan limit 980
current timestep 256
num of flexible agents: 45
num of flexible tasks: 3
Solving time: 0.000241541 seconds
plan limit 980
current timestep 257
num of flexible agents: 47
num of flexible tasks: 3
Solving time: 0.000216539 seconds
plan limit 980
current timestep 258
num of flexible agents: 48
num of flexible tasks: 3
Solving time: 0.000226098 seconds
plan limit 980
current timestep 259
num of flexible agents: 51
num of flexible tasks: 2
Solving time: 0.000233655 seconds
plan limit 980
current timestep 260
num of flexible agents: 53
num of flexible tasks: 2
Solving time: 0.000236443 seconds
plan limit 980
current timestep 261
num of flexible agents: 57
num of flexible tasks: 2
Solving time: 0.00021132 seconds
plan limit 980
current timestep 262
num of flexible agents: 60
num of flexible tasks: 1
Solving time: 0.000218317 seconds
plan limit 980
current timestep 263
num of flexible agents: 60
num of flexible tasks: 1
Solving time: 0.000246115 seconds
plan limit 980
current timestep 264
num of flexible agents: 59
num of flexible tasks: 0
Solving time: 0.000197476 seconds
plan limit 980
current timestep 265
num of flexible agents: 60
num of flexible tasks: 0
Solving time: 0.000227261 seconds
plan limit 980
current timestep 266
num of flexible agents: 61
num of flexible tasks: 0
Solving time: 0.000218808 seconds
plan limit 980
current timestep 267
num of flexible agents: 62
num of flexible tasks: 0
Solving time: 0.000216743 seconds
plan limit 980
current timestep 268
num of flexible agents: 65
num of flexible tasks: 0
Solving time: 0.000229069 seconds
plan limit 980
current timestep 269
num of flexible agents: 66
num of flexible tasks: 0
Solving time: 0.000222607 seconds
plan limit 980
current timestep 270
num of flexible agents: 67
num of flexible tasks: 0
Solving time: 0.000224662 seconds
plan limit 980
current timestep 271
num of flexible agents: 68
num of flexible tasks: 0
Solving time: 0.000213113 seconds
plan limit 980
current timestep 272
num of flexible agents: 68
num of flexible tasks: 0
Solving time: 0.000225541 seconds
plan limit 980
current timestep 273
num of flexible agents: 69
num of flexible tasks: 0
Solving time: 0.000210759 seconds
plan limit 980
current timestep 274
num of flexible agents: 70
num of flexible tasks: 0
Solving time: 0.000212447 seconds
plan limit 980
current timestep 275
num of flexible agents: 70
num of flexible tasks: 0
Solving time: 0.000216209 seconds
plan limit 980
current timestep 276
num of flexible agents: 70
num of flexible tasks: 0
Solving time: 0.000222006 seconds
plan limit 980
current timestep 277
num of flexible agents: 72
num of flexible tasks: 0
Solving time: 0.000244882 seconds
plan limit 980
current timestep 278
num of flexible agents: 72
num of flexible tasks: 0
Solving time: 0.000250396 seconds
plan limit 980
current timestep 279
num of flexible agents: 74
num of flexible tasks: 0
Solving time: 0.000226977 seconds
plan limit 980
current timestep 280
num of flexible agents: 74
num of flexible tasks: 0
Solving time: 0.000217746 seconds
plan limit 980
current timestep 281
num of flexible agents: 76
num of flexible tasks: 0
Solving time: 0.00022483 seconds
plan limit 980
current timestep 282
num of flexible agents: 76
num of flexible tasks: 0
Solving time: 0.000218178 seconds
plan limit 980
current timestep 283
num of flexible agents: 76
num of flexible tasks: 0
Solving time: 0.000231805 seconds
plan limit 980
current timestep 284
num of flexible agents: 76
num of flexible tasks: 0
Solving time: 0.000212571 seconds
plan limit 980
current timestep 285
num of flexible agents: 76
num of flexible tasks: 0
Solving time: 0.000250287 seconds
plan limit 980
current timestep 286
num of flexible agents: 77
num of flexible tasks: 0
Solving time: 0.000259876 seconds
plan limit 980
current timestep 287
num of flexible agents: 77
num of flexible tasks: 0
Solving time: 0.000223897 seconds
plan limit 980
current timestep 288
num of flexible agents: 77
num of flexible tasks: 0
Solving time: 0.000223884 seconds
plan limit 980
current timestep 289
num of flexible agents: 78
num of flexible tasks: 0
Solving time: 0.000240935 seconds
plan limit 980
current timestep 290
num of flexible agents: 79
num of flexible tasks: 0
Solving time: 0.000211566 seconds
plan limit 980
current timestep 291
num of flexible agents: 79
num of flexible tasks: 0
Solving time: 0.000224237 seconds
plan limit 980
All tasks finished at timestep 292
