current timestep 0
num of flexible agents: 80
num of flexible tasks: 2
Solving time: 0.000318577 seconds
plan limit 980
current timestep 1
num of flexible agents: 80
num of flexible tasks: 4
Solving time: 0.000305196 seconds
plan limit 980
current timestep 2
num of flexible agents: 79
num of flexible tasks: 5
Solving time: 0.00028217 seconds
plan limit 980
current timestep 3
num of flexible agents: 78
num of flexible tasks: 6
Solving time: 0.000288917 seconds
plan limit 980
current timestep 4
num of flexible agents: 76
num of flexible tasks: 6
Solving time: 0.00031335 seconds
plan limit 980
current timestep 5
num of flexible agents: 75
num of flexible tasks: 7
Solving time: 0.000262195 seconds
plan limit 980
current timestep 6
num of flexible agents: 75
num of flexible tasks: 9
Solving time: 0.000291517 seconds
plan limit 980
current timestep 7
num of flexible agents: 74
num of flexible tasks: 10
Solving time: 0.000298848 seconds
plan limit 980
current timestep 8
num of flexible agents: 72
num of flexible tasks: 9
Solving time: 0.000344577 seconds
plan limit 980
current timestep 9
num of flexible agents: 72
num of flexible tasks: 11
Solving time: 0.000309157 seconds
plan limit 980
current timestep 10
num of flexible agents: 70
num of flexible tasks: 11
Solving time: 0.000315788 seconds
plan limit 980
current timestep 11
num of flexible agents: 70
num of flexible tasks: 12
Solving time: 0.000344023 seconds
plan limit 980
current timestep 12
num of flexible agents: 70
num of flexible tasks: 13
Solving time: 0.000327522 seconds
plan limit 980
current timestep 13
num of flexible agents: 69
num of flexible tasks: 13
Solving time: 0.000340397 seconds
plan limit 980
current timestep 14
num of flexible agents: 67
num of flexible tasks: 13
Solving time: 0.000346666 seconds
plan limit 980
current timestep 15
num of flexible agents: 65
num of flexible tasks: 13
Solving time: 0.000370611 seconds
plan limit 980
current timestep 16
num of flexible agents: 62
num of flexible tasks: 12
Solving time: 0.000343125 seconds
plan limit 980
current timestep 17
num of flexible agents: 61
num of flexible tasks: 13
Solving time: 0.000314439 seconds
plan limit 980
current timestep 18
num of flexible agents: 57
num of flexible tasks: 11
Solving time: 0.000314268 seconds
plan limit 980
current timestep 19
num of flexible agents: 55
num of flexible tasks: 11
Solving time: 0.000347904 seconds
plan limit 980
current timestep 20
num of flexible agents: 54
num of flexible tasks: 12
Solving time: 0.000360075 seconds
plan limit 980
current timestep 21
num of flexible agents: 52
num of flexible tasks: 12
Solving time: 0.000316292 seconds
plan limit 980
current timestep 22
num of flexible agents: 51
num of flexible tasks: 13
Solving time: 0.000346748 seconds
plan limit 980
current timestep 23
num of flexible agents: 50
num of flexible tasks: 14
Solving time: 0.000335131 seconds
plan limit 980
current timestep 24
num of flexible agents: 50
num of flexible tasks: 16
Solving time: 0.000397999 seconds
plan limit 980
current timestep 25
num of flexible agents: 50
num of flexible tasks: 16
Solving time: 0.00033686 seconds
plan limit 980
current timestep 26
num of flexible agents: 48
num of flexible tasks: 14
Solving time: 0.000332745 seconds
plan limit 980
current timestep 27
num of flexible agents: 46
num of flexible tasks: 13
Solving time: 0.000347416 seconds
plan limit 980
current timestep 28
num of flexible agents: 46
num of flexible tasks: 14
Solving time: 0.000319702 seconds
plan limit 980
current timestep 29
num of flexible agents: 43
num of flexible tasks: 13
Solving time: 0.000323359 seconds
plan limit 980
current timestep 30
num of flexible agents: 44
num of flexible tasks: 12
Solving time: 0.000321936 seconds
plan limit 980
current timestep 31
num of flexible agents: 46
num of flexible tasks: 13
Solving time: 0.000357058 seconds
plan limit 980
current timestep 32
num of flexible agents: 45
num of flexible tasks: 13
Solving time: 0.000275697 seconds
plan limit 980
current timestep 33
num of flexible agents: 42
num of flexible tasks: 11
Solving time: 0.000296688 seconds
plan limit 980
current timestep 34
num of flexible agents: 40
num of flexible tasks: 10
Solving time: 0.000290265 seconds
plan limit 980
current timestep 35
num of flexible agents: 38
num of flexible tasks: 9
Solving time: 0.000272993 seconds
plan limit 980
current timestep 36
num of flexible agents: 37
num of flexible tasks: 8
Solving time: 0.000279837 seconds
plan limit 980
current timestep 37
num of flexible agents: 38
num of flexible tasks: 10
Solving time: 0.000291958 seconds
plan limit 980
current timestep 38
num of flexible agents: 39
num of flexible tasks: 9
Solving time: 0.000255179 seconds
plan limit 980
current timestep 39
num of flexible agents: 37
num of flexible tasks: 8
Solving time: 0.000281893 seconds
plan limit 980
current timestep 40
num of flexible agents: 37
num of flexible tasks: 10
Solving time: 0.000265115 seconds
plan limit 980
current timestep 41
num of flexible agents: 36
num of flexible tasks: 10
Solving time: 0.000280863 seconds
plan limit 980
current timestep 42
num of flexible agents: 34
num of flexible tasks: 8
Solving time: 0.000272389 seconds
plan limit 980
current timestep 43
num of flexible agents: 36
num of flexible tasks: 8
Solving time: 0.000267281 seconds
plan limit 980
current timestep 44
num of flexible agents: 38
num of flexible tasks: 8
Solving time: 0.00029368 seconds
plan limit 980
current timestep 45
num of flexible agents: 38
num of flexible tasks: 8
Solving time: 0.000298891 seconds
plan limit 980
current timestep 46
num of flexible agents: 36
num of flexible tasks: 7
Solving time: 0.000300418 seconds
plan limit 980
current timestep 47
num of flexible agents: 36
num of flexible tasks: 8
Solving time: 0.000265593 seconds
plan limit 980
current timestep 48
num of flexible agents: 38
num of flexible tasks: 9
Solving time: 0.000276843 seconds
plan limit 980
current timestep 49
num of flexible agents: 39
num of flexible tasks: 9
Solving time: 0.000349377 seconds
plan limit 980
current timestep 50
num of flexible agents: 39
num of flexible tasks: 9
Solving time: 0.000270752 seconds
plan limit 980
current timestep 51
num of flexible agents: 36
num of flexible tasks: 6
Solving time: 0.000296534 seconds
plan limit 980
current timestep 52
num of flexible agents: 34
num of flexible tasks: 5
Solving time: 0.000278106 seconds
plan limit 980
current timestep 53
num of flexible agents: 35
num of flexible tasks: 7
Solving time: 0.000296148 seconds
plan limit 980
current timestep 54
num of flexible agents: 35
num of flexible tasks: 7
Solving time: 0.000293893 seconds
plan limit 980
current timestep 55
num of flexible agents: 38
num of flexible tasks: 9
Solving time: 0.000309804 seconds
plan limit 980
current timestep 56
num of flexible agents: 38
num of flexible tasks: 9
Solving time: 0.000275194 seconds
plan limit 980
current timestep 57
num of flexible agents: 39
num of flexible tasks: 7
Solving time: 0.000282264 seconds
plan limit 980
current timestep 58
num of flexible agents: 39
num of flexible tasks: 9
Solving time: 0.000264906 seconds
plan limit 980
current timestep 59
num of flexible agents: 39
num of flexible tasks: 9
Solving time: 0.000251361 seconds
plan limit 980
current timestep 60
num of flexible agents: 41
num of flexible tasks: 10
Solving time: 0.000296648 seconds
plan limit 980
current timestep 61
num of flexible agents: 39
num of flexible tasks: 10
Solving time: 0.000255494 seconds
plan limit 980
current timestep 62
num of flexible agents: 38
num of flexible tasks: 9
Solving time: 0.000280744 seconds
plan limit 980
current timestep 63
num of flexible agents: 40
num of flexible tasks: 10
Solving time: 0.000297066 seconds
plan limit 980
current timestep 64
num of flexible agents: 40
num of flexible tasks: 10
Solving time: 0.000241823 seconds
plan limit 980
current timestep 65
num of flexible agents: 37
num of flexible tasks: 7
Solving time: 0.000229154 seconds
plan limit 980
current timestep 66
num of flexible agents: 35
num of flexible tasks: 7
Solving time: 0.000276557 seconds
plan limit 980
current timestep 67
num of flexible agents: 35
num of flexible tasks: 7
Solving time: 0.000259686 seconds
plan limit 980
current timestep 68
num of flexible agents: 37
num of flexible tasks: 9
Solving time: 0.000310652 seconds
plan limit 980
current timestep 69
num of flexible agents: 35
num of flexible tasks: 8
Solving time: 0.000312948 seconds
plan limit 980
current timestep 70
num of flexible agents: 37
num of flexible tasks: 9
Solving time: 0.000283484 seconds
plan limit 980
current timestep 71
num of flexible agents: 37
num of flexible tasks: 10
Solving time: 0.000313144 seconds
plan limit 980
current timestep 72
num of flexible agents: 39
num of flexible tasks: 10
Solving time: 0.000266237 seconds
plan limit 980
current timestep 73
num of flexible agents: 37
num of flexible tasks: 9
Solving time: 0.000321308 seconds
plan limit 980
current timestep 74
num of flexible agents: 39
num of flexible tasks: 10
Solving time: 0.000298755 seconds
plan limit 980
current timestep 75
num of flexible agents: 41
num of flexible tasks: 8
Solving time: 0.000288742 seconds
plan limit 980
current timestep 76
num of flexible agents: 39
num of flexible tasks: 8
Solving time: 0.000285553 seconds
plan limit 980
current timestep 77
num of flexible agents: 39
num of flexible tasks: 9
Solving time: 0.000271334 seconds
plan limit 980
current timestep 78
num of flexible agents: 40
num of flexible tasks: 9
Solving time: 0.000269801 seconds
plan limit 980
current timestep 79
num of flexible agents: 39
num of flexible tasks: 7
Solving time: 0.000284297 seconds
plan limit 980
current timestep 80
num of flexible agents: 36
num of flexible tasks: 4
Solving time: 0.000254681 seconds
plan limit 980
current timestep 81
num of flexible agents: 38
num of flexible tasks: 6
Solving time: 0.00028347 seconds
plan limit 980
current timestep 82
num of flexible agents: 38
num of flexible tasks: 6
Solving time: 0.000291333 seconds
plan limit 980
current timestep 83
num of flexible agents: 38
num of flexible tasks: 7
Solving time: 0.000276509 seconds
plan limit 980
current timestep 84
num of flexible agents: 38
num of flexible tasks: 7
Solving time: 0.000273504 seconds
plan limit 980
current timestep 85
num of flexible agents: 36
num of flexible tasks: 7
Solving time: 0.000268424 seconds
plan limit 980
current timestep 86
num of flexible agents: 36
num of flexible tasks: 8
Solving time: 0.000272319 seconds
plan limit 980
current timestep 87
num of flexible agents: 36
num of flexible tasks: 9
Solving time: 0.000273726 seconds
plan limit 980
current timestep 88
num of flexible agents: 34
num of flexible tasks: 8
Solving time: 0.000280341 seconds
plan limit 980
current timestep 89
num of flexible agents: 36
num of flexible tasks: 9
Solving time: 0.000295381 seconds
plan limit 980
current timestep 90
num of flexible agents: 37
num of flexible tasks: 10
Solving time: 0.000292982 seconds
plan limit 980
current timestep 91
num of flexible agents: 39
num of flexible tasks: 10
Solving time: 0.000284878 seconds
plan limit 980
current timestep 92
num of flexible agents: 43
num of flexible tasks: 11
Solving time: 0.000247188 seconds
plan limit 980
current timestep 93
num of flexible agents: 41
num of flexible tasks: 9
Solving time: 0.000254539 seconds
plan limit 980
current timestep 94
num of flexible agents: 41
num of flexible tasks: 9
Solving time: 0.000258216 seconds
plan limit 980
current timestep 95
num of flexible agents: 40
num of flexible tasks: 7
Solving time: 0.000270731 seconds
plan limit 980
current timestep 96
num of flexible agents: 40
num of flexible tasks: 8
Solving time: 0.000277796 seconds
plan limit 980
current timestep 97
num of flexible agents: 38
num of flexible tasks: 7
Solving time: 0.000238467 seconds
plan limit 980
current timestep 98
num of flexible agents: 37
num of flexible tasks: 7
Solving time: 0.000254511 seconds
plan limit 980
current timestep 99
num of flexible agents: 40
num of flexible tasks: 8
Solving time: 0.000257188 seconds
plan limit 980
current timestep 100
num of flexible agents: 37
num of flexible tasks: 6
Solving time: 0.000256468 seconds
plan limit 980
current timestep 101
num of flexible agents: 35
num of flexible tasks: 5
Solving time: 0.000261343 seconds
plan limit 980
current timestep 102
num of flexible agents: 38
num of flexible tasks: 6
Solving time: 0.000242092 seconds
plan limit 980
current timestep 103
num of flexible agents: 40
num of flexible tasks: 8
Solving time: 0.000285562 seconds
plan limit 980
current timestep 104
num of flexible agents: 39
num of flexible tasks: 9
Solving time: 0.000286579 seconds
plan limit 980
current timestep 105
num of flexible agents: 41
num of flexible tasks: 11
Solving time: 0.000273597 seconds
plan limit 980
current timestep 106
num of flexible agents: 36
num of flexible tasks: 8
Solving time: 0.000295521 seconds
plan limit 980
current timestep 107
num of flexible agents: 37
num of flexible tasks: 9
Solving time: 0.000273008 seconds
plan limit 980
current timestep 108
num of flexible agents: 38
num of flexible tasks: 8
Solving time: 0.000272927 seconds
plan limit 980
current timestep 109
num of flexible agents: 38
num of flexible tasks: 8
Solving time: 0.000287272 seconds
plan limit 980
current timestep 110
num of flexible agents: 41
num of flexible tasks: 9
Solving time: 0.000286671 seconds
plan limit 980
current timestep 111
num of flexible agents: 41
num of flexible tasks: 9
Solving time: 0.000308318 seconds
plan limit 980
current timestep 112
num of flexible agents: 39
num of flexible tasks: 9
Solving time: 0.000317271 seconds
plan limit 980
current timestep 113
num of flexible agents: 39
num of flexible tasks: 8
Solving time: 0.000261977 seconds
plan limit 980
current timestep 114
num of flexible agents: 40
num of flexible tasks: 8
Solving time: 0.000278203 seconds
plan limit 980
current timestep 115
num of flexible agents: 39
num of flexible tasks: 6
Solving time: 0.000286878 seconds
plan limit 980
current timestep 116
num of flexible agents: 38
num of flexible tasks: 7
Solving time: 0.000269064 seconds
plan limit 980
current timestep 117
num of flexible agents: 39
num of flexible tasks: 9
Solving time: 0.000288087 seconds
plan limit 980
current timestep 118
num of flexible agents: 39
num of flexible tasks: 9
Solving time: 0.000308189 seconds
plan limit 980
current timestep 119
num of flexible agents: 38
num of flexible tasks: 8
Solving time: 0.000295647 seconds
plan limit 980
current timestep 120
num of flexible agents: 36
num of flexible tasks: 8
Solving time: 0.000298105 seconds
plan limit 980
current timestep 121
num of flexible agents: 37
num of flexible tasks: 10
Solving time: 0.000279771 seconds
plan limit 980
current timestep 122
num of flexible agents: 37
num of flexible tasks: 11
Solving time: 0.000259367 seconds
plan limit 980
current timestep 123
num of flexible agents: 36
num of flexible tasks: 12
Solving time: 0.000297586 seconds
plan limit 980
current timestep 124
num of flexible agents: 36
num of flexible tasks: 11
Solving time: 0.000277416 seconds
plan limit 980
current timestep 125
num of flexible agents: 34
num of flexible tasks: 10
Solving time: 0.000314936 seconds
plan limit 980
current timestep 126
num of flexible agents: 33
num of flexible tasks: 8
Solving time: 0.000308298 seconds
plan limit 980
current timestep 127
num of flexible agents: 30
num of flexible tasks: 7
Solving time: 0.000277451 seconds
plan limit 980
current timestep 128
num of flexible agents: 34
num of flexible tasks: 9
Solving time: 0.000351529 seconds
plan limit 980
current timestep 129
num of flexible agents: 34
num of flexible tasks: 9
Solving time: 0.000300206 seconds
plan limit 980
current timestep 130
num of flexible agents: 39
num of flexible tasks: 10
Solving time: 0.000303442 seconds
plan limit 980
current timestep 131
num of flexible agents: 40
num of flexible tasks: 10
Solving time: 0.000302464 seconds
plan limit 980
current timestep 132
num of flexible agents: 43
num of flexible tasks: 12
Solving time: 0.000315194 seconds
plan limit 980
current timestep 133
num of flexible agents: 42
num of flexible tasks: 11
Solving time: 0.000301919 seconds
plan limit 980
current timestep 134
num of flexible agents: 39
num of flexible tasks: 8
Solving time: 0.000259646 seconds
plan limit 980
current timestep 135
num of flexible agents: 39
num of flexible tasks: 9
Solving time: 0.000267537 seconds
plan limit 980
current timestep 136
num of flexible agents: 39
num of flexible tasks: 11
Solving time: 0.000264092 seconds
plan limit 980
current timestep 137
num of flexible agents: 38
num of flexible tasks: 10
Solving time: 0.000290422 seconds
plan limit 980
current timestep 138
num of flexible agents: 40
num of flexible tasks: 9
Solving time: 0.000269496 seconds
plan limit 980
current timestep 139
num of flexible agents: 40
num of flexible tasks: 8
Solving time: 0.000258804 seconds
plan limit 980
current timestep 140
num of flexible agents: 42
num of flexible tasks: 10
Solving time: 0.00027642 seconds
plan limit 980
current timestep 141
num of flexible agents: 39
num of flexible tasks: 8
Solving time: 0.000248903 seconds
plan limit 980
current timestep 142
num of flexible agents: 37
num of flexible tasks: 7
Solving time: 0.000245452 seconds
plan limit 980
current timestep 143
num of flexible agents: 35
num of flexible tasks: 6
Solving time: 0.000256523 seconds
plan limit 980
current timestep 144
num of flexible agents: 32
num of flexible tasks: 5
Solving time: 0.000264775 seconds
plan limit 980
current timestep 145
num of flexible agents: 34
num of flexible tasks: 7
Solving time: 0.000270324 seconds
plan limit 980
current timestep 146
num of flexible agents: 35
num of flexible tasks: 7
Solving time: 0.00031745 seconds
plan limit 980
current timestep 147
num of flexible agents: 34
num of flexible tasks: 6
Solving time: 0.000277184 seconds
plan limit 980
current timestep 148
num of flexible agents: 37
num of flexible tasks: 8
Solving time: 0.000314703 seconds
plan limit 980
current timestep 149
num of flexible agents: 40
num of flexible tasks: 9
Solving time: 0.000292066 seconds
plan limit 980
current timestep 150
num of flexible agents: 41
num of flexible tasks: 10
Solving time: 0.000336802 seconds
plan limit 980
current timestep 151
num of flexible agents: 39
num of flexible tasks: 10
Solving time: 0.00029271 seconds
plan limit 980
current timestep 152
num of flexible agents: 43
num of flexible tasks: 11
Solving time: 0.000311142 seconds
plan limit 980
current timestep 153
num of flexible agents: 43
num of flexible tasks: 10
Solving time: 0.000284121 seconds
plan limit 980
current timestep 154
num of flexible agents: 43
num of flexible tasks: 12
Solving time: 0.000293132 seconds
plan limit 980
current timestep 155
num of flexible agents: 45
num of flexible tasks: 11
Solving time: 0.000294454 seconds
plan limit 980
current timestep 156
num of flexible agents: 43
num of flexible tasks: 8
Solving time: 0.000267451 seconds
plan limit 980
current timestep 157
num of flexible agents: 43
num of flexible tasks: 7
Solving time: 0.000276734 seconds
plan limit 980
current timestep 158
num of flexible agents: 43
num of flexible tasks: 7
Solving time: 0.000301289 seconds
plan limit 980
current timestep 159
num of flexible agents: 41
num of flexible tasks: 6
Solving time: 0.000263072 seconds
plan limit 980
current timestep 160
num of flexible agents: 40
num of flexible tasks: 5
Solving time: 0.000265236 seconds
plan limit 980
current timestep 161
num of flexible agents: 41
num of flexible tasks: 7
Solving time: 0.000271868 seconds
plan limit 980
current timestep 162
num of flexible agents: 41
num of flexible tasks: 7
Solving time: 0.000260922 seconds
plan limit 980
current timestep 163
num of flexible agents: 40
num of flexible tasks: 8
Solving time: 0.000263113 seconds
plan limit 980
current timestep 164
num of flexible agents: 37
num of flexible tasks: 6
Solving time: 0.000268626 seconds
plan limit 980
current timestep 165
num of flexible agents: 35
num of flexible tasks: 6
Solving time: 0.000246923 seconds
plan limit 980
current timestep 166
num of flexible agents: 36
num of flexible tasks: 7
Solving time: 0.000283933 seconds
plan limit 980
current timestep 167
num of flexible agents: 38
num of flexible tasks: 9
Solving time: 0.000281414 seconds
plan limit 980
current timestep 168
num of flexible agents: 39
num of flexible tasks: 9
Solving time: 0.000259849 seconds
plan limit 980
current timestep 169
num of flexible agents: 37
num of flexible tasks: 8
Solving time: 0.000232135 seconds
plan limit 980
current timestep 170
num of flexible agents: 37
num of flexible tasks: 8
Solving time: 0.000273976 seconds
plan limit 980
current timestep 171
num of flexible agents: 35
num of flexible tasks: 8
Solving time: 0.000305352 seconds
plan limit 980
current timestep 172
num of flexible agents: 35
num of flexible tasks: 6
Solving time: 0.000295848 seconds
plan limit 980
current timestep 173
num of flexible agents: 37
num of flexible tasks: 7
Solving time: 0.000312998 seconds
plan limit 980
current timestep 174
num of flexible agents: 37
num of flexible tasks: 8
Solving time: 0.000291896 seconds
plan limit 980
current timestep 175
num of flexible agents: 36
num of flexible tasks: 7
Solving time: 0.000269419 seconds
plan limit 980
current timestep 176
num of flexible agents: 35
num of flexible tasks: 7
Solving time: 0.000241106 seconds
plan limit 980
current timestep 177
num of flexible agents: 35
num of flexible tasks: 7
Solving time: 0.000277023 seconds
plan limit 980
current timestep 178
num of flexible agents: 38
num of flexible tasks: 8
Solving time: 0.000248521 seconds
plan limit 980
current timestep 179
num of flexible agents: 38
num of flexible tasks: 8
Solving time: 0.000255574 seconds
plan limit 980
current timestep 180
num of flexible agents: 38
num of flexible tasks: 8
Solving time: 0.000260541 seconds
plan limit 980
current timestep 181
num of flexible agents: 37
num of flexible tasks: 7
Solving time: 0.000229894 seconds
plan limit 980
current timestep 182
num of flexible agents: 38
num of flexible tasks: 7
Solving time: 0.000277846 seconds
plan limit 980
current timestep 183
num of flexible agents: 37
num of flexible tasks: 5
Solving time: 0.000240718 seconds
plan limit 980
current timestep 184
num of flexible agents: 37
num of flexible tasks: 6
Solving time: 0.000283364 seconds
plan limit 980
current timestep 185
num of flexible agents: 37
num of flexible tasks: 6
Solving time: 0.000267296 seconds
plan limit 980
current timestep 186
num of flexible agents: 38
num of flexible tasks: 8
Solving time: 0.000265037 seconds
plan limit 980
current timestep 187
num of flexible agents: 41
num of flexible tasks: 10
Solving time: 0.000273119 seconds
plan limit 980
current timestep 188
num of flexible agents: 41
num of flexible tasks: 11
Solving time: 0.000263128 seconds
plan limit 980
current timestep 189
num of flexible agents: 40
num of flexible tasks: 10
Solving time: 0.000284566 seconds
plan limit 980
current timestep 190
num of flexible agents: 44
num of flexible tasks: 11
Solving time: 0.000256871 seconds
plan limit 980
current timestep 191
num of flexible agents: 44
num of flexible tasks: 11
Solving time: 0.000270167 seconds
plan limit 980
current timestep 192
num of flexible agents: 51
num of flexible tasks: 12
Solving time: 0.000265421 seconds
plan limit 980
current timestep 193
num of flexible agents: 48
num of flexible tasks: 10
Solving time: 0.000257403 seconds
plan limit 980
current timestep 194
num of flexible agents: 43
num of flexible tasks: 7
Solving time: 0.000253841 seconds
plan limit 980
current timestep 195
num of flexible agents: 46
num of flexible tasks: 8
Solving time: 0.00023468 seconds
plan limit 980
current timestep 196
num of flexible agents: 46
num of flexible tasks: 9
Solving time: 0.000242218 seconds
plan limit 980
current timestep 197
num of flexible agents: 43
num of flexible tasks: 7
Solving time: 0.000244195 seconds
plan limit 980
current timestep 198
num of flexible agents: 45
num of flexible tasks: 9
Solving time: 0.00028414 seconds
plan limit 980
current timestep 199
num of flexible agents: 42
num of flexible tasks: 7
Solving time: 0.00024877 seconds
plan limit 980
current timestep 200
num of flexible agents: 41
num of flexible tasks: 7
Solving time: 0.000305256 seconds
plan limit 980
current timestep 201
num of flexible agents: 44
num of flexible tasks: 9
Solving time: 0.000279329 seconds
plan limit 980
current timestep 202
num of flexible agents: 42
num of flexible tasks: 8
Solving time: 0.000241507 seconds
plan limit 980
current timestep 203
num of flexible agents: 45
num of flexible tasks: 9
Solving time: 0.000292477 seconds
plan limit 980
current timestep 204
num of flexible agents: 45
num of flexible tasks: 8
Solving time: 0.000296013 seconds
plan limit 980
current timestep 205
num of flexible agents: 46
num of flexible tasks: 9
Solving time: 0.00028711 seconds
plan limit 980
current timestep 206
num of flexible agents: 44
num of flexible tasks: 8
Solving time: 0.000291175 seconds
plan limit 980
current timestep 207
num of flexible agents: 44
num of flexible tasks: 9
Solving time: 0.000260035 seconds
plan limit 980
current timestep 208
num of flexible agents: 43
num of flexible tasks: 8
Solving time: 0.000267626 seconds
plan limit 980
current timestep 209
num of flexible agents: 43
num of flexible tasks: 9
Solving time: 0.000298496 seconds
plan limit 980
current timestep 210
num of flexible agents: 42
num of flexible tasks: 9
Solving time: 0.000259034 seconds
plan limit 980
current timestep 211
num of flexible agents: 42
num of flexible tasks: 9
Solving time: 0.000276041 seconds
plan limit 980
current timestep 212
num of flexible agents: 41
num of flexible tasks: 9
Solving time: 0.000290354 seconds
plan limit 980
current timestep 213
num of flexible agents: 42
num of flexible tasks: 11
Solving time: 0.00025278 seconds
plan limit 980
current timestep 214
num of flexible agents: 41
num of flexible tasks: 10
Solving time: 0.000280674 seconds
plan limit 980
current timestep 215
num of flexible agents: 41
num of flexible tasks: 11
Solving time: 0.000256292 seconds
plan limit 980
current timestep 216
num of flexible agents: 40
num of flexible tasks: 11
Solving time: 0.000284133 seconds
plan limit 980
current timestep 217
num of flexible agents: 38
num of flexible tasks: 10
Solving time: 0.000306393 seconds
plan limit 980
current timestep 218
num of flexible agents: 38
num of flexible tasks: 8
Solving time: 0.000294255 seconds
plan limit 980
current timestep 219
num of flexible agents: 41
num of flexible tasks: 10
Solving time: 0.000285524 seconds
plan limit 980
current timestep 220
num of flexible agents: 38
num of flexible tasks: 9
Solving time: 0.000299139 seconds
plan limit 980
current timestep 221
num of flexible agents: 37
num of flexible tasks: 9
Solving time: 0.000273504 seconds
plan limit 980
current timestep 222
num of flexible agents: 36
num of flexible tasks: 9
Solving time: 0.000276329 seconds
plan limit 980
current timestep 223
num of flexible agents: 37
num of flexible tasks: 11
Solving time: 0.000294439 seconds
plan limit 980
current timestep 224
num of flexible agents: 39
num of flexible tasks: 12
Solving time: 0.000298136 seconds
plan limit 980
current timestep 225
num of flexible agents: 37
num of flexible tasks: 10
Solving time: 0.000299585 seconds
plan limit 980
current timestep 226
num of flexible agents: 38
num of flexible tasks: 9
Solving time: 0.00028017 seconds
plan limit 980
current timestep 227
num of flexible agents: 41
num of flexible tasks: 9
Solving time: 0.000291259 seconds
plan limit 980
current timestep 228
num of flexible agents: 38
num of flexible tasks: 8
Solving time: 0.000271537 seconds
plan limit 980
current timestep 229
num of flexible agents: 40
num of flexible tasks: 9
Solving time: 0.000250676 seconds
plan limit 980
current timestep 230
num of flexible agents: 42
num of flexible tasks: 9
Solving time: 0.000295719 seconds
plan limit 980
current timestep 231
num of flexible agents: 39
num of flexible tasks: 8
Solving time: 0.000259732 seconds
plan limit 980
current timestep 232
num of flexible agents: 40
num of flexible tasks: 9
Solving time: 0.00027995 seconds
plan limit 980
current timestep 233
num of flexible agents: 41
num of flexible tasks: 9
Solving time: 0.000272116 seconds
plan limit 980
current timestep 234
num of flexible agents: 40
num of flexible tasks: 9
Solving time: 0.000272616 seconds
plan limit 980
current timestep 235
num of flexible agents: 42
num of flexible tasks: 9
Solving time: 0.000314115 seconds
plan limit 980
current timestep 236
num of flexible agents: 45
num of flexible tasks: 11
Solving time: 0.000336522 seconds
plan limit 980
current timestep 237
num of flexible agents: 44
num of flexible tasks: 11
Solving time: 0.000281532 seconds
plan limit 980
current timestep 238
num of flexible agents: 45
num of flexible tasks: 12
Solving time: 0.000302486 seconds
plan limit 980
current timestep 239
num of flexible agents: 46
num of flexible tasks: 12
Solving time: 0.000276625 seconds
plan limit 980
current timestep 240
num of flexible agents: 48
num of flexible tasks: 13
Solving time: 0.000286879 seconds
plan limit 980
current timestep 241
num of flexible agents: 47
num of flexible tasks: 13
Solving time: 0.000272219 seconds
plan limit 980
current timestep 242
num of flexible agents: 47
num of flexible tasks: 13
Solving time: 0.000276829 seconds
plan limit 980
current timestep 243
num of flexible agents: 48
num of flexible tasks: 14
Solving time: 0.000259975 seconds
plan limit 980
current timestep 244
num of flexible agents: 44
num of flexible tasks: 11
Solving time: 0.000285447 seconds
plan limit 980
current timestep 245
num of flexible agents: 45
num of flexible tasks: 11
Solving time: 0.00026654 seconds
plan limit 980
current timestep 246
num of flexible agents: 46
num of flexible tasks: 11
Solving time: 0.000247887 seconds
plan limit 980
current timestep 247
num of flexible agents: 44
num of flexible tasks: 10
Solving time: 0.000247967 seconds
plan limit 980
current timestep 248
num of flexible agents: 43
num of flexible tasks: 9
Solving time: 0.000250868 seconds
plan limit 980
current timestep 249
num of flexible agents: 42
num of flexible tasks: 8
Solving time: 0.00027444 seconds
plan limit 980
current timestep 250
num of flexible agents: 42
num of flexible tasks: 6
Solving time: 0.000240869 seconds
plan limit 980
current timestep 251
num of flexible agents: 44
num of flexible tasks: 5
Solving time: 0.000241618 seconds
plan limit 980
current timestep 252
num of flexible agents: 46
num of flexible tasks: 5
Solving time: 0.000264016 seconds
plan limit 980
current timestep 253
num of flexible agents: 50
num of flexible tasks: 5
Solving time: 0.000230502 seconds
plan limit 980
current timestep 254
num of flexible agents: 50
num of flexible tasks: 3
Solving time: 0.000259894 seconds
plan limit 980
current timestep 255
num of flexible agents: 51
num of flexible tasks: 2
Solving time: 0.000224109 seconds
plan limit 980
current timestep 256
num of flexible agents: 50
num of flexible tasks: 1
Solving time: 0.000208607 seconds
plan limit 980
current timestep 257
num of flexible agents: 52
num of flexible tasks: 0
Solving time: 0.000205458 seconds
plan limit 980
current timestep 258
num of flexible agents: 54
num of flexible tasks: 0
Solving time: 0.000206897 seconds
plan limit 980
current timestep 259
num of flexible agents: 57
num of flexible tasks: 0
Solving time: 0.000227042 seconds
plan limit 980
current timestep 260
num of flexible agents: 57
num of flexible tasks: 0
Solving time: 0.000191936 seconds
plan limit 980
current timestep 261
num of flexible agents: 57
num of flexible tasks: 0
Solving time: 0.000241134 seconds
plan limit 980
current timestep 262
num of flexible agents: 57
num of flexible tasks: 0
Solving time: 0.000206591 seconds
plan limit 980
current timestep 263
num of flexible agents: 58
num of flexible tasks: 0
Solving time: 0.000232927 seconds
plan limit 980
current timestep 264
num of flexible agents: 59
num of flexible tasks: 0
Solving time: 0.000207097 seconds
plan limit 980
current timestep 265
num of flexible agents: 62
num of flexible tasks: 0
Solving time: 0.000193094 seconds
plan limit 980
current timestep 266
num of flexible agents: 64
num of flexible tasks: 0
Solving time: 0.000201322 seconds
plan limit 980
current timestep 267
num of flexible agents: 65
num of flexible tasks: 0
Solving time: 0.000217971 seconds
plan limit 980
current timestep 268
num of flexible agents: 67
num of flexible tasks: 0
Solving time: 0.000228932 seconds
plan limit 980
current timestep 269
num of flexible agents: 69
num of flexible tasks: 0
Solving time: 0.000192516 seconds
plan limit 980
current timestep 270
num of flexible agents: 70
num of flexible tasks: 0
Solving time: 0.000208248 seconds
plan limit 980
current timestep 271
num of flexible agents: 70
num of flexible tasks: 0
Solving time: 0.000196901 seconds
plan limit 980
current timestep 272
num of flexible agents: 72
num of flexible tasks: 0
Solving time: 0.00020821 seconds
plan limit 980
current timestep 273
num of flexible agents: 72
num of flexible tasks: 0
Solving time: 0.000211821 seconds
plan limit 980
current timestep 274
num of flexible agents: 73
num of flexible tasks: 0
Solving time: 0.000197939 seconds
plan limit 980
current timestep 275
num of flexible agents: 75
num of flexible tasks: 0
Solving time: 0.000205738 seconds
plan limit 980
current timestep 276
num of flexible agents: 76
num of flexible tasks: 0
Solving time: 0.000213387 seconds
plan limit 980
current timestep 277
num of flexible agents: 77
num of flexible tasks: 0
Solving time: 0.00020603 seconds
plan limit 980
current timestep 278
num of flexible agents: 77
num of flexible tasks: 0
Solving time: 0.000197904 seconds
plan limit 980
current timestep 279
num of flexible agents: 78
num of flexible tasks: 0
Solving time: 0.000205356 seconds
plan limit 980
current timestep 280
num of flexible agents: 79
num of flexible tasks: 0
Solving time: 0.000202842 seconds
plan limit 980
current timestep 281
num of flexible agents: 79
num of flexible tasks: 0
Solving time: 0.00023833 seconds
plan limit 980
current timestep 282
num of flexible agents: 79
num of flexible tasks: 0
Solving time: 0.000201421 seconds
plan limit 980
All tasks finished at timestep 283
