current timestep 0
num of flexible agents: 80
num of flexible tasks: 2
Solving time: 0.000288345 seconds
plan limit 980
current timestep 1
num of flexible agents: 80
num of flexible tasks: 4
Solving time: 0.000282219 seconds
plan limit 980
current timestep 2
num of flexible agents: 80
num of flexible tasks: 6
Solving time: 0.000252188 seconds
plan limit 980
current timestep 3
num of flexible agents: 76
num of flexible tasks: 4
Solving time: 0.000224087 seconds
plan limit 980
current timestep 4
num of flexible agents: 75
num of flexible tasks: 5
Solving time: 0.000234114 seconds
plan limit 980
current timestep 5
num of flexible agents: 74
num of flexible tasks: 6
Solving time: 0.00027349 seconds
plan limit 980
current timestep 6
num of flexible agents: 72
num of flexible tasks: 6
Solving time: 0.000272072 seconds
plan limit 980
current timestep 7
num of flexible agents: 72
num of flexible tasks: 8
Solving time: 0.000333629 seconds
plan limit 980
current timestep 8
num of flexible agents: 70
num of flexible tasks: 8
Solving time: 0.000282344 seconds
plan limit 980
current timestep 9
num of flexible agents: 69
num of flexible tasks: 9
Solving time: 0.000313594 seconds
plan limit 980
current timestep 10
num of flexible agents: 68
num of flexible tasks: 10
Solving time: 0.000289854 seconds
plan limit 980
current timestep 11
num of flexible agents: 67
num of flexible tasks: 11
Solving time: 0.00034545 seconds
plan limit 980
current timestep 12
num of flexible agents: 67
num of flexible tasks: 13
Solving time: 0.000324806 seconds
plan limit 980
current timestep 13
num of flexible agents: 68
num of flexible tasks: 15
Solving time: 0.000304311 seconds
plan limit 980
current timestep 14
num of flexible agents: 64
num of flexible tasks: 13
Solving time: 0.000290934 seconds
plan limit 980
current timestep 15
num of flexible agents: 60
num of flexible tasks: 11
Solving time: 0.000303848 seconds
plan limit 980
current timestep 16
num of flexible agents: 58
num of flexible tasks: 10
Solving time: 0.000301378 seconds
plan limit 980
current timestep 17
num of flexible agents: 58
num of flexible tasks: 12
Solving time: 0.000293355 seconds
plan limit 980
current timestep 18
num of flexible agents: 55
num of flexible tasks: 10
Solving time: 0.000316434 seconds
plan limit 980
current timestep 19
num of flexible agents: 53
num of flexible tasks: 9
Solving time: 0.000272674 seconds
plan limit 980
current timestep 20
num of flexible agents: 53
num of flexible tasks: 9
Solving time: 0.000280186 seconds
plan limit 980
current timestep 21
num of flexible agents: 52
num of flexible tasks: 10
Solving time: 0.000280443 seconds
plan limit 980
current timestep 22
num of flexible agents: 51
num of flexible tasks: 10
Solving time: 0.000269206 seconds
plan limit 980
current timestep 23
num of flexible agents: 49
num of flexible tasks: 10
Solving time: 0.000363242 seconds
plan limit 980
current timestep 24
num of flexible agents: 49
num of flexible tasks: 10
Solving time: 0.000308403 seconds
plan limit 980
current timestep 25
num of flexible agents: 47
num of flexible tasks: 9
Solving time: 0.000327225 seconds
plan limit 980
current timestep 26
num of flexible agents: 47
num of flexible tasks: 10
Solving time: 0.000306499 seconds
plan limit 980
current timestep 27
num of flexible agents: 44
num of flexible tasks: 9
Solving time: 0.000299426 seconds
plan limit 980
current timestep 28
num of flexible agents: 44
num of flexible tasks: 10
Solving time: 0.000293325 seconds
plan limit 980
current timestep 29
num of flexible agents: 48
num of flexible tasks: 12
Solving time: 0.000359918 seconds
plan limit 980
current timestep 30
num of flexible agents: 47
num of flexible tasks: 11
Solving time: 0.000312514 seconds
plan limit 980
current timestep 31
num of flexible agents: 46
num of flexible tasks: 11
Solving time: 0.000314843 seconds
plan limit 980
current timestep 32
num of flexible agents: 44
num of flexible tasks: 11
Solving time: 0.000277052 seconds
plan limit 980
current timestep 33
num of flexible agents: 46
num of flexible tasks: 13
Solving time: 0.000298077 seconds
plan limit 980
current timestep 34
num of flexible agents: 45
num of flexible tasks: 13
Solving time: 0.000288797 seconds
plan limit 980
current timestep 35
num of flexible agents: 41
num of flexible tasks: 11
Solving time: 0.000274154 seconds
plan limit 980
current timestep 36
num of flexible agents: 38
num of flexible tasks: 10
Solving time: 0.000277872 seconds
plan limit 980
current timestep 37
num of flexible agents: 34
num of flexible tasks: 7
Solving time: 0.000264638 seconds
plan limit 980
current timestep 38
num of flexible agents: 38
num of flexible tasks: 8
Solving time: 0.000235685 seconds
plan limit 980
current timestep 39
num of flexible agents: 38
num of flexible tasks: 7
Solving time: 0.000260493 seconds
plan limit 980
current timestep 40
num of flexible agents: 39
num of flexible tasks: 9
Solving time: 0.000267582 seconds
plan limit 980
current timestep 41
num of flexible agents: 36
num of flexible tasks: 8
Solving time: 0.000278541 seconds
plan limit 980
current timestep 42
num of flexible agents: 34
num of flexible tasks: 8
Solving time: 0.000296506 seconds
plan limit 980
current timestep 43
num of flexible agents: 34
num of flexible tasks: 8
Solving time: 0.000325745 seconds
plan limit 980
current timestep 44
num of flexible agents: 34
num of flexible tasks: 9
Solving time: 0.000292075 seconds
plan limit 980
current timestep 45
num of flexible agents: 34
num of flexible tasks: 10
Solving time: 0.000347117 seconds
plan limit 980
current timestep 46
num of flexible agents: 34
num of flexible tasks: 12
Solving time: 0.000317607 seconds
plan limit 980
current timestep 47
num of flexible agents: 34
num of flexible tasks: 11
Solving time: 0.000351393 seconds
plan limit 980
current timestep 48
num of flexible agents: 39
num of flexible tasks: 13
Solving time: 0.00032323 seconds
plan limit 980
current timestep 49
num of flexible agents: 39
num of flexible tasks: 14
Solving time: 0.000349277 seconds
plan limit 980
current timestep 50
num of flexible agents: 39
num of flexible tasks: 13
Solving time: 0.000307307 seconds
plan limit 980
current timestep 51
num of flexible agents: 38
num of flexible tasks: 13
Solving time: 0.000367859 seconds
plan limit 980
current timestep 52
num of flexible agents: 39
num of flexible tasks: 14
Solving time: 0.000353388 seconds
plan limit 980
current timestep 53
num of flexible agents: 37
num of flexible tasks: 10
Solving time: 0.00030781 seconds
plan limit 980
current timestep 54
num of flexible agents: 35
num of flexible tasks: 10
Solving time: 0.000301798 seconds
plan limit 980
current timestep 55
num of flexible agents: 34
num of flexible tasks: 10
Solving time: 0.000310509 seconds
plan limit 980
current timestep 56
num of flexible agents: 34
num of flexible tasks: 10
Solving time: 0.000289016 seconds
plan limit 980
current timestep 57
num of flexible agents: 32
num of flexible tasks: 8
Solving time: 0.000274601 seconds
plan limit 980
current timestep 58
num of flexible agents: 30
num of flexible tasks: 8
Solving time: 0.000327796 seconds
plan limit 980
current timestep 59
num of flexible agents: 29
num of flexible tasks: 8
Solving time: 0.000293739 seconds
plan limit 980
current timestep 60
num of flexible agents: 31
num of flexible tasks: 10
Solving time: 0.000324739 seconds
plan limit 980
current timestep 61
num of flexible agents: 35
num of flexible tasks: 11
Solving time: 0.000357302 seconds
plan limit 980
current timestep 62
num of flexible agents: 34
num of flexible tasks: 11
Solving time: 0.000263144 seconds
plan limit 980
current timestep 63
num of flexible agents: 35
num of flexible tasks: 11
Solving time: 0.000324467 seconds
plan limit 980
current timestep 64
num of flexible agents: 34
num of flexible tasks: 9
Solving time: 0.00027884 seconds
plan limit 980
current timestep 65
num of flexible agents: 34
num of flexible tasks: 8
Solving time: 0.000314274 seconds
plan limit 980
current timestep 66
num of flexible agents: 35
num of flexible tasks: 9
Solving time: 0.000288393 seconds
plan limit 980
current timestep 67
num of flexible agents: 34
num of flexible tasks: 9
Solving time: 0.00029726 seconds
plan limit 980
current timestep 68
num of flexible agents: 32
num of flexible tasks: 9
Solving time: 0.000275874 seconds
plan limit 980
current timestep 69
num of flexible agents: 34
num of flexible tasks: 11
Solving time: 0.000274661 seconds
plan limit 980
current timestep 70
num of flexible agents: 33
num of flexible tasks: 10
Solving time: 0.000324369 seconds
plan limit 980
current timestep 71
num of flexible agents: 30
num of flexible tasks: 8
Solving time: 0.000264872 seconds
plan limit 980
current timestep 72
num of flexible agents: 32
num of flexible tasks: 9
Solving time: 0.000290019 seconds
plan limit 980
current timestep 73
num of flexible agents: 35
num of flexible tasks: 9
Solving time: 0.000258232 seconds
plan limit 980
current timestep 74
num of flexible agents: 35
num of flexible tasks: 7
Solving time: 0.00028862 seconds
plan limit 980
current timestep 75
num of flexible agents: 37
num of flexible tasks: 9
Solving time: 0.000320468 seconds
plan limit 980
current timestep 76
num of flexible agents: 36
num of flexible tasks: 9
Solving time: 0.000268316 seconds
plan limit 980
current timestep 77
num of flexible agents: 37
num of flexible tasks: 10
Solving time: 0.00035762 seconds
plan limit 980
current timestep 78
num of flexible agents: 37
num of flexible tasks: 9
Solving time: 0.000337071 seconds
plan limit 980
current timestep 79
num of flexible agents: 39
num of flexible tasks: 10
Solving time: 0.000355096 seconds
plan limit 980
current timestep 80
num of flexible agents: 42
num of flexible tasks: 11
Solving time: 0.000290685 seconds
plan limit 980
current timestep 81
num of flexible agents: 42
num of flexible tasks: 12
Solving time: 0.000339822 seconds
plan limit 980
current timestep 82
num of flexible agents: 39
num of flexible tasks: 11
Solving time: 0.000307677 seconds
plan limit 980
current timestep 83
num of flexible agents: 39
num of flexible tasks: 10
Solving time: 0.00029055 seconds
plan limit 980
current timestep 84
num of flexible agents: 39
num of flexible tasks: 10
Solving time: 0.000303361 seconds
plan limit 980
current timestep 85
num of flexible agents: 38
num of flexible tasks: 9
Solving time: 0.00028029 seconds
plan limit 980
current timestep 86
num of flexible agents: 38
num of flexible tasks: 9
Solving time: 0.000257398 seconds
plan limit 980
current timestep 87
num of flexible agents: 36
num of flexible tasks: 7
Solving time: 0.000328171 seconds
plan limit 980
current timestep 88
num of flexible agents: 35
num of flexible tasks: 6
Solving time: 0.000261596 seconds
plan limit 980
current timestep 89
num of flexible agents: 33
num of flexible tasks: 6
Solving time: 0.000272753 seconds
plan limit 980
current timestep 90
num of flexible agents: 32
num of flexible tasks: 6
Solving time: 0.000285244 seconds
plan limit 980
current timestep 91
num of flexible agents: 33
num of flexible tasks: 7
Solving time: 0.000260396 seconds
plan limit 980
current timestep 92
num of flexible agents: 33
num of flexible tasks: 7
Solving time: 0.000256397 seconds
plan limit 980
current timestep 93
num of flexible agents: 35
num of flexible tasks: 8
Solving time: 0.000259905 seconds
plan limit 980
current timestep 94
num of flexible agents: 36
num of flexible tasks: 9
Solving time: 0.000266478 seconds
plan limit 980
current timestep 95
num of flexible agents: 39
num of flexible tasks: 10
Solving time: 0.00030349 seconds
plan limit 980
current timestep 96
num of flexible agents: 38
num of flexible tasks: 10
Solving time: 0.000272191 seconds
plan limit 980
current timestep 97
num of flexible agents: 36
num of flexible tasks: 10
Solving time: 0.00031079 seconds
plan limit 980
current timestep 98
num of flexible agents: 35
num of flexible tasks: 9
Solving time: 0.000295449 seconds
plan limit 980
current timestep 99
num of flexible agents: 38
num of flexible tasks: 10
Solving time: 0.000266103 seconds
plan limit 980
current timestep 100
num of flexible agents: 36
num of flexible tasks: 8
Solving time: 0.000270647 seconds
plan limit 980
current timestep 101
num of flexible agents: 33
num of flexible tasks: 6
Solving time: 0.000285756 seconds
plan limit 980
current timestep 102
num of flexible agents: 32
num of flexible tasks: 6
Solving time: 0.000274334 seconds
plan limit 980
current timestep 103
num of flexible agents: 32
num of flexible tasks: 6
Solving time: 0.000272274 seconds
plan limit 980
current timestep 104
num of flexible agents: 31
num of flexible tasks: 6
Solving time: 0.000297533 seconds
plan limit 980
current timestep 105
num of flexible agents: 32
num of flexible tasks: 8
Solving time: 0.000271461 seconds
plan limit 980
current timestep 106
num of flexible agents: 33
num of flexible tasks: 7
Solving time: 0.000274537 seconds
plan limit 980
current timestep 107
num of flexible agents: 34
num of flexible tasks: 8
Solving time: 0.000279791 seconds
plan limit 980
current timestep 108
num of flexible agents: 35
num of flexible tasks: 8
Solving time: 0.00027401 seconds
plan limit 980
current timestep 109
num of flexible agents: 35
num of flexible tasks: 8
Solving time: 0.000309497 seconds
plan limit 980
current timestep 110
num of flexible agents: 37
num of flexible tasks: 8
Solving time: 0.00029309 seconds
plan limit 980
current timestep 111
num of flexible agents: 38
num of flexible tasks: 9
Solving time: 0.000264519 seconds
plan limit 980
current timestep 112
num of flexible agents: 40
num of flexible tasks: 10
Solving time: 0.000291475 seconds
plan limit 980
current timestep 113
num of flexible agents: 41
num of flexible tasks: 10
Solving time: 0.000269073 seconds
plan limit 980
current timestep 114
num of flexible agents: 41
num of flexible tasks: 11
Solving time: 0.000280051 seconds
plan limit 980
current timestep 115
num of flexible agents: 42
num of flexible tasks: 11
Solving time: 0.00031269 seconds
plan limit 980
current timestep 116
num of flexible agents: 43
num of flexible tasks: 11
Solving time: 0.000277508 seconds
plan limit 980
current timestep 117
num of flexible agents: 43
num of flexible tasks: 12
Solving time: 0.000288292 seconds
plan limit 980
current timestep 118
num of flexible agents: 40
num of flexible tasks: 9
Solving time: 0.000245125 seconds
plan limit 980
current timestep 119
num of flexible agents: 40
num of flexible tasks: 10
Solving time: 0.000291072 seconds
plan limit 980
current timestep 120
num of flexible agents: 39
num of flexible tasks: 8
Solving time: 0.00026805 seconds
plan limit 980
current timestep 121
num of flexible agents: 39
num of flexible tasks: 6
Solving time: 0.000260119 seconds
plan limit 980
current timestep 122
num of flexible agents: 42
num of flexible tasks: 7
Solving time: 0.000265758 seconds
plan limit 980
current timestep 123
num of flexible agents: 42
num of flexible tasks: 8
Solving time: 0.000318088 seconds
plan limit 980
current timestep 124
num of flexible agents: 42
num of flexible tasks: 10
Solving time: 0.000307678 seconds
plan limit 980
current timestep 125
num of flexible agents: 43
num of flexible tasks: 12
Solving time: 0.000332636 seconds
plan limit 980
current timestep 126
num of flexible agents: 42
num of flexible tasks: 12
Solving time: 0.000286957 seconds
plan limit 980
current timestep 127
num of flexible agents: 41
num of flexible tasks: 11
Solving time: 0.000262696 seconds
plan limit 980
current timestep 128
num of flexible agents: 40
num of flexible tasks: 11
Solving time: 0.000303096 seconds
plan limit 980
current timestep 129
num of flexible agents: 39
num of flexible tasks: 12
Solving time: 0.000288092 seconds
plan limit 980
current timestep 130
num of flexible agents: 39
num of flexible tasks: 10
Solving time: 0.000271608 seconds
plan limit 980
current timestep 131
num of flexible agents: 39
num of flexible tasks: 11
Solving time: 0.000268597 seconds
plan limit 980
current timestep 132
num of flexible agents: 38
num of flexible tasks: 10
Solving time: 0.000283585 seconds
plan limit 980
current timestep 133
num of flexible agents: 39
num of flexible tasks: 11
Solving time: 0.000294039 seconds
plan limit 980
current timestep 134
num of flexible agents: 40
num of flexible tasks: 11
Solving time: 0.000291286 seconds
plan limit 980
current timestep 135
num of flexible agents: 42
num of flexible tasks: 11
Solving time: 0.000291505 seconds
plan limit 980
current timestep 136
num of flexible agents: 39
num of flexible tasks: 9
Solving time: 0.000266425 seconds
plan limit 980
current timestep 137
num of flexible agents: 39
num of flexible tasks: 10
Solving time: 0.000269663 seconds
plan limit 980
current timestep 138
num of flexible agents: 38
num of flexible tasks: 10
Solving time: 0.000279519 seconds
plan limit 980
current timestep 139
num of flexible agents: 40
num of flexible tasks: 11
Solving time: 0.000249928 seconds
plan limit 980
current timestep 140
num of flexible agents: 38
num of flexible tasks: 9
Solving time: 0.00029295 seconds
plan limit 980
current timestep 141
num of flexible agents: 39
num of flexible tasks: 9
Solving time: 0.000254417 seconds
plan limit 980
current timestep 142
num of flexible agents: 39
num of flexible tasks: 9
Solving time: 0.000275852 seconds
plan limit 980
current timestep 143
num of flexible agents: 40
num of flexible tasks: 10
Solving time: 0.000266052 seconds
plan limit 980
current timestep 144
num of flexible agents: 35
num of flexible tasks: 5
Solving time: 0.000260228 seconds
plan limit 980
current timestep 145
num of flexible agents: 35
num of flexible tasks: 5
Solving time: 0.00029249 seconds
plan limit 980
current timestep 146
num of flexible agents: 36
num of flexible tasks: 5
Solving time: 0.000260029 seconds
plan limit 980
current timestep 147
num of flexible agents: 38
num of flexible tasks: 7
Solving time: 0.000255279 seconds
plan limit 980
current timestep 148
num of flexible agents: 40
num of flexible tasks: 8
Solving time: 0.00028866 seconds
plan limit 980
current timestep 149
num of flexible agents: 39
num of flexible tasks: 9
Solving time: 0.00025451 seconds
plan limit 980
current timestep 150
num of flexible agents: 41
num of flexible tasks: 8
Solving time: 0.000249989 seconds
plan limit 980
current timestep 151
num of flexible agents: 43
num of flexible tasks: 9
Solving time: 0.000310573 seconds
plan limit 980
current timestep 152
num of flexible agents: 41
num of flexible tasks: 7
Solving time: 0.000256269 seconds
plan limit 980
current timestep 153
num of flexible agents: 39
num of flexible tasks: 7
Solving time: 0.000280371 seconds
plan limit 980
current timestep 154
num of flexible agents: 39
num of flexible tasks: 9
Solving time: 0.000275004 seconds
plan limit 980
current timestep 155
num of flexible agents: 38
num of flexible tasks: 8
Solving time: 0.000269072 seconds
plan limit 980
current timestep 156
num of flexible agents: 38
num of flexible tasks: 9
Solving time: 0.000281844 seconds
plan limit 980
current timestep 157
num of flexible agents: 40
num of flexible tasks: 9
Solving time: 0.000253425 seconds
plan limit 980
current timestep 158
num of flexible agents: 39
num of flexible tasks: 10
Solving time: 0.000268228 seconds
plan limit 980
current timestep 159
num of flexible agents: 36
num of flexible tasks: 9
Solving time: 0.000285821 seconds
plan limit 980
current timestep 160
num of flexible agents: 32
num of flexible tasks: 6
Solving time: 0.000278704 seconds
plan limit 980
current timestep 161
num of flexible agents: 34
num of flexible tasks: 7
Solving time: 0.000243568 seconds
plan limit 980
current timestep 162
num of flexible agents: 34
num of flexible tasks: 7
Solving time: 0.000269704 seconds
plan limit 980
current timestep 163
num of flexible agents: 33
num of flexible tasks: 6
Solving time: 0.00031171 seconds
plan limit 980
current timestep 164
num of flexible agents: 31
num of flexible tasks: 5
Solving time: 0.000297379 seconds
plan limit 980
current timestep 165
num of flexible agents: 33
num of flexible tasks: 6
Solving time: 0.000273959 seconds
plan limit 980
current timestep 166
num of flexible agents: 35
num of flexible tasks: 8
Solving time: 0.000303329 seconds
plan limit 980
current timestep 167
num of flexible agents: 39
num of flexible tasks: 10
Solving time: 0.000301121 seconds
plan limit 980
current timestep 168
num of flexible agents: 40
num of flexible tasks: 10
Solving time: 0.000268506 seconds
plan limit 980
current timestep 169
num of flexible agents: 47
num of flexible tasks: 12
Solving time: 0.000298074 seconds
plan limit 980
current timestep 170
num of flexible agents: 45
num of flexible tasks: 9
Solving time: 0.000253521 seconds
plan limit 980
current timestep 171
num of flexible agents: 45
num of flexible tasks: 9
Solving time: 0.000237647 seconds
plan limit 980
current timestep 172
num of flexible agents: 43
num of flexible tasks: 8
Solving time: 0.00026329 seconds
plan limit 980
current timestep 173
num of flexible agents: 41
num of flexible tasks: 7
Solving time: 0.000253225 seconds
plan limit 980
current timestep 174
num of flexible agents: 44
num of flexible tasks: 9
Solving time: 0.000271273 seconds
plan limit 980
current timestep 175
num of flexible agents: 41
num of flexible tasks: 7
Solving time: 0.000282784 seconds
plan limit 980
current timestep 176
num of flexible agents: 43
num of flexible tasks: 8
Solving time: 0.00027244 seconds
plan limit 980
current timestep 177
num of flexible agents: 45
num of flexible tasks: 9
Solving time: 0.000265736 seconds
plan limit 980
current timestep 178
num of flexible agents: 43
num of flexible tasks: 8
Solving time: 0.000266497 seconds
plan limit 980
current timestep 179
num of flexible agents: 42
num of flexible tasks: 8
Solving time: 0.00025753 seconds
plan limit 980
current timestep 180
num of flexible agents: 43
num of flexible tasks: 9
Solving time: 0.000271934 seconds
plan limit 980
current timestep 181
num of flexible agents: 41
num of flexible tasks: 9
Solving time: 0.000280302 seconds
plan limit 980
current timestep 182
num of flexible agents: 40
num of flexible tasks: 8
Solving time: 0.000317933 seconds
plan limit 980
current timestep 183
num of flexible agents: 41
num of flexible tasks: 8
Solving time: 0.000275474 seconds
plan limit 980
current timestep 184
num of flexible agents: 42
num of flexible tasks: 9
Solving time: 0.00031082 seconds
plan limit 980
current timestep 185
num of flexible agents: 41
num of flexible tasks: 9
Solving time: 0.000308516 seconds
plan limit 980
current timestep 186
num of flexible agents: 42
num of flexible tasks: 9
Solving time: 0.000280831 seconds
plan limit 980
current timestep 187
num of flexible agents: 42
num of flexible tasks: 10
Solving time: 0.000321956 seconds
plan limit 980
current timestep 188
num of flexible agents: 44
num of flexible tasks: 10
Solving time: 0.0002989 seconds
plan limit 980
current timestep 189
num of flexible agents: 46
num of flexible tasks: 11
Solving time: 0.000306743 seconds
plan limit 980
current timestep 190
num of flexible agents: 45
num of flexible tasks: 11
Solving time: 0.000293082 seconds
plan limit 980
current timestep 191
num of flexible agents: 45
num of flexible tasks: 10
Solving time: 0.000269265 seconds
plan limit 980
current timestep 192
num of flexible agents: 45
num of flexible tasks: 11
Solving time: 0.000276761 seconds
plan limit 980
current timestep 193
num of flexible agents: 45
num of flexible tasks: 10
Solving time: 0.000266782 seconds
plan limit 980
current timestep 194
num of flexible agents: 46
num of flexible tasks: 10
Solving time: 0.00024675 seconds
plan limit 980
current timestep 195
num of flexible agents: 42
num of flexible tasks: 8
Solving time: 0.00025514 seconds
plan limit 980
current timestep 196
num of flexible agents: 42
num of flexible tasks: 9
Solving time: 0.000250744 seconds
plan limit 980
current timestep 197
num of flexible agents: 39
num of flexible tasks: 8
Solving time: 0.000275416 seconds
plan limit 980
current timestep 198
num of flexible agents: 37
num of flexible tasks: 8
Solving time: 0.000293202 seconds
plan limit 980
current timestep 199
num of flexible agents: 36
num of flexible tasks: 8
Solving time: 0.000273279 seconds
plan limit 980
current timestep 200
num of flexible agents: 36
num of flexible tasks: 9
Solving time: 0.000286535 seconds
plan limit 980
current timestep 201
num of flexible agents: 34
num of flexible tasks: 8
Solving time: 0.000294005 seconds
plan limit 980
current timestep 202
num of flexible agents: 33
num of flexible tasks: 8
Solving time: 0.000339277 seconds
plan limit 980
current timestep 203
num of flexible agents: 35
num of flexible tasks: 9
Solving time: 0.000268969 seconds
plan limit 980
current timestep 204
num of flexible agents: 34
num of flexible tasks: 9
Solving time: 0.00027973 seconds
plan limit 980
current timestep 205
num of flexible agents: 34
num of flexible tasks: 9
Solving time: 0.000294192 seconds
plan limit 980
current timestep 206
num of flexible agents: 38
num of flexible tasks: 10
Solving time: 0.000327266 seconds
plan limit 980
current timestep 207
num of flexible agents: 38
num of flexible tasks: 12
Solving time: 0.00027897 seconds
plan limit 980
current timestep 208
num of flexible agents: 36
num of flexible tasks: 10
Solving time: 0.000295296 seconds
plan limit 980
current timestep 209
num of flexible agents: 37
num of flexible tasks: 11
Solving time: 0.000318788 seconds
plan limit 980
current timestep 210
num of flexible agents: 35
num of flexible tasks: 9
Solving time: 0.00031244 seconds
plan limit 980
current timestep 211
num of flexible agents: 36
num of flexible tasks: 11
Solving time: 0.000315529 seconds
plan limit 980
current timestep 212
num of flexible agents: 39
num of flexible tasks: 12
Solving time: 0.000312283 seconds
plan limit 980
current timestep 213
num of flexible agents: 41
num of flexible tasks: 13
Solving time: 0.00032606 seconds
plan limit 980
current timestep 214
num of flexible agents: 43
num of flexible tasks: 14
Solving time: 0.000371094 seconds
plan limit 980
current timestep 215
num of flexible agents: 42
num of flexible tasks: 14
Solving time: 0.000306492 seconds
plan limit 980
current timestep 216
num of flexible agents: 43
num of flexible tasks: 14
Solving time: 0.000305529 seconds
plan limit 980
current timestep 217
num of flexible agents: 43
num of flexible tasks: 12
Solving time: 0.000299176 seconds
plan limit 980
current timestep 218
num of flexible agents: 43
num of flexible tasks: 13
Solving time: 0.000299992 seconds
plan limit 980
current timestep 219
num of flexible agents: 40
num of flexible tasks: 12
Solving time: 0.000322615 seconds
plan limit 980
current timestep 220
num of flexible agents: 38
num of flexible tasks: 12
Solving time: 0.00029307 seconds
plan limit 980
current timestep 221
num of flexible agents: 37
num of flexible tasks: 13
Solving time: 0.000308444 seconds
plan limit 980
current timestep 222
num of flexible agents: 34
num of flexible tasks: 11
Solving time: 0.000313003 seconds
plan limit 980
current timestep 223
num of flexible agents: 34
num of flexible tasks: 12
Solving time: 0.000283267 seconds
plan limit 980
current timestep 224
num of flexible agents: 33
num of flexible tasks: 12
Solving time: 0.000289277 seconds
plan limit 980
current timestep 225
num of flexible agents: 36
num of flexible tasks: 13
Solving time: 0.000297439 seconds
plan limit 980
current timestep 226
num of flexible agents: 37
num of flexible tasks: 13
Solving time: 0.000279004 seconds
plan limit 980
current timestep 227
num of flexible agents: 35
num of flexible tasks: 13
Solving time: 0.000298013 seconds
plan limit 980
current timestep 228
num of flexible agents: 32
num of flexible tasks: 11
Solving time: 0.000290608 seconds
plan limit 980
current timestep 229
num of flexible agents: 34
num of flexible tasks: 12
Solving time: 0.000290563 seconds
plan limit 980
current timestep 230
num of flexible agents: 34
num of flexible tasks: 12
Solving time: 0.000318709 seconds
plan limit 980
current timestep 231
num of flexible agents: 36
num of flexible tasks: 11
Solving time: 0.000298154 seconds
plan limit 980
current timestep 232
num of flexible agents: 36
num of flexible tasks: 10
Solving time: 0.000261533 seconds
plan limit 980
current timestep 233
num of flexible agents: 35
num of flexible tasks: 10
Solving time: 0.00025306 seconds
plan limit 980
current timestep 234
num of flexible agents: 34
num of flexible tasks: 8
Solving time: 0.000268627 seconds
plan limit 980
current timestep 235
num of flexible agents: 33
num of flexible tasks: 7
Solving time: 0.000280413 seconds
plan limit 980
current timestep 236
num of flexible agents: 35
num of flexible tasks: 8
Solving time: 0.0002879 seconds
plan limit 980
current timestep 237
num of flexible agents: 34
num of flexible tasks: 8
Solving time: 0.000295742 seconds
plan limit 980
current timestep 238
num of flexible agents: 33
num of flexible tasks: 9
Solving time: 0.000327201 seconds
plan limit 980
current timestep 239
num of flexible agents: 34
num of flexible tasks: 11
Solving time: 0.00029836 seconds
plan limit 980
current timestep 240
num of flexible agents: 35
num of flexible tasks: 9
Solving time: 0.000308141 seconds
plan limit 980
current timestep 241
num of flexible agents: 34
num of flexible tasks: 8
Solving time: 0.000291193 seconds
plan limit 980
current timestep 242
num of flexible agents: 36
num of flexible tasks: 9
Solving time: 0.000292962 seconds
plan limit 980
current timestep 243
num of flexible agents: 31
num of flexible tasks: 5
Solving time: 0.000289526 seconds
plan limit 980
current timestep 244
num of flexible agents: 31
num of flexible tasks: 7
Solving time: 0.000281773 seconds
plan limit 980
current timestep 245
num of flexible agents: 32
num of flexible tasks: 8
Solving time: 0.000258341 seconds
plan limit 980
current timestep 246
num of flexible agents: 32
num of flexible tasks: 7
Solving time: 0.000263814 seconds
plan limit 980
current timestep 247
num of flexible agents: 32
num of flexible tasks: 5
Solving time: 0.00026461 seconds
plan limit 980
current timestep 248
num of flexible agents: 32
num of flexible tasks: 5
Solving time: 0.000260835 seconds
plan limit 980
current timestep 249
num of flexible agents: 33
num of flexible tasks: 7
Solving time: 0.000282219 seconds
plan limit 980
current timestep 250
num of flexible agents: 32
num of flexible tasks: 6
Solving time: 0.000265864 seconds
plan limit 980
current timestep 251
num of flexible agents: 31
num of flexible tasks: 5
Solving time: 0.000243158 seconds
plan limit 980
current timestep 252
num of flexible agents: 32
num of flexible tasks: 3
Solving time: 0.000251574 seconds
plan limit 980
current timestep 253
num of flexible agents: 36
num of flexible tasks: 2
Solving time: 0.000226654 seconds
plan limit 980
current timestep 254
num of flexible agents: 36
num of flexible tasks: 1
Solving time: 0.000246363 seconds
plan limit 980
current timestep 255
num of flexible agents: 39
num of flexible tasks: 1
Solving time: 0.000251938 seconds
plan limit 980
current timestep 256
num of flexible agents: 40
num of flexible tasks: 1
Solving time: 0.000260269 seconds
plan limit 980
current timestep 257
num of flexible agents: 43
num of flexible tasks: 1
Solving time: 0.000256282 seconds
plan limit 980
current timestep 258
num of flexible agents: 45
num of flexible tasks: 0
Solving time: 0.00022465 seconds
plan limit 980
current timestep 259
num of flexible agents: 46
num of flexible tasks: 0
Solving time: 0.00025424 seconds
plan limit 980
current timestep 260
num of flexible agents: 49
num of flexible tasks: 0
Solving time: 0.000247163 seconds
plan limit 980
current timestep 261
num of flexible agents: 53
num of flexible tasks: 0
Solving time: 0.000216505 seconds
plan limit 980
current timestep 262
num of flexible agents: 55
num of flexible tasks: 0
Solving time: 0.000230674 seconds
plan limit 980
current timestep 263
num of flexible agents: 57
num of flexible tasks: 0
Solving time: 0.00022241 seconds
plan limit 980
current timestep 264
num of flexible agents: 59
num of flexible tasks: 0
Solving time: 0.000232664 seconds
plan limit 980
current timestep 265
num of flexible agents: 60
num of flexible tasks: 0
Solving time: 0.00022764 seconds
plan limit 980
current timestep 266
num of flexible agents: 60
num of flexible tasks: 0
Solving time: 0.000243279 seconds
plan limit 980
current timestep 267
num of flexible agents: 60
num of flexible tasks: 0
Solving time: 0.00024102 seconds
plan limit 980
current timestep 268
num of flexible agents: 62
num of flexible tasks: 0
Solving time: 0.000218251 seconds
plan limit 980
current timestep 269
num of flexible agents: 63
num of flexible tasks: 0
Solving time: 0.000201382 seconds
plan limit 980
current timestep 270
num of flexible agents: 65
num of flexible tasks: 0
Solving time: 0.000231908 seconds
plan limit 980
current timestep 271
num of flexible agents: 65
num of flexible tasks: 0
Solving time: 0.000217923 seconds
plan limit 980
current timestep 272
num of flexible agents: 66
num of flexible tasks: 0
Solving time: 0.000221652 seconds
plan limit 980
current timestep 273
num of flexible agents: 68
num of flexible tasks: 0
Solving time: 0.000238935 seconds
plan limit 980
current timestep 274
num of flexible agents: 68
num of flexible tasks: 0
Solving time: 0.000235111 seconds
plan limit 980
current timestep 275
num of flexible agents: 70
num of flexible tasks: 0
Solving time: 0.000228749 seconds
plan limit 980
current timestep 276
num of flexible agents: 70
num of flexible tasks: 0
Solving time: 0.000240673 seconds
plan limit 980
current timestep 277
num of flexible agents: 72
num of flexible tasks: 0
Solving time: 0.000213671 seconds
plan limit 980
current timestep 278
num of flexible agents: 74
num of flexible tasks: 0
Solving time: 0.000228308 seconds
plan limit 980
current timestep 279
num of flexible agents: 75
num of flexible tasks: 0
Solving time: 0.000213627 seconds
plan limit 980
current timestep 280
num of flexible agents: 76
num of flexible tasks: 0
Solving time: 0.000208277 seconds
plan limit 980
current timestep 281
num of flexible agents: 76
num of flexible tasks: 0
Solving time: 0.000228012 seconds
plan limit 980
current timestep 282
num of flexible agents: 76
num of flexible tasks: 0
Solving time: 0.000209069 seconds
plan limit 980
current timestep 283
num of flexible agents: 76
num of flexible tasks: 0
Solving time: 0.000232372 seconds
plan limit 980
current timestep 284
num of flexible agents: 77
num of flexible tasks: 0
Solving time: 0.000210175 seconds
plan limit 980
current timestep 285
num of flexible agents: 78
num of flexible tasks: 0
Solving time: 0.000230135 seconds
plan limit 980
current timestep 286
num of flexible agents: 79
num of flexible tasks: 0
Solving time: 0.000268147 seconds
plan limit 980
current timestep 287
num of flexible agents: 79
num of flexible tasks: 0
Solving time: 0.00020978 seconds
plan limit 980
All tasks finished at timestep 288
