current timestep 0
num of flexible agents: 100
num of flexible tasks: 5
Solving time: 0.000334291 seconds
plan limit 980
current timestep 1
num of flexible agents: 99
num of flexible tasks: 9
Solving time: 0.000344887 seconds
plan limit 980
current timestep 2
num of flexible agents: 96
num of flexible tasks: 11
Solving time: 0.00030997 seconds
plan limit 980
current timestep 3
num of flexible agents: 95
num of flexible tasks: 15
Solving time: 0.000361224 seconds
plan limit 980
current timestep 4
num of flexible agents: 91
num of flexible tasks: 16
Solving time: 0.000325762 seconds
plan limit 980
current timestep 5
num of flexible agents: 88
num of flexible tasks: 18
Solving time: 0.00033866 seconds
plan limit 980
current timestep 6
num of flexible agents: 86
num of flexible tasks: 21
Solving time: 0.000467066 seconds
plan limit 980
current timestep 7
num of flexible agents: 86
num of flexible tasks: 26
Solving time: 0.000513785 seconds
plan limit 980
current timestep 8
num of flexible agents: 83
num of flexible tasks: 27
Solving time: 0.000393341 seconds
plan limit 980
current timestep 9
num of flexible agents: 78
num of flexible tasks: 27
Solving time: 0.000430692 seconds
plan limit 980
current timestep 10
num of flexible agents: 73
num of flexible tasks: 26
Solving time: 0.000459899 seconds
plan limit 980
current timestep 11
num of flexible agents: 71
num of flexible tasks: 28
Solving time: 0.000475015 seconds
plan limit 980
current timestep 12
num of flexible agents: 69
num of flexible tasks: 31
Solving time: 0.000446242 seconds
plan limit 980
current timestep 13
num of flexible agents: 62
num of flexible tasks: 29
Solving time: 0.000439542 seconds
plan limit 980
current timestep 14
num of flexible agents: 61
num of flexible tasks: 31
Solving time: 0.000451956 seconds
plan limit 980
current timestep 15
num of flexible agents: 54
num of flexible tasks: 29
Solving time: 0.000455728 seconds
plan limit 980
current timestep 16
num of flexible agents: 51
num of flexible tasks: 31
Solving time: 0.000550028 seconds
plan limit 980
current timestep 17
num of flexible agents: 47
num of flexible tasks: 32
Solving time: 0.000518444 seconds
plan limit 980
current timestep 18
num of flexible agents: 45
num of flexible tasks: 35
Solving time: 0.000499636 seconds
plan limit 980
current timestep 19
num of flexible agents: 43
num of flexible tasks: 36
Solving time: 0.000495413 seconds
plan limit 980
current timestep 20
num of flexible agents: 41
num of flexible tasks: 37
Solving time: 0.000514134 seconds
plan limit 980
current timestep 21
num of flexible agents: 36
num of flexible tasks: 36
Solving time: 0.000472554 seconds
plan limit 980
current timestep 22
num of flexible agents: 36
num of flexible tasks: 39
Solving time: 0.00048174 seconds
plan limit 980
current timestep 23
num of flexible agents: 31
num of flexible tasks: 39
Solving time: 0.00039006 seconds
plan limit 980
current timestep 24
num of flexible agents: 28
num of flexible tasks: 38
Solving time: 0.00034131 seconds
plan limit 980
current timestep 25
num of flexible agents: 21
num of flexible tasks: 35
Solving time: 0.000385994 seconds
plan limit 980
current timestep 26
num of flexible agents: 18
num of flexible tasks: 36
Solving time: 0.000353119 seconds
plan limit 980
current timestep 27
num of flexible agents: 20
num of flexible tasks: 40
Solving time: 0.00031657 seconds
plan limit 980
current timestep 28
num of flexible agents: 16
num of flexible tasks: 39
Solving time: 0.000313907 seconds
plan limit 980
current timestep 29
num of flexible agents: 16
num of flexible tasks: 39
Solving time: 0.000331746 seconds
plan limit 980
current timestep 30
num of flexible agents: 19
num of flexible tasks: 42
Solving time: 0.000391139 seconds
plan limit 980
current timestep 31
num of flexible agents: 19
num of flexible tasks: 45
Solving time: 0.000316573 seconds
plan limit 980
current timestep 32
num of flexible agents: 14
num of flexible tasks: 44
Solving time: 0.00028751 seconds
plan limit 980
current timestep 33
num of flexible agents: 17
num of flexible tasks: 46
Solving time: 0.000290467 seconds
plan limit 980
current timestep 34
num of flexible agents: 19
num of flexible tasks: 47
Solving time: 0.000322544 seconds
plan limit 980
current timestep 35
num of flexible agents: 18
num of flexible tasks: 47
Solving time: 0.000340835 seconds
plan limit 980
current timestep 36
num of flexible agents: 17
num of flexible tasks: 46
Solving time: 0.000305239 seconds
plan limit 980
current timestep 37
num of flexible agents: 16
num of flexible tasks: 44
Solving time: 0.000341589 seconds
plan limit 980
current timestep 38
num of flexible agents: 11
num of flexible tasks: 42
Solving time: 0.00033096 seconds
plan limit 980
current timestep 39
num of flexible agents: 16
num of flexible tasks: 47
Solving time: 0.000320638 seconds
plan limit 980
current timestep 40
num of flexible agents: 13
num of flexible tasks: 46
Solving time: 0.000302356 seconds
plan limit 980
current timestep 41
num of flexible agents: 10
num of flexible tasks: 46
Solving time: 0.000324043 seconds
plan limit 980
current timestep 42
num of flexible agents: 13
num of flexible tasks: 49
Solving time: 0.000310919 seconds
plan limit 980
current timestep 43
num of flexible agents: 16
num of flexible tasks: 52
Solving time: 0.00030305 seconds
plan limit 980
current timestep 44
num of flexible agents: 16
num of flexible tasks: 56
Solving time: 0.000319126 seconds
plan limit 980
current timestep 45
num of flexible agents: 13
num of flexible tasks: 55
Solving time: 0.000346037 seconds
plan limit 980
current timestep 46
num of flexible agents: 10
num of flexible tasks: 54
Solving time: 0.000336951 seconds
plan limit 980
current timestep 47
num of flexible agents: 7
num of flexible tasks: 55
Solving time: 0.00032422 seconds
plan limit 980
current timestep 48
num of flexible agents: 14
num of flexible tasks: 60
Solving time: 0.000305261 seconds
plan limit 980
current timestep 49
num of flexible agents: 14
num of flexible tasks: 64
Solving time: 0.00033239 seconds
plan limit 980
current timestep 50
num of flexible agents: 15
num of flexible tasks: 66
Solving time: 0.00030831 seconds
plan limit 980
current timestep 51
num of flexible agents: 14
num of flexible tasks: 66
Solving time: 0.000317493 seconds
plan limit 980
current timestep 52
num of flexible agents: 16
num of flexible tasks: 69
Solving time: 0.000313014 seconds
plan limit 980
current timestep 53
num of flexible agents: 10
num of flexible tasks: 66
Solving time: 0.000339308 seconds
plan limit 980
current timestep 54
num of flexible agents: 11
num of flexible tasks: 67
Solving time: 0.000328591 seconds
plan limit 980
current timestep 55
num of flexible agents: 13
num of flexible tasks: 70
Solving time: 0.000301441 seconds
plan limit 980
current timestep 56
num of flexible agents: 13
num of flexible tasks: 70
Solving time: 0.000355433 seconds
plan limit 980
current timestep 57
num of flexible agents: 12
num of flexible tasks: 73
Solving time: 0.000334143 seconds
plan limit 980
current timestep 58
num of flexible agents: 16
num of flexible tasks: 76
Solving time: 0.000312869 seconds
plan limit 980
current timestep 59
num of flexible agents: 15
num of flexible tasks: 75
Solving time: 0.000315904 seconds
plan limit 980
current timestep 60
num of flexible agents: 14
num of flexible tasks: 75
Solving time: 0.000314502 seconds
plan limit 980
current timestep 61
num of flexible agents: 16
num of flexible tasks: 76
Solving time: 0.000345283 seconds
plan limit 980
current timestep 62
num of flexible agents: 14
num of flexible tasks: 76
Solving time: 0.000314705 seconds
plan limit 980
current timestep 63
num of flexible agents: 12
num of flexible tasks: 77
Solving time: 0.000286668 seconds
plan limit 980
current timestep 64
num of flexible agents: 15
num of flexible tasks: 78
Solving time: 0.00032017 seconds
plan limit 980
current timestep 65
num of flexible agents: 14
num of flexible tasks: 77
Solving time: 0.000316969 seconds
plan limit 980
current timestep 66
num of flexible agents: 13
num of flexible tasks: 77
Solving time: 0.00032312 seconds
plan limit 980
current timestep 67
num of flexible agents: 9
num of flexible tasks: 75
Solving time: 0.000296366 seconds
plan limit 980
current timestep 68
num of flexible agents: 9
num of flexible tasks: 78
Solving time: 0.000330303 seconds
plan limit 980
current timestep 69
num of flexible agents: 10
num of flexible tasks: 79
Solving time: 0.00030731 seconds
plan limit 980
current timestep 70
num of flexible agents: 15
num of flexible tasks: 81
Solving time: 0.000319365 seconds
plan limit 980
current timestep 71
num of flexible agents: 15
num of flexible tasks: 82
Solving time: 0.000357223 seconds
plan limit 980
current timestep 72
num of flexible agents: 13
num of flexible tasks: 83
Solving time: 0.000340594 seconds
plan limit 980
current timestep 73
num of flexible agents: 16
num of flexible tasks: 87
Solving time: 0.000294414 seconds
plan limit 980
current timestep 74
num of flexible agents: 14
num of flexible tasks: 88
Solving time: 0.000337016 seconds
plan limit 980
current timestep 75
num of flexible agents: 18
num of flexible tasks: 87
Solving time: 0.000344021 seconds
plan limit 980
current timestep 76
num of flexible agents: 13
num of flexible tasks: 86
Solving time: 0.000318268 seconds
plan limit 980
current timestep 77
num of flexible agents: 9
num of flexible tasks: 83
Solving time: 0.000309699 seconds
plan limit 980
current timestep 78
num of flexible agents: 5
num of flexible tasks: 84
Solving time: 0.000283558 seconds
plan limit 980
current timestep 79
num of flexible agents: 8
num of flexible tasks: 88
Solving time: 0.000297296 seconds
plan limit 980
current timestep 80
num of flexible agents: 11
num of flexible tasks: 89
Solving time: 0.000303328 seconds
plan limit 980
current timestep 81
num of flexible agents: 11
num of flexible tasks: 88
Solving time: 0.00029076 seconds
plan limit 980
current timestep 82
num of flexible agents: 14
num of flexible tasks: 92
Solving time: 0.00031498 seconds
plan limit 980
current timestep 83
num of flexible agents: 18
num of flexible tasks: 95
Solving time: 0.000352163 seconds
plan limit 980
current timestep 84
num of flexible agents: 12
num of flexible tasks: 92
Solving time: 0.000314251 seconds
plan limit 980
current timestep 85
num of flexible agents: 11
num of flexible tasks: 94
Solving time: 0.00030632 seconds
plan limit 980
current timestep 86
num of flexible agents: 12
num of flexible tasks: 95
Solving time: 0.000302144 seconds
plan limit 980
current timestep 87
num of flexible agents: 8
num of flexible tasks: 93
Solving time: 0.000313732 seconds
plan limit 980
current timestep 88
num of flexible agents: 7
num of flexible tasks: 94
Solving time: 0.00029717 seconds
plan limit 980
current timestep 89
num of flexible agents: 9
num of flexible tasks: 98
Solving time: 0.00031027 seconds
plan limit 980
current timestep 90
num of flexible agents: 9
num of flexible tasks: 98
Solving time: 0.000313298 seconds
plan limit 980
current timestep 91
num of flexible agents: 8
num of flexible tasks: 99
Solving time: 0.000311557 seconds
plan limit 980
current timestep 92
num of flexible agents: 10
num of flexible tasks: 101
Solving time: 0.000287867 seconds
plan limit 980
current timestep 93
num of flexible agents: 11
num of flexible tasks: 103
Solving time: 0.000285547 seconds
plan limit 980
current timestep 94
num of flexible agents: 12
num of flexible tasks: 101
Solving time: 0.00031883 seconds
plan limit 980
current timestep 95
num of flexible agents: 8
num of flexible tasks: 100
Solving time: 0.000291761 seconds
plan limit 980
current timestep 96
num of flexible agents: 8
num of flexible tasks: 100
Solving time: 0.000296142 seconds
plan limit 980
current timestep 97
num of flexible agents: 8
num of flexible tasks: 102
Solving time: 0.000301307 seconds
plan limit 980
current timestep 98
num of flexible agents: 12
num of flexible tasks: 105
Solving time: 0.00030895 seconds
plan limit 980
current timestep 99
num of flexible agents: 11
num of flexible tasks: 106
Solving time: 0.000303007 seconds
plan limit 980
current timestep 100
num of flexible agents: 7
num of flexible tasks: 100
Solving time: 0.000324218 seconds
plan limit 980
current timestep 101
num of flexible agents: 9
num of flexible tasks: 98
Solving time: 0.000302632 seconds
plan limit 980
current timestep 102
num of flexible agents: 8
num of flexible tasks: 95
Solving time: 0.000308004 seconds
plan limit 980
current timestep 103
num of flexible agents: 11
num of flexible tasks: 93
Solving time: 0.000319342 seconds
plan limit 980
current timestep 104
num of flexible agents: 11
num of flexible tasks: 89
Solving time: 0.000355039 seconds
plan limit 980
current timestep 105
num of flexible agents: 8
num of flexible tasks: 83
Solving time: 0.000300357 seconds
plan limit 980
current timestep 106
num of flexible agents: 13
num of flexible tasks: 81
Solving time: 0.00033494 seconds
plan limit 980
current timestep 107
num of flexible agents: 14
num of flexible tasks: 79
Solving time: 0.000314237 seconds
plan limit 980
current timestep 108
num of flexible agents: 13
num of flexible tasks: 75
Solving time: 0.000321242 seconds
plan limit 980
current timestep 109
num of flexible agents: 15
num of flexible tasks: 73
Solving time: 0.000317472 seconds
plan limit 980
current timestep 110
num of flexible agents: 16
num of flexible tasks: 68
Solving time: 0.000342211 seconds
plan limit 980
current timestep 111
num of flexible agents: 13
num of flexible tasks: 64
Solving time: 0.000330607 seconds
plan limit 980
current timestep 112
num of flexible agents: 14
num of flexible tasks: 64
Solving time: 0.000328627 seconds
plan limit 980
current timestep 113
num of flexible agents: 16
num of flexible tasks: 62
Solving time: 0.000346416 seconds
plan limit 980
current timestep 114
num of flexible agents: 20
num of flexible tasks: 60
Solving time: 0.000377663 seconds
plan limit 980
current timestep 115
num of flexible agents: 23
num of flexible tasks: 57
Solving time: 0.000400787 seconds
plan limit 980
current timestep 116
num of flexible agents: 21
num of flexible tasks: 53
Solving time: 0.000401251 seconds
plan limit 980
current timestep 117
num of flexible agents: 23
num of flexible tasks: 51
Solving time: 0.000397072 seconds
plan limit 980
current timestep 118
num of flexible agents: 23
num of flexible tasks: 50
Solving time: 0.00048105 seconds
plan limit 980
current timestep 119
num of flexible agents: 26
num of flexible tasks: 48
Solving time: 0.000459288 seconds
plan limit 980
current timestep 120
num of flexible agents: 26
num of flexible tasks: 45
Solving time: 0.000488068 seconds
plan limit 980
current timestep 121
num of flexible agents: 26
num of flexible tasks: 43
Solving time: 0.000518902 seconds
plan limit 980
current timestep 122
num of flexible agents: 29
num of flexible tasks: 42
Solving time: 0.000516909 seconds
plan limit 980
current timestep 123
num of flexible agents: 31
num of flexible tasks: 40
Solving time: 0.000583015 seconds
plan limit 980
current timestep 124
num of flexible agents: 30
num of flexible tasks: 37
Solving time: 0.000503241 seconds
plan limit 980
current timestep 125
num of flexible agents: 35
num of flexible tasks: 35
Solving time: 0.000591449 seconds
plan limit 980
current timestep 126
num of flexible agents: 38
num of flexible tasks: 32
Solving time: 0.000527974 seconds
plan limit 980
current timestep 127
num of flexible agents: 41
num of flexible tasks: 30
Solving time: 0.000493324 seconds
plan limit 980
current timestep 128
num of flexible agents: 43
num of flexible tasks: 30
Solving time: 0.000419285 seconds
plan limit 980
current timestep 129
num of flexible agents: 45
num of flexible tasks: 27
Solving time: 0.000393941 seconds
plan limit 980
current timestep 130
num of flexible agents: 46
num of flexible tasks: 25
Solving time: 0.00039939 seconds
plan limit 980
current timestep 131
num of flexible agents: 44
num of flexible tasks: 21
Solving time: 0.000377906 seconds
plan limit 980
current timestep 132
num of flexible agents: 51
num of flexible tasks: 21
Solving time: 0.000353192 seconds
plan limit 980
current timestep 133
num of flexible agents: 55
num of flexible tasks: 21
Solving time: 0.00034835 seconds
plan limit 980
current timestep 134
num of flexible agents: 56
num of flexible tasks: 21
Solving time: 0.000355417 seconds
plan limit 980
current timestep 135
num of flexible agents: 57
num of flexible tasks: 19
Solving time: 0.000332847 seconds
plan limit 980
current timestep 136
num of flexible agents: 57
num of flexible tasks: 17
Solving time: 0.000315155 seconds
plan limit 980
current timestep 137
num of flexible agents: 56
num of flexible tasks: 14
Solving time: 0.000295038 seconds
plan limit 980
current timestep 138
num of flexible agents: 57
num of flexible tasks: 14
Solving time: 0.00029451 seconds
plan limit 980
current timestep 139
num of flexible agents: 54
num of flexible tasks: 11
Solving time: 0.000277765 seconds
plan limit 980
current timestep 140
num of flexible agents: 62
num of flexible tasks: 11
Solving time: 0.000273686 seconds
plan limit 980
current timestep 141
num of flexible agents: 60
num of flexible tasks: 9
Solving time: 0.000294807 seconds
plan limit 980
current timestep 142
num of flexible agents: 61
num of flexible tasks: 8
Solving time: 0.000243868 seconds
plan limit 980
current timestep 143
num of flexible agents: 61
num of flexible tasks: 6
Solving time: 0.000239666 seconds
plan limit 980
current timestep 144
num of flexible agents: 61
num of flexible tasks: 4
Solving time: 0.00024855 seconds
plan limit 980
current timestep 145
num of flexible agents: 61
num of flexible tasks: 3
Solving time: 0.000254289 seconds
plan limit 980
current timestep 146
num of flexible agents: 62
num of flexible tasks: 2
Solving time: 0.000224624 seconds
plan limit 980
current timestep 147
num of flexible agents: 64
num of flexible tasks: 2
Solving time: 0.000242985 seconds
plan limit 980
current timestep 148
num of flexible agents: 64
num of flexible tasks: 1
Solving time: 0.000218237 seconds
plan limit 980
current timestep 149
num of flexible agents: 64
num of flexible tasks: 0
Solving time: 0.000219716 seconds
plan limit 980
current timestep 150
num of flexible agents: 64
num of flexible tasks: 0
Solving time: 0.000208529 seconds
plan limit 980
current timestep 151
num of flexible agents: 66
num of flexible tasks: 0
Solving time: 0.000211977 seconds
plan limit 980
current timestep 152
num of flexible agents: 66
num of flexible tasks: 0
Solving time: 0.000226937 seconds
plan limit 980
current timestep 153
num of flexible agents: 67
num of flexible tasks: 0
Solving time: 0.000228097 seconds
plan limit 980
current timestep 154
num of flexible agents: 71
num of flexible tasks: 0
Solving time: 0.000230844 seconds
plan limit 980
current timestep 155
num of flexible agents: 71
num of flexible tasks: 0
Solving time: 0.000212326 seconds
plan limit 980
current timestep 156
num of flexible agents: 73
num of flexible tasks: 0
Solving time: 0.000207964 seconds
plan limit 980
current timestep 157
num of flexible agents: 75
num of flexible tasks: 0
Solving time: 0.000216829 seconds
plan limit 980
current timestep 158
num of flexible agents: 77
num of flexible tasks: 0
Solving time: 0.000219873 seconds
plan limit 980
current timestep 159
num of flexible agents: 80
num of flexible tasks: 0
Solving time: 0.00026838 seconds
plan limit 980
current timestep 160
num of flexible agents: 81
num of flexible tasks: 0
Solving time: 0.000226495 seconds
plan limit 980
current timestep 161
num of flexible agents: 82
num of flexible tasks: 0
Solving time: 0.000213783 seconds
plan limit 980
current timestep 162
num of flexible agents: 84
num of flexible tasks: 0
Solving time: 0.000207537 seconds
plan limit 980
current timestep 163
num of flexible agents: 85
num of flexible tasks: 0
Solving time: 0.000231812 seconds
plan limit 980
current timestep 164
num of flexible agents: 86
num of flexible tasks: 0
Solving time: 0.000234465 seconds
plan limit 980
current timestep 165
num of flexible agents: 87
num of flexible tasks: 0
Solving time: 0.000260829 seconds
plan limit 980
current timestep 166
num of flexible agents: 88
num of flexible tasks: 0
Solving time: 0.000233562 seconds
plan limit 980
current timestep 167
num of flexible agents: 90
num of flexible tasks: 0
Solving time: 0.000238505 seconds
plan limit 980
current timestep 168
num of flexible agents: 91
num of flexible tasks: 0
Solving time: 0.00022893 seconds
plan limit 980
current timestep 169
num of flexible agents: 91
num of flexible tasks: 0
Solving time: 0.000226154 seconds
plan limit 980
current timestep 170
num of flexible agents: 91
num of flexible tasks: 0
Solving time: 0.00021691 seconds
plan limit 980
current timestep 171
num of flexible agents: 92
num of flexible tasks: 0
Solving time: 0.000208486 seconds
plan limit 980
current timestep 172
num of flexible agents: 94
num of flexible tasks: 0
Solving time: 0.00023642 seconds
plan limit 980
current timestep 173
num of flexible agents: 95
num of flexible tasks: 0
Solving time: 0.000234884 seconds
plan limit 980
current timestep 174
num of flexible agents: 95
num of flexible tasks: 0
Solving time: 0.000217246 seconds
plan limit 980
current timestep 175
num of flexible agents: 95
num of flexible tasks: 0
Solving time: 0.000216239 seconds
plan limit 980
current timestep 176
num of flexible agents: 96
num of flexible tasks: 0
Solving time: 0.000274501 seconds
plan limit 980
current timestep 177
num of flexible agents: 96
num of flexible tasks: 0
Solving time: 0.000249813 seconds
plan limit 980
current timestep 178
num of flexible agents: 97
num of flexible tasks: 0
Solving time: 0.000227876 seconds
plan limit 980
current timestep 179
num of flexible agents: 97
num of flexible tasks: 0
Solving time: 0.000215504 seconds
plan limit 980
current timestep 180
num of flexible agents: 97
num of flexible tasks: 0
Solving time: 0.000255899 seconds
plan limit 980
current timestep 181
num of flexible agents: 97
num of flexible tasks: 0
Solving time: 0.000263864 seconds
plan limit 980
current timestep 182
num of flexible agents: 97
num of flexible tasks: 0
Solving time: 0.000220548 seconds
plan limit 980
current timestep 183
num of flexible agents: 97
num of flexible tasks: 0
Solving time: 0.000249967 seconds
plan limit 980
current timestep 184
num of flexible agents: 98
num of flexible tasks: 0
Solving time: 0.000219009 seconds
plan limit 980
current timestep 185
num of flexible agents: 98
num of flexible tasks: 0
Solving time: 0.000271997 seconds
plan limit 980
current timestep 186
num of flexible agents: 98
num of flexible tasks: 0
Solving time: 0.000214884 seconds
plan limit 980
current timestep 187
num of flexible agents: 98
num of flexible tasks: 0
Solving time: 0.000242149 seconds
plan limit 980
current timestep 188
num of flexible agents: 99
num of flexible tasks: 0
Solving time: 0.000221667 seconds
plan limit 980
current timestep 189
num of flexible agents: 99
num of flexible tasks: 0
Solving time: 0.000233123 seconds
plan limit 980
current timestep 190
num of flexible agents: 99
num of flexible tasks: 0
Solving time: 0.000214495 seconds
plan limit 980
current timestep 191
num of flexible agents: 99
num of flexible tasks: 0
Solving time: 0.000261288 seconds
plan limit 980
current timestep 192
num of flexible agents: 99
num of flexible tasks: 0
Solving time: 0.000220635 seconds
plan limit 980
current timestep 193
num of flexible agents: 99
num of flexible tasks: 0
Solving time: 0.000235545 seconds
plan limit 980
current timestep 194
num of flexible agents: 99
num of flexible tasks: 0
Solving time: 0.000243498 seconds
plan limit 980
All tasks finished at timestep 195
