current timestep 0
num of flexible agents: 100
num of flexible tasks: 5
Solving time: 0.000344855 seconds
plan limit 980
current timestep 1
num of flexible agents: 98
num of flexible tasks: 8
Solving time: 0.000369264 seconds
plan limit 980
current timestep 2
num of flexible agents: 98
num of flexible tasks: 13
Solving time: 0.000341119 seconds
plan limit 980
current timestep 3
num of flexible agents: 93
num of flexible tasks: 13
Solving time: 0.000365539 seconds
plan limit 980
current timestep 4
num of flexible agents: 89
num of flexible tasks: 14
Solving time: 0.00037957 seconds
plan limit 980
current timestep 5
num of flexible agents: 88
num of flexible tasks: 18
Solving time: 0.000429016 seconds
plan limit 980
current timestep 6
num of flexible agents: 86
num of flexible tasks: 21
Solving time: 0.000401157 seconds
plan limit 980
current timestep 7
num of flexible agents: 85
num of flexible tasks: 25
Solving time: 0.000413659 seconds
plan limit 980
current timestep 8
num of flexible agents: 81
num of flexible tasks: 26
Solving time: 0.000418907 seconds
plan limit 980
current timestep 9
num of flexible agents: 76
num of flexible tasks: 26
Solving time: 0.000384506 seconds
plan limit 980
current timestep 10
num of flexible agents: 73
num of flexible tasks: 27
Solving time: 0.000438339 seconds
plan limit 980
current timestep 11
num of flexible agents: 68
num of flexible tasks: 27
Solving time: 0.000494514 seconds
plan limit 980
current timestep 12
num of flexible agents: 69
num of flexible tasks: 30
Solving time: 0.000463728 seconds
plan limit 980
current timestep 13
num of flexible agents: 66
num of flexible tasks: 32
Solving time: 0.000431367 seconds
plan limit 980
current timestep 14
num of flexible agents: 61
num of flexible tasks: 31
Solving time: 0.000473265 seconds
plan limit 980
current timestep 15
num of flexible agents: 57
num of flexible tasks: 32
Solving time: 0.000482896 seconds
plan limit 980
current timestep 16
num of flexible agents: 52
num of flexible tasks: 32
Solving time: 0.000491256 seconds
plan limit 980
current timestep 17
num of flexible agents: 45
num of flexible tasks: 29
Solving time: 0.000527579 seconds
plan limit 980
current timestep 18
num of flexible agents: 46
num of flexible tasks: 33
Solving time: 0.000473984 seconds
plan limit 980
current timestep 19
num of flexible agents: 44
num of flexible tasks: 34
Solving time: 0.000479017 seconds
plan limit 980
current timestep 20
num of flexible agents: 44
num of flexible tasks: 37
Solving time: 0.000500611 seconds
plan limit 980
current timestep 21
num of flexible agents: 37
num of flexible tasks: 35
Solving time: 0.00048715 seconds
plan limit 980
current timestep 22
num of flexible agents: 32
num of flexible tasks: 34
Solving time: 0.000515319 seconds
plan limit 980
current timestep 23
num of flexible agents: 29
num of flexible tasks: 34
Solving time: 0.000478891 seconds
plan limit 980
current timestep 24
num of flexible agents: 30
num of flexible tasks: 39
Solving time: 0.000416371 seconds
plan limit 980
current timestep 25
num of flexible agents: 30
num of flexible tasks: 43
Solving time: 0.000401559 seconds
plan limit 980
current timestep 26
num of flexible agents: 29
num of flexible tasks: 44
Solving time: 0.000334375 seconds
plan limit 980
current timestep 27
num of flexible agents: 23
num of flexible tasks: 40
Solving time: 0.0003353 seconds
plan limit 980
current timestep 28
num of flexible agents: 19
num of flexible tasks: 39
Solving time: 0.000335665 seconds
plan limit 980
current timestep 29
num of flexible agents: 20
num of flexible tasks: 43
Solving time: 0.000404643 seconds
plan limit 980
current timestep 30
num of flexible agents: 18
num of flexible tasks: 44
Solving time: 0.000338266 seconds
plan limit 980
current timestep 31
num of flexible agents: 15
num of flexible tasks: 44
Solving time: 0.000337292 seconds
plan limit 980
current timestep 32
num of flexible agents: 12
num of flexible tasks: 46
Solving time: 0.000321404 seconds
plan limit 980
current timestep 33
num of flexible agents: 13
num of flexible tasks: 48
Solving time: 0.000358871 seconds
plan limit 980
current timestep 34
num of flexible agents: 9
num of flexible tasks: 48
Solving time: 0.000329712 seconds
plan limit 980
current timestep 35
num of flexible agents: 15
num of flexible tasks: 52
Solving time: 0.000332257 seconds
plan limit 980
current timestep 36
num of flexible agents: 14
num of flexible tasks: 53
Solving time: 0.000313836 seconds
plan limit 980
current timestep 37
num of flexible agents: 11
num of flexible tasks: 52
Solving time: 0.000333717 seconds
plan limit 980
current timestep 38
num of flexible agents: 12
num of flexible tasks: 53
Solving time: 0.000337887 seconds
plan limit 980
current timestep 39
num of flexible agents: 15
num of flexible tasks: 55
Solving time: 0.000322541 seconds
plan limit 980
current timestep 40
num of flexible agents: 17
num of flexible tasks: 58
Solving time: 0.000332687 seconds
plan limit 980
current timestep 41
num of flexible agents: 18
num of flexible tasks: 59
Solving time: 0.000347741 seconds
plan limit 980
current timestep 42
num of flexible agents: 20
num of flexible tasks: 61
Solving time: 0.000337549 seconds
plan limit 980
current timestep 43
num of flexible agents: 19
num of flexible tasks: 60
Solving time: 0.000346129 seconds
plan limit 980
current timestep 44
num of flexible agents: 20
num of flexible tasks: 62
Solving time: 0.000327841 seconds
plan limit 980
current timestep 45
num of flexible agents: 18
num of flexible tasks: 62
Solving time: 0.000343286 seconds
plan limit 980
current timestep 46
num of flexible agents: 19
num of flexible tasks: 63
Solving time: 0.000347096 seconds
plan limit 980
current timestep 47
num of flexible agents: 16
num of flexible tasks: 64
Solving time: 0.000343496 seconds
plan limit 980
current timestep 48
num of flexible agents: 19
num of flexible tasks: 65
Solving time: 0.000339292 seconds
plan limit 980
current timestep 49
num of flexible agents: 17
num of flexible tasks: 67
Solving time: 0.000332366 seconds
plan limit 980
current timestep 50
num of flexible agents: 15
num of flexible tasks: 68
Solving time: 0.000297837 seconds
plan limit 980
current timestep 51
num of flexible agents: 10
num of flexible tasks: 67
Solving time: 0.00028471 seconds
plan limit 980
current timestep 52
num of flexible agents: 8
num of flexible tasks: 67
Solving time: 0.000276636 seconds
plan limit 980
current timestep 53
num of flexible agents: 10
num of flexible tasks: 70
Solving time: 0.000330748 seconds
plan limit 980
current timestep 54
num of flexible agents: 10
num of flexible tasks: 71
Solving time: 0.000339649 seconds
plan limit 980
current timestep 55
num of flexible agents: 10
num of flexible tasks: 73
Solving time: 0.000326617 seconds
plan limit 980
current timestep 56
num of flexible agents: 15
num of flexible tasks: 75
Solving time: 0.000386803 seconds
plan limit 980
current timestep 57
num of flexible agents: 9
num of flexible tasks: 73
Solving time: 0.000320083 seconds
plan limit 980
current timestep 58
num of flexible agents: 11
num of flexible tasks: 76
Solving time: 0.000305567 seconds
plan limit 980
current timestep 59
num of flexible agents: 14
num of flexible tasks: 80
Solving time: 0.000343627 seconds
plan limit 980
current timestep 60
num of flexible agents: 13
num of flexible tasks: 79
Solving time: 0.000348521 seconds
plan limit 980
current timestep 61
num of flexible agents: 17
num of flexible tasks: 79
Solving time: 0.00033257 seconds
plan limit 980
current timestep 62
num of flexible agents: 17
num of flexible tasks: 78
Solving time: 0.000340556 seconds
plan limit 980
current timestep 63
num of flexible agents: 18
num of flexible tasks: 79
Solving time: 0.000334051 seconds
plan limit 980
current timestep 64
num of flexible agents: 11
num of flexible tasks: 75
Solving time: 0.000295891 seconds
plan limit 980
current timestep 65
num of flexible agents: 9
num of flexible tasks: 77
Solving time: 0.000340699 seconds
plan limit 980
current timestep 66
num of flexible agents: 10
num of flexible tasks: 78
Solving time: 0.000285058 seconds
plan limit 980
current timestep 67
num of flexible agents: 11
num of flexible tasks: 81
Solving time: 0.000330279 seconds
plan limit 980
current timestep 68
num of flexible agents: 10
num of flexible tasks: 84
Solving time: 0.000315683 seconds
plan limit 980
current timestep 69
num of flexible agents: 14
num of flexible tasks: 84
Solving time: 0.000369426 seconds
plan limit 980
current timestep 70
num of flexible agents: 9
num of flexible tasks: 79
Solving time: 0.000322421 seconds
plan limit 980
current timestep 71
num of flexible agents: 12
num of flexible tasks: 81
Solving time: 0.000276169 seconds
plan limit 980
current timestep 72
num of flexible agents: 10
num of flexible tasks: 80
Solving time: 0.000308776 seconds
plan limit 980
current timestep 73
num of flexible agents: 7
num of flexible tasks: 78
Solving time: 0.000302654 seconds
plan limit 980
current timestep 74
num of flexible agents: 4
num of flexible tasks: 79
Solving time: 0.000338484 seconds
plan limit 980
current timestep 75
num of flexible agents: 7
num of flexible tasks: 83
Solving time: 0.00028731 seconds
plan limit 980
current timestep 76
num of flexible agents: 7
num of flexible tasks: 86
Solving time: 0.000294599 seconds
plan limit 980
current timestep 77
num of flexible agents: 6
num of flexible tasks: 86
Solving time: 0.00031432 seconds
plan limit 980
current timestep 78
num of flexible agents: 4
num of flexible tasks: 87
Solving time: 0.000869547 seconds
plan limit 979
current timestep 79
num of flexible agents: 7
num of flexible tasks: 92
Solving time: 0.000302307 seconds
plan limit 980
current timestep 80
num of flexible agents: 12
num of flexible tasks: 95
Solving time: 0.000304129 seconds
plan limit 980
current timestep 81
num of flexible agents: 12
num of flexible tasks: 96
Solving time: 0.000322466 seconds
plan limit 980
current timestep 82
num of flexible agents: 14
num of flexible tasks: 96
Solving time: 0.00036369 seconds
plan limit 980
current timestep 83
num of flexible agents: 14
num of flexible tasks: 97
Solving time: 0.000320078 seconds
plan limit 980
current timestep 84
num of flexible agents: 12
num of flexible tasks: 97
Solving time: 0.000308898 seconds
plan limit 980
current timestep 85
num of flexible agents: 9
num of flexible tasks: 95
Solving time: 0.000319089 seconds
plan limit 980
current timestep 86
num of flexible agents: 8
num of flexible tasks: 94
Solving time: 0.000333531 seconds
plan limit 980
current timestep 87
num of flexible agents: 7
num of flexible tasks: 94
Solving time: 0.000312357 seconds
plan limit 980
current timestep 88
num of flexible agents: 5
num of flexible tasks: 95
Solving time: 0.000275623 seconds
plan limit 980
current timestep 89
num of flexible agents: 8
num of flexible tasks: 98
Solving time: 0.000310249 seconds
plan limit 980
current timestep 90
num of flexible agents: 9
num of flexible tasks: 100
Solving time: 0.000300514 seconds
plan limit 980
current timestep 91
num of flexible agents: 14
num of flexible tasks: 104
Solving time: 0.000299499 seconds
plan limit 980
current timestep 92
num of flexible agents: 9
num of flexible tasks: 101
Solving time: 0.000311637 seconds
plan limit 980
current timestep 93
num of flexible agents: 7
num of flexible tasks: 102
Solving time: 0.000318076 seconds
plan limit 980
current timestep 94
num of flexible agents: 12
num of flexible tasks: 105
Solving time: 0.000330588 seconds
plan limit 980
current timestep 95
num of flexible agents: 13
num of flexible tasks: 106
Solving time: 0.000344749 seconds
plan limit 980
current timestep 96
num of flexible agents: 8
num of flexible tasks: 105
Solving time: 0.000313231 seconds
plan limit 980
current timestep 97
num of flexible agents: 8
num of flexible tasks: 108
Solving time: 0.000315796 seconds
plan limit 980
current timestep 98
num of flexible agents: 10
num of flexible tasks: 110
Solving time: 0.000315083 seconds
plan limit 980
current timestep 99
num of flexible agents: 15
num of flexible tasks: 112
Solving time: 0.000313361 seconds
plan limit 980
current timestep 100
num of flexible agents: 14
num of flexible tasks: 106
Solving time: 0.000315486 seconds
plan limit 980
current timestep 101
num of flexible agents: 10
num of flexible tasks: 100
Solving time: 0.000296338 seconds
plan limit 980
current timestep 102
num of flexible agents: 10
num of flexible tasks: 96
Solving time: 0.000298651 seconds
plan limit 980
current timestep 103
num of flexible agents: 10
num of flexible tasks: 92
Solving time: 0.000313238 seconds
plan limit 980
current timestep 104
num of flexible agents: 9
num of flexible tasks: 91
Solving time: 0.000265426 seconds
plan limit 980
current timestep 105
num of flexible agents: 8
num of flexible tasks: 85
Solving time: 0.000311615 seconds
plan limit 980
current timestep 106
num of flexible agents: 9
num of flexible tasks: 82
Solving time: 0.000324796 seconds
plan limit 980
current timestep 107
num of flexible agents: 8
num of flexible tasks: 79
Solving time: 0.000301319 seconds
plan limit 980
current timestep 108
num of flexible agents: 11
num of flexible tasks: 79
Solving time: 0.000316609 seconds
plan limit 980
current timestep 109
num of flexible agents: 14
num of flexible tasks: 77
Solving time: 0.000376062 seconds
plan limit 980
current timestep 110
num of flexible agents: 15
num of flexible tasks: 74
Solving time: 0.000363022 seconds
plan limit 980
current timestep 111
num of flexible agents: 17
num of flexible tasks: 71
Solving time: 0.000334864 seconds
plan limit 980
current timestep 112
num of flexible agents: 18
num of flexible tasks: 67
Solving time: 0.000342663 seconds
plan limit 980
current timestep 113
num of flexible agents: 18
num of flexible tasks: 62
Solving time: 0.000411907 seconds
plan limit 980
current timestep 114
num of flexible agents: 15
num of flexible tasks: 55
Solving time: 0.000399208 seconds
plan limit 980
current timestep 115
num of flexible agents: 21
num of flexible tasks: 55
Solving time: 0.000377163 seconds
plan limit 980
current timestep 116
num of flexible agents: 21
num of flexible tasks: 53
Solving time: 0.000352126 seconds
plan limit 980
current timestep 117
num of flexible agents: 23
num of flexible tasks: 50
Solving time: 0.000346261 seconds
plan limit 980
current timestep 118
num of flexible agents: 24
num of flexible tasks: 47
Solving time: 0.000395415 seconds
plan limit 980
current timestep 119
num of flexible agents: 26
num of flexible tasks: 45
Solving time: 0.000403024 seconds
plan limit 980
current timestep 120
num of flexible agents: 25
num of flexible tasks: 41
Solving time: 0.00041866 seconds
plan limit 980
current timestep 121
num of flexible agents: 27
num of flexible tasks: 40
Solving time: 0.000378135 seconds
plan limit 980
current timestep 122
num of flexible agents: 28
num of flexible tasks: 39
Solving time: 0.000387621 seconds
plan limit 980
current timestep 123
num of flexible agents: 31
num of flexible tasks: 38
Solving time: 0.000548643 seconds
plan limit 980
current timestep 124
num of flexible agents: 29
num of flexible tasks: 36
Solving time: 0.000462776 seconds
plan limit 980
current timestep 125
num of flexible agents: 29
num of flexible tasks: 33
Solving time: 0.00044017 seconds
plan limit 980
current timestep 126
num of flexible agents: 31
num of flexible tasks: 32
Solving time: 0.000506896 seconds
plan limit 980
current timestep 127
num of flexible agents: 33
num of flexible tasks: 31
Solving time: 0.000521975 seconds
plan limit 980
current timestep 128
num of flexible agents: 38
num of flexible tasks: 30
Solving time: 0.000470255 seconds
plan limit 980
current timestep 129
num of flexible agents: 34
num of flexible tasks: 25
Solving time: 0.000408339 seconds
plan limit 980
current timestep 130
num of flexible agents: 35
num of flexible tasks: 20
Solving time: 0.000373575 seconds
plan limit 980
current timestep 131
num of flexible agents: 33
num of flexible tasks: 16
Solving time: 0.000383787 seconds
plan limit 980
current timestep 132
num of flexible agents: 38
num of flexible tasks: 15
Solving time: 0.00037143 seconds
plan limit 980
current timestep 133
num of flexible agents: 41
num of flexible tasks: 13
Solving time: 0.000306827 seconds
plan limit 980
current timestep 134
num of flexible agents: 43
num of flexible tasks: 11
Solving time: 0.000241236 seconds
plan limit 980
current timestep 135
num of flexible agents: 46
num of flexible tasks: 11
Solving time: 0.00028022 seconds
plan limit 980
current timestep 136
num of flexible agents: 45
num of flexible tasks: 10
Solving time: 0.000286374 seconds
plan limit 980
current timestep 137
num of flexible agents: 49
num of flexible tasks: 9
Solving time: 0.000269272 seconds
plan limit 980
current timestep 138
num of flexible agents: 52
num of flexible tasks: 8
Solving time: 0.000274146 seconds
plan limit 980
current timestep 139
num of flexible agents: 52
num of flexible tasks: 7
Solving time: 0.000247178 seconds
plan limit 980
current timestep 140
num of flexible agents: 51
num of flexible tasks: 6
Solving time: 0.000242586 seconds
plan limit 980
current timestep 141
num of flexible agents: 53
num of flexible tasks: 4
Solving time: 0.000265675 seconds
plan limit 980
current timestep 142
num of flexible agents: 53
num of flexible tasks: 4
Solving time: 0.000246827 seconds
plan limit 980
current timestep 143
num of flexible agents: 52
num of flexible tasks: 3
Solving time: 0.000239685 seconds
plan limit 980
current timestep 144
num of flexible agents: 54
num of flexible tasks: 3
Solving time: 0.000262827 seconds
plan limit 980
current timestep 145
num of flexible agents: 54
num of flexible tasks: 2
Solving time: 0.000256097 seconds
plan limit 980
current timestep 146
num of flexible agents: 54
num of flexible tasks: 1
Solving time: 0.000236111 seconds
plan limit 980
current timestep 147
num of flexible agents: 55
num of flexible tasks: 1
Solving time: 0.000229855 seconds
plan limit 980
current timestep 148
num of flexible agents: 60
num of flexible tasks: 1
Solving time: 0.00022444 seconds
plan limit 980
current timestep 149
num of flexible agents: 66
num of flexible tasks: 1
Solving time: 0.000239933 seconds
plan limit 980
current timestep 150
num of flexible agents: 68
num of flexible tasks: 1
Solving time: 0.000255264 seconds
plan limit 980
current timestep 151
num of flexible agents: 72
num of flexible tasks: 1
Solving time: 0.000231348 seconds
plan limit 980
current timestep 152
num of flexible agents: 72
num of flexible tasks: 0
Solving time: 0.000238127 seconds
plan limit 980
current timestep 153
num of flexible agents: 76
num of flexible tasks: 0
Solving time: 0.000211102 seconds
plan limit 980
current timestep 154
num of flexible agents: 77
num of flexible tasks: 0
Solving time: 0.000221766 seconds
plan limit 980
current timestep 155
num of flexible agents: 77
num of flexible tasks: 0
Solving time: 0.000223449 seconds
plan limit 980
current timestep 156
num of flexible agents: 80
num of flexible tasks: 0
Solving time: 0.000216018 seconds
plan limit 980
current timestep 157
num of flexible agents: 84
num of flexible tasks: 0
Solving time: 0.000227733 seconds
plan limit 980
current timestep 158
num of flexible agents: 85
num of flexible tasks: 0
Solving time: 0.000218227 seconds
plan limit 980
current timestep 159
num of flexible agents: 86
num of flexible tasks: 0
Solving time: 0.000253133 seconds
plan limit 980
current timestep 160
num of flexible agents: 87
num of flexible tasks: 0
Solving time: 0.000228861 seconds
plan limit 980
current timestep 161
num of flexible agents: 88
num of flexible tasks: 0
Solving time: 0.00022744 seconds
plan limit 980
current timestep 162
num of flexible agents: 90
num of flexible tasks: 0
Solving time: 0.000222285 seconds
plan limit 980
current timestep 163
num of flexible agents: 90
num of flexible tasks: 0
Solving time: 0.000217995 seconds
plan limit 980
current timestep 164
num of flexible agents: 90
num of flexible tasks: 0
Solving time: 0.000230268 seconds
plan limit 980
current timestep 165
num of flexible agents: 90
num of flexible tasks: 0
Solving time: 0.00022098 seconds
plan limit 980
current timestep 166
num of flexible agents: 92
num of flexible tasks: 0
Solving time: 0.000274819 seconds
plan limit 980
current timestep 167
num of flexible agents: 93
num of flexible tasks: 0
Solving time: 0.000245336 seconds
plan limit 980
current timestep 168
num of flexible agents: 93
num of flexible tasks: 0
Solving time: 0.000246728 seconds
plan limit 980
current timestep 169
num of flexible agents: 95
num of flexible tasks: 0
Solving time: 0.000232043 seconds
plan limit 980
current timestep 170
num of flexible agents: 95
num of flexible tasks: 0
Solving time: 0.000216498 seconds
plan limit 980
current timestep 171
num of flexible agents: 95
num of flexible tasks: 0
Solving time: 0.000244058 seconds
plan limit 980
current timestep 172
num of flexible agents: 95
num of flexible tasks: 0
Solving time: 0.00022944 seconds
plan limit 980
current timestep 173
num of flexible agents: 95
num of flexible tasks: 0
Solving time: 0.000232188 seconds
plan limit 980
current timestep 174
num of flexible agents: 96
num of flexible tasks: 0
Solving time: 0.000239923 seconds
plan limit 980
current timestep 175
num of flexible agents: 96
num of flexible tasks: 0
Solving time: 0.000217965 seconds
plan limit 980
current timestep 176
num of flexible agents: 97
num of flexible tasks: 0
Solving time: 0.000239894 seconds
plan limit 980
current timestep 177
num of flexible agents: 97
num of flexible tasks: 0
Solving time: 0.00026555 seconds
plan limit 980
current timestep 178
num of flexible agents: 97
num of flexible tasks: 0
Solving time: 0.000258219 seconds
plan limit 980
current timestep 179
num of flexible agents: 97
num of flexible tasks: 0
Solving time: 0.000248227 seconds
plan limit 980
current timestep 180
num of flexible agents: 97
num of flexible tasks: 0
Solving time: 0.000218633 seconds
plan limit 980
current timestep 181
num of flexible agents: 97
num of flexible tasks: 0
Solving time: 0.000251259 seconds
plan limit 980
current timestep 182
num of flexible agents: 98
num of flexible tasks: 0
Solving time: 0.000221874 seconds
plan limit 980
current timestep 183
num of flexible agents: 99
num of flexible tasks: 0
Solving time: 0.000232321 seconds
plan limit 980
current timestep 184
num of flexible agents: 99
num of flexible tasks: 0
Solving time: 0.000234384 seconds
plan limit 980
All tasks finished at timestep 185
