current timestep 0
num of flexible agents: 100
num of flexible tasks: 5
Solving time: 0.000303718 seconds
plan limit 980
current timestep 1
num of flexible agents: 97
num of flexible tasks: 7
Solving time: 0.00030073 seconds
plan limit 980
current timestep 2
num of flexible agents: 94
num of flexible tasks: 9
Solving time: 0.000289593 seconds
plan limit 980
current timestep 3
num of flexible agents: 94
num of flexible tasks: 14
Solving time: 0.000347207 seconds
plan limit 980
current timestep 4
num of flexible agents: 92
num of flexible tasks: 17
Solving time: 0.000355562 seconds
plan limit 980
current timestep 5
num of flexible agents: 90
num of flexible tasks: 20
Solving time: 0.000353017 seconds
plan limit 980
current timestep 6
num of flexible agents: 85
num of flexible tasks: 20
Solving time: 0.000387454 seconds
plan limit 980
current timestep 7
num of flexible agents: 83
num of flexible tasks: 23
Solving time: 0.000434351 seconds
plan limit 980
current timestep 8
num of flexible agents: 80
num of flexible tasks: 25
Solving time: 0.000387877 seconds
plan limit 980
current timestep 9
num of flexible agents: 73
num of flexible tasks: 22
Solving time: 0.000350657 seconds
plan limit 980
current timestep 10
num of flexible agents: 69
num of flexible tasks: 23
Solving time: 0.000362149 seconds
plan limit 980
current timestep 11
num of flexible agents: 63
num of flexible tasks: 21
Solving time: 0.00038197 seconds
plan limit 980
current timestep 12
num of flexible agents: 62
num of flexible tasks: 24
Solving time: 0.000400126 seconds
plan limit 980
current timestep 13
num of flexible agents: 59
num of flexible tasks: 25
Solving time: 0.000394663 seconds
plan limit 980
current timestep 14
num of flexible agents: 56
num of flexible tasks: 27
Solving time: 0.000389581 seconds
plan limit 980
current timestep 15
num of flexible agents: 53
num of flexible tasks: 27
Solving time: 0.000423346 seconds
plan limit 980
current timestep 16
num of flexible agents: 49
num of flexible tasks: 28
Solving time: 0.000423675 seconds
plan limit 980
current timestep 17
num of flexible agents: 45
num of flexible tasks: 29
Solving time: 0.000533395 seconds
plan limit 980
current timestep 18
num of flexible agents: 39
num of flexible tasks: 28
Solving time: 0.000495401 seconds
plan limit 980
current timestep 19
num of flexible agents: 37
num of flexible tasks: 31
Solving time: 0.000569237 seconds
plan limit 980
current timestep 20
num of flexible agents: 36
num of flexible tasks: 34
Solving time: 0.000587504 seconds
plan limit 980
current timestep 21
num of flexible agents: 34
num of flexible tasks: 35
Solving time: 0.000606642 seconds
plan limit 980
current timestep 22
num of flexible agents: 31
num of flexible tasks: 36
Solving time: 0.000481801 seconds
plan limit 980
current timestep 23
num of flexible agents: 34
num of flexible tasks: 40
Solving time: 0.000489193 seconds
plan limit 980
current timestep 24
num of flexible agents: 30
num of flexible tasks: 40
Solving time: 0.00041793 seconds
plan limit 980
current timestep 25
num of flexible agents: 31
num of flexible tasks: 41
Solving time: 0.000447545 seconds
plan limit 980
current timestep 26
num of flexible agents: 30
num of flexible tasks: 42
Solving time: 0.000431757 seconds
plan limit 980
current timestep 27
num of flexible agents: 26
num of flexible tasks: 39
Solving time: 0.000372492 seconds
plan limit 980
current timestep 28
num of flexible agents: 20
num of flexible tasks: 36
Solving time: 0.000340996 seconds
plan limit 980
current timestep 29
num of flexible agents: 15
num of flexible tasks: 36
Solving time: 0.000302281 seconds
plan limit 980
current timestep 30
num of flexible agents: 14
num of flexible tasks: 38
Solving time: 0.000315434 seconds
plan limit 980
current timestep 31
num of flexible agents: 18
num of flexible tasks: 41
Solving time: 0.000321573 seconds
plan limit 980
current timestep 32
num of flexible agents: 17
num of flexible tasks: 43
Solving time: 0.000312523 seconds
plan limit 980
current timestep 33
num of flexible agents: 14
num of flexible tasks: 42
Solving time: 0.000321669 seconds
plan limit 980
current timestep 34
num of flexible agents: 17
num of flexible tasks: 46
Solving time: 0.000323947 seconds
plan limit 980
current timestep 35
num of flexible agents: 17
num of flexible tasks: 48
Solving time: 0.000336869 seconds
plan limit 980
current timestep 36
num of flexible agents: 15
num of flexible tasks: 49
Solving time: 0.000323044 seconds
plan limit 980
current timestep 37
num of flexible agents: 16
num of flexible tasks: 51
Solving time: 0.000319134 seconds
plan limit 980
current timestep 38
num of flexible agents: 18
num of flexible tasks: 54
Solving time: 0.000346702 seconds
plan limit 980
current timestep 39
num of flexible agents: 17
num of flexible tasks: 56
Solving time: 0.000406537 seconds
plan limit 980
current timestep 40
num of flexible agents: 15
num of flexible tasks: 56
Solving time: 0.000331903 seconds
plan limit 980
current timestep 41
num of flexible agents: 15
num of flexible tasks: 58
Solving time: 0.000331788 seconds
plan limit 980
current timestep 42
num of flexible agents: 15
num of flexible tasks: 59
Solving time: 0.000296812 seconds
plan limit 980
current timestep 43
num of flexible agents: 15
num of flexible tasks: 60
Solving time: 0.000309157 seconds
plan limit 980
current timestep 44
num of flexible agents: 18
num of flexible tasks: 61
Solving time: 0.000325581 seconds
plan limit 980
current timestep 45
num of flexible agents: 14
num of flexible tasks: 60
Solving time: 0.000300133 seconds
plan limit 980
current timestep 46
num of flexible agents: 9
num of flexible tasks: 59
Solving time: 0.000299652 seconds
plan limit 980
current timestep 47
num of flexible agents: 12
num of flexible tasks: 62
Solving time: 0.000316682 seconds
plan limit 980
current timestep 48
num of flexible agents: 14
num of flexible tasks: 65
Solving time: 0.000320084 seconds
plan limit 980
current timestep 49
num of flexible agents: 12
num of flexible tasks: 65
Solving time: 0.00034607 seconds
plan limit 980
current timestep 50
num of flexible agents: 12
num of flexible tasks: 67
Solving time: 0.000290782 seconds
plan limit 980
current timestep 51
num of flexible agents: 16
num of flexible tasks: 70
Solving time: 0.000329817 seconds
plan limit 980
current timestep 52
num of flexible agents: 15
num of flexible tasks: 70
Solving time: 0.000361633 seconds
plan limit 980
current timestep 53
num of flexible agents: 15
num of flexible tasks: 72
Solving time: 0.000335918 seconds
plan limit 980
current timestep 54
num of flexible agents: 16
num of flexible tasks: 74
Solving time: 0.000340283 seconds
plan limit 980
current timestep 55
num of flexible agents: 15
num of flexible tasks: 74
Solving time: 0.000316419 seconds
plan limit 980
current timestep 56
num of flexible agents: 17
num of flexible tasks: 79
Solving time: 0.0003442 seconds
plan limit 980
current timestep 57
num of flexible agents: 16
num of flexible tasks: 82
Solving time: 0.000370701 seconds
plan limit 980
current timestep 58
num of flexible agents: 14
num of flexible tasks: 80
Solving time: 0.000332396 seconds
plan limit 980
current timestep 59
num of flexible agents: 18
num of flexible tasks: 83
Solving time: 0.00030788 seconds
plan limit 980
current timestep 60
num of flexible agents: 16
num of flexible tasks: 83
Solving time: 0.000329825 seconds
plan limit 980
current timestep 61
num of flexible agents: 13
num of flexible tasks: 83
Solving time: 0.0003419 seconds
plan limit 980
current timestep 62
num of flexible agents: 16
num of flexible tasks: 85
Solving time: 0.00031366 seconds
plan limit 980
current timestep 63
num of flexible agents: 12
num of flexible tasks: 85
Solving time: 0.000312758 seconds
plan limit 980
current timestep 64
num of flexible agents: 14
num of flexible tasks: 87
Solving time: 0.000363099 seconds
plan limit 980
current timestep 65
num of flexible agents: 12
num of flexible tasks: 88
Solving time: 0.000334954 seconds
plan limit 980
current timestep 66
num of flexible agents: 12
num of flexible tasks: 88
Solving time: 0.000349926 seconds
plan limit 980
current timestep 67
num of flexible agents: 10
num of flexible tasks: 88
Solving time: 0.000305508 seconds
plan limit 980
current timestep 68
num of flexible agents: 7
num of flexible tasks: 89
Solving time: 0.00032108 seconds
plan limit 980
current timestep 69
num of flexible agents: 8
num of flexible tasks: 93
Solving time: 0.000310613 seconds
plan limit 980
current timestep 70
num of flexible agents: 10
num of flexible tasks: 96
Solving time: 0.000315521 seconds
plan limit 980
current timestep 71
num of flexible agents: 12
num of flexible tasks: 97
Solving time: 0.00029373 seconds
plan limit 980
current timestep 72
num of flexible agents: 9
num of flexible tasks: 95
Solving time: 0.000323986 seconds
plan limit 980
current timestep 73
num of flexible agents: 14
num of flexible tasks: 99
Solving time: 0.000326006 seconds
plan limit 980
current timestep 74
num of flexible agents: 17
num of flexible tasks: 100
Solving time: 0.000310666 seconds
plan limit 980
current timestep 75
num of flexible agents: 12
num of flexible tasks: 99
Solving time: 0.000366063 seconds
plan limit 980
current timestep 76
num of flexible agents: 10
num of flexible tasks: 99
Solving time: 0.000291099 seconds
plan limit 980
current timestep 77
num of flexible agents: 10
num of flexible tasks: 101
Solving time: 0.000299514 seconds
plan limit 980
current timestep 78
num of flexible agents: 10
num of flexible tasks: 104
Solving time: 0.000282566 seconds
plan limit 980
current timestep 79
num of flexible agents: 12
num of flexible tasks: 104
Solving time: 0.000325739 seconds
plan limit 980
current timestep 80
num of flexible agents: 8
num of flexible tasks: 103
Solving time: 0.000297416 seconds
plan limit 980
current timestep 81
num of flexible agents: 11
num of flexible tasks: 107
Solving time: 0.000308228 seconds
plan limit 980
current timestep 82
num of flexible agents: 10
num of flexible tasks: 108
Solving time: 0.000319293 seconds
plan limit 980
current timestep 83
num of flexible agents: 14
num of flexible tasks: 111
Solving time: 0.000326388 seconds
plan limit 980
current timestep 84
num of flexible agents: 12
num of flexible tasks: 109
Solving time: 0.000367497 seconds
plan limit 980
current timestep 85
num of flexible agents: 12
num of flexible tasks: 109
Solving time: 0.0003082 seconds
plan limit 980
current timestep 86
num of flexible agents: 7
num of flexible tasks: 109
Solving time: 0.000286052 seconds
plan limit 980
current timestep 87
num of flexible agents: 10
num of flexible tasks: 112
Solving time: 0.000317392 seconds
plan limit 980
current timestep 88
num of flexible agents: 13
num of flexible tasks: 115
Solving time: 0.000320248 seconds
plan limit 980
current timestep 89
num of flexible agents: 15
num of flexible tasks: 116
Solving time: 0.000316928 seconds
plan limit 980
current timestep 90
num of flexible agents: 13
num of flexible tasks: 115
Solving time: 0.000312242 seconds
plan limit 980
current timestep 91
num of flexible agents: 11
num of flexible tasks: 116
Solving time: 0.000348821 seconds
plan limit 980
current timestep 92
num of flexible agents: 11
num of flexible tasks: 116
Solving time: 0.000327285 seconds
plan limit 980
current timestep 93
num of flexible agents: 9
num of flexible tasks: 117
Solving time: 0.000355271 seconds
plan limit 980
current timestep 94
num of flexible agents: 10
num of flexible tasks: 120
Solving time: 0.000297883 seconds
plan limit 980
current timestep 95
num of flexible agents: 10
num of flexible tasks: 122
Solving time: 0.000326816 seconds
plan limit 980
current timestep 96
num of flexible agents: 4
num of flexible tasks: 120
Solving time: 0.000839022 seconds
plan limit 980
current timestep 97
num of flexible agents: 7
num of flexible tasks: 122
Solving time: 0.00028766 seconds
plan limit 980
current timestep 98
num of flexible agents: 10
num of flexible tasks: 123
Solving time: 0.000289314 seconds
plan limit 980
current timestep 99
num of flexible agents: 9
num of flexible tasks: 124
Solving time: 0.000293451 seconds
plan limit 980
current timestep 100
num of flexible agents: 9
num of flexible tasks: 119
Solving time: 0.000288486 seconds
plan limit 980
current timestep 101
num of flexible agents: 3
num of flexible tasks: 112
Solving time: 0.00082533 seconds
plan limit 980
current timestep 102
num of flexible agents: 7
num of flexible tasks: 111
Solving time: 0.000290728 seconds
plan limit 980
current timestep 103
num of flexible agents: 7
num of flexible tasks: 109
Solving time: 0.000295047 seconds
plan limit 980
current timestep 104
num of flexible agents: 6
num of flexible tasks: 106
Solving time: 0.000321146 seconds
plan limit 980
current timestep 105
num of flexible agents: 10
num of flexible tasks: 105
Solving time: 0.000288136 seconds
plan limit 980
current timestep 106
num of flexible agents: 9
num of flexible tasks: 99
Solving time: 0.000313967 seconds
plan limit 980
current timestep 107
num of flexible agents: 9
num of flexible tasks: 95
Solving time: 0.000319039 seconds
plan limit 980
current timestep 108
num of flexible agents: 9
num of flexible tasks: 91
Solving time: 0.000304773 seconds
plan limit 980
current timestep 109
num of flexible agents: 5
num of flexible tasks: 86
Solving time: 0.000873212 seconds
plan limit 979
current timestep 110
num of flexible agents: 9
num of flexible tasks: 85
Solving time: 0.000310909 seconds
plan limit 980
current timestep 111
num of flexible agents: 13
num of flexible tasks: 83
Solving time: 0.00033855 seconds
plan limit 980
current timestep 112
num of flexible agents: 13
num of flexible tasks: 78
Solving time: 0.000339731 seconds
plan limit 980
current timestep 113
num of flexible agents: 17
num of flexible tasks: 75
Solving time: 0.000338062 seconds
plan limit 980
current timestep 114
num of flexible agents: 12
num of flexible tasks: 67
Solving time: 0.000363639 seconds
plan limit 980
current timestep 115
num of flexible agents: 11
num of flexible tasks: 64
Solving time: 0.000355916 seconds
plan limit 980
current timestep 116
num of flexible agents: 12
num of flexible tasks: 61
Solving time: 0.000339927 seconds
plan limit 980
current timestep 117
num of flexible agents: 14
num of flexible tasks: 58
Solving time: 0.000348544 seconds
plan limit 980
current timestep 118
num of flexible agents: 16
num of flexible tasks: 57
Solving time: 0.00033575 seconds
plan limit 980
current timestep 119
num of flexible agents: 15
num of flexible tasks: 54
Solving time: 0.0003207 seconds
plan limit 980
current timestep 120
num of flexible agents: 17
num of flexible tasks: 51
Solving time: 0.000322277 seconds
plan limit 980
current timestep 121
num of flexible agents: 22
num of flexible tasks: 49
Solving time: 0.000364717 seconds
plan limit 980
current timestep 122
num of flexible agents: 24
num of flexible tasks: 48
Solving time: 0.000412489 seconds
plan limit 980
current timestep 123
num of flexible agents: 27
num of flexible tasks: 43
Solving time: 0.000461835 seconds
plan limit 980
current timestep 124
num of flexible agents: 23
num of flexible tasks: 37
Solving time: 0.000492445 seconds
plan limit 980
current timestep 125
num of flexible agents: 26
num of flexible tasks: 36
Solving time: 0.000445105 seconds
plan limit 980
current timestep 126
num of flexible agents: 23
num of flexible tasks: 30
Solving time: 0.000500312 seconds
plan limit 980
current timestep 127
num of flexible agents: 23
num of flexible tasks: 28
Solving time: 0.000537848 seconds
plan limit 980
current timestep 128
num of flexible agents: 24
num of flexible tasks: 27
Solving time: 0.00053954 seconds
plan limit 980
current timestep 129
num of flexible agents: 31
num of flexible tasks: 26
Solving time: 0.000541814 seconds
plan limit 980
current timestep 130
num of flexible agents: 34
num of flexible tasks: 23
Solving time: 0.000406154 seconds
plan limit 980
current timestep 131
num of flexible agents: 35
num of flexible tasks: 22
Solving time: 0.000404299 seconds
plan limit 980
current timestep 132
num of flexible agents: 35
num of flexible tasks: 21
Solving time: 0.000374609 seconds
plan limit 980
current timestep 133
num of flexible agents: 38
num of flexible tasks: 20
Solving time: 0.000406989 seconds
plan limit 980
current timestep 134
num of flexible agents: 35
num of flexible tasks: 16
Solving time: 0.000345549 seconds
plan limit 980
current timestep 135
num of flexible agents: 34
num of flexible tasks: 14
Solving time: 0.000323107 seconds
plan limit 980
current timestep 136
num of flexible agents: 36
num of flexible tasks: 12
Solving time: 0.000318179 seconds
plan limit 980
current timestep 137
num of flexible agents: 36
num of flexible tasks: 10
Solving time: 0.000312768 seconds
plan limit 980
current timestep 138
num of flexible agents: 41
num of flexible tasks: 10
Solving time: 0.000278374 seconds
plan limit 980
current timestep 139
num of flexible agents: 43
num of flexible tasks: 7
Solving time: 0.000272404 seconds
plan limit 980
current timestep 140
num of flexible agents: 44
num of flexible tasks: 6
Solving time: 0.000260575 seconds
plan limit 980
current timestep 141
num of flexible agents: 50
num of flexible tasks: 6
Solving time: 0.000265606 seconds
plan limit 980
current timestep 142
num of flexible agents: 53
num of flexible tasks: 5
Solving time: 0.000272787 seconds
plan limit 980
current timestep 143
num of flexible agents: 53
num of flexible tasks: 4
Solving time: 0.000254482 seconds
plan limit 980
current timestep 144
num of flexible agents: 55
num of flexible tasks: 3
Solving time: 0.000939407 seconds
plan limit 979
current timestep 145
num of flexible agents: 56
num of flexible tasks: 2
Solving time: 0.000880228 seconds
plan limit 979
current timestep 146
num of flexible agents: 57
num of flexible tasks: 1
Solving time: 0.000250112 seconds
plan limit 980
current timestep 147
num of flexible agents: 60
num of flexible tasks: 1
Solving time: 0.000235386 seconds
plan limit 980
current timestep 148
num of flexible agents: 62
num of flexible tasks: 0
Solving time: 0.000228295 seconds
plan limit 980
current timestep 149
num of flexible agents: 69
num of flexible tasks: 0
Solving time: 0.00021702 seconds
plan limit 980
current timestep 150
num of flexible agents: 71
num of flexible tasks: 0
Solving time: 0.000246215 seconds
plan limit 980
current timestep 151
num of flexible agents: 73
num of flexible tasks: 0
Solving time: 0.00113506 seconds
plan limit 979
current timestep 152
num of flexible agents: 75
num of flexible tasks: 0
Solving time: 0.000223634 seconds
plan limit 980
current timestep 153
num of flexible agents: 77
num of flexible tasks: 0
Solving time: 0.000255696 seconds
plan limit 980
current timestep 154
num of flexible agents: 77
num of flexible tasks: 0
Solving time: 0.000236792 seconds
plan limit 980
current timestep 155
num of flexible agents: 78
num of flexible tasks: 0
Solving time: 0.000224349 seconds
plan limit 980
current timestep 156
num of flexible agents: 80
num of flexible tasks: 0
Solving time: 0.000216783 seconds
plan limit 980
current timestep 157
num of flexible agents: 81
num of flexible tasks: 0
Solving time: 0.000213689 seconds
plan limit 980
current timestep 158
num of flexible agents: 82
num of flexible tasks: 0
Solving time: 0.000218381 seconds
plan limit 980
current timestep 159
num of flexible agents: 85
num of flexible tasks: 0
Solving time: 0.000230349 seconds
plan limit 980
current timestep 160
num of flexible agents: 85
num of flexible tasks: 0
Solving time: 0.000221967 seconds
plan limit 980
current timestep 161
num of flexible agents: 87
num of flexible tasks: 0
Solving time: 0.000203773 seconds
plan limit 980
current timestep 162
num of flexible agents: 87
num of flexible tasks: 0
Solving time: 0.000226083 seconds
plan limit 980
current timestep 163
num of flexible agents: 88
num of flexible tasks: 0
Solving time: 0.000211338 seconds
plan limit 980
current timestep 164
num of flexible agents: 88
num of flexible tasks: 0
Solving time: 0.000229202 seconds
plan limit 980
current timestep 165
num of flexible agents: 90
num of flexible tasks: 0
Solving time: 0.000248885 seconds
plan limit 980
current timestep 166
num of flexible agents: 93
num of flexible tasks: 0
Solving time: 0.000240894 seconds
plan limit 980
current timestep 167
num of flexible agents: 94
num of flexible tasks: 0
Solving time: 0.000218962 seconds
plan limit 980
current timestep 168
num of flexible agents: 96
num of flexible tasks: 0
Solving time: 0.000238224 seconds
plan limit 980
current timestep 169
num of flexible agents: 96
num of flexible tasks: 0
Solving time: 0.000234419 seconds
plan limit 980
current timestep 170
num of flexible agents: 96
num of flexible tasks: 0
Solving time: 0.000223112 seconds
plan limit 980
current timestep 171
num of flexible agents: 96
num of flexible tasks: 0
Solving time: 0.000247672 seconds
plan limit 980
current timestep 172
num of flexible agents: 97
num of flexible tasks: 0
Solving time: 0.00025728 seconds
plan limit 980
current timestep 173
num of flexible agents: 97
num of flexible tasks: 0
Solving time: 0.000238235 seconds
plan limit 980
current timestep 174
num of flexible agents: 97
num of flexible tasks: 0
Solving time: 0.000219468 seconds
plan limit 980
current timestep 175
num of flexible agents: 98
num of flexible tasks: 0
Solving time: 0.000227112 seconds
plan limit 980
current timestep 176
num of flexible agents: 99
num of flexible tasks: 0
Solving time: 0.000229458 seconds
plan limit 980
current timestep 177
num of flexible agents: 99
num of flexible tasks: 0
Solving time: 0.000231301 seconds
plan limit 980
current timestep 178
num of flexible agents: 99
num of flexible tasks: 0
Solving time: 0.000228673 seconds
plan limit 980
All tasks finished at timestep 179
