current timestep 0
num of flexible agents: 100
num of flexible tasks: 5
Solving time: 0.000322743 seconds
plan limit 980
current timestep 1
num of flexible agents: 98
num of flexible tasks: 8
Solving time: 0.00034396 seconds
plan limit 980
current timestep 2
num of flexible agents: 94
num of flexible tasks: 9
Solving time: 0.000320247 seconds
plan limit 980
current timestep 3
num of flexible agents: 93
num of flexible tasks: 13
Solving time: 0.000290286 seconds
plan limit 980
current timestep 4
num of flexible agents: 92
num of flexible tasks: 17
Solving time: 0.000335357 seconds
plan limit 980
current timestep 5
num of flexible agents: 90
num of flexible tasks: 20
Solving time: 0.000341519 seconds
plan limit 980
current timestep 6
num of flexible agents: 87
num of flexible tasks: 22
Solving time: 0.000357749 seconds
plan limit 980
current timestep 7
num of flexible agents: 85
num of flexible tasks: 25
Solving time: 0.000364079 seconds
plan limit 980
current timestep 8
num of flexible agents: 76
num of flexible tasks: 21
Solving time: 0.000341342 seconds
plan limit 980
current timestep 9
num of flexible agents: 72
num of flexible tasks: 22
Solving time: 0.000418398 seconds
plan limit 980
current timestep 10
num of flexible agents: 69
num of flexible tasks: 24
Solving time: 0.000419395 seconds
plan limit 980
current timestep 11
num of flexible agents: 65
num of flexible tasks: 25
Solving time: 0.000410593 seconds
plan limit 980
current timestep 12
num of flexible agents: 65
num of flexible tasks: 30
Solving time: 0.000464963 seconds
plan limit 980
current timestep 13
num of flexible agents: 62
num of flexible tasks: 31
Solving time: 0.00048706 seconds
plan limit 980
current timestep 14
num of flexible agents: 57
num of flexible tasks: 30
Solving time: 0.000462035 seconds
plan limit 980
current timestep 15
num of flexible agents: 58
num of flexible tasks: 34
Solving time: 0.0004206 seconds
plan limit 980
current timestep 16
num of flexible agents: 51
num of flexible tasks: 32
Solving time: 0.000502193 seconds
plan limit 980
current timestep 17
num of flexible agents: 43
num of flexible tasks: 28
Solving time: 0.000490967 seconds
plan limit 980
current timestep 18
num of flexible agents: 42
num of flexible tasks: 29
Solving time: 0.000552097 seconds
plan limit 980
current timestep 19
num of flexible agents: 40
num of flexible tasks: 31
Solving time: 0.000437513 seconds
plan limit 980
current timestep 20
num of flexible agents: 36
num of flexible tasks: 31
Solving time: 0.000468524 seconds
plan limit 980
current timestep 21
num of flexible agents: 31
num of flexible tasks: 31
Solving time: 0.000562511 seconds
plan limit 980
current timestep 22
num of flexible agents: 30
num of flexible tasks: 34
Solving time: 0.000480026 seconds
plan limit 980
current timestep 23
num of flexible agents: 27
num of flexible tasks: 35
Solving time: 0.000427507 seconds
plan limit 980
current timestep 24
num of flexible agents: 28
num of flexible tasks: 39
Solving time: 0.000454814 seconds
plan limit 980
current timestep 25
num of flexible agents: 27
num of flexible tasks: 40
Solving time: 0.00039771 seconds
plan limit 980
current timestep 26
num of flexible agents: 27
num of flexible tasks: 41
Solving time: 0.000381894 seconds
plan limit 980
current timestep 27
num of flexible agents: 24
num of flexible tasks: 42
Solving time: 0.000358465 seconds
plan limit 980
current timestep 28
num of flexible agents: 25
num of flexible tasks: 45
Solving time: 0.000354789 seconds
plan limit 980
current timestep 29
num of flexible agents: 26
num of flexible tasks: 47
Solving time: 0.000373441 seconds
plan limit 980
current timestep 30
num of flexible agents: 21
num of flexible tasks: 47
Solving time: 0.000365351 seconds
plan limit 980
current timestep 31
num of flexible agents: 20
num of flexible tasks: 50
Solving time: 0.000402496 seconds
plan limit 980
current timestep 32
num of flexible agents: 20
num of flexible tasks: 51
Solving time: 0.000306857 seconds
plan limit 980
current timestep 33
num of flexible agents: 16
num of flexible tasks: 50
Solving time: 0.000315422 seconds
plan limit 980
current timestep 34
num of flexible agents: 18
num of flexible tasks: 54
Solving time: 0.000315171 seconds
plan limit 980
current timestep 35
num of flexible agents: 17
num of flexible tasks: 55
Solving time: 0.000322885 seconds
plan limit 980
current timestep 36
num of flexible agents: 15
num of flexible tasks: 54
Solving time: 0.000291504 seconds
plan limit 980
current timestep 37
num of flexible agents: 17
num of flexible tasks: 54
Solving time: 0.000308769 seconds
plan limit 980
current timestep 38
num of flexible agents: 13
num of flexible tasks: 55
Solving time: 0.000308059 seconds
plan limit 980
current timestep 39
num of flexible agents: 15
num of flexible tasks: 57
Solving time: 0.000291456 seconds
plan limit 980
current timestep 40
num of flexible agents: 10
num of flexible tasks: 53
Solving time: 0.000338699 seconds
plan limit 980
current timestep 41
num of flexible agents: 9
num of flexible tasks: 56
Solving time: 0.000300876 seconds
plan limit 980
current timestep 42
num of flexible agents: 8
num of flexible tasks: 57
Solving time: 0.000319637 seconds
plan limit 980
current timestep 43
num of flexible agents: 8
num of flexible tasks: 61
Solving time: 0.000284799 seconds
plan limit 980
current timestep 44
num of flexible agents: 11
num of flexible tasks: 65
Solving time: 0.000308619 seconds
plan limit 980
current timestep 45
num of flexible agents: 9
num of flexible tasks: 65
Solving time: 0.000275393 seconds
plan limit 980
current timestep 46
num of flexible agents: 11
num of flexible tasks: 69
Solving time: 0.000300736 seconds
plan limit 980
current timestep 47
num of flexible agents: 8
num of flexible tasks: 69
Solving time: 0.000276824 seconds
plan limit 980
current timestep 48
num of flexible agents: 11
num of flexible tasks: 74
Solving time: 0.000311537 seconds
plan limit 980
current timestep 49
num of flexible agents: 11
num of flexible tasks: 75
Solving time: 0.000324558 seconds
plan limit 980
current timestep 50
num of flexible agents: 10
num of flexible tasks: 76
Solving time: 0.000271867 seconds
plan limit 980
current timestep 51
num of flexible agents: 10
num of flexible tasks: 76
Solving time: 0.000271904 seconds
plan limit 980
current timestep 52
num of flexible agents: 9
num of flexible tasks: 78
Solving time: 0.000278991 seconds
plan limit 980
current timestep 53
num of flexible agents: 11
num of flexible tasks: 80
Solving time: 0.000303195 seconds
plan limit 980
current timestep 54
num of flexible agents: 11
num of flexible tasks: 81
Solving time: 0.000278037 seconds
plan limit 980
current timestep 55
num of flexible agents: 14
num of flexible tasks: 83
Solving time: 0.000302333 seconds
plan limit 980
current timestep 56
num of flexible agents: 9
num of flexible tasks: 80
Solving time: 0.000295512 seconds
plan limit 980
current timestep 57
num of flexible agents: 4
num of flexible tasks: 80
Solving time: 0.00027026 seconds
plan limit 980
current timestep 58
num of flexible agents: 9
num of flexible tasks: 85
Solving time: 0.000337947 seconds
plan limit 980
current timestep 59
num of flexible agents: 10
num of flexible tasks: 86
Solving time: 0.000306384 seconds
plan limit 980
current timestep 60
num of flexible agents: 9
num of flexible tasks: 88
Solving time: 0.000283538 seconds
plan limit 980
current timestep 61
num of flexible agents: 11
num of flexible tasks: 89
Solving time: 0.000287546 seconds
plan limit 980
current timestep 62
num of flexible agents: 14
num of flexible tasks: 90
Solving time: 0.000335942 seconds
plan limit 980
current timestep 63
num of flexible agents: 12
num of flexible tasks: 88
Solving time: 0.000306146 seconds
plan limit 980
current timestep 64
num of flexible agents: 16
num of flexible tasks: 90
Solving time: 0.000302383 seconds
plan limit 980
current timestep 65
num of flexible agents: 15
num of flexible tasks: 91
Solving time: 0.000301003 seconds
plan limit 980
current timestep 66
num of flexible agents: 17
num of flexible tasks: 91
Solving time: 0.000324196 seconds
plan limit 980
current timestep 67
num of flexible agents: 14
num of flexible tasks: 89
Solving time: 0.000360916 seconds
plan limit 980
current timestep 68
num of flexible agents: 9
num of flexible tasks: 87
Solving time: 0.000288767 seconds
plan limit 980
current timestep 69
num of flexible agents: 13
num of flexible tasks: 91
Solving time: 0.000269569 seconds
plan limit 980
current timestep 70
num of flexible agents: 14
num of flexible tasks: 92
Solving time: 0.000305838 seconds
plan limit 980
current timestep 71
num of flexible agents: 12
num of flexible tasks: 93
Solving time: 0.000297162 seconds
plan limit 980
current timestep 72
num of flexible agents: 11
num of flexible tasks: 94
Solving time: 0.000297467 seconds
plan limit 980
current timestep 73
num of flexible agents: 14
num of flexible tasks: 96
Solving time: 0.000313146 seconds
plan limit 980
current timestep 74
num of flexible agents: 9
num of flexible tasks: 96
Solving time: 0.000293775 seconds
plan limit 980
current timestep 75
num of flexible agents: 9
num of flexible tasks: 96
Solving time: 0.000288917 seconds
plan limit 980
current timestep 76
num of flexible agents: 10
num of flexible tasks: 99
Solving time: 0.000306481 seconds
plan limit 980
current timestep 77
num of flexible agents: 13
num of flexible tasks: 102
Solving time: 0.000319997 seconds
plan limit 980
current timestep 78
num of flexible agents: 12
num of flexible tasks: 104
Solving time: 0.000310535 seconds
plan limit 980
current timestep 79
num of flexible agents: 9
num of flexible tasks: 105
Solving time: 0.000291407 seconds
plan limit 980
current timestep 80
num of flexible agents: 8
num of flexible tasks: 105
Solving time: 0.000306809 seconds
plan limit 980
current timestep 81
num of flexible agents: 15
num of flexible tasks: 110
Solving time: 0.000301915 seconds
plan limit 980
current timestep 82
num of flexible agents: 12
num of flexible tasks: 107
Solving time: 0.00030385 seconds
plan limit 980
current timestep 83
num of flexible agents: 8
num of flexible tasks: 104
Solving time: 0.000304718 seconds
plan limit 980
current timestep 84
num of flexible agents: 10
num of flexible tasks: 107
Solving time: 0.000320114 seconds
plan limit 980
current timestep 85
num of flexible agents: 12
num of flexible tasks: 109
Solving time: 0.000319399 seconds
plan limit 980
current timestep 86
num of flexible agents: 12
num of flexible tasks: 111
Solving time: 0.000304924 seconds
plan limit 980
current timestep 87
num of flexible agents: 9
num of flexible tasks: 109
Solving time: 0.000294444 seconds
plan limit 980
current timestep 88
num of flexible agents: 7
num of flexible tasks: 112
Solving time: 0.000305663 seconds
plan limit 980
current timestep 89
num of flexible agents: 7
num of flexible tasks: 113
Solving time: 0.000299692 seconds
plan limit 980
current timestep 90
num of flexible agents: 12
num of flexible tasks: 114
Solving time: 0.000327758 seconds
plan limit 980
current timestep 91
num of flexible agents: 12
num of flexible tasks: 116
Solving time: 0.000323571 seconds
plan limit 980
current timestep 92
num of flexible agents: 10
num of flexible tasks: 116
Solving time: 0.000317741 seconds
plan limit 980
current timestep 93
num of flexible agents: 13
num of flexible tasks: 119
Solving time: 0.000307419 seconds
plan limit 980
current timestep 94
num of flexible agents: 12
num of flexible tasks: 117
Solving time: 0.000301204 seconds
plan limit 980
current timestep 95
num of flexible agents: 10
num of flexible tasks: 115
Solving time: 0.000289798 seconds
plan limit 980
current timestep 96
num of flexible agents: 12
num of flexible tasks: 118
Solving time: 0.000322277 seconds
plan limit 980
current timestep 97
num of flexible agents: 13
num of flexible tasks: 118
Solving time: 0.000335272 seconds
plan limit 980
current timestep 98
num of flexible agents: 11
num of flexible tasks: 117
Solving time: 0.000308879 seconds
plan limit 980
current timestep 99
num of flexible agents: 10
num of flexible tasks: 119
Solving time: 0.000301192 seconds
plan limit 980
current timestep 100
num of flexible agents: 12
num of flexible tasks: 116
Solving time: 0.00032128 seconds
plan limit 980
current timestep 101
num of flexible agents: 8
num of flexible tasks: 110
Solving time: 0.00029657 seconds
plan limit 980
current timestep 102
num of flexible agents: 6
num of flexible tasks: 107
Solving time: 0.000303196 seconds
plan limit 980
current timestep 103
num of flexible agents: 8
num of flexible tasks: 105
Solving time: 0.000313896 seconds
plan limit 980
current timestep 104
num of flexible agents: 15
num of flexible tasks: 103
Solving time: 0.000313662 seconds
plan limit 980
current timestep 105
num of flexible agents: 14
num of flexible tasks: 96
Solving time: 0.000290439 seconds
plan limit 980
current timestep 106
num of flexible agents: 14
num of flexible tasks: 94
Solving time: 0.00030857 seconds
plan limit 980
current timestep 107
num of flexible agents: 14
num of flexible tasks: 92
Solving time: 0.00034078 seconds
plan limit 980
current timestep 108
num of flexible agents: 14
num of flexible tasks: 88
Solving time: 0.000301459 seconds
plan limit 980
current timestep 109
num of flexible agents: 14
num of flexible tasks: 84
Solving time: 0.000295204 seconds
plan limit 980
current timestep 110
num of flexible agents: 13
num of flexible tasks: 80
Solving time: 0.000321472 seconds
plan limit 980
current timestep 111
num of flexible agents: 15
num of flexible tasks: 79
Solving time: 0.000354857 seconds
plan limit 980
current timestep 112
num of flexible agents: 19
num of flexible tasks: 75
Solving time: 0.00032326 seconds
plan limit 980
current timestep 113
num of flexible agents: 19
num of flexible tasks: 72
Solving time: 0.000354025 seconds
plan limit 980
current timestep 114
num of flexible agents: 16
num of flexible tasks: 69
Solving time: 0.000341583 seconds
plan limit 980
current timestep 115
num of flexible agents: 18
num of flexible tasks: 68
Solving time: 0.000355919 seconds
plan limit 980
current timestep 116
num of flexible agents: 24
num of flexible tasks: 66
Solving time: 0.000375783 seconds
plan limit 980
current timestep 117
num of flexible agents: 22
num of flexible tasks: 62
Solving time: 0.000360887 seconds
plan limit 980
current timestep 118
num of flexible agents: 25
num of flexible tasks: 60
Solving time: 0.000370958 seconds
plan limit 980
current timestep 119
num of flexible agents: 28
num of flexible tasks: 59
Solving time: 0.000398331 seconds
plan limit 980
current timestep 120
num of flexible agents: 27
num of flexible tasks: 55
Solving time: 0.000411941 seconds
plan limit 980
current timestep 121
num of flexible agents: 24
num of flexible tasks: 50
Solving time: 0.00038945 seconds
plan limit 980
current timestep 122
num of flexible agents: 22
num of flexible tasks: 45
Solving time: 0.000405617 seconds
plan limit 980
current timestep 123
num of flexible agents: 26
num of flexible tasks: 42
Solving time: 0.00041576 seconds
plan limit 980
current timestep 124
num of flexible agents: 28
num of flexible tasks: 39
Solving time: 0.000453799 seconds
plan limit 980
current timestep 125
num of flexible agents: 26
num of flexible tasks: 36
Solving time: 0.000439191 seconds
plan limit 980
current timestep 126
num of flexible agents: 30
num of flexible tasks: 35
Solving time: 0.000428072 seconds
plan limit 980
current timestep 127
num of flexible agents: 31
num of flexible tasks: 33
Solving time: 0.000457509 seconds
plan limit 980
current timestep 128
num of flexible agents: 31
num of flexible tasks: 30
Solving time: 0.000436537 seconds
plan limit 980
current timestep 129
num of flexible agents: 33
num of flexible tasks: 27
Solving time: 0.00045036 seconds
plan limit 980
current timestep 130
num of flexible agents: 35
num of flexible tasks: 27
Solving time: 0.000397433 seconds
plan limit 980
current timestep 131
num of flexible agents: 36
num of flexible tasks: 24
Solving time: 0.000382823 seconds
plan limit 980
current timestep 132
num of flexible agents: 37
num of flexible tasks: 24
Solving time: 0.000385961 seconds
plan limit 980
current timestep 133
num of flexible agents: 40
num of flexible tasks: 21
Solving time: 0.000328092 seconds
plan limit 980
current timestep 134
num of flexible agents: 38
num of flexible tasks: 17
Solving time: 0.000303141 seconds
plan limit 980
current timestep 135
num of flexible agents: 39
num of flexible tasks: 13
Solving time: 0.000298483 seconds
plan limit 980
current timestep 136
num of flexible agents: 42
num of flexible tasks: 12
Solving time: 0.000299476 seconds
plan limit 980
current timestep 137
num of flexible agents: 42
num of flexible tasks: 11
Solving time: 0.000300574 seconds
plan limit 980
current timestep 138
num of flexible agents: 41
num of flexible tasks: 10
Solving time: 0.000302309 seconds
plan limit 980
current timestep 139
num of flexible agents: 43
num of flexible tasks: 9
Solving time: 0.000254351 seconds
plan limit 980
current timestep 140
num of flexible agents: 46
num of flexible tasks: 7
Solving time: 0.000268984 seconds
plan limit 980
current timestep 141
num of flexible agents: 46
num of flexible tasks: 6
Solving time: 0.00022651 seconds
plan limit 980
current timestep 142
num of flexible agents: 47
num of flexible tasks: 4
Solving time: 0.000253593 seconds
plan limit 980
current timestep 143
num of flexible agents: 48
num of flexible tasks: 2
Solving time: 0.000239641 seconds
plan limit 980
current timestep 144
num of flexible agents: 51
num of flexible tasks: 2
Solving time: 0.000209631 seconds
plan limit 980
current timestep 145
num of flexible agents: 54
num of flexible tasks: 1
Solving time: 0.000219192 seconds
plan limit 980
current timestep 146
num of flexible agents: 59
num of flexible tasks: 0
Solving time: 0.00021119 seconds
plan limit 980
current timestep 147
num of flexible agents: 60
num of flexible tasks: 0
Solving time: 0.000213295 seconds
plan limit 980
current timestep 148
num of flexible agents: 64
num of flexible tasks: 0
Solving time: 0.000194793 seconds
plan limit 980
current timestep 149
num of flexible agents: 65
num of flexible tasks: 0
Solving time: 0.000203214 seconds
plan limit 980
current timestep 150
num of flexible agents: 69
num of flexible tasks: 0
Solving time: 0.000208106 seconds
plan limit 980
current timestep 151
num of flexible agents: 71
num of flexible tasks: 0
Solving time: 0.000206145 seconds
plan limit 980
current timestep 152
num of flexible agents: 73
num of flexible tasks: 0
Solving time: 0.000230964 seconds
plan limit 980
current timestep 153
num of flexible agents: 75
num of flexible tasks: 0
Solving time: 0.000214905 seconds
plan limit 980
current timestep 154
num of flexible agents: 77
num of flexible tasks: 0
Solving time: 0.000199748 seconds
plan limit 980
current timestep 155
num of flexible agents: 79
num of flexible tasks: 0
Solving time: 0.00019513 seconds
plan limit 980
current timestep 156
num of flexible agents: 80
num of flexible tasks: 0
Solving time: 0.000208369 seconds
plan limit 980
current timestep 157
num of flexible agents: 83
num of flexible tasks: 0
Solving time: 0.000206811 seconds
plan limit 980
current timestep 158
num of flexible agents: 84
num of flexible tasks: 0
Solving time: 0.000206599 seconds
plan limit 980
current timestep 159
num of flexible agents: 85
num of flexible tasks: 0
Solving time: 0.000207087 seconds
plan limit 980
current timestep 160
num of flexible agents: 85
num of flexible tasks: 0
Solving time: 0.000210882 seconds
plan limit 980
current timestep 161
num of flexible agents: 87
num of flexible tasks: 0
Solving time: 0.000200175 seconds
plan limit 980
current timestep 162
num of flexible agents: 87
num of flexible tasks: 0
Solving time: 0.000207147 seconds
plan limit 980
current timestep 163
num of flexible agents: 88
num of flexible tasks: 0
Solving time: 0.000217872 seconds
plan limit 980
current timestep 164
num of flexible agents: 90
num of flexible tasks: 0
Solving time: 0.000242811 seconds
plan limit 980
current timestep 165
num of flexible agents: 90
num of flexible tasks: 0
Solving time: 0.00022243 seconds
plan limit 980
current timestep 166
num of flexible agents: 91
num of flexible tasks: 0
Solving time: 0.00020945 seconds
plan limit 980
current timestep 167
num of flexible agents: 93
num of flexible tasks: 0
Solving time: 0.000210428 seconds
plan limit 980
current timestep 168
num of flexible agents: 93
num of flexible tasks: 0
Solving time: 0.000202286 seconds
plan limit 980
current timestep 169
num of flexible agents: 94
num of flexible tasks: 0
Solving time: 0.000206195 seconds
plan limit 980
current timestep 170
num of flexible agents: 94
num of flexible tasks: 0
Solving time: 0.000200024 seconds
plan limit 980
current timestep 171
num of flexible agents: 95
num of flexible tasks: 0
Solving time: 0.000206939 seconds
plan limit 980
current timestep 172
num of flexible agents: 96
num of flexible tasks: 0
Solving time: 0.000216994 seconds
plan limit 980
current timestep 173
num of flexible agents: 96
num of flexible tasks: 0
Solving time: 0.000198522 seconds
plan limit 980
current timestep 174
num of flexible agents: 97
num of flexible tasks: 0
Solving time: 0.000219378 seconds
plan limit 980
current timestep 175
num of flexible agents: 98
num of flexible tasks: 0
Solving time: 0.000221024 seconds
plan limit 980
current timestep 176
num of flexible agents: 98
num of flexible tasks: 0
Solving time: 0.00020838 seconds
plan limit 980
current timestep 177
num of flexible agents: 98
num of flexible tasks: 0
Solving time: 0.000197957 seconds
plan limit 980
current timestep 178
num of flexible agents: 98
num of flexible tasks: 0
Solving time: 0.000204382 seconds
plan limit 980
current timestep 179
num of flexible agents: 98
num of flexible tasks: 0
Solving time: 0.000197445 seconds
plan limit 980
current timestep 180
num of flexible agents: 98
num of flexible tasks: 0
Solving time: 0.000204333 seconds
plan limit 980
current timestep 181
num of flexible agents: 99
num of flexible tasks: 0
Solving time: 0.00021134 seconds
plan limit 980
current timestep 182
num of flexible agents: 99
num of flexible tasks: 0
Solving time: 0.000196737 seconds
plan limit 980
current timestep 183
num of flexible agents: 99
num of flexible tasks: 0
Solving time: 0.000204913 seconds
plan limit 980
All tasks finished at timestep 184
