current timestep 0
num of flexible agents: 50
num of flexible tasks: 5
Solving time: 0.0003743 seconds
plan limit 980
current timestep 1
num of flexible agents: 50
num of flexible tasks: 10
Solving time: 0.0004364 seconds
plan limit 980
current timestep 2
num of flexible agents: 47
num of flexible tasks: 12
Solving time: 0.0003733 seconds
plan limit 980
current timestep 3
num of flexible agents: 46
num of flexible tasks: 16
Solving time: 0.0003773 seconds
plan limit 980
current timestep 4
num of flexible agents: 42
num of flexible tasks: 17
Solving time: 0.0004297 seconds
plan limit 979
current timestep 5
num of flexible agents: 42
num of flexible tasks: 22
Solving time: 0.0004838 seconds
plan limit 980
current timestep 6
num of flexible agents: 40
num of flexible tasks: 25
Solving time: 0.0005687 seconds
plan limit 980
current timestep 7
num of flexible agents: 37
num of flexible tasks: 27
Solving time: 0.0005564 seconds
plan limit 980
current timestep 8
num of flexible agents: 36
num of flexible tasks: 31
Solving time: 0.0005019 seconds
plan limit 980
current timestep 9
num of flexible agents: 30
num of flexible tasks: 30
Solving time: 0.0006104 seconds
plan limit 980
current timestep 10
num of flexible agents: 24
num of flexible tasks: 29
Solving time: 0.0004351 seconds
plan limit 980
current timestep 11
num of flexible agents: 24
num of flexible tasks: 34
Solving time: 0.0004808 seconds
plan limit 980
current timestep 12
num of flexible agents: 23
num of flexible tasks: 36
Solving time: 0.0005694 seconds
plan limit 980
current timestep 13
num of flexible agents: 18
num of flexible tasks: 36
Solving time: 0.000478 seconds
plan limit 980
current timestep 14
num of flexible agents: 20
num of flexible tasks: 39
Solving time: 0.0006485 seconds
plan limit 979
current timestep 15
num of flexible agents: 16
num of flexible tasks: 40
Solving time: 0.0003543 seconds
plan limit 980
current timestep 16
num of flexible agents: 13
num of flexible tasks: 42
Solving time: 0.0003471 seconds
plan limit 980
current timestep 17
num of flexible agents: 9
num of flexible tasks: 41
Solving time: 0.000328 seconds
plan limit 980
current timestep 18
num of flexible agents: 7
num of flexible tasks: 44
Solving time: 0.0004716 seconds
plan limit 980
current timestep 19
num of flexible agents: 6
num of flexible tasks: 47
Solving time: 0.0003153 seconds
plan limit 980
current timestep 20
num of flexible agents: 7
num of flexible tasks: 51
Solving time: 0.0003392 seconds
plan limit 980
current timestep 21
num of flexible agents: 7
num of flexible tasks: 55
Solving time: 0.0004589 seconds
plan limit 980
current timestep 22
num of flexible agents: 5
num of flexible tasks: 57
Solving time: 0.0003493 seconds
plan limit 980
current timestep 23
num of flexible agents: 3
num of flexible tasks: 60
Solving time: 0.001046 seconds
plan limit 979
current timestep 24
num of flexible agents: 4
num of flexible tasks: 63
Solving time: 0.0003302 seconds
plan limit 980
current timestep 25
num of flexible agents: 3
num of flexible tasks: 65
Solving time: 0.0009424 seconds
plan limit 979
current timestep 26
num of flexible agents: 4
num of flexible tasks: 69
Solving time: 0.0006029 seconds
plan limit 980
current timestep 27
num of flexible agents: 6
num of flexible tasks: 74
Solving time: 0.0003297 seconds
plan limit 980
current timestep 28
num of flexible agents: 7
num of flexible tasks: 77
Solving time: 0.000325 seconds
plan limit 980
current timestep 29
num of flexible agents: 5
num of flexible tasks: 78
Solving time: 0.0003156 seconds
plan limit 980
current timestep 30
num of flexible agents: 4
num of flexible tasks: 81
Solving time: 0.0003357 seconds
plan limit 980
current timestep 31
num of flexible agents: 5
num of flexible tasks: 86
Solving time: 0.0003712 seconds
plan limit 980
current timestep 32
num of flexible agents: 7
num of flexible tasks: 90
Solving time: 0.0003326 seconds
plan limit 980
current timestep 33
num of flexible agents: 10
num of flexible tasks: 93
Solving time: 0.0003548 seconds
plan limit 980
current timestep 34
num of flexible agents: 8
num of flexible tasks: 94
Solving time: 0.0003038 seconds
plan limit 980
current timestep 35
num of flexible agents: 11
num of flexible tasks: 97
Solving time: 0.0003825 seconds
plan limit 980
current timestep 36
num of flexible agents: 9
num of flexible tasks: 99
Solving time: 0.0003757 seconds
plan limit 980
current timestep 37
num of flexible agents: 7
num of flexible tasks: 100
Solving time: 0.0002914 seconds
plan limit 980
current timestep 38
num of flexible agents: 3
num of flexible tasks: 100
Solving time: 0.0009391 seconds
plan limit 979
current timestep 39
num of flexible agents: 1
num of flexible tasks: 102
Solving time: 0.0006749 seconds
plan limit 980
current timestep 40
num of flexible agents: 1
num of flexible tasks: 106
Solving time: 0.0004583 seconds
plan limit 980
current timestep 41
num of flexible agents: 4
num of flexible tasks: 111
Solving time: 0.0003183 seconds
plan limit 980
current timestep 42
num of flexible agents: 9
num of flexible tasks: 114
Solving time: 0.0004926 seconds
plan limit 980
current timestep 43
num of flexible agents: 6
num of flexible tasks: 113
Solving time: 0.0002961 seconds
plan limit 980
current timestep 44
num of flexible agents: 4
num of flexible tasks: 113
Solving time: 0.0003131 seconds
plan limit 980
current timestep 45
num of flexible agents: 4
num of flexible tasks: 116
Solving time: 0.0003232 seconds
plan limit 980
current timestep 46
num of flexible agents: 1
num of flexible tasks: 118
Solving time: 0.0006496 seconds
plan limit 980
current timestep 47
num of flexible agents: 5
num of flexible tasks: 122
Solving time: 0.0002638 seconds
plan limit 980
current timestep 48
num of flexible agents: 3
num of flexible tasks: 124
Solving time: 0.0010087 seconds
plan limit 979
current timestep 49
num of flexible agents: 2
num of flexible tasks: 127
Solving time: 0.0007926 seconds
plan limit 979
current timestep 50
num of flexible agents: 3
num of flexible tasks: 130
Solving time: 0.0009093 seconds
plan limit 979
current timestep 51
num of flexible agents: 3
num of flexible tasks: 132
Solving time: 0.0011179 seconds
plan limit 979
current timestep 52
num of flexible agents: 1
num of flexible tasks: 134
Solving time: 0.0007173 seconds
plan limit 979
current timestep 53
num of flexible agents: 1
num of flexible tasks: 138
Solving time: 0.0004027 seconds
plan limit 980
current timestep 54
num of flexible agents: 5
num of flexible tasks: 143
Solving time: 0.0002766 seconds
plan limit 980
current timestep 55
num of flexible agents: 3
num of flexible tasks: 145
Solving time: 0.0009412 seconds
plan limit 979
current timestep 56
num of flexible agents: 2
num of flexible tasks: 147
Solving time: 0.0007842 seconds
plan limit 979
current timestep 57
num of flexible agents: 2
num of flexible tasks: 151
Solving time: 0.0008763 seconds
plan limit 979
current timestep 58
num of flexible agents: 4
num of flexible tasks: 155
Solving time: 0.0003548 seconds
plan limit 980
current timestep 59
num of flexible agents: 2
num of flexible tasks: 157
Solving time: 0.0010083 seconds
plan limit 979
current timestep 60
num of flexible agents: 2
num of flexible tasks: 160
Solving time: 0.0008076 seconds
plan limit 979
current timestep 61
num of flexible agents: 3
num of flexible tasks: 163
Solving time: 0.0008373 seconds
plan limit 979
current timestep 62
num of flexible agents: 3
num of flexible tasks: 167
Solving time: 0.0010772 seconds
plan limit 979
current timestep 63
num of flexible agents: 2
num of flexible tasks: 169
Solving time: 0.000816 seconds
plan limit 979
current timestep 64
num of flexible agents: 0
num of flexible tasks: 172
Solving time: 0.0003341 seconds
plan limit 980
current timestep 65
num of flexible agents: 2
num of flexible tasks: 177
Solving time: 0.0009316 seconds
plan limit 979
current timestep 66
num of flexible agents: 3
num of flexible tasks: 180
Solving time: 0.0009099 seconds
plan limit 979
current timestep 67
num of flexible agents: 2
num of flexible tasks: 183
Solving time: 0.000786 seconds
plan limit 979
current timestep 68
num of flexible agents: 5
num of flexible tasks: 187
Solving time: 0.0008986 seconds
plan limit 979
current timestep 69
num of flexible agents: 2
num of flexible tasks: 189
Solving time: 0.0007458 seconds
plan limit 980
current timestep 70
num of flexible agents: 4
num of flexible tasks: 192
Solving time: 0.0008689 seconds
plan limit 979
current timestep 71
num of flexible agents: 4
num of flexible tasks: 193
Solving time: 0.001102 seconds
plan limit 979
current timestep 72
num of flexible agents: 2
num of flexible tasks: 196
Solving time: 0.0007462 seconds
plan limit 979
current timestep 73
num of flexible agents: 1
num of flexible tasks: 200
Solving time: 0.0007756 seconds
plan limit 979
current timestep 74
num of flexible agents: 2
num of flexible tasks: 204
Solving time: 0.0007927 seconds
plan limit 979
current timestep 75
num of flexible agents: 8
num of flexible tasks: 207
Solving time: 0.0005052 seconds
plan limit 979
current timestep 76
num of flexible agents: 1
num of flexible tasks: 204
Solving time: 0.0003807 seconds
plan limit 980
current timestep 77
num of flexible agents: 0
num of flexible tasks: 208
Solving time: 0.0002594 seconds
plan limit 980
current timestep 78
num of flexible agents: 3
num of flexible tasks: 213
Solving time: 0.0009359 seconds
plan limit 979
current timestep 79
num of flexible agents: 5
num of flexible tasks: 216
Solving time: 0.0008509 seconds
plan limit 979
current timestep 80
num of flexible agents: 3
num of flexible tasks: 217
Solving time: 0.0010742 seconds
plan limit 979
current timestep 81
num of flexible agents: 0
num of flexible tasks: 219
Solving time: 0.0003614 seconds
plan limit 980
current timestep 82
num of flexible agents: 4
num of flexible tasks: 224
Solving time: 0.0008997 seconds
plan limit 979
current timestep 83
num of flexible agents: 6
num of flexible tasks: 226
Solving time: 0.000451 seconds
plan limit 980
current timestep 84
num of flexible agents: 3
num of flexible tasks: 225
Solving time: 0.0010829 seconds
plan limit 979
current timestep 85
num of flexible agents: 3
num of flexible tasks: 227
Solving time: 0.0008181 seconds
plan limit 979
current timestep 86
num of flexible agents: 3
num of flexible tasks: 230
Solving time: 0.0010198 seconds
plan limit 979
current timestep 87
num of flexible agents: 3
num of flexible tasks: 233
Solving time: 0.0008685 seconds
plan limit 979
current timestep 88
num of flexible agents: 2
num of flexible tasks: 236
Solving time: 0.0007666 seconds
plan limit 979
current timestep 89
num of flexible agents: 1
num of flexible tasks: 239
Solving time: 0.0006399 seconds
plan limit 980
current timestep 90
num of flexible agents: 4
num of flexible tasks: 243
Solving time: 0.0008525 seconds
plan limit 979
current timestep 91
num of flexible agents: 0
num of flexible tasks: 244
Solving time: 0.0003013 seconds
plan limit 980
current timestep 92
num of flexible agents: 4
num of flexible tasks: 249
Solving time: 0.0010027 seconds
plan limit 979
current timestep 93
num of flexible agents: 5
num of flexible tasks: 252
Solving time: 0.0009761 seconds
plan limit 979
current timestep 94
num of flexible agents: 4
num of flexible tasks: 254
Solving time: 0.0009881 seconds
plan limit 979
current timestep 95
num of flexible agents: 2
num of flexible tasks: 255
Solving time: 0.0011593 seconds
plan limit 979
current timestep 96
num of flexible agents: 2
num of flexible tasks: 258
Solving time: 0.0006956 seconds
plan limit 980
current timestep 97
num of flexible agents: 1
num of flexible tasks: 261
Solving time: 0.0004944 seconds
plan limit 980
current timestep 98
num of flexible agents: 1
num of flexible tasks: 265
Solving time: 0.0005345 seconds
plan limit 980
current timestep 99
num of flexible agents: 3
num of flexible tasks: 270
Solving time: 0.0012641 seconds
plan limit 979
current timestep 100
num of flexible agents: 3
num of flexible tasks: 268
Solving time: 0.0007997 seconds
plan limit 979
current timestep 101
num of flexible agents: 5
num of flexible tasks: 266
Solving time: 0.0008605 seconds
plan limit 979
current timestep 102
num of flexible agents: 5
num of flexible tasks: 263
Solving time: 0.0011901 seconds
plan limit 979
current timestep 103
num of flexible agents: 1
num of flexible tasks: 258
Solving time: 0.0006373 seconds
plan limit 980
current timestep 104
num of flexible agents: 4
num of flexible tasks: 257
Solving time: 0.0008544 seconds
plan limit 979
current timestep 105
num of flexible agents: 3
num of flexible tasks: 254
Solving time: 0.0009162 seconds
plan limit 979
current timestep 106
num of flexible agents: 4
num of flexible tasks: 251
Solving time: 0.000849 seconds
plan limit 979
current timestep 107
num of flexible agents: 4
num of flexible tasks: 247
Solving time: 0.0008212 seconds
plan limit 979
current timestep 108
num of flexible agents: 3
num of flexible tasks: 244
Solving time: 0.000788 seconds
plan limit 979
current timestep 109
num of flexible agents: 2
num of flexible tasks: 241
Solving time: 0.0007805 seconds
plan limit 979
current timestep 110
num of flexible agents: 2
num of flexible tasks: 239
Solving time: 0.0009091 seconds
plan limit 979
current timestep 111
num of flexible agents: 2
num of flexible tasks: 237
Solving time: 0.0007002 seconds
plan limit 980
current timestep 112
num of flexible agents: 1
num of flexible tasks: 235
Solving time: 0.0005884 seconds
plan limit 980
current timestep 113
num of flexible agents: 4
num of flexible tasks: 235
Solving time: 0.000812 seconds
plan limit 979
current timestep 114
num of flexible agents: 4
num of flexible tasks: 232
Solving time: 0.0011407 seconds
plan limit 979
current timestep 115
num of flexible agents: 2
num of flexible tasks: 229
Solving time: 0.0007907 seconds
plan limit 979
current timestep 116
num of flexible agents: 2
num of flexible tasks: 227
Solving time: 0.000755 seconds
plan limit 979
current timestep 117
num of flexible agents: 2
num of flexible tasks: 225
Solving time: 0.0009063 seconds
plan limit 979
current timestep 118
num of flexible agents: 2
num of flexible tasks: 224
Solving time: 0.0007337 seconds
plan limit 979
current timestep 119
num of flexible agents: 0
num of flexible tasks: 222
Solving time: 0.0002502 seconds
plan limit 980
current timestep 120
num of flexible agents: 4
num of flexible tasks: 222
Solving time: 0.0008064 seconds
plan limit 979
current timestep 121
num of flexible agents: 4
num of flexible tasks: 219
Solving time: 0.0009252 seconds
plan limit 979
current timestep 122
num of flexible agents: 2
num of flexible tasks: 215
Solving time: 0.0009243 seconds
plan limit 979
current timestep 123
num of flexible agents: 1
num of flexible tasks: 214
Solving time: 0.0007036 seconds
plan limit 979
current timestep 124
num of flexible agents: 4
num of flexible tasks: 214
Solving time: 0.0008498 seconds
plan limit 979
current timestep 125
num of flexible agents: 4
num of flexible tasks: 212
Solving time: 0.0009512 seconds
plan limit 979
current timestep 126
num of flexible agents: 3
num of flexible tasks: 208
Solving time: 0.0007772 seconds
plan limit 979
current timestep 127
num of flexible agents: 3
num of flexible tasks: 207
Solving time: 0.0008088 seconds
plan limit 979
current timestep 128
num of flexible agents: 2
num of flexible tasks: 205
Solving time: 0.0009308 seconds
plan limit 979
current timestep 129
num of flexible agents: 4
num of flexible tasks: 204
Solving time: 0.0009397 seconds
plan limit 979
current timestep 130
num of flexible agents: 3
num of flexible tasks: 200
Solving time: 0.0008094 seconds
plan limit 979
current timestep 131
num of flexible agents: 7
num of flexible tasks: 199
Solving time: 0.0004006 seconds
plan limit 980
current timestep 132
num of flexible agents: 4
num of flexible tasks: 195
Solving time: 0.0010437 seconds
plan limit 979
current timestep 133
num of flexible agents: 1
num of flexible tasks: 191
Solving time: 0.0007301 seconds
plan limit 979
current timestep 134
num of flexible agents: 0
num of flexible tasks: 190
Solving time: 0.0003053 seconds
plan limit 980
current timestep 135
num of flexible agents: 5
num of flexible tasks: 190
Solving time: 0.0002689 seconds
plan limit 980
current timestep 136
num of flexible agents: 5
num of flexible tasks: 186
Solving time: 0.0003954 seconds
plan limit 980
current timestep 137
num of flexible agents: 2
num of flexible tasks: 183
Solving time: 0.000874 seconds
plan limit 979
current timestep 138
num of flexible agents: 2
num of flexible tasks: 182
Solving time: 0.0007644 seconds
plan limit 979
current timestep 139
num of flexible agents: 1
num of flexible tasks: 180
Solving time: 0.0008178 seconds
plan limit 979
current timestep 140
num of flexible agents: 2
num of flexible tasks: 179
Solving time: 0.0007619 seconds
plan limit 979
current timestep 141
num of flexible agents: 4
num of flexible tasks: 177
Solving time: 0.001022 seconds
plan limit 979
current timestep 142
num of flexible agents: 5
num of flexible tasks: 174
Solving time: 0.0004399 seconds
plan limit 980
current timestep 143
num of flexible agents: 5
num of flexible tasks: 171
Solving time: 0.0003187 seconds
plan limit 980
current timestep 144
num of flexible agents: 5
num of flexible tasks: 167
Solving time: 0.0003037 seconds
plan limit 980
current timestep 145
num of flexible agents: 3
num of flexible tasks: 164
Solving time: 0.0009133 seconds
plan limit 979
current timestep 146
num of flexible agents: 6
num of flexible tasks: 163
Solving time: 0.0004878 seconds
plan limit 980
current timestep 147
num of flexible agents: 2
num of flexible tasks: 157
Solving time: 0.000767 seconds
plan limit 979
current timestep 148
num of flexible agents: 3
num of flexible tasks: 156
Solving time: 0.000822 seconds
plan limit 979
current timestep 149
num of flexible agents: 4
num of flexible tasks: 154
Solving time: 0.0011751 seconds
plan limit 979
current timestep 150
num of flexible agents: 4
num of flexible tasks: 152
Solving time: 0.0012017 seconds
plan limit 979
current timestep 151
num of flexible agents: 2
num of flexible tasks: 148
Solving time: 0.000894 seconds
plan limit 979
current timestep 152
num of flexible agents: 3
num of flexible tasks: 146
Solving time: 0.0009304 seconds
plan limit 979
current timestep 153
num of flexible agents: 3
num of flexible tasks: 144
Solving time: 0.000874 seconds
plan limit 979
current timestep 154
num of flexible agents: 4
num of flexible tasks: 143
Solving time: 0.0009357 seconds
plan limit 979
current timestep 155
num of flexible agents: 7
num of flexible tasks: 142
Solving time: 0.0003226 seconds
plan limit 980
current timestep 156
num of flexible agents: 6
num of flexible tasks: 140
Solving time: 0.0003443 seconds
plan limit 980
current timestep 157
num of flexible agents: 6
num of flexible tasks: 139
Solving time: 0.0003423 seconds
plan limit 980
current timestep 158
num of flexible agents: 7
num of flexible tasks: 138
Solving time: 0.000327 seconds
plan limit 980
current timestep 159
num of flexible agents: 5
num of flexible tasks: 135
Solving time: 0.0003293 seconds
plan limit 980
current timestep 160
num of flexible agents: 5
num of flexible tasks: 133
Solving time: 0.0005056 seconds
plan limit 980
current timestep 161
num of flexible agents: 8
num of flexible tasks: 131
Solving time: 0.0004226 seconds
plan limit 980
current timestep 162
num of flexible agents: 4
num of flexible tasks: 125
Solving time: 0.0009741 seconds
plan limit 979
current timestep 163
num of flexible agents: 4
num of flexible tasks: 122
Solving time: 0.0012406 seconds
plan limit 979
current timestep 164
num of flexible agents: 5
num of flexible tasks: 119
Solving time: 0.0003195 seconds
plan limit 980
current timestep 165
num of flexible agents: 5
num of flexible tasks: 116
Solving time: 0.00033 seconds
plan limit 980
current timestep 166
num of flexible agents: 5
num of flexible tasks: 115
Solving time: 0.0005379 seconds
plan limit 980
current timestep 167
num of flexible agents: 5
num of flexible tasks: 114
Solving time: 0.0004106 seconds
plan limit 980
current timestep 168
num of flexible agents: 6
num of flexible tasks: 110
Solving time: 0.0004559 seconds
plan limit 980
current timestep 169
num of flexible agents: 5
num of flexible tasks: 107
Solving time: 0.0003666 seconds
plan limit 980
current timestep 170
num of flexible agents: 4
num of flexible tasks: 105
Solving time: 0.0010293 seconds
plan limit 979
current timestep 171
num of flexible agents: 2
num of flexible tasks: 102
Solving time: 0.0008209 seconds
plan limit 979
current timestep 172
num of flexible agents: 5
num of flexible tasks: 102
Solving time: 0.0003245 seconds
plan limit 980
current timestep 173
num of flexible agents: 5
num of flexible tasks: 100
Solving time: 0.0004665 seconds
plan limit 980
current timestep 174
num of flexible agents: 5
num of flexible tasks: 99
Solving time: 0.0004275 seconds
plan limit 980
current timestep 175
num of flexible agents: 9
num of flexible tasks: 99
Solving time: 0.0003325 seconds
plan limit 980
current timestep 176
num of flexible agents: 6
num of flexible tasks: 94
Solving time: 0.0002811 seconds
plan limit 980
current timestep 177
num of flexible agents: 5
num of flexible tasks: 91
Solving time: 0.0003526 seconds
plan limit 980
current timestep 178
num of flexible agents: 6
num of flexible tasks: 89
Solving time: 0.0003901 seconds
plan limit 980
current timestep 179
num of flexible agents: 8
num of flexible tasks: 87
Solving time: 0.0003374 seconds
plan limit 980
current timestep 180
num of flexible agents: 8
num of flexible tasks: 84
Solving time: 0.0003575 seconds
plan limit 980
current timestep 181
num of flexible agents: 12
num of flexible tasks: 84
Solving time: 0.0003607 seconds
plan limit 980
current timestep 182
num of flexible agents: 8
num of flexible tasks: 80
Solving time: 0.0003271 seconds
plan limit 980
current timestep 183
num of flexible agents: 9
num of flexible tasks: 78
Solving time: 0.000389 seconds
plan limit 980
current timestep 184
num of flexible agents: 8
num of flexible tasks: 76
Solving time: 0.0003518 seconds
plan limit 980
current timestep 185
num of flexible agents: 7
num of flexible tasks: 73
Solving time: 0.0003651 seconds
plan limit 980
current timestep 186
num of flexible agents: 6
num of flexible tasks: 71
Solving time: 0.0003262 seconds
plan limit 980
current timestep 187
num of flexible agents: 6
num of flexible tasks: 71
Solving time: 0.0003364 seconds
plan limit 980
current timestep 188
num of flexible agents: 7
num of flexible tasks: 70
Solving time: 0.0004574 seconds
plan limit 980
current timestep 189
num of flexible agents: 5
num of flexible tasks: 67
Solving time: 0.0004831 seconds
plan limit 980
current timestep 190
num of flexible agents: 7
num of flexible tasks: 66
Solving time: 0.0003797 seconds
plan limit 980
current timestep 191
num of flexible agents: 7
num of flexible tasks: 65
Solving time: 0.000325 seconds
plan limit 980
current timestep 192
num of flexible agents: 7
num of flexible tasks: 63
Solving time: 0.0003808 seconds
plan limit 980
current timestep 193
num of flexible agents: 8
num of flexible tasks: 63
Solving time: 0.0003387 seconds
plan limit 980
current timestep 194
num of flexible agents: 9
num of flexible tasks: 61
Solving time: 0.0004167 seconds
plan limit 980
current timestep 195
num of flexible agents: 7
num of flexible tasks: 59
Solving time: 0.0004671 seconds
plan limit 980
current timestep 196
num of flexible agents: 6
num of flexible tasks: 56
Solving time: 0.0003391 seconds
plan limit 980
current timestep 197
num of flexible agents: 9
num of flexible tasks: 56
Solving time: 0.0005989 seconds
plan limit 980
current timestep 198
num of flexible agents: 8
num of flexible tasks: 54
Solving time: 0.0003231 seconds
plan limit 980
current timestep 199
num of flexible agents: 9
num of flexible tasks: 52
Solving time: 0.0003819 seconds
plan limit 980
current timestep 200
num of flexible agents: 8
num of flexible tasks: 50
Solving time: 0.0003745 seconds
plan limit 980
current timestep 201
num of flexible agents: 9
num of flexible tasks: 50
Solving time: 0.0005451 seconds
plan limit 979
current timestep 202
num of flexible agents: 9
num of flexible tasks: 48
Solving time: 0.0003965 seconds
plan limit 980
current timestep 203
num of flexible agents: 12
num of flexible tasks: 47
Solving time: 0.0005173 seconds
plan limit 980
current timestep 204
num of flexible agents: 13
num of flexible tasks: 44
Solving time: 0.0004349 seconds
plan limit 980
current timestep 205
num of flexible agents: 16
num of flexible tasks: 42
Solving time: 0.0004861 seconds
plan limit 980
current timestep 206
num of flexible agents: 18
num of flexible tasks: 41
Solving time: 0.0005047 seconds
plan limit 980
current timestep 207
num of flexible agents: 16
num of flexible tasks: 39
Solving time: 0.0005046 seconds
plan limit 980
current timestep 208
num of flexible agents: 17
num of flexible tasks: 39
Solving time: 0.0004327 seconds
plan limit 980
current timestep 209
num of flexible agents: 19
num of flexible tasks: 37
Solving time: 0.0004221 seconds
plan limit 980
current timestep 210
num of flexible agents: 20
num of flexible tasks: 34
Solving time: 0.0004084 seconds
plan limit 980
current timestep 211
num of flexible agents: 18
num of flexible tasks: 30
Solving time: 0.000511 seconds
plan limit 980
current timestep 212
num of flexible agents: 18
num of flexible tasks: 28
Solving time: 0.0005621 seconds
plan limit 980
current timestep 213
num of flexible agents: 19
num of flexible tasks: 27
Solving time: 0.0007104 seconds
plan limit 980
current timestep 214
num of flexible agents: 18
num of flexible tasks: 26
Solving time: 0.0004712 seconds
plan limit 980
current timestep 215
num of flexible agents: 18
num of flexible tasks: 25
Solving time: 0.0004669 seconds
plan limit 980
current timestep 216
num of flexible agents: 19
num of flexible tasks: 25
Solving time: 0.0005084 seconds
plan limit 980
current timestep 217
num of flexible agents: 18
num of flexible tasks: 23
Solving time: 0.0004728 seconds
plan limit 980
current timestep 218
num of flexible agents: 19
num of flexible tasks: 23
Solving time: 0.0006788 seconds
plan limit 980
current timestep 219
num of flexible agents: 19
num of flexible tasks: 21
Solving time: 0.0004548 seconds
plan limit 980
current timestep 220
num of flexible agents: 19
num of flexible tasks: 20
Solving time: 0.0004418 seconds
plan limit 980
current timestep 221
num of flexible agents: 23
num of flexible tasks: 20
Solving time: 0.0003823 seconds
plan limit 980
current timestep 222
num of flexible agents: 24
num of flexible tasks: 20
Solving time: 0.0004258 seconds
plan limit 980
current timestep 223
num of flexible agents: 24
num of flexible tasks: 20
Solving time: 0.0003252 seconds
plan limit 980
current timestep 224
num of flexible agents: 22
num of flexible tasks: 17
Solving time: 0.0003785 seconds
plan limit 980
current timestep 225
num of flexible agents: 21
num of flexible tasks: 15
Solving time: 0.0003375 seconds
plan limit 980
current timestep 226
num of flexible agents: 19
num of flexible tasks: 13
Solving time: 0.0003383 seconds
plan limit 980
current timestep 227
num of flexible agents: 19
num of flexible tasks: 12
Solving time: 0.0002857 seconds
plan limit 980
current timestep 228
num of flexible agents: 17
num of flexible tasks: 10
Solving time: 0.0002233 seconds
plan limit 980
current timestep 229
num of flexible agents: 17
num of flexible tasks: 9
Solving time: 0.0002448 seconds
plan limit 980
current timestep 230
num of flexible agents: 14
num of flexible tasks: 6
Solving time: 0.0002402 seconds
plan limit 980
current timestep 231
num of flexible agents: 13
num of flexible tasks: 3
Solving time: 0.0003909 seconds
plan limit 980
current timestep 232
num of flexible agents: 13
num of flexible tasks: 2
Solving time: 0.0002836 seconds
plan limit 980
current timestep 233
num of flexible agents: 15
num of flexible tasks: 1
Solving time: 0.0003343 seconds
plan limit 980
current timestep 234
num of flexible agents: 18
num of flexible tasks: 1
Solving time: 0.0002541 seconds
plan limit 980
current timestep 235
num of flexible agents: 18
num of flexible tasks: 1
Solving time: 0.000312 seconds
plan limit 980
current timestep 236
num of flexible agents: 18
num of flexible tasks: 0
Solving time: 0.0001715 seconds
plan limit 980
current timestep 237
num of flexible agents: 20
num of flexible tasks: 0
Solving time: 0.0001756 seconds
plan limit 980
current timestep 238
num of flexible agents: 21
num of flexible tasks: 0
Solving time: 0.0002478 seconds
plan limit 980
current timestep 239
num of flexible agents: 22
num of flexible tasks: 0
Solving time: 0.0001567 seconds
plan limit 980
current timestep 240
num of flexible agents: 26
num of flexible tasks: 0
Solving time: 0.0002364 seconds
plan limit 980
current timestep 241
num of flexible agents: 26
num of flexible tasks: 0
Solving time: 0.0002271 seconds
plan limit 980
current timestep 242
num of flexible agents: 28
num of flexible tasks: 0
Solving time: 0.0002573 seconds
plan limit 980
current timestep 243
num of flexible agents: 28
num of flexible tasks: 0
Solving time: 0.0002457 seconds
plan limit 980
current timestep 244
num of flexible agents: 32
num of flexible tasks: 0
Solving time: 0.0003397 seconds
plan limit 980
current timestep 245
num of flexible agents: 34
num of flexible tasks: 0
Solving time: 0.0002496 seconds
plan limit 980
current timestep 246
num of flexible agents: 36
num of flexible tasks: 0
Solving time: 0.0003584 seconds
plan limit 980
current timestep 247
num of flexible agents: 37
num of flexible tasks: 0
Solving time: 0.0001945 seconds
plan limit 980
current timestep 248
num of flexible agents: 37
num of flexible tasks: 0
Solving time: 0.0001939 seconds
plan limit 980
current timestep 249
num of flexible agents: 40
num of flexible tasks: 0
Solving time: 0.0001863 seconds
plan limit 980
current timestep 250
num of flexible agents: 40
num of flexible tasks: 0
Solving time: 0.0003039 seconds
plan limit 980
current timestep 251
num of flexible agents: 40
num of flexible tasks: 0
Solving time: 0.0004989 seconds
plan limit 980
current timestep 252
num of flexible agents: 40
num of flexible tasks: 0
Solving time: 0.0002275 seconds
plan limit 980
current timestep 253
num of flexible agents: 41
num of flexible tasks: 0
Solving time: 0.0002248 seconds
plan limit 980
current timestep 254
num of flexible agents: 42
num of flexible tasks: 0
Solving time: 0.000186 seconds
plan limit 980
current timestep 255
num of flexible agents: 43
num of flexible tasks: 0
Solving time: 0.0002695 seconds
plan limit 980
current timestep 256
num of flexible agents: 45
num of flexible tasks: 0
Solving time: 0.0001885 seconds
plan limit 980
current timestep 257
num of flexible agents: 46
num of flexible tasks: 0
Solving time: 0.000225 seconds
plan limit 980
current timestep 258
num of flexible agents: 46
num of flexible tasks: 0
Solving time: 0.0002289 seconds
plan limit 980
current timestep 259
num of flexible agents: 47
num of flexible tasks: 0
Solving time: 0.0003585 seconds
plan limit 980
current timestep 260
num of flexible agents: 47
num of flexible tasks: 0
Solving time: 0.0001876 seconds
plan limit 980
current timestep 261
num of flexible agents: 47
num of flexible tasks: 0
Solving time: 0.0001847 seconds
plan limit 980
current timestep 262
num of flexible agents: 47
num of flexible tasks: 0
Solving time: 0.000199 seconds
plan limit 980
current timestep 263
num of flexible agents: 48
num of flexible tasks: 0
Solving time: 0.0001713 seconds
plan limit 980
current timestep 264
num of flexible agents: 48
num of flexible tasks: 0
Solving time: 0.0002409 seconds
plan limit 980
current timestep 265
num of flexible agents: 48
num of flexible tasks: 0
Solving time: 0.0001783 seconds
plan limit 980
current timestep 266
num of flexible agents: 48
num of flexible tasks: 0
Solving time: 0.0001758 seconds
plan limit 980
