current timestep 0
num of flexible agents: 80
num of flexible tasks: 2
Solving time: 0.000351635 seconds
plan limit 980
current timestep 1
num of flexible agents: 80
num of flexible tasks: 4
Solving time: 0.000521614 seconds
plan limit 980
current timestep 2
num of flexible agents: 80
num of flexible tasks: 6
Solving time: 0.000306096 seconds
plan limit 980
current timestep 3
num of flexible agents: 79
num of flexible tasks: 7
Solving time: 0.000456577 seconds
plan limit 980
current timestep 4
num of flexible agents: 78
num of flexible tasks: 8
Solving time: 0.000307391 seconds
plan limit 980
current timestep 5
num of flexible agents: 76
num of flexible tasks: 8
Solving time: 0.00043855 seconds
plan limit 980
current timestep 6
num of flexible agents: 74
num of flexible tasks: 8
Solving time: 0.000299038 seconds
plan limit 980
current timestep 7
num of flexible agents: 72
num of flexible tasks: 8
Solving time: 0.000419569 seconds
plan limit 980
current timestep 8
num of flexible agents: 70
num of flexible tasks: 8
Solving time: 0.000441634 seconds
plan limit 980
current timestep 9
num of flexible agents: 67
num of flexible tasks: 7
Solving time: 0.000296723 seconds
plan limit 980
current timestep 10
num of flexible agents: 66
num of flexible tasks: 8
Solving time: 0.000314247 seconds
plan limit 980
current timestep 11
num of flexible agents: 66
num of flexible tasks: 10
Solving time: 0.000330827 seconds
plan limit 980
current timestep 12
num of flexible agents: 64
num of flexible tasks: 9
Solving time: 0.000296195 seconds
plan limit 980
current timestep 13
num of flexible agents: 62
num of flexible tasks: 9
Solving time: 0.00045119 seconds
plan limit 980
current timestep 14
num of flexible agents: 61
num of flexible tasks: 10
Solving time: 0.000331396 seconds
plan limit 980
current timestep 15
num of flexible agents: 62
num of flexible tasks: 11
Solving time: 0.000318941 seconds
plan limit 980
current timestep 16
num of flexible agents: 62
num of flexible tasks: 12
Solving time: 0.000331546 seconds
plan limit 980
current timestep 17
num of flexible agents: 60
num of flexible tasks: 12
Solving time: 0.000356851 seconds
plan limit 980
current timestep 18
num of flexible agents: 57
num of flexible tasks: 11
Solving time: 0.00036234 seconds
plan limit 980
current timestep 19
num of flexible agents: 56
num of flexible tasks: 12
Solving time: 0.00035681 seconds
plan limit 980
current timestep 20
num of flexible agents: 55
num of flexible tasks: 12
Solving time: 0.000355567 seconds
plan limit 980
current timestep 21
num of flexible agents: 56
num of flexible tasks: 13
Solving time: 0.000524756 seconds
plan limit 980
current timestep 22
num of flexible agents: 55
num of flexible tasks: 13
Solving time: 0.000310205 seconds
plan limit 980
current timestep 23
num of flexible agents: 51
num of flexible tasks: 11
Solving time: 0.000464305 seconds
plan limit 980
current timestep 24
num of flexible agents: 50
num of flexible tasks: 12
Solving time: 0.000326938 seconds
plan limit 980
current timestep 25
num of flexible agents: 53
num of flexible tasks: 14
Solving time: 0.000417698 seconds
plan limit 980
current timestep 26
num of flexible agents: 49
num of flexible tasks: 12
Solving time: 0.000343814 seconds
plan limit 980
current timestep 27
num of flexible agents: 50
num of flexible tasks: 14
Solving time: 0.000364814 seconds
plan limit 980
current timestep 28
num of flexible agents: 50
num of flexible tasks: 12
Solving time: 0.000516186 seconds
plan limit 980
current timestep 29
num of flexible agents: 50
num of flexible tasks: 11
Solving time: 0.000298182 seconds
plan limit 980
current timestep 30
num of flexible agents: 51
num of flexible tasks: 12
Solving time: 0.000289119 seconds
plan limit 980
current timestep 31
num of flexible agents: 50
num of flexible tasks: 10
Solving time: 0.000272403 seconds
plan limit 980
current timestep 32
num of flexible agents: 48
num of flexible tasks: 9
Solving time: 0.000274104 seconds
plan limit 980
current timestep 33
num of flexible agents: 46
num of flexible tasks: 8
Solving time: 0.000282329 seconds
plan limit 980
current timestep 34
num of flexible agents: 45
num of flexible tasks: 8
Solving time: 0.000306399 seconds
plan limit 980
current timestep 35
num of flexible agents: 43
num of flexible tasks: 8
Solving time: 0.000408942 seconds
plan limit 980
current timestep 36
num of flexible agents: 41
num of flexible tasks: 8
Solving time: 0.000288484 seconds
plan limit 980
current timestep 37
num of flexible agents: 44
num of flexible tasks: 8
Solving time: 0.000309633 seconds
plan limit 980
current timestep 38
num of flexible agents: 45
num of flexible tasks: 10
Solving time: 0.000279788 seconds
plan limit 980
current timestep 39
num of flexible agents: 45
num of flexible tasks: 11
Solving time: 0.000321639 seconds
plan limit 980
current timestep 40
num of flexible agents: 43
num of flexible tasks: 11
Solving time: 0.000441424 seconds
plan limit 980
current timestep 41
num of flexible agents: 38
num of flexible tasks: 8
Solving time: 0.000294179 seconds
plan limit 980
current timestep 42
num of flexible agents: 35
num of flexible tasks: 7
Solving time: 0.000291909 seconds
plan limit 980
current timestep 43
num of flexible agents: 35
num of flexible tasks: 9
Solving time: 0.000291981 seconds
plan limit 980
current timestep 44
num of flexible agents: 34
num of flexible tasks: 9
Solving time: 0.000276283 seconds
plan limit 980
current timestep 45
num of flexible agents: 37
num of flexible tasks: 9
Solving time: 0.000293692 seconds
plan limit 980
current timestep 46
num of flexible agents: 36
num of flexible tasks: 8
Solving time: 0.000293122 seconds
plan limit 980
current timestep 47
num of flexible agents: 35
num of flexible tasks: 9
Solving time: 0.000287561 seconds
plan limit 980
current timestep 48
num of flexible agents: 34
num of flexible tasks: 9
Solving time: 0.000284607 seconds
plan limit 980
current timestep 49
num of flexible agents: 36
num of flexible tasks: 10
Solving time: 0.000275719 seconds
plan limit 980
current timestep 50
num of flexible agents: 35
num of flexible tasks: 10
Solving time: 0.000280754 seconds
plan limit 980
current timestep 51
num of flexible agents: 40
num of flexible tasks: 12
Solving time: 0.000293321 seconds
plan limit 980
current timestep 52
num of flexible agents: 41
num of flexible tasks: 12
Solving time: 0.000303882 seconds
plan limit 980
current timestep 53
num of flexible agents: 39
num of flexible tasks: 10
Solving time: 0.000302141 seconds
plan limit 980
current timestep 54
num of flexible agents: 37
num of flexible tasks: 9
Solving time: 0.000403151 seconds
plan limit 980
current timestep 55
num of flexible agents: 38
num of flexible tasks: 10
Solving time: 0.000307707 seconds
plan limit 980
current timestep 56
num of flexible agents: 35
num of flexible tasks: 8
Solving time: 0.000385431 seconds
plan limit 980
current timestep 57
num of flexible agents: 35
num of flexible tasks: 8
Solving time: 0.000278061 seconds
plan limit 980
current timestep 58
num of flexible agents: 37
num of flexible tasks: 9
Solving time: 0.000288523 seconds
plan limit 980
current timestep 59
num of flexible agents: 36
num of flexible tasks: 9
Solving time: 0.0004055 seconds
plan limit 980
current timestep 60
num of flexible agents: 36
num of flexible tasks: 9
Solving time: 0.000292748 seconds
plan limit 980
current timestep 61
num of flexible agents: 37
num of flexible tasks: 9
Solving time: 0.000408024 seconds
plan limit 980
current timestep 62
num of flexible agents: 34
num of flexible tasks: 8
Solving time: 0.00028244 seconds
plan limit 980
current timestep 63
num of flexible agents: 36
num of flexible tasks: 10
Solving time: 0.000362264 seconds
plan limit 980
current timestep 64
num of flexible agents: 35
num of flexible tasks: 8
Solving time: 0.000305378 seconds
plan limit 980
current timestep 65
num of flexible agents: 34
num of flexible tasks: 7
Solving time: 0.000386402 seconds
plan limit 980
current timestep 66
num of flexible agents: 34
num of flexible tasks: 8
Solving time: 0.000266614 seconds
plan limit 980
current timestep 67
num of flexible agents: 30
num of flexible tasks: 4
Solving time: 0.00028212 seconds
plan limit 980
current timestep 68
num of flexible agents: 32
num of flexible tasks: 6
Solving time: 0.000264553 seconds
plan limit 980
current timestep 69
num of flexible agents: 31
num of flexible tasks: 6
Solving time: 0.000275555 seconds
plan limit 980
current timestep 70
num of flexible agents: 33
num of flexible tasks: 8
Solving time: 0.000314633 seconds
plan limit 980
current timestep 71
num of flexible agents: 36
num of flexible tasks: 10
Solving time: 0.000284169 seconds
plan limit 980
current timestep 72
num of flexible agents: 35
num of flexible tasks: 9
Solving time: 0.00029753 seconds
plan limit 980
current timestep 73
num of flexible agents: 35
num of flexible tasks: 10
Solving time: 0.000312014 seconds
plan limit 980
current timestep 74
num of flexible agents: 34
num of flexible tasks: 9
Solving time: 0.000397311 seconds
plan limit 980
current timestep 75
num of flexible agents: 35
num of flexible tasks: 10
Solving time: 0.000286064 seconds
plan limit 980
current timestep 76
num of flexible agents: 33
num of flexible tasks: 9
Solving time: 0.000280701 seconds
plan limit 980
current timestep 77
num of flexible agents: 35
num of flexible tasks: 10
Solving time: 0.000267732 seconds
plan limit 980
current timestep 78
num of flexible agents: 33
num of flexible tasks: 9
Solving time: 0.000310277 seconds
plan limit 980
current timestep 79
num of flexible agents: 38
num of flexible tasks: 11
Solving time: 0.000442154 seconds
plan limit 980
current timestep 80
num of flexible agents: 39
num of flexible tasks: 12
Solving time: 0.000333949 seconds
plan limit 980
current timestep 81
num of flexible agents: 41
num of flexible tasks: 12
Solving time: 0.000275516 seconds
plan limit 980
current timestep 82
num of flexible agents: 39
num of flexible tasks: 10
Solving time: 0.000257231 seconds
plan limit 980
current timestep 83
num of flexible agents: 39
num of flexible tasks: 10
Solving time: 0.000275814 seconds
plan limit 980
current timestep 84
num of flexible agents: 38
num of flexible tasks: 9
Solving time: 0.000261333 seconds
plan limit 980
current timestep 85
num of flexible agents: 37
num of flexible tasks: 10
Solving time: 0.000321435 seconds
plan limit 980
current timestep 86
num of flexible agents: 37
num of flexible tasks: 10
Solving time: 0.000319205 seconds
plan limit 980
current timestep 87
num of flexible agents: 36
num of flexible tasks: 9
Solving time: 0.000291944 seconds
plan limit 980
current timestep 88
num of flexible agents: 38
num of flexible tasks: 9
Solving time: 0.000278874 seconds
plan limit 980
current timestep 89
num of flexible agents: 39
num of flexible tasks: 11
Solving time: 0.000281441 seconds
plan limit 980
current timestep 90
num of flexible agents: 38
num of flexible tasks: 9
Solving time: 0.000281745 seconds
plan limit 980
current timestep 91
num of flexible agents: 35
num of flexible tasks: 6
Solving time: 0.00028324 seconds
plan limit 980
current timestep 92
num of flexible agents: 36
num of flexible tasks: 8
Solving time: 0.000407588 seconds
plan limit 980
current timestep 93
num of flexible agents: 37
num of flexible tasks: 7
Solving time: 0.000268916 seconds
plan limit 980
current timestep 94
num of flexible agents: 38
num of flexible tasks: 8
Solving time: 0.000260987 seconds
plan limit 980
current timestep 95
num of flexible agents: 39
num of flexible tasks: 8
Solving time: 0.000377136 seconds
plan limit 980
current timestep 96
num of flexible agents: 42
num of flexible tasks: 8
Solving time: 0.000266455 seconds
plan limit 980
current timestep 97
num of flexible agents: 41
num of flexible tasks: 7
Solving time: 0.000408092 seconds
plan limit 980
current timestep 98
num of flexible agents: 40
num of flexible tasks: 8
Solving time: 0.000276379 seconds
plan limit 980
current timestep 99
num of flexible agents: 39
num of flexible tasks: 8
Solving time: 0.000407117 seconds
plan limit 980
current timestep 100
num of flexible agents: 38
num of flexible tasks: 8
Solving time: 0.000287047 seconds
plan limit 980
current timestep 101
num of flexible agents: 39
num of flexible tasks: 10
Solving time: 0.00034639 seconds
plan limit 980
current timestep 102
num of flexible agents: 40
num of flexible tasks: 11
Solving time: 0.000432929 seconds
plan limit 980
current timestep 103
num of flexible agents: 40
num of flexible tasks: 11
Solving time: 0.000426463 seconds
plan limit 980
current timestep 104
num of flexible agents: 41
num of flexible tasks: 11
Solving time: 0.000281122 seconds
plan limit 980
current timestep 105
num of flexible agents: 43
num of flexible tasks: 13
Solving time: 0.000409344 seconds
plan limit 980
current timestep 106
num of flexible agents: 39
num of flexible tasks: 10
Solving time: 0.000271001 seconds
plan limit 980
current timestep 107
num of flexible agents: 43
num of flexible tasks: 10
Solving time: 0.000381683 seconds
plan limit 980
current timestep 108
num of flexible agents: 40
num of flexible tasks: 7
Solving time: 0.000361133 seconds
plan limit 980
current timestep 109
num of flexible agents: 37
num of flexible tasks: 4
Solving time: 0.000275438 seconds
plan limit 980
current timestep 110
num of flexible agents: 38
num of flexible tasks: 6
Solving time: 0.000272647 seconds
plan limit 980
current timestep 111
num of flexible agents: 37
num of flexible tasks: 7
Solving time: 0.000293455 seconds
plan limit 980
current timestep 112
num of flexible agents: 37
num of flexible tasks: 9
Solving time: 0.00027344 seconds
plan limit 980
current timestep 113
num of flexible agents: 36
num of flexible tasks: 9
Solving time: 0.000279933 seconds
plan limit 980
current timestep 114
num of flexible agents: 35
num of flexible tasks: 8
Solving time: 0.000279421 seconds
plan limit 980
current timestep 115
num of flexible agents: 32
num of flexible tasks: 7
Solving time: 0.000421207 seconds
plan limit 980
current timestep 116
num of flexible agents: 33
num of flexible tasks: 9
Solving time: 0.000298924 seconds
plan limit 980
current timestep 117
num of flexible agents: 31
num of flexible tasks: 6
Solving time: 0.00028439 seconds
plan limit 980
current timestep 118
num of flexible agents: 31
num of flexible tasks: 7
Solving time: 0.000279224 seconds
plan limit 980
current timestep 119
num of flexible agents: 31
num of flexible tasks: 8
Solving time: 0.000324162 seconds
plan limit 980
current timestep 120
num of flexible agents: 31
num of flexible tasks: 8
Solving time: 0.000288589 seconds
plan limit 980
current timestep 121
num of flexible agents: 30
num of flexible tasks: 7
Solving time: 0.000306654 seconds
plan limit 980
current timestep 122
num of flexible agents: 29
num of flexible tasks: 7
Solving time: 0.000313822 seconds
plan limit 980
current timestep 123
num of flexible agents: 34
num of flexible tasks: 8
Solving time: 0.00028609 seconds
plan limit 980
current timestep 124
num of flexible agents: 37
num of flexible tasks: 9
Solving time: 0.000376606 seconds
plan limit 980
current timestep 125
num of flexible agents: 37
num of flexible tasks: 8
Solving time: 0.000296402 seconds
plan limit 980
current timestep 126
num of flexible agents: 35
num of flexible tasks: 7
Solving time: 0.000303587 seconds
plan limit 980
current timestep 127
num of flexible agents: 32
num of flexible tasks: 6
Solving time: 0.000320547 seconds
plan limit 980
current timestep 128
num of flexible agents: 33
num of flexible tasks: 7
Solving time: 0.000269624 seconds
plan limit 980
current timestep 129
num of flexible agents: 35
num of flexible tasks: 8
Solving time: 0.000298841 seconds
plan limit 980
current timestep 130
num of flexible agents: 35
num of flexible tasks: 9
Solving time: 0.000317218 seconds
plan limit 980
current timestep 131
num of flexible agents: 34
num of flexible tasks: 7
Solving time: 0.000298518 seconds
plan limit 980
current timestep 132
num of flexible agents: 34
num of flexible tasks: 8
Solving time: 0.000323342 seconds
plan limit 980
current timestep 133
num of flexible agents: 34
num of flexible tasks: 8
Solving time: 0.000332193 seconds
plan limit 980
current timestep 134
num of flexible agents: 36
num of flexible tasks: 9
Solving time: 0.000308126 seconds
plan limit 980
current timestep 135
num of flexible agents: 37
num of flexible tasks: 10
Solving time: 0.000457146 seconds
plan limit 980
current timestep 136
num of flexible agents: 35
num of flexible tasks: 7
Solving time: 0.000293986 seconds
plan limit 980
current timestep 137
num of flexible agents: 35
num of flexible tasks: 6
Solving time: 0.000285356 seconds
plan limit 980
current timestep 138
num of flexible agents: 39
num of flexible tasks: 8
Solving time: 0.000273724 seconds
plan limit 980
current timestep 139
num of flexible agents: 38
num of flexible tasks: 8
Solving time: 0.000261499 seconds
plan limit 980
current timestep 140
num of flexible agents: 38
num of flexible tasks: 8
Solving time: 0.00026882 seconds
plan limit 980
current timestep 141
num of flexible agents: 40
num of flexible tasks: 10
Solving time: 0.00027311 seconds
plan limit 980
current timestep 142
num of flexible agents: 39
num of flexible tasks: 10
Solving time: 0.000398408 seconds
plan limit 980
current timestep 143
num of flexible agents: 38
num of flexible tasks: 10
Solving time: 0.000305157 seconds
plan limit 980
current timestep 144
num of flexible agents: 41
num of flexible tasks: 9
Solving time: 0.000388966 seconds
plan limit 980
current timestep 145
num of flexible agents: 40
num of flexible tasks: 8
Solving time: 0.000255632 seconds
plan limit 980
current timestep 146
num of flexible agents: 40
num of flexible tasks: 8
Solving time: 0.000257336 seconds
plan limit 980
current timestep 147
num of flexible agents: 41
num of flexible tasks: 9
Solving time: 0.000274338 seconds
plan limit 980
current timestep 148
num of flexible agents: 41
num of flexible tasks: 9
Solving time: 0.000250275 seconds
plan limit 980
current timestep 149
num of flexible agents: 40
num of flexible tasks: 8
Solving time: 0.000297114 seconds
plan limit 980
current timestep 150
num of flexible agents: 39
num of flexible tasks: 9
Solving time: 0.000258281 seconds
plan limit 980
current timestep 151
num of flexible agents: 41
num of flexible tasks: 9
Solving time: 0.000265759 seconds
plan limit 980
current timestep 152
num of flexible agents: 39
num of flexible tasks: 9
Solving time: 0.000284233 seconds
plan limit 980
current timestep 153
num of flexible agents: 38
num of flexible tasks: 8
Solving time: 0.000370754 seconds
plan limit 980
current timestep 154
num of flexible agents: 37
num of flexible tasks: 9
Solving time: 0.000367133 seconds
plan limit 980
current timestep 155
num of flexible agents: 37
num of flexible tasks: 10
Solving time: 0.000287899 seconds
plan limit 980
current timestep 156
num of flexible agents: 36
num of flexible tasks: 10
Solving time: 0.00028925 seconds
plan limit 980
current timestep 157
num of flexible agents: 35
num of flexible tasks: 10
Solving time: 0.000316975 seconds
plan limit 980
current timestep 158
num of flexible agents: 38
num of flexible tasks: 12
Solving time: 0.000394757 seconds
plan limit 980
current timestep 159
num of flexible agents: 37
num of flexible tasks: 10
Solving time: 0.000292301 seconds
plan limit 980
current timestep 160
num of flexible agents: 35
num of flexible tasks: 7
Solving time: 0.000274021 seconds
plan limit 980
current timestep 161
num of flexible agents: 34
num of flexible tasks: 8
Solving time: 0.000404376 seconds
plan limit 980
current timestep 162
num of flexible agents: 32
num of flexible tasks: 7
Solving time: 0.000270331 seconds
plan limit 980
current timestep 163
num of flexible agents: 34
num of flexible tasks: 9
Solving time: 0.000396442 seconds
plan limit 980
current timestep 164
num of flexible agents: 35
num of flexible tasks: 9
Solving time: 0.000264308 seconds
plan limit 980
current timestep 165
num of flexible agents: 39
num of flexible tasks: 10
Solving time: 0.000275415 seconds
plan limit 980
current timestep 166
num of flexible agents: 38
num of flexible tasks: 10
Solving time: 0.00026276 seconds
plan limit 980
current timestep 167
num of flexible agents: 37
num of flexible tasks: 9
Solving time: 0.000245139 seconds
plan limit 980
current timestep 168
num of flexible agents: 37
num of flexible tasks: 8
Solving time: 0.000270468 seconds
plan limit 980
current timestep 169
num of flexible agents: 35
num of flexible tasks: 6
Solving time: 0.000268198 seconds
plan limit 980
current timestep 170
num of flexible agents: 36
num of flexible tasks: 8
Solving time: 0.000258103 seconds
plan limit 980
current timestep 171
num of flexible agents: 36
num of flexible tasks: 10
Solving time: 0.000278532 seconds
plan limit 980
current timestep 172
num of flexible agents: 37
num of flexible tasks: 11
Solving time: 0.00040217 seconds
plan limit 980
current timestep 173
num of flexible agents: 37
num of flexible tasks: 9
Solving time: 0.000367159 seconds
plan limit 980
current timestep 174
num of flexible agents: 36
num of flexible tasks: 10
Solving time: 0.000264731 seconds
plan limit 980
current timestep 175
num of flexible agents: 35
num of flexible tasks: 8
Solving time: 0.00031316 seconds
plan limit 980
current timestep 176
num of flexible agents: 33
num of flexible tasks: 6
Solving time: 0.000265275 seconds
plan limit 980
current timestep 177
num of flexible agents: 33
num of flexible tasks: 6
Solving time: 0.000256075 seconds
plan limit 980
current timestep 178
num of flexible agents: 32
num of flexible tasks: 6
Solving time: 0.000295716 seconds
plan limit 980
current timestep 179
num of flexible agents: 34
num of flexible tasks: 8
Solving time: 0.000281666 seconds
plan limit 980
current timestep 180
num of flexible agents: 33
num of flexible tasks: 9
Solving time: 0.000288859 seconds
plan limit 980
current timestep 181
num of flexible agents: 33
num of flexible tasks: 11
Solving time: 0.000322483 seconds
plan limit 980
current timestep 182
num of flexible agents: 36
num of flexible tasks: 12
Solving time: 0.000392587 seconds
plan limit 980
current timestep 183
num of flexible agents: 35
num of flexible tasks: 12
Solving time: 0.000317684 seconds
plan limit 980
current timestep 184
num of flexible agents: 33
num of flexible tasks: 11
Solving time: 0.00029336 seconds
plan limit 980
current timestep 185
num of flexible agents: 31
num of flexible tasks: 10
Solving time: 0.000250411 seconds
plan limit 980
current timestep 186
num of flexible agents: 30
num of flexible tasks: 9
Solving time: 0.000410656 seconds
plan limit 980
current timestep 187
num of flexible agents: 27
num of flexible tasks: 6
Solving time: 0.000281646 seconds
plan limit 980
current timestep 188
num of flexible agents: 28
num of flexible tasks: 7
Solving time: 0.000276489 seconds
plan limit 980
current timestep 189
num of flexible agents: 30
num of flexible tasks: 8
Solving time: 0.000407821 seconds
plan limit 980
current timestep 190
num of flexible agents: 30
num of flexible tasks: 6
Solving time: 0.000247354 seconds
plan limit 980
current timestep 191
num of flexible agents: 32
num of flexible tasks: 6
Solving time: 0.000281548 seconds
plan limit 980
current timestep 192
num of flexible agents: 35
num of flexible tasks: 7
Solving time: 0.000307044 seconds
plan limit 980
current timestep 193
num of flexible agents: 36
num of flexible tasks: 9
Solving time: 0.000292632 seconds
plan limit 980
current timestep 194
num of flexible agents: 34
num of flexible tasks: 7
Solving time: 0.000469753 seconds
plan limit 980
current timestep 195
num of flexible agents: 39
num of flexible tasks: 9
Solving time: 0.000293075 seconds
plan limit 980
current timestep 196
num of flexible agents: 38
num of flexible tasks: 8
Solving time: 0.000452564 seconds
plan limit 980
current timestep 197
num of flexible agents: 38
num of flexible tasks: 10
Solving time: 0.000360511 seconds
plan limit 980
current timestep 198
num of flexible agents: 39
num of flexible tasks: 10
Solving time: 0.000449759 seconds
plan limit 980
current timestep 199
num of flexible agents: 39
num of flexible tasks: 10
Solving time: 0.000294072 seconds
plan limit 980
current timestep 200
num of flexible agents: 36
num of flexible tasks: 8
Solving time: 0.000286424 seconds
plan limit 980
current timestep 201
num of flexible agents: 37
num of flexible tasks: 9
Solving time: 0.000398996 seconds
plan limit 980
current timestep 202
num of flexible agents: 40
num of flexible tasks: 8
Solving time: 0.000284755 seconds
plan limit 980
current timestep 203
num of flexible agents: 39
num of flexible tasks: 6
Solving time: 0.00025533 seconds
plan limit 980
current timestep 204
num of flexible agents: 35
num of flexible tasks: 3
Solving time: 0.000245189 seconds
plan limit 980
current timestep 205
num of flexible agents: 38
num of flexible tasks: 5
Solving time: 0.0002251 seconds
plan limit 980
current timestep 206
num of flexible agents: 38
num of flexible tasks: 6
Solving time: 0.000261625 seconds
plan limit 980
current timestep 207
num of flexible agents: 37
num of flexible tasks: 5
Solving time: 0.000248513 seconds
plan limit 980
current timestep 208
num of flexible agents: 38
num of flexible tasks: 5
Solving time: 0.000249923 seconds
plan limit 980
current timestep 209
num of flexible agents: 37
num of flexible tasks: 5
Solving time: 0.000264207 seconds
plan limit 980
current timestep 210
num of flexible agents: 41
num of flexible tasks: 6
Solving time: 0.000377528 seconds
plan limit 980
current timestep 211
num of flexible agents: 40
num of flexible tasks: 7
Solving time: 0.000289965 seconds
plan limit 980
current timestep 212
num of flexible agents: 38
num of flexible tasks: 6
Solving time: 0.000417394 seconds
plan limit 980
current timestep 213
num of flexible agents: 40
num of flexible tasks: 8
Solving time: 0.000400295 seconds
plan limit 980
current timestep 214
num of flexible agents: 38
num of flexible tasks: 8
Solving time: 0.000315963 seconds
plan limit 980
current timestep 215
num of flexible agents: 37
num of flexible tasks: 8
Solving time: 0.00026339 seconds
plan limit 980
current timestep 216
num of flexible agents: 37
num of flexible tasks: 8
Solving time: 0.000255472 seconds
plan limit 980
current timestep 217
num of flexible agents: 33
num of flexible tasks: 5
Solving time: 0.000226431 seconds
plan limit 980
current timestep 218
num of flexible agents: 35
num of flexible tasks: 6
Solving time: 0.000372066 seconds
plan limit 980
current timestep 219
num of flexible agents: 35
num of flexible tasks: 6
Solving time: 0.000262606 seconds
plan limit 980
current timestep 220
num of flexible agents: 35
num of flexible tasks: 5
Solving time: 0.000280251 seconds
plan limit 980
current timestep 221
num of flexible agents: 35
num of flexible tasks: 4
Solving time: 0.000233961 seconds
plan limit 980
current timestep 222
num of flexible agents: 40
num of flexible tasks: 6
Solving time: 0.000371138 seconds
plan limit 980
current timestep 223
num of flexible agents: 41
num of flexible tasks: 7
Solving time: 0.000235391 seconds
plan limit 980
current timestep 224
num of flexible agents: 41
num of flexible tasks: 7
Solving time: 0.000384722 seconds
plan limit 980
current timestep 225
num of flexible agents: 42
num of flexible tasks: 7
Solving time: 0.000391832 seconds
plan limit 980
current timestep 226
num of flexible agents: 40
num of flexible tasks: 6
Solving time: 0.000263129 seconds
plan limit 980
current timestep 227
num of flexible agents: 43
num of flexible tasks: 6
Solving time: 0.000291401 seconds
plan limit 980
current timestep 228
num of flexible agents: 45
num of flexible tasks: 7
Solving time: 0.000385968 seconds
plan limit 980
current timestep 229
num of flexible agents: 45
num of flexible tasks: 8
Solving time: 0.000291731 seconds
plan limit 980
current timestep 230
num of flexible agents: 45
num of flexible tasks: 8
Solving time: 0.000297095 seconds
plan limit 980
current timestep 231
num of flexible agents: 45
num of flexible tasks: 9
Solving time: 0.000331068 seconds
plan limit 980
current timestep 232
num of flexible agents: 46
num of flexible tasks: 9
Solving time: 0.000412807 seconds
plan limit 980
current timestep 233
num of flexible agents: 44
num of flexible tasks: 9
Solving time: 0.000279133 seconds
plan limit 980
current timestep 234
num of flexible agents: 43
num of flexible tasks: 9
Solving time: 0.000269191 seconds
plan limit 980
current timestep 235
num of flexible agents: 45
num of flexible tasks: 9
Solving time: 0.000401447 seconds
plan limit 980
current timestep 236
num of flexible agents: 45
num of flexible tasks: 7
Solving time: 0.000258323 seconds
plan limit 980
current timestep 237
num of flexible agents: 43
num of flexible tasks: 7
Solving time: 0.000296387 seconds
plan limit 980
current timestep 238
num of flexible agents: 44
num of flexible tasks: 7
Solving time: 0.000271724 seconds
plan limit 980
current timestep 239
num of flexible agents: 44
num of flexible tasks: 8
Solving time: 0.000264706 seconds
plan limit 980
current timestep 240
num of flexible agents: 44
num of flexible tasks: 9
Solving time: 0.000297461 seconds
plan limit 980
current timestep 241
num of flexible agents: 43
num of flexible tasks: 8
Solving time: 0.00028999 seconds
plan limit 980
current timestep 242
num of flexible agents: 42
num of flexible tasks: 8
Solving time: 0.000281477 seconds
plan limit 980
current timestep 243
num of flexible agents: 43
num of flexible tasks: 8
Solving time: 0.000291134 seconds
plan limit 980
current timestep 244
num of flexible agents: 42
num of flexible tasks: 7
Solving time: 0.000300356 seconds
plan limit 980
current timestep 245
num of flexible agents: 41
num of flexible tasks: 7
Solving time: 0.000423633 seconds
plan limit 980
current timestep 246
num of flexible agents: 41
num of flexible tasks: 7
Solving time: 0.000298495 seconds
plan limit 980
current timestep 247
num of flexible agents: 42
num of flexible tasks: 9
Solving time: 0.000278832 seconds
plan limit 980
current timestep 248
num of flexible agents: 40
num of flexible tasks: 8
Solving time: 0.000415906 seconds
plan limit 980
current timestep 249
num of flexible agents: 41
num of flexible tasks: 9
Solving time: 0.000287355 seconds
plan limit 980
current timestep 250
num of flexible agents: 42
num of flexible tasks: 8
Solving time: 0.000288189 seconds
plan limit 980
current timestep 251
num of flexible agents: 41
num of flexible tasks: 5
Solving time: 0.000265789 seconds
plan limit 980
current timestep 252
num of flexible agents: 42
num of flexible tasks: 3
Solving time: 0.000261007 seconds
plan limit 980
current timestep 253
num of flexible agents: 44
num of flexible tasks: 3
Solving time: 0.000262511 seconds
plan limit 980
current timestep 254
num of flexible agents: 44
num of flexible tasks: 2
Solving time: 0.000247802 seconds
plan limit 980
current timestep 255
num of flexible agents: 44
num of flexible tasks: 2
Solving time: 0.000240371 seconds
plan limit 980
current timestep 256
num of flexible agents: 44
num of flexible tasks: 1
Solving time: 0.000373929 seconds
plan limit 980
current timestep 257
num of flexible agents: 46
num of flexible tasks: 1
Solving time: 0.000247033 seconds
plan limit 980
current timestep 258
num of flexible agents: 47
num of flexible tasks: 1
Solving time: 0.000248056 seconds
plan limit 980
current timestep 259
num of flexible agents: 49
num of flexible tasks: 0
Solving time: 0.000320652 seconds
plan limit 980
current timestep 260
num of flexible agents: 52
num of flexible tasks: 0
Solving time: 0.000224042 seconds
plan limit 980
current timestep 261
num of flexible agents: 53
num of flexible tasks: 0
Solving time: 0.000233681 seconds
plan limit 980
current timestep 262
num of flexible agents: 53
num of flexible tasks: 0
Solving time: 0.000228093 seconds
plan limit 980
current timestep 263
num of flexible agents: 55
num of flexible tasks: 0
Solving time: 0.000228134 seconds
plan limit 980
current timestep 264
num of flexible agents: 56
num of flexible tasks: 0
Solving time: 0.000248701 seconds
plan limit 980
current timestep 265
num of flexible agents: 60
num of flexible tasks: 0
Solving time: 0.00022759 seconds
plan limit 980
current timestep 266
num of flexible agents: 60
num of flexible tasks: 0
Solving time: 0.000227209 seconds
plan limit 980
current timestep 267
num of flexible agents: 65
num of flexible tasks: 0
Solving time: 0.000223654 seconds
plan limit 980
current timestep 268
num of flexible agents: 67
num of flexible tasks: 0
Solving time: 0.00023021 seconds
plan limit 980
current timestep 269
num of flexible agents: 69
num of flexible tasks: 0
Solving time: 0.000224897 seconds
plan limit 980
current timestep 270
num of flexible agents: 70
num of flexible tasks: 0
Solving time: 0.000323296 seconds
plan limit 980
current timestep 271
num of flexible agents: 70
num of flexible tasks: 0
Solving time: 0.00022335 seconds
plan limit 980
current timestep 272
num of flexible agents: 71
num of flexible tasks: 0
Solving time: 0.000227996 seconds
plan limit 980
current timestep 273
num of flexible agents: 75
num of flexible tasks: 0
Solving time: 0.000231228 seconds
plan limit 980
current timestep 274
num of flexible agents: 76
num of flexible tasks: 0
Solving time: 0.00022417 seconds
plan limit 980
current timestep 275
num of flexible agents: 77
num of flexible tasks: 0
Solving time: 0.000255017 seconds
plan limit 980
current timestep 276
num of flexible agents: 78
num of flexible tasks: 0
Solving time: 0.000227676 seconds
plan limit 980
current timestep 277
num of flexible agents: 79
num of flexible tasks: 0
Solving time: 0.000228325 seconds
plan limit 980
current timestep 278
num of flexible agents: 79
num of flexible tasks: 0
Solving time: 0.000230382 seconds
plan limit 980
current timestep 279
num of flexible agents: 79
num of flexible tasks: 0
Solving time: 0.000228584 seconds
plan limit 980
current timestep 280
num of flexible agents: 79
num of flexible tasks: 0
Solving time: 0.000233869 seconds
plan limit 980
current timestep 281
num of flexible agents: 79
num of flexible tasks: 0
Solving time: 0.000226533 seconds
plan limit 980
current timestep 282
num of flexible agents: 79
num of flexible tasks: 0
Solving time: 0.000228626 seconds
plan limit 980
current timestep 283
num of flexible agents: 79
num of flexible tasks: 0
Solving time: 0.000233555 seconds
plan limit 980
current timestep 284
num of flexible agents: 79
num of flexible tasks: 0
Solving time: 0.000228455 seconds
plan limit 980
current timestep 285
num of flexible agents: 79
num of flexible tasks: 0
Solving time: 0.000232975 seconds
plan limit 980
current timestep 286
num of flexible agents: 79
num of flexible tasks: 0
Solving time: 0.000229809 seconds
plan limit 980
current timestep 287
num of flexible agents: 79
num of flexible tasks: 0
Solving time: 0.000232074 seconds
plan limit 980
current timestep 288
num of flexible agents: 79
num of flexible tasks: 0
Solving time: 0.000229634 seconds
plan limit 980
current timestep 289
num of flexible agents: 79
num of flexible tasks: 0
Solving time: 0.000225684 seconds
plan limit 980
current timestep 290
num of flexible agents: 79
num of flexible tasks: 0
Solving time: 0.000335767 seconds
plan limit 980
current timestep 291
num of flexible agents: 79
num of flexible tasks: 0
Solving time: 0.000231117 seconds
plan limit 980
All tasks finished at timestep 292
