current timestep 0
num of flexible agents: 50
num of flexible tasks: 10
Solving time: 0.000362867 seconds
plan limit 980
current timestep 1
num of flexible agents: 47
num of flexible tasks: 17
Solving time: 0.000443938 seconds
plan limit 980
current timestep 2
num of flexible agents: 44
num of flexible tasks: 24
Solving time: 0.000627772 seconds
plan limit 980
current timestep 3
num of flexible agents: 43
num of flexible tasks: 33
Solving time: 0.000514114 seconds
plan limit 980
current timestep 4
num of flexible agents: 41
num of flexible tasks: 41
Solving time: 0.000543511 seconds
plan limit 980
current timestep 5
num of flexible agents: 39
num of flexible tasks: 49
Solving time: 0.000463364 seconds
plan limit 980
current timestep 6
num of flexible agents: 32
num of flexible tasks: 52
Solving time: 0.000426058 seconds
plan limit 980
current timestep 7
num of flexible agents: 24
num of flexible tasks: 54
Solving time: 0.000377572 seconds
plan limit 980
current timestep 8
num of flexible agents: 17
num of flexible tasks: 57
Solving time: 0.00032798 seconds
plan limit 980
current timestep 9
num of flexible agents: 10
num of flexible tasks: 58
Solving time: 0.000439544 seconds
plan limit 980
current timestep 10
num of flexible agents: 6
num of flexible tasks: 64
Solving time: 0.000293964 seconds
plan limit 980
current timestep 11
num of flexible agents: 3
num of flexible tasks: 70
Solving time: 0.000882339 seconds
plan limit 980
current timestep 12
num of flexible agents: 2
num of flexible tasks: 79
Solving time: 0.000844625 seconds
plan limit 980
current timestep 13
num of flexible agents: 1
num of flexible tasks: 88
Solving time: 0.000396562 seconds
plan limit 980
current timestep 14
num of flexible agents: 2
num of flexible tasks: 98
Solving time: 0.000968643 seconds
plan limit 979
current timestep 15
num of flexible agents: 3
num of flexible tasks: 108
Solving time: 0.000836248 seconds
plan limit 980
current timestep 16
num of flexible agents: 2
num of flexible tasks: 115
Solving time: 0.000813237 seconds
plan limit 980
current timestep 17
num of flexible agents: 3
num of flexible tasks: 124
Solving time: 0.000887642 seconds
plan limit 980
current timestep 18
num of flexible agents: 3
num of flexible tasks: 133
Solving time: 0.00102646 seconds
plan limit 979
current timestep 19
num of flexible agents: 2
num of flexible tasks: 142
Solving time: 0.000812636 seconds
plan limit 980
current timestep 20
num of flexible agents: 3
num of flexible tasks: 152
Solving time: 0.000821425 seconds
plan limit 980
current timestep 21
num of flexible agents: 0
num of flexible tasks: 159
Solving time: 0.000225109 seconds
plan limit 980
current timestep 22
num of flexible agents: 1
num of flexible tasks: 169
Solving time: 0.00069767 seconds
plan limit 980
current timestep 23
num of flexible agents: 2
num of flexible tasks: 178
Solving time: 0.000777914 seconds
plan limit 980
current timestep 24
num of flexible agents: 4
num of flexible tasks: 186
Solving time: 0.00107021 seconds
plan limit 979
current timestep 25
num of flexible agents: 2
num of flexible tasks: 192
Solving time: 0.000804093 seconds
plan limit 980
current timestep 26
num of flexible agents: 1
num of flexible tasks: 200
Solving time: 0.000671536 seconds
plan limit 980
current timestep 27
num of flexible agents: 1
num of flexible tasks: 209
Solving time: 0.000641286 seconds
plan limit 980
current timestep 28
num of flexible agents: 3
num of flexible tasks: 219
Solving time: 0.000836434 seconds
plan limit 980
current timestep 29
num of flexible agents: 5
num of flexible tasks: 227
Solving time: 0.000932229 seconds
plan limit 979
current timestep 30
num of flexible agents: 3
num of flexible tasks: 232
Solving time: 0.000827065 seconds
plan limit 980
current timestep 31
num of flexible agents: 3
num of flexible tasks: 239
Solving time: 0.00101243 seconds
plan limit 979
current timestep 32
num of flexible agents: 4
num of flexible tasks: 246
Solving time: 0.000852254 seconds
plan limit 980
current timestep 33
num of flexible agents: 5
num of flexible tasks: 252
Solving time: 0.00085559 seconds
plan limit 980
current timestep 34
num of flexible agents: 0
num of flexible tasks: 257
Solving time: 0.000275655 seconds
plan limit 980
current timestep 35
num of flexible agents: 2
num of flexible tasks: 267
Solving time: 0.000740425 seconds
plan limit 980
current timestep 36
num of flexible agents: 2
num of flexible tasks: 275
Solving time: 0.000722541 seconds
plan limit 980
current timestep 37
num of flexible agents: 6
num of flexible tasks: 283
Solving time: 0.000920111 seconds
plan limit 979
current timestep 38
num of flexible agents: 2
num of flexible tasks: 288
Solving time: 0.000754695 seconds
plan limit 980
current timestep 39
num of flexible agents: 2
num of flexible tasks: 296
Solving time: 0.000892259 seconds
plan limit 979
current timestep 40
num of flexible agents: 2
num of flexible tasks: 304
Solving time: 0.000764312 seconds
plan limit 980
current timestep 41
num of flexible agents: 3
num of flexible tasks: 313
Solving time: 0.000797734 seconds
plan limit 980
current timestep 42
num of flexible agents: 2
num of flexible tasks: 320
Solving time: 0.000755414 seconds
plan limit 980
current timestep 43
num of flexible agents: 2
num of flexible tasks: 328
Solving time: 0.000899542 seconds
plan limit 979
current timestep 44
num of flexible agents: 3
num of flexible tasks: 337
Solving time: 0.000800555 seconds
plan limit 980
current timestep 45
num of flexible agents: 0
num of flexible tasks: 344
Solving time: 0.000325767 seconds
plan limit 980
current timestep 46
num of flexible agents: 1
num of flexible tasks: 354
Solving time: 0.000585107 seconds
plan limit 980
current timestep 47
num of flexible agents: 0
num of flexible tasks: 363
Solving time: 0.00023965 seconds
plan limit 980
current timestep 48
num of flexible agents: 2
num of flexible tasks: 373
Solving time: 0.000699714 seconds
plan limit 980
current timestep 49
num of flexible agents: 3
num of flexible tasks: 381
Solving time: 0.000821129 seconds
plan limit 979
current timestep 50
num of flexible agents: 4
num of flexible tasks: 378
Solving time: 0.00084977 seconds
plan limit 980
current timestep 51
num of flexible agents: 2
num of flexible tasks: 375
Solving time: 0.000750765 seconds
plan limit 980
current timestep 52
num of flexible agents: 8
num of flexible tasks: 373
Solving time: 0.000297368 seconds
plan limit 980
current timestep 53
num of flexible agents: 3
num of flexible tasks: 366
Solving time: 0.000976797 seconds
plan limit 979
current timestep 54
num of flexible agents: 3
num of flexible tasks: 363
Solving time: 0.00079648 seconds
plan limit 980
current timestep 55
num of flexible agents: 4
num of flexible tasks: 360
Solving time: 0.000845031 seconds
plan limit 980
current timestep 56
num of flexible agents: 2
num of flexible tasks: 357
Solving time: 0.000708421 seconds
plan limit 980
current timestep 57
num of flexible agents: 5
num of flexible tasks: 356
Solving time: 0.00109768 seconds
plan limit 979
current timestep 58
num of flexible agents: 2
num of flexible tasks: 352
Solving time: 0.000718201 seconds
plan limit 980
current timestep 59
num of flexible agents: 0
num of flexible tasks: 350
Solving time: 0.000248681 seconds
plan limit 980
current timestep 60
num of flexible agents: 6
num of flexible tasks: 350
Solving time: 0.00110854 seconds
plan limit 979
current timestep 61
num of flexible agents: 6
num of flexible tasks: 346
Solving time: 0.000918595 seconds
plan limit 979
current timestep 62
num of flexible agents: 1
num of flexible tasks: 340
Solving time: 0.000768711 seconds
plan limit 980
current timestep 63
num of flexible agents: 1
num of flexible tasks: 339
Solving time: 0.000541559 seconds
plan limit 980
current timestep 64
num of flexible agents: 6
num of flexible tasks: 339
Solving time: 0.000909426 seconds
plan limit 979
current timestep 65
num of flexible agents: 4
num of flexible tasks: 334
Solving time: 0.000982747 seconds
plan limit 979
current timestep 66
num of flexible agents: 1
num of flexible tasks: 330
Solving time: 0.000636522 seconds
plan limit 980
current timestep 67
num of flexible agents: 5
num of flexible tasks: 330
Solving time: 0.000872106 seconds
plan limit 979
current timestep 68
num of flexible agents: 2
num of flexible tasks: 325
Solving time: 0.000878181 seconds
plan limit 979
current timestep 69
num of flexible agents: 3
num of flexible tasks: 323
Solving time: 0.000813464 seconds
plan limit 980
current timestep 70
num of flexible agents: 4
num of flexible tasks: 322
Solving time: 0.000861645 seconds
plan limit 979
current timestep 71
num of flexible agents: 2
num of flexible tasks: 319
Solving time: 0.000750898 seconds
plan limit 980
current timestep 72
num of flexible agents: 3
num of flexible tasks: 318
Solving time: 0.00081084 seconds
plan limit 980
current timestep 73
num of flexible agents: 3
num of flexible tasks: 315
Solving time: 0.000981694 seconds
plan limit 979
current timestep 74
num of flexible agents: 1
num of flexible tasks: 313
Solving time: 0.000681978 seconds
plan limit 980
current timestep 75
num of flexible agents: 2
num of flexible tasks: 312
Solving time: 0.000866719 seconds
plan limit 979
current timestep 76
num of flexible agents: 0
num of flexible tasks: 310
Solving time: 0.000268698 seconds
plan limit 980
current timestep 77
num of flexible agents: 1
num of flexible tasks: 310
Solving time: 0.00064695 seconds
plan limit 980
current timestep 78
num of flexible agents: 1
num of flexible tasks: 309
Solving time: 0.000824769 seconds
plan limit 979
current timestep 79
num of flexible agents: 4
num of flexible tasks: 308
Solving time: 0.000829652 seconds
plan limit 980
current timestep 80
num of flexible agents: 0
num of flexible tasks: 304
Solving time: 0.000261394 seconds
plan limit 980
current timestep 81
num of flexible agents: 4
num of flexible tasks: 304
Solving time: 0.000840164 seconds
plan limit 980
current timestep 82
num of flexible agents: 6
num of flexible tasks: 301
Solving time: 0.000930734 seconds
plan limit 979
current timestep 83
num of flexible agents: 4
num of flexible tasks: 297
Solving time: 0.00101286 seconds
plan limit 979
current timestep 84
num of flexible agents: 5
num of flexible tasks: 294
Solving time: 0.00102344 seconds
plan limit 979
current timestep 85
num of flexible agents: 2
num of flexible tasks: 289
Solving time: 0.000739495 seconds
plan limit 980
current timestep 86
num of flexible agents: 1
num of flexible tasks: 287
Solving time: 0.000799878 seconds
plan limit 980
current timestep 87
num of flexible agents: 4
num of flexible tasks: 286
Solving time: 0.00087203 seconds
plan limit 979
current timestep 88
num of flexible agents: 1
num of flexible tasks: 282
Solving time: 0.000579755 seconds
plan limit 980
current timestep 89
num of flexible agents: 3
num of flexible tasks: 281
Solving time: 0.000820392 seconds
plan limit 980
current timestep 90
num of flexible agents: 8
num of flexible tasks: 280
Solving time: 0.000294918 seconds
plan limit 980
current timestep 91
num of flexible agents: 4
num of flexible tasks: 275
Solving time: 0.00103877 seconds
plan limit 979
current timestep 92
num of flexible agents: 2
num of flexible tasks: 271
Solving time: 0.000743422 seconds
plan limit 980
current timestep 93
num of flexible agents: 4
num of flexible tasks: 269
Solving time: 0.000854206 seconds
plan limit 980
current timestep 94
num of flexible agents: 0
num of flexible tasks: 265
Solving time: 0.000350948 seconds
plan limit 980
current timestep 95
num of flexible agents: 2
num of flexible tasks: 265
Solving time: 0.000778171 seconds
plan limit 980
current timestep 96
num of flexible agents: 0
num of flexible tasks: 263
Solving time: 0.000332426 seconds
plan limit 980
current timestep 97
num of flexible agents: 0
num of flexible tasks: 263
Solving time: 0.000234024 seconds
plan limit 980
current timestep 98
num of flexible agents: 4
num of flexible tasks: 263
Solving time: 0.00105088 seconds
plan limit 979
current timestep 99
num of flexible agents: 3
num of flexible tasks: 260
Solving time: 0.000998998 seconds
plan limit 979
current timestep 100
num of flexible agents: 1
num of flexible tasks: 257
Solving time: 0.000645474 seconds
plan limit 980
current timestep 101
num of flexible agents: 1
num of flexible tasks: 256
Solving time: 0.000447784 seconds
plan limit 980
current timestep 102
num of flexible agents: 3
num of flexible tasks: 256
Solving time: 0.000998629 seconds
plan limit 979
current timestep 103
num of flexible agents: 4
num of flexible tasks: 254
Solving time: 0.000866745 seconds
plan limit 980
current timestep 104
num of flexible agents: 3
num of flexible tasks: 251
Solving time: 0.000825009 seconds
plan limit 980
current timestep 105
num of flexible agents: 2
num of flexible tasks: 248
Solving time: 0.000921918 seconds
plan limit 979
current timestep 106
num of flexible agents: 3
num of flexible tasks: 246
Solving time: 0.000825682 seconds
plan limit 980
current timestep 107
num of flexible agents: 4
num of flexible tasks: 243
Solving time: 0.00103374 seconds
plan limit 979
current timestep 108
num of flexible agents: 5
num of flexible tasks: 242
Solving time: 0.000869015 seconds
plan limit 980
current timestep 109
num of flexible agents: 3
num of flexible tasks: 237
Solving time: 0.00101201 seconds
plan limit 979
current timestep 110
num of flexible agents: 2
num of flexible tasks: 234
Solving time: 0.000783241 seconds
plan limit 980
current timestep 111
num of flexible agents: 3
num of flexible tasks: 233
Solving time: 0.00103256 seconds
plan limit 979
current timestep 112
num of flexible agents: 6
num of flexible tasks: 231
Solving time: 0.00030832 seconds
plan limit 980
current timestep 113
num of flexible agents: 4
num of flexible tasks: 228
Solving time: 0.000850367 seconds
plan limit 980
current timestep 114
num of flexible agents: 5
num of flexible tasks: 226
Solving time: 0.00108089 seconds
plan limit 979
current timestep 115
num of flexible agents: 5
num of flexible tasks: 222
Solving time: 0.000919061 seconds
plan limit 979
current timestep 116
num of flexible agents: 1
num of flexible tasks: 218
Solving time: 0.00030363 seconds
plan limit 980
current timestep 117
num of flexible agents: 3
num of flexible tasks: 217
Solving time: 0.00102316 seconds
plan limit 979
current timestep 118
num of flexible agents: 3
num of flexible tasks: 216
Solving time: 0.000831206 seconds
plan limit 980
current timestep 119
num of flexible agents: 3
num of flexible tasks: 214
Solving time: 0.000830833 seconds
plan limit 980
current timestep 120
num of flexible agents: 1
num of flexible tasks: 212
Solving time: 0.00058469 seconds
plan limit 980
current timestep 121
num of flexible agents: 3
num of flexible tasks: 211
Solving time: 0.00100905 seconds
plan limit 979
current timestep 122
num of flexible agents: 3
num of flexible tasks: 209
Solving time: 0.00083287 seconds
plan limit 979
current timestep 123
num of flexible agents: 5
num of flexible tasks: 208
Solving time: 0.000877618 seconds
plan limit 980
current timestep 124
num of flexible agents: 3
num of flexible tasks: 205
Solving time: 0.000826951 seconds
plan limit 980
current timestep 125
num of flexible agents: 4
num of flexible tasks: 205
Solving time: 0.0010032 seconds
plan limit 979
current timestep 126
num of flexible agents: 3
num of flexible tasks: 202
Solving time: 0.000801067 seconds
plan limit 980
current timestep 127
num of flexible agents: 2
num of flexible tasks: 200
Solving time: 0.000931199 seconds
plan limit 979
current timestep 128
num of flexible agents: 0
num of flexible tasks: 198
Solving time: 0.000227396 seconds
plan limit 980
current timestep 129
num of flexible agents: 3
num of flexible tasks: 198
Solving time: 0.000818327 seconds
plan limit 980
current timestep 130
num of flexible agents: 5
num of flexible tasks: 198
Solving time: 0.000917663 seconds
plan limit 979
current timestep 131
num of flexible agents: 6
num of flexible tasks: 194
Solving time: 0.000464462 seconds
plan limit 980
current timestep 132
num of flexible agents: 4
num of flexible tasks: 189
Solving time: 0.000844169 seconds
plan limit 980
current timestep 133
num of flexible agents: 5
num of flexible tasks: 186
Solving time: 0.00095085 seconds
plan limit 979
current timestep 134
num of flexible agents: 6
num of flexible tasks: 185
Solving time: 0.000291381 seconds
plan limit 980
current timestep 135
num of flexible agents: 5
num of flexible tasks: 182
Solving time: 0.00091943 seconds
plan limit 979
current timestep 136
num of flexible agents: 1
num of flexible tasks: 177
Solving time: 0.000711783 seconds
plan limit 980
current timestep 137
num of flexible agents: 2
num of flexible tasks: 176
Solving time: 0.00093024 seconds
plan limit 979
current timestep 138
num of flexible agents: 1
num of flexible tasks: 174
Solving time: 0.000704251 seconds
plan limit 980
current timestep 139
num of flexible agents: 3
num of flexible tasks: 173
Solving time: 0.00100966 seconds
plan limit 979
current timestep 140
num of flexible agents: 4
num of flexible tasks: 172
Solving time: 0.000824758 seconds
plan limit 980
current timestep 141
num of flexible agents: 4
num of flexible tasks: 170
Solving time: 0.000843642 seconds
plan limit 980
current timestep 142
num of flexible agents: 6
num of flexible tasks: 170
Solving time: 0.000423808 seconds
plan limit 980
current timestep 143
num of flexible agents: 4
num of flexible tasks: 167
Solving time: 0.000865146 seconds
plan limit 980
current timestep 144
num of flexible agents: 2
num of flexible tasks: 164
Solving time: 0.000962908 seconds
plan limit 979
current timestep 145
num of flexible agents: 4
num of flexible tasks: 163
Solving time: 0.000868699 seconds
plan limit 980
current timestep 146
num of flexible agents: 5
num of flexible tasks: 160
Solving time: 0.000913307 seconds
plan limit 979
current timestep 147
num of flexible agents: 5
num of flexible tasks: 159
Solving time: 0.000915568 seconds
plan limit 979
current timestep 148
num of flexible agents: 9
num of flexible tasks: 156
Solving time: 0.00032069 seconds
plan limit 980
current timestep 149
num of flexible agents: 10
num of flexible tasks: 153
Solving time: 0.000327163 seconds
plan limit 980
current timestep 150
num of flexible agents: 5
num of flexible tasks: 146
Solving time: 0.000922048 seconds
plan limit 979
current timestep 151
num of flexible agents: 4
num of flexible tasks: 144
Solving time: 0.00110866 seconds
plan limit 979
current timestep 152
num of flexible agents: 4
num of flexible tasks: 143
Solving time: 0.00092751 seconds
plan limit 979
current timestep 153
num of flexible agents: 5
num of flexible tasks: 142
Solving time: 0.00093811 seconds
plan limit 979
current timestep 154
num of flexible agents: 6
num of flexible tasks: 141
Solving time: 0.000347058 seconds
plan limit 980
current timestep 155
num of flexible agents: 3
num of flexible tasks: 138
Solving time: 0.000840398 seconds
plan limit 980
current timestep 156
num of flexible agents: 4
num of flexible tasks: 138
Solving time: 0.00109851 seconds
plan limit 979
current timestep 157
num of flexible agents: 4
num of flexible tasks: 136
Solving time: 0.000918237 seconds
plan limit 979
current timestep 158
num of flexible agents: 4
num of flexible tasks: 134
Solving time: 0.00094924 seconds
plan limit 979
current timestep 159
num of flexible agents: 4
num of flexible tasks: 132
Solving time: 0.00111063 seconds
plan limit 979
current timestep 160
num of flexible agents: 8
num of flexible tasks: 131
Solving time: 0.000312623 seconds
plan limit 980
current timestep 161
num of flexible agents: 6
num of flexible tasks: 128
Solving time: 0.000304795 seconds
plan limit 980
current timestep 162
num of flexible agents: 3
num of flexible tasks: 124
Solving time: 0.000851371 seconds
plan limit 979
current timestep 163
num of flexible agents: 4
num of flexible tasks: 122
Solving time: 0.000914859 seconds
plan limit 979
current timestep 164
num of flexible agents: 4
num of flexible tasks: 120
Solving time: 0.00107809 seconds
plan limit 979
current timestep 165
num of flexible agents: 6
num of flexible tasks: 119
Solving time: 0.000345732 seconds
plan limit 980
current timestep 166
num of flexible agents: 5
num of flexible tasks: 117
Solving time: 0.00111205 seconds
plan limit 979
current timestep 167
num of flexible agents: 6
num of flexible tasks: 115
Solving time: 0.000406364 seconds
plan limit 980
current timestep 168
num of flexible agents: 8
num of flexible tasks: 113
Solving time: 0.000329692 seconds
plan limit 980
current timestep 169
num of flexible agents: 6
num of flexible tasks: 110
Solving time: 0.000460424 seconds
plan limit 980
current timestep 170
num of flexible agents: 8
num of flexible tasks: 107
Solving time: 0.000321834 seconds
plan limit 980
current timestep 171
num of flexible agents: 6
num of flexible tasks: 104
Solving time: 0.000329074 seconds
plan limit 980
current timestep 172
num of flexible agents: 6
num of flexible tasks: 103
Solving time: 0.000462056 seconds
plan limit 980
current timestep 173
num of flexible agents: 5
num of flexible tasks: 102
Solving time: 0.000933765 seconds
plan limit 979
current timestep 174
num of flexible agents: 6
num of flexible tasks: 100
Solving time: 0.000302095 seconds
plan limit 980
current timestep 175
num of flexible agents: 8
num of flexible tasks: 100
Solving time: 0.000303929 seconds
plan limit 980
current timestep 176
num of flexible agents: 11
num of flexible tasks: 98
Solving time: 0.000344169 seconds
plan limit 980
current timestep 177
num of flexible agents: 12
num of flexible tasks: 97
Solving time: 0.000335974 seconds
plan limit 980
current timestep 178
num of flexible agents: 12
num of flexible tasks: 93
Solving time: 0.000329937 seconds
plan limit 980
current timestep 179
num of flexible agents: 11
num of flexible tasks: 91
Solving time: 0.000332239 seconds
plan limit 980
current timestep 180
num of flexible agents: 10
num of flexible tasks: 88
Solving time: 0.000352674 seconds
plan limit 980
current timestep 181
num of flexible agents: 10
num of flexible tasks: 85
Solving time: 0.000482055 seconds
plan limit 980
current timestep 182
num of flexible agents: 8
num of flexible tasks: 83
Solving time: 0.000314073 seconds
plan limit 980
current timestep 183
num of flexible agents: 7
num of flexible tasks: 81
Solving time: 0.000329715 seconds
plan limit 980
current timestep 184
num of flexible agents: 9
num of flexible tasks: 80
Solving time: 0.000493329 seconds
plan limit 980
current timestep 185
num of flexible agents: 8
num of flexible tasks: 76
Solving time: 0.00031352 seconds
plan limit 980
current timestep 186
num of flexible agents: 8
num of flexible tasks: 75
Solving time: 0.000482993 seconds
plan limit 980
current timestep 187
num of flexible agents: 9
num of flexible tasks: 75
Solving time: 0.000329475 seconds
plan limit 980
current timestep 188
num of flexible agents: 9
num of flexible tasks: 70
Solving time: 0.000331621 seconds
plan limit 980
current timestep 189
num of flexible agents: 10
num of flexible tasks: 68
Solving time: 0.000504977 seconds
plan limit 980
current timestep 190
num of flexible agents: 12
num of flexible tasks: 67
Solving time: 0.000383112 seconds
plan limit 980
current timestep 191
num of flexible agents: 12
num of flexible tasks: 65
Solving time: 0.000492626 seconds
plan limit 980
current timestep 192
num of flexible agents: 10
num of flexible tasks: 62
Solving time: 0.000317147 seconds
plan limit 980
current timestep 193
num of flexible agents: 9
num of flexible tasks: 59
Solving time: 0.000353871 seconds
plan limit 980
current timestep 194
num of flexible agents: 8
num of flexible tasks: 58
Solving time: 0.000467311 seconds
plan limit 980
current timestep 195
num of flexible agents: 6
num of flexible tasks: 53
Solving time: 0.000334688 seconds
plan limit 980
current timestep 196
num of flexible agents: 5
num of flexible tasks: 51
Solving time: 0.000962123 seconds
plan limit 979
current timestep 197
num of flexible agents: 7
num of flexible tasks: 51
Solving time: 0.000489287 seconds
plan limit 980
current timestep 198
num of flexible agents: 7
num of flexible tasks: 50
Solving time: 0.000500078 seconds
plan limit 980
current timestep 199
num of flexible agents: 8
num of flexible tasks: 48
Solving time: 0.000367844 seconds
plan limit 980
current timestep 200
num of flexible agents: 8
num of flexible tasks: 47
Solving time: 0.00051579 seconds
plan limit 980
current timestep 201
num of flexible agents: 10
num of flexible tasks: 46
Solving time: 0.00035857 seconds
plan limit 980
current timestep 202
num of flexible agents: 10
num of flexible tasks: 45
Solving time: 0.000494132 seconds
plan limit 980
current timestep 203
num of flexible agents: 9
num of flexible tasks: 42
Solving time: 0.000363656 seconds
plan limit 980
current timestep 204
num of flexible agents: 8
num of flexible tasks: 41
Solving time: 0.000340455 seconds
plan limit 980
current timestep 205
num of flexible agents: 8
num of flexible tasks: 39
Solving time: 0.000345484 seconds
plan limit 980
current timestep 206
num of flexible agents: 8
num of flexible tasks: 36
Solving time: 0.000518461 seconds
plan limit 980
current timestep 207
num of flexible agents: 8
num of flexible tasks: 34
Solving time: 0.000353328 seconds
plan limit 980
current timestep 208
num of flexible agents: 10
num of flexible tasks: 33
Solving time: 0.000495285 seconds
plan limit 980
current timestep 209
num of flexible agents: 9
num of flexible tasks: 31
Solving time: 0.000369857 seconds
plan limit 980
current timestep 210
num of flexible agents: 9
num of flexible tasks: 30
Solving time: 0.000502331 seconds
plan limit 980
current timestep 211
num of flexible agents: 10
num of flexible tasks: 29
Solving time: 0.000362671 seconds
plan limit 980
current timestep 212
num of flexible agents: 10
num of flexible tasks: 29
Solving time: 0.000480242 seconds
plan limit 980
current timestep 213
num of flexible agents: 10
num of flexible tasks: 28
Solving time: 0.000356922 seconds
plan limit 980
current timestep 214
num of flexible agents: 9
num of flexible tasks: 27
Solving time: 0.000327322 seconds
plan limit 980
current timestep 215
num of flexible agents: 13
num of flexible tasks: 27
Solving time: 0.000543472 seconds
plan limit 980
current timestep 216
num of flexible agents: 14
num of flexible tasks: 26
Solving time: 0.000333885 seconds
plan limit 980
current timestep 217
num of flexible agents: 17
num of flexible tasks: 25
Solving time: 0.000586557 seconds
plan limit 980
current timestep 218
num of flexible agents: 17
num of flexible tasks: 23
Solving time: 0.000397182 seconds
plan limit 980
current timestep 219
num of flexible agents: 15
num of flexible tasks: 20
Solving time: 0.000398601 seconds
plan limit 980
current timestep 220
num of flexible agents: 16
num of flexible tasks: 18
Solving time: 0.000362566 seconds
plan limit 980
current timestep 221
num of flexible agents: 15
num of flexible tasks: 14
Solving time: 0.000567884 seconds
plan limit 980
current timestep 222
num of flexible agents: 17
num of flexible tasks: 13
Solving time: 0.000351475 seconds
plan limit 980
current timestep 223
num of flexible agents: 18
num of flexible tasks: 12
Solving time: 0.00038216 seconds
plan limit 980
current timestep 224
num of flexible agents: 18
num of flexible tasks: 11
Solving time: 0.000475979 seconds
plan limit 980
current timestep 225
num of flexible agents: 19
num of flexible tasks: 11
Solving time: 0.000307663 seconds
plan limit 980
current timestep 226
num of flexible agents: 21
num of flexible tasks: 11
Solving time: 0.000301261 seconds
plan limit 980
current timestep 227
num of flexible agents: 23
num of flexible tasks: 11
Solving time: 0.000298941 seconds
plan limit 980
current timestep 228
num of flexible agents: 25
num of flexible tasks: 11
Solving time: 0.00026237 seconds
plan limit 980
current timestep 229
num of flexible agents: 24
num of flexible tasks: 9
Solving time: 0.000283896 seconds
plan limit 980
current timestep 230
num of flexible agents: 23
num of flexible tasks: 8
Solving time: 0.000277218 seconds
plan limit 980
current timestep 231
num of flexible agents: 23
num of flexible tasks: 5
Solving time: 0.000366225 seconds
plan limit 980
current timestep 232
num of flexible agents: 22
num of flexible tasks: 2
Solving time: 0.000227209 seconds
plan limit 980
current timestep 233
num of flexible agents: 25
num of flexible tasks: 1
Solving time: 0.000259261 seconds
plan limit 980
current timestep 234
num of flexible agents: 26
num of flexible tasks: 0
Solving time: 0.000211201 seconds
plan limit 980
current timestep 235
num of flexible agents: 27
num of flexible tasks: 0
Solving time: 0.00031391 seconds
plan limit 980
current timestep 236
num of flexible agents: 27
num of flexible tasks: 0
Solving time: 0.000308217 seconds
plan limit 980
current timestep 237
num of flexible agents: 29
num of flexible tasks: 0
Solving time: 0.000214836 seconds
plan limit 980
current timestep 238
num of flexible agents: 29
num of flexible tasks: 0
Solving time: 0.000339952 seconds
plan limit 980
current timestep 239
num of flexible agents: 32
num of flexible tasks: 0
Solving time: 0.000209954 seconds
plan limit 980
current timestep 240
num of flexible agents: 32
num of flexible tasks: 0
Solving time: 0.000209465 seconds
plan limit 980
current timestep 241
num of flexible agents: 32
num of flexible tasks: 0
Solving time: 0.000331006 seconds
plan limit 980
current timestep 242
num of flexible agents: 33
num of flexible tasks: 0
Solving time: 0.000210111 seconds
plan limit 980
current timestep 243
num of flexible agents: 34
num of flexible tasks: 0
Solving time: 0.000216983 seconds
plan limit 980
current timestep 244
num of flexible agents: 34
num of flexible tasks: 0
Solving time: 0.000312156 seconds
plan limit 980
current timestep 245
num of flexible agents: 37
num of flexible tasks: 0
Solving time: 0.000224218 seconds
plan limit 980
current timestep 246
num of flexible agents: 38
num of flexible tasks: 0
Solving time: 0.000211592 seconds
plan limit 980
current timestep 247
num of flexible agents: 38
num of flexible tasks: 0
Solving time: 0.000322088 seconds
plan limit 980
current timestep 248
num of flexible agents: 38
num of flexible tasks: 0
Solving time: 0.000202581 seconds
plan limit 980
current timestep 249
num of flexible agents: 39
num of flexible tasks: 0
Solving time: 0.000214536 seconds
plan limit 980
current timestep 250
num of flexible agents: 40
num of flexible tasks: 0
Solving time: 0.00021126 seconds
plan limit 980
current timestep 251
num of flexible agents: 40
num of flexible tasks: 0
Solving time: 0.000230378 seconds
plan limit 980
current timestep 252
num of flexible agents: 41
num of flexible tasks: 0
Solving time: 0.000216497 seconds
plan limit 980
current timestep 253
num of flexible agents: 42
num of flexible tasks: 0
Solving time: 0.000212768 seconds
plan limit 980
current timestep 254
num of flexible agents: 42
num of flexible tasks: 0
Solving time: 0.00032259 seconds
plan limit 980
current timestep 255
num of flexible agents: 42
num of flexible tasks: 0
Solving time: 0.000238553 seconds
plan limit 980
current timestep 256
num of flexible agents: 42
num of flexible tasks: 0
Solving time: 0.000213681 seconds
plan limit 980
current timestep 257
num of flexible agents: 43
num of flexible tasks: 0
Solving time: 0.000321138 seconds
plan limit 980
current timestep 258
num of flexible agents: 44
num of flexible tasks: 0
Solving time: 0.000205937 seconds
plan limit 980
current timestep 259
num of flexible agents: 44
num of flexible tasks: 0
Solving time: 0.000311307 seconds
plan limit 980
current timestep 260
num of flexible agents: 44
num of flexible tasks: 0
Solving time: 0.000305817 seconds
plan limit 980
current timestep 261
num of flexible agents: 46
num of flexible tasks: 0
Solving time: 0.00024229 seconds
plan limit 980
current timestep 262
num of flexible agents: 46
num of flexible tasks: 0
Solving time: 0.000324668 seconds
plan limit 980
current timestep 263
num of flexible agents: 49
num of flexible tasks: 0
Solving time: 0.000211792 seconds
plan limit 980
current timestep 264
num of flexible agents: 49
num of flexible tasks: 0
Solving time: 0.000311221 seconds
plan limit 980
current timestep 265
num of flexible agents: 49
num of flexible tasks: 0
Solving time: 0.000223286 seconds
plan limit 980
current timestep 266
num of flexible agents: 49
num of flexible tasks: 0
Solving time: 0.000309693 seconds
plan limit 980
current timestep 267
num of flexible agents: 49
num of flexible tasks: 0
Solving time: 0.000314466 seconds
plan limit 980
current timestep 268
num of flexible agents: 49
num of flexible tasks: 0
Solving time: 0.00020797 seconds
plan limit 980
All tasks finished at timestep 269
