current timestep 0
num of flexible agents: 100
num of flexible tasks: 5
Solving time: 0.000481381 seconds
plan limit 980
current timestep 1
num of flexible agents: 99
num of flexible tasks: 9
Solving time: 0.000358999 seconds
plan limit 980
current timestep 2
num of flexible agents: 97
num of flexible tasks: 12
Solving time: 0.000520393 seconds
plan limit 980
current timestep 3
num of flexible agents: 96
num of flexible tasks: 16
Solving time: 0.000332665 seconds
plan limit 980
current timestep 4
num of flexible agents: 92
num of flexible tasks: 17
Solving time: 0.000324167 seconds
plan limit 980
current timestep 5
num of flexible agents: 87
num of flexible tasks: 17
Solving time: 0.000475025 seconds
plan limit 980
current timestep 6
num of flexible agents: 85
num of flexible tasks: 20
Solving time: 0.00038696 seconds
plan limit 980
current timestep 7
num of flexible agents: 83
num of flexible tasks: 23
Solving time: 0.000553429 seconds
plan limit 980
current timestep 8
num of flexible agents: 77
num of flexible tasks: 22
Solving time: 0.000426665 seconds
plan limit 980
current timestep 9
num of flexible agents: 74
num of flexible tasks: 24
Solving time: 0.000449475 seconds
plan limit 980
current timestep 10
num of flexible agents: 73
num of flexible tasks: 27
Solving time: 0.000460358 seconds
plan limit 980
current timestep 11
num of flexible agents: 66
num of flexible tasks: 25
Solving time: 0.000638804 seconds
plan limit 980
current timestep 12
num of flexible agents: 61
num of flexible tasks: 25
Solving time: 0.000512698 seconds
plan limit 980
current timestep 13
num of flexible agents: 59
num of flexible tasks: 28
Solving time: 0.000468617 seconds
plan limit 980
current timestep 14
num of flexible agents: 57
num of flexible tasks: 31
Solving time: 0.000556487 seconds
plan limit 980
current timestep 15
num of flexible agents: 55
num of flexible tasks: 32
Solving time: 0.000562418 seconds
plan limit 980
current timestep 16
num of flexible agents: 49
num of flexible tasks: 31
Solving time: 0.000709905 seconds
plan limit 980
current timestep 17
num of flexible agents: 45
num of flexible tasks: 32
Solving time: 0.000531832 seconds
plan limit 980
current timestep 18
num of flexible agents: 44
num of flexible tasks: 35
Solving time: 0.000630286 seconds
plan limit 980
current timestep 19
num of flexible agents: 41
num of flexible tasks: 37
Solving time: 0.000553172 seconds
plan limit 980
current timestep 20
num of flexible agents: 35
num of flexible tasks: 35
Solving time: 0.000794106 seconds
plan limit 980
current timestep 21
num of flexible agents: 33
num of flexible tasks: 36
Solving time: 0.000530648 seconds
plan limit 980
current timestep 22
num of flexible agents: 32
num of flexible tasks: 38
Solving time: 0.000557274 seconds
plan limit 980
current timestep 23
num of flexible agents: 30
num of flexible tasks: 39
Solving time: 0.000472297 seconds
plan limit 980
current timestep 24
num of flexible agents: 30
num of flexible tasks: 40
Solving time: 0.000447376 seconds
plan limit 980
current timestep 25
num of flexible agents: 27
num of flexible tasks: 40
Solving time: 0.00041744 seconds
plan limit 980
current timestep 26
num of flexible agents: 23
num of flexible tasks: 39
Solving time: 0.000562772 seconds
plan limit 980
current timestep 27
num of flexible agents: 19
num of flexible tasks: 37
Solving time: 0.000373313 seconds
plan limit 980
current timestep 28
num of flexible agents: 21
num of flexible tasks: 41
Solving time: 0.000361693 seconds
plan limit 980
current timestep 29
num of flexible agents: 17
num of flexible tasks: 42
Solving time: 0.000350293 seconds
plan limit 980
current timestep 30
num of flexible agents: 15
num of flexible tasks: 42
Solving time: 0.000322759 seconds
plan limit 980
current timestep 31
num of flexible agents: 14
num of flexible tasks: 42
Solving time: 0.000306862 seconds
plan limit 980
current timestep 32
num of flexible agents: 13
num of flexible tasks: 44
Solving time: 0.00031281 seconds
plan limit 980
current timestep 33
num of flexible agents: 11
num of flexible tasks: 45
Solving time: 0.000336232 seconds
plan limit 980
current timestep 34
num of flexible agents: 12
num of flexible tasks: 47
Solving time: 0.000446846 seconds
plan limit 980
current timestep 35
num of flexible agents: 14
num of flexible tasks: 48
Solving time: 0.000336437 seconds
plan limit 980
current timestep 36
num of flexible agents: 13
num of flexible tasks: 49
Solving time: 0.000465979 seconds
plan limit 980
current timestep 37
num of flexible agents: 15
num of flexible tasks: 52
Solving time: 0.000326648 seconds
plan limit 980
current timestep 38
num of flexible agents: 13
num of flexible tasks: 53
Solving time: 0.000486478 seconds
plan limit 980
current timestep 39
num of flexible agents: 11
num of flexible tasks: 54
Solving time: 0.000308977 seconds
plan limit 980
current timestep 40
num of flexible agents: 12
num of flexible tasks: 56
Solving time: 0.000310012 seconds
plan limit 980
current timestep 41
num of flexible agents: 13
num of flexible tasks: 57
Solving time: 0.000320919 seconds
plan limit 980
current timestep 42
num of flexible agents: 12
num of flexible tasks: 58
Solving time: 0.000357118 seconds
plan limit 980
current timestep 43
num of flexible agents: 9
num of flexible tasks: 58
Solving time: 0.000322903 seconds
plan limit 980
current timestep 44
num of flexible agents: 16
num of flexible tasks: 61
Solving time: 0.00035093 seconds
plan limit 980
current timestep 45
num of flexible agents: 17
num of flexible tasks: 64
Solving time: 0.000496509 seconds
plan limit 980
current timestep 46
num of flexible agents: 19
num of flexible tasks: 66
Solving time: 0.000350907 seconds
plan limit 980
current timestep 47
num of flexible agents: 26
num of flexible tasks: 69
Solving time: 0.00035647 seconds
plan limit 980
current timestep 48
num of flexible agents: 22
num of flexible tasks: 65
Solving time: 0.000340607 seconds
plan limit 980
current timestep 49
num of flexible agents: 15
num of flexible tasks: 60
Solving time: 0.00033348 seconds
plan limit 980
current timestep 50
num of flexible agents: 11
num of flexible tasks: 58
Solving time: 0.000304514 seconds
plan limit 980
current timestep 51
num of flexible agents: 11
num of flexible tasks: 58
Solving time: 0.000308337 seconds
plan limit 980
current timestep 52
num of flexible agents: 10
num of flexible tasks: 62
Solving time: 0.000317118 seconds
plan limit 980
current timestep 53
num of flexible agents: 11
num of flexible tasks: 63
Solving time: 0.000331871 seconds
plan limit 980
current timestep 54
num of flexible agents: 7
num of flexible tasks: 64
Solving time: 0.00031777 seconds
plan limit 980
current timestep 55
num of flexible agents: 9
num of flexible tasks: 67
Solving time: 0.000323515 seconds
plan limit 980
current timestep 56
num of flexible agents: 11
num of flexible tasks: 69
Solving time: 0.000331353 seconds
plan limit 980
current timestep 57
num of flexible agents: 12
num of flexible tasks: 71
Solving time: 0.000338366 seconds
plan limit 980
current timestep 58
num of flexible agents: 12
num of flexible tasks: 72
Solving time: 0.000330066 seconds
plan limit 980
current timestep 59
num of flexible agents: 11
num of flexible tasks: 73
Solving time: 0.000332546 seconds
plan limit 980
current timestep 60
num of flexible agents: 7
num of flexible tasks: 72
Solving time: 0.000308341 seconds
plan limit 980
current timestep 61
num of flexible agents: 9
num of flexible tasks: 77
Solving time: 0.000334347 seconds
plan limit 980
current timestep 62
num of flexible agents: 10
num of flexible tasks: 79
Solving time: 0.000450169 seconds
plan limit 980
current timestep 63
num of flexible agents: 11
num of flexible tasks: 80
Solving time: 0.000294519 seconds
plan limit 980
current timestep 64
num of flexible agents: 12
num of flexible tasks: 82
Solving time: 0.000336656 seconds
plan limit 980
current timestep 65
num of flexible agents: 10
num of flexible tasks: 81
Solving time: 0.000499204 seconds
plan limit 980
current timestep 66
num of flexible agents: 12
num of flexible tasks: 84
Solving time: 0.000314518 seconds
plan limit 980
current timestep 67
num of flexible agents: 5
num of flexible tasks: 82
Solving time: 0.000465622 seconds
plan limit 980
current timestep 68
num of flexible agents: 9
num of flexible tasks: 86
Solving time: 0.000317806 seconds
plan limit 980
current timestep 69
num of flexible agents: 10
num of flexible tasks: 86
Solving time: 0.000456493 seconds
plan limit 980
current timestep 70
num of flexible agents: 8
num of flexible tasks: 84
Solving time: 0.000297094 seconds
plan limit 980
current timestep 71
num of flexible agents: 10
num of flexible tasks: 86
Solving time: 0.000459661 seconds
plan limit 980
current timestep 72
num of flexible agents: 14
num of flexible tasks: 84
Solving time: 0.000333388 seconds
plan limit 980
current timestep 73
num of flexible agents: 15
num of flexible tasks: 86
Solving time: 0.000337372 seconds
plan limit 980
current timestep 74
num of flexible agents: 13
num of flexible tasks: 87
Solving time: 0.000341828 seconds
plan limit 980
current timestep 75
num of flexible agents: 12
num of flexible tasks: 88
Solving time: 0.000335721 seconds
plan limit 980
current timestep 76
num of flexible agents: 8
num of flexible tasks: 88
Solving time: 0.000318142 seconds
plan limit 980
current timestep 77
num of flexible agents: 8
num of flexible tasks: 89
Solving time: 0.000319155 seconds
plan limit 980
current timestep 78
num of flexible agents: 10
num of flexible tasks: 91
Solving time: 0.000322094 seconds
plan limit 980
current timestep 79
num of flexible agents: 10
num of flexible tasks: 91
Solving time: 0.000330203 seconds
plan limit 980
current timestep 80
num of flexible agents: 10
num of flexible tasks: 92
Solving time: 0.000479448 seconds
plan limit 980
current timestep 81
num of flexible agents: 15
num of flexible tasks: 97
Solving time: 0.000325332 seconds
plan limit 980
current timestep 82
num of flexible agents: 15
num of flexible tasks: 97
Solving time: 0.00037082 seconds
plan limit 980
current timestep 83
num of flexible agents: 12
num of flexible tasks: 98
Solving time: 0.000326584 seconds
plan limit 980
current timestep 84
num of flexible agents: 12
num of flexible tasks: 100
Solving time: 0.000492096 seconds
plan limit 980
current timestep 85
num of flexible agents: 10
num of flexible tasks: 101
Solving time: 0.000310829 seconds
plan limit 980
current timestep 86
num of flexible agents: 12
num of flexible tasks: 103
Solving time: 0.000470399 seconds
plan limit 980
current timestep 87
num of flexible agents: 13
num of flexible tasks: 103
Solving time: 0.000324157 seconds
plan limit 980
current timestep 88
num of flexible agents: 11
num of flexible tasks: 102
Solving time: 0.000315814 seconds
plan limit 980
current timestep 89
num of flexible agents: 11
num of flexible tasks: 103
Solving time: 0.000320015 seconds
plan limit 980
current timestep 90
num of flexible agents: 11
num of flexible tasks: 104
Solving time: 0.000329259 seconds
plan limit 980
current timestep 91
num of flexible agents: 13
num of flexible tasks: 106
Solving time: 0.000346905 seconds
plan limit 980
current timestep 92
num of flexible agents: 14
num of flexible tasks: 106
Solving time: 0.000447438 seconds
plan limit 980
current timestep 93
num of flexible agents: 11
num of flexible tasks: 106
Solving time: 0.000328601 seconds
plan limit 980
current timestep 94
num of flexible agents: 11
num of flexible tasks: 108
Solving time: 0.000318687 seconds
plan limit 980
current timestep 95
num of flexible agents: 15
num of flexible tasks: 109
Solving time: 0.000346399 seconds
plan limit 980
current timestep 96
num of flexible agents: 14
num of flexible tasks: 108
Solving time: 0.000329915 seconds
plan limit 980
current timestep 97
num of flexible agents: 11
num of flexible tasks: 108
Solving time: 0.000348573 seconds
plan limit 980
current timestep 98
num of flexible agents: 8
num of flexible tasks: 108
Solving time: 0.000462442 seconds
plan limit 980
current timestep 99
num of flexible agents: 9
num of flexible tasks: 112
Solving time: 0.000326002 seconds
plan limit 980
current timestep 100
num of flexible agents: 10
num of flexible tasks: 109
Solving time: 0.000324853 seconds
plan limit 980
current timestep 101
num of flexible agents: 12
num of flexible tasks: 105
Solving time: 0.000354361 seconds
plan limit 980
current timestep 102
num of flexible agents: 9
num of flexible tasks: 100
Solving time: 0.000330831 seconds
plan limit 980
current timestep 103
num of flexible agents: 8
num of flexible tasks: 96
Solving time: 0.000383007 seconds
plan limit 980
current timestep 104
num of flexible agents: 9
num of flexible tasks: 93
Solving time: 0.000323467 seconds
plan limit 980
current timestep 105
num of flexible agents: 9
num of flexible tasks: 90
Solving time: 0.000325723 seconds
plan limit 980
current timestep 106
num of flexible agents: 7
num of flexible tasks: 84
Solving time: 0.000329663 seconds
plan limit 980
current timestep 107
num of flexible agents: 10
num of flexible tasks: 83
Solving time: 0.000320211 seconds
plan limit 980
current timestep 108
num of flexible agents: 9
num of flexible tasks: 80
Solving time: 0.000325002 seconds
plan limit 980
current timestep 109
num of flexible agents: 14
num of flexible tasks: 79
Solving time: 0.000376292 seconds
plan limit 980
current timestep 110
num of flexible agents: 15
num of flexible tasks: 79
Solving time: 0.000349633 seconds
plan limit 980
current timestep 111
num of flexible agents: 17
num of flexible tasks: 77
Solving time: 0.000378883 seconds
plan limit 980
current timestep 112
num of flexible agents: 15
num of flexible tasks: 73
Solving time: 0.000390879 seconds
plan limit 980
current timestep 113
num of flexible agents: 18
num of flexible tasks: 72
Solving time: 0.000392042 seconds
plan limit 980
current timestep 114
num of flexible agents: 22
num of flexible tasks: 70
Solving time: 0.000386894 seconds
plan limit 980
current timestep 115
num of flexible agents: 22
num of flexible tasks: 67
Solving time: 0.000410661 seconds
plan limit 980
current timestep 116
num of flexible agents: 21
num of flexible tasks: 61
Solving time: 0.000432495 seconds
plan limit 980
current timestep 117
num of flexible agents: 21
num of flexible tasks: 59
Solving time: 0.000455628 seconds
plan limit 980
current timestep 118
num of flexible agents: 21
num of flexible tasks: 54
Solving time: 0.000419476 seconds
plan limit 980
current timestep 119
num of flexible agents: 24
num of flexible tasks: 52
Solving time: 0.000432788 seconds
plan limit 980
current timestep 120
num of flexible agents: 26
num of flexible tasks: 50
Solving time: 0.000459101 seconds
plan limit 980
current timestep 121
num of flexible agents: 28
num of flexible tasks: 48
Solving time: 0.00046993 seconds
plan limit 980
current timestep 122
num of flexible agents: 32
num of flexible tasks: 46
Solving time: 0.000480623 seconds
plan limit 980
current timestep 123
num of flexible agents: 34
num of flexible tasks: 41
Solving time: 0.000540012 seconds
plan limit 980
current timestep 124
num of flexible agents: 34
num of flexible tasks: 37
Solving time: 0.000601369 seconds
plan limit 980
current timestep 125
num of flexible agents: 34
num of flexible tasks: 34
Solving time: 0.000614962 seconds
plan limit 980
current timestep 126
num of flexible agents: 36
num of flexible tasks: 30
Solving time: 0.000580123 seconds
plan limit 980
current timestep 127
num of flexible agents: 37
num of flexible tasks: 28
Solving time: 0.000483313 seconds
plan limit 980
current timestep 128
num of flexible agents: 36
num of flexible tasks: 27
Solving time: 0.000512663 seconds
plan limit 980
current timestep 129
num of flexible agents: 41
num of flexible tasks: 27
Solving time: 0.000542872 seconds
plan limit 980
current timestep 130
num of flexible agents: 41
num of flexible tasks: 26
Solving time: 0.000474966 seconds
plan limit 980
current timestep 131
num of flexible agents: 43
num of flexible tasks: 22
Solving time: 0.000459691 seconds
plan limit 980
current timestep 132
num of flexible agents: 42
num of flexible tasks: 20
Solving time: 0.00043919 seconds
plan limit 980
current timestep 133
num of flexible agents: 45
num of flexible tasks: 19
Solving time: 0.000392195 seconds
plan limit 980
current timestep 134
num of flexible agents: 43
num of flexible tasks: 15
Solving time: 0.000362665 seconds
plan limit 980
current timestep 135
num of flexible agents: 45
num of flexible tasks: 15
Solving time: 0.000375072 seconds
plan limit 980
current timestep 136
num of flexible agents: 48
num of flexible tasks: 15
Solving time: 0.000352822 seconds
plan limit 980
current timestep 137
num of flexible agents: 51
num of flexible tasks: 14
Solving time: 0.000330783 seconds
plan limit 980
current timestep 138
num of flexible agents: 52
num of flexible tasks: 11
Solving time: 0.000309391 seconds
plan limit 980
current timestep 139
num of flexible agents: 51
num of flexible tasks: 9
Solving time: 0.000314415 seconds
plan limit 980
current timestep 140
num of flexible agents: 50
num of flexible tasks: 6
Solving time: 0.000289552 seconds
plan limit 980
current timestep 141
num of flexible agents: 54
num of flexible tasks: 4
Solving time: 0.000261381 seconds
plan limit 980
current timestep 142
num of flexible agents: 54
num of flexible tasks: 2
Solving time: 0.00024313 seconds
plan limit 980
current timestep 143
num of flexible agents: 54
num of flexible tasks: 2
Solving time: 0.000239187 seconds
plan limit 980
current timestep 144
num of flexible agents: 57
num of flexible tasks: 2
Solving time: 0.000279583 seconds
plan limit 980
current timestep 145
num of flexible agents: 59
num of flexible tasks: 1
Solving time: 0.000239204 seconds
plan limit 980
current timestep 146
num of flexible agents: 63
num of flexible tasks: 1
Solving time: 0.000238259 seconds
plan limit 980
current timestep 147
num of flexible agents: 65
num of flexible tasks: 1
Solving time: 0.000245892 seconds
plan limit 980
current timestep 148
num of flexible agents: 69
num of flexible tasks: 1
Solving time: 0.000338718 seconds
plan limit 980
current timestep 149
num of flexible agents: 71
num of flexible tasks: 1
Solving time: 0.00027564 seconds
plan limit 980
current timestep 150
num of flexible agents: 71
num of flexible tasks: 0
Solving time: 0.00021652 seconds
plan limit 980
current timestep 151
num of flexible agents: 71
num of flexible tasks: 0
Solving time: 0.0002135 seconds
plan limit 980
current timestep 152
num of flexible agents: 71
num of flexible tasks: 0
Solving time: 0.000217776 seconds
plan limit 980
current timestep 153
num of flexible agents: 71
num of flexible tasks: 0
Solving time: 0.00023667 seconds
plan limit 980
current timestep 154
num of flexible agents: 74
num of flexible tasks: 0
Solving time: 0.000317478 seconds
plan limit 980
current timestep 155
num of flexible agents: 77
num of flexible tasks: 0
Solving time: 0.000335691 seconds
plan limit 980
current timestep 156
num of flexible agents: 79
num of flexible tasks: 0
Solving time: 0.000248649 seconds
plan limit 980
current timestep 157
num of flexible agents: 82
num of flexible tasks: 0
Solving time: 0.000323949 seconds
plan limit 980
current timestep 158
num of flexible agents: 85
num of flexible tasks: 0
Solving time: 0.000216503 seconds
plan limit 980
current timestep 159
num of flexible agents: 88
num of flexible tasks: 0
Solving time: 0.000238182 seconds
plan limit 980
current timestep 160
num of flexible agents: 88
num of flexible tasks: 0
Solving time: 0.000313197 seconds
plan limit 980
current timestep 161
num of flexible agents: 89
num of flexible tasks: 0
Solving time: 0.000219921 seconds
plan limit 980
current timestep 162
num of flexible agents: 89
num of flexible tasks: 0
Solving time: 0.000333188 seconds
plan limit 980
current timestep 163
num of flexible agents: 90
num of flexible tasks: 0
Solving time: 0.00021645 seconds
plan limit 980
current timestep 164
num of flexible agents: 91
num of flexible tasks: 0
Solving time: 0.00021767 seconds
plan limit 980
current timestep 165
num of flexible agents: 94
num of flexible tasks: 0
Solving time: 0.000242448 seconds
plan limit 980
current timestep 166
num of flexible agents: 94
num of flexible tasks: 0
Solving time: 0.000318766 seconds
plan limit 980
current timestep 167
num of flexible agents: 95
num of flexible tasks: 0
Solving time: 0.000216923 seconds
plan limit 980
current timestep 168
num of flexible agents: 96
num of flexible tasks: 0
Solving time: 0.000218395 seconds
plan limit 980
current timestep 169
num of flexible agents: 98
num of flexible tasks: 0
Solving time: 0.000217545 seconds
plan limit 980
current timestep 170
num of flexible agents: 98
num of flexible tasks: 0
Solving time: 0.00022158 seconds
plan limit 980
current timestep 171
num of flexible agents: 98
num of flexible tasks: 0
Solving time: 0.000216428 seconds
plan limit 980
current timestep 172
num of flexible agents: 98
num of flexible tasks: 0
Solving time: 0.000225956 seconds
plan limit 980
current timestep 173
num of flexible agents: 98
num of flexible tasks: 0
Solving time: 0.000313146 seconds
plan limit 980
current timestep 174
num of flexible agents: 98
num of flexible tasks: 0
Solving time: 0.000224839 seconds
plan limit 980
current timestep 175
num of flexible agents: 98
num of flexible tasks: 0
Solving time: 0.000236507 seconds
plan limit 980
current timestep 176
num of flexible agents: 99
num of flexible tasks: 0
Solving time: 0.000228872 seconds
plan limit 980
current timestep 177
num of flexible agents: 99
num of flexible tasks: 0
Solving time: 0.000237506 seconds
plan limit 980
current timestep 178
num of flexible agents: 99
num of flexible tasks: 0
Solving time: 0.000218567 seconds
plan limit 980
All tasks finished at timestep 179
