current timestep 0
num of flexible agents: 80
num of flexible tasks: 10
Solving time: 0.000507079 seconds
plan limit 980
current timestep 1
num of flexible agents: 78
num of flexible tasks: 18
Solving time: 0.000406036 seconds
plan limit 980
current timestep 2
num of flexible agents: 76
num of flexible tasks: 26
Solving time: 0.000627193 seconds
plan limit 980
current timestep 3
num of flexible agents: 73
num of flexible tasks: 33
Solving time: 0.000483449 seconds
plan limit 980
current timestep 4
num of flexible agents: 67
num of flexible tasks: 37
Solving time: 0.000552394 seconds
plan limit 980
current timestep 5
num of flexible agents: 64
num of flexible tasks: 44
Solving time: 0.000786728 seconds
plan limit 980
current timestep 6
num of flexible agents: 60
num of flexible tasks: 50
Solving time: 0.000659321 seconds
plan limit 980
current timestep 7
num of flexible agents: 55
num of flexible tasks: 55
Solving time: 0.000667027 seconds
plan limit 980
current timestep 8
num of flexible agents: 48
num of flexible tasks: 58
Solving time: 0.000491572 seconds
plan limit 980
current timestep 9
num of flexible agents: 39
num of flexible tasks: 59
Solving time: 0.000437178 seconds
plan limit 980
current timestep 10
num of flexible agents: 32
num of flexible tasks: 61
Solving time: 0.000597666 seconds
plan limit 980
current timestep 11
num of flexible agents: 26
num of flexible tasks: 65
Solving time: 0.000352682 seconds
plan limit 980
current timestep 12
num of flexible agents: 17
num of flexible tasks: 66
Solving time: 0.000365296 seconds
plan limit 980
current timestep 13
num of flexible agents: 14
num of flexible tasks: 72
Solving time: 0.000456177 seconds
plan limit 980
current timestep 14
num of flexible agents: 12
num of flexible tasks: 78
Solving time: 0.000327976 seconds
plan limit 980
current timestep 15
num of flexible agents: 8
num of flexible tasks: 84
Solving time: 0.000464027 seconds
plan limit 980
current timestep 16
num of flexible agents: 4
num of flexible tasks: 90
Solving time: 0.000294264 seconds
plan limit 980
current timestep 17
num of flexible agents: 4
num of flexible tasks: 99
Solving time: 0.00042546 seconds
plan limit 980
current timestep 18
num of flexible agents: 5
num of flexible tasks: 108
Solving time: 0.000314611 seconds
plan limit 980
current timestep 19
num of flexible agents: 6
num of flexible tasks: 118
Solving time: 0.000449229 seconds
plan limit 980
current timestep 20
num of flexible agents: 2
num of flexible tasks: 123
Solving time: 0.000851405 seconds
plan limit 980
current timestep 21
num of flexible agents: 1
num of flexible tasks: 131
Solving time: 0.000514242 seconds
plan limit 980
current timestep 22
num of flexible agents: 2
num of flexible tasks: 140
Solving time: 0.00084649 seconds
plan limit 980
current timestep 23
num of flexible agents: 3
num of flexible tasks: 148
Solving time: 0.00108199 seconds
plan limit 979
current timestep 24
num of flexible agents: 4
num of flexible tasks: 157
Solving time: 0.00031138 seconds
plan limit 980
current timestep 25
num of flexible agents: 1
num of flexible tasks: 164
Solving time: 0.000834027 seconds
plan limit 979
current timestep 26
num of flexible agents: 4
num of flexible tasks: 174
Solving time: 0.000311024 seconds
plan limit 980
current timestep 27
num of flexible agents: 2
num of flexible tasks: 180
Solving time: 0.000890169 seconds
plan limit 979
current timestep 28
num of flexible agents: 1
num of flexible tasks: 188
Solving time: 0.000702163 seconds
plan limit 980
current timestep 29
num of flexible agents: 3
num of flexible tasks: 197
Solving time: 0.000859755 seconds
plan limit 980
current timestep 30
num of flexible agents: 4
num of flexible tasks: 204
Solving time: 0.000842575 seconds
plan limit 980
current timestep 31
num of flexible agents: 5
num of flexible tasks: 211
Solving time: 0.000413997 seconds
plan limit 980
current timestep 32
num of flexible agents: 4
num of flexible tasks: 216
Solving time: 0.00103793 seconds
plan limit 979
current timestep 33
num of flexible agents: 3
num of flexible tasks: 223
Solving time: 0.000840689 seconds
plan limit 980
current timestep 34
num of flexible agents: 7
num of flexible tasks: 232
Solving time: 0.000324397 seconds
plan limit 980
current timestep 35
num of flexible agents: 5
num of flexible tasks: 237
Solving time: 0.000307431 seconds
plan limit 980
current timestep 36
num of flexible agents: 6
num of flexible tasks: 244
Solving time: 0.000427749 seconds
plan limit 980
current timestep 37
num of flexible agents: 5
num of flexible tasks: 249
Solving time: 0.000311288 seconds
plan limit 980
current timestep 38
num of flexible agents: 6
num of flexible tasks: 255
Solving time: 0.000326018 seconds
plan limit 980
current timestep 39
num of flexible agents: 8
num of flexible tasks: 261
Solving time: 0.00045255 seconds
plan limit 980
current timestep 40
num of flexible agents: 4
num of flexible tasks: 263
Solving time: 0.000912819 seconds
plan limit 979
current timestep 41
num of flexible agents: 6
num of flexible tasks: 271
Solving time: 0.00030509 seconds
plan limit 980
current timestep 42
num of flexible agents: 11
num of flexible tasks: 278
Solving time: 0.000304786 seconds
plan limit 980
current timestep 43
num of flexible agents: 5
num of flexible tasks: 279
Solving time: 0.00106208 seconds
plan limit 979
current timestep 44
num of flexible agents: 6
num of flexible tasks: 287
Solving time: 0.000433484 seconds
plan limit 980
current timestep 45
num of flexible agents: 1
num of flexible tasks: 292
Solving time: 0.000342236 seconds
plan limit 980
current timestep 46
num of flexible agents: 3
num of flexible tasks: 302
Solving time: 0.000815537 seconds
plan limit 980
current timestep 47
num of flexible agents: 3
num of flexible tasks: 309
Solving time: 0.000978217 seconds
plan limit 979
current timestep 48
num of flexible agents: 7
num of flexible tasks: 317
Solving time: 0.000328827 seconds
plan limit 980
current timestep 49
num of flexible agents: 7
num of flexible tasks: 321
Solving time: 0.000323283 seconds
plan limit 980
current timestep 50
num of flexible agents: 4
num of flexible tasks: 315
Solving time: 0.00100777 seconds
plan limit 979
current timestep 51
num of flexible agents: 6
num of flexible tasks: 311
Solving time: 0.000277417 seconds
plan limit 980
current timestep 52
num of flexible agents: 4
num of flexible tasks: 307
Solving time: 0.000843723 seconds
plan limit 980
current timestep 53
num of flexible agents: 4
num of flexible tasks: 305
Solving time: 0.000843882 seconds
plan limit 980
current timestep 54
num of flexible agents: 2
num of flexible tasks: 302
Solving time: 0.000744405 seconds
plan limit 980
current timestep 55
num of flexible agents: 5
num of flexible tasks: 300
Solving time: 0.000913666 seconds
plan limit 979
current timestep 56
num of flexible agents: 2
num of flexible tasks: 295
Solving time: 0.000890809 seconds
plan limit 979
current timestep 57
num of flexible agents: 3
num of flexible tasks: 293
Solving time: 0.000797383 seconds
plan limit 980
current timestep 58
num of flexible agents: 8
num of flexible tasks: 291
Solving time: 0.000331655 seconds
plan limit 980
current timestep 59
num of flexible agents: 7
num of flexible tasks: 287
Solving time: 0.000425658 seconds
plan limit 980
current timestep 60
num of flexible agents: 4
num of flexible tasks: 282
Solving time: 0.000820529 seconds
plan limit 980
current timestep 61
num of flexible agents: 4
num of flexible tasks: 279
Solving time: 0.000815801 seconds
plan limit 980
current timestep 62
num of flexible agents: 4
num of flexible tasks: 276
Solving time: 0.000980769 seconds
plan limit 979
current timestep 63
num of flexible agents: 3
num of flexible tasks: 272
Solving time: 0.000793135 seconds
plan limit 980
current timestep 64
num of flexible agents: 5
num of flexible tasks: 269
Solving time: 0.0010432 seconds
plan limit 979
current timestep 65
num of flexible agents: 6
num of flexible tasks: 264
Solving time: 0.000404238 seconds
plan limit 980
current timestep 66
num of flexible agents: 4
num of flexible tasks: 259
Solving time: 0.000887392 seconds
plan limit 979
current timestep 67
num of flexible agents: 2
num of flexible tasks: 255
Solving time: 0.000900488 seconds
plan limit 979
current timestep 68
num of flexible agents: 2
num of flexible tasks: 254
Solving time: 0.000889492 seconds
plan limit 979
current timestep 69
num of flexible agents: 5
num of flexible tasks: 253
Solving time: 0.00104073 seconds
plan limit 979
current timestep 70
num of flexible agents: 7
num of flexible tasks: 251
Solving time: 0.000303583 seconds
plan limit 980
current timestep 71
num of flexible agents: 4
num of flexible tasks: 246
Solving time: 0.000992675 seconds
plan limit 979
current timestep 72
num of flexible agents: 3
num of flexible tasks: 243
Solving time: 0.000847334 seconds
plan limit 980
current timestep 73
num of flexible agents: 7
num of flexible tasks: 241
Solving time: 0.000316694 seconds
plan limit 980
current timestep 74
num of flexible agents: 7
num of flexible tasks: 236
Solving time: 0.000459854 seconds
plan limit 980
current timestep 75
num of flexible agents: 4
num of flexible tasks: 231
Solving time: 0.000846491 seconds
plan limit 980
current timestep 76
num of flexible agents: 4
num of flexible tasks: 229
Solving time: 0.000991697 seconds
plan limit 979
current timestep 77
num of flexible agents: 2
num of flexible tasks: 226
Solving time: 0.000783155 seconds
plan limit 980
current timestep 78
num of flexible agents: 7
num of flexible tasks: 225
Solving time: 0.000454886 seconds
plan limit 980
current timestep 79
num of flexible agents: 6
num of flexible tasks: 221
Solving time: 0.000284735 seconds
plan limit 980
current timestep 80
num of flexible agents: 6
num of flexible tasks: 218
Solving time: 0.000294591 seconds
plan limit 980
current timestep 81
num of flexible agents: 8
num of flexible tasks: 215
Solving time: 0.000458101 seconds
plan limit 980
current timestep 82
num of flexible agents: 10
num of flexible tasks: 213
Solving time: 0.000460255 seconds
plan limit 980
current timestep 83
num of flexible agents: 12
num of flexible tasks: 210
Solving time: 0.000309018 seconds
plan limit 980
current timestep 84
num of flexible agents: 12
num of flexible tasks: 206
Solving time: 0.000347577 seconds
plan limit 980
current timestep 85
num of flexible agents: 10
num of flexible tasks: 201
Solving time: 0.000321706 seconds
plan limit 980
current timestep 86
num of flexible agents: 10
num of flexible tasks: 198
Solving time: 0.000314267 seconds
plan limit 980
current timestep 87
num of flexible agents: 13
num of flexible tasks: 196
Solving time: 0.000302254 seconds
plan limit 980
current timestep 88
num of flexible agents: 10
num of flexible tasks: 188
Solving time: 0.000447672 seconds
plan limit 980
current timestep 89
num of flexible agents: 4
num of flexible tasks: 182
Solving time: 0.000876981 seconds
plan limit 980
current timestep 90
num of flexible agents: 5
num of flexible tasks: 181
Solving time: 0.00107042 seconds
plan limit 979
current timestep 91
num of flexible agents: 5
num of flexible tasks: 179
Solving time: 0.000918749 seconds
plan limit 979
current timestep 92
num of flexible agents: 4
num of flexible tasks: 178
Solving time: 0.00101914 seconds
plan limit 979
current timestep 93
num of flexible agents: 6
num of flexible tasks: 177
Solving time: 0.000334469 seconds
plan limit 980
current timestep 94
num of flexible agents: 7
num of flexible tasks: 176
Solving time: 0.000456085 seconds
plan limit 980
current timestep 95
num of flexible agents: 6
num of flexible tasks: 173
Solving time: 0.000296822 seconds
plan limit 980
current timestep 96
num of flexible agents: 8
num of flexible tasks: 171
Solving time: 0.000488997 seconds
plan limit 980
current timestep 97
num of flexible agents: 11
num of flexible tasks: 169
Solving time: 0.00048268 seconds
plan limit 980
current timestep 98
num of flexible agents: 10
num of flexible tasks: 163
Solving time: 0.000306687 seconds
plan limit 980
current timestep 99
num of flexible agents: 8
num of flexible tasks: 159
Solving time: 0.000319664 seconds
plan limit 980
current timestep 100
num of flexible agents: 7
num of flexible tasks: 156
Solving time: 0.000455331 seconds
plan limit 980
current timestep 101
num of flexible agents: 5
num of flexible tasks: 152
Solving time: 0.000911754 seconds
plan limit 979
current timestep 102
num of flexible agents: 6
num of flexible tasks: 151
Solving time: 0.000462095 seconds
plan limit 980
current timestep 103
num of flexible agents: 6
num of flexible tasks: 149
Solving time: 0.000298426 seconds
plan limit 980
current timestep 104
num of flexible agents: 9
num of flexible tasks: 149
Solving time: 0.000459816 seconds
plan limit 980
current timestep 105
num of flexible agents: 9
num of flexible tasks: 147
Solving time: 0.000345881 seconds
plan limit 980
current timestep 106
num of flexible agents: 11
num of flexible tasks: 145
Solving time: 0.000473464 seconds
plan limit 980
current timestep 107
num of flexible agents: 13
num of flexible tasks: 143
Solving time: 0.000346802 seconds
plan limit 980
current timestep 108
num of flexible agents: 10
num of flexible tasks: 137
Solving time: 0.000341222 seconds
plan limit 980
current timestep 109
num of flexible agents: 12
num of flexible tasks: 135
Solving time: 0.000319667 seconds
plan limit 980
current timestep 110
num of flexible agents: 11
num of flexible tasks: 130
Solving time: 0.00033016 seconds
plan limit 980
current timestep 111
num of flexible agents: 12
num of flexible tasks: 126
Solving time: 0.000336702 seconds
plan limit 980
current timestep 112
num of flexible agents: 12
num of flexible tasks: 124
Solving time: 0.000332532 seconds
plan limit 980
current timestep 113
num of flexible agents: 9
num of flexible tasks: 119
Solving time: 0.000444726 seconds
plan limit 980
current timestep 114
num of flexible agents: 12
num of flexible tasks: 115
Solving time: 0.000320801 seconds
plan limit 980
current timestep 115
num of flexible agents: 11
num of flexible tasks: 112
Solving time: 0.000493738 seconds
plan limit 980
current timestep 116
num of flexible agents: 14
num of flexible tasks: 110
Solving time: 0.000329708 seconds
plan limit 980
current timestep 117
num of flexible agents: 12
num of flexible tasks: 106
Solving time: 0.000326036 seconds
plan limit 980
current timestep 118
num of flexible agents: 15
num of flexible tasks: 103
Solving time: 0.000485764 seconds
plan limit 980
current timestep 119
num of flexible agents: 12
num of flexible tasks: 99
Solving time: 0.000491133 seconds
plan limit 980
current timestep 120
num of flexible agents: 11
num of flexible tasks: 93
Solving time: 0.000481805 seconds
plan limit 980
current timestep 121
num of flexible agents: 16
num of flexible tasks: 92
Solving time: 0.000357669 seconds
plan limit 980
current timestep 122
num of flexible agents: 16
num of flexible tasks: 89
Solving time: 0.000360423 seconds
plan limit 980
current timestep 123
num of flexible agents: 16
num of flexible tasks: 85
Solving time: 0.000511971 seconds
plan limit 980
current timestep 124
num of flexible agents: 18
num of flexible tasks: 84
Solving time: 0.000370373 seconds
plan limit 980
current timestep 125
num of flexible agents: 18
num of flexible tasks: 81
Solving time: 0.000358328 seconds
plan limit 980
current timestep 126
num of flexible agents: 21
num of flexible tasks: 79
Solving time: 0.000386606 seconds
plan limit 980
current timestep 127
num of flexible agents: 19
num of flexible tasks: 76
Solving time: 0.000379097 seconds
plan limit 980
current timestep 128
num of flexible agents: 15
num of flexible tasks: 71
Solving time: 0.000360112 seconds
plan limit 980
current timestep 129
num of flexible agents: 13
num of flexible tasks: 68
Solving time: 0.000346316 seconds
plan limit 980
current timestep 130
num of flexible agents: 16
num of flexible tasks: 65
Solving time: 0.000357494 seconds
plan limit 980
current timestep 131
num of flexible agents: 17
num of flexible tasks: 63
Solving time: 0.000387813 seconds
plan limit 980
current timestep 132
num of flexible agents: 19
num of flexible tasks: 61
Solving time: 0.000368805 seconds
plan limit 980
current timestep 133
num of flexible agents: 23
num of flexible tasks: 59
Solving time: 0.000384687 seconds
plan limit 980
current timestep 134
num of flexible agents: 21
num of flexible tasks: 56
Solving time: 0.000410467 seconds
plan limit 980
current timestep 135
num of flexible agents: 22
num of flexible tasks: 53
Solving time: 0.000390589 seconds
plan limit 980
current timestep 136
num of flexible agents: 18
num of flexible tasks: 48
Solving time: 0.000457237 seconds
plan limit 980
current timestep 137
num of flexible agents: 17
num of flexible tasks: 46
Solving time: 0.000427907 seconds
plan limit 980
current timestep 138
num of flexible agents: 18
num of flexible tasks: 45
Solving time: 0.000413245 seconds
plan limit 980
current timestep 139
num of flexible agents: 17
num of flexible tasks: 43
Solving time: 0.000424083 seconds
plan limit 980
current timestep 140
num of flexible agents: 16
num of flexible tasks: 41
Solving time: 0.000452061 seconds
plan limit 980
current timestep 141
num of flexible agents: 17
num of flexible tasks: 41
Solving time: 0.000457485 seconds
plan limit 980
current timestep 142
num of flexible agents: 18
num of flexible tasks: 40
Solving time: 0.000568472 seconds
plan limit 980
current timestep 143
num of flexible agents: 19
num of flexible tasks: 38
Solving time: 0.000439266 seconds
plan limit 980
current timestep 144
num of flexible agents: 21
num of flexible tasks: 37
Solving time: 0.00063786 seconds
plan limit 980
current timestep 145
num of flexible agents: 21
num of flexible tasks: 35
Solving time: 0.000495997 seconds
plan limit 980
current timestep 146
num of flexible agents: 22
num of flexible tasks: 32
Solving time: 0.000499991 seconds
plan limit 980
current timestep 147
num of flexible agents: 26
num of flexible tasks: 32
Solving time: 0.000760621 seconds
plan limit 980
current timestep 148
num of flexible agents: 27
num of flexible tasks: 31
Solving time: 0.000568271 seconds
plan limit 980
current timestep 149
num of flexible agents: 29
num of flexible tasks: 31
Solving time: 0.000577082 seconds
plan limit 980
current timestep 150
num of flexible agents: 35
num of flexible tasks: 31
Solving time: 0.000764341 seconds
plan limit 980
current timestep 151
num of flexible agents: 39
num of flexible tasks: 29
Solving time: 0.000521808 seconds
plan limit 980
current timestep 152
num of flexible agents: 42
num of flexible tasks: 28
Solving time: 0.000627653 seconds
plan limit 980
current timestep 153
num of flexible agents: 43
num of flexible tasks: 27
Solving time: 0.000426678 seconds
plan limit 980
current timestep 154
num of flexible agents: 43
num of flexible tasks: 25
Solving time: 0.000458611 seconds
plan limit 980
current timestep 155
num of flexible agents: 43
num of flexible tasks: 22
Solving time: 0.000421698 seconds
plan limit 980
current timestep 156
num of flexible agents: 43
num of flexible tasks: 21
Solving time: 0.000350635 seconds
plan limit 980
current timestep 157
num of flexible agents: 45
num of flexible tasks: 20
Solving time: 0.000537248 seconds
plan limit 980
current timestep 158
num of flexible agents: 42
num of flexible tasks: 17
Solving time: 0.000374831 seconds
plan limit 980
current timestep 159
num of flexible agents: 43
num of flexible tasks: 16
Solving time: 0.0004851 seconds
plan limit 980
current timestep 160
num of flexible agents: 48
num of flexible tasks: 16
Solving time: 0.000326002 seconds
plan limit 980
current timestep 161
num of flexible agents: 48
num of flexible tasks: 13
Solving time: 0.000314858 seconds
plan limit 980
current timestep 162
num of flexible agents: 50
num of flexible tasks: 12
Solving time: 0.000295276 seconds
plan limit 980
current timestep 163
num of flexible agents: 47
num of flexible tasks: 9
Solving time: 0.000278629 seconds
plan limit 980
current timestep 164
num of flexible agents: 49
num of flexible tasks: 9
Solving time: 0.000406615 seconds
plan limit 980
current timestep 165
num of flexible agents: 50
num of flexible tasks: 8
Solving time: 0.000250854 seconds
plan limit 980
current timestep 166
num of flexible agents: 51
num of flexible tasks: 6
Solving time: 0.000251322 seconds
plan limit 980
current timestep 167
num of flexible agents: 51
num of flexible tasks: 6
Solving time: 0.000249406 seconds
plan limit 980
current timestep 168
num of flexible agents: 52
num of flexible tasks: 4
Solving time: 0.000357132 seconds
plan limit 980
current timestep 169
num of flexible agents: 52
num of flexible tasks: 4
Solving time: 0.000256049 seconds
plan limit 980
current timestep 170
num of flexible agents: 51
num of flexible tasks: 2
Solving time: 0.000231112 seconds
plan limit 980
current timestep 171
num of flexible agents: 51
num of flexible tasks: 1
Solving time: 0.000247608 seconds
plan limit 980
current timestep 172
num of flexible agents: 52
num of flexible tasks: 1
Solving time: 0.000237563 seconds
plan limit 980
current timestep 173
num of flexible agents: 56
num of flexible tasks: 1
Solving time: 0.000261875 seconds
plan limit 980
current timestep 174
num of flexible agents: 56
num of flexible tasks: 0
Solving time: 0.000309926 seconds
plan limit 980
current timestep 175
num of flexible agents: 56
num of flexible tasks: 0
Solving time: 0.000256618 seconds
plan limit 980
current timestep 176
num of flexible agents: 57
num of flexible tasks: 0
Solving time: 0.00022132 seconds
plan limit 980
current timestep 177
num of flexible agents: 57
num of flexible tasks: 0
Solving time: 0.00021576 seconds
plan limit 980
current timestep 178
num of flexible agents: 60
num of flexible tasks: 0
Solving time: 0.000223504 seconds
plan limit 980
current timestep 179
num of flexible agents: 62
num of flexible tasks: 0
Solving time: 0.000322348 seconds
plan limit 980
current timestep 180
num of flexible agents: 64
num of flexible tasks: 0
Solving time: 0.000217758 seconds
plan limit 980
current timestep 181
num of flexible agents: 66
num of flexible tasks: 0
Solving time: 0.000221415 seconds
plan limit 980
current timestep 182
num of flexible agents: 66
num of flexible tasks: 0
Solving time: 0.000311996 seconds
plan limit 980
current timestep 183
num of flexible agents: 67
num of flexible tasks: 0
Solving time: 0.000321324 seconds
plan limit 980
current timestep 184
num of flexible agents: 69
num of flexible tasks: 0
Solving time: 0.000243894 seconds
plan limit 980
current timestep 185
num of flexible agents: 70
num of flexible tasks: 0
Solving time: 0.000328957 seconds
plan limit 980
current timestep 186
num of flexible agents: 70
num of flexible tasks: 0
Solving time: 0.000214985 seconds
plan limit 980
current timestep 187
num of flexible agents: 71
num of flexible tasks: 0
Solving time: 0.000315826 seconds
plan limit 980
current timestep 188
num of flexible agents: 72
num of flexible tasks: 0
Solving time: 0.000311286 seconds
plan limit 980
current timestep 189
num of flexible agents: 72
num of flexible tasks: 0
Solving time: 0.000217358 seconds
plan limit 980
current timestep 190
num of flexible agents: 73
num of flexible tasks: 0
Solving time: 0.000226773 seconds
plan limit 980
current timestep 191
num of flexible agents: 74
num of flexible tasks: 0
Solving time: 0.000224256 seconds
plan limit 980
current timestep 192
num of flexible agents: 74
num of flexible tasks: 0
Solving time: 0.000218737 seconds
plan limit 980
current timestep 193
num of flexible agents: 75
num of flexible tasks: 0
Solving time: 0.000237306 seconds
plan limit 980
current timestep 194
num of flexible agents: 76
num of flexible tasks: 0
Solving time: 0.000218231 seconds
plan limit 980
current timestep 195
num of flexible agents: 77
num of flexible tasks: 0
Solving time: 0.000316919 seconds
plan limit 980
current timestep 196
num of flexible agents: 77
num of flexible tasks: 0
Solving time: 0.000322932 seconds
plan limit 980
current timestep 197
num of flexible agents: 77
num of flexible tasks: 0
Solving time: 0.000220635 seconds
plan limit 980
current timestep 198
num of flexible agents: 77
num of flexible tasks: 0
Solving time: 0.000220367 seconds
plan limit 980
current timestep 199
num of flexible agents: 77
num of flexible tasks: 0
Solving time: 0.00022286 seconds
plan limit 980
current timestep 200
num of flexible agents: 78
num of flexible tasks: 0
Solving time: 0.000324991 seconds
plan limit 980
All tasks finished at timestep 201
