current timestep 0
num of flexible agents: 100
num of flexible tasks: 10
Solving time: 0.000485224 seconds
plan limit 980
current timestep 1
num of flexible agents: 95
num of flexible tasks: 15
Solving time: 0.000541367 seconds
plan limit 980
current timestep 2
num of flexible agents: 88
num of flexible tasks: 18
Solving time: 0.000379319 seconds
plan limit 980
current timestep 3
num of flexible agents: 82
num of flexible tasks: 22
Solving time: 0.000601945 seconds
plan limit 980
current timestep 4
num of flexible agents: 79
num of flexible tasks: 29
Solving time: 0.000447694 seconds
plan limit 980
current timestep 5
num of flexible agents: 75
num of flexible tasks: 35
Solving time: 0.000691835 seconds
plan limit 980
current timestep 6
num of flexible agents: 71
num of flexible tasks: 41
Solving time: 0.000630402 seconds
plan limit 980
current timestep 7
num of flexible agents: 70
num of flexible tasks: 50
Solving time: 0.000799153 seconds
plan limit 980
current timestep 8
num of flexible agents: 62
num of flexible tasks: 52
Solving time: 0.000599732 seconds
plan limit 980
current timestep 9
num of flexible agents: 62
num of flexible tasks: 61
Solving time: 0.000865152 seconds
plan limit 980
current timestep 10
num of flexible agents: 54
num of flexible tasks: 63
Solving time: 0.000519965 seconds
plan limit 980
current timestep 11
num of flexible agents: 45
num of flexible tasks: 64
Solving time: 0.000655782 seconds
plan limit 980
current timestep 12
num of flexible agents: 35
num of flexible tasks: 63
Solving time: 0.00037051 seconds
plan limit 980
current timestep 13
num of flexible agents: 34
num of flexible tasks: 70
Solving time: 0.000542593 seconds
plan limit 980
current timestep 14
num of flexible agents: 24
num of flexible tasks: 70
Solving time: 0.000343799 seconds
plan limit 980
current timestep 15
num of flexible agents: 15
num of flexible tasks: 69
Solving time: 0.000459398 seconds
plan limit 980
current timestep 16
num of flexible agents: 9
num of flexible tasks: 73
Solving time: 0.000416381 seconds
plan limit 980
current timestep 17
num of flexible agents: 7
num of flexible tasks: 80
Solving time: 0.000280102 seconds
plan limit 980
current timestep 18
num of flexible agents: 7
num of flexible tasks: 87
Solving time: 0.000282645 seconds
plan limit 980
current timestep 19
num of flexible agents: 7
num of flexible tasks: 95
Solving time: 0.000280389 seconds
plan limit 980
current timestep 20
num of flexible agents: 5
num of flexible tasks: 101
Solving time: 0.000389617 seconds
plan limit 980
current timestep 21
num of flexible agents: 7
num of flexible tasks: 110
Solving time: 0.00026224 seconds
plan limit 980
current timestep 22
num of flexible agents: 4
num of flexible tasks: 116
Solving time: 0.00035395 seconds
plan limit 980
current timestep 23
num of flexible agents: 6
num of flexible tasks: 124
Solving time: 0.000263473 seconds
plan limit 980
current timestep 24
num of flexible agents: 7
num of flexible tasks: 131
Solving time: 0.000408999 seconds
plan limit 980
current timestep 25
num of flexible agents: 5
num of flexible tasks: 137
Solving time: 0.000409957 seconds
plan limit 980
current timestep 26
num of flexible agents: 5
num of flexible tasks: 144
Solving time: 0.00031372 seconds
plan limit 980
current timestep 27
num of flexible agents: 5
num of flexible tasks: 152
Solving time: 0.000259958 seconds
plan limit 980
current timestep 28
num of flexible agents: 4
num of flexible tasks: 157
Solving time: 0.000425507 seconds
plan limit 980
current timestep 29
num of flexible agents: 7
num of flexible tasks: 165
Solving time: 0.000274895 seconds
plan limit 980
current timestep 30
num of flexible agents: 6
num of flexible tasks: 171
Solving time: 0.000413372 seconds
plan limit 980
current timestep 31
num of flexible agents: 7
num of flexible tasks: 178
Solving time: 0.000322425 seconds
plan limit 980
current timestep 32
num of flexible agents: 7
num of flexible tasks: 184
Solving time: 0.000418695 seconds
plan limit 980
current timestep 33
num of flexible agents: 8
num of flexible tasks: 191
Solving time: 0.000281152 seconds
plan limit 980
current timestep 34
num of flexible agents: 8
num of flexible tasks: 196
Solving time: 0.000443612 seconds
plan limit 980
current timestep 35
num of flexible agents: 9
num of flexible tasks: 203
Solving time: 0.000449253 seconds
plan limit 980
current timestep 36
num of flexible agents: 6
num of flexible tasks: 206
Solving time: 0.000289097 seconds
plan limit 980
current timestep 37
num of flexible agents: 7
num of flexible tasks: 213
Solving time: 0.000289496 seconds
plan limit 980
current timestep 38
num of flexible agents: 9
num of flexible tasks: 220
Solving time: 0.000428541 seconds
plan limit 980
current timestep 39
num of flexible agents: 5
num of flexible tasks: 225
Solving time: 0.000278885 seconds
plan limit 980
current timestep 40
num of flexible agents: 6
num of flexible tasks: 231
Solving time: 0.000416821 seconds
plan limit 980
current timestep 41
num of flexible agents: 4
num of flexible tasks: 236
Solving time: 0.000956437 seconds
plan limit 979
current timestep 42
num of flexible agents: 8
num of flexible tasks: 242
Solving time: 0.000305744 seconds
plan limit 980
current timestep 43
num of flexible agents: 4
num of flexible tasks: 245
Solving time: 0.000815195 seconds
plan limit 980
current timestep 44
num of flexible agents: 4
num of flexible tasks: 253
Solving time: 0.000992232 seconds
plan limit 979
current timestep 45
num of flexible agents: 3
num of flexible tasks: 260
Solving time: 0.000769692 seconds
plan limit 980
current timestep 46
num of flexible agents: 4
num of flexible tasks: 268
Solving time: 0.000822198 seconds
plan limit 980
current timestep 47
num of flexible agents: 6
num of flexible tasks: 276
Solving time: 0.000429744 seconds
plan limit 980
current timestep 48
num of flexible agents: 8
num of flexible tasks: 282
Solving time: 0.000451874 seconds
plan limit 980
current timestep 49
num of flexible agents: 2
num of flexible tasks: 286
Solving time: 0.000750119 seconds
plan limit 980
current timestep 50
num of flexible agents: 10
num of flexible tasks: 286
Solving time: 0.00046731 seconds
plan limit 980
current timestep 51
num of flexible agents: 7
num of flexible tasks: 279
Solving time: 0.00030126 seconds
plan limit 980
current timestep 52
num of flexible agents: 4
num of flexible tasks: 274
Solving time: 0.000969415 seconds
plan limit 979
current timestep 53
num of flexible agents: 10
num of flexible tasks: 271
Solving time: 0.000310007 seconds
plan limit 980
current timestep 54
num of flexible agents: 6
num of flexible tasks: 266
Solving time: 0.000451635 seconds
plan limit 980
current timestep 55
num of flexible agents: 9
num of flexible tasks: 264
Solving time: 0.000305018 seconds
plan limit 980
current timestep 56
num of flexible agents: 11
num of flexible tasks: 260
Solving time: 0.000478587 seconds
plan limit 980
current timestep 57
num of flexible agents: 17
num of flexible tasks: 255
Solving time: 0.000504645 seconds
plan limit 980
current timestep 58
num of flexible agents: 8
num of flexible tasks: 246
Solving time: 0.000348524 seconds
plan limit 980
current timestep 59
num of flexible agents: 10
num of flexible tasks: 243
Solving time: 0.000331292 seconds
plan limit 980
current timestep 60
num of flexible agents: 10
num of flexible tasks: 239
Solving time: 0.000491815 seconds
plan limit 980
current timestep 61
num of flexible agents: 9
num of flexible tasks: 232
Solving time: 0.000329575 seconds
plan limit 980
current timestep 62
num of flexible agents: 9
num of flexible tasks: 229
Solving time: 0.000487031 seconds
plan limit 980
current timestep 63
num of flexible agents: 6
num of flexible tasks: 224
Solving time: 0.000305905 seconds
plan limit 980
current timestep 64
num of flexible agents: 6
num of flexible tasks: 221
Solving time: 0.000466903 seconds
plan limit 980
current timestep 65
num of flexible agents: 5
num of flexible tasks: 217
Solving time: 0.00110789 seconds
plan limit 979
current timestep 66
num of flexible agents: 11
num of flexible tasks: 215
Solving time: 0.00048596 seconds
plan limit 980
current timestep 67
num of flexible agents: 8
num of flexible tasks: 209
Solving time: 0.000321776 seconds
plan limit 980
current timestep 68
num of flexible agents: 8
num of flexible tasks: 206
Solving time: 0.000488536 seconds
plan limit 980
current timestep 69
num of flexible agents: 5
num of flexible tasks: 202
Solving time: 0.00109549 seconds
plan limit 979
current timestep 70
num of flexible agents: 9
num of flexible tasks: 200
Solving time: 0.000358335 seconds
plan limit 980
current timestep 71
num of flexible agents: 6
num of flexible tasks: 196
Solving time: 0.000438742 seconds
plan limit 980
current timestep 72
num of flexible agents: 11
num of flexible tasks: 195
Solving time: 0.000323057 seconds
plan limit 980
current timestep 73
num of flexible agents: 11
num of flexible tasks: 189
Solving time: 0.000489609 seconds
plan limit 980
current timestep 74
num of flexible agents: 12
num of flexible tasks: 186
Solving time: 0.000326216 seconds
plan limit 980
current timestep 75
num of flexible agents: 11
num of flexible tasks: 182
Solving time: 0.000482086 seconds
plan limit 980
current timestep 76
num of flexible agents: 13
num of flexible tasks: 178
Solving time: 0.000346821 seconds
plan limit 980
current timestep 77
num of flexible agents: 7
num of flexible tasks: 171
Solving time: 0.000468206 seconds
plan limit 980
current timestep 78
num of flexible agents: 8
num of flexible tasks: 170
Solving time: 0.00033559 seconds
plan limit 980
current timestep 79
num of flexible agents: 13
num of flexible tasks: 169
Solving time: 0.000325687 seconds
plan limit 980
current timestep 80
num of flexible agents: 10
num of flexible tasks: 163
Solving time: 0.000318921 seconds
plan limit 980
current timestep 81
num of flexible agents: 10
num of flexible tasks: 160
Solving time: 0.000495146 seconds
plan limit 980
current timestep 82
num of flexible agents: 11
num of flexible tasks: 157
Solving time: 0.000468371 seconds
plan limit 980
current timestep 83
num of flexible agents: 12
num of flexible tasks: 153
Solving time: 0.000353264 seconds
plan limit 980
current timestep 84
num of flexible agents: 15
num of flexible tasks: 150
Solving time: 0.00050373 seconds
plan limit 980
current timestep 85
num of flexible agents: 12
num of flexible tasks: 143
Solving time: 0.000331761 seconds
plan limit 980
current timestep 86
num of flexible agents: 10
num of flexible tasks: 137
Solving time: 0.000479544 seconds
plan limit 980
current timestep 87
num of flexible agents: 8
num of flexible tasks: 133
Solving time: 0.000313207 seconds
plan limit 980
current timestep 88
num of flexible agents: 9
num of flexible tasks: 130
Solving time: 0.000451251 seconds
plan limit 980
current timestep 89
num of flexible agents: 13
num of flexible tasks: 129
Solving time: 0.000353934 seconds
plan limit 980
current timestep 90
num of flexible agents: 15
num of flexible tasks: 125
Solving time: 0.000487163 seconds
plan limit 980
current timestep 91
num of flexible agents: 16
num of flexible tasks: 121
Solving time: 0.000329453 seconds
plan limit 980
current timestep 92
num of flexible agents: 15
num of flexible tasks: 117
Solving time: 0.000496825 seconds
plan limit 980
current timestep 93
num of flexible agents: 11
num of flexible tasks: 112
Solving time: 0.000325126 seconds
plan limit 980
current timestep 94
num of flexible agents: 9
num of flexible tasks: 108
Solving time: 0.000327388 seconds
plan limit 980
current timestep 95
num of flexible agents: 11
num of flexible tasks: 106
Solving time: 0.000363471 seconds
plan limit 980
current timestep 96
num of flexible agents: 14
num of flexible tasks: 104
Solving time: 0.000542792 seconds
plan limit 980
current timestep 97
num of flexible agents: 17
num of flexible tasks: 102
Solving time: 0.000393509 seconds
plan limit 980
current timestep 98
num of flexible agents: 26
num of flexible tasks: 101
Solving time: 0.000564802 seconds
plan limit 980
current timestep 99
num of flexible agents: 25
num of flexible tasks: 92
Solving time: 0.000390053 seconds
plan limit 980
current timestep 100
num of flexible agents: 20
num of flexible tasks: 82
Solving time: 0.000539446 seconds
plan limit 980
current timestep 101
num of flexible agents: 24
num of flexible tasks: 81
Solving time: 0.000353831 seconds
plan limit 980
current timestep 102
num of flexible agents: 23
num of flexible tasks: 77
Solving time: 0.000556854 seconds
plan limit 980
current timestep 103
num of flexible agents: 17
num of flexible tasks: 71
Solving time: 0.000526112 seconds
plan limit 980
current timestep 104
num of flexible agents: 19
num of flexible tasks: 69
Solving time: 0.000522813 seconds
plan limit 980
current timestep 105
num of flexible agents: 20
num of flexible tasks: 67
Solving time: 0.000410498 seconds
plan limit 980
current timestep 106
num of flexible agents: 19
num of flexible tasks: 64
Solving time: 0.00036837 seconds
plan limit 980
current timestep 107
num of flexible agents: 17
num of flexible tasks: 60
Solving time: 0.000363959 seconds
plan limit 980
current timestep 108
num of flexible agents: 19
num of flexible tasks: 57
Solving time: 0.000556732 seconds
plan limit 980
current timestep 109
num of flexible agents: 18
num of flexible tasks: 54
Solving time: 0.000388191 seconds
plan limit 980
current timestep 110
num of flexible agents: 16
num of flexible tasks: 51
Solving time: 0.000507932 seconds
plan limit 980
current timestep 111
num of flexible agents: 17
num of flexible tasks: 51
Solving time: 0.000370262 seconds
plan limit 980
current timestep 112
num of flexible agents: 12
num of flexible tasks: 46
Solving time: 0.000472768 seconds
plan limit 980
current timestep 113
num of flexible agents: 16
num of flexible tasks: 45
Solving time: 0.000387124 seconds
plan limit 980
current timestep 114
num of flexible agents: 18
num of flexible tasks: 43
Solving time: 0.000522931 seconds
plan limit 980
current timestep 115
num of flexible agents: 22
num of flexible tasks: 42
Solving time: 0.000377106 seconds
plan limit 980
current timestep 116
num of flexible agents: 21
num of flexible tasks: 38
Solving time: 0.000527962 seconds
plan limit 980
current timestep 117
num of flexible agents: 24
num of flexible tasks: 36
Solving time: 0.000421555 seconds
plan limit 980
current timestep 118
num of flexible agents: 24
num of flexible tasks: 34
Solving time: 0.000423478 seconds
plan limit 980
current timestep 119
num of flexible agents: 25
num of flexible tasks: 31
Solving time: 0.000604879 seconds
plan limit 980
current timestep 120
num of flexible agents: 26
num of flexible tasks: 30
Solving time: 0.000497932 seconds
plan limit 980
current timestep 121
num of flexible agents: 28
num of flexible tasks: 27
Solving time: 0.000468718 seconds
plan limit 980
current timestep 122
num of flexible agents: 31
num of flexible tasks: 25
Solving time: 0.000684925 seconds
plan limit 980
current timestep 123
num of flexible agents: 35
num of flexible tasks: 23
Solving time: 0.000417711 seconds
plan limit 980
current timestep 124
num of flexible agents: 35
num of flexible tasks: 21
Solving time: 0.000420846 seconds
plan limit 980
current timestep 125
num of flexible agents: 35
num of flexible tasks: 18
Solving time: 0.000368035 seconds
plan limit 980
current timestep 126
num of flexible agents: 35
num of flexible tasks: 17
Solving time: 0.000518848 seconds
plan limit 980
current timestep 127
num of flexible agents: 38
num of flexible tasks: 15
Solving time: 0.000308084 seconds
plan limit 980
current timestep 128
num of flexible agents: 40
num of flexible tasks: 12
Solving time: 0.000288837 seconds
plan limit 980
current timestep 129
num of flexible agents: 42
num of flexible tasks: 10
Solving time: 0.000431392 seconds
plan limit 980
current timestep 130
num of flexible agents: 44
num of flexible tasks: 9
Solving time: 0.000288567 seconds
plan limit 980
current timestep 131
num of flexible agents: 47
num of flexible tasks: 7
Solving time: 0.000349185 seconds
plan limit 980
current timestep 132
num of flexible agents: 47
num of flexible tasks: 5
Solving time: 0.000236204 seconds
plan limit 980
current timestep 133
num of flexible agents: 46
num of flexible tasks: 2
Solving time: 0.00034083 seconds
plan limit 980
current timestep 134
num of flexible agents: 47
num of flexible tasks: 0
Solving time: 0.000210328 seconds
plan limit 980
current timestep 135
num of flexible agents: 48
num of flexible tasks: 0
Solving time: 0.000220928 seconds
plan limit 980
current timestep 136
num of flexible agents: 52
num of flexible tasks: 0
Solving time: 0.000294577 seconds
plan limit 980
current timestep 137
num of flexible agents: 52
num of flexible tasks: 0
Solving time: 0.000235734 seconds
plan limit 980
current timestep 138
num of flexible agents: 59
num of flexible tasks: 0
Solving time: 0.00029257 seconds
plan limit 980
current timestep 139
num of flexible agents: 62
num of flexible tasks: 0
Solving time: 0.00020131 seconds
plan limit 980
current timestep 140
num of flexible agents: 65
num of flexible tasks: 0
Solving time: 0.000299559 seconds
plan limit 980
current timestep 141
num of flexible agents: 68
num of flexible tasks: 0
Solving time: 0.00031531 seconds
plan limit 980
current timestep 142
num of flexible agents: 68
num of flexible tasks: 0
Solving time: 0.000203265 seconds
plan limit 980
current timestep 143
num of flexible agents: 70
num of flexible tasks: 0
Solving time: 0.000242763 seconds
plan limit 980
current timestep 144
num of flexible agents: 70
num of flexible tasks: 0
Solving time: 0.000305582 seconds
plan limit 980
current timestep 145
num of flexible agents: 73
num of flexible tasks: 0
Solving time: 0.000240325 seconds
plan limit 980
current timestep 146
num of flexible agents: 77
num of flexible tasks: 0
Solving time: 0.000308223 seconds
plan limit 980
current timestep 147
num of flexible agents: 78
num of flexible tasks: 0
Solving time: 0.000295486 seconds
plan limit 980
current timestep 148
num of flexible agents: 82
num of flexible tasks: 0
Solving time: 0.000212835 seconds
plan limit 980
current timestep 149
num of flexible agents: 85
num of flexible tasks: 0
Solving time: 0.000308305 seconds
plan limit 980
current timestep 150
num of flexible agents: 86
num of flexible tasks: 0
Solving time: 0.000216794 seconds
plan limit 980
current timestep 151
num of flexible agents: 90
num of flexible tasks: 0
Solving time: 0.000302847 seconds
plan limit 980
current timestep 152
num of flexible agents: 91
num of flexible tasks: 0
Solving time: 0.000215257 seconds
plan limit 980
current timestep 153
num of flexible agents: 92
num of flexible tasks: 0
Solving time: 0.00030753 seconds
plan limit 980
current timestep 154
num of flexible agents: 94
num of flexible tasks: 0
Solving time: 0.000224257 seconds
plan limit 980
current timestep 155
num of flexible agents: 96
num of flexible tasks: 0
Solving time: 0.000299101 seconds
plan limit 980
current timestep 156
num of flexible agents: 96
num of flexible tasks: 0
Solving time: 0.000241299 seconds
plan limit 980
current timestep 157
num of flexible agents: 96
num of flexible tasks: 0
Solving time: 0.000209864 seconds
plan limit 980
current timestep 158
num of flexible agents: 97
num of flexible tasks: 0
Solving time: 0.00024675 seconds
plan limit 980
current timestep 159
num of flexible agents: 97
num of flexible tasks: 0
Solving time: 0.000214 seconds
plan limit 980
current timestep 160
num of flexible agents: 98
num of flexible tasks: 0
Solving time: 0.000321671 seconds
plan limit 980
current timestep 161
num of flexible agents: 98
num of flexible tasks: 0
Solving time: 0.00022514 seconds
plan limit 980
current timestep 162
num of flexible agents: 99
num of flexible tasks: 0
Solving time: 0.000320014 seconds
plan limit 980
current timestep 163
num of flexible agents: 99
num of flexible tasks: 0
Solving time: 0.000203693 seconds
plan limit 980
current timestep 164
num of flexible agents: 99
num of flexible tasks: 0
Solving time: 0.000308042 seconds
plan limit 980
current timestep 165
num of flexible agents: 99
num of flexible tasks: 0
Solving time: 0.000243098 seconds
plan limit 980
current timestep 166
num of flexible agents: 99
num of flexible tasks: 0
Solving time: 0.000325745 seconds
plan limit 980
current timestep 167
num of flexible agents: 99
num of flexible tasks: 0
Solving time: 0.00021969 seconds
plan limit 980
current timestep 168
num of flexible agents: 99
num of flexible tasks: 0
Solving time: 0.000300262 seconds
plan limit 980
current timestep 169
num of flexible agents: 99
num of flexible tasks: 0
Solving time: 0.000311236 seconds
plan limit 980
All tasks finished at timestep 170
