current timestep 0
num of flexible agents: 80
num of flexible tasks: 5
Solving time: 0.000459631 seconds
plan limit 980
current timestep 1
num of flexible agents: 78
num of flexible tasks: 8
Solving time: 0.000354378 seconds
plan limit 980
current timestep 2
num of flexible agents: 78
num of flexible tasks: 13
Solving time: 0.000328662 seconds
plan limit 980
current timestep 3
num of flexible agents: 76
num of flexible tasks: 16
Solving time: 0.000469544 seconds
plan limit 980
current timestep 4
num of flexible agents: 74
num of flexible tasks: 19
Solving time: 0.000359141 seconds
plan limit 980
current timestep 5
num of flexible agents: 69
num of flexible tasks: 19
Solving time: 0.000517647 seconds
plan limit 980
current timestep 6
num of flexible agents: 68
num of flexible tasks: 23
Solving time: 0.000395647 seconds
plan limit 980
current timestep 7
num of flexible agents: 65
num of flexible tasks: 25
Solving time: 0.000435784 seconds
plan limit 980
current timestep 8
num of flexible agents: 62
num of flexible tasks: 27
Solving time: 0.000478311 seconds
plan limit 980
current timestep 9
num of flexible agents: 60
num of flexible tasks: 29
Solving time: 0.000664649 seconds
plan limit 980
current timestep 10
num of flexible agents: 57
num of flexible tasks: 31
Solving time: 0.00041886 seconds
plan limit 980
current timestep 11
num of flexible agents: 52
num of flexible tasks: 31
Solving time: 0.000454826 seconds
plan limit 980
current timestep 12
num of flexible agents: 48
num of flexible tasks: 32
Solving time: 0.000621863 seconds
plan limit 980
current timestep 13
num of flexible agents: 45
num of flexible tasks: 34
Solving time: 0.000561817 seconds
plan limit 980
current timestep 14
num of flexible agents: 44
num of flexible tasks: 38
Solving time: 0.00079375 seconds
plan limit 980
current timestep 15
num of flexible agents: 40
num of flexible tasks: 38
Solving time: 0.000628235 seconds
plan limit 980
current timestep 16
num of flexible agents: 36
num of flexible tasks: 39
Solving time: 0.000757851 seconds
plan limit 980
current timestep 17
num of flexible agents: 31
num of flexible tasks: 39
Solving time: 0.000524067 seconds
plan limit 980
current timestep 18
num of flexible agents: 26
num of flexible tasks: 39
Solving time: 0.000629689 seconds
plan limit 980
current timestep 19
num of flexible agents: 26
num of flexible tasks: 39
Solving time: 0.000462123 seconds
plan limit 980
current timestep 20
num of flexible agents: 16
num of flexible tasks: 33
Solving time: 0.000558744 seconds
plan limit 980
current timestep 21
num of flexible agents: 13
num of flexible tasks: 34
Solving time: 0.000359548 seconds
plan limit 980
current timestep 22
num of flexible agents: 14
num of flexible tasks: 38
Solving time: 0.000469198 seconds
plan limit 980
current timestep 23
num of flexible agents: 13
num of flexible tasks: 41
Solving time: 0.000333259 seconds
plan limit 980
current timestep 24
num of flexible agents: 10
num of flexible tasks: 41
Solving time: 0.000449148 seconds
plan limit 980
current timestep 25
num of flexible agents: 11
num of flexible tasks: 43
Solving time: 0.000316014 seconds
plan limit 980
current timestep 26
num of flexible agents: 14
num of flexible tasks: 45
Solving time: 0.000447193 seconds
plan limit 980
current timestep 27
num of flexible agents: 12
num of flexible tasks: 46
Solving time: 0.000320634 seconds
plan limit 980
current timestep 28
num of flexible agents: 14
num of flexible tasks: 49
Solving time: 0.000453711 seconds
plan limit 980
current timestep 29
num of flexible agents: 13
num of flexible tasks: 51
Solving time: 0.000453299 seconds
plan limit 980
current timestep 30
num of flexible agents: 11
num of flexible tasks: 52
Solving time: 0.000360188 seconds
plan limit 980
current timestep 31
num of flexible agents: 10
num of flexible tasks: 53
Solving time: 0.000490314 seconds
plan limit 980
current timestep 32
num of flexible agents: 15
num of flexible tasks: 56
Solving time: 0.000345607 seconds
plan limit 980
current timestep 33
num of flexible agents: 14
num of flexible tasks: 57
Solving time: 0.000464118 seconds
plan limit 980
current timestep 34
num of flexible agents: 11
num of flexible tasks: 58
Solving time: 0.000321463 seconds
plan limit 980
current timestep 35
num of flexible agents: 10
num of flexible tasks: 59
Solving time: 0.000447709 seconds
plan limit 980
current timestep 36
num of flexible agents: 8
num of flexible tasks: 59
Solving time: 0.000458169 seconds
plan limit 980
current timestep 37
num of flexible agents: 8
num of flexible tasks: 62
Solving time: 0.000336898 seconds
plan limit 980
current timestep 38
num of flexible agents: 6
num of flexible tasks: 64
Solving time: 0.000416023 seconds
plan limit 980
current timestep 39
num of flexible agents: 10
num of flexible tasks: 69
Solving time: 0.000347656 seconds
plan limit 980
current timestep 40
num of flexible agents: 12
num of flexible tasks: 71
Solving time: 0.000319368 seconds
plan limit 980
current timestep 41
num of flexible agents: 8
num of flexible tasks: 70
Solving time: 0.000413138 seconds
plan limit 980
current timestep 42
num of flexible agents: 9
num of flexible tasks: 71
Solving time: 0.000310635 seconds
plan limit 980
current timestep 43
num of flexible agents: 6
num of flexible tasks: 73
Solving time: 0.000443903 seconds
plan limit 980
current timestep 44
num of flexible agents: 7
num of flexible tasks: 75
Solving time: 0.00031255 seconds
plan limit 980
current timestep 45
num of flexible agents: 4
num of flexible tasks: 76
Solving time: 0.000437312 seconds
plan limit 980
current timestep 46
num of flexible agents: 10
num of flexible tasks: 79
Solving time: 0.000347457 seconds
plan limit 980
current timestep 47
num of flexible agents: 6
num of flexible tasks: 77
Solving time: 0.000447869 seconds
plan limit 980
current timestep 48
num of flexible agents: 4
num of flexible tasks: 79
Solving time: 0.00045189 seconds
plan limit 980
current timestep 49
num of flexible agents: 9
num of flexible tasks: 83
Solving time: 0.000465427 seconds
plan limit 980
current timestep 50
num of flexible agents: 9
num of flexible tasks: 85
Solving time: 0.000458508 seconds
plan limit 980
current timestep 51
num of flexible agents: 8
num of flexible tasks: 86
Solving time: 0.000312708 seconds
plan limit 980
current timestep 52
num of flexible agents: 9
num of flexible tasks: 88
Solving time: 0.000459289 seconds
plan limit 980
current timestep 53
num of flexible agents: 6
num of flexible tasks: 87
Solving time: 0.000320383 seconds
plan limit 980
current timestep 54
num of flexible agents: 7
num of flexible tasks: 88
Solving time: 0.000448796 seconds
plan limit 980
current timestep 55
num of flexible agents: 9
num of flexible tasks: 91
Solving time: 0.000300755 seconds
plan limit 980
current timestep 56
num of flexible agents: 7
num of flexible tasks: 90
Solving time: 0.00042851 seconds
plan limit 980
current timestep 57
num of flexible agents: 7
num of flexible tasks: 92
Solving time: 0.000314322 seconds
plan limit 980
current timestep 58
num of flexible agents: 5
num of flexible tasks: 90
Solving time: 0.000317691 seconds
plan limit 980
current timestep 59
num of flexible agents: 9
num of flexible tasks: 93
Solving time: 0.000435447 seconds
plan limit 980
current timestep 60
num of flexible agents: 4
num of flexible tasks: 93
Solving time: 0.000287705 seconds
plan limit 980
current timestep 61
num of flexible agents: 6
num of flexible tasks: 95
Solving time: 0.000277318 seconds
plan limit 980
current timestep 62
num of flexible agents: 9
num of flexible tasks: 98
Solving time: 0.000307971 seconds
plan limit 980
current timestep 63
num of flexible agents: 7
num of flexible tasks: 99
Solving time: 0.000438442 seconds
plan limit 980
current timestep 64
num of flexible agents: 4
num of flexible tasks: 99
Solving time: 0.00106943 seconds
plan limit 979
current timestep 65
num of flexible agents: 5
num of flexible tasks: 104
Solving time: 0.000448435 seconds
plan limit 980
current timestep 66
num of flexible agents: 10
num of flexible tasks: 107
Solving time: 0.000314295 seconds
plan limit 980
current timestep 67
num of flexible agents: 11
num of flexible tasks: 107
Solving time: 0.000469327 seconds
plan limit 980
current timestep 68
num of flexible agents: 10
num of flexible tasks: 107
Solving time: 0.000320782 seconds
plan limit 980
current timestep 69
num of flexible agents: 6
num of flexible tasks: 108
Solving time: 0.00030637 seconds
plan limit 980
current timestep 70
num of flexible agents: 6
num of flexible tasks: 110
Solving time: 0.000437242 seconds
plan limit 980
current timestep 71
num of flexible agents: 4
num of flexible tasks: 112
Solving time: 0.000918544 seconds
plan limit 979
current timestep 72
num of flexible agents: 10
num of flexible tasks: 117
Solving time: 0.000466411 seconds
plan limit 980
current timestep 73
num of flexible agents: 8
num of flexible tasks: 118
Solving time: 0.000308607 seconds
plan limit 980
current timestep 74
num of flexible agents: 4
num of flexible tasks: 118
Solving time: 0.000909007 seconds
plan limit 979
current timestep 75
num of flexible agents: 6
num of flexible tasks: 121
Solving time: 0.000442811 seconds
plan limit 980
current timestep 76
num of flexible agents: 12
num of flexible tasks: 124
Solving time: 0.000313573 seconds
plan limit 980
current timestep 77
num of flexible agents: 5
num of flexible tasks: 120
Solving time: 0.00033212 seconds
plan limit 980
current timestep 78
num of flexible agents: 5
num of flexible tasks: 122
Solving time: 0.000439754 seconds
plan limit 980
current timestep 79
num of flexible agents: 7
num of flexible tasks: 125
Solving time: 0.000311419 seconds
plan limit 980
current timestep 80
num of flexible agents: 5
num of flexible tasks: 126
Solving time: 0.0004157 seconds
plan limit 980
current timestep 81
num of flexible agents: 5
num of flexible tasks: 126
Solving time: 0.000317073 seconds
plan limit 980
current timestep 82
num of flexible agents: 3
num of flexible tasks: 128
Solving time: 0.00107565 seconds
plan limit 979
current timestep 83
num of flexible agents: 3
num of flexible tasks: 130
Solving time: 0.00103809 seconds
plan limit 979
current timestep 84
num of flexible agents: 8
num of flexible tasks: 135
Solving time: 0.00030335 seconds
plan limit 980
current timestep 85
num of flexible agents: 4
num of flexible tasks: 134
Solving time: 0.00107611 seconds
plan limit 979
current timestep 86
num of flexible agents: 7
num of flexible tasks: 137
Solving time: 0.000432742 seconds
plan limit 980
current timestep 87
num of flexible agents: 6
num of flexible tasks: 138
Solving time: 0.000441582 seconds
plan limit 980
current timestep 88
num of flexible agents: 6
num of flexible tasks: 140
Solving time: 0.000302172 seconds
plan limit 980
current timestep 89
num of flexible agents: 5
num of flexible tasks: 141
Solving time: 0.00111037 seconds
plan limit 979
current timestep 90
num of flexible agents: 5
num of flexible tasks: 142
Solving time: 0.0011099 seconds
plan limit 979
current timestep 91
num of flexible agents: 7
num of flexible tasks: 145
Solving time: 0.000468424 seconds
plan limit 980
current timestep 92
num of flexible agents: 7
num of flexible tasks: 147
Solving time: 0.00030847 seconds
plan limit 980
current timestep 93
num of flexible agents: 3
num of flexible tasks: 147
Solving time: 0.000983171 seconds
plan limit 979
current timestep 94
num of flexible agents: 3
num of flexible tasks: 150
Solving time: 0.00081662 seconds
plan limit 980
current timestep 95
num of flexible agents: 5
num of flexible tasks: 152
Solving time: 0.00110469 seconds
plan limit 979
current timestep 96
num of flexible agents: 5
num of flexible tasks: 152
Solving time: 0.000911337 seconds
plan limit 979
current timestep 97
num of flexible agents: 4
num of flexible tasks: 154
Solving time: 0.000940771 seconds
plan limit 979
current timestep 98
num of flexible agents: 5
num of flexible tasks: 157
Solving time: 0.000287035 seconds
plan limit 980
current timestep 99
num of flexible agents: 8
num of flexible tasks: 159
Solving time: 0.000460013 seconds
plan limit 980
current timestep 100
num of flexible agents: 7
num of flexible tasks: 154
Solving time: 0.000304115 seconds
plan limit 980
current timestep 101
num of flexible agents: 6
num of flexible tasks: 150
Solving time: 0.000439369 seconds
plan limit 980
current timestep 102
num of flexible agents: 5
num of flexible tasks: 145
Solving time: 0.00033375 seconds
plan limit 980
current timestep 103
num of flexible agents: 3
num of flexible tasks: 142
Solving time: 0.00100711 seconds
plan limit 979
current timestep 104
num of flexible agents: 2
num of flexible tasks: 141
Solving time: 0.00101269 seconds
plan limit 979
current timestep 105
num of flexible agents: 5
num of flexible tasks: 140
Solving time: 0.000423961 seconds
plan limit 980
current timestep 106
num of flexible agents: 8
num of flexible tasks: 138
Solving time: 0.000319468 seconds
plan limit 980
current timestep 107
num of flexible agents: 4
num of flexible tasks: 132
Solving time: 0.00108532 seconds
plan limit 979
current timestep 108
num of flexible agents: 7
num of flexible tasks: 131
Solving time: 0.000320294 seconds
plan limit 980
current timestep 109
num of flexible agents: 6
num of flexible tasks: 128
Solving time: 0.000469286 seconds
plan limit 980
current timestep 110
num of flexible agents: 5
num of flexible tasks: 127
Solving time: 0.000329097 seconds
plan limit 980
current timestep 111
num of flexible agents: 8
num of flexible tasks: 126
Solving time: 0.000460182 seconds
plan limit 980
current timestep 112
num of flexible agents: 9
num of flexible tasks: 124
Solving time: 0.000313127 seconds
plan limit 980
current timestep 113
num of flexible agents: 9
num of flexible tasks: 120
Solving time: 0.0004526 seconds
plan limit 980
current timestep 114
num of flexible agents: 9
num of flexible tasks: 117
Solving time: 0.000304083 seconds
plan limit 980
current timestep 115
num of flexible agents: 10
num of flexible tasks: 112
Solving time: 0.000493731 seconds
plan limit 980
current timestep 116
num of flexible agents: 11
num of flexible tasks: 109
Solving time: 0.00047973 seconds
plan limit 980
current timestep 117
num of flexible agents: 12
num of flexible tasks: 106
Solving time: 0.000326189 seconds
plan limit 980
current timestep 118
num of flexible agents: 13
num of flexible tasks: 105
Solving time: 0.000488548 seconds
plan limit 980
current timestep 119
num of flexible agents: 14
num of flexible tasks: 103
Solving time: 0.000315139 seconds
plan limit 980
current timestep 120
num of flexible agents: 11
num of flexible tasks: 98
Solving time: 0.000375303 seconds
plan limit 980
current timestep 121
num of flexible agents: 7
num of flexible tasks: 94
Solving time: 0.000466117 seconds
plan limit 980
current timestep 122
num of flexible agents: 8
num of flexible tasks: 92
Solving time: 0.00033934 seconds
plan limit 980
current timestep 123
num of flexible agents: 9
num of flexible tasks: 89
Solving time: 0.000455769 seconds
plan limit 980
current timestep 124
num of flexible agents: 10
num of flexible tasks: 87
Solving time: 0.000335663 seconds
plan limit 980
current timestep 125
num of flexible agents: 8
num of flexible tasks: 84
Solving time: 0.00048918 seconds
plan limit 980
current timestep 126
num of flexible agents: 11
num of flexible tasks: 83
Solving time: 0.000345475 seconds
plan limit 980
current timestep 127
num of flexible agents: 8
num of flexible tasks: 78
Solving time: 0.000487032 seconds
plan limit 980
current timestep 128
num of flexible agents: 12
num of flexible tasks: 77
Solving time: 0.000340397 seconds
plan limit 980
current timestep 129
num of flexible agents: 11
num of flexible tasks: 74
Solving time: 0.000367965 seconds
plan limit 980
current timestep 130
num of flexible agents: 11
num of flexible tasks: 72
Solving time: 0.000359226 seconds
plan limit 980
current timestep 131
num of flexible agents: 14
num of flexible tasks: 70
Solving time: 0.000532626 seconds
plan limit 980
current timestep 132
num of flexible agents: 17
num of flexible tasks: 68
Solving time: 0.000372021 seconds
plan limit 980
current timestep 133
num of flexible agents: 22
num of flexible tasks: 67
Solving time: 0.00056242 seconds
plan limit 980
current timestep 134
num of flexible agents: 23
num of flexible tasks: 65
Solving time: 0.000407658 seconds
plan limit 980
current timestep 135
num of flexible agents: 21
num of flexible tasks: 62
Solving time: 0.000520791 seconds
plan limit 980
current timestep 136
num of flexible agents: 18
num of flexible tasks: 58
Solving time: 0.000379509 seconds
plan limit 980
current timestep 137
num of flexible agents: 18
num of flexible tasks: 56
Solving time: 0.000519781 seconds
plan limit 980
current timestep 138
num of flexible agents: 20
num of flexible tasks: 55
Solving time: 0.000366559 seconds
plan limit 980
current timestep 139
num of flexible agents: 22
num of flexible tasks: 53
Solving time: 0.000366704 seconds
plan limit 980
current timestep 140
num of flexible agents: 18
num of flexible tasks: 48
Solving time: 0.000538366 seconds
plan limit 980
current timestep 141
num of flexible agents: 19
num of flexible tasks: 44
Solving time: 0.000383869 seconds
plan limit 980
current timestep 142
num of flexible agents: 18
num of flexible tasks: 40
Solving time: 0.000589912 seconds
plan limit 980
current timestep 143
num of flexible agents: 20
num of flexible tasks: 37
Solving time: 0.000409877 seconds
plan limit 980
current timestep 144
num of flexible agents: 19
num of flexible tasks: 35
Solving time: 0.000605575 seconds
plan limit 980
current timestep 145
num of flexible agents: 20
num of flexible tasks: 34
Solving time: 0.000436359 seconds
plan limit 980
current timestep 146
num of flexible agents: 13
num of flexible tasks: 27
Solving time: 0.000513773 seconds
plan limit 980
current timestep 147
num of flexible agents: 18
num of flexible tasks: 27
Solving time: 0.000428921 seconds
plan limit 980
current timestep 148
num of flexible agents: 18
num of flexible tasks: 25
Solving time: 0.000646192 seconds
plan limit 980
current timestep 149
num of flexible agents: 21
num of flexible tasks: 24
Solving time: 0.000687756 seconds
plan limit 980
current timestep 150
num of flexible agents: 24
num of flexible tasks: 23
Solving time: 0.000501832 seconds
plan limit 980
current timestep 151
num of flexible agents: 27
num of flexible tasks: 23
Solving time: 0.000640713 seconds
plan limit 980
current timestep 152
num of flexible agents: 30
num of flexible tasks: 22
Solving time: 0.000407809 seconds
plan limit 980
current timestep 153
num of flexible agents: 29
num of flexible tasks: 20
Solving time: 0.000384855 seconds
plan limit 980
current timestep 154
num of flexible agents: 29
num of flexible tasks: 18
Solving time: 0.000376092 seconds
plan limit 980
current timestep 155
num of flexible agents: 31
num of flexible tasks: 17
Solving time: 0.000538873 seconds
plan limit 980
current timestep 156
num of flexible agents: 30
num of flexible tasks: 15
Solving time: 0.000370473 seconds
plan limit 980
current timestep 157
num of flexible agents: 31
num of flexible tasks: 13
Solving time: 0.000443063 seconds
plan limit 980
current timestep 158
num of flexible agents: 33
num of flexible tasks: 10
Solving time: 0.000291607 seconds
plan limit 980
current timestep 159
num of flexible agents: 32
num of flexible tasks: 7
Solving time: 0.000381587 seconds
plan limit 980
current timestep 160
num of flexible agents: 34
num of flexible tasks: 6
Solving time: 0.000245141 seconds
plan limit 980
current timestep 161
num of flexible agents: 33
num of flexible tasks: 3
Solving time: 0.000343033 seconds
plan limit 980
current timestep 162
num of flexible agents: 38
num of flexible tasks: 2
Solving time: 0.00022678 seconds
plan limit 980
current timestep 163
num of flexible agents: 38
num of flexible tasks: 1
Solving time: 0.000392719 seconds
plan limit 980
current timestep 164
num of flexible agents: 43
num of flexible tasks: 1
Solving time: 0.000249535 seconds
plan limit 980
current timestep 165
num of flexible agents: 43
num of flexible tasks: 0
Solving time: 0.000221537 seconds
plan limit 980
current timestep 166
num of flexible agents: 43
num of flexible tasks: 0
Solving time: 0.000316109 seconds
plan limit 980
current timestep 167
num of flexible agents: 45
num of flexible tasks: 0
Solving time: 0.000323265 seconds
plan limit 980
current timestep 168
num of flexible agents: 47
num of flexible tasks: 0
Solving time: 0.000231666 seconds
plan limit 980
current timestep 169
num of flexible agents: 50
num of flexible tasks: 0
Solving time: 0.00022173 seconds
plan limit 980
current timestep 170
num of flexible agents: 51
num of flexible tasks: 0
Solving time: 0.000331026 seconds
plan limit 980
current timestep 171
num of flexible agents: 52
num of flexible tasks: 0
Solving time: 0.000253735 seconds
plan limit 980
current timestep 172
num of flexible agents: 55
num of flexible tasks: 0
Solving time: 0.000322956 seconds
plan limit 980
current timestep 173
num of flexible agents: 58
num of flexible tasks: 0
Solving time: 0.000223403 seconds
plan limit 980
current timestep 174
num of flexible agents: 59
num of flexible tasks: 0
Solving time: 0.000222849 seconds
plan limit 980
current timestep 175
num of flexible agents: 60
num of flexible tasks: 0
Solving time: 0.00032448 seconds
plan limit 980
current timestep 176
num of flexible agents: 61
num of flexible tasks: 0
Solving time: 0.000247141 seconds
plan limit 980
current timestep 177
num of flexible agents: 62
num of flexible tasks: 0
Solving time: 0.000224282 seconds
plan limit 980
current timestep 178
num of flexible agents: 63
num of flexible tasks: 0
Solving time: 0.000341055 seconds
plan limit 980
current timestep 179
num of flexible agents: 64
num of flexible tasks: 0
Solving time: 0.000237984 seconds
plan limit 980
current timestep 180
num of flexible agents: 65
num of flexible tasks: 0
Solving time: 0.000335802 seconds
plan limit 980
current timestep 181
num of flexible agents: 66
num of flexible tasks: 0
Solving time: 0.000260807 seconds
plan limit 980
current timestep 182
num of flexible agents: 68
num of flexible tasks: 0
Solving time: 0.000330352 seconds
plan limit 980
current timestep 183
num of flexible agents: 70
num of flexible tasks: 0
Solving time: 0.000244708 seconds
plan limit 980
current timestep 184
num of flexible agents: 70
num of flexible tasks: 0
Solving time: 0.000345456 seconds
plan limit 980
current timestep 185
num of flexible agents: 72
num of flexible tasks: 0
Solving time: 0.000215616 seconds
plan limit 980
current timestep 186
num of flexible agents: 72
num of flexible tasks: 0
Solving time: 0.000335275 seconds
plan limit 980
current timestep 187
num of flexible agents: 72
num of flexible tasks: 0
Solving time: 0.000337062 seconds
plan limit 980
current timestep 188
num of flexible agents: 72
num of flexible tasks: 0
Solving time: 0.000227044 seconds
plan limit 980
current timestep 189
num of flexible agents: 73
num of flexible tasks: 0
Solving time: 0.000227783 seconds
plan limit 980
current timestep 190
num of flexible agents: 74
num of flexible tasks: 0
Solving time: 0.00034381 seconds
plan limit 980
current timestep 191
num of flexible agents: 75
num of flexible tasks: 0
Solving time: 0.000230946 seconds
plan limit 980
current timestep 192
num of flexible agents: 76
num of flexible tasks: 0
Solving time: 0.00032658 seconds
plan limit 980
current timestep 193
num of flexible agents: 76
num of flexible tasks: 0
Solving time: 0.000329532 seconds
plan limit 980
current timestep 194
num of flexible agents: 77
num of flexible tasks: 0
Solving time: 0.000218644 seconds
plan limit 980
current timestep 195
num of flexible agents: 77
num of flexible tasks: 0
Solving time: 0.000226188 seconds
plan limit 980
current timestep 196
num of flexible agents: 77
num of flexible tasks: 0
Solving time: 0.000227012 seconds
plan limit 980
current timestep 197
num of flexible agents: 77
num of flexible tasks: 0
Solving time: 0.000324884 seconds
plan limit 980
current timestep 198
num of flexible agents: 78
num of flexible tasks: 0
Solving time: 0.000218626 seconds
plan limit 980
current timestep 199
num of flexible agents: 78
num of flexible tasks: 0
Solving time: 0.000331558 seconds
plan limit 980
current timestep 200
num of flexible agents: 79
num of flexible tasks: 0
Solving time: 0.000236759 seconds
plan limit 980
All tasks finished at timestep 201
