current timestep 0
num of flexible agents: 50
num of flexible tasks: 5
Solving time: 0.000507468 seconds
plan limit 980
current timestep 1
num of flexible agents: 48
num of flexible tasks: 8
Solving time: 0.000554452 seconds
plan limit 980
current timestep 2
num of flexible agents: 48
num of flexible tasks: 13
Solving time: 0.000339816 seconds
plan limit 980
current timestep 3
num of flexible agents: 44
num of flexible tasks: 14
Solving time: 0.000540622 seconds
plan limit 980
current timestep 4
num of flexible agents: 43
num of flexible tasks: 18
Solving time: 0.000417678 seconds
plan limit 980
current timestep 5
num of flexible agents: 40
num of flexible tasks: 20
Solving time: 0.000610762 seconds
plan limit 980
current timestep 6
num of flexible agents: 39
num of flexible tasks: 24
Solving time: 0.000487638 seconds
plan limit 980
current timestep 7
num of flexible agents: 37
num of flexible tasks: 27
Solving time: 0.000489471 seconds
plan limit 980
current timestep 8
num of flexible agents: 36
num of flexible tasks: 31
Solving time: 0.000723677 seconds
plan limit 980
current timestep 9
num of flexible agents: 33
num of flexible tasks: 33
Solving time: 0.0005964 seconds
plan limit 980
current timestep 10
num of flexible agents: 32
num of flexible tasks: 36
Solving time: 0.000703966 seconds
plan limit 980
current timestep 11
num of flexible agents: 28
num of flexible tasks: 37
Solving time: 0.000455986 seconds
plan limit 980
current timestep 12
num of flexible agents: 26
num of flexible tasks: 38
Solving time: 0.000561895 seconds
plan limit 980
current timestep 13
num of flexible agents: 23
num of flexible tasks: 39
Solving time: 0.000504468 seconds
plan limit 980
current timestep 14
num of flexible agents: 15
num of flexible tasks: 36
Solving time: 0.0004636 seconds
plan limit 980
current timestep 15
num of flexible agents: 11
num of flexible tasks: 36
Solving time: 0.000332751 seconds
plan limit 980
current timestep 16
num of flexible agents: 6
num of flexible tasks: 36
Solving time: 0.000273265 seconds
plan limit 980
current timestep 17
num of flexible agents: 6
num of flexible tasks: 40
Solving time: 0.000413674 seconds
plan limit 980
current timestep 18
num of flexible agents: 3
num of flexible tasks: 42
Solving time: 0.000300449 seconds
plan limit 980
current timestep 19
num of flexible agents: 3
num of flexible tasks: 46
Solving time: 0.000384201 seconds
plan limit 980
current timestep 20
num of flexible agents: 3
num of flexible tasks: 50
Solving time: 0.000258651 seconds
plan limit 980
current timestep 21
num of flexible agents: 4
num of flexible tasks: 54
Solving time: 0.000380994 seconds
plan limit 980
current timestep 22
num of flexible agents: 4
num of flexible tasks: 58
Solving time: 0.000292356 seconds
plan limit 980
current timestep 23
num of flexible agents: 3
num of flexible tasks: 62
Solving time: 0.00038656 seconds
plan limit 980
current timestep 24
num of flexible agents: 2
num of flexible tasks: 65
Solving time: 0.000889258 seconds
plan limit 980
current timestep 25
num of flexible agents: 4
num of flexible tasks: 70
Solving time: 0.000363951 seconds
plan limit 980
current timestep 26
num of flexible agents: 8
num of flexible tasks: 74
Solving time: 0.000276804 seconds
plan limit 980
current timestep 27
num of flexible agents: 8
num of flexible tasks: 77
Solving time: 0.000438101 seconds
plan limit 980
current timestep 28
num of flexible agents: 7
num of flexible tasks: 77
Solving time: 0.000308799 seconds
plan limit 980
current timestep 29
num of flexible agents: 6
num of flexible tasks: 80
Solving time: 0.000416206 seconds
plan limit 980
current timestep 30
num of flexible agents: 3
num of flexible tasks: 82
Solving time: 0.000836107 seconds
plan limit 980
current timestep 31
num of flexible agents: 5
num of flexible tasks: 87
Solving time: 0.000426079 seconds
plan limit 980
current timestep 32
num of flexible agents: 4
num of flexible tasks: 91
Solving time: 0.000272352 seconds
plan limit 980
current timestep 33
num of flexible agents: 6
num of flexible tasks: 95
Solving time: 0.000413684 seconds
plan limit 980
current timestep 34
num of flexible agents: 5
num of flexible tasks: 97
Solving time: 0.000273609 seconds
plan limit 980
current timestep 35
num of flexible agents: 5
num of flexible tasks: 99
Solving time: 0.000368434 seconds
plan limit 980
current timestep 36
num of flexible agents: 5
num of flexible tasks: 100
Solving time: 0.00028363 seconds
plan limit 980
current timestep 37
num of flexible agents: 4
num of flexible tasks: 103
Solving time: 0.000427886 seconds
plan limit 980
current timestep 38
num of flexible agents: 6
num of flexible tasks: 107
Solving time: 0.000302143 seconds
plan limit 980
current timestep 39
num of flexible agents: 3
num of flexible tasks: 107
Solving time: 0.00109571 seconds
plan limit 979
current timestep 40
num of flexible agents: 8
num of flexible tasks: 110
Solving time: 0.000436024 seconds
plan limit 980
current timestep 41
num of flexible agents: 7
num of flexible tasks: 112
Solving time: 0.000298921 seconds
plan limit 980
current timestep 42
num of flexible agents: 8
num of flexible tasks: 115
Solving time: 0.000429689 seconds
plan limit 980
current timestep 43
num of flexible agents: 10
num of flexible tasks: 118
Solving time: 0.000456448 seconds
plan limit 980
current timestep 44
num of flexible agents: 7
num of flexible tasks: 117
Solving time: 0.0003134 seconds
plan limit 980
current timestep 45
num of flexible agents: 9
num of flexible tasks: 119
Solving time: 0.00046127 seconds
plan limit 980
current timestep 46
num of flexible agents: 1
num of flexible tasks: 116
Solving time: 0.000386118 seconds
plan limit 980
current timestep 47
num of flexible agents: 1
num of flexible tasks: 121
Solving time: 0.000720899 seconds
plan limit 980
current timestep 48
num of flexible agents: 3
num of flexible tasks: 126
Solving time: 0.00108139 seconds
plan limit 979
current timestep 49
num of flexible agents: 4
num of flexible tasks: 129
Solving time: 0.000988437 seconds
plan limit 979
current timestep 50
num of flexible agents: 4
num of flexible tasks: 133
Solving time: 0.00114914 seconds
plan limit 979
current timestep 51
num of flexible agents: 4
num of flexible tasks: 136
Solving time: 0.00116773 seconds
plan limit 979
current timestep 52
num of flexible agents: 4
num of flexible tasks: 140
Solving time: 0.00115713 seconds
plan limit 979
current timestep 53
num of flexible agents: 2
num of flexible tasks: 143
Solving time: 0.000857398 seconds
plan limit 979
current timestep 54
num of flexible agents: 2
num of flexible tasks: 148
Solving time: 0.000838413 seconds
plan limit 980
current timestep 55
num of flexible agents: 3
num of flexible tasks: 153
Solving time: 0.00109286 seconds
plan limit 979
current timestep 56
num of flexible agents: 4
num of flexible tasks: 157
Solving time: 0.000949778 seconds
plan limit 979
current timestep 57
num of flexible agents: 6
num of flexible tasks: 159
Solving time: 0.000429717 seconds
plan limit 980
current timestep 58
num of flexible agents: 4
num of flexible tasks: 160
Solving time: 0.000936114 seconds
plan limit 979
current timestep 59
num of flexible agents: 0
num of flexible tasks: 161
Solving time: 0.000265337 seconds
plan limit 980
current timestep 60
num of flexible agents: 0
num of flexible tasks: 166
Solving time: 0.000227778 seconds
plan limit 980
current timestep 61
num of flexible agents: 0
num of flexible tasks: 171
Solving time: 0.000257838 seconds
plan limit 980
current timestep 62
num of flexible agents: 4
num of flexible tasks: 176
Solving time: 0.00111582 seconds
plan limit 979
current timestep 63
num of flexible agents: 2
num of flexible tasks: 177
Solving time: 0.000786375 seconds
plan limit 980
current timestep 64
num of flexible agents: 5
num of flexible tasks: 181
Solving time: 0.000957781 seconds
plan limit 979
current timestep 65
num of flexible agents: 2
num of flexible tasks: 181
Solving time: 0.00100166 seconds
plan limit 979
current timestep 66
num of flexible agents: 3
num of flexible tasks: 185
Solving time: 0.000922917 seconds
plan limit 979
current timestep 67
num of flexible agents: 3
num of flexible tasks: 188
Solving time: 0.00109083 seconds
plan limit 979
current timestep 68
num of flexible agents: 3
num of flexible tasks: 191
Solving time: 0.000921442 seconds
plan limit 979
current timestep 69
num of flexible agents: 7
num of flexible tasks: 194
Solving time: 0.000420613 seconds
plan limit 980
current timestep 70
num of flexible agents: 8
num of flexible tasks: 194
Solving time: 0.000315076 seconds
plan limit 980
current timestep 71
num of flexible agents: 3
num of flexible tasks: 194
Solving time: 0.00111358 seconds
plan limit 979
current timestep 72
num of flexible agents: 4
num of flexible tasks: 197
Solving time: 0.00113163 seconds
plan limit 979
current timestep 73
num of flexible agents: 2
num of flexible tasks: 199
Solving time: 0.000798899 seconds
plan limit 980
current timestep 74
num of flexible agents: 3
num of flexible tasks: 203
Solving time: 0.000893554 seconds
plan limit 979
current timestep 75
num of flexible agents: 5
num of flexible tasks: 207
Solving time: 0.000447879 seconds
plan limit 980
current timestep 76
num of flexible agents: 6
num of flexible tasks: 209
Solving time: 0.000452077 seconds
plan limit 980
current timestep 77
num of flexible agents: 3
num of flexible tasks: 209
Solving time: 0.000911867 seconds
plan limit 979
current timestep 78
num of flexible agents: 4
num of flexible tasks: 212
Solving time: 0.00106503 seconds
plan limit 979
current timestep 79
num of flexible agents: 3
num of flexible tasks: 213
Solving time: 0.000847527 seconds
plan limit 980
current timestep 80
num of flexible agents: 4
num of flexible tasks: 216
Solving time: 0.00108113 seconds
plan limit 979
current timestep 81
num of flexible agents: 3
num of flexible tasks: 217
Solving time: 0.00101165 seconds
plan limit 979
current timestep 82
num of flexible agents: 2
num of flexible tasks: 219
Solving time: 0.000760532 seconds
plan limit 980
current timestep 83
num of flexible agents: 1
num of flexible tasks: 222
Solving time: 0.000817418 seconds
plan limit 980
current timestep 84
num of flexible agents: 4
num of flexible tasks: 226
Solving time: 0.000893992 seconds
plan limit 979
current timestep 85
num of flexible agents: 4
num of flexible tasks: 227
Solving time: 0.00108647 seconds
plan limit 979
current timestep 86
num of flexible agents: 3
num of flexible tasks: 228
Solving time: 0.000845258 seconds
plan limit 980
current timestep 87
num of flexible agents: 2
num of flexible tasks: 230
Solving time: 0.000943819 seconds
plan limit 979
current timestep 88
num of flexible agents: 4
num of flexible tasks: 234
Solving time: 0.000941772 seconds
plan limit 979
current timestep 89
num of flexible agents: 1
num of flexible tasks: 236
Solving time: 0.000394644 seconds
plan limit 980
current timestep 90
num of flexible agents: 2
num of flexible tasks: 241
Solving time: 0.000943617 seconds
plan limit 979
current timestep 91
num of flexible agents: 4
num of flexible tasks: 246
Solving time: 0.000913004 seconds
plan limit 979
current timestep 92
num of flexible agents: 4
num of flexible tasks: 247
Solving time: 0.0010981 seconds
plan limit 979
current timestep 93
num of flexible agents: 3
num of flexible tasks: 248
Solving time: 0.000864697 seconds
plan limit 980
current timestep 94
num of flexible agents: 2
num of flexible tasks: 251
Solving time: 0.000916917 seconds
plan limit 979
current timestep 95
num of flexible agents: 3
num of flexible tasks: 254
Solving time: 0.000848046 seconds
plan limit 980
current timestep 96
num of flexible agents: 2
num of flexible tasks: 258
Solving time: 0.000942303 seconds
plan limit 979
current timestep 97
num of flexible agents: 3
num of flexible tasks: 262
Solving time: 0.000842854 seconds
plan limit 980
current timestep 98
num of flexible agents: 5
num of flexible tasks: 265
Solving time: 0.00108171 seconds
plan limit 979
current timestep 99
num of flexible agents: 5
num of flexible tasks: 266
Solving time: 0.000906605 seconds
plan limit 979
current timestep 100
num of flexible agents: 4
num of flexible tasks: 263
Solving time: 0.00101328 seconds
plan limit 979
current timestep 101
num of flexible agents: 4
num of flexible tasks: 261
Solving time: 0.00083564 seconds
plan limit 980
current timestep 102
num of flexible agents: 2
num of flexible tasks: 258
Solving time: 0.000960347 seconds
plan limit 979
current timestep 103
num of flexible agents: 2
num of flexible tasks: 257
Solving time: 0.000925933 seconds
plan limit 979
current timestep 104
num of flexible agents: 3
num of flexible tasks: 256
Solving time: 0.00101374 seconds
plan limit 979
current timestep 105
num of flexible agents: 6
num of flexible tasks: 254
Solving time: 0.000423055 seconds
plan limit 980
current timestep 106
num of flexible agents: 6
num of flexible tasks: 250
Solving time: 0.000463457 seconds
plan limit 980
current timestep 107
num of flexible agents: 6
num of flexible tasks: 246
Solving time: 0.000324259 seconds
plan limit 980
current timestep 108
num of flexible agents: 7
num of flexible tasks: 244
Solving time: 0.000322134 seconds
plan limit 980
current timestep 109
num of flexible agents: 5
num of flexible tasks: 240
Solving time: 0.000911176 seconds
plan limit 979
current timestep 110
num of flexible agents: 3
num of flexible tasks: 237
Solving time: 0.000868368 seconds
plan limit 980
current timestep 111
num of flexible agents: 4
num of flexible tasks: 236
Solving time: 0.00110358 seconds
plan limit 979
current timestep 112
num of flexible agents: 6
num of flexible tasks: 234
Solving time: 0.000321588 seconds
plan limit 980
current timestep 113
num of flexible agents: 4
num of flexible tasks: 229
Solving time: 0.00106897 seconds
plan limit 979
current timestep 114
num of flexible agents: 5
num of flexible tasks: 227
Solving time: 0.000907788 seconds
plan limit 979
current timestep 115
num of flexible agents: 4
num of flexible tasks: 224
Solving time: 0.00107793 seconds
plan limit 979
current timestep 116
num of flexible agents: 4
num of flexible tasks: 222
Solving time: 0.000940342 seconds
plan limit 979
current timestep 117
num of flexible agents: 2
num of flexible tasks: 220
Solving time: 0.00097908 seconds
plan limit 979
current timestep 118
num of flexible agents: 2
num of flexible tasks: 219
Solving time: 0.000805468 seconds
plan limit 980
current timestep 119
num of flexible agents: 1
num of flexible tasks: 217
Solving time: 0.000565746 seconds
plan limit 980
current timestep 120
num of flexible agents: 5
num of flexible tasks: 217
Solving time: 0.000904855 seconds
plan limit 979
current timestep 121
num of flexible agents: 5
num of flexible tasks: 214
Solving time: 0.000927352 seconds
plan limit 979
current timestep 122
num of flexible agents: 5
num of flexible tasks: 210
Solving time: 0.0010781 seconds
plan limit 979
current timestep 123
num of flexible agents: 6
num of flexible tasks: 209
Solving time: 0.00029536 seconds
plan limit 980
current timestep 124
num of flexible agents: 4
num of flexible tasks: 205
Solving time: 0.00110679 seconds
plan limit 979
current timestep 125
num of flexible agents: 3
num of flexible tasks: 202
Solving time: 0.000859531 seconds
plan limit 980
current timestep 126
num of flexible agents: 3
num of flexible tasks: 200
Solving time: 0.000892363 seconds
plan limit 979
current timestep 127
num of flexible agents: 2
num of flexible tasks: 198
Solving time: 0.00101264 seconds
plan limit 979
current timestep 128
num of flexible agents: 3
num of flexible tasks: 198
Solving time: 0.000859803 seconds
plan limit 980
current timestep 129
num of flexible agents: 1
num of flexible tasks: 196
Solving time: 0.000424366 seconds
plan limit 980
current timestep 130
num of flexible agents: 2
num of flexible tasks: 195
Solving time: 0.000993057 seconds
plan limit 979
current timestep 131
num of flexible agents: 1
num of flexible tasks: 194
Solving time: 0.000677249 seconds
plan limit 980
current timestep 132
num of flexible agents: 2
num of flexible tasks: 194
Solving time: 0.00100734 seconds
plan limit 979
current timestep 133
num of flexible agents: 5
num of flexible tasks: 193
Solving time: 0.000934297 seconds
plan limit 979
current timestep 134
num of flexible agents: 5
num of flexible tasks: 191
Solving time: 0.00110522 seconds
plan limit 979
current timestep 135
num of flexible agents: 6
num of flexible tasks: 189
Solving time: 0.000305676 seconds
plan limit 980
current timestep 136
num of flexible agents: 4
num of flexible tasks: 185
Solving time: 0.00107728 seconds
plan limit 979
current timestep 137
num of flexible agents: 2
num of flexible tasks: 182
Solving time: 0.000825479 seconds
plan limit 980
current timestep 138
num of flexible agents: 5
num of flexible tasks: 181
Solving time: 0.00106845 seconds
plan limit 979
current timestep 139
num of flexible agents: 6
num of flexible tasks: 180
Solving time: 0.000311566 seconds
plan limit 980
current timestep 140
num of flexible agents: 5
num of flexible tasks: 177
Solving time: 0.00108918 seconds
plan limit 979
current timestep 141
num of flexible agents: 7
num of flexible tasks: 175
Solving time: 0.000438071 seconds
plan limit 980
current timestep 142
num of flexible agents: 7
num of flexible tasks: 172
Solving time: 0.000332531 seconds
plan limit 980
current timestep 143
num of flexible agents: 6
num of flexible tasks: 168
Solving time: 0.000446693 seconds
plan limit 980
current timestep 144
num of flexible agents: 6
num of flexible tasks: 166
Solving time: 0.000330578 seconds
plan limit 980
current timestep 145
num of flexible agents: 7
num of flexible tasks: 165
Solving time: 0.000452942 seconds
plan limit 980
current timestep 146
num of flexible agents: 7
num of flexible tasks: 161
Solving time: 0.000338875 seconds
plan limit 980
current timestep 147
num of flexible agents: 6
num of flexible tasks: 159
Solving time: 0.000480508 seconds
plan limit 980
current timestep 148
num of flexible agents: 6
num of flexible tasks: 158
Solving time: 0.00031335 seconds
plan limit 980
current timestep 149
num of flexible agents: 6
num of flexible tasks: 156
Solving time: 0.00047408 seconds
plan limit 980
current timestep 150
num of flexible agents: 7
num of flexible tasks: 154
Solving time: 0.000318595 seconds
plan limit 980
current timestep 151
num of flexible agents: 8
num of flexible tasks: 150
Solving time: 0.000298732 seconds
plan limit 980
current timestep 152
num of flexible agents: 7
num of flexible tasks: 146
Solving time: 0.00049765 seconds
plan limit 980
current timestep 153
num of flexible agents: 5
num of flexible tasks: 143
Solving time: 0.00032054 seconds
plan limit 980
current timestep 154
num of flexible agents: 1
num of flexible tasks: 139
Solving time: 0.000496251 seconds
plan limit 980
current timestep 155
num of flexible agents: 2
num of flexible tasks: 138
Solving time: 0.000869316 seconds
plan limit 980
current timestep 156
num of flexible agents: 3
num of flexible tasks: 137
Solving time: 0.00104625 seconds
plan limit 979
current timestep 157
num of flexible agents: 1
num of flexible tasks: 134
Solving time: 0.000599964 seconds
plan limit 980
current timestep 158
num of flexible agents: 2
num of flexible tasks: 134
Solving time: 0.00102816 seconds
plan limit 979
current timestep 159
num of flexible agents: 6
num of flexible tasks: 133
Solving time: 0.000285211 seconds
plan limit 980
current timestep 160
num of flexible agents: 5
num of flexible tasks: 129
Solving time: 0.000421084 seconds
plan limit 980
current timestep 161
num of flexible agents: 3
num of flexible tasks: 126
Solving time: 0.00107381 seconds
plan limit 979
current timestep 162
num of flexible agents: 7
num of flexible tasks: 125
Solving time: 0.000339743 seconds
plan limit 980
current timestep 163
num of flexible agents: 7
num of flexible tasks: 121
Solving time: 0.000498861 seconds
plan limit 980
current timestep 164
num of flexible agents: 6
num of flexible tasks: 119
Solving time: 0.000445684 seconds
plan limit 980
current timestep 165
num of flexible agents: 7
num of flexible tasks: 117
Solving time: 0.000332168 seconds
plan limit 980
current timestep 166
num of flexible agents: 7
num of flexible tasks: 116
Solving time: 0.000467517 seconds
plan limit 980
current timestep 167
num of flexible agents: 6
num of flexible tasks: 114
Solving time: 0.000470525 seconds
plan limit 980
current timestep 168
num of flexible agents: 5
num of flexible tasks: 111
Solving time: 0.000313782 seconds
plan limit 980
current timestep 169
num of flexible agents: 5
num of flexible tasks: 110
Solving time: 0.000477862 seconds
plan limit 980
current timestep 170
num of flexible agents: 6
num of flexible tasks: 110
Solving time: 0.000460366 seconds
plan limit 980
current timestep 171
num of flexible agents: 9
num of flexible tasks: 109
Solving time: 0.000455474 seconds
plan limit 980
current timestep 172
num of flexible agents: 10
num of flexible tasks: 105
Solving time: 0.000329118 seconds
plan limit 980
current timestep 173
num of flexible agents: 8
num of flexible tasks: 101
Solving time: 0.000306463 seconds
plan limit 980
current timestep 174
num of flexible agents: 6
num of flexible tasks: 97
Solving time: 0.000333607 seconds
plan limit 980
current timestep 175
num of flexible agents: 5
num of flexible tasks: 93
Solving time: 0.00031145 seconds
plan limit 980
current timestep 176
num of flexible agents: 7
num of flexible tasks: 92
Solving time: 0.000300726 seconds
plan limit 980
current timestep 177
num of flexible agents: 10
num of flexible tasks: 91
Solving time: 0.000321018 seconds
plan limit 980
current timestep 178
num of flexible agents: 7
num of flexible tasks: 87
Solving time: 0.000475136 seconds
plan limit 980
current timestep 179
num of flexible agents: 3
num of flexible tasks: 83
Solving time: 0.000885043 seconds
plan limit 980
current timestep 180
num of flexible agents: 4
num of flexible tasks: 82
Solving time: 0.00108682 seconds
plan limit 979
current timestep 181
num of flexible agents: 4
num of flexible tasks: 81
Solving time: 0.000944937 seconds
plan limit 979
current timestep 182
num of flexible agents: 5
num of flexible tasks: 81
Solving time: 0.000403286 seconds
plan limit 980
current timestep 183
num of flexible agents: 4
num of flexible tasks: 80
Solving time: 0.000934015 seconds
plan limit 979
current timestep 184
num of flexible agents: 4
num of flexible tasks: 79
Solving time: 0.00109741 seconds
plan limit 979
current timestep 185
num of flexible agents: 7
num of flexible tasks: 78
Solving time: 0.000350801 seconds
plan limit 980
current timestep 186
num of flexible agents: 6
num of flexible tasks: 76
Solving time: 0.000446499 seconds
plan limit 980
current timestep 187
num of flexible agents: 6
num of flexible tasks: 72
Solving time: 0.000320151 seconds
plan limit 980
current timestep 188
num of flexible agents: 7
num of flexible tasks: 71
Solving time: 0.000458591 seconds
plan limit 980
current timestep 189
num of flexible agents: 9
num of flexible tasks: 71
Solving time: 0.000322316 seconds
plan limit 980
current timestep 190
num of flexible agents: 7
num of flexible tasks: 68
Solving time: 0.000466289 seconds
plan limit 980
current timestep 191
num of flexible agents: 11
num of flexible tasks: 68
Solving time: 0.000364105 seconds
plan limit 980
current timestep 192
num of flexible agents: 11
num of flexible tasks: 67
Solving time: 0.000476772 seconds
plan limit 980
current timestep 193
num of flexible agents: 11
num of flexible tasks: 65
Solving time: 0.000331377 seconds
plan limit 980
current timestep 194
num of flexible agents: 10
num of flexible tasks: 62
Solving time: 0.000488184 seconds
plan limit 980
current timestep 195
num of flexible agents: 11
num of flexible tasks: 62
Solving time: 0.000362382 seconds
plan limit 980
current timestep 196
num of flexible agents: 10
num of flexible tasks: 59
Solving time: 0.000476875 seconds
plan limit 980
current timestep 197
num of flexible agents: 10
num of flexible tasks: 58
Solving time: 0.000343348 seconds
plan limit 980
current timestep 198
num of flexible agents: 12
num of flexible tasks: 56
Solving time: 0.00051498 seconds
plan limit 980
current timestep 199
num of flexible agents: 14
num of flexible tasks: 56
Solving time: 0.000334756 seconds
plan limit 980
current timestep 200
num of flexible agents: 15
num of flexible tasks: 54
Solving time: 0.000359414 seconds
plan limit 980
current timestep 201
num of flexible agents: 15
num of flexible tasks: 51
Solving time: 0.000516127 seconds
plan limit 980
current timestep 202
num of flexible agents: 11
num of flexible tasks: 46
Solving time: 0.000381882 seconds
plan limit 980
current timestep 203
num of flexible agents: 11
num of flexible tasks: 46
Solving time: 0.000469199 seconds
plan limit 980
current timestep 204
num of flexible agents: 13
num of flexible tasks: 46
Solving time: 0.000350123 seconds
plan limit 980
current timestep 205
num of flexible agents: 13
num of flexible tasks: 44
Solving time: 0.000537945 seconds
plan limit 980
current timestep 206
num of flexible agents: 13
num of flexible tasks: 41
Solving time: 0.000366369 seconds
plan limit 980
current timestep 207
num of flexible agents: 14
num of flexible tasks: 39
Solving time: 0.000525622 seconds
plan limit 980
current timestep 208
num of flexible agents: 16
num of flexible tasks: 38
Solving time: 0.000553613 seconds
plan limit 980
current timestep 209
num of flexible agents: 18
num of flexible tasks: 36
Solving time: 0.000556724 seconds
plan limit 980
current timestep 210
num of flexible agents: 19
num of flexible tasks: 34
Solving time: 0.000405536 seconds
plan limit 980
current timestep 211
num of flexible agents: 20
num of flexible tasks: 33
Solving time: 0.000539631 seconds
plan limit 980
current timestep 212
num of flexible agents: 18
num of flexible tasks: 31
Solving time: 0.000562606 seconds
plan limit 980
current timestep 213
num of flexible agents: 19
num of flexible tasks: 31
Solving time: 0.000370536 seconds
plan limit 980
current timestep 214
num of flexible agents: 19
num of flexible tasks: 30
Solving time: 0.000568896 seconds
plan limit 980
current timestep 215
num of flexible agents: 17
num of flexible tasks: 28
Solving time: 0.000526762 seconds
plan limit 980
current timestep 216
num of flexible agents: 18
num of flexible tasks: 27
Solving time: 0.000398713 seconds
plan limit 980
current timestep 217
num of flexible agents: 19
num of flexible tasks: 27
Solving time: 0.000403482 seconds
plan limit 980
current timestep 218
num of flexible agents: 16
num of flexible tasks: 24
Solving time: 0.000550146 seconds
plan limit 980
current timestep 219
num of flexible agents: 18
num of flexible tasks: 24
Solving time: 0.000366884 seconds
plan limit 980
current timestep 220
num of flexible agents: 17
num of flexible tasks: 21
Solving time: 0.000382291 seconds
plan limit 980
current timestep 221
num of flexible agents: 15
num of flexible tasks: 19
Solving time: 0.000530116 seconds
plan limit 980
current timestep 222
num of flexible agents: 14
num of flexible tasks: 17
Solving time: 0.000405443 seconds
plan limit 980
current timestep 223
num of flexible agents: 13
num of flexible tasks: 15
Solving time: 0.000381397 seconds
plan limit 980
current timestep 224
num of flexible agents: 14
num of flexible tasks: 14
Solving time: 0.000452871 seconds
plan limit 980
current timestep 225
num of flexible agents: 14
num of flexible tasks: 13
Solving time: 0.000512621 seconds
plan limit 980
current timestep 226
num of flexible agents: 15
num of flexible tasks: 13
Solving time: 0.000423145 seconds
plan limit 980
current timestep 227
num of flexible agents: 14
num of flexible tasks: 12
Solving time: 0.000604692 seconds
plan limit 980
current timestep 228
num of flexible agents: 16
num of flexible tasks: 11
Solving time: 0.00033427 seconds
plan limit 980
current timestep 229
num of flexible agents: 17
num of flexible tasks: 11
Solving time: 0.000442006 seconds
plan limit 980
current timestep 230
num of flexible agents: 16
num of flexible tasks: 10
Solving time: 0.000440413 seconds
plan limit 980
current timestep 231
num of flexible agents: 18
num of flexible tasks: 10
Solving time: 0.000412814 seconds
plan limit 980
current timestep 232
num of flexible agents: 19
num of flexible tasks: 9
Solving time: 0.000456433 seconds
plan limit 980
current timestep 233
num of flexible agents: 20
num of flexible tasks: 8
Solving time: 0.000385631 seconds
plan limit 980
current timestep 234
num of flexible agents: 19
num of flexible tasks: 6
Solving time: 0.00036505 seconds
plan limit 980
current timestep 235
num of flexible agents: 19
num of flexible tasks: 5
Solving time: 0.000260515 seconds
plan limit 980
current timestep 236
num of flexible agents: 22
num of flexible tasks: 5
Solving time: 0.000342744 seconds
plan limit 980
current timestep 237
num of flexible agents: 22
num of flexible tasks: 5
Solving time: 0.00022273 seconds
plan limit 980
current timestep 238
num of flexible agents: 23
num of flexible tasks: 3
Solving time: 0.000327497 seconds
plan limit 980
current timestep 239
num of flexible agents: 27
num of flexible tasks: 3
Solving time: 0.000211232 seconds
plan limit 980
current timestep 240
num of flexible agents: 28
num of flexible tasks: 3
Solving time: 0.000232019 seconds
plan limit 980
current timestep 241
num of flexible agents: 28
num of flexible tasks: 1
Solving time: 0.000207258 seconds
plan limit 980
current timestep 242
num of flexible agents: 29
num of flexible tasks: 1
Solving time: 0.000294075 seconds
plan limit 980
current timestep 243
num of flexible agents: 28
num of flexible tasks: 0
Solving time: 0.000191399 seconds
plan limit 980
current timestep 244
num of flexible agents: 28
num of flexible tasks: 0
Solving time: 0.000279739 seconds
plan limit 980
current timestep 245
num of flexible agents: 30
num of flexible tasks: 0
Solving time: 0.000281773 seconds
plan limit 980
current timestep 246
num of flexible agents: 30
num of flexible tasks: 0
Solving time: 0.000298346 seconds
plan limit 980
current timestep 247
num of flexible agents: 32
num of flexible tasks: 0
Solving time: 0.000191689 seconds
plan limit 980
current timestep 248
num of flexible agents: 34
num of flexible tasks: 0
Solving time: 0.000286848 seconds
plan limit 980
current timestep 249
num of flexible agents: 35
num of flexible tasks: 0
Solving time: 0.000198772 seconds
plan limit 980
current timestep 250
num of flexible agents: 35
num of flexible tasks: 0
Solving time: 0.000274937 seconds
plan limit 980
current timestep 251
num of flexible agents: 36
num of flexible tasks: 0
Solving time: 0.00018844 seconds
plan limit 980
current timestep 252
num of flexible agents: 36
num of flexible tasks: 0
Solving time: 0.000289151 seconds
plan limit 980
current timestep 253
num of flexible agents: 38
num of flexible tasks: 0
Solving time: 0.000194032 seconds
plan limit 980
current timestep 254
num of flexible agents: 39
num of flexible tasks: 0
Solving time: 0.000297572 seconds
plan limit 980
current timestep 255
num of flexible agents: 39
num of flexible tasks: 0
Solving time: 0.000189007 seconds
plan limit 980
current timestep 256
num of flexible agents: 40
num of flexible tasks: 0
Solving time: 0.000294582 seconds
plan limit 980
current timestep 257
num of flexible agents: 41
num of flexible tasks: 0
Solving time: 0.000195057 seconds
plan limit 980
current timestep 258
num of flexible agents: 41
num of flexible tasks: 0
Solving time: 0.000199586 seconds
plan limit 980
current timestep 259
num of flexible agents: 41
num of flexible tasks: 0
Solving time: 0.000291281 seconds
plan limit 980
current timestep 260
num of flexible agents: 42
num of flexible tasks: 0
Solving time: 0.000191585 seconds
plan limit 980
current timestep 261
num of flexible agents: 44
num of flexible tasks: 0
Solving time: 0.000291076 seconds
plan limit 980
current timestep 262
num of flexible agents: 44
num of flexible tasks: 0
Solving time: 0.000203686 seconds
plan limit 980
current timestep 263
num of flexible agents: 45
num of flexible tasks: 0
Solving time: 0.00028243 seconds
plan limit 980
current timestep 264
num of flexible agents: 46
num of flexible tasks: 0
Solving time: 0.000195812 seconds
plan limit 980
current timestep 265
num of flexible agents: 46
num of flexible tasks: 0
Solving time: 0.000289934 seconds
plan limit 980
current timestep 266
num of flexible agents: 46
num of flexible tasks: 0
Solving time: 0.000191351 seconds
plan limit 980
current timestep 267
num of flexible agents: 46
num of flexible tasks: 0
Solving time: 0.00029283 seconds
plan limit 980
current timestep 268
num of flexible agents: 47
num of flexible tasks: 0
Solving time: 0.000191841 seconds
plan limit 980
current timestep 269
num of flexible agents: 48
num of flexible tasks: 0
Solving time: 0.00028457 seconds
plan limit 980
current timestep 270
num of flexible agents: 49
num of flexible tasks: 0
Solving time: 0.000196826 seconds
plan limit 980
current timestep 271
num of flexible agents: 49
num of flexible tasks: 0
Solving time: 0.000208101 seconds
plan limit 980
current timestep 272
num of flexible agents: 49
num of flexible tasks: 0
Solving time: 0.000286313 seconds
plan limit 980
current timestep 273
num of flexible agents: 49
num of flexible tasks: 0
Solving time: 0.000311404 seconds
plan limit 980
current timestep 274
num of flexible agents: 49
num of flexible tasks: 0
Solving time: 0.000202585 seconds
plan limit 980
current timestep 275
num of flexible agents: 49
num of flexible tasks: 0
Solving time: 0.000291717 seconds
plan limit 980
current timestep 276
num of flexible agents: 49
num of flexible tasks: 0
Solving time: 0.000197793 seconds
plan limit 980
current timestep 277
num of flexible agents: 49
num of flexible tasks: 0
Solving time: 0.000284089 seconds
plan limit 980
All tasks finished at timestep 278
