current timestep 0
num of flexible agents: 80
num of flexible tasks: 2
Solving time: 0.000413507 seconds
plan limit 980
current timestep 1
num of flexible agents: 79
num of flexible tasks: 3
Solving time: 0.000352617 seconds
plan limit 980
current timestep 2
num of flexible agents: 78
num of flexible tasks: 4
Solving time: 0.000309103 seconds
plan limit 980
current timestep 3
num of flexible agents: 77
num of flexible tasks: 5
Solving time: 0.000292779 seconds
plan limit 980
current timestep 4
num of flexible agents: 77
num of flexible tasks: 7
Solving time: 0.000296288 seconds
plan limit 980
current timestep 5
num of flexible agents: 76
num of flexible tasks: 8
Solving time: 0.000424068 seconds
plan limit 980
current timestep 6
num of flexible agents: 74
num of flexible tasks: 8
Solving time: 0.000322955 seconds
plan limit 980
current timestep 7
num of flexible agents: 74
num of flexible tasks: 10
Solving time: 0.0004452 seconds
plan limit 980
current timestep 8
num of flexible agents: 73
num of flexible tasks: 11
Solving time: 0.000474594 seconds
plan limit 980
current timestep 9
num of flexible agents: 73
num of flexible tasks: 12
Solving time: 0.000459297 seconds
plan limit 980
current timestep 10
num of flexible agents: 72
num of flexible tasks: 13
Solving time: 0.000323042 seconds
plan limit 980
current timestep 11
num of flexible agents: 71
num of flexible tasks: 14
Solving time: 0.000485475 seconds
plan limit 980
current timestep 12
num of flexible agents: 70
num of flexible tasks: 15
Solving time: 0.000341499 seconds
plan limit 980
current timestep 13
num of flexible agents: 64
num of flexible tasks: 11
Solving time: 0.000416108 seconds
plan limit 980
current timestep 14
num of flexible agents: 62
num of flexible tasks: 11
Solving time: 0.00032166 seconds
plan limit 980
current timestep 15
num of flexible agents: 62
num of flexible tasks: 13
Solving time: 0.000315563 seconds
plan limit 980
current timestep 16
num of flexible agents: 60
num of flexible tasks: 13
Solving time: 0.000431332 seconds
plan limit 980
current timestep 17
num of flexible agents: 56
num of flexible tasks: 11
Solving time: 0.000387535 seconds
plan limit 980
current timestep 18
num of flexible agents: 54
num of flexible tasks: 10
Solving time: 0.000470802 seconds
plan limit 980
current timestep 19
num of flexible agents: 54
num of flexible tasks: 11
Solving time: 0.000319245 seconds
plan limit 980
current timestep 20
num of flexible agents: 53
num of flexible tasks: 11
Solving time: 0.000428095 seconds
plan limit 980
current timestep 21
num of flexible agents: 51
num of flexible tasks: 10
Solving time: 0.000470013 seconds
plan limit 980
current timestep 22
num of flexible agents: 52
num of flexible tasks: 12
Solving time: 0.00048766 seconds
plan limit 980
current timestep 23
num of flexible agents: 51
num of flexible tasks: 12
Solving time: 0.000330567 seconds
plan limit 980
current timestep 24
num of flexible agents: 50
num of flexible tasks: 11
Solving time: 0.00043522 seconds
plan limit 980
current timestep 25
num of flexible agents: 50
num of flexible tasks: 12
Solving time: 0.000408244 seconds
plan limit 980
current timestep 26
num of flexible agents: 49
num of flexible tasks: 12
Solving time: 0.000356351 seconds
plan limit 980
current timestep 27
num of flexible agents: 50
num of flexible tasks: 13
Solving time: 0.000463775 seconds
plan limit 980
current timestep 28
num of flexible agents: 51
num of flexible tasks: 15
Solving time: 0.000334228 seconds
plan limit 980
current timestep 29
num of flexible agents: 53
num of flexible tasks: 16
Solving time: 0.000360048 seconds
plan limit 980
current timestep 30
num of flexible agents: 50
num of flexible tasks: 15
Solving time: 0.000484993 seconds
plan limit 980
current timestep 31
num of flexible agents: 49
num of flexible tasks: 15
Solving time: 0.000491954 seconds
plan limit 980
current timestep 32
num of flexible agents: 45
num of flexible tasks: 13
Solving time: 0.000474401 seconds
plan limit 980
current timestep 33
num of flexible agents: 45
num of flexible tasks: 15
Solving time: 0.000304785 seconds
plan limit 980
current timestep 34
num of flexible agents: 40
num of flexible tasks: 12
Solving time: 0.000414749 seconds
plan limit 980
current timestep 35
num of flexible agents: 39
num of flexible tasks: 11
Solving time: 0.000356051 seconds
plan limit 980
current timestep 36
num of flexible agents: 39
num of flexible tasks: 12
Solving time: 0.000410625 seconds
plan limit 980
current timestep 37
num of flexible agents: 38
num of flexible tasks: 13
Solving time: 0.000501976 seconds
plan limit 980
current timestep 38
num of flexible agents: 36
num of flexible tasks: 12
Solving time: 0.000465911 seconds
plan limit 980
current timestep 39
num of flexible agents: 38
num of flexible tasks: 12
Solving time: 0.000396595 seconds
plan limit 980
current timestep 40
num of flexible agents: 38
num of flexible tasks: 13
Solving time: 0.000354226 seconds
plan limit 980
current timestep 41
num of flexible agents: 34
num of flexible tasks: 10
Solving time: 0.00040953 seconds
plan limit 980
current timestep 42
num of flexible agents: 33
num of flexible tasks: 9
Solving time: 0.000371712 seconds
plan limit 980
current timestep 43
num of flexible agents: 34
num of flexible tasks: 10
Solving time: 0.000387315 seconds
plan limit 980
current timestep 44
num of flexible agents: 35
num of flexible tasks: 10
Solving time: 0.000395995 seconds
plan limit 980
current timestep 45
num of flexible agents: 36
num of flexible tasks: 11
Solving time: 0.000336935 seconds
plan limit 980
current timestep 46
num of flexible agents: 39
num of flexible tasks: 13
Solving time: 0.000474332 seconds
plan limit 980
current timestep 47
num of flexible agents: 39
num of flexible tasks: 13
Solving time: 0.000428707 seconds
plan limit 980
current timestep 48
num of flexible agents: 39
num of flexible tasks: 13
Solving time: 0.000306153 seconds
plan limit 980
current timestep 49
num of flexible agents: 39
num of flexible tasks: 13
Solving time: 0.000356484 seconds
plan limit 980
current timestep 50
num of flexible agents: 36
num of flexible tasks: 11
Solving time: 0.000393452 seconds
plan limit 980
current timestep 51
num of flexible agents: 33
num of flexible tasks: 9
Solving time: 0.000321634 seconds
plan limit 980
current timestep 52
num of flexible agents: 31
num of flexible tasks: 8
Solving time: 0.000276262 seconds
plan limit 980
current timestep 53
num of flexible agents: 37
num of flexible tasks: 9
Solving time: 0.000295202 seconds
plan limit 980
current timestep 54
num of flexible agents: 34
num of flexible tasks: 6
Solving time: 0.00028503 seconds
plan limit 980
current timestep 55
num of flexible agents: 33
num of flexible tasks: 6
Solving time: 0.000365232 seconds
plan limit 980
current timestep 56
num of flexible agents: 33
num of flexible tasks: 6
Solving time: 0.000304362 seconds
plan limit 980
current timestep 57
num of flexible agents: 35
num of flexible tasks: 8
Solving time: 0.000408989 seconds
plan limit 980
current timestep 58
num of flexible agents: 36
num of flexible tasks: 8
Solving time: 0.000364215 seconds
plan limit 980
current timestep 59
num of flexible agents: 35
num of flexible tasks: 9
Solving time: 0.000286946 seconds
plan limit 980
current timestep 60
num of flexible agents: 35
num of flexible tasks: 9
Solving time: 0.000430491 seconds
plan limit 980
current timestep 61
num of flexible agents: 36
num of flexible tasks: 9
Solving time: 0.000374578 seconds
plan limit 978
current timestep 62
num of flexible agents: 35
num of flexible tasks: 8
Solving time: 0.000343433 seconds
plan limit 980
current timestep 63
num of flexible agents: 36
num of flexible tasks: 9
Solving time: 0.00043089 seconds
plan limit 980
current timestep 64
num of flexible agents: 38
num of flexible tasks: 10
Solving time: 0.000285557 seconds
plan limit 980
current timestep 65
num of flexible agents: 38
num of flexible tasks: 10
Solving time: 0.00031626 seconds
plan limit 980
current timestep 66
num of flexible agents: 37
num of flexible tasks: 11
Solving time: 0.000456724 seconds
plan limit 980
current timestep 67
num of flexible agents: 36
num of flexible tasks: 11
Solving time: 0.000442811 seconds
plan limit 980
current timestep 68
num of flexible agents: 34
num of flexible tasks: 10
Solving time: 0.000296501 seconds
plan limit 980
current timestep 69
num of flexible agents: 37
num of flexible tasks: 9
Solving time: 0.000377573 seconds
plan limit 980
current timestep 70
num of flexible agents: 35
num of flexible tasks: 8
Solving time: 0.000280742 seconds
plan limit 980
current timestep 71
num of flexible agents: 33
num of flexible tasks: 7
Solving time: 0.000267201 seconds
plan limit 980
current timestep 72
num of flexible agents: 34
num of flexible tasks: 7
Solving time: 0.000255238 seconds
plan limit 980
current timestep 73
num of flexible agents: 35
num of flexible tasks: 8
Solving time: 0.000394815 seconds
plan limit 980
current timestep 74
num of flexible agents: 35
num of flexible tasks: 9
Solving time: 0.000328724 seconds
plan limit 980
current timestep 75
num of flexible agents: 32
num of flexible tasks: 7
Solving time: 0.000421154 seconds
plan limit 980
current timestep 76
num of flexible agents: 32
num of flexible tasks: 8
Solving time: 0.000286474 seconds
plan limit 980
current timestep 77
num of flexible agents: 30
num of flexible tasks: 8
Solving time: 0.000319006 seconds
plan limit 980
current timestep 78
num of flexible agents: 34
num of flexible tasks: 10
Solving time: 0.000326647 seconds
plan limit 980
current timestep 79
num of flexible agents: 37
num of flexible tasks: 10
Solving time: 0.000482868 seconds
plan limit 980
current timestep 80
num of flexible agents: 36
num of flexible tasks: 9
Solving time: 0.000339651 seconds
plan limit 980
current timestep 81
num of flexible agents: 38
num of flexible tasks: 10
Solving time: 0.000335779 seconds
plan limit 980
current timestep 82
num of flexible agents: 37
num of flexible tasks: 8
Solving time: 0.000402404 seconds
plan limit 980
current timestep 83
num of flexible agents: 39
num of flexible tasks: 8
Solving time: 0.000399265 seconds
plan limit 980
current timestep 84
num of flexible agents: 39
num of flexible tasks: 8
Solving time: 0.000274307 seconds
plan limit 980
current timestep 85
num of flexible agents: 41
num of flexible tasks: 7
Solving time: 0.000387098 seconds
plan limit 980
current timestep 86
num of flexible agents: 40
num of flexible tasks: 6
Solving time: 0.000367654 seconds
plan limit 980
current timestep 87
num of flexible agents: 39
num of flexible tasks: 6
Solving time: 0.000380601 seconds
plan limit 980
current timestep 88
num of flexible agents: 41
num of flexible tasks: 7
Solving time: 0.000275685 seconds
plan limit 980
current timestep 89
num of flexible agents: 39
num of flexible tasks: 5
Solving time: 0.000285157 seconds
plan limit 980
current timestep 90
num of flexible agents: 39
num of flexible tasks: 6
Solving time: 0.00040519 seconds
plan limit 980
current timestep 91
num of flexible agents: 39
num of flexible tasks: 7
Solving time: 0.000468876 seconds
plan limit 980
current timestep 92
num of flexible agents: 44
num of flexible tasks: 9
Solving time: 0.000439822 seconds
plan limit 980
current timestep 93
num of flexible agents: 41
num of flexible tasks: 8
Solving time: 0.000427132 seconds
plan limit 980
current timestep 94
num of flexible agents: 41
num of flexible tasks: 9
Solving time: 0.000332141 seconds
plan limit 980
current timestep 95
num of flexible agents: 40
num of flexible tasks: 10
Solving time: 0.000402078 seconds
plan limit 980
current timestep 96
num of flexible agents: 40
num of flexible tasks: 10
Solving time: 0.000412223 seconds
plan limit 980
current timestep 97
num of flexible agents: 39
num of flexible tasks: 9
Solving time: 0.000293608 seconds
plan limit 980
current timestep 98
num of flexible agents: 37
num of flexible tasks: 7
Solving time: 0.000278558 seconds
plan limit 980
current timestep 99
num of flexible agents: 37
num of flexible tasks: 8
Solving time: 0.000379962 seconds
plan limit 980
current timestep 100
num of flexible agents: 37
num of flexible tasks: 8
Solving time: 0.000419554 seconds
plan limit 980
current timestep 101
num of flexible agents: 39
num of flexible tasks: 8
Solving time: 0.000274573 seconds
plan limit 980
current timestep 102
num of flexible agents: 42
num of flexible tasks: 10
Solving time: 0.000440925 seconds
plan limit 980
current timestep 103
num of flexible agents: 40
num of flexible tasks: 9
Solving time: 0.000312884 seconds
plan limit 980
current timestep 104
num of flexible agents: 41
num of flexible tasks: 11
Solving time: 0.00033514 seconds
plan limit 980
current timestep 105
num of flexible agents: 41
num of flexible tasks: 11
Solving time: 0.00034725 seconds
plan limit 980
current timestep 106
num of flexible agents: 40
num of flexible tasks: 10
Solving time: 0.00036588 seconds
plan limit 980
current timestep 107
num of flexible agents: 37
num of flexible tasks: 8
Solving time: 0.000446441 seconds
plan limit 980
current timestep 108
num of flexible agents: 41
num of flexible tasks: 9
Solving time: 0.000408607 seconds
plan limit 980
current timestep 109
num of flexible agents: 41
num of flexible tasks: 10
Solving time: 0.000416118 seconds
plan limit 980
current timestep 110
num of flexible agents: 43
num of flexible tasks: 10
Solving time: 0.000321646 seconds
plan limit 980
current timestep 111
num of flexible agents: 41
num of flexible tasks: 10
Solving time: 0.000289756 seconds
plan limit 980
current timestep 112
num of flexible agents: 39
num of flexible tasks: 10
Solving time: 0.000392878 seconds
plan limit 980
current timestep 113
num of flexible agents: 38
num of flexible tasks: 11
Solving time: 0.000293372 seconds
plan limit 980
current timestep 114
num of flexible agents: 36
num of flexible tasks: 11
Solving time: 0.000327454 seconds
plan limit 980
current timestep 115
num of flexible agents: 36
num of flexible tasks: 11
Solving time: 0.000329537 seconds
plan limit 980
current timestep 116
num of flexible agents: 35
num of flexible tasks: 10
Solving time: 0.000386485 seconds
plan limit 980
current timestep 117
num of flexible agents: 35
num of flexible tasks: 11
Solving time: 0.000305025 seconds
plan limit 980
current timestep 118
num of flexible agents: 37
num of flexible tasks: 10
Solving time: 0.000319332 seconds
plan limit 980
current timestep 119
num of flexible agents: 38
num of flexible tasks: 9
Solving time: 0.000324693 seconds
plan limit 980
current timestep 120
num of flexible agents: 38
num of flexible tasks: 9
Solving time: 0.000330944 seconds
plan limit 980
current timestep 121
num of flexible agents: 38
num of flexible tasks: 8
Solving time: 0.000308506 seconds
plan limit 980
current timestep 122
num of flexible agents: 38
num of flexible tasks: 8
Solving time: 0.000432337 seconds
plan limit 980
current timestep 123
num of flexible agents: 39
num of flexible tasks: 9
Solving time: 0.000345544 seconds
plan limit 980
current timestep 124
num of flexible agents: 37
num of flexible tasks: 8
Solving time: 0.000399477 seconds
plan limit 980
current timestep 125
num of flexible agents: 37
num of flexible tasks: 8
Solving time: 0.000324579 seconds
plan limit 980
current timestep 126
num of flexible agents: 38
num of flexible tasks: 9
Solving time: 0.000410413 seconds
plan limit 980
current timestep 127
num of flexible agents: 38
num of flexible tasks: 10
Solving time: 0.000305873 seconds
plan limit 980
current timestep 128
num of flexible agents: 37
num of flexible tasks: 11
Solving time: 0.000397257 seconds
plan limit 980
current timestep 129
num of flexible agents: 34
num of flexible tasks: 8
Solving time: 0.00032303 seconds
plan limit 980
current timestep 130
num of flexible agents: 33
num of flexible tasks: 7
Solving time: 0.000363061 seconds
plan limit 980
current timestep 131
num of flexible agents: 32
num of flexible tasks: 6
Solving time: 0.000365245 seconds
plan limit 980
current timestep 132
num of flexible agents: 34
num of flexible tasks: 8
Solving time: 0.000401413 seconds
plan limit 980
current timestep 133
num of flexible agents: 37
num of flexible tasks: 10
Solving time: 0.000267743 seconds
plan limit 980
current timestep 134
num of flexible agents: 37
num of flexible tasks: 11
Solving time: 0.000387296 seconds
plan limit 980
current timestep 135
num of flexible agents: 37
num of flexible tasks: 10
Solving time: 0.000338339 seconds
plan limit 980
current timestep 136
num of flexible agents: 36
num of flexible tasks: 9
Solving time: 0.000415348 seconds
plan limit 980
current timestep 137
num of flexible agents: 34
num of flexible tasks: 8
Solving time: 0.00038227 seconds
plan limit 980
current timestep 138
num of flexible agents: 35
num of flexible tasks: 9
Solving time: 0.000490888 seconds
plan limit 980
current timestep 139
num of flexible agents: 36
num of flexible tasks: 10
Solving time: 0.000445005 seconds
plan limit 980
current timestep 140
num of flexible agents: 35
num of flexible tasks: 10
Solving time: 0.000449069 seconds
plan limit 980
current timestep 141
num of flexible agents: 35
num of flexible tasks: 10
Solving time: 0.000316726 seconds
plan limit 980
current timestep 142
num of flexible agents: 35
num of flexible tasks: 9
Solving time: 0.000441605 seconds
plan limit 980
current timestep 143
num of flexible agents: 32
num of flexible tasks: 8
Solving time: 0.000290138 seconds
plan limit 980
current timestep 144
num of flexible agents: 32
num of flexible tasks: 9
Solving time: 0.000469085 seconds
plan limit 980
current timestep 145
num of flexible agents: 34
num of flexible tasks: 10
Solving time: 0.000354632 seconds
plan limit 980
current timestep 146
num of flexible agents: 34
num of flexible tasks: 11
Solving time: 0.000360943 seconds
plan limit 980
current timestep 147
num of flexible agents: 34
num of flexible tasks: 11
Solving time: 0.000393189 seconds
plan limit 980
current timestep 148
num of flexible agents: 32
num of flexible tasks: 8
Solving time: 0.000294273 seconds
plan limit 980
current timestep 149
num of flexible agents: 29
num of flexible tasks: 6
Solving time: 0.000439714 seconds
plan limit 980
current timestep 150
num of flexible agents: 30
num of flexible tasks: 8
Solving time: 0.000419244 seconds
plan limit 980
current timestep 151
num of flexible agents: 33
num of flexible tasks: 10
Solving time: 0.000334698 seconds
plan limit 980
current timestep 152
num of flexible agents: 35
num of flexible tasks: 11
Solving time: 0.000328686 seconds
plan limit 980
current timestep 153
num of flexible agents: 33
num of flexible tasks: 10
Solving time: 0.000293367 seconds
plan limit 980
current timestep 154
num of flexible agents: 36
num of flexible tasks: 10
Solving time: 0.00043973 seconds
plan limit 980
current timestep 155
num of flexible agents: 37
num of flexible tasks: 11
Solving time: 0.000378427 seconds
plan limit 980
current timestep 156
num of flexible agents: 37
num of flexible tasks: 12
Solving time: 0.000503412 seconds
plan limit 980
current timestep 157
num of flexible agents: 37
num of flexible tasks: 12
Solving time: 0.000327584 seconds
plan limit 980
current timestep 158
num of flexible agents: 36
num of flexible tasks: 12
Solving time: 0.000316559 seconds
plan limit 980
current timestep 159
num of flexible agents: 36
num of flexible tasks: 10
Solving time: 0.000382544 seconds
plan limit 980
current timestep 160
num of flexible agents: 40
num of flexible tasks: 12
Solving time: 0.000314189 seconds
plan limit 980
current timestep 161
num of flexible agents: 38
num of flexible tasks: 12
Solving time: 0.000299986 seconds
plan limit 980
current timestep 162
num of flexible agents: 40
num of flexible tasks: 10
Solving time: 0.000374682 seconds
plan limit 980
current timestep 163
num of flexible agents: 40
num of flexible tasks: 9
Solving time: 0.000255581 seconds
plan limit 980
current timestep 164
num of flexible agents: 40
num of flexible tasks: 8
Solving time: 0.000251327 seconds
plan limit 980
current timestep 165
num of flexible agents: 40
num of flexible tasks: 8
Solving time: 0.00027958 seconds
plan limit 980
current timestep 166
num of flexible agents: 37
num of flexible tasks: 7
Solving time: 0.000265711 seconds
plan limit 980
current timestep 167
num of flexible agents: 37
num of flexible tasks: 7
Solving time: 0.000431612 seconds
plan limit 980
current timestep 168
num of flexible agents: 41
num of flexible tasks: 8
Solving time: 0.000378924 seconds
plan limit 980
current timestep 169
num of flexible agents: 42
num of flexible tasks: 8
Solving time: 0.000292944 seconds
plan limit 980
current timestep 170
num of flexible agents: 40
num of flexible tasks: 7
Solving time: 0.000353909 seconds
plan limit 980
current timestep 171
num of flexible agents: 39
num of flexible tasks: 7
Solving time: 0.000363842 seconds
plan limit 980
current timestep 172
num of flexible agents: 40
num of flexible tasks: 7
Solving time: 0.000337829 seconds
plan limit 980
current timestep 173
num of flexible agents: 40
num of flexible tasks: 7
Solving time: 0.000314397 seconds
plan limit 980
current timestep 174
num of flexible agents: 42
num of flexible tasks: 8
Solving time: 0.000363508 seconds
plan limit 980
current timestep 175
num of flexible agents: 41
num of flexible tasks: 9
Solving time: 0.000431595 seconds
plan limit 980
current timestep 176
num of flexible agents: 39
num of flexible tasks: 9
Solving time: 0.000368032 seconds
plan limit 980
current timestep 177
num of flexible agents: 42
num of flexible tasks: 10
Solving time: 0.000438678 seconds
plan limit 980
current timestep 178
num of flexible agents: 43
num of flexible tasks: 10
Solving time: 0.000383883 seconds
plan limit 980
current timestep 179
num of flexible agents: 45
num of flexible tasks: 11
Solving time: 0.000347463 seconds
plan limit 980
current timestep 180
num of flexible agents: 44
num of flexible tasks: 9
Solving time: 0.000378243 seconds
plan limit 980
current timestep 181
num of flexible agents: 42
num of flexible tasks: 7
Solving time: 0.000384889 seconds
plan limit 980
current timestep 182
num of flexible agents: 42
num of flexible tasks: 7
Solving time: 0.000357067 seconds
plan limit 980
current timestep 183
num of flexible agents: 41
num of flexible tasks: 8
Solving time: 0.000375508 seconds
plan limit 980
current timestep 184
num of flexible agents: 42
num of flexible tasks: 8
Solving time: 0.000304667 seconds
plan limit 980
current timestep 185
num of flexible agents: 42
num of flexible tasks: 8
Solving time: 0.000317771 seconds
plan limit 980
current timestep 186
num of flexible agents: 43
num of flexible tasks: 7
Solving time: 0.000328012 seconds
plan limit 980
current timestep 187
num of flexible agents: 39
num of flexible tasks: 4
Solving time: 0.000395923 seconds
plan limit 980
current timestep 188
num of flexible agents: 41
num of flexible tasks: 6
Solving time: 0.000382637 seconds
plan limit 980
current timestep 189
num of flexible agents: 40
num of flexible tasks: 5
Solving time: 0.000291812 seconds
plan limit 980
current timestep 190
num of flexible agents: 39
num of flexible tasks: 6
Solving time: 0.000390899 seconds
plan limit 980
current timestep 191
num of flexible agents: 42
num of flexible tasks: 8
Solving time: 0.000282005 seconds
plan limit 980
current timestep 192
num of flexible agents: 42
num of flexible tasks: 10
Solving time: 0.000329323 seconds
plan limit 980
current timestep 193
num of flexible agents: 42
num of flexible tasks: 10
Solving time: 0.000283583 seconds
plan limit 980
current timestep 194
num of flexible agents: 42
num of flexible tasks: 9
Solving time: 0.000308654 seconds
plan limit 980
current timestep 195
num of flexible agents: 42
num of flexible tasks: 11
Solving time: 0.000294011 seconds
plan limit 980
current timestep 196
num of flexible agents: 38
num of flexible tasks: 8
Solving time: 0.000425053 seconds
plan limit 980
current timestep 197
num of flexible agents: 37
num of flexible tasks: 7
Solving time: 0.000372316 seconds
plan limit 980
current timestep 198
num of flexible agents: 40
num of flexible tasks: 7
Solving time: 0.000292187 seconds
plan limit 980
current timestep 199
num of flexible agents: 36
num of flexible tasks: 5
Solving time: 0.000395103 seconds
plan limit 980
current timestep 200
num of flexible agents: 34
num of flexible tasks: 5
Solving time: 0.000385616 seconds
plan limit 980
current timestep 201
num of flexible agents: 35
num of flexible tasks: 6
Solving time: 0.000327228 seconds
plan limit 980
current timestep 202
num of flexible agents: 39
num of flexible tasks: 7
Solving time: 0.000417163 seconds
plan limit 980
current timestep 203
num of flexible agents: 42
num of flexible tasks: 9
Solving time: 0.000313894 seconds
plan limit 980
current timestep 204
num of flexible agents: 43
num of flexible tasks: 9
Solving time: 0.000317767 seconds
plan limit 980
current timestep 205
num of flexible agents: 42
num of flexible tasks: 8
Solving time: 0.000297901 seconds
plan limit 980
current timestep 206
num of flexible agents: 40
num of flexible tasks: 8
Solving time: 0.000395074 seconds
plan limit 980
current timestep 207
num of flexible agents: 41
num of flexible tasks: 8
Solving time: 0.000288368 seconds
plan limit 980
current timestep 208
num of flexible agents: 41
num of flexible tasks: 9
Solving time: 0.000420545 seconds
plan limit 980
current timestep 209
num of flexible agents: 41
num of flexible tasks: 8
Solving time: 0.000325377 seconds
plan limit 980
current timestep 210
num of flexible agents: 41
num of flexible tasks: 9
Solving time: 0.000396001 seconds
plan limit 980
current timestep 211
num of flexible agents: 40
num of flexible tasks: 8
Solving time: 0.000293004 seconds
plan limit 980
current timestep 212
num of flexible agents: 40
num of flexible tasks: 10
Solving time: 0.000394409 seconds
plan limit 980
current timestep 213
num of flexible agents: 38
num of flexible tasks: 10
Solving time: 0.000408299 seconds
plan limit 980
current timestep 214
num of flexible agents: 38
num of flexible tasks: 10
Solving time: 0.000342535 seconds
plan limit 980
current timestep 215
num of flexible agents: 39
num of flexible tasks: 11
Solving time: 0.000297766 seconds
plan limit 980
current timestep 216
num of flexible agents: 37
num of flexible tasks: 10
Solving time: 0.000414904 seconds
plan limit 980
current timestep 217
num of flexible agents: 37
num of flexible tasks: 10
Solving time: 0.000376284 seconds
plan limit 980
current timestep 218
num of flexible agents: 40
num of flexible tasks: 11
Solving time: 0.000420847 seconds
plan limit 980
current timestep 219
num of flexible agents: 37
num of flexible tasks: 8
Solving time: 0.000343049 seconds
plan limit 980
current timestep 220
num of flexible agents: 34
num of flexible tasks: 5
Solving time: 0.000387209 seconds
plan limit 980
current timestep 221
num of flexible agents: 36
num of flexible tasks: 6
Solving time: 0.00042033 seconds
plan limit 980
current timestep 222
num of flexible agents: 39
num of flexible tasks: 8
Solving time: 0.000384443 seconds
plan limit 980
current timestep 223
num of flexible agents: 36
num of flexible tasks: 7
Solving time: 0.000384422 seconds
plan limit 980
current timestep 224
num of flexible agents: 35
num of flexible tasks: 7
Solving time: 0.000296948 seconds
plan limit 980
current timestep 225
num of flexible agents: 37
num of flexible tasks: 8
Solving time: 0.000373606 seconds
plan limit 980
current timestep 226
num of flexible agents: 36
num of flexible tasks: 8
Solving time: 0.000278184 seconds
plan limit 980
current timestep 227
num of flexible agents: 38
num of flexible tasks: 9
Solving time: 0.000425791 seconds
plan limit 980
current timestep 228
num of flexible agents: 41
num of flexible tasks: 10
Solving time: 0.000292387 seconds
plan limit 980
current timestep 229
num of flexible agents: 42
num of flexible tasks: 9
Solving time: 0.000396741 seconds
plan limit 980
current timestep 230
num of flexible agents: 39
num of flexible tasks: 8
Solving time: 0.00029101 seconds
plan limit 980
current timestep 231
num of flexible agents: 39
num of flexible tasks: 8
Solving time: 0.000394798 seconds
plan limit 980
current timestep 232
num of flexible agents: 38
num of flexible tasks: 7
Solving time: 0.00038363 seconds
plan limit 980
current timestep 233
num of flexible agents: 37
num of flexible tasks: 7
Solving time: 0.000370914 seconds
plan limit 980
current timestep 234
num of flexible agents: 37
num of flexible tasks: 8
Solving time: 0.000390966 seconds
plan limit 980
current timestep 235
num of flexible agents: 39
num of flexible tasks: 10
Solving time: 0.000305039 seconds
plan limit 980
current timestep 236
num of flexible agents: 35
num of flexible tasks: 6
Solving time: 0.000262108 seconds
plan limit 980
current timestep 237
num of flexible agents: 37
num of flexible tasks: 6
Solving time: 0.000384033 seconds
plan limit 980
current timestep 238
num of flexible agents: 37
num of flexible tasks: 7
Solving time: 0.000335944 seconds
plan limit 980
current timestep 239
num of flexible agents: 37
num of flexible tasks: 8
Solving time: 0.000439638 seconds
plan limit 980
current timestep 240
num of flexible agents: 37
num of flexible tasks: 8
Solving time: 0.000292801 seconds
plan limit 980
current timestep 241
num of flexible agents: 35
num of flexible tasks: 8
Solving time: 0.000469992 seconds
plan limit 980
current timestep 242
num of flexible agents: 35
num of flexible tasks: 7
Solving time: 0.000389832 seconds
plan limit 980
current timestep 243
num of flexible agents: 36
num of flexible tasks: 8
Solving time: 0.000300282 seconds
plan limit 980
current timestep 244
num of flexible agents: 38
num of flexible tasks: 10
Solving time: 0.000292624 seconds
plan limit 980
current timestep 245
num of flexible agents: 38
num of flexible tasks: 10
Solving time: 0.000402196 seconds
plan limit 980
current timestep 246
num of flexible agents: 38
num of flexible tasks: 9
Solving time: 0.000312278 seconds
plan limit 980
current timestep 247
num of flexible agents: 40
num of flexible tasks: 9
Solving time: 0.000258611 seconds
plan limit 980
current timestep 248
num of flexible agents: 39
num of flexible tasks: 8
Solving time: 0.000402803 seconds
plan limit 980
current timestep 249
num of flexible agents: 40
num of flexible tasks: 6
Solving time: 0.000265199 seconds
plan limit 980
current timestep 250
num of flexible agents: 40
num of flexible tasks: 5
Solving time: 0.000353117 seconds
plan limit 980
current timestep 251
num of flexible agents: 38
num of flexible tasks: 3
Solving time: 0.000250955 seconds
plan limit 980
current timestep 252
num of flexible agents: 40
num of flexible tasks: 2
Solving time: 0.000335863 seconds
plan limit 980
current timestep 253
num of flexible agents: 40
num of flexible tasks: 0
Solving time: 0.000318204 seconds
plan limit 980
current timestep 254
num of flexible agents: 41
num of flexible tasks: 0
Solving time: 0.000229414 seconds
plan limit 980
current timestep 255
num of flexible agents: 45
num of flexible tasks: 0
Solving time: 0.000329131 seconds
plan limit 980
current timestep 256
num of flexible agents: 46
num of flexible tasks: 0
Solving time: 0.000221661 seconds
plan limit 980
current timestep 257
num of flexible agents: 49
num of flexible tasks: 0
Solving time: 0.000329476 seconds
plan limit 980
current timestep 258
num of flexible agents: 51
num of flexible tasks: 0
Solving time: 0.000218093 seconds
plan limit 980
current timestep 259
num of flexible agents: 51
num of flexible tasks: 0
Solving time: 0.000313514 seconds
plan limit 980
current timestep 260
num of flexible agents: 53
num of flexible tasks: 0
Solving time: 0.000216659 seconds
plan limit 980
current timestep 261
num of flexible agents: 55
num of flexible tasks: 0
Solving time: 0.00022064 seconds
plan limit 980
current timestep 262
num of flexible agents: 57
num of flexible tasks: 0
Solving time: 0.000303683 seconds
plan limit 980
current timestep 263
num of flexible agents: 57
num of flexible tasks: 0
Solving time: 0.000232174 seconds
plan limit 980
current timestep 264
num of flexible agents: 60
num of flexible tasks: 0
Solving time: 0.000331301 seconds
plan limit 980
current timestep 265
num of flexible agents: 61
num of flexible tasks: 0
Solving time: 0.000212445 seconds
plan limit 980
current timestep 266
num of flexible agents: 63
num of flexible tasks: 0
Solving time: 0.000315058 seconds
plan limit 980
current timestep 267
num of flexible agents: 64
num of flexible tasks: 0
Solving time: 0.000208965 seconds
plan limit 980
current timestep 268
num of flexible agents: 66
num of flexible tasks: 0
Solving time: 0.00029967 seconds
plan limit 980
current timestep 269
num of flexible agents: 68
num of flexible tasks: 0
Solving time: 0.000213984 seconds
plan limit 980
current timestep 270
num of flexible agents: 68
num of flexible tasks: 0
Solving time: 0.000302106 seconds
plan limit 980
current timestep 271
num of flexible agents: 70
num of flexible tasks: 0
Solving time: 0.000216695 seconds
plan limit 980
current timestep 272
num of flexible agents: 70
num of flexible tasks: 0
Solving time: 0.000304482 seconds
plan limit 980
current timestep 273
num of flexible agents: 71
num of flexible tasks: 0
Solving time: 0.000301173 seconds
plan limit 980
current timestep 274
num of flexible agents: 71
num of flexible tasks: 0
Solving time: 0.000302815 seconds
plan limit 980
current timestep 275
num of flexible agents: 71
num of flexible tasks: 0
Solving time: 0.000233827 seconds
plan limit 980
current timestep 276
num of flexible agents: 71
num of flexible tasks: 0
Solving time: 0.000327068 seconds
plan limit 980
current timestep 277
num of flexible agents: 72
num of flexible tasks: 0
Solving time: 0.000229671 seconds
plan limit 980
current timestep 278
num of flexible agents: 72
num of flexible tasks: 0
Solving time: 0.000325527 seconds
plan limit 980
current timestep 279
num of flexible agents: 73
num of flexible tasks: 0
Solving time: 0.000213158 seconds
plan limit 980
current timestep 280
num of flexible agents: 74
num of flexible tasks: 0
Solving time: 0.000309127 seconds
plan limit 980
current timestep 281
num of flexible agents: 74
num of flexible tasks: 0
Solving time: 0.000308845 seconds
plan limit 980
current timestep 282
num of flexible agents: 76
num of flexible tasks: 0
Solving time: 0.000324842 seconds
plan limit 980
current timestep 283
num of flexible agents: 77
num of flexible tasks: 0
Solving time: 0.000231241 seconds
plan limit 980
current timestep 284
num of flexible agents: 78
num of flexible tasks: 0
Solving time: 0.000220507 seconds
plan limit 980
current timestep 285
num of flexible agents: 79
num of flexible tasks: 0
Solving time: 0.000213537 seconds
plan limit 980
current timestep 286
num of flexible agents: 79
num of flexible tasks: 0
Solving time: 0.00024034 seconds
plan limit 980
current timestep 287
num of flexible agents: 79
num of flexible tasks: 0
Solving time: 0.000300011 seconds
plan limit 980
All tasks finished at timestep 288
