current timestep 0
num of flexible agents: 50
num of flexible tasks: 10
Solving time: 0.000559439 seconds
plan limit 980
current timestep 1
num of flexible agents: 47
num of flexible tasks: 17
Solving time: 0.000425515 seconds
plan limit 980
current timestep 2
num of flexible agents: 42
num of flexible tasks: 22
Solving time: 0.000736885 seconds
plan limit 980
current timestep 3
num of flexible agents: 42
num of flexible tasks: 32
Solving time: 0.000530428 seconds
plan limit 980
current timestep 4
num of flexible agents: 42
num of flexible tasks: 42
Solving time: 0.000790582 seconds
plan limit 980
current timestep 5
num of flexible agents: 40
num of flexible tasks: 50
Solving time: 0.000473411 seconds
plan limit 980
current timestep 6
num of flexible agents: 36
num of flexible tasks: 56
Solving time: 0.000578225 seconds
plan limit 980
current timestep 7
num of flexible agents: 29
num of flexible tasks: 57
Solving time: 0.000348433 seconds
plan limit 980
current timestep 8
num of flexible agents: 24
num of flexible tasks: 61
Solving time: 0.000460278 seconds
plan limit 980
current timestep 9
num of flexible agents: 14
num of flexible tasks: 61
Solving time: 0.000314151 seconds
plan limit 980
current timestep 10
num of flexible agents: 9
num of flexible tasks: 66
Solving time: 0.000388344 seconds
plan limit 980
current timestep 11
num of flexible agents: 4
num of flexible tasks: 71
Solving time: 0.000367499 seconds
plan limit 980
current timestep 12
num of flexible agents: 2
num of flexible tasks: 79
Solving time: 0.000888223 seconds
plan limit 979
current timestep 13
num of flexible agents: 3
num of flexible tasks: 88
Solving time: 0.00106388 seconds
plan limit 979
current timestep 14
num of flexible agents: 4
num of flexible tasks: 97
Solving time: 0.000271984 seconds
plan limit 980
current timestep 15
num of flexible agents: 3
num of flexible tasks: 105
Solving time: 0.00105784 seconds
plan limit 979
current timestep 16
num of flexible agents: 4
num of flexible tasks: 114
Solving time: 0.000883419 seconds
plan limit 980
current timestep 17
num of flexible agents: 5
num of flexible tasks: 122
Solving time: 0.000395558 seconds
plan limit 980
current timestep 18
num of flexible agents: 4
num of flexible tasks: 128
Solving time: 0.000892494 seconds
plan limit 980
current timestep 19
num of flexible agents: 5
num of flexible tasks: 136
Solving time: 0.000296998 seconds
plan limit 980
current timestep 20
num of flexible agents: 3
num of flexible tasks: 143
Solving time: 0.000907901 seconds
plan limit 979
current timestep 21
num of flexible agents: 3
num of flexible tasks: 151
Solving time: 0.00103392 seconds
plan limit 979
current timestep 22
num of flexible agents: 2
num of flexible tasks: 159
Solving time: 0.000929643 seconds
plan limit 979
current timestep 23
num of flexible agents: 0
num of flexible tasks: 167
Solving time: 0.000219939 seconds
plan limit 980
current timestep 24
num of flexible agents: 1
num of flexible tasks: 177
Solving time: 0.00083244 seconds
plan limit 980
current timestep 25
num of flexible agents: 1
num of flexible tasks: 186
Solving time: 0.000714116 seconds
plan limit 980
current timestep 26
num of flexible agents: 4
num of flexible tasks: 195
Solving time: 0.00106791 seconds
plan limit 979
current timestep 27
num of flexible agents: 1
num of flexible tasks: 201
Solving time: 0.000660826 seconds
plan limit 980
current timestep 28
num of flexible agents: 0
num of flexible tasks: 210
Solving time: 0.000340494 seconds
plan limit 980
current timestep 29
num of flexible agents: 3
num of flexible tasks: 220
Solving time: 0.0010271 seconds
plan limit 979
current timestep 30
num of flexible agents: 4
num of flexible tasks: 229
Solving time: 0.000893246 seconds
plan limit 979
current timestep 31
num of flexible agents: 2
num of flexible tasks: 236
Solving time: 0.000927168 seconds
plan limit 979
current timestep 32
num of flexible agents: 0
num of flexible tasks: 244
Solving time: 0.000224077 seconds
plan limit 980
current timestep 33
num of flexible agents: 3
num of flexible tasks: 254
Solving time: 0.00100649 seconds
plan limit 979
current timestep 34
num of flexible agents: 3
num of flexible tasks: 262
Solving time: 0.00103155 seconds
plan limit 979
current timestep 35
num of flexible agents: 2
num of flexible tasks: 269
Solving time: 0.000744897 seconds
plan limit 980
current timestep 36
num of flexible agents: 2
num of flexible tasks: 277
Solving time: 0.000753138 seconds
plan limit 980
current timestep 37
num of flexible agents: 1
num of flexible tasks: 285
Solving time: 0.000582467 seconds
plan limit 980
current timestep 38
num of flexible agents: 1
num of flexible tasks: 294
Solving time: 0.0006229 seconds
plan limit 980
current timestep 39
num of flexible agents: 5
num of flexible tasks: 303
Solving time: 0.00107678 seconds
plan limit 979
current timestep 40
num of flexible agents: 3
num of flexible tasks: 309
Solving time: 0.00084866 seconds
plan limit 979
current timestep 41
num of flexible agents: 5
num of flexible tasks: 316
Solving time: 0.00107022 seconds
plan limit 979
current timestep 42
num of flexible agents: 5
num of flexible tasks: 321
Solving time: 0.00091383 seconds
plan limit 979
current timestep 43
num of flexible agents: 2
num of flexible tasks: 327
Solving time: 0.000866703 seconds
plan limit 979
current timestep 44
num of flexible agents: 1
num of flexible tasks: 335
Solving time: 0.000648086 seconds
plan limit 980
current timestep 45
num of flexible agents: 3
num of flexible tasks: 344
Solving time: 0.000991408 seconds
plan limit 979
current timestep 46
num of flexible agents: 1
num of flexible tasks: 351
Solving time: 0.000720414 seconds
plan limit 980
current timestep 47
num of flexible agents: 2
num of flexible tasks: 360
Solving time: 0.000719635 seconds
plan limit 980
current timestep 48
num of flexible agents: 3
num of flexible tasks: 368
Solving time: 0.000814372 seconds
plan limit 980
current timestep 49
num of flexible agents: 1
num of flexible tasks: 375
Solving time: 0.000759146 seconds
plan limit 980
current timestep 50
num of flexible agents: 0
num of flexible tasks: 374
Solving time: 0.000232567 seconds
plan limit 980
current timestep 51
num of flexible agents: 1
num of flexible tasks: 374
Solving time: 0.000722223 seconds
plan limit 980
current timestep 52
num of flexible agents: 5
num of flexible tasks: 373
Solving time: 0.000968775 seconds
plan limit 979
current timestep 53
num of flexible agents: 3
num of flexible tasks: 368
Solving time: 0.000987412 seconds
plan limit 979
current timestep 54
num of flexible agents: 3
num of flexible tasks: 366
Solving time: 0.000811729 seconds
plan limit 980
current timestep 55
num of flexible agents: 2
num of flexible tasks: 363
Solving time: 0.000896513 seconds
plan limit 979
current timestep 56
num of flexible agents: 2
num of flexible tasks: 361
Solving time: 0.000729069 seconds
plan limit 980
current timestep 57
num of flexible agents: 1
num of flexible tasks: 359
Solving time: 0.000730882 seconds
plan limit 980
current timestep 58
num of flexible agents: 1
num of flexible tasks: 359
Solving time: 0.000550779 seconds
plan limit 980
current timestep 59
num of flexible agents: 2
num of flexible tasks: 358
Solving time: 0.000867813 seconds
plan limit 979
current timestep 60
num of flexible agents: 2
num of flexible tasks: 357
Solving time: 0.000725103 seconds
plan limit 980
current timestep 61
num of flexible agents: 0
num of flexible tasks: 355
Solving time: 0.000335762 seconds
plan limit 980
current timestep 62
num of flexible agents: 3
num of flexible tasks: 355
Solving time: 0.000846263 seconds
plan limit 979
current timestep 63
num of flexible agents: 5
num of flexible tasks: 352
Solving time: 0.000882415 seconds
plan limit 979
current timestep 64
num of flexible agents: 3
num of flexible tasks: 348
Solving time: 0.00100644 seconds
plan limit 979
current timestep 65
num of flexible agents: 5
num of flexible tasks: 346
Solving time: 0.000880944 seconds
plan limit 979
current timestep 66
num of flexible agents: 8
num of flexible tasks: 345
Solving time: 0.000466315 seconds
plan limit 980
current timestep 67
num of flexible agents: 4
num of flexible tasks: 340
Solving time: 0.000841838 seconds
plan limit 980
current timestep 68
num of flexible agents: 6
num of flexible tasks: 339
Solving time: 0.000926031 seconds
plan limit 979
current timestep 69
num of flexible agents: 2
num of flexible tasks: 333
Solving time: 0.000906965 seconds
plan limit 979
current timestep 70
num of flexible agents: 4
num of flexible tasks: 331
Solving time: 0.00101502 seconds
plan limit 979
current timestep 71
num of flexible agents: 2
num of flexible tasks: 327
Solving time: 0.000755026 seconds
plan limit 980
current timestep 72
num of flexible agents: 1
num of flexible tasks: 326
Solving time: 0.000435553 seconds
plan limit 980
current timestep 73
num of flexible agents: 3
num of flexible tasks: 326
Solving time: 0.00103308 seconds
plan limit 979
current timestep 74
num of flexible agents: 4
num of flexible tasks: 325
Solving time: 0.000869758 seconds
plan limit 980
current timestep 75
num of flexible agents: 2
num of flexible tasks: 321
Solving time: 0.000890593 seconds
plan limit 979
current timestep 76
num of flexible agents: 2
num of flexible tasks: 319
Solving time: 0.000714391 seconds
plan limit 980
current timestep 77
num of flexible agents: 1
num of flexible tasks: 317
Solving time: 0.000777311 seconds
plan limit 980
current timestep 78
num of flexible agents: 3
num of flexible tasks: 316
Solving time: 0.00086932 seconds
plan limit 979
current timestep 79
num of flexible agents: 1
num of flexible tasks: 313
Solving time: 0.00077494 seconds
plan limit 980
current timestep 80
num of flexible agents: 5
num of flexible tasks: 312
Solving time: 0.000867396 seconds
plan limit 980
current timestep 81
num of flexible agents: 2
num of flexible tasks: 307
Solving time: 0.000737963 seconds
plan limit 980
current timestep 82
num of flexible agents: 4
num of flexible tasks: 305
Solving time: 0.00102944 seconds
plan limit 979
current timestep 83
num of flexible agents: 5
num of flexible tasks: 301
Solving time: 0.000912044 seconds
plan limit 979
current timestep 84
num of flexible agents: 3
num of flexible tasks: 296
Solving time: 0.000988564 seconds
plan limit 979
current timestep 85
num of flexible agents: 2
num of flexible tasks: 294
Solving time: 0.000724418 seconds
plan limit 980
current timestep 86
num of flexible agents: 1
num of flexible tasks: 292
Solving time: 0.000792043 seconds
plan limit 980
current timestep 87
num of flexible agents: 1
num of flexible tasks: 291
Solving time: 0.00066227 seconds
plan limit 980
current timestep 88
num of flexible agents: 1
num of flexible tasks: 290
Solving time: 0.000770005 seconds
plan limit 980
current timestep 89
num of flexible agents: 3
num of flexible tasks: 289
Solving time: 0.000827413 seconds
plan limit 980
current timestep 90
num of flexible agents: 2
num of flexible tasks: 286
Solving time: 0.000735078 seconds
plan limit 980
current timestep 91
num of flexible agents: 0
num of flexible tasks: 284
Solving time: 0.000344039 seconds
plan limit 980
current timestep 92
num of flexible agents: 5
num of flexible tasks: 284
Solving time: 0.000902367 seconds
plan limit 979
current timestep 93
num of flexible agents: 1
num of flexible tasks: 279
Solving time: 0.000805485 seconds
plan limit 980
current timestep 94
num of flexible agents: 2
num of flexible tasks: 278
Solving time: 0.000739426 seconds
plan limit 980
current timestep 95
num of flexible agents: 3
num of flexible tasks: 276
Solving time: 0.000997136 seconds
plan limit 979
current timestep 96
num of flexible agents: 2
num of flexible tasks: 273
Solving time: 0.000739446 seconds
plan limit 980
current timestep 97
num of flexible agents: 2
num of flexible tasks: 271
Solving time: 0.000916232 seconds
plan limit 979
current timestep 98
num of flexible agents: 4
num of flexible tasks: 270
Solving time: 0.000836136 seconds
plan limit 980
current timestep 99
num of flexible agents: 3
num of flexible tasks: 266
Solving time: 0.000985033 seconds
plan limit 979
current timestep 100
num of flexible agents: 0
num of flexible tasks: 263
Solving time: 0.000229834 seconds
plan limit 980
current timestep 101
num of flexible agents: 0
num of flexible tasks: 263
Solving time: 0.000240176 seconds
plan limit 980
current timestep 102
num of flexible agents: 5
num of flexible tasks: 263
Solving time: 0.00106497 seconds
plan limit 979
current timestep 103
num of flexible agents: 4
num of flexible tasks: 259
Solving time: 0.000840383 seconds
plan limit 980
current timestep 104
num of flexible agents: 6
num of flexible tasks: 257
Solving time: 0.00106397 seconds
plan limit 979
current timestep 105
num of flexible agents: 2
num of flexible tasks: 252
Solving time: 0.00093175 seconds
plan limit 979
current timestep 106
num of flexible agents: 1
num of flexible tasks: 251
Solving time: 0.000414027 seconds
plan limit 980
current timestep 107
num of flexible agents: 6
num of flexible tasks: 251
Solving time: 0.00108467 seconds
plan limit 979
current timestep 108
num of flexible agents: 1
num of flexible tasks: 246
Solving time: 0.000325628 seconds
plan limit 980
current timestep 109
num of flexible agents: 4
num of flexible tasks: 245
Solving time: 0.00100526 seconds
plan limit 979
current timestep 110
num of flexible agents: 2
num of flexible tasks: 241
Solving time: 0.000777252 seconds
plan limit 980
current timestep 111
num of flexible agents: 2
num of flexible tasks: 239
Solving time: 0.00092439 seconds
plan limit 979
current timestep 112
num of flexible agents: 1
num of flexible tasks: 238
Solving time: 0.000312475 seconds
plan limit 980
current timestep 113
num of flexible agents: 4
num of flexible tasks: 238
Solving time: 0.000829499 seconds
plan limit 980
current timestep 114
num of flexible agents: 3
num of flexible tasks: 236
Solving time: 0.000985064 seconds
plan limit 979
current timestep 115
num of flexible agents: 3
num of flexible tasks: 234
Solving time: 0.000801899 seconds
plan limit 980
current timestep 116
num of flexible agents: 6
num of flexible tasks: 233
Solving time: 0.00106576 seconds
plan limit 979
current timestep 117
num of flexible agents: 8
num of flexible tasks: 229
Solving time: 0.000306807 seconds
plan limit 980
current timestep 118
num of flexible agents: 9
num of flexible tasks: 225
Solving time: 0.000441582 seconds
plan limit 980
current timestep 119
num of flexible agents: 5
num of flexible tasks: 220
Solving time: 0.000871687 seconds
plan limit 980
current timestep 120
num of flexible agents: 6
num of flexible tasks: 217
Solving time: 0.000946404 seconds
plan limit 979
current timestep 121
num of flexible agents: 4
num of flexible tasks: 213
Solving time: 0.00100639 seconds
plan limit 979
current timestep 122
num of flexible agents: 2
num of flexible tasks: 209
Solving time: 0.000790053 seconds
plan limit 980
current timestep 123
num of flexible agents: 7
num of flexible tasks: 208
Solving time: 0.000464492 seconds
plan limit 980
current timestep 124
num of flexible agents: 4
num of flexible tasks: 204
Solving time: 0.000830653 seconds
plan limit 980
current timestep 125
num of flexible agents: 8
num of flexible tasks: 204
Solving time: 0.000446636 seconds
plan limit 980
current timestep 126
num of flexible agents: 5
num of flexible tasks: 198
Solving time: 0.000875787 seconds
plan limit 980
current timestep 127
num of flexible agents: 7
num of flexible tasks: 197
Solving time: 0.000461256 seconds
plan limit 980
current timestep 128
num of flexible agents: 2
num of flexible tasks: 192
Solving time: 0.000794061 seconds
plan limit 980
current timestep 129
num of flexible agents: 4
num of flexible tasks: 192
Solving time: 0.00102736 seconds
plan limit 979
current timestep 130
num of flexible agents: 5
num of flexible tasks: 190
Solving time: 0.00103057 seconds
plan limit 979
current timestep 131
num of flexible agents: 3
num of flexible tasks: 186
Solving time: 0.000951175 seconds
plan limit 979
current timestep 132
num of flexible agents: 3
num of flexible tasks: 185
Solving time: 0.00100482 seconds
plan limit 979
current timestep 133
num of flexible agents: 6
num of flexible tasks: 184
Solving time: 0.000317236 seconds
plan limit 980
current timestep 134
num of flexible agents: 3
num of flexible tasks: 180
Solving time: 0.0010223 seconds
plan limit 979
current timestep 135
num of flexible agents: 6
num of flexible tasks: 178
Solving time: 0.000447145 seconds
plan limit 980
current timestep 136
num of flexible agents: 2
num of flexible tasks: 174
Solving time: 0.00082026 seconds
plan limit 980
current timestep 137
num of flexible agents: 2
num of flexible tasks: 173
Solving time: 0.000790927 seconds
plan limit 980
current timestep 138
num of flexible agents: 1
num of flexible tasks: 172
Solving time: 0.000817838 seconds
plan limit 980
current timestep 139
num of flexible agents: 2
num of flexible tasks: 171
Solving time: 0.000865507 seconds
plan limit 979
current timestep 140
num of flexible agents: 2
num of flexible tasks: 169
Solving time: 0.000996438 seconds
plan limit 979
current timestep 141
num of flexible agents: 8
num of flexible tasks: 169
Solving time: 0.000462435 seconds
plan limit 980
current timestep 142
num of flexible agents: 8
num of flexible tasks: 166
Solving time: 0.000310226 seconds
plan limit 980
current timestep 143
num of flexible agents: 7
num of flexible tasks: 163
Solving time: 0.000345533 seconds
plan limit 980
current timestep 144
num of flexible agents: 6
num of flexible tasks: 160
Solving time: 0.000277899 seconds
plan limit 980
current timestep 145
num of flexible agents: 1
num of flexible tasks: 155
Solving time: 0.000820328 seconds
plan limit 980
current timestep 146
num of flexible agents: 4
num of flexible tasks: 155
Solving time: 0.00089476 seconds
plan limit 979
current timestep 147
num of flexible agents: 3
num of flexible tasks: 152
Solving time: 0.000958318 seconds
plan limit 979
current timestep 148
num of flexible agents: 3
num of flexible tasks: 150
Solving time: 0.000805879 seconds
plan limit 980
current timestep 149
num of flexible agents: 3
num of flexible tasks: 149
Solving time: 0.000987687 seconds
plan limit 979
current timestep 150
num of flexible agents: 3
num of flexible tasks: 148
Solving time: 0.00081069 seconds
plan limit 980
current timestep 151
num of flexible agents: 5
num of flexible tasks: 147
Solving time: 0.0010676 seconds
plan limit 979
current timestep 152
num of flexible agents: 8
num of flexible tasks: 145
Solving time: 0.000332619 seconds
plan limit 980
current timestep 153
num of flexible agents: 7
num of flexible tasks: 143
Solving time: 0.000455611 seconds
plan limit 980
current timestep 154
num of flexible agents: 6
num of flexible tasks: 140
Solving time: 0.000335778 seconds
plan limit 980
current timestep 155
num of flexible agents: 7
num of flexible tasks: 138
Solving time: 0.0004274 seconds
plan limit 980
current timestep 156
num of flexible agents: 5
num of flexible tasks: 134
Solving time: 0.000886901 seconds
plan limit 980
current timestep 157
num of flexible agents: 8
num of flexible tasks: 133
Solving time: 0.00031736 seconds
plan limit 980
current timestep 158
num of flexible agents: 5
num of flexible tasks: 129
Solving time: 0.00105035 seconds
plan limit 979
current timestep 159
num of flexible agents: 7
num of flexible tasks: 128
Solving time: 0.000416496 seconds
plan limit 980
current timestep 160
num of flexible agents: 6
num of flexible tasks: 126
Solving time: 0.000338546 seconds
plan limit 980
current timestep 161
num of flexible agents: 3
num of flexible tasks: 123
Solving time: 0.000995944 seconds
plan limit 979
current timestep 162
num of flexible agents: 4
num of flexible tasks: 121
Solving time: 0.000898971 seconds
plan limit 979
current timestep 163
num of flexible agents: 6
num of flexible tasks: 119
Solving time: 0.000430237 seconds
plan limit 980
current timestep 164
num of flexible agents: 2
num of flexible tasks: 115
Solving time: 0.000831922 seconds
plan limit 980
current timestep 165
num of flexible agents: 2
num of flexible tasks: 114
Solving time: 0.000959645 seconds
plan limit 979
current timestep 166
num of flexible agents: 4
num of flexible tasks: 114
Solving time: 0.000853039 seconds
plan limit 980
current timestep 167
num of flexible agents: 4
num of flexible tasks: 113
Solving time: 0.000861364 seconds
plan limit 980
current timestep 168
num of flexible agents: 4
num of flexible tasks: 111
Solving time: 0.000856223 seconds
plan limit 980
current timestep 169
num of flexible agents: 3
num of flexible tasks: 108
Solving time: 0.000836875 seconds
plan limit 980
current timestep 170
num of flexible agents: 5
num of flexible tasks: 108
Solving time: 0.00106585 seconds
plan limit 979
current timestep 171
num of flexible agents: 5
num of flexible tasks: 105
Solving time: 0.000875132 seconds
plan limit 980
current timestep 172
num of flexible agents: 4
num of flexible tasks: 102
Solving time: 0.00107174 seconds
plan limit 979
current timestep 173
num of flexible agents: 3
num of flexible tasks: 99
Solving time: 0.000862058 seconds
plan limit 980
current timestep 174
num of flexible agents: 3
num of flexible tasks: 99
Solving time: 0.00103899 seconds
plan limit 979
current timestep 175
num of flexible agents: 8
num of flexible tasks: 99
Solving time: 0.000318876 seconds
plan limit 980
current timestep 176
num of flexible agents: 6
num of flexible tasks: 96
Solving time: 0.000458591 seconds
plan limit 980
current timestep 177
num of flexible agents: 4
num of flexible tasks: 94
Solving time: 0.000908037 seconds
plan limit 979
current timestep 178
num of flexible agents: 7
num of flexible tasks: 93
Solving time: 0.000419947 seconds
plan limit 980
current timestep 179
num of flexible agents: 9
num of flexible tasks: 91
Solving time: 0.000328244 seconds
plan limit 980
current timestep 180
num of flexible agents: 7
num of flexible tasks: 87
Solving time: 0.000455422 seconds
plan limit 980
current timestep 181
num of flexible agents: 8
num of flexible tasks: 85
Solving time: 0.000457406 seconds
plan limit 980
current timestep 182
num of flexible agents: 8
num of flexible tasks: 83
Solving time: 0.000318814 seconds
plan limit 980
current timestep 183
num of flexible agents: 9
num of flexible tasks: 82
Solving time: 0.000468184 seconds
plan limit 980
current timestep 184
num of flexible agents: 5
num of flexible tasks: 77
Solving time: 0.000330486 seconds
plan limit 980
current timestep 185
num of flexible agents: 6
num of flexible tasks: 76
Solving time: 0.000412811 seconds
plan limit 980
current timestep 186
num of flexible agents: 6
num of flexible tasks: 75
Solving time: 0.000266859 seconds
plan limit 980
current timestep 187
num of flexible agents: 6
num of flexible tasks: 74
Solving time: 0.000332072 seconds
plan limit 980
current timestep 188
num of flexible agents: 11
num of flexible tasks: 73
Solving time: 0.000450183 seconds
plan limit 980
current timestep 189
num of flexible agents: 8
num of flexible tasks: 67
Solving time: 0.000306461 seconds
plan limit 980
current timestep 190
num of flexible agents: 5
num of flexible tasks: 63
Solving time: 0.000332451 seconds
plan limit 980
current timestep 191
num of flexible agents: 7
num of flexible tasks: 63
Solving time: 0.000446096 seconds
plan limit 980
current timestep 192
num of flexible agents: 7
num of flexible tasks: 61
Solving time: 0.000318512 seconds
plan limit 980
current timestep 193
num of flexible agents: 8
num of flexible tasks: 59
Solving time: 0.000505133 seconds
plan limit 980
current timestep 194
num of flexible agents: 9
num of flexible tasks: 58
Solving time: 0.000341352 seconds
plan limit 980
current timestep 195
num of flexible agents: 11
num of flexible tasks: 57
Solving time: 0.000337205 seconds
plan limit 980
current timestep 196
num of flexible agents: 12
num of flexible tasks: 53
Solving time: 0.000333376 seconds
plan limit 980
current timestep 197
num of flexible agents: 15
num of flexible tasks: 51
Solving time: 0.000542468 seconds
plan limit 980
current timestep 198
num of flexible agents: 12
num of flexible tasks: 47
Solving time: 0.000348628 seconds
plan limit 980
current timestep 199
num of flexible agents: 11
num of flexible tasks: 44
Solving time: 0.000539671 seconds
plan limit 980
current timestep 200
num of flexible agents: 10
num of flexible tasks: 43
Solving time: 0.000350677 seconds
plan limit 980
current timestep 201
num of flexible agents: 9
num of flexible tasks: 41
Solving time: 0.000525137 seconds
plan limit 980
current timestep 202
num of flexible agents: 10
num of flexible tasks: 41
Solving time: 0.000467789 seconds
plan limit 980
current timestep 203
num of flexible agents: 10
num of flexible tasks: 38
Solving time: 0.000339678 seconds
plan limit 980
current timestep 204
num of flexible agents: 9
num of flexible tasks: 36
Solving time: 0.00050469 seconds
plan limit 980
current timestep 205
num of flexible agents: 11
num of flexible tasks: 36
Solving time: 0.000349118 seconds
plan limit 980
current timestep 206
num of flexible agents: 13
num of flexible tasks: 36
Solving time: 0.000495455 seconds
plan limit 980
current timestep 207
num of flexible agents: 12
num of flexible tasks: 34
Solving time: 0.000377024 seconds
plan limit 980
current timestep 208
num of flexible agents: 11
num of flexible tasks: 32
Solving time: 0.000512077 seconds
plan limit 980
current timestep 209
num of flexible agents: 16
num of flexible tasks: 32
Solving time: 0.00035285 seconds
plan limit 980
current timestep 210
num of flexible agents: 17
num of flexible tasks: 30
Solving time: 0.000413396 seconds
plan limit 980
current timestep 211
num of flexible agents: 15
num of flexible tasks: 27
Solving time: 0.000394802 seconds
plan limit 980
current timestep 212
num of flexible agents: 15
num of flexible tasks: 25
Solving time: 0.000572819 seconds
plan limit 980
current timestep 213
num of flexible agents: 16
num of flexible tasks: 25
Solving time: 0.0004068 seconds
plan limit 980
current timestep 214
num of flexible agents: 15
num of flexible tasks: 23
Solving time: 0.000594096 seconds
plan limit 980
current timestep 215
num of flexible agents: 14
num of flexible tasks: 22
Solving time: 0.000414425 seconds
plan limit 980
current timestep 216
num of flexible agents: 11
num of flexible tasks: 19
Solving time: 0.000586668 seconds
plan limit 980
current timestep 217
num of flexible agents: 11
num of flexible tasks: 19
Solving time: 0.000425799 seconds
plan limit 980
current timestep 218
num of flexible agents: 14
num of flexible tasks: 17
Solving time: 0.000649851 seconds
plan limit 980
current timestep 219
num of flexible agents: 13
num of flexible tasks: 14
Solving time: 0.000443082 seconds
plan limit 980
current timestep 220
num of flexible agents: 14
num of flexible tasks: 14
Solving time: 0.000472811 seconds
plan limit 980
current timestep 221
num of flexible agents: 18
num of flexible tasks: 13
Solving time: 0.000600166 seconds
plan limit 980
current timestep 222
num of flexible agents: 19
num of flexible tasks: 13
Solving time: 0.000567853 seconds
plan limit 980
current timestep 223
num of flexible agents: 19
num of flexible tasks: 11
Solving time: 0.000387992 seconds
plan limit 980
current timestep 224
num of flexible agents: 22
num of flexible tasks: 11
Solving time: 0.000493863 seconds
plan limit 980
current timestep 225
num of flexible agents: 23
num of flexible tasks: 11
Solving time: 0.000335271 seconds
plan limit 980
current timestep 226
num of flexible agents: 21
num of flexible tasks: 9
Solving time: 0.000494317 seconds
plan limit 980
current timestep 227
num of flexible agents: 23
num of flexible tasks: 9
Solving time: 0.000310854 seconds
plan limit 980
current timestep 228
num of flexible agents: 23
num of flexible tasks: 8
Solving time: 0.000433774 seconds
plan limit 980
current timestep 229
num of flexible agents: 26
num of flexible tasks: 7
Solving time: 0.000322002 seconds
plan limit 980
current timestep 230
num of flexible agents: 27
num of flexible tasks: 7
Solving time: 0.000266963 seconds
plan limit 980
current timestep 231
num of flexible agents: 26
num of flexible tasks: 6
Solving time: 0.000383038 seconds
plan limit 980
current timestep 232
num of flexible agents: 26
num of flexible tasks: 5
Solving time: 0.000261653 seconds
plan limit 980
current timestep 233
num of flexible agents: 26
num of flexible tasks: 4
Solving time: 0.000376037 seconds
plan limit 980
current timestep 234
num of flexible agents: 27
num of flexible tasks: 4
Solving time: 0.000271911 seconds
plan limit 980
current timestep 235
num of flexible agents: 27
num of flexible tasks: 4
Solving time: 0.000251447 seconds
plan limit 980
current timestep 236
num of flexible agents: 28
num of flexible tasks: 3
Solving time: 0.000383202 seconds
plan limit 980
current timestep 237
num of flexible agents: 29
num of flexible tasks: 3
Solving time: 0.000250137 seconds
plan limit 980
current timestep 238
num of flexible agents: 28
num of flexible tasks: 2
Solving time: 0.00112715 seconds
plan limit 979
current timestep 239
num of flexible agents: 30
num of flexible tasks: 2
Solving time: 0.00094059 seconds
plan limit 979
current timestep 240
num of flexible agents: 32
num of flexible tasks: 2
Solving time: 0.00113648 seconds
plan limit 979
current timestep 241
num of flexible agents: 31
num of flexible tasks: 1
Solving time: 0.000233862 seconds
plan limit 980
current timestep 242
num of flexible agents: 33
num of flexible tasks: 1
Solving time: 0.000238093 seconds
plan limit 980
current timestep 243
num of flexible agents: 34
num of flexible tasks: 0
Solving time: 0.000325342 seconds
plan limit 980
current timestep 244
num of flexible agents: 35
num of flexible tasks: 0
Solving time: 0.000209115 seconds
plan limit 980
current timestep 245
num of flexible agents: 37
num of flexible tasks: 0
Solving time: 0.000315953 seconds
plan limit 980
current timestep 246
num of flexible agents: 38
num of flexible tasks: 0
Solving time: 0.000215821 seconds
plan limit 980
current timestep 247
num of flexible agents: 40
num of flexible tasks: 0
Solving time: 0.000306907 seconds
plan limit 980
current timestep 248
num of flexible agents: 42
num of flexible tasks: 0
Solving time: 0.000215629 seconds
plan limit 980
current timestep 249
num of flexible agents: 43
num of flexible tasks: 0
Solving time: 0.000215105 seconds
plan limit 980
current timestep 250
num of flexible agents: 43
num of flexible tasks: 0
Solving time: 0.000309717 seconds
plan limit 980
current timestep 251
num of flexible agents: 44
num of flexible tasks: 0
Solving time: 0.000236069 seconds
plan limit 980
current timestep 252
num of flexible agents: 45
num of flexible tasks: 0
Solving time: 0.000324462 seconds
plan limit 980
current timestep 253
num of flexible agents: 46
num of flexible tasks: 0
Solving time: 0.000210332 seconds
plan limit 980
current timestep 254
num of flexible agents: 46
num of flexible tasks: 0
Solving time: 0.000317406 seconds
plan limit 980
current timestep 255
num of flexible agents: 46
num of flexible tasks: 0
Solving time: 0.000234883 seconds
plan limit 980
current timestep 256
num of flexible agents: 46
num of flexible tasks: 0
Solving time: 0.000316012 seconds
plan limit 980
current timestep 257
num of flexible agents: 46
num of flexible tasks: 0
Solving time: 0.000216581 seconds
plan limit 980
current timestep 258
num of flexible agents: 46
num of flexible tasks: 0
Solving time: 0.000314362 seconds
plan limit 980
current timestep 259
num of flexible agents: 46
num of flexible tasks: 0
Solving time: 0.00021055 seconds
plan limit 980
current timestep 260
num of flexible agents: 46
num of flexible tasks: 0
Solving time: 0.000306612 seconds
plan limit 980
current timestep 261
num of flexible agents: 47
num of flexible tasks: 0
Solving time: 0.000211289 seconds
plan limit 980
current timestep 262
num of flexible agents: 47
num of flexible tasks: 0
Solving time: 0.000217132 seconds
plan limit 980
current timestep 263
num of flexible agents: 47
num of flexible tasks: 0
Solving time: 0.000233539 seconds
plan limit 980
current timestep 264
num of flexible agents: 47
num of flexible tasks: 0
Solving time: 0.000323156 seconds
plan limit 980
current timestep 265
num of flexible agents: 47
num of flexible tasks: 0
Solving time: 0.00021299 seconds
plan limit 980
current timestep 266
num of flexible agents: 47
num of flexible tasks: 0
Solving time: 0.00031426 seconds
plan limit 980
current timestep 267
num of flexible agents: 48
num of flexible tasks: 0
Solving time: 0.000216015 seconds
plan limit 980
current timestep 268
num of flexible agents: 48
num of flexible tasks: 0
Solving time: 0.000329998 seconds
plan limit 980
current timestep 269
num of flexible agents: 48
num of flexible tasks: 0
Solving time: 0.00023732 seconds
plan limit 980
current timestep 270
num of flexible agents: 48
num of flexible tasks: 0
Solving time: 0.000324394 seconds
plan limit 980
current timestep 271
num of flexible agents: 48
num of flexible tasks: 0
Solving time: 0.000213521 seconds
plan limit 980
current timestep 272
num of flexible agents: 49
num of flexible tasks: 0
Solving time: 0.000216869 seconds
plan limit 980
current timestep 273
num of flexible agents: 49
num of flexible tasks: 0
Solving time: 0.000226403 seconds
plan limit 980
All tasks finished at timestep 274
