current timestep 0
num of flexible agents: 100
num of flexible tasks: 10
Solving time: 0.000483414 seconds
plan limit 980
current timestep 1
num of flexible agents: 96
num of flexible tasks: 16
Solving time: 0.000376149 seconds
plan limit 980
current timestep 2
num of flexible agents: 93
num of flexible tasks: 23
Solving time: 0.000641013 seconds
plan limit 980
current timestep 3
num of flexible agents: 84
num of flexible tasks: 24
Solving time: 0.000472561 seconds
plan limit 980
current timestep 4
num of flexible agents: 79
num of flexible tasks: 29
Solving time: 0.000510869 seconds
plan limit 980
current timestep 5
num of flexible agents: 77
num of flexible tasks: 37
Solving time: 0.000557148 seconds
plan limit 980
current timestep 6
num of flexible agents: 74
num of flexible tasks: 44
Solving time: 0.000730981 seconds
plan limit 980
current timestep 7
num of flexible agents: 68
num of flexible tasks: 48
Solving time: 0.000637219 seconds
plan limit 980
current timestep 8
num of flexible agents: 59
num of flexible tasks: 49
Solving time: 0.000857857 seconds
plan limit 980
current timestep 9
num of flexible agents: 53
num of flexible tasks: 53
Solving time: 0.000708269 seconds
plan limit 980
current timestep 10
num of flexible agents: 52
num of flexible tasks: 61
Solving time: 0.00057372 seconds
plan limit 980
current timestep 11
num of flexible agents: 44
num of flexible tasks: 63
Solving time: 0.00063017 seconds
plan limit 980
current timestep 12
num of flexible agents: 34
num of flexible tasks: 62
Solving time: 0.000400684 seconds
plan limit 980
current timestep 13
num of flexible agents: 27
num of flexible tasks: 64
Solving time: 0.00036601 seconds
plan limit 980
current timestep 14
num of flexible agents: 21
num of flexible tasks: 67
Solving time: 0.000332759 seconds
plan limit 980
current timestep 15
num of flexible agents: 19
num of flexible tasks: 73
Solving time: 0.000340687 seconds
plan limit 980
current timestep 16
num of flexible agents: 14
num of flexible tasks: 77
Solving time: 0.000335207 seconds
plan limit 980
current timestep 17
num of flexible agents: 12
num of flexible tasks: 83
Solving time: 0.000322036 seconds
plan limit 980
current timestep 18
num of flexible agents: 10
num of flexible tasks: 91
Solving time: 0.000443586 seconds
plan limit 980
current timestep 19
num of flexible agents: 10
num of flexible tasks: 97
Solving time: 0.000289478 seconds
plan limit 980
current timestep 20
num of flexible agents: 4
num of flexible tasks: 101
Solving time: 0.000389838 seconds
plan limit 980
current timestep 21
num of flexible agents: 5
num of flexible tasks: 109
Solving time: 0.000280678 seconds
plan limit 980
current timestep 22
num of flexible agents: 5
num of flexible tasks: 117
Solving time: 0.000416417 seconds
plan limit 980
current timestep 23
num of flexible agents: 4
num of flexible tasks: 124
Solving time: 0.00043073 seconds
plan limit 980
current timestep 24
num of flexible agents: 3
num of flexible tasks: 131
Solving time: 0.00039625 seconds
plan limit 980
current timestep 25
num of flexible agents: 2
num of flexible tasks: 138
Solving time: 0.000821146 seconds
plan limit 980
current timestep 26
num of flexible agents: 3
num of flexible tasks: 146
Solving time: 0.000403249 seconds
plan limit 980
current timestep 27
num of flexible agents: 3
num of flexible tasks: 155
Solving time: 0.000276206 seconds
plan limit 980
current timestep 28
num of flexible agents: 6
num of flexible tasks: 163
Solving time: 0.000418066 seconds
plan limit 980
current timestep 29
num of flexible agents: 8
num of flexible tasks: 169
Solving time: 0.000313434 seconds
plan limit 980
current timestep 30
num of flexible agents: 6
num of flexible tasks: 174
Solving time: 0.000394771 seconds
plan limit 980
current timestep 31
num of flexible agents: 5
num of flexible tasks: 180
Solving time: 0.000283961 seconds
plan limit 980
current timestep 32
num of flexible agents: 7
num of flexible tasks: 188
Solving time: 0.000447949 seconds
plan limit 980
current timestep 33
num of flexible agents: 6
num of flexible tasks: 193
Solving time: 0.000405545 seconds
plan limit 980
current timestep 34
num of flexible agents: 8
num of flexible tasks: 200
Solving time: 0.000297977 seconds
plan limit 980
current timestep 35
num of flexible agents: 9
num of flexible tasks: 204
Solving time: 0.000430705 seconds
plan limit 980
current timestep 36
num of flexible agents: 6
num of flexible tasks: 208
Solving time: 0.000421524 seconds
plan limit 980
current timestep 37
num of flexible agents: 5
num of flexible tasks: 213
Solving time: 0.000314904 seconds
plan limit 980
current timestep 38
num of flexible agents: 10
num of flexible tasks: 222
Solving time: 0.000449977 seconds
plan limit 980
current timestep 39
num of flexible agents: 10
num of flexible tasks: 226
Solving time: 0.000330238 seconds
plan limit 980
current timestep 40
num of flexible agents: 10
num of flexible tasks: 228
Solving time: 0.000463366 seconds
plan limit 980
current timestep 41
num of flexible agents: 6
num of flexible tasks: 231
Solving time: 0.000329553 seconds
plan limit 980
current timestep 42
num of flexible agents: 7
num of flexible tasks: 239
Solving time: 0.000476593 seconds
plan limit 980
current timestep 43
num of flexible agents: 5
num of flexible tasks: 244
Solving time: 0.0010741 seconds
plan limit 979
current timestep 44
num of flexible agents: 4
num of flexible tasks: 249
Solving time: 0.000829959 seconds
plan limit 980
current timestep 45
num of flexible agents: 7
num of flexible tasks: 257
Solving time: 0.000429776 seconds
plan limit 980
current timestep 46
num of flexible agents: 5
num of flexible tasks: 262
Solving time: 0.000925066 seconds
plan limit 979
current timestep 47
num of flexible agents: 8
num of flexible tasks: 269
Solving time: 0.000464276 seconds
plan limit 980
current timestep 48
num of flexible agents: 6
num of flexible tasks: 275
Solving time: 0.000316012 seconds
plan limit 980
current timestep 49
num of flexible agents: 5
num of flexible tasks: 280
Solving time: 0.00109413 seconds
plan limit 979
current timestep 50
num of flexible agents: 6
num of flexible tasks: 277
Solving time: 0.000340065 seconds
plan limit 980
current timestep 51
num of flexible agents: 7
num of flexible tasks: 272
Solving time: 0.000329849 seconds
plan limit 980
current timestep 52
num of flexible agents: 7
num of flexible tasks: 268
Solving time: 0.000432341 seconds
plan limit 980
current timestep 53
num of flexible agents: 6
num of flexible tasks: 265
Solving time: 0.000470279 seconds
plan limit 980
current timestep 54
num of flexible agents: 8
num of flexible tasks: 263
Solving time: 0.000313437 seconds
plan limit 980
current timestep 55
num of flexible agents: 8
num of flexible tasks: 258
Solving time: 0.000315593 seconds
plan limit 980
current timestep 56
num of flexible agents: 10
num of flexible tasks: 252
Solving time: 0.0004604 seconds
plan limit 980
current timestep 57
num of flexible agents: 6
num of flexible tasks: 243
Solving time: 0.000298154 seconds
plan limit 980
current timestep 58
num of flexible agents: 5
num of flexible tasks: 239
Solving time: 0.000930887 seconds
plan limit 979
current timestep 59
num of flexible agents: 5
num of flexible tasks: 236
Solving time: 0.000929772 seconds
plan limit 979
current timestep 60
num of flexible agents: 6
num of flexible tasks: 233
Solving time: 0.000437646 seconds
plan limit 980
current timestep 61
num of flexible agents: 5
num of flexible tasks: 230
Solving time: 0.00092362 seconds
plan limit 979
current timestep 62
num of flexible agents: 6
num of flexible tasks: 227
Solving time: 0.000452704 seconds
plan limit 980
current timestep 63
num of flexible agents: 6
num of flexible tasks: 225
Solving time: 0.000480939 seconds
plan limit 980
current timestep 64
num of flexible agents: 9
num of flexible tasks: 222
Solving time: 0.000328793 seconds
plan limit 980
current timestep 65
num of flexible agents: 13
num of flexible tasks: 219
Solving time: 0.000481163 seconds
plan limit 980
current timestep 66
num of flexible agents: 9
num of flexible tasks: 212
Solving time: 0.000332509 seconds
plan limit 980
current timestep 67
num of flexible agents: 13
num of flexible tasks: 208
Solving time: 0.000483873 seconds
plan limit 980
current timestep 68
num of flexible agents: 8
num of flexible tasks: 200
Solving time: 0.000348357 seconds
plan limit 980
current timestep 69
num of flexible agents: 8
num of flexible tasks: 197
Solving time: 0.000456829 seconds
plan limit 980
current timestep 70
num of flexible agents: 7
num of flexible tasks: 194
Solving time: 0.000326148 seconds
plan limit 980
current timestep 71
num of flexible agents: 5
num of flexible tasks: 191
Solving time: 0.000327203 seconds
plan limit 980
current timestep 72
num of flexible agents: 8
num of flexible tasks: 189
Solving time: 0.000292082 seconds
plan limit 980
current timestep 73
num of flexible agents: 7
num of flexible tasks: 185
Solving time: 0.0003113 seconds
plan limit 980
current timestep 74
num of flexible agents: 11
num of flexible tasks: 183
Solving time: 0.000450478 seconds
plan limit 980
current timestep 75
num of flexible agents: 11
num of flexible tasks: 181
Solving time: 0.00031509 seconds
plan limit 980
current timestep 76
num of flexible agents: 12
num of flexible tasks: 176
Solving time: 0.000464485 seconds
plan limit 980
current timestep 77
num of flexible agents: 13
num of flexible tasks: 175
Solving time: 0.000304194 seconds
plan limit 980
current timestep 78
num of flexible agents: 12
num of flexible tasks: 171
Solving time: 0.000303731 seconds
plan limit 980
current timestep 79
num of flexible agents: 13
num of flexible tasks: 168
Solving time: 0.000306391 seconds
plan limit 980
current timestep 80
num of flexible agents: 8
num of flexible tasks: 162
Solving time: 0.000448255 seconds
plan limit 980
current timestep 81
num of flexible agents: 9
num of flexible tasks: 161
Solving time: 0.000296659 seconds
plan limit 980
current timestep 82
num of flexible agents: 9
num of flexible tasks: 158
Solving time: 0.000300661 seconds
plan limit 980
current timestep 83
num of flexible agents: 10
num of flexible tasks: 155
Solving time: 0.000443669 seconds
plan limit 980
current timestep 84
num of flexible agents: 13
num of flexible tasks: 152
Solving time: 0.000325079 seconds
plan limit 980
current timestep 85
num of flexible agents: 13
num of flexible tasks: 150
Solving time: 0.00034584 seconds
plan limit 980
current timestep 86
num of flexible agents: 17
num of flexible tasks: 149
Solving time: 0.000325571 seconds
plan limit 980
current timestep 87
num of flexible agents: 18
num of flexible tasks: 145
Solving time: 0.000479842 seconds
plan limit 980
current timestep 88
num of flexible agents: 14
num of flexible tasks: 138
Solving time: 0.00032531 seconds
plan limit 980
current timestep 89
num of flexible agents: 18
num of flexible tasks: 136
Solving time: 0.000359207 seconds
plan limit 980
current timestep 90
num of flexible agents: 17
num of flexible tasks: 131
Solving time: 0.000471051 seconds
plan limit 980
current timestep 91
num of flexible agents: 16
num of flexible tasks: 128
Solving time: 0.00046507 seconds
plan limit 980
current timestep 92
num of flexible agents: 16
num of flexible tasks: 123
Solving time: 0.00032797 seconds
plan limit 980
current timestep 93
num of flexible agents: 16
num of flexible tasks: 119
Solving time: 0.00047968 seconds
plan limit 980
current timestep 94
num of flexible agents: 16
num of flexible tasks: 114
Solving time: 0.000351364 seconds
plan limit 980
current timestep 95
num of flexible agents: 12
num of flexible tasks: 107
Solving time: 0.000452485 seconds
plan limit 980
current timestep 96
num of flexible agents: 13
num of flexible tasks: 102
Solving time: 0.000326431 seconds
plan limit 980
current timestep 97
num of flexible agents: 13
num of flexible tasks: 98
Solving time: 0.000326102 seconds
plan limit 980
current timestep 98
num of flexible agents: 15
num of flexible tasks: 94
Solving time: 0.000464766 seconds
plan limit 980
current timestep 99
num of flexible agents: 10
num of flexible tasks: 88
Solving time: 0.000343767 seconds
plan limit 980
current timestep 100
num of flexible agents: 12
num of flexible tasks: 85
Solving time: 0.000482205 seconds
plan limit 980
current timestep 101
num of flexible agents: 9
num of flexible tasks: 80
Solving time: 0.000345662 seconds
plan limit 980
current timestep 102
num of flexible agents: 14
num of flexible tasks: 79
Solving time: 0.000321148 seconds
plan limit 980
current timestep 103
num of flexible agents: 15
num of flexible tasks: 77
Solving time: 0.000483233 seconds
plan limit 980
current timestep 104
num of flexible agents: 12
num of flexible tasks: 73
Solving time: 0.000318583 seconds
plan limit 980
current timestep 105
num of flexible agents: 14
num of flexible tasks: 71
Solving time: 0.000491786 seconds
plan limit 980
current timestep 106
num of flexible agents: 15
num of flexible tasks: 69
Solving time: 0.000509936 seconds
plan limit 980
current timestep 107
num of flexible agents: 16
num of flexible tasks: 67
Solving time: 0.000362922 seconds
plan limit 980
current timestep 108
num of flexible agents: 19
num of flexible tasks: 65
Solving time: 0.000350767 seconds
plan limit 980
current timestep 109
num of flexible agents: 20
num of flexible tasks: 63
Solving time: 0.00052444 seconds
plan limit 980
current timestep 110
num of flexible agents: 21
num of flexible tasks: 62
Solving time: 0.000386976 seconds
plan limit 980
current timestep 111
num of flexible agents: 23
num of flexible tasks: 58
Solving time: 0.000581664 seconds
plan limit 980
current timestep 112
num of flexible agents: 28
num of flexible tasks: 54
Solving time: 0.000449551 seconds
plan limit 980
current timestep 113
num of flexible agents: 31
num of flexible tasks: 53
Solving time: 0.00061344 seconds
plan limit 980
current timestep 114
num of flexible agents: 33
num of flexible tasks: 52
Solving time: 0.000477726 seconds
plan limit 980
current timestep 115
num of flexible agents: 35
num of flexible tasks: 49
Solving time: 0.000455147 seconds
plan limit 980
current timestep 116
num of flexible agents: 36
num of flexible tasks: 46
Solving time: 0.000490109 seconds
plan limit 980
current timestep 117
num of flexible agents: 38
num of flexible tasks: 43
Solving time: 0.000821738 seconds
plan limit 980
current timestep 118
num of flexible agents: 39
num of flexible tasks: 39
Solving time: 0.000668298 seconds
plan limit 980
current timestep 119
num of flexible agents: 42
num of flexible tasks: 38
Solving time: 0.000819845 seconds
plan limit 980
current timestep 120
num of flexible agents: 45
num of flexible tasks: 35
Solving time: 0.000551467 seconds
plan limit 980
current timestep 121
num of flexible agents: 44
num of flexible tasks: 32
Solving time: 0.000718537 seconds
plan limit 980
current timestep 122
num of flexible agents: 43
num of flexible tasks: 28
Solving time: 0.00048628 seconds
plan limit 980
current timestep 123
num of flexible agents: 44
num of flexible tasks: 26
Solving time: 0.000652633 seconds
plan limit 980
current timestep 124
num of flexible agents: 47
num of flexible tasks: 26
Solving time: 0.000406384 seconds
plan limit 980
current timestep 125
num of flexible agents: 53
num of flexible tasks: 24
Solving time: 0.000539243 seconds
plan limit 980
current timestep 126
num of flexible agents: 51
num of flexible tasks: 21
Solving time: 0.000395314 seconds
plan limit 980
current timestep 127
num of flexible agents: 53
num of flexible tasks: 19
Solving time: 0.000349821 seconds
plan limit 980
current timestep 128
num of flexible agents: 53
num of flexible tasks: 18
Solving time: 0.000514091 seconds
plan limit 980
current timestep 129
num of flexible agents: 55
num of flexible tasks: 17
Solving time: 0.000357455 seconds
plan limit 980
current timestep 130
num of flexible agents: 56
num of flexible tasks: 13
Solving time: 0.000455998 seconds
plan limit 980
current timestep 131
num of flexible agents: 54
num of flexible tasks: 11
Solving time: 0.000417199 seconds
plan limit 980
current timestep 132
num of flexible agents: 57
num of flexible tasks: 11
Solving time: 0.000330271 seconds
plan limit 980
current timestep 133
num of flexible agents: 55
num of flexible tasks: 9
Solving time: 0.000267152 seconds
plan limit 980
current timestep 134
num of flexible agents: 57
num of flexible tasks: 7
Solving time: 0.0002569 seconds
plan limit 980
current timestep 135
num of flexible agents: 59
num of flexible tasks: 6
Solving time: 0.000230483 seconds
plan limit 980
current timestep 136
num of flexible agents: 59
num of flexible tasks: 5
Solving time: 0.000343329 seconds
plan limit 980
current timestep 137
num of flexible agents: 57
num of flexible tasks: 2
Solving time: 0.000231109 seconds
plan limit 980
current timestep 138
num of flexible agents: 58
num of flexible tasks: 1
Solving time: 0.000317201 seconds
plan limit 980
current timestep 139
num of flexible agents: 61
num of flexible tasks: 1
Solving time: 0.000241782 seconds
plan limit 980
current timestep 140
num of flexible agents: 60
num of flexible tasks: 0
Solving time: 0.000309595 seconds
plan limit 980
current timestep 141
num of flexible agents: 61
num of flexible tasks: 0
Solving time: 0.00021029 seconds
plan limit 980
current timestep 142
num of flexible agents: 66
num of flexible tasks: 0
Solving time: 0.000223042 seconds
plan limit 980
current timestep 143
num of flexible agents: 67
num of flexible tasks: 0
Solving time: 0.000307994 seconds
plan limit 980
current timestep 144
num of flexible agents: 70
num of flexible tasks: 0
Solving time: 0.000238144 seconds
plan limit 980
current timestep 145
num of flexible agents: 74
num of flexible tasks: 0
Solving time: 0.000214409 seconds
plan limit 980
current timestep 146
num of flexible agents: 76
num of flexible tasks: 0
Solving time: 0.00021063 seconds
plan limit 980
current timestep 147
num of flexible agents: 78
num of flexible tasks: 0
Solving time: 0.000220303 seconds
plan limit 980
current timestep 148
num of flexible agents: 78
num of flexible tasks: 0
Solving time: 0.000293436 seconds
plan limit 980
current timestep 149
num of flexible agents: 81
num of flexible tasks: 0
Solving time: 0.00022995 seconds
plan limit 980
current timestep 150
num of flexible agents: 84
num of flexible tasks: 0
Solving time: 0.000292752 seconds
plan limit 980
current timestep 151
num of flexible agents: 85
num of flexible tasks: 0
Solving time: 0.000206305 seconds
plan limit 980
current timestep 152
num of flexible agents: 85
num of flexible tasks: 0
Solving time: 0.000299595 seconds
plan limit 980
current timestep 153
num of flexible agents: 86
num of flexible tasks: 0
Solving time: 0.000209965 seconds
plan limit 980
current timestep 154
num of flexible agents: 86
num of flexible tasks: 0
Solving time: 0.000287438 seconds
plan limit 980
current timestep 155
num of flexible agents: 86
num of flexible tasks: 0
Solving time: 0.000194593 seconds
plan limit 980
current timestep 156
num of flexible agents: 87
num of flexible tasks: 0
Solving time: 0.00030263 seconds
plan limit 980
current timestep 157
num of flexible agents: 89
num of flexible tasks: 0
Solving time: 0.000208951 seconds
plan limit 980
current timestep 158
num of flexible agents: 90
num of flexible tasks: 0
Solving time: 0.00028339 seconds
plan limit 980
current timestep 159
num of flexible agents: 92
num of flexible tasks: 0
Solving time: 0.000199513 seconds
plan limit 980
current timestep 160
num of flexible agents: 92
num of flexible tasks: 0
Solving time: 0.000312808 seconds
plan limit 980
current timestep 161
num of flexible agents: 93
num of flexible tasks: 0
Solving time: 0.000221374 seconds
plan limit 980
current timestep 162
num of flexible agents: 93
num of flexible tasks: 0
Solving time: 0.000296143 seconds
plan limit 980
current timestep 163
num of flexible agents: 94
num of flexible tasks: 0
Solving time: 0.000244999 seconds
plan limit 980
current timestep 164
num of flexible agents: 94
num of flexible tasks: 0
Solving time: 0.000298416 seconds
plan limit 980
current timestep 165
num of flexible agents: 94
num of flexible tasks: 0
Solving time: 0.000311914 seconds
plan limit 980
current timestep 166
num of flexible agents: 94
num of flexible tasks: 0
Solving time: 0.000210495 seconds
plan limit 980
current timestep 167
num of flexible agents: 94
num of flexible tasks: 0
Solving time: 0.000290853 seconds
plan limit 980
current timestep 168
num of flexible agents: 95
num of flexible tasks: 0
Solving time: 0.000207672 seconds
plan limit 980
current timestep 169
num of flexible agents: 95
num of flexible tasks: 0
Solving time: 0.000216807 seconds
plan limit 980
current timestep 170
num of flexible agents: 96
num of flexible tasks: 0
Solving time: 0.000319219 seconds
plan limit 980
current timestep 171
num of flexible agents: 96
num of flexible tasks: 0
Solving time: 0.000197832 seconds
plan limit 980
current timestep 172
num of flexible agents: 96
num of flexible tasks: 0
Solving time: 0.000303497 seconds
plan limit 980
current timestep 173
num of flexible agents: 96
num of flexible tasks: 0
Solving time: 0.00021041 seconds
plan limit 980
current timestep 174
num of flexible agents: 97
num of flexible tasks: 0
Solving time: 0.000217181 seconds
plan limit 980
current timestep 175
num of flexible agents: 98
num of flexible tasks: 0
Solving time: 0.00030636 seconds
plan limit 980
current timestep 176
num of flexible agents: 99
num of flexible tasks: 0
Solving time: 0.000293967 seconds
plan limit 980
current timestep 177
num of flexible agents: 99
num of flexible tasks: 0
Solving time: 0.00019858 seconds
plan limit 980
current timestep 178
num of flexible agents: 99
num of flexible tasks: 0
Solving time: 0.000295243 seconds
plan limit 980
current timestep 179
num of flexible agents: 99
num of flexible tasks: 0
Solving time: 0.000215107 seconds
plan limit 980
current timestep 180
num of flexible agents: 99
num of flexible tasks: 0
Solving time: 0.000214265 seconds
plan limit 980
current timestep 181
num of flexible agents: 99
num of flexible tasks: 0
Solving time: 0.000314279 seconds
plan limit 980
current timestep 182
num of flexible agents: 99
num of flexible tasks: 0
Solving time: 0.000304385 seconds
plan limit 980
current timestep 183
num of flexible agents: 99
num of flexible tasks: 0
Solving time: 0.000315975 seconds
plan limit 980
current timestep 184
num of flexible agents: 99
num of flexible tasks: 0
Solving time: 0.000212561 seconds
plan limit 980
All tasks finished at timestep 185
