current timestep 0
num of flexible agents: 80
num of flexible tasks: 5
Solving time: 0.000491651 seconds
plan limit 980
current timestep 1
num of flexible agents: 79
num of flexible tasks: 9
Solving time: 0.000354936 seconds
plan limit 980
current timestep 2
num of flexible agents: 77
num of flexible tasks: 12
Solving time: 0.000312527 seconds
plan limit 980
current timestep 3
num of flexible agents: 75
num of flexible tasks: 15
Solving time: 0.000355042 seconds
plan limit 980
current timestep 4
num of flexible agents: 72
num of flexible tasks: 17
Solving time: 0.000528401 seconds
plan limit 980
current timestep 5
num of flexible agents: 71
num of flexible tasks: 21
Solving time: 0.000404251 seconds
plan limit 980
current timestep 6
num of flexible agents: 67
num of flexible tasks: 22
Solving time: 0.000441347 seconds
plan limit 980
current timestep 7
num of flexible agents: 63
num of flexible tasks: 23
Solving time: 0.00045424 seconds
plan limit 980
current timestep 8
num of flexible agents: 60
num of flexible tasks: 25
Solving time: 0.000687729 seconds
plan limit 980
current timestep 9
num of flexible agents: 56
num of flexible tasks: 26
Solving time: 0.000490435 seconds
plan limit 980
current timestep 10
num of flexible agents: 53
num of flexible tasks: 27
Solving time: 0.000698828 seconds
plan limit 980
current timestep 11
num of flexible agents: 51
num of flexible tasks: 29
Solving time: 0.000481803 seconds
plan limit 980
current timestep 12
num of flexible agents: 49
num of flexible tasks: 31
Solving time: 0.00051648 seconds
plan limit 980
current timestep 13
num of flexible agents: 46
num of flexible tasks: 33
Solving time: 0.000701297 seconds
plan limit 980
current timestep 14
num of flexible agents: 43
num of flexible tasks: 35
Solving time: 0.000890864 seconds
plan limit 979
current timestep 15
num of flexible agents: 38
num of flexible tasks: 35
Solving time: 0.000648538 seconds
plan limit 980
current timestep 16
num of flexible agents: 34
num of flexible tasks: 36
Solving time: 0.000861767 seconds
plan limit 980
current timestep 17
num of flexible agents: 32
num of flexible tasks: 38
Solving time: 0.000595725 seconds
plan limit 980
current timestep 18
num of flexible agents: 33
num of flexible tasks: 43
Solving time: 0.000787054 seconds
plan limit 980
current timestep 19
num of flexible agents: 30
num of flexible tasks: 44
Solving time: 0.000714894 seconds
plan limit 980
current timestep 20
num of flexible agents: 26
num of flexible tasks: 44
Solving time: 0.000514014 seconds
plan limit 980
current timestep 21
num of flexible agents: 26
num of flexible tasks: 47
Solving time: 0.000555327 seconds
plan limit 980
current timestep 22
num of flexible agents: 20
num of flexible tasks: 46
Solving time: 0.000528963 seconds
plan limit 980
current timestep 23
num of flexible agents: 12
num of flexible tasks: 42
Solving time: 0.00032554 seconds
plan limit 980
current timestep 24
num of flexible agents: 14
num of flexible tasks: 46
Solving time: 0.000483986 seconds
plan limit 980
current timestep 25
num of flexible agents: 11
num of flexible tasks: 46
Solving time: 0.000438902 seconds
plan limit 980
current timestep 26
num of flexible agents: 11
num of flexible tasks: 50
Solving time: 0.000309195 seconds
plan limit 980
current timestep 27
num of flexible agents: 11
num of flexible tasks: 53
Solving time: 0.000455549 seconds
plan limit 980
current timestep 28
num of flexible agents: 13
num of flexible tasks: 58
Solving time: 0.000308942 seconds
plan limit 980
current timestep 29
num of flexible agents: 11
num of flexible tasks: 58
Solving time: 0.000450692 seconds
plan limit 980
current timestep 30
num of flexible agents: 10
num of flexible tasks: 60
Solving time: 0.000293563 seconds
plan limit 980
current timestep 31
num of flexible agents: 12
num of flexible tasks: 64
Solving time: 0.000288128 seconds
plan limit 980
current timestep 32
num of flexible agents: 9
num of flexible tasks: 63
Solving time: 0.000411662 seconds
plan limit 980
current timestep 33
num of flexible agents: 8
num of flexible tasks: 65
Solving time: 0.000414984 seconds
plan limit 980
current timestep 34
num of flexible agents: 9
num of flexible tasks: 69
Solving time: 0.000297126 seconds
plan limit 980
current timestep 35
num of flexible agents: 8
num of flexible tasks: 69
Solving time: 0.000408052 seconds
plan limit 980
current timestep 36
num of flexible agents: 6
num of flexible tasks: 69
Solving time: 0.000405698 seconds
plan limit 980
current timestep 37
num of flexible agents: 6
num of flexible tasks: 73
Solving time: 0.000292281 seconds
plan limit 980
current timestep 38
num of flexible agents: 8
num of flexible tasks: 78
Solving time: 0.000430244 seconds
plan limit 980
current timestep 39
num of flexible agents: 10
num of flexible tasks: 82
Solving time: 0.000285726 seconds
plan limit 980
current timestep 40
num of flexible agents: 12
num of flexible tasks: 83
Solving time: 0.000443285 seconds
plan limit 980
current timestep 41
num of flexible agents: 10
num of flexible tasks: 85
Solving time: 0.00045502 seconds
plan limit 980
current timestep 42
num of flexible agents: 10
num of flexible tasks: 89
Solving time: 0.000439184 seconds
plan limit 980
current timestep 43
num of flexible agents: 11
num of flexible tasks: 90
Solving time: 0.000292002 seconds
plan limit 980
current timestep 44
num of flexible agents: 8
num of flexible tasks: 90
Solving time: 0.000292651 seconds
plan limit 980
current timestep 45
num of flexible agents: 7
num of flexible tasks: 90
Solving time: 0.000282871 seconds
plan limit 980
current timestep 46
num of flexible agents: 10
num of flexible tasks: 92
Solving time: 0.000446364 seconds
plan limit 980
current timestep 47
num of flexible agents: 7
num of flexible tasks: 92
Solving time: 0.000434501 seconds
plan limit 980
current timestep 48
num of flexible agents: 8
num of flexible tasks: 96
Solving time: 0.000417328 seconds
plan limit 980
current timestep 49
num of flexible agents: 11
num of flexible tasks: 98
Solving time: 0.000301809 seconds
plan limit 980
current timestep 50
num of flexible agents: 9
num of flexible tasks: 97
Solving time: 0.000419011 seconds
plan limit 980
current timestep 51
num of flexible agents: 4
num of flexible tasks: 96
Solving time: 0.000851954 seconds
plan limit 980
current timestep 52
num of flexible agents: 4
num of flexible tasks: 98
Solving time: 0.00103602 seconds
plan limit 979
current timestep 53
num of flexible agents: 7
num of flexible tasks: 102
Solving time: 0.000448508 seconds
plan limit 980
current timestep 54
num of flexible agents: 6
num of flexible tasks: 106
Solving time: 0.000299644 seconds
plan limit 980
current timestep 55
num of flexible agents: 6
num of flexible tasks: 110
Solving time: 0.000386536 seconds
plan limit 980
current timestep 56
num of flexible agents: 6
num of flexible tasks: 111
Solving time: 0.000295652 seconds
plan limit 980
current timestep 57
num of flexible agents: 6
num of flexible tasks: 113
Solving time: 0.000429124 seconds
plan limit 980
current timestep 58
num of flexible agents: 8
num of flexible tasks: 116
Solving time: 0.000305861 seconds
plan limit 980
current timestep 59
num of flexible agents: 7
num of flexible tasks: 118
Solving time: 0.000430179 seconds
plan limit 980
current timestep 60
num of flexible agents: 10
num of flexible tasks: 119
Solving time: 0.000306515 seconds
plan limit 980
current timestep 61
num of flexible agents: 8
num of flexible tasks: 118
Solving time: 0.000328648 seconds
plan limit 980
current timestep 62
num of flexible agents: 8
num of flexible tasks: 120
Solving time: 0.000440951 seconds
plan limit 980
current timestep 63
num of flexible agents: 9
num of flexible tasks: 122
Solving time: 0.000470605 seconds
plan limit 980
current timestep 64
num of flexible agents: 15
num of flexible tasks: 125
Solving time: 0.000327843 seconds
plan limit 980
current timestep 65
num of flexible agents: 13
num of flexible tasks: 123
Solving time: 0.000315994 seconds
plan limit 980
current timestep 66
num of flexible agents: 10
num of flexible tasks: 123
Solving time: 0.000456784 seconds
plan limit 980
current timestep 67
num of flexible agents: 6
num of flexible tasks: 122
Solving time: 0.000331021 seconds
plan limit 980
current timestep 68
num of flexible agents: 8
num of flexible tasks: 123
Solving time: 0.000292822 seconds
plan limit 980
current timestep 69
num of flexible agents: 3
num of flexible tasks: 121
Solving time: 0.000881862 seconds
plan limit 980
current timestep 70
num of flexible agents: 4
num of flexible tasks: 125
Solving time: 0.00104663 seconds
plan limit 979
current timestep 71
num of flexible agents: 6
num of flexible tasks: 129
Solving time: 0.00030522 seconds
plan limit 980
current timestep 72
num of flexible agents: 6
num of flexible tasks: 132
Solving time: 0.000411885 seconds
plan limit 980
current timestep 73
num of flexible agents: 6
num of flexible tasks: 135
Solving time: 0.000300987 seconds
plan limit 980
current timestep 74
num of flexible agents: 5
num of flexible tasks: 136
Solving time: 0.00104612 seconds
plan limit 979
current timestep 75
num of flexible agents: 6
num of flexible tasks: 138
Solving time: 0.000322177 seconds
plan limit 980
current timestep 76
num of flexible agents: 9
num of flexible tasks: 140
Solving time: 0.000442445 seconds
plan limit 980
current timestep 77
num of flexible agents: 6
num of flexible tasks: 140
Solving time: 0.000311025 seconds
plan limit 980
current timestep 78
num of flexible agents: 2
num of flexible tasks: 141
Solving time: 0.00103267 seconds
plan limit 979
current timestep 79
num of flexible agents: 6
num of flexible tasks: 146
Solving time: 0.000319437 seconds
plan limit 980
current timestep 80
num of flexible agents: 3
num of flexible tasks: 147
Solving time: 0.00105213 seconds
plan limit 979
current timestep 81
num of flexible agents: 4
num of flexible tasks: 150
Solving time: 0.000877985 seconds
plan limit 980
current timestep 82
num of flexible agents: 5
num of flexible tasks: 152
Solving time: 0.00104286 seconds
plan limit 979
current timestep 83
num of flexible agents: 8
num of flexible tasks: 155
Solving time: 0.000332016 seconds
plan limit 980
current timestep 84
num of flexible agents: 7
num of flexible tasks: 155
Solving time: 0.000440019 seconds
plan limit 980
current timestep 85
num of flexible agents: 7
num of flexible tasks: 157
Solving time: 0.000316283 seconds
plan limit 980
current timestep 86
num of flexible agents: 9
num of flexible tasks: 160
Solving time: 0.000305454 seconds
plan limit 980
current timestep 87
num of flexible agents: 5
num of flexible tasks: 158
Solving time: 0.000880742 seconds
plan limit 979
current timestep 88
num of flexible agents: 4
num of flexible tasks: 160
Solving time: 0.00107303 seconds
plan limit 979
current timestep 89
num of flexible agents: 4
num of flexible tasks: 164
Solving time: 0.000886454 seconds
plan limit 980
current timestep 90
num of flexible agents: 7
num of flexible tasks: 168
Solving time: 0.000453319 seconds
plan limit 980
current timestep 91
num of flexible agents: 3
num of flexible tasks: 168
Solving time: 0.000856348 seconds
plan limit 980
current timestep 92
num of flexible agents: 3
num of flexible tasks: 173
Solving time: 0.00104177 seconds
plan limit 979
current timestep 93
num of flexible agents: 5
num of flexible tasks: 176
Solving time: 0.000848879 seconds
plan limit 980
current timestep 94
num of flexible agents: 3
num of flexible tasks: 177
Solving time: 0.00104419 seconds
plan limit 979
current timestep 95
num of flexible agents: 4
num of flexible tasks: 180
Solving time: 0.000920252 seconds
plan limit 979
current timestep 96
num of flexible agents: 7
num of flexible tasks: 183
Solving time: 0.000464603 seconds
plan limit 980
current timestep 97
num of flexible agents: 10
num of flexible tasks: 185
Solving time: 0.000326843 seconds
plan limit 980
current timestep 98
num of flexible agents: 11
num of flexible tasks: 188
Solving time: 0.00045692 seconds
plan limit 980
current timestep 99
num of flexible agents: 13
num of flexible tasks: 188
Solving time: 0.000356627 seconds
plan limit 980
current timestep 100
num of flexible agents: 15
num of flexible tasks: 184
Solving time: 0.000322961 seconds
plan limit 980
current timestep 101
num of flexible agents: 6
num of flexible tasks: 172
Solving time: 0.0003206 seconds
plan limit 980
current timestep 102
num of flexible agents: 5
num of flexible tasks: 168
Solving time: 0.00104664 seconds
plan limit 979
current timestep 103
num of flexible agents: 7
num of flexible tasks: 166
Solving time: 0.000446719 seconds
plan limit 980
current timestep 104
num of flexible agents: 10
num of flexible tasks: 163
Solving time: 0.000332523 seconds
plan limit 980
current timestep 105
num of flexible agents: 8
num of flexible tasks: 158
Solving time: 0.000321547 seconds
plan limit 980
current timestep 106
num of flexible agents: 9
num of flexible tasks: 156
Solving time: 0.0004673 seconds
plan limit 980
current timestep 107
num of flexible agents: 10
num of flexible tasks: 154
Solving time: 0.000330444 seconds
plan limit 980
current timestep 108
num of flexible agents: 10
num of flexible tasks: 150
Solving time: 0.000469824 seconds
plan limit 980
current timestep 109
num of flexible agents: 11
num of flexible tasks: 146
Solving time: 0.000474084 seconds
plan limit 980
current timestep 110
num of flexible agents: 11
num of flexible tasks: 143
Solving time: 0.000336902 seconds
plan limit 980
current timestep 111
num of flexible agents: 9
num of flexible tasks: 137
Solving time: 0.000487081 seconds
plan limit 980
current timestep 112
num of flexible agents: 9
num of flexible tasks: 134
Solving time: 0.000340653 seconds
plan limit 980
current timestep 113
num of flexible agents: 6
num of flexible tasks: 129
Solving time: 0.00044376 seconds
plan limit 980
current timestep 114
num of flexible agents: 6
num of flexible tasks: 127
Solving time: 0.000304658 seconds
plan limit 980
current timestep 115
num of flexible agents: 8
num of flexible tasks: 126
Solving time: 0.000461395 seconds
plan limit 980
current timestep 116
num of flexible agents: 8
num of flexible tasks: 123
Solving time: 0.000330817 seconds
plan limit 980
current timestep 117
num of flexible agents: 10
num of flexible tasks: 119
Solving time: 0.000345362 seconds
plan limit 980
current timestep 118
num of flexible agents: 8
num of flexible tasks: 114
Solving time: 0.000314214 seconds
plan limit 980
current timestep 119
num of flexible agents: 5
num of flexible tasks: 111
Solving time: 0.00105738 seconds
plan limit 979
current timestep 120
num of flexible agents: 12
num of flexible tasks: 111
Solving time: 0.000332729 seconds
plan limit 980
current timestep 121
num of flexible agents: 12
num of flexible tasks: 107
Solving time: 0.000485403 seconds
plan limit 980
current timestep 122
num of flexible agents: 15
num of flexible tasks: 104
Solving time: 0.000352764 seconds
plan limit 980
current timestep 123
num of flexible agents: 16
num of flexible tasks: 102
Solving time: 0.000342618 seconds
plan limit 980
current timestep 124
num of flexible agents: 16
num of flexible tasks: 99
Solving time: 0.000488384 seconds
plan limit 980
current timestep 125
num of flexible agents: 14
num of flexible tasks: 95
Solving time: 0.000312133 seconds
plan limit 980
current timestep 126
num of flexible agents: 15
num of flexible tasks: 94
Solving time: 0.000488648 seconds
plan limit 980
current timestep 127
num of flexible agents: 14
num of flexible tasks: 89
Solving time: 0.000366553 seconds
plan limit 980
current timestep 128
num of flexible agents: 13
num of flexible tasks: 84
Solving time: 0.000339648 seconds
plan limit 980
current timestep 129
num of flexible agents: 13
num of flexible tasks: 81
Solving time: 0.00048407 seconds
plan limit 980
current timestep 130
num of flexible agents: 14
num of flexible tasks: 78
Solving time: 0.000349697 seconds
plan limit 980
current timestep 131
num of flexible agents: 14
num of flexible tasks: 75
Solving time: 0.000457179 seconds
plan limit 980
current timestep 132
num of flexible agents: 12
num of flexible tasks: 71
Solving time: 0.000345276 seconds
plan limit 980
current timestep 133
num of flexible agents: 15
num of flexible tasks: 71
Solving time: 0.000483051 seconds
plan limit 980
current timestep 134
num of flexible agents: 12
num of flexible tasks: 66
Solving time: 0.000328989 seconds
plan limit 980
current timestep 135
num of flexible agents: 11
num of flexible tasks: 64
Solving time: 0.000496859 seconds
plan limit 980
current timestep 136
num of flexible agents: 12
num of flexible tasks: 62
Solving time: 0.000341752 seconds
plan limit 980
current timestep 137
num of flexible agents: 14
num of flexible tasks: 62
Solving time: 0.000348735 seconds
plan limit 980
current timestep 138
num of flexible agents: 16
num of flexible tasks: 61
Solving time: 0.000341047 seconds
plan limit 980
current timestep 139
num of flexible agents: 16
num of flexible tasks: 58
Solving time: 0.000534182 seconds
plan limit 980
current timestep 140
num of flexible agents: 18
num of flexible tasks: 57
Solving time: 0.000363771 seconds
plan limit 980
current timestep 141
num of flexible agents: 18
num of flexible tasks: 55
Solving time: 0.000366983 seconds
plan limit 980
current timestep 142
num of flexible agents: 22
num of flexible tasks: 53
Solving time: 0.000400209 seconds
plan limit 980
current timestep 143
num of flexible agents: 25
num of flexible tasks: 51
Solving time: 0.000600511 seconds
plan limit 980
current timestep 144
num of flexible agents: 28
num of flexible tasks: 50
Solving time: 0.000391474 seconds
plan limit 980
current timestep 145
num of flexible agents: 25
num of flexible tasks: 45
Solving time: 0.00061375 seconds
plan limit 980
current timestep 146
num of flexible agents: 26
num of flexible tasks: 44
Solving time: 0.000408688 seconds
plan limit 980
current timestep 147
num of flexible agents: 28
num of flexible tasks: 42
Solving time: 0.000650645 seconds
plan limit 980
current timestep 148
num of flexible agents: 28
num of flexible tasks: 39
Solving time: 0.000652851 seconds
plan limit 980
current timestep 149
num of flexible agents: 30
num of flexible tasks: 38
Solving time: 0.000726318 seconds
plan limit 980
current timestep 150
num of flexible agents: 31
num of flexible tasks: 37
Solving time: 0.000500029 seconds
plan limit 980
current timestep 151
num of flexible agents: 29
num of flexible tasks: 34
Solving time: 0.00050851 seconds
plan limit 980
current timestep 152
num of flexible agents: 30
num of flexible tasks: 31
Solving time: 0.000743868 seconds
plan limit 980
current timestep 153
num of flexible agents: 30
num of flexible tasks: 30
Solving time: 0.000545846 seconds
plan limit 980
current timestep 154
num of flexible agents: 32
num of flexible tasks: 27
Solving time: 0.000482431 seconds
plan limit 980
current timestep 155
num of flexible agents: 31
num of flexible tasks: 25
Solving time: 0.000644921 seconds
plan limit 980
current timestep 156
num of flexible agents: 27
num of flexible tasks: 20
Solving time: 0.000442088 seconds
plan limit 980
current timestep 157
num of flexible agents: 28
num of flexible tasks: 19
Solving time: 0.000563884 seconds
plan limit 980
current timestep 158
num of flexible agents: 32
num of flexible tasks: 19
Solving time: 0.000330722 seconds
plan limit 980
current timestep 159
num of flexible agents: 32
num of flexible tasks: 16
Solving time: 0.000409814 seconds
plan limit 980
current timestep 160
num of flexible agents: 28
num of flexible tasks: 9
Solving time: 0.00028518 seconds
plan limit 980
current timestep 161
num of flexible agents: 30
num of flexible tasks: 9
Solving time: 0.000379343 seconds
plan limit 980
current timestep 162
num of flexible agents: 27
num of flexible tasks: 5
Solving time: 0.000250678 seconds
plan limit 980
current timestep 163
num of flexible agents: 29
num of flexible tasks: 3
Solving time: 0.000387447 seconds
plan limit 980
current timestep 164
num of flexible agents: 31
num of flexible tasks: 3
Solving time: 0.000247841 seconds
plan limit 980
current timestep 165
num of flexible agents: 34
num of flexible tasks: 2
Solving time: 0.000220609 seconds
plan limit 980
current timestep 166
num of flexible agents: 39
num of flexible tasks: 2
Solving time: 0.000216646 seconds
plan limit 980
current timestep 167
num of flexible agents: 41
num of flexible tasks: 2
Solving time: 0.000312626 seconds
plan limit 980
current timestep 168
num of flexible agents: 44
num of flexible tasks: 0
Solving time: 0.000206071 seconds
plan limit 980
current timestep 169
num of flexible agents: 46
num of flexible tasks: 0
Solving time: 0.000313603 seconds
plan limit 980
current timestep 170
num of flexible agents: 49
num of flexible tasks: 0
Solving time: 0.000313262 seconds
plan limit 980
current timestep 171
num of flexible agents: 52
num of flexible tasks: 0
Solving time: 0.000208665 seconds
plan limit 980
current timestep 172
num of flexible agents: 55
num of flexible tasks: 0
Solving time: 0.000317164 seconds
plan limit 980
current timestep 173
num of flexible agents: 58
num of flexible tasks: 0
Solving time: 0.000211629 seconds
plan limit 980
current timestep 174
num of flexible agents: 59
num of flexible tasks: 0
Solving time: 0.000320431 seconds
plan limit 980
current timestep 175
num of flexible agents: 59
num of flexible tasks: 0
Solving time: 0.000296049 seconds
plan limit 980
current timestep 176
num of flexible agents: 61
num of flexible tasks: 0
Solving time: 0.000203742 seconds
plan limit 980
current timestep 177
num of flexible agents: 66
num of flexible tasks: 0
Solving time: 0.000299677 seconds
plan limit 980
current timestep 178
num of flexible agents: 67
num of flexible tasks: 0
Solving time: 0.000215158 seconds
plan limit 980
current timestep 179
num of flexible agents: 71
num of flexible tasks: 0
Solving time: 0.000305986 seconds
plan limit 980
current timestep 180
num of flexible agents: 72
num of flexible tasks: 0
Solving time: 0.000200439 seconds
plan limit 980
current timestep 181
num of flexible agents: 73
num of flexible tasks: 0
Solving time: 0.000208286 seconds
plan limit 980
current timestep 182
num of flexible agents: 74
num of flexible tasks: 0
Solving time: 0.000319324 seconds
plan limit 980
current timestep 183
num of flexible agents: 75
num of flexible tasks: 0
Solving time: 0.000241622 seconds
plan limit 980
current timestep 184
num of flexible agents: 75
num of flexible tasks: 0
Solving time: 0.000328807 seconds
plan limit 980
current timestep 185
num of flexible agents: 75
num of flexible tasks: 0
Solving time: 0.000215741 seconds
plan limit 980
current timestep 186
num of flexible agents: 75
num of flexible tasks: 0
Solving time: 0.000209057 seconds
plan limit 980
current timestep 187
num of flexible agents: 75
num of flexible tasks: 0
Solving time: 0.000302392 seconds
plan limit 980
current timestep 188
num of flexible agents: 76
num of flexible tasks: 0
Solving time: 0.000321061 seconds
plan limit 980
current timestep 189
num of flexible agents: 77
num of flexible tasks: 0
Solving time: 0.00021711 seconds
plan limit 980
current timestep 190
num of flexible agents: 77
num of flexible tasks: 0
Solving time: 0.000302538 seconds
plan limit 980
current timestep 191
num of flexible agents: 77
num of flexible tasks: 0
Solving time: 0.000214595 seconds
plan limit 980
current timestep 192
num of flexible agents: 77
num of flexible tasks: 0
Solving time: 0.00032232 seconds
plan limit 980
current timestep 193
num of flexible agents: 77
num of flexible tasks: 0
Solving time: 0.000210655 seconds
plan limit 980
current timestep 194
num of flexible agents: 78
num of flexible tasks: 0
Solving time: 0.000306454 seconds
plan limit 980
current timestep 195
num of flexible agents: 78
num of flexible tasks: 0
Solving time: 0.00030341 seconds
plan limit 980
current timestep 196
num of flexible agents: 78
num of flexible tasks: 0
Solving time: 0.000202486 seconds
plan limit 980
current timestep 197
num of flexible agents: 78
num of flexible tasks: 0
Solving time: 0.000323743 seconds
plan limit 980
current timestep 198
num of flexible agents: 78
num of flexible tasks: 0
Solving time: 0.000201134 seconds
plan limit 980
current timestep 199
num of flexible agents: 79
num of flexible tasks: 0
Solving time: 0.000303535 seconds
plan limit 980
current timestep 200
num of flexible agents: 79
num of flexible tasks: 0
Solving time: 0.000209078 seconds
plan limit 980
current timestep 201
num of flexible agents: 79
num of flexible tasks: 0
Solving time: 0.000311077 seconds
plan limit 980
current timestep 202
num of flexible agents: 79
num of flexible tasks: 0
Solving time: 0.000214185 seconds
plan limit 980
current timestep 203
num of flexible agents: 79
num of flexible tasks: 0
Solving time: 0.0003032 seconds
plan limit 980
current timestep 204
num of flexible agents: 79
num of flexible tasks: 0
Solving time: 0.000213122 seconds
plan limit 980
current timestep 205
num of flexible agents: 79
num of flexible tasks: 0
Solving time: 0.000311321 seconds
plan limit 980
All tasks finished at timestep 206
