current timestep 0
num of flexible agents: 80
num of flexible tasks: 5
Solving time: 0.000484427 seconds
plan limit 980
current timestep 1
num of flexible agents: 80
num of flexible tasks: 10
Solving time: 0.000535408 seconds
plan limit 980
current timestep 2
num of flexible agents: 79
num of flexible tasks: 14
Solving time: 0.000323825 seconds
plan limit 980
current timestep 3
num of flexible agents: 76
num of flexible tasks: 16
Solving time: 0.00049468 seconds
plan limit 980
current timestep 4
num of flexible agents: 73
num of flexible tasks: 18
Solving time: 0.00033177 seconds
plan limit 980
current timestep 5
num of flexible agents: 71
num of flexible tasks: 21
Solving time: 0.000572179 seconds
plan limit 980
current timestep 6
num of flexible agents: 67
num of flexible tasks: 22
Solving time: 0.000395292 seconds
plan limit 980
current timestep 7
num of flexible agents: 65
num of flexible tasks: 25
Solving time: 0.000599255 seconds
plan limit 980
current timestep 8
num of flexible agents: 60
num of flexible tasks: 25
Solving time: 0.00047482 seconds
plan limit 980
current timestep 9
num of flexible agents: 55
num of flexible tasks: 25
Solving time: 0.000622657 seconds
plan limit 980
current timestep 10
num of flexible agents: 52
num of flexible tasks: 27
Solving time: 0.000521911 seconds
plan limit 980
current timestep 11
num of flexible agents: 50
num of flexible tasks: 30
Solving time: 0.000665936 seconds
plan limit 980
current timestep 12
num of flexible agents: 48
num of flexible tasks: 33
Solving time: 0.000502524 seconds
plan limit 980
current timestep 13
num of flexible agents: 46
num of flexible tasks: 35
Solving time: 0.000703208 seconds
plan limit 980
current timestep 14
num of flexible agents: 40
num of flexible tasks: 31
Solving time: 0.000538298 seconds
plan limit 980
current timestep 15
num of flexible agents: 42
num of flexible tasks: 35
Solving time: 0.000769803 seconds
plan limit 980
current timestep 16
num of flexible agents: 40
num of flexible tasks: 36
Solving time: 0.0005865 seconds
plan limit 980
current timestep 17
num of flexible agents: 39
num of flexible tasks: 37
Solving time: 0.000747361 seconds
plan limit 980
current timestep 18
num of flexible agents: 33
num of flexible tasks: 35
Solving time: 0.000553945 seconds
plan limit 980
current timestep 19
num of flexible agents: 30
num of flexible tasks: 37
Solving time: 0.000632859 seconds
plan limit 980
current timestep 20
num of flexible agents: 26
num of flexible tasks: 37
Solving time: 0.000415067 seconds
plan limit 980
current timestep 21
num of flexible agents: 24
num of flexible tasks: 38
Solving time: 0.000528671 seconds
plan limit 980
current timestep 22
num of flexible agents: 17
num of flexible tasks: 35
Solving time: 0.000354281 seconds
plan limit 980
current timestep 23
num of flexible agents: 15
num of flexible tasks: 36
Solving time: 0.000341212 seconds
plan limit 980
current timestep 24
num of flexible agents: 12
num of flexible tasks: 36
Solving time: 0.000489673 seconds
plan limit 980
current timestep 25
num of flexible agents: 14
num of flexible tasks: 37
Solving time: 0.00034948 seconds
plan limit 980
current timestep 26
num of flexible agents: 15
num of flexible tasks: 40
Solving time: 0.000354834 seconds
plan limit 980
current timestep 27
num of flexible agents: 11
num of flexible tasks: 38
Solving time: 0.000332314 seconds
plan limit 980
current timestep 28
num of flexible agents: 11
num of flexible tasks: 41
Solving time: 0.000351324 seconds
plan limit 980
current timestep 29
num of flexible agents: 6
num of flexible tasks: 40
Solving time: 0.000361291 seconds
plan limit 980
current timestep 30
num of flexible agents: 6
num of flexible tasks: 44
Solving time: 0.000321445 seconds
plan limit 980
current timestep 31
num of flexible agents: 11
num of flexible tasks: 49
Solving time: 0.000329254 seconds
plan limit 980
current timestep 32
num of flexible agents: 10
num of flexible tasks: 52
Solving time: 0.000371324 seconds
plan limit 980
current timestep 33
num of flexible agents: 10
num of flexible tasks: 53
Solving time: 0.000329334 seconds
plan limit 980
current timestep 34
num of flexible agents: 10
num of flexible tasks: 56
Solving time: 0.00048134 seconds
plan limit 980
current timestep 35
num of flexible agents: 9
num of flexible tasks: 57
Solving time: 0.000498803 seconds
plan limit 980
current timestep 36
num of flexible agents: 11
num of flexible tasks: 62
Solving time: 0.000330517 seconds
plan limit 980
current timestep 37
num of flexible agents: 9
num of flexible tasks: 65
Solving time: 0.000370731 seconds
plan limit 980
current timestep 38
num of flexible agents: 10
num of flexible tasks: 67
Solving time: 0.00033101 seconds
plan limit 980
current timestep 39
num of flexible agents: 11
num of flexible tasks: 71
Solving time: 0.000471573 seconds
plan limit 980
current timestep 40
num of flexible agents: 10
num of flexible tasks: 72
Solving time: 0.000348952 seconds
plan limit 980
current timestep 41
num of flexible agents: 13
num of flexible tasks: 74
Solving time: 0.000480716 seconds
plan limit 980
current timestep 42
num of flexible agents: 14
num of flexible tasks: 73
Solving time: 0.00034994 seconds
plan limit 980
current timestep 43
num of flexible agents: 15
num of flexible tasks: 76
Solving time: 0.000486245 seconds
plan limit 980
current timestep 44
num of flexible agents: 10
num of flexible tasks: 74
Solving time: 0.000310839 seconds
plan limit 980
current timestep 45
num of flexible agents: 9
num of flexible tasks: 76
Solving time: 0.000473072 seconds
plan limit 980
current timestep 46
num of flexible agents: 9
num of flexible tasks: 77
Solving time: 0.000326007 seconds
plan limit 980
current timestep 47
num of flexible agents: 11
num of flexible tasks: 80
Solving time: 0.000474154 seconds
plan limit 980
current timestep 48
num of flexible agents: 7
num of flexible tasks: 80
Solving time: 0.000496744 seconds
plan limit 980
current timestep 49
num of flexible agents: 10
num of flexible tasks: 83
Solving time: 0.000320468 seconds
plan limit 980
current timestep 50
num of flexible agents: 9
num of flexible tasks: 85
Solving time: 0.000484722 seconds
plan limit 980
current timestep 51
num of flexible agents: 6
num of flexible tasks: 87
Solving time: 0.00031831 seconds
plan limit 980
current timestep 52
num of flexible agents: 7
num of flexible tasks: 91
Solving time: 0.00043991 seconds
plan limit 980
current timestep 53
num of flexible agents: 4
num of flexible tasks: 92
Solving time: 0.000903155 seconds
plan limit 980
current timestep 54
num of flexible agents: 10
num of flexible tasks: 96
Solving time: 0.00031505 seconds
plan limit 980
current timestep 55
num of flexible agents: 11
num of flexible tasks: 96
Solving time: 0.000340869 seconds
plan limit 980
current timestep 56
num of flexible agents: 13
num of flexible tasks: 100
Solving time: 0.000500555 seconds
plan limit 980
current timestep 57
num of flexible agents: 10
num of flexible tasks: 100
Solving time: 0.000363856 seconds
plan limit 980
current timestep 58
num of flexible agents: 6
num of flexible tasks: 98
Solving time: 0.000447178 seconds
plan limit 980
current timestep 59
num of flexible agents: 9
num of flexible tasks: 101
Solving time: 0.000315161 seconds
plan limit 980
current timestep 60
num of flexible agents: 10
num of flexible tasks: 103
Solving time: 0.000327038 seconds
plan limit 980
current timestep 61
num of flexible agents: 7
num of flexible tasks: 103
Solving time: 0.000312938 seconds
plan limit 980
current timestep 62
num of flexible agents: 6
num of flexible tasks: 106
Solving time: 0.000309278 seconds
plan limit 980
current timestep 63
num of flexible agents: 6
num of flexible tasks: 108
Solving time: 0.000304993 seconds
plan limit 980
current timestep 64
num of flexible agents: 7
num of flexible tasks: 111
Solving time: 0.000383606 seconds
plan limit 980
current timestep 65
num of flexible agents: 2
num of flexible tasks: 110
Solving time: 0.000892127 seconds
plan limit 980
current timestep 66
num of flexible agents: 5
num of flexible tasks: 114
Solving time: 0.00107869 seconds
plan limit 979
current timestep 67
num of flexible agents: 10
num of flexible tasks: 118
Solving time: 0.000456996 seconds
plan limit 980
current timestep 68
num of flexible agents: 5
num of flexible tasks: 115
Solving time: 0.00107002 seconds
plan limit 979
current timestep 69
num of flexible agents: 8
num of flexible tasks: 119
Solving time: 0.00031888 seconds
plan limit 980
current timestep 70
num of flexible agents: 5
num of flexible tasks: 119
Solving time: 0.00107914 seconds
plan limit 979
current timestep 71
num of flexible agents: 7
num of flexible tasks: 123
Solving time: 0.000302235 seconds
plan limit 980
current timestep 72
num of flexible agents: 5
num of flexible tasks: 123
Solving time: 0.00108289 seconds
plan limit 979
current timestep 73
num of flexible agents: 8
num of flexible tasks: 126
Solving time: 0.000346793 seconds
plan limit 980
current timestep 74
num of flexible agents: 10
num of flexible tasks: 125
Solving time: 0.000325856 seconds
plan limit 980
current timestep 75
num of flexible agents: 8
num of flexible tasks: 125
Solving time: 0.000307872 seconds
plan limit 980
current timestep 76
num of flexible agents: 8
num of flexible tasks: 126
Solving time: 0.00046396 seconds
plan limit 980
current timestep 77
num of flexible agents: 4
num of flexible tasks: 125
Solving time: 0.000860611 seconds
plan limit 980
current timestep 78
num of flexible agents: 6
num of flexible tasks: 128
Solving time: 0.000318726 seconds
plan limit 980
current timestep 79
num of flexible agents: 7
num of flexible tasks: 129
Solving time: 0.00030959 seconds
plan limit 980
current timestep 80
num of flexible agents: 9
num of flexible tasks: 130
Solving time: 0.00045412 seconds
plan limit 980
current timestep 81
num of flexible agents: 6
num of flexible tasks: 130
Solving time: 0.000307298 seconds
plan limit 980
current timestep 82
num of flexible agents: 7
num of flexible tasks: 135
Solving time: 0.000460167 seconds
plan limit 980
current timestep 83
num of flexible agents: 7
num of flexible tasks: 136
Solving time: 0.00030482 seconds
plan limit 980
current timestep 84
num of flexible agents: 7
num of flexible tasks: 136
Solving time: 0.000441553 seconds
plan limit 980
current timestep 85
num of flexible agents: 8
num of flexible tasks: 139
Solving time: 0.00030956 seconds
plan limit 980
current timestep 86
num of flexible agents: 13
num of flexible tasks: 143
Solving time: 0.000492339 seconds
plan limit 980
current timestep 87
num of flexible agents: 8
num of flexible tasks: 140
Solving time: 0.000487432 seconds
plan limit 980
current timestep 88
num of flexible agents: 9
num of flexible tasks: 142
Solving time: 0.000312845 seconds
plan limit 980
current timestep 89
num of flexible agents: 6
num of flexible tasks: 141
Solving time: 0.000308017 seconds
plan limit 980
current timestep 90
num of flexible agents: 5
num of flexible tasks: 143
Solving time: 0.00109146 seconds
plan limit 979
current timestep 91
num of flexible agents: 6
num of flexible tasks: 147
Solving time: 0.000916644 seconds
plan limit 979
current timestep 92
num of flexible agents: 8
num of flexible tasks: 149
Solving time: 0.000469476 seconds
plan limit 980
current timestep 93
num of flexible agents: 9
num of flexible tasks: 152
Solving time: 0.000319351 seconds
plan limit 980
current timestep 94
num of flexible agents: 8
num of flexible tasks: 152
Solving time: 0.000463521 seconds
plan limit 980
current timestep 95
num of flexible agents: 10
num of flexible tasks: 153
Solving time: 0.000311333 seconds
plan limit 980
current timestep 96
num of flexible agents: 7
num of flexible tasks: 151
Solving time: 0.000439951 seconds
plan limit 980
current timestep 97
num of flexible agents: 4
num of flexible tasks: 152
Solving time: 0.000859705 seconds
plan limit 980
current timestep 98
num of flexible agents: 4
num of flexible tasks: 153
Solving time: 0.00100866 seconds
plan limit 979
current timestep 99
num of flexible agents: 2
num of flexible tasks: 154
Solving time: 0.000798695 seconds
plan limit 980
current timestep 100
num of flexible agents: 2
num of flexible tasks: 153
Solving time: 0.00095983 seconds
plan limit 979
current timestep 101
num of flexible agents: 0
num of flexible tasks: 151
Solving time: 0.000230182 seconds
plan limit 980
current timestep 102
num of flexible agents: 3
num of flexible tasks: 151
Solving time: 0.00108913 seconds
plan limit 979
current timestep 103
num of flexible agents: 8
num of flexible tasks: 150
Solving time: 0.000313912 seconds
plan limit 980
current timestep 104
num of flexible agents: 6
num of flexible tasks: 146
Solving time: 0.00111199 seconds
plan limit 979
current timestep 105
num of flexible agents: 3
num of flexible tasks: 142
Solving time: 0.000898648 seconds
plan limit 979
current timestep 106
num of flexible agents: 5
num of flexible tasks: 140
Solving time: 0.00113666 seconds
plan limit 979
current timestep 107
num of flexible agents: 6
num of flexible tasks: 137
Solving time: 0.000967627 seconds
plan limit 979
current timestep 108
num of flexible agents: 9
num of flexible tasks: 134
Solving time: 0.0003113 seconds
plan limit 980
current timestep 109
num of flexible agents: 8
num of flexible tasks: 130
Solving time: 0.000458634 seconds
plan limit 980
current timestep 110
num of flexible agents: 11
num of flexible tasks: 127
Solving time: 0.000316709 seconds
plan limit 980
current timestep 111
num of flexible agents: 10
num of flexible tasks: 122
Solving time: 0.000455099 seconds
plan limit 980
current timestep 112
num of flexible agents: 7
num of flexible tasks: 117
Solving time: 0.000325128 seconds
plan limit 980
current timestep 113
num of flexible agents: 8
num of flexible tasks: 113
Solving time: 0.000479442 seconds
plan limit 980
current timestep 114
num of flexible agents: 8
num of flexible tasks: 111
Solving time: 0.000471358 seconds
plan limit 980
current timestep 115
num of flexible agents: 8
num of flexible tasks: 108
Solving time: 0.000351059 seconds
plan limit 980
current timestep 116
num of flexible agents: 6
num of flexible tasks: 105
Solving time: 0.00110369 seconds
plan limit 979
current timestep 117
num of flexible agents: 9
num of flexible tasks: 103
Solving time: 0.000317369 seconds
plan limit 980
current timestep 118
num of flexible agents: 10
num of flexible tasks: 102
Solving time: 0.000336913 seconds
plan limit 980
current timestep 119
num of flexible agents: 11
num of flexible tasks: 101
Solving time: 0.000335005 seconds
plan limit 980
current timestep 120
num of flexible agents: 13
num of flexible tasks: 97
Solving time: 0.000477334 seconds
plan limit 980
current timestep 121
num of flexible agents: 13
num of flexible tasks: 95
Solving time: 0.000362682 seconds
plan limit 980
current timestep 122
num of flexible agents: 15
num of flexible tasks: 93
Solving time: 0.000368342 seconds
plan limit 980
current timestep 123
num of flexible agents: 13
num of flexible tasks: 89
Solving time: 0.000331104 seconds
plan limit 980
current timestep 124
num of flexible agents: 13
num of flexible tasks: 87
Solving time: 0.000447359 seconds
plan limit 980
current timestep 125
num of flexible agents: 15
num of flexible tasks: 83
Solving time: 0.000363483 seconds
plan limit 980
current timestep 126
num of flexible agents: 14
num of flexible tasks: 80
Solving time: 0.000341239 seconds
plan limit 980
current timestep 127
num of flexible agents: 14
num of flexible tasks: 76
Solving time: 0.000357643 seconds
plan limit 980
current timestep 128
num of flexible agents: 19
num of flexible tasks: 76
Solving time: 0.000547054 seconds
plan limit 980
current timestep 129
num of flexible agents: 18
num of flexible tasks: 72
Solving time: 0.00038478 seconds
plan limit 980
current timestep 130
num of flexible agents: 16
num of flexible tasks: 68
Solving time: 0.000366058 seconds
plan limit 980
current timestep 131
num of flexible agents: 17
num of flexible tasks: 66
Solving time: 0.000343133 seconds
plan limit 980
current timestep 132
num of flexible agents: 13
num of flexible tasks: 62
Solving time: 0.000357933 seconds
plan limit 980
current timestep 133
num of flexible agents: 16
num of flexible tasks: 62
Solving time: 0.00035699 seconds
plan limit 980
current timestep 134
num of flexible agents: 14
num of flexible tasks: 60
Solving time: 0.000351906 seconds
plan limit 980
current timestep 135
num of flexible agents: 16
num of flexible tasks: 59
Solving time: 0.000526294 seconds
plan limit 980
current timestep 136
num of flexible agents: 13
num of flexible tasks: 55
Solving time: 0.000476341 seconds
plan limit 980
current timestep 137
num of flexible agents: 14
num of flexible tasks: 53
Solving time: 0.00036372 seconds
plan limit 980
current timestep 138
num of flexible agents: 15
num of flexible tasks: 52
Solving time: 0.000372889 seconds
plan limit 980
current timestep 139
num of flexible agents: 16
num of flexible tasks: 51
Solving time: 0.000362148 seconds
plan limit 980
current timestep 140
num of flexible agents: 17
num of flexible tasks: 48
Solving time: 0.000485146 seconds
plan limit 980
current timestep 141
num of flexible agents: 18
num of flexible tasks: 46
Solving time: 0.000389464 seconds
plan limit 980
current timestep 142
num of flexible agents: 18
num of flexible tasks: 45
Solving time: 0.000516252 seconds
plan limit 980
current timestep 143
num of flexible agents: 19
num of flexible tasks: 44
Solving time: 0.000356798 seconds
plan limit 980
current timestep 144
num of flexible agents: 18
num of flexible tasks: 42
Solving time: 0.000348697 seconds
plan limit 980
current timestep 145
num of flexible agents: 18
num of flexible tasks: 39
Solving time: 0.000494753 seconds
plan limit 980
current timestep 146
num of flexible agents: 17
num of flexible tasks: 36
Solving time: 0.000356475 seconds
plan limit 980
current timestep 147
num of flexible agents: 18
num of flexible tasks: 36
Solving time: 0.000528558 seconds
plan limit 980
current timestep 148
num of flexible agents: 16
num of flexible tasks: 32
Solving time: 0.000323418 seconds
plan limit 980
current timestep 149
num of flexible agents: 19
num of flexible tasks: 31
Solving time: 0.000541745 seconds
plan limit 980
current timestep 150
num of flexible agents: 17
num of flexible tasks: 27
Solving time: 0.000346417 seconds
plan limit 980
current timestep 151
num of flexible agents: 20
num of flexible tasks: 25
Solving time: 0.000389546 seconds
plan limit 980
current timestep 152
num of flexible agents: 23
num of flexible tasks: 24
Solving time: 0.000475587 seconds
plan limit 980
current timestep 153
num of flexible agents: 22
num of flexible tasks: 21
Solving time: 0.000417526 seconds
plan limit 980
current timestep 154
num of flexible agents: 22
num of flexible tasks: 19
Solving time: 0.000412498 seconds
plan limit 980
current timestep 155
num of flexible agents: 22
num of flexible tasks: 16
Solving time: 0.000330103 seconds
plan limit 980
current timestep 156
num of flexible agents: 23
num of flexible tasks: 13
Solving time: 0.000484166 seconds
plan limit 980
current timestep 157
num of flexible agents: 23
num of flexible tasks: 11
Solving time: 0.000337612 seconds
plan limit 980
current timestep 158
num of flexible agents: 26
num of flexible tasks: 11
Solving time: 0.000352115 seconds
plan limit 980
current timestep 159
num of flexible agents: 25
num of flexible tasks: 8
Solving time: 0.000313807 seconds
plan limit 980
current timestep 160
num of flexible agents: 29
num of flexible tasks: 8
Solving time: 0.00044286 seconds
plan limit 980
current timestep 161
num of flexible agents: 31
num of flexible tasks: 6
Solving time: 0.000284907 seconds
plan limit 980
current timestep 162
num of flexible agents: 31
num of flexible tasks: 4
Solving time: 0.000249846 seconds
plan limit 980
current timestep 163
num of flexible agents: 32
num of flexible tasks: 3
Solving time: 0.000356476 seconds
plan limit 980
current timestep 164
num of flexible agents: 33
num of flexible tasks: 3
Solving time: 0.000357739 seconds
plan limit 980
current timestep 165
num of flexible agents: 35
num of flexible tasks: 3
Solving time: 0.000356012 seconds
plan limit 980
current timestep 166
num of flexible agents: 37
num of flexible tasks: 2
Solving time: 0.000257861 seconds
plan limit 980
current timestep 167
num of flexible agents: 40
num of flexible tasks: 2
Solving time: 0.000364983 seconds
plan limit 980
current timestep 168
num of flexible agents: 42
num of flexible tasks: 0
Solving time: 0.000206626 seconds
plan limit 980
current timestep 169
num of flexible agents: 42
num of flexible tasks: 0
Solving time: 0.000218414 seconds
plan limit 980
current timestep 170
num of flexible agents: 44
num of flexible tasks: 0
Solving time: 0.000316064 seconds
plan limit 980
current timestep 171
num of flexible agents: 49
num of flexible tasks: 0
Solving time: 0.000213238 seconds
plan limit 980
current timestep 172
num of flexible agents: 52
num of flexible tasks: 0
Solving time: 0.000222101 seconds
plan limit 980
current timestep 173
num of flexible agents: 54
num of flexible tasks: 0
Solving time: 0.000309636 seconds
plan limit 980
current timestep 174
num of flexible agents: 55
num of flexible tasks: 0
Solving time: 0.00021232 seconds
plan limit 980
current timestep 175
num of flexible agents: 60
num of flexible tasks: 0
Solving time: 0.000310732 seconds
plan limit 980
current timestep 176
num of flexible agents: 61
num of flexible tasks: 0
Solving time: 0.000323286 seconds
plan limit 980
current timestep 177
num of flexible agents: 65
num of flexible tasks: 0
Solving time: 0.000210763 seconds
plan limit 980
current timestep 178
num of flexible agents: 66
num of flexible tasks: 0
Solving time: 0.000309483 seconds
plan limit 980
current timestep 179
num of flexible agents: 67
num of flexible tasks: 0
Solving time: 0.000211895 seconds
plan limit 980
current timestep 180
num of flexible agents: 69
num of flexible tasks: 0
Solving time: 0.000332712 seconds
plan limit 980
current timestep 181
num of flexible agents: 70
num of flexible tasks: 0
Solving time: 0.000331142 seconds
plan limit 980
current timestep 182
num of flexible agents: 70
num of flexible tasks: 0
Solving time: 0.000228055 seconds
plan limit 980
current timestep 183
num of flexible agents: 70
num of flexible tasks: 0
Solving time: 0.000310858 seconds
plan limit 980
current timestep 184
num of flexible agents: 71
num of flexible tasks: 0
Solving time: 0.000310749 seconds
plan limit 980
current timestep 185
num of flexible agents: 72
num of flexible tasks: 0
Solving time: 0.000240631 seconds
plan limit 980
current timestep 186
num of flexible agents: 74
num of flexible tasks: 0
Solving time: 0.000214439 seconds
plan limit 980
current timestep 187
num of flexible agents: 75
num of flexible tasks: 0
Solving time: 0.000317732 seconds
plan limit 980
current timestep 188
num of flexible agents: 77
num of flexible tasks: 0
Solving time: 0.000212766 seconds
plan limit 980
current timestep 189
num of flexible agents: 78
num of flexible tasks: 0
Solving time: 0.000317935 seconds
plan limit 980
current timestep 190
num of flexible agents: 79
num of flexible tasks: 0
Solving time: 0.000227608 seconds
plan limit 980
current timestep 191
num of flexible agents: 79
num of flexible tasks: 0
Solving time: 0.000313118 seconds
plan limit 980
current timestep 192
num of flexible agents: 79
num of flexible tasks: 0
Solving time: 0.000214048 seconds
plan limit 980
current timestep 193
num of flexible agents: 79
num of flexible tasks: 0
Solving time: 0.000310772 seconds
plan limit 980
current timestep 194
num of flexible agents: 79
num of flexible tasks: 0
Solving time: 0.000219598 seconds
plan limit 980
current timestep 195
num of flexible agents: 79
num of flexible tasks: 0
Solving time: 0.000308775 seconds
plan limit 980
current timestep 196
num of flexible agents: 79
num of flexible tasks: 0
Solving time: 0.000209119 seconds
plan limit 980
All tasks finished at timestep 197
