current timestep 0
num of flexible agents: 50
num of flexible tasks: 5
Solving time: 0.000330226 seconds
plan limit 980
current timestep 1
num of flexible agents: 48
num of flexible tasks: 8
Solving time: 0.00034425 seconds
plan limit 980
current timestep 2
num of flexible agents: 45
num of flexible tasks: 10
Solving time: 0.000387307 seconds
plan limit 980
current timestep 3
num of flexible agents: 43
num of flexible tasks: 13
Solving time: 0.000391143 seconds
plan limit 980
current timestep 4
num of flexible agents: 43
num of flexible tasks: 18
Solving time: 0.000467688 seconds
plan limit 980
current timestep 5
num of flexible agents: 42
num of flexible tasks: 22
Solving time: 0.000475315 seconds
plan limit 980
current timestep 6
num of flexible agents: 42
num of flexible tasks: 27
Solving time: 0.000514568 seconds
plan limit 980
current timestep 7
num of flexible agents: 40
num of flexible tasks: 30
Solving time: 0.000538321 seconds
plan limit 980
current timestep 8
num of flexible agents: 35
num of flexible tasks: 29
Solving time: 0.000711704 seconds
plan limit 980
current timestep 9
num of flexible agents: 35
num of flexible tasks: 34
Solving time: 0.000697517 seconds
plan limit 980
current timestep 10
num of flexible agents: 30
num of flexible tasks: 34
Solving time: 0.000503759 seconds
plan limit 980
current timestep 11
num of flexible agents: 29
num of flexible tasks: 38
Solving time: 0.000638994 seconds
plan limit 980
current timestep 12
num of flexible agents: 25
num of flexible tasks: 39
Solving time: 0.000579446 seconds
plan limit 980
current timestep 13
num of flexible agents: 20
num of flexible tasks: 39
Solving time: 0.000546914 seconds
plan limit 980
current timestep 14
num of flexible agents: 18
num of flexible tasks: 41
Solving time: 0.000381063 seconds
plan limit 980
current timestep 15
num of flexible agents: 12
num of flexible tasks: 38
Solving time: 0.000442533 seconds
plan limit 980
current timestep 16
num of flexible agents: 10
num of flexible tasks: 40
Solving time: 0.000323178 seconds
plan limit 980
current timestep 17
num of flexible agents: 9
num of flexible tasks: 44
Solving time: 0.000460702 seconds
plan limit 980
current timestep 18
num of flexible agents: 8
num of flexible tasks: 48
Solving time: 0.000302685 seconds
plan limit 980
current timestep 19
num of flexible agents: 6
num of flexible tasks: 50
Solving time: 0.000262606 seconds
plan limit 980
current timestep 20
num of flexible agents: 3
num of flexible tasks: 52
Solving time: 0.000373239 seconds
plan limit 980
current timestep 21
num of flexible agents: 2
num of flexible tasks: 55
Solving time: 0.000858409 seconds
plan limit 980
current timestep 22
num of flexible agents: 3
num of flexible tasks: 60
Solving time: 0.000402224 seconds
plan limit 980
current timestep 23
num of flexible agents: 2
num of flexible tasks: 64
Solving time: 0.000953208 seconds
plan limit 979
current timestep 24
num of flexible agents: 1
num of flexible tasks: 68
Solving time: 0.000709315 seconds
plan limit 980
current timestep 25
num of flexible agents: 1
num of flexible tasks: 73
Solving time: 0.000792977 seconds
plan limit 980
current timestep 26
num of flexible agents: 5
num of flexible tasks: 78
Solving time: 0.000291566 seconds
plan limit 980
current timestep 27
num of flexible agents: 4
num of flexible tasks: 81
Solving time: 0.000437465 seconds
plan limit 980
current timestep 28
num of flexible agents: 4
num of flexible tasks: 85
Solving time: 0.000338399 seconds
plan limit 980
current timestep 29
num of flexible agents: 1
num of flexible tasks: 87
Solving time: 0.000303355 seconds
plan limit 980
current timestep 30
num of flexible agents: 3
num of flexible tasks: 91
Solving time: 0.00105086 seconds
plan limit 979
current timestep 31
num of flexible agents: 2
num of flexible tasks: 93
Solving time: 0.000741353 seconds
plan limit 980
current timestep 32
num of flexible agents: 6
num of flexible tasks: 96
Solving time: 0.000461148 seconds
plan limit 980
current timestep 33
num of flexible agents: 7
num of flexible tasks: 99
Solving time: 0.000442897 seconds
plan limit 980
current timestep 34
num of flexible agents: 10
num of flexible tasks: 102
Solving time: 0.000455212 seconds
plan limit 980
current timestep 35
num of flexible agents: 6
num of flexible tasks: 101
Solving time: 0.000436018 seconds
plan limit 980
current timestep 36
num of flexible agents: 5
num of flexible tasks: 103
Solving time: 0.000473493 seconds
plan limit 980
current timestep 37
num of flexible agents: 5
num of flexible tasks: 107
Solving time: 0.000451003 seconds
plan limit 980
current timestep 38
num of flexible agents: 3
num of flexible tasks: 110
Solving time: 0.000919818 seconds
plan limit 979
current timestep 39
num of flexible agents: 3
num of flexible tasks: 114
Solving time: 0.00105143 seconds
plan limit 979
current timestep 40
num of flexible agents: 7
num of flexible tasks: 119
Solving time: 0.000323439 seconds
plan limit 980
current timestep 41
num of flexible agents: 8
num of flexible tasks: 121
Solving time: 0.000412317 seconds
plan limit 980
current timestep 42
num of flexible agents: 3
num of flexible tasks: 120
Solving time: 0.00085854 seconds
plan limit 979
current timestep 43
num of flexible agents: 3
num of flexible tasks: 124
Solving time: 0.00100696 seconds
plan limit 979
current timestep 44
num of flexible agents: 2
num of flexible tasks: 127
Solving time: 0.000816564 seconds
plan limit 980
current timestep 45
num of flexible agents: 4
num of flexible tasks: 130
Solving time: 0.00111422 seconds
plan limit 979
current timestep 46
num of flexible agents: 5
num of flexible tasks: 133
Solving time: 0.000327311 seconds
plan limit 980
current timestep 47
num of flexible agents: 3
num of flexible tasks: 136
Solving time: 0.00100776 seconds
plan limit 979
current timestep 48
num of flexible agents: 4
num of flexible tasks: 139
Solving time: 0.000908962 seconds
plan limit 979
current timestep 49
num of flexible agents: 5
num of flexible tasks: 142
Solving time: 0.000419574 seconds
plan limit 980
current timestep 50
num of flexible agents: 5
num of flexible tasks: 145
Solving time: 0.000315909 seconds
plan limit 980
current timestep 51
num of flexible agents: 6
num of flexible tasks: 148
Solving time: 0.000434767 seconds
plan limit 980
current timestep 52
num of flexible agents: 6
num of flexible tasks: 149
Solving time: 0.000306847 seconds
plan limit 980
current timestep 53
num of flexible agents: 3
num of flexible tasks: 148
Solving time: 0.00102523 seconds
plan limit 979
current timestep 54
num of flexible agents: 3
num of flexible tasks: 151
Solving time: 0.00085249 seconds
plan limit 980
current timestep 55
num of flexible agents: 2
num of flexible tasks: 153
Solving time: 0.000940319 seconds
plan limit 979
current timestep 56
num of flexible agents: 2
num of flexible tasks: 157
Solving time: 0.000921876 seconds
plan limit 979
current timestep 57
num of flexible agents: 1
num of flexible tasks: 160
Solving time: 0.000674773 seconds
plan limit 980
current timestep 58
num of flexible agents: 3
num of flexible tasks: 164
Solving time: 0.000874999 seconds
plan limit 980
current timestep 59
num of flexible agents: 1
num of flexible tasks: 166
Solving time: 0.000440458 seconds
plan limit 980
current timestep 60
num of flexible agents: 1
num of flexible tasks: 170
Solving time: 0.000644727 seconds
plan limit 980
current timestep 61
num of flexible agents: 0
num of flexible tasks: 174
Solving time: 0.000346072 seconds
plan limit 980
current timestep 62
num of flexible agents: 2
num of flexible tasks: 179
Solving time: 0.00098342 seconds
plan limit 979
current timestep 63
num of flexible agents: 3
num of flexible tasks: 182
Solving time: 0.00085352 seconds
plan limit 980
current timestep 64
num of flexible agents: 5
num of flexible tasks: 185
Solving time: 0.000442854 seconds
plan limit 980
current timestep 65
num of flexible agents: 5
num of flexible tasks: 188
Solving time: 0.000328912 seconds
plan limit 980
current timestep 66
num of flexible agents: 4
num of flexible tasks: 189
Solving time: 0.000912472 seconds
plan limit 979
current timestep 67
num of flexible agents: 4
num of flexible tasks: 190
Solving time: 0.00108161 seconds
plan limit 979
current timestep 68
num of flexible agents: 5
num of flexible tasks: 193
Solving time: 0.000315336 seconds
plan limit 980
current timestep 69
num of flexible agents: 6
num of flexible tasks: 196
Solving time: 0.000298662 seconds
plan limit 980
current timestep 70
num of flexible agents: 5
num of flexible tasks: 197
Solving time: 0.000430621 seconds
plan limit 980
current timestep 71
num of flexible agents: 5
num of flexible tasks: 199
Solving time: 0.000440558 seconds
plan limit 980
current timestep 72
num of flexible agents: 4
num of flexible tasks: 201
Solving time: 0.00112699 seconds
plan limit 979
current timestep 73
num of flexible agents: 5
num of flexible tasks: 204
Solving time: 0.000463041 seconds
plan limit 980
current timestep 74
num of flexible agents: 5
num of flexible tasks: 206
Solving time: 0.000469001 seconds
plan limit 980
current timestep 75
num of flexible agents: 7
num of flexible tasks: 209
Solving time: 0.000298303 seconds
plan limit 980
current timestep 76
num of flexible agents: 4
num of flexible tasks: 209
Solving time: 0.000919745 seconds
plan limit 979
current timestep 77
num of flexible agents: 1
num of flexible tasks: 211
Solving time: 0.000520588 seconds
plan limit 980
current timestep 78
num of flexible agents: 0
num of flexible tasks: 215
Solving time: 0.000250834 seconds
plan limit 980
current timestep 79
num of flexible agents: 1
num of flexible tasks: 220
Solving time: 0.000655345 seconds
plan limit 980
current timestep 80
num of flexible agents: 4
num of flexible tasks: 224
Solving time: 0.00112805 seconds
plan limit 979
current timestep 81
num of flexible agents: 2
num of flexible tasks: 226
Solving time: 0.000795893 seconds
plan limit 980
current timestep 82
num of flexible agents: 2
num of flexible tasks: 230
Solving time: 0.000944567 seconds
plan limit 979
current timestep 83
num of flexible agents: 2
num of flexible tasks: 234
Solving time: 0.000762365 seconds
plan limit 980
current timestep 84
num of flexible agents: 4
num of flexible tasks: 238
Solving time: 0.00111983 seconds
plan limit 979
current timestep 85
num of flexible agents: 3
num of flexible tasks: 239
Solving time: 0.000766328 seconds
plan limit 980
current timestep 86
num of flexible agents: 4
num of flexible tasks: 241
Solving time: 0.00099252 seconds
plan limit 979
current timestep 87
num of flexible agents: 4
num of flexible tasks: 243
Solving time: 0.00112085 seconds
plan limit 979
current timestep 88
num of flexible agents: 4
num of flexible tasks: 245
Solving time: 0.000993111 seconds
plan limit 979
current timestep 89
num of flexible agents: 4
num of flexible tasks: 247
Solving time: 0.000966771 seconds
plan limit 979
current timestep 90
num of flexible agents: 6
num of flexible tasks: 248
Solving time: 0.00030199 seconds
plan limit 980
current timestep 91
num of flexible agents: 5
num of flexible tasks: 250
Solving time: 0.000407664 seconds
plan limit 980
current timestep 92
num of flexible agents: 5
num of flexible tasks: 252
Solving time: 0.000305942 seconds
plan limit 980
current timestep 93
num of flexible agents: 6
num of flexible tasks: 255
Solving time: 0.000447511 seconds
plan limit 980
current timestep 94
num of flexible agents: 7
num of flexible tasks: 258
Solving time: 0.00044176 seconds
plan limit 980
current timestep 95
num of flexible agents: 7
num of flexible tasks: 258
Solving time: 0.000306679 seconds
plan limit 980
current timestep 96
num of flexible agents: 4
num of flexible tasks: 259
Solving time: 0.0011554 seconds
plan limit 979
current timestep 97
num of flexible agents: 1
num of flexible tasks: 260
Solving time: 0.000588094 seconds
plan limit 980
current timestep 98
num of flexible agents: 0
num of flexible tasks: 264
Solving time: 0.000357338 seconds
plan limit 980
current timestep 99
num of flexible agents: 1
num of flexible tasks: 269
Solving time: 0.000603313 seconds
plan limit 980
current timestep 100
num of flexible agents: 3
num of flexible tasks: 268
Solving time: 0.000796508 seconds
plan limit 980
current timestep 101
num of flexible agents: 2
num of flexible tasks: 266
Solving time: 0.000882157 seconds
plan limit 979
current timestep 102
num of flexible agents: 2
num of flexible tasks: 265
Solving time: 0.000701856 seconds
plan limit 980
current timestep 103
num of flexible agents: 1
num of flexible tasks: 263
Solving time: 0.000734894 seconds
plan limit 980
current timestep 104
num of flexible agents: 4
num of flexible tasks: 262
Solving time: 0.00108019 seconds
plan limit 979
current timestep 105
num of flexible agents: 7
num of flexible tasks: 259
Solving time: 0.000359844 seconds
plan limit 980
current timestep 106
num of flexible agents: 2
num of flexible tasks: 253
Solving time: 0.000879688 seconds
plan limit 979
current timestep 107
num of flexible agents: 1
num of flexible tasks: 251
Solving time: 0.000465056 seconds
plan limit 980
current timestep 108
num of flexible agents: 3
num of flexible tasks: 251
Solving time: 0.000773569 seconds
plan limit 980
current timestep 109
num of flexible agents: 0
num of flexible tasks: 248
Solving time: 0.000358487 seconds
plan limit 980
current timestep 110
num of flexible agents: 2
num of flexible tasks: 248
Solving time: 0.000731451 seconds
plan limit 980
current timestep 111
num of flexible agents: 2
num of flexible tasks: 247
Solving time: 0.000895251 seconds
plan limit 979
current timestep 112
num of flexible agents: 6
num of flexible tasks: 245
Solving time: 0.000308679 seconds
plan limit 980
current timestep 113
num of flexible agents: 4
num of flexible tasks: 241
Solving time: 0.000928531 seconds
plan limit 979
current timestep 114
num of flexible agents: 4
num of flexible tasks: 238
Solving time: 0.00111635 seconds
plan limit 979
current timestep 115
num of flexible agents: 6
num of flexible tasks: 237
Solving time: 0.000302566 seconds
plan limit 980
current timestep 116
num of flexible agents: 4
num of flexible tasks: 233
Solving time: 0.000937656 seconds
plan limit 979
current timestep 117
num of flexible agents: 4
num of flexible tasks: 230
Solving time: 0.000953609 seconds
plan limit 979
current timestep 118
num of flexible agents: 4
num of flexible tasks: 226
Solving time: 0.0011137 seconds
plan limit 979
current timestep 119
num of flexible agents: 2
num of flexible tasks: 223
Solving time: 0.00077261 seconds
plan limit 980
current timestep 120
num of flexible agents: 4
num of flexible tasks: 221
Solving time: 0.00109373 seconds
plan limit 979
current timestep 121
num of flexible agents: 2
num of flexible tasks: 219
Solving time: 0.000734635 seconds
plan limit 980
current timestep 122
num of flexible agents: 4
num of flexible tasks: 219
Solving time: 0.00110548 seconds
plan limit 979
current timestep 123
num of flexible agents: 4
num of flexible tasks: 217
Solving time: 0.0011239 seconds
plan limit 979
current timestep 124
num of flexible agents: 4
num of flexible tasks: 216
Solving time: 0.000917249 seconds
plan limit 979
current timestep 125
num of flexible agents: 3
num of flexible tasks: 214
Solving time: 0.000989858 seconds
plan limit 979
current timestep 126
num of flexible agents: 2
num of flexible tasks: 212
Solving time: 0.000890608 seconds
plan limit 979
current timestep 127
num of flexible agents: 3
num of flexible tasks: 211
Solving time: 0.000826904 seconds
plan limit 980
current timestep 128
num of flexible agents: 5
num of flexible tasks: 209
Solving time: 0.000439306 seconds
plan limit 980
current timestep 129
num of flexible agents: 3
num of flexible tasks: 205
Solving time: 0.000848274 seconds
plan limit 980
current timestep 130
num of flexible agents: 4
num of flexible tasks: 203
Solving time: 0.00109066 seconds
plan limit 979
current timestep 131
num of flexible agents: 6
num of flexible tasks: 200
Solving time: 0.00044836 seconds
plan limit 980
current timestep 132
num of flexible agents: 3
num of flexible tasks: 196
Solving time: 0.000844772 seconds
plan limit 979
current timestep 133
num of flexible agents: 5
num of flexible tasks: 194
Solving time: 0.000447386 seconds
plan limit 980
current timestep 134
num of flexible agents: 3
num of flexible tasks: 190
Solving time: 0.00102176 seconds
plan limit 979
current timestep 135
num of flexible agents: 3
num of flexible tasks: 189
Solving time: 0.000827708 seconds
plan limit 980
current timestep 136
num of flexible agents: 4
num of flexible tasks: 188
Solving time: 0.000919867 seconds
plan limit 979
current timestep 137
num of flexible agents: 5
num of flexible tasks: 186
Solving time: 0.000302574 seconds
plan limit 980
current timestep 138
num of flexible agents: 2
num of flexible tasks: 182
Solving time: 0.000738867 seconds
plan limit 980
current timestep 139
num of flexible agents: 2
num of flexible tasks: 181
Solving time: 0.000878984 seconds
plan limit 979
current timestep 140
num of flexible agents: 2
num of flexible tasks: 179
Solving time: 0.000732638 seconds
plan limit 980
current timestep 141
num of flexible agents: 4
num of flexible tasks: 178
Solving time: 0.00105645 seconds
plan limit 979
current timestep 142
num of flexible agents: 2
num of flexible tasks: 175
Solving time: 0.000723388 seconds
plan limit 980
current timestep 143
num of flexible agents: 4
num of flexible tasks: 174
Solving time: 0.000924895 seconds
plan limit 979
current timestep 144
num of flexible agents: 2
num of flexible tasks: 171
Solving time: 0.000878947 seconds
plan limit 979
current timestep 145
num of flexible agents: 2
num of flexible tasks: 170
Solving time: 0.000717144 seconds
plan limit 980
current timestep 146
num of flexible agents: 2
num of flexible tasks: 168
Solving time: 0.000901794 seconds
plan limit 979
current timestep 147
num of flexible agents: 2
num of flexible tasks: 166
Solving time: 0.000725512 seconds
plan limit 980
current timestep 148
num of flexible agents: 4
num of flexible tasks: 164
Solving time: 0.000914072 seconds
plan limit 979
current timestep 149
num of flexible agents: 6
num of flexible tasks: 164
Solving time: 0.00045548 seconds
plan limit 980
current timestep 150
num of flexible agents: 8
num of flexible tasks: 161
Solving time: 0.000319741 seconds
plan limit 980
current timestep 151
num of flexible agents: 7
num of flexible tasks: 158
Solving time: 0.000313057 seconds
plan limit 980
current timestep 152
num of flexible agents: 7
num of flexible tasks: 155
Solving time: 0.000308689 seconds
plan limit 980
current timestep 153
num of flexible agents: 5
num of flexible tasks: 150
Solving time: 0.000332006 seconds
plan limit 980
current timestep 154
num of flexible agents: 8
num of flexible tasks: 149
Solving time: 0.000466581 seconds
plan limit 980
current timestep 155
num of flexible agents: 7
num of flexible tasks: 145
Solving time: 0.000347439 seconds
plan limit 980
current timestep 156
num of flexible agents: 7
num of flexible tasks: 142
Solving time: 0.000464135 seconds
plan limit 980
current timestep 157
num of flexible agents: 3
num of flexible tasks: 137
Solving time: 0.00087969 seconds
plan limit 980
current timestep 158
num of flexible agents: 2
num of flexible tasks: 136
Solving time: 0.000942696 seconds
plan limit 979
current timestep 159
num of flexible agents: 3
num of flexible tasks: 135
Solving time: 0.000896632 seconds
plan limit 979
current timestep 160
num of flexible agents: 3
num of flexible tasks: 133
Solving time: 0.00106303 seconds
plan limit 979
current timestep 161
num of flexible agents: 3
num of flexible tasks: 132
Solving time: 0.000870266 seconds
plan limit 980
current timestep 162
num of flexible agents: 4
num of flexible tasks: 131
Solving time: 0.000429285 seconds
plan limit 980
current timestep 163
num of flexible agents: 5
num of flexible tasks: 130
Solving time: 0.000312271 seconds
plan limit 980
current timestep 164
num of flexible agents: 4
num of flexible tasks: 128
Solving time: 0.000307502 seconds
plan limit 980
current timestep 165
num of flexible agents: 4
num of flexible tasks: 126
Solving time: 0.000451583 seconds
plan limit 980
current timestep 166
num of flexible agents: 4
num of flexible tasks: 124
Solving time: 0.000318109 seconds
plan limit 980
current timestep 167
num of flexible agents: 5
num of flexible tasks: 122
Solving time: 0.000471775 seconds
plan limit 980
current timestep 168
num of flexible agents: 8
num of flexible tasks: 122
Solving time: 0.000346657 seconds
plan limit 980
current timestep 169
num of flexible agents: 7
num of flexible tasks: 120
Solving time: 0.00048516 seconds
plan limit 980
current timestep 170
num of flexible agents: 6
num of flexible tasks: 118
Solving time: 0.000345257 seconds
plan limit 980
current timestep 171
num of flexible agents: 6
num of flexible tasks: 116
Solving time: 0.000473249 seconds
plan limit 980
current timestep 172
num of flexible agents: 7
num of flexible tasks: 115
Solving time: 0.000329346 seconds
plan limit 980
current timestep 173
num of flexible agents: 4
num of flexible tasks: 112
Solving time: 0.00033308 seconds
plan limit 980
current timestep 174
num of flexible agents: 7
num of flexible tasks: 112
Solving time: 0.000439849 seconds
plan limit 980
current timestep 175
num of flexible agents: 11
num of flexible tasks: 112
Solving time: 0.000346209 seconds
plan limit 980
current timestep 176
num of flexible agents: 12
num of flexible tasks: 110
Solving time: 0.000500265 seconds
plan limit 980
current timestep 177
num of flexible agents: 11
num of flexible tasks: 107
Solving time: 0.000331004 seconds
plan limit 980
current timestep 178
num of flexible agents: 13
num of flexible tasks: 107
Solving time: 0.000510906 seconds
plan limit 980
current timestep 179
num of flexible agents: 14
num of flexible tasks: 103
Solving time: 0.000494195 seconds
plan limit 980
current timestep 180
num of flexible agents: 10
num of flexible tasks: 98
Solving time: 0.000496596 seconds
plan limit 980
current timestep 181
num of flexible agents: 8
num of flexible tasks: 96
Solving time: 0.000477139 seconds
plan limit 980
current timestep 182
num of flexible agents: 9
num of flexible tasks: 95
Solving time: 0.000338802 seconds
plan limit 980
current timestep 183
num of flexible agents: 11
num of flexible tasks: 94
Solving time: 0.000500755 seconds
plan limit 980
current timestep 184
num of flexible agents: 9
num of flexible tasks: 91
Solving time: 0.000480188 seconds
plan limit 980
current timestep 185
num of flexible agents: 10
num of flexible tasks: 90
Solving time: 0.000335754 seconds
plan limit 980
current timestep 186
num of flexible agents: 9
num of flexible tasks: 87
Solving time: 0.000498751 seconds
plan limit 980
current timestep 187
num of flexible agents: 11
num of flexible tasks: 85
Solving time: 0.000511863 seconds
plan limit 980
current timestep 188
num of flexible agents: 10
num of flexible tasks: 83
Solving time: 0.000368442 seconds
plan limit 980
current timestep 189
num of flexible agents: 11
num of flexible tasks: 82
Solving time: 0.000507198 seconds
plan limit 980
current timestep 190
num of flexible agents: 10
num of flexible tasks: 80
Solving time: 0.000353215 seconds
plan limit 980
current timestep 191
num of flexible agents: 8
num of flexible tasks: 78
Solving time: 0.0004841 seconds
plan limit 980
current timestep 192
num of flexible agents: 9
num of flexible tasks: 76
Solving time: 0.000504925 seconds
plan limit 980
current timestep 193
num of flexible agents: 6
num of flexible tasks: 72
Solving time: 0.000340846 seconds
plan limit 980
current timestep 194
num of flexible agents: 5
num of flexible tasks: 70
Solving time: 0.000496909 seconds
plan limit 980
current timestep 195
num of flexible agents: 9
num of flexible tasks: 69
Solving time: 0.00035401 seconds
plan limit 980
current timestep 196
num of flexible agents: 10
num of flexible tasks: 68
Solving time: 0.000482864 seconds
plan limit 980
current timestep 197
num of flexible agents: 11
num of flexible tasks: 67
Solving time: 0.000342658 seconds
plan limit 980
current timestep 198
num of flexible agents: 12
num of flexible tasks: 67
Solving time: 0.000483341 seconds
plan limit 980
current timestep 199
num of flexible agents: 10
num of flexible tasks: 65
Solving time: 0.00036215 seconds
plan limit 980
current timestep 200
num of flexible agents: 7
num of flexible tasks: 62
Solving time: 0.000492846 seconds
plan limit 980
current timestep 201
num of flexible agents: 11
num of flexible tasks: 61
Solving time: 0.000330124 seconds
plan limit 980
current timestep 202
num of flexible agents: 12
num of flexible tasks: 60
Solving time: 0.000488805 seconds
plan limit 980
current timestep 203
num of flexible agents: 15
num of flexible tasks: 60
Solving time: 0.000411072 seconds
plan limit 980
current timestep 204
num of flexible agents: 13
num of flexible tasks: 57
Solving time: 0.000537259 seconds
plan limit 980
current timestep 205
num of flexible agents: 15
num of flexible tasks: 57
Solving time: 0.00053767 seconds
plan limit 980
current timestep 206
num of flexible agents: 18
num of flexible tasks: 57
Solving time: 0.000386371 seconds
plan limit 980
current timestep 207
num of flexible agents: 17
num of flexible tasks: 55
Solving time: 0.000402008 seconds
plan limit 980
current timestep 208
num of flexible agents: 16
num of flexible tasks: 52
Solving time: 0.000542742 seconds
plan limit 980
current timestep 209
num of flexible agents: 13
num of flexible tasks: 47
Solving time: 0.000352972 seconds
plan limit 980
current timestep 210
num of flexible agents: 16
num of flexible tasks: 47
Solving time: 0.000524122 seconds
plan limit 980
current timestep 211
num of flexible agents: 16
num of flexible tasks: 45
Solving time: 0.000371433 seconds
plan limit 980
current timestep 212
num of flexible agents: 14
num of flexible tasks: 40
Solving time: 0.000504848 seconds
plan limit 980
current timestep 213
num of flexible agents: 16
num of flexible tasks: 40
Solving time: 0.000350311 seconds
plan limit 980
current timestep 214
num of flexible agents: 15
num of flexible tasks: 38
Solving time: 0.000511527 seconds
plan limit 980
current timestep 215
num of flexible agents: 14
num of flexible tasks: 36
Solving time: 0.000353255 seconds
plan limit 980
current timestep 216
num of flexible agents: 15
num of flexible tasks: 35
Solving time: 0.00051639 seconds
plan limit 980
current timestep 217
num of flexible agents: 14
num of flexible tasks: 31
Solving time: 0.0003698 seconds
plan limit 980
current timestep 218
num of flexible agents: 13
num of flexible tasks: 29
Solving time: 0.000531006 seconds
plan limit 980
current timestep 219
num of flexible agents: 13
num of flexible tasks: 28
Solving time: 0.000366045 seconds
plan limit 980
current timestep 220
num of flexible agents: 11
num of flexible tasks: 25
Solving time: 0.000538324 seconds
plan limit 980
current timestep 221
num of flexible agents: 16
num of flexible tasks: 25
Solving time: 0.000429184 seconds
plan limit 980
current timestep 222
num of flexible agents: 16
num of flexible tasks: 23
Solving time: 0.00067532 seconds
plan limit 980
current timestep 223
num of flexible agents: 14
num of flexible tasks: 20
Solving time: 0.00051055 seconds
plan limit 980
current timestep 224
num of flexible agents: 13
num of flexible tasks: 19
Solving time: 0.000520234 seconds
plan limit 980
current timestep 225
num of flexible agents: 15
num of flexible tasks: 18
Solving time: 0.000680461 seconds
plan limit 980
current timestep 226
num of flexible agents: 18
num of flexible tasks: 17
Solving time: 0.000668688 seconds
plan limit 980
current timestep 227
num of flexible agents: 18
num of flexible tasks: 16
Solving time: 0.000441427 seconds
plan limit 980
current timestep 228
num of flexible agents: 19
num of flexible tasks: 15
Solving time: 0.000468097 seconds
plan limit 980
current timestep 229
num of flexible agents: 19
num of flexible tasks: 15
Solving time: 0.000578929 seconds
plan limit 980
current timestep 230
num of flexible agents: 19
num of flexible tasks: 13
Solving time: 0.000421611 seconds
plan limit 980
current timestep 231
num of flexible agents: 20
num of flexible tasks: 13
Solving time: 0.0005342 seconds
plan limit 980
current timestep 232
num of flexible agents: 22
num of flexible tasks: 12
Solving time: 0.000442965 seconds
plan limit 980
current timestep 233
num of flexible agents: 22
num of flexible tasks: 11
Solving time: 0.000292582 seconds
plan limit 980
current timestep 234
num of flexible agents: 22
num of flexible tasks: 11
Solving time: 0.000431254 seconds
plan limit 980
current timestep 235
num of flexible agents: 23
num of flexible tasks: 10
Solving time: 0.000383995 seconds
plan limit 980
current timestep 236
num of flexible agents: 25
num of flexible tasks: 10
Solving time: 0.000364725 seconds
plan limit 980
current timestep 237
num of flexible agents: 28
num of flexible tasks: 7
Solving time: 0.000388319 seconds
plan limit 980
current timestep 238
num of flexible agents: 29
num of flexible tasks: 7
Solving time: 0.00033613 seconds
plan limit 980
current timestep 239
num of flexible agents: 30
num of flexible tasks: 7
Solving time: 0.000259467 seconds
plan limit 980
current timestep 240
num of flexible agents: 28
num of flexible tasks: 5
Solving time: 0.00040167 seconds
plan limit 980
current timestep 241
num of flexible agents: 30
num of flexible tasks: 5
Solving time: 0.000275678 seconds
plan limit 980
current timestep 242
num of flexible agents: 32
num of flexible tasks: 5
Solving time: 0.000235212 seconds
plan limit 980
current timestep 243
num of flexible agents: 31
num of flexible tasks: 4
Solving time: 0.000250329 seconds
plan limit 980
current timestep 244
num of flexible agents: 30
num of flexible tasks: 3
Solving time: 0.000318949 seconds
plan limit 980
current timestep 245
num of flexible agents: 28
num of flexible tasks: 1
Solving time: 0.000354489 seconds
plan limit 980
current timestep 246
num of flexible agents: 28
num of flexible tasks: 0
Solving time: 0.000290735 seconds
plan limit 980
current timestep 247
num of flexible agents: 31
num of flexible tasks: 0
Solving time: 0.00020065 seconds
plan limit 980
current timestep 248
num of flexible agents: 32
num of flexible tasks: 0
Solving time: 0.000204398 seconds
plan limit 980
current timestep 249
num of flexible agents: 32
num of flexible tasks: 0
Solving time: 0.000289157 seconds
plan limit 980
current timestep 250
num of flexible agents: 34
num of flexible tasks: 0
Solving time: 0.000214373 seconds
plan limit 980
current timestep 251
num of flexible agents: 34
num of flexible tasks: 0
Solving time: 0.000200527 seconds
plan limit 980
current timestep 252
num of flexible agents: 35
num of flexible tasks: 0
Solving time: 0.000293925 seconds
plan limit 980
current timestep 253
num of flexible agents: 37
num of flexible tasks: 0
Solving time: 0.000213435 seconds
plan limit 980
current timestep 254
num of flexible agents: 39
num of flexible tasks: 0
Solving time: 0.000311449 seconds
plan limit 980
current timestep 255
num of flexible agents: 41
num of flexible tasks: 0
Solving time: 0.000212661 seconds
plan limit 980
current timestep 256
num of flexible agents: 41
num of flexible tasks: 0
Solving time: 0.000290508 seconds
plan limit 980
current timestep 257
num of flexible agents: 41
num of flexible tasks: 0
Solving time: 0.000237869 seconds
plan limit 980
current timestep 258
num of flexible agents: 42
num of flexible tasks: 0
Solving time: 0.000300144 seconds
plan limit 980
current timestep 259
num of flexible agents: 44
num of flexible tasks: 0
Solving time: 0.00023633 seconds
plan limit 980
current timestep 260
num of flexible agents: 44
num of flexible tasks: 0
Solving time: 0.000297345 seconds
plan limit 980
current timestep 261
num of flexible agents: 44
num of flexible tasks: 0
Solving time: 0.000223462 seconds
plan limit 980
current timestep 262
num of flexible agents: 45
num of flexible tasks: 0
Solving time: 0.000210271 seconds
plan limit 980
current timestep 263
num of flexible agents: 45
num of flexible tasks: 0
Solving time: 0.000230094 seconds
plan limit 980
current timestep 264
num of flexible agents: 45
num of flexible tasks: 0
Solving time: 0.00030314 seconds
plan limit 980
current timestep 265
num of flexible agents: 46
num of flexible tasks: 0
Solving time: 0.00020601 seconds
plan limit 980
current timestep 266
num of flexible agents: 46
num of flexible tasks: 0
Solving time: 0.000290427 seconds
plan limit 980
current timestep 267
num of flexible agents: 46
num of flexible tasks: 0
Solving time: 0.000239749 seconds
plan limit 980
current timestep 268
num of flexible agents: 46
num of flexible tasks: 0
Solving time: 0.000298816 seconds
plan limit 980
current timestep 269
num of flexible agents: 46
num of flexible tasks: 0
Solving time: 0.000241586 seconds
plan limit 980
current timestep 270
num of flexible agents: 47
num of flexible tasks: 0
Solving time: 0.000309532 seconds
plan limit 980
current timestep 271
num of flexible agents: 47
num of flexible tasks: 0
Solving time: 0.000200187 seconds
plan limit 980
current timestep 272
num of flexible agents: 48
num of flexible tasks: 0
Solving time: 0.00030272 seconds
plan limit 980
current timestep 273
num of flexible agents: 48
num of flexible tasks: 0
Solving time: 0.000215277 seconds
plan limit 980
current timestep 274
num of flexible agents: 48
num of flexible tasks: 0
Solving time: 0.000238112 seconds
plan limit 980
current timestep 275
num of flexible agents: 48
num of flexible tasks: 0
Solving time: 0.000218561 seconds
plan limit 980
current timestep 276
num of flexible agents: 48
num of flexible tasks: 0
Solving time: 0.000291861 seconds
plan limit 980
current timestep 277
num of flexible agents: 48
num of flexible tasks: 0
Solving time: 0.000217075 seconds
plan limit 980
current timestep 278
num of flexible agents: 48
num of flexible tasks: 0
Solving time: 0.000306992 seconds
plan limit 980
current timestep 279
num of flexible agents: 49
num of flexible tasks: 0
Solving time: 0.000206183 seconds
plan limit 980
current timestep 280
num of flexible agents: 49
num of flexible tasks: 0
Solving time: 0.000201951 seconds
plan limit 980
current timestep 281
num of flexible agents: 49
num of flexible tasks: 0
Solving time: 0.000291152 seconds
plan limit 980
All tasks finished at timestep 282
