current timestep 0
num of flexible agents: 50
num of flexible tasks: 2
Solving time: 0.00029943 seconds
plan limit 980
current timestep 1
num of flexible agents: 49
num of flexible tasks: 3
Solving time: 0.000292465 seconds
plan limit 980
current timestep 2
num of flexible agents: 49
num of flexible tasks: 5
Solving time: 0.000252792 seconds
plan limit 980
current timestep 3
num of flexible agents: 49
num of flexible tasks: 7
Solving time: 0.000241971 seconds
plan limit 980
current timestep 4
num of flexible agents: 48
num of flexible tasks: 8
Solving time: 0.0002463 seconds
plan limit 980
current timestep 5
num of flexible agents: 46
num of flexible tasks: 8
Solving time: 0.000346974 seconds
plan limit 980
current timestep 6
num of flexible agents: 42
num of flexible tasks: 6
Solving time: 0.000314122 seconds
plan limit 980
current timestep 7
num of flexible agents: 38
num of flexible tasks: 4
Solving time: 0.000410618 seconds
plan limit 980
current timestep 8
num of flexible agents: 38
num of flexible tasks: 6
Solving time: 0.000338987 seconds
plan limit 980
current timestep 9
num of flexible agents: 38
num of flexible tasks: 8
Solving time: 0.000487694 seconds
plan limit 980
current timestep 10
num of flexible agents: 38
num of flexible tasks: 10
Solving time: 0.00034452 seconds
plan limit 980
current timestep 11
num of flexible agents: 38
num of flexible tasks: 11
Solving time: 0.000392127 seconds
plan limit 980
current timestep 12
num of flexible agents: 37
num of flexible tasks: 12
Solving time: 0.000390413 seconds
plan limit 980
current timestep 13
num of flexible agents: 36
num of flexible tasks: 12
Solving time: 0.000504966 seconds
plan limit 980
current timestep 14
num of flexible agents: 36
num of flexible tasks: 14
Solving time: 0.00051315 seconds
plan limit 980
current timestep 15
num of flexible agents: 36
num of flexible tasks: 16
Solving time: 0.000440783 seconds
plan limit 980
current timestep 16
num of flexible agents: 35
num of flexible tasks: 17
Solving time: 0.000380885 seconds
plan limit 980
current timestep 17
num of flexible agents: 35
num of flexible tasks: 18
Solving time: 0.000490079 seconds
plan limit 980
current timestep 18
num of flexible agents: 35
num of flexible tasks: 19
Solving time: 0.000399876 seconds
plan limit 980
current timestep 19
num of flexible agents: 31
num of flexible tasks: 17
Solving time: 0.000568529 seconds
plan limit 980
current timestep 20
num of flexible agents: 29
num of flexible tasks: 16
Solving time: 0.000387478 seconds
plan limit 980
current timestep 21
num of flexible agents: 27
num of flexible tasks: 16
Solving time: 0.000518453 seconds
plan limit 980
current timestep 22
num of flexible agents: 26
num of flexible tasks: 16
Solving time: 0.000442764 seconds
plan limit 980
current timestep 23
num of flexible agents: 26
num of flexible tasks: 17
Solving time: 0.000555025 seconds
plan limit 980
current timestep 24
num of flexible agents: 26
num of flexible tasks: 19
Solving time: 0.000397042 seconds
plan limit 980
current timestep 25
num of flexible agents: 27
num of flexible tasks: 20
Solving time: 0.000496685 seconds
plan limit 980
current timestep 26
num of flexible agents: 25
num of flexible tasks: 19
Solving time: 0.000622925 seconds
plan limit 980
current timestep 27
num of flexible agents: 22
num of flexible tasks: 18
Solving time: 0.000444714 seconds
plan limit 980
current timestep 28
num of flexible agents: 20
num of flexible tasks: 16
Solving time: 0.000606385 seconds
plan limit 980
current timestep 29
num of flexible agents: 17
num of flexible tasks: 14
Solving time: 0.000375386 seconds
plan limit 980
current timestep 30
num of flexible agents: 15
num of flexible tasks: 13
Solving time: 0.000439961 seconds
plan limit 980
current timestep 31
num of flexible agents: 15
num of flexible tasks: 15
Solving time: 0.000585981 seconds
plan limit 980
current timestep 32
num of flexible agents: 15
num of flexible tasks: 16
Solving time: 0.000442041 seconds
plan limit 980
current timestep 33
num of flexible agents: 15
num of flexible tasks: 16
Solving time: 0.000587198 seconds
plan limit 980
current timestep 34
num of flexible agents: 14
num of flexible tasks: 16
Solving time: 0.000418642 seconds
plan limit 980
current timestep 35
num of flexible agents: 14
num of flexible tasks: 16
Solving time: 0.000587068 seconds
plan limit 980
current timestep 36
num of flexible agents: 15
num of flexible tasks: 16
Solving time: 0.000478105 seconds
plan limit 980
current timestep 37
num of flexible agents: 12
num of flexible tasks: 14
Solving time: 0.000586562 seconds
plan limit 980
current timestep 38
num of flexible agents: 9
num of flexible tasks: 12
Solving time: 0.000586765 seconds
plan limit 980
current timestep 39
num of flexible agents: 8
num of flexible tasks: 13
Solving time: 0.000369661 seconds
plan limit 980
current timestep 40
num of flexible agents: 9
num of flexible tasks: 15
Solving time: 0.000523937 seconds
plan limit 980
current timestep 41
num of flexible agents: 9
num of flexible tasks: 15
Solving time: 0.000427478 seconds
plan limit 980
current timestep 42
num of flexible agents: 11
num of flexible tasks: 17
Solving time: 0.000420354 seconds
plan limit 980
current timestep 43
num of flexible agents: 11
num of flexible tasks: 17
Solving time: 0.000547869 seconds
plan limit 980
current timestep 44
num of flexible agents: 13
num of flexible tasks: 18
Solving time: 0.000596095 seconds
plan limit 980
current timestep 45
num of flexible agents: 14
num of flexible tasks: 20
Solving time: 0.000443785 seconds
plan limit 980
current timestep 46
num of flexible agents: 12
num of flexible tasks: 20
Solving time: 0.000451427 seconds
plan limit 980
current timestep 47
num of flexible agents: 9
num of flexible tasks: 19
Solving time: 0.000538892 seconds
plan limit 980
current timestep 48
num of flexible agents: 11
num of flexible tasks: 21
Solving time: 0.000411493 seconds
plan limit 980
current timestep 49
num of flexible agents: 11
num of flexible tasks: 21
Solving time: 0.000546327 seconds
plan limit 980
current timestep 50
num of flexible agents: 11
num of flexible tasks: 21
Solving time: 0.000384771 seconds
plan limit 980
current timestep 51
num of flexible agents: 13
num of flexible tasks: 21
Solving time: 0.000573945 seconds
plan limit 980
current timestep 52
num of flexible agents: 12
num of flexible tasks: 21
Solving time: 0.000519012 seconds
plan limit 980
current timestep 53
num of flexible agents: 12
num of flexible tasks: 20
Solving time: 0.00056754 seconds
plan limit 980
current timestep 54
num of flexible agents: 13
num of flexible tasks: 22
Solving time: 0.000590998 seconds
plan limit 980
current timestep 55
num of flexible agents: 15
num of flexible tasks: 23
Solving time: 0.000543879 seconds
plan limit 980
current timestep 56
num of flexible agents: 18
num of flexible tasks: 24
Solving time: 0.000594949 seconds
plan limit 980
current timestep 57
num of flexible agents: 16
num of flexible tasks: 22
Solving time: 0.000395156 seconds
plan limit 980
current timestep 58
num of flexible agents: 14
num of flexible tasks: 20
Solving time: 0.000571722 seconds
plan limit 980
current timestep 59
num of flexible agents: 13
num of flexible tasks: 19
Solving time: 0.000480489 seconds
plan limit 980
current timestep 60
num of flexible agents: 13
num of flexible tasks: 18
Solving time: 0.000552171 seconds
plan limit 980
current timestep 61
num of flexible agents: 13
num of flexible tasks: 18
Solving time: 0.000400031 seconds
plan limit 980
current timestep 62
num of flexible agents: 12
num of flexible tasks: 18
Solving time: 0.000534177 seconds
plan limit 980
current timestep 63
num of flexible agents: 13
num of flexible tasks: 20
Solving time: 0.000378017 seconds
plan limit 980
current timestep 64
num of flexible agents: 13
num of flexible tasks: 20
Solving time: 0.000519588 seconds
plan limit 980
current timestep 65
num of flexible agents: 13
num of flexible tasks: 20
Solving time: 0.000394983 seconds
plan limit 980
current timestep 66
num of flexible agents: 11
num of flexible tasks: 19
Solving time: 0.000502821 seconds
plan limit 980
current timestep 67
num of flexible agents: 10
num of flexible tasks: 19
Solving time: 0.000368152 seconds
plan limit 980
current timestep 68
num of flexible agents: 9
num of flexible tasks: 19
Solving time: 0.00035424 seconds
plan limit 980
current timestep 69
num of flexible agents: 10
num of flexible tasks: 20
Solving time: 0.000352659 seconds
plan limit 980
current timestep 70
num of flexible agents: 10
num of flexible tasks: 20
Solving time: 0.000496043 seconds
plan limit 980
current timestep 71
num of flexible agents: 11
num of flexible tasks: 21
Solving time: 0.000394996 seconds
plan limit 980
current timestep 72
num of flexible agents: 13
num of flexible tasks: 22
Solving time: 0.000498464 seconds
plan limit 980
current timestep 73
num of flexible agents: 16
num of flexible tasks: 23
Solving time: 0.00037841 seconds
plan limit 980
current timestep 74
num of flexible agents: 15
num of flexible tasks: 23
Solving time: 0.000366112 seconds
plan limit 980
current timestep 75
num of flexible agents: 16
num of flexible tasks: 21
Solving time: 0.000400362 seconds
plan limit 980
current timestep 76
num of flexible agents: 14
num of flexible tasks: 21
Solving time: 0.000364684 seconds
plan limit 980
current timestep 77
num of flexible agents: 15
num of flexible tasks: 23
Solving time: 0.00036904 seconds
plan limit 980
current timestep 78
num of flexible agents: 17
num of flexible tasks: 23
Solving time: 0.000498624 seconds
plan limit 980
current timestep 79
num of flexible agents: 13
num of flexible tasks: 20
Solving time: 0.000496077 seconds
plan limit 980
current timestep 80
num of flexible agents: 13
num of flexible tasks: 22
Solving time: 0.000371427 seconds
plan limit 980
current timestep 81
num of flexible agents: 9
num of flexible tasks: 18
Solving time: 0.000359243 seconds
plan limit 980
current timestep 82
num of flexible agents: 11
num of flexible tasks: 18
Solving time: 0.000523197 seconds
plan limit 980
current timestep 83
num of flexible agents: 10
num of flexible tasks: 18
Solving time: 0.000493129 seconds
plan limit 980
current timestep 84
num of flexible agents: 8
num of flexible tasks: 17
Solving time: 0.000524476 seconds
plan limit 980
current timestep 85
num of flexible agents: 9
num of flexible tasks: 19
Solving time: 0.000478096 seconds
plan limit 980
current timestep 86
num of flexible agents: 9
num of flexible tasks: 20
Solving time: 0.00047225 seconds
plan limit 980
current timestep 87
num of flexible agents: 10
num of flexible tasks: 21
Solving time: 0.000482451 seconds
plan limit 980
current timestep 88
num of flexible agents: 13
num of flexible tasks: 22
Solving time: 0.000369051 seconds
plan limit 980
current timestep 89
num of flexible agents: 15
num of flexible tasks: 23
Solving time: 0.000379067 seconds
plan limit 980
current timestep 90
num of flexible agents: 12
num of flexible tasks: 22
Solving time: 0.000537644 seconds
plan limit 980
current timestep 91
num of flexible agents: 13
num of flexible tasks: 22
Solving time: 0.000362058 seconds
plan limit 980
current timestep 92
num of flexible agents: 12
num of flexible tasks: 22
Solving time: 0.000521055 seconds
plan limit 980
current timestep 93
num of flexible agents: 14
num of flexible tasks: 23
Solving time: 0.000363537 seconds
plan limit 980
current timestep 94
num of flexible agents: 15
num of flexible tasks: 23
Solving time: 0.000465785 seconds
plan limit 980
current timestep 95
num of flexible agents: 13
num of flexible tasks: 23
Solving time: 0.000313102 seconds
plan limit 980
current timestep 96
num of flexible agents: 10
num of flexible tasks: 21
Solving time: 0.000310864 seconds
plan limit 980
current timestep 97
num of flexible agents: 9
num of flexible tasks: 19
Solving time: 0.000317584 seconds
plan limit 980
current timestep 98
num of flexible agents: 9
num of flexible tasks: 18
Solving time: 0.000489925 seconds
plan limit 980
current timestep 99
num of flexible agents: 10
num of flexible tasks: 18
Solving time: 0.000375697 seconds
plan limit 980
current timestep 100
num of flexible agents: 13
num of flexible tasks: 19
Solving time: 0.000400963 seconds
plan limit 980
current timestep 101
num of flexible agents: 16
num of flexible tasks: 21
Solving time: 0.000581394 seconds
plan limit 980
current timestep 102
num of flexible agents: 12
num of flexible tasks: 19
Solving time: 0.000408734 seconds
plan limit 980
current timestep 103
num of flexible agents: 13
num of flexible tasks: 19
Solving time: 0.000532258 seconds
plan limit 980
current timestep 104
num of flexible agents: 13
num of flexible tasks: 20
Solving time: 0.000495242 seconds
plan limit 980
current timestep 105
num of flexible agents: 14
num of flexible tasks: 20
Solving time: 0.000394854 seconds
plan limit 980
current timestep 106
num of flexible agents: 15
num of flexible tasks: 21
Solving time: 0.000414573 seconds
plan limit 980
current timestep 107
num of flexible agents: 14
num of flexible tasks: 19
Solving time: 0.000383852 seconds
plan limit 980
current timestep 108
num of flexible agents: 15
num of flexible tasks: 20
Solving time: 0.000550787 seconds
plan limit 980
current timestep 109
num of flexible agents: 14
num of flexible tasks: 20
Solving time: 0.000508703 seconds
plan limit 980
current timestep 110
num of flexible agents: 14
num of flexible tasks: 20
Solving time: 0.000529658 seconds
plan limit 980
current timestep 111
num of flexible agents: 15
num of flexible tasks: 20
Solving time: 0.000396113 seconds
plan limit 980
current timestep 112
num of flexible agents: 12
num of flexible tasks: 19
Solving time: 0.000355645 seconds
plan limit 980
current timestep 113
num of flexible agents: 11
num of flexible tasks: 19
Solving time: 0.000469996 seconds
plan limit 980
current timestep 114
num of flexible agents: 11
num of flexible tasks: 18
Solving time: 0.00049232 seconds
plan limit 980
current timestep 115
num of flexible agents: 12
num of flexible tasks: 20
Solving time: 0.000359892 seconds
plan limit 980
current timestep 116
num of flexible agents: 11
num of flexible tasks: 20
Solving time: 0.000370074 seconds
plan limit 980
current timestep 117
num of flexible agents: 12
num of flexible tasks: 21
Solving time: 0.00034589 seconds
plan limit 980
current timestep 118
num of flexible agents: 18
num of flexible tasks: 23
Solving time: 0.000564386 seconds
plan limit 980
current timestep 119
num of flexible agents: 14
num of flexible tasks: 21
Solving time: 0.000382286 seconds
plan limit 980
current timestep 120
num of flexible agents: 16
num of flexible tasks: 21
Solving time: 0.000624288 seconds
plan limit 980
current timestep 121
num of flexible agents: 13
num of flexible tasks: 20
Solving time: 0.000543033 seconds
plan limit 980
current timestep 122
num of flexible agents: 13
num of flexible tasks: 22
Solving time: 0.000544906 seconds
plan limit 980
current timestep 123
num of flexible agents: 13
num of flexible tasks: 21
Solving time: 0.000371483 seconds
plan limit 980
current timestep 124
num of flexible agents: 10
num of flexible tasks: 19
Solving time: 0.000515817 seconds
plan limit 980
current timestep 125
num of flexible agents: 9
num of flexible tasks: 20
Solving time: 0.000365321 seconds
plan limit 980
current timestep 126
num of flexible agents: 7
num of flexible tasks: 20
Solving time: 0.000490466 seconds
plan limit 980
current timestep 127
num of flexible agents: 7
num of flexible tasks: 21
Solving time: 0.000438177 seconds
plan limit 980
current timestep 128
num of flexible agents: 7
num of flexible tasks: 21
Solving time: 0.000329493 seconds
plan limit 980
current timestep 129
num of flexible agents: 9
num of flexible tasks: 22
Solving time: 0.000532345 seconds
plan limit 980
current timestep 130
num of flexible agents: 12
num of flexible tasks: 23
Solving time: 0.000375256 seconds
plan limit 980
current timestep 131
num of flexible agents: 10
num of flexible tasks: 21
Solving time: 0.000517568 seconds
plan limit 980
current timestep 132
num of flexible agents: 9
num of flexible tasks: 21
Solving time: 0.000319061 seconds
plan limit 980
current timestep 133
num of flexible agents: 9
num of flexible tasks: 22
Solving time: 0.000449501 seconds
plan limit 980
current timestep 134
num of flexible agents: 7
num of flexible tasks: 20
Solving time: 0.000322205 seconds
plan limit 980
current timestep 135
num of flexible agents: 7
num of flexible tasks: 20
Solving time: 0.000467473 seconds
plan limit 980
current timestep 136
num of flexible agents: 8
num of flexible tasks: 21
Solving time: 0.000330493 seconds
plan limit 980
current timestep 137
num of flexible agents: 8
num of flexible tasks: 23
Solving time: 0.000457329 seconds
plan limit 980
current timestep 138
num of flexible agents: 10
num of flexible tasks: 24
Solving time: 0.000383378 seconds
plan limit 980
current timestep 139
num of flexible agents: 12
num of flexible tasks: 25
Solving time: 0.000325468 seconds
plan limit 980
current timestep 140
num of flexible agents: 11
num of flexible tasks: 23
Solving time: 0.000344077 seconds
plan limit 980
current timestep 141
num of flexible agents: 14
num of flexible tasks: 25
Solving time: 0.000522286 seconds
plan limit 980
current timestep 142
num of flexible agents: 9
num of flexible tasks: 22
Solving time: 0.000316306 seconds
plan limit 980
current timestep 143
num of flexible agents: 7
num of flexible tasks: 22
Solving time: 0.000390845 seconds
plan limit 980
current timestep 144
num of flexible agents: 7
num of flexible tasks: 21
Solving time: 0.000372643 seconds
plan limit 980
current timestep 145
num of flexible agents: 10
num of flexible tasks: 22
Solving time: 0.000377327 seconds
plan limit 980
current timestep 146
num of flexible agents: 9
num of flexible tasks: 21
Solving time: 0.000437381 seconds
plan limit 980
current timestep 147
num of flexible agents: 6
num of flexible tasks: 20
Solving time: 0.000467815 seconds
plan limit 980
current timestep 148
num of flexible agents: 5
num of flexible tasks: 20
Solving time: 0.000296766 seconds
plan limit 980
current timestep 149
num of flexible agents: 6
num of flexible tasks: 21
Solving time: 0.000341272 seconds
plan limit 980
current timestep 150
num of flexible agents: 4
num of flexible tasks: 19
Solving time: 0.000310267 seconds
plan limit 980
current timestep 151
num of flexible agents: 6
num of flexible tasks: 21
Solving time: 0.000436077 seconds
plan limit 980
current timestep 152
num of flexible agents: 7
num of flexible tasks: 22
Solving time: 0.0003602 seconds
plan limit 980
current timestep 153
num of flexible agents: 8
num of flexible tasks: 24
Solving time: 0.000310032 seconds
plan limit 980
current timestep 154
num of flexible agents: 7
num of flexible tasks: 23
Solving time: 0.000337832 seconds
plan limit 980
current timestep 155
num of flexible agents: 7
num of flexible tasks: 24
Solving time: 0.000339054 seconds
plan limit 980
current timestep 156
num of flexible agents: 10
num of flexible tasks: 26
Solving time: 0.000364805 seconds
plan limit 980
current timestep 157
num of flexible agents: 10
num of flexible tasks: 27
Solving time: 0.000350525 seconds
plan limit 980
current timestep 158
num of flexible agents: 11
num of flexible tasks: 28
Solving time: 0.000350571 seconds
plan limit 980
current timestep 159
num of flexible agents: 12
num of flexible tasks: 29
Solving time: 0.00035043 seconds
plan limit 980
current timestep 160
num of flexible agents: 12
num of flexible tasks: 28
Solving time: 0.000359791 seconds
plan limit 980
current timestep 161
num of flexible agents: 9
num of flexible tasks: 25
Solving time: 0.000361026 seconds
plan limit 980
current timestep 162
num of flexible agents: 9
num of flexible tasks: 26
Solving time: 0.000468192 seconds
plan limit 980
current timestep 163
num of flexible agents: 8
num of flexible tasks: 26
Solving time: 0.000331404 seconds
plan limit 980
current timestep 164
num of flexible agents: 11
num of flexible tasks: 27
Solving time: 0.000337137 seconds
plan limit 980
current timestep 165
num of flexible agents: 8
num of flexible tasks: 25
Solving time: 0.000325578 seconds
plan limit 980
current timestep 166
num of flexible agents: 7
num of flexible tasks: 25
Solving time: 0.000466405 seconds
plan limit 980
current timestep 167
num of flexible agents: 8
num of flexible tasks: 27
Solving time: 0.000326223 seconds
plan limit 980
current timestep 168
num of flexible agents: 9
num of flexible tasks: 27
Solving time: 0.000344078 seconds
plan limit 980
current timestep 169
num of flexible agents: 12
num of flexible tasks: 28
Solving time: 0.000356874 seconds
plan limit 980
current timestep 170
num of flexible agents: 6
num of flexible tasks: 24
Solving time: 0.000314576 seconds
plan limit 980
current timestep 171
num of flexible agents: 8
num of flexible tasks: 25
Solving time: 0.000423978 seconds
plan limit 980
current timestep 172
num of flexible agents: 5
num of flexible tasks: 23
Solving time: 0.000329177 seconds
plan limit 980
current timestep 173
num of flexible agents: 5
num of flexible tasks: 25
Solving time: 0.0004369 seconds
plan limit 980
current timestep 174
num of flexible agents: 6
num of flexible tasks: 26
Solving time: 0.000317605 seconds
plan limit 980
current timestep 175
num of flexible agents: 7
num of flexible tasks: 26
Solving time: 0.000422126 seconds
plan limit 980
current timestep 176
num of flexible agents: 6
num of flexible tasks: 27
Solving time: 0.000443532 seconds
plan limit 980
current timestep 177
num of flexible agents: 6
num of flexible tasks: 27
Solving time: 0.000309995 seconds
plan limit 980
current timestep 178
num of flexible agents: 6
num of flexible tasks: 26
Solving time: 0.000462972 seconds
plan limit 980
current timestep 179
num of flexible agents: 6
num of flexible tasks: 28
Solving time: 0.000404522 seconds
plan limit 980
current timestep 180
num of flexible agents: 7
num of flexible tasks: 28
Solving time: 0.000453599 seconds
plan limit 980
current timestep 181
num of flexible agents: 7
num of flexible tasks: 28
Solving time: 0.000297619 seconds
plan limit 980
current timestep 182
num of flexible agents: 10
num of flexible tasks: 30
Solving time: 0.000463044 seconds
plan limit 980
current timestep 183
num of flexible agents: 10
num of flexible tasks: 30
Solving time: 0.000349974 seconds
plan limit 980
current timestep 184
num of flexible agents: 9
num of flexible tasks: 29
Solving time: 0.000383875 seconds
plan limit 980
current timestep 185
num of flexible agents: 9
num of flexible tasks: 29
Solving time: 0.000520705 seconds
plan limit 980
current timestep 186
num of flexible agents: 8
num of flexible tasks: 29
Solving time: 0.000485455 seconds
plan limit 980
current timestep 187
num of flexible agents: 12
num of flexible tasks: 31
Solving time: 0.000502719 seconds
plan limit 980
current timestep 188
num of flexible agents: 13
num of flexible tasks: 31
Solving time: 0.000499729 seconds
plan limit 980
current timestep 189
num of flexible agents: 12
num of flexible tasks: 31
Solving time: 0.000510861 seconds
plan limit 980
current timestep 190
num of flexible agents: 13
num of flexible tasks: 31
Solving time: 0.000365031 seconds
plan limit 980
current timestep 191
num of flexible agents: 10
num of flexible tasks: 29
Solving time: 0.000519632 seconds
plan limit 980
current timestep 192
num of flexible agents: 10
num of flexible tasks: 29
Solving time: 0.000361959 seconds
plan limit 980
current timestep 193
num of flexible agents: 11
num of flexible tasks: 31
Solving time: 0.000517972 seconds
plan limit 980
current timestep 194
num of flexible agents: 8
num of flexible tasks: 30
Solving time: 0.000530074 seconds
plan limit 980
current timestep 195
num of flexible agents: 10
num of flexible tasks: 32
Solving time: 0.00034382 seconds
plan limit 980
current timestep 196
num of flexible agents: 11
num of flexible tasks: 32
Solving time: 0.000499857 seconds
plan limit 980
current timestep 197
num of flexible agents: 11
num of flexible tasks: 32
Solving time: 0.000374294 seconds
plan limit 980
current timestep 198
num of flexible agents: 13
num of flexible tasks: 32
Solving time: 0.000367559 seconds
plan limit 980
current timestep 199
num of flexible agents: 14
num of flexible tasks: 33
Solving time: 0.00037149 seconds
plan limit 980
current timestep 200
num of flexible agents: 12
num of flexible tasks: 33
Solving time: 0.000373996 seconds
plan limit 980
current timestep 201
num of flexible agents: 13
num of flexible tasks: 34
Solving time: 0.000342368 seconds
plan limit 980
current timestep 202
num of flexible agents: 13
num of flexible tasks: 34
Solving time: 0.000536887 seconds
plan limit 980
current timestep 203
num of flexible agents: 15
num of flexible tasks: 35
Solving time: 0.000521651 seconds
plan limit 980
current timestep 204
num of flexible agents: 17
num of flexible tasks: 35
Solving time: 0.000557815 seconds
plan limit 980
current timestep 205
num of flexible agents: 16
num of flexible tasks: 34
Solving time: 0.000500999 seconds
plan limit 980
current timestep 206
num of flexible agents: 13
num of flexible tasks: 33
Solving time: 0.00035097 seconds
plan limit 980
current timestep 207
num of flexible agents: 9
num of flexible tasks: 29
Solving time: 0.000353473 seconds
plan limit 980
current timestep 208
num of flexible agents: 7
num of flexible tasks: 29
Solving time: 0.000344248 seconds
plan limit 980
current timestep 209
num of flexible agents: 7
num of flexible tasks: 31
Solving time: 0.000406238 seconds
plan limit 980
current timestep 210
num of flexible agents: 3
num of flexible tasks: 29
Solving time: 0.000317736 seconds
plan limit 980
current timestep 211
num of flexible agents: 2
num of flexible tasks: 29
Solving time: 0.0010389 seconds
plan limit 979
current timestep 212
num of flexible agents: 3
num of flexible tasks: 31
Solving time: 0.000248847 seconds
plan limit 980
current timestep 213
num of flexible agents: 4
num of flexible tasks: 31
Solving time: 0.000469797 seconds
plan limit 980
current timestep 214
num of flexible agents: 6
num of flexible tasks: 32
Solving time: 0.000479818 seconds
plan limit 980
current timestep 215
num of flexible agents: 8
num of flexible tasks: 34
Solving time: 0.000490598 seconds
plan limit 980
current timestep 216
num of flexible agents: 9
num of flexible tasks: 35
Solving time: 0.000400304 seconds
plan limit 980
current timestep 217
num of flexible agents: 10
num of flexible tasks: 34
Solving time: 0.000491216 seconds
plan limit 980
current timestep 218
num of flexible agents: 8
num of flexible tasks: 32
Solving time: 0.000413646 seconds
plan limit 980
current timestep 219
num of flexible agents: 8
num of flexible tasks: 32
Solving time: 0.000437268 seconds
plan limit 980
current timestep 220
num of flexible agents: 9
num of flexible tasks: 33
Solving time: 0.000488658 seconds
plan limit 980
current timestep 221
num of flexible agents: 10
num of flexible tasks: 34
Solving time: 0.000405674 seconds
plan limit 980
current timestep 222
num of flexible agents: 9
num of flexible tasks: 32
Solving time: 0.000361705 seconds
plan limit 980
current timestep 223
num of flexible agents: 9
num of flexible tasks: 33
Solving time: 0.000334226 seconds
plan limit 980
current timestep 224
num of flexible agents: 9
num of flexible tasks: 33
Solving time: 0.000344563 seconds
plan limit 980
current timestep 225
num of flexible agents: 8
num of flexible tasks: 33
Solving time: 0.000333112 seconds
plan limit 980
current timestep 226
num of flexible agents: 7
num of flexible tasks: 33
Solving time: 0.000323455 seconds
plan limit 980
current timestep 227
num of flexible agents: 5
num of flexible tasks: 32
Solving time: 0.00042314 seconds
plan limit 980
current timestep 228
num of flexible agents: 9
num of flexible tasks: 33
Solving time: 0.000343596 seconds
plan limit 980
current timestep 229
num of flexible agents: 11
num of flexible tasks: 31
Solving time: 0.000512997 seconds
plan limit 980
current timestep 230
num of flexible agents: 10
num of flexible tasks: 32
Solving time: 0.000388999 seconds
plan limit 980
current timestep 231
num of flexible agents: 9
num of flexible tasks: 32
Solving time: 0.000507747 seconds
plan limit 980
current timestep 232
num of flexible agents: 10
num of flexible tasks: 33
Solving time: 0.000458169 seconds
plan limit 980
current timestep 233
num of flexible agents: 9
num of flexible tasks: 33
Solving time: 0.00041545 seconds
plan limit 980
current timestep 234
num of flexible agents: 9
num of flexible tasks: 34
Solving time: 0.000467131 seconds
plan limit 980
current timestep 235
num of flexible agents: 7
num of flexible tasks: 34
Solving time: 0.000479851 seconds
plan limit 980
current timestep 236
num of flexible agents: 8
num of flexible tasks: 34
Solving time: 0.000471627 seconds
plan limit 979
current timestep 237
num of flexible agents: 8
num of flexible tasks: 35
Solving time: 0.000479522 seconds
plan limit 980
current timestep 238
num of flexible agents: 9
num of flexible tasks: 35
Solving time: 0.000411312 seconds
plan limit 980
current timestep 239
num of flexible agents: 9
num of flexible tasks: 36
Solving time: 0.000407813 seconds
plan limit 980
current timestep 240
num of flexible agents: 12
num of flexible tasks: 38
Solving time: 0.00035321 seconds
plan limit 980
current timestep 241
num of flexible agents: 8
num of flexible tasks: 35
Solving time: 0.00039548 seconds
plan limit 980
current timestep 242
num of flexible agents: 4
num of flexible tasks: 33
Solving time: 0.000320199 seconds
plan limit 980
current timestep 243
num of flexible agents: 2
num of flexible tasks: 32
Solving time: 0.000451267 seconds
plan limit 980
current timestep 244
num of flexible agents: 6
num of flexible tasks: 34
Solving time: 0.000402575 seconds
plan limit 980
current timestep 245
num of flexible agents: 6
num of flexible tasks: 34
Solving time: 0.00045446 seconds
plan limit 980
current timestep 246
num of flexible agents: 8
num of flexible tasks: 36
Solving time: 0.000517079 seconds
plan limit 980
current timestep 247
num of flexible agents: 7
num of flexible tasks: 36
Solving time: 0.000497425 seconds
plan limit 980
current timestep 248
num of flexible agents: 7
num of flexible tasks: 36
Solving time: 0.000376625 seconds
plan limit 980
current timestep 249
num of flexible agents: 7
num of flexible tasks: 37
Solving time: 0.000343565 seconds
plan limit 980
current timestep 250
num of flexible agents: 6
num of flexible tasks: 35
Solving time: 0.00050533 seconds
plan limit 980
current timestep 251
num of flexible agents: 8
num of flexible tasks: 33
Solving time: 0.000485682 seconds
plan limit 980
current timestep 252
num of flexible agents: 8
num of flexible tasks: 30
Solving time: 0.000344948 seconds
plan limit 980
current timestep 253
num of flexible agents: 8
num of flexible tasks: 29
Solving time: 0.000343142 seconds
plan limit 980
current timestep 254
num of flexible agents: 7
num of flexible tasks: 27
Solving time: 0.000484397 seconds
plan limit 980
current timestep 255
num of flexible agents: 7
num of flexible tasks: 25
Solving time: 0.000486057 seconds
plan limit 980
current timestep 256
num of flexible agents: 7
num of flexible tasks: 24
Solving time: 0.000487283 seconds
plan limit 980
current timestep 257
num of flexible agents: 7
num of flexible tasks: 23
Solving time: 0.000329697 seconds
plan limit 980
current timestep 258
num of flexible agents: 10
num of flexible tasks: 22
Solving time: 0.000470066 seconds
plan limit 980
current timestep 259
num of flexible agents: 9
num of flexible tasks: 21
Solving time: 0.000496742 seconds
plan limit 980
current timestep 260
num of flexible agents: 9
num of flexible tasks: 19
Solving time: 0.000399639 seconds
plan limit 980
current timestep 261
num of flexible agents: 12
num of flexible tasks: 19
Solving time: 0.000419356 seconds
plan limit 980
current timestep 262
num of flexible agents: 10
num of flexible tasks: 16
Solving time: 0.000385932 seconds
plan limit 980
current timestep 263
num of flexible agents: 14
num of flexible tasks: 16
Solving time: 0.000605106 seconds
plan limit 980
current timestep 264
num of flexible agents: 12
num of flexible tasks: 14
Solving time: 0.000437957 seconds
plan limit 980
current timestep 265
num of flexible agents: 14
num of flexible tasks: 13
Solving time: 0.000408359 seconds
plan limit 980
current timestep 266
num of flexible agents: 16
num of flexible tasks: 12
Solving time: 0.000348761 seconds
plan limit 980
current timestep 267
num of flexible agents: 18
num of flexible tasks: 10
Solving time: 0.000311125 seconds
plan limit 980
current timestep 268
num of flexible agents: 18
num of flexible tasks: 9
Solving time: 0.000417369 seconds
plan limit 980
current timestep 269
num of flexible agents: 19
num of flexible tasks: 8
Solving time: 0.000274976 seconds
plan limit 980
current timestep 270
num of flexible agents: 21
num of flexible tasks: 6
Solving time: 0.000332178 seconds
plan limit 980
current timestep 271
num of flexible agents: 22
num of flexible tasks: 6
Solving time: 0.00022611 seconds
plan limit 980
current timestep 272
num of flexible agents: 18
num of flexible tasks: 2
Solving time: 0.000308677 seconds
plan limit 980
current timestep 273
num of flexible agents: 19
num of flexible tasks: 1
Solving time: 0.000260916 seconds
plan limit 980
current timestep 274
num of flexible agents: 20
num of flexible tasks: 1
Solving time: 0.000355678 seconds
plan limit 980
current timestep 275
num of flexible agents: 23
num of flexible tasks: 1
Solving time: 0.000213735 seconds
plan limit 980
current timestep 276
num of flexible agents: 23
num of flexible tasks: 0
Solving time: 0.00020488 seconds
plan limit 980
current timestep 277
num of flexible agents: 28
num of flexible tasks: 0
Solving time: 0.00030264 seconds
plan limit 980
current timestep 278
num of flexible agents: 29
num of flexible tasks: 0
Solving time: 0.000207267 seconds
plan limit 980
current timestep 279
num of flexible agents: 32
num of flexible tasks: 0
Solving time: 0.000274181 seconds
plan limit 980
current timestep 280
num of flexible agents: 34
num of flexible tasks: 0
Solving time: 0.000203219 seconds
plan limit 980
current timestep 281
num of flexible agents: 35
num of flexible tasks: 0
Solving time: 0.000199822 seconds
plan limit 980
current timestep 282
num of flexible agents: 35
num of flexible tasks: 0
Solving time: 0.000286177 seconds
plan limit 980
current timestep 283
num of flexible agents: 35
num of flexible tasks: 0
Solving time: 0.000198234 seconds
plan limit 980
current timestep 284
num of flexible agents: 36
num of flexible tasks: 0
Solving time: 0.000271261 seconds
plan limit 980
current timestep 285
num of flexible agents: 37
num of flexible tasks: 0
Solving time: 0.000196785 seconds
plan limit 980
current timestep 286
num of flexible agents: 38
num of flexible tasks: 0
Solving time: 0.000285663 seconds
plan limit 980
current timestep 287
num of flexible agents: 38
num of flexible tasks: 0
Solving time: 0.000204866 seconds
plan limit 980
current timestep 288
num of flexible agents: 40
num of flexible tasks: 0
Solving time: 0.000296089 seconds
plan limit 980
current timestep 289
num of flexible agents: 40
num of flexible tasks: 0
Solving time: 0.000204634 seconds
plan limit 980
current timestep 290
num of flexible agents: 41
num of flexible tasks: 0
Solving time: 0.000281963 seconds
plan limit 980
current timestep 291
num of flexible agents: 41
num of flexible tasks: 0
Solving time: 0.000265997 seconds
plan limit 980
current timestep 292
num of flexible agents: 42
num of flexible tasks: 0
Solving time: 0.000195363 seconds
plan limit 980
current timestep 293
num of flexible agents: 44
num of flexible tasks: 0
Solving time: 0.00028983 seconds
plan limit 980
current timestep 294
num of flexible agents: 44
num of flexible tasks: 0
Solving time: 0.000192718 seconds
plan limit 980
current timestep 295
num of flexible agents: 45
num of flexible tasks: 0
Solving time: 0.000301613 seconds
plan limit 980
current timestep 296
num of flexible agents: 45
num of flexible tasks: 0
Solving time: 0.000271876 seconds
plan limit 980
current timestep 297
num of flexible agents: 47
num of flexible tasks: 0
Solving time: 0.000189921 seconds
plan limit 980
current timestep 298
num of flexible agents: 47
num of flexible tasks: 0
Solving time: 0.000270574 seconds
plan limit 980
current timestep 299
num of flexible agents: 47
num of flexible tasks: 0
Solving time: 0.000197991 seconds
plan limit 980
current timestep 300
num of flexible agents: 47
num of flexible tasks: 0
Solving time: 0.000275698 seconds
plan limit 980
current timestep 301
num of flexible agents: 48
num of flexible tasks: 0
Solving time: 0.000200942 seconds
plan limit 980
current timestep 302
num of flexible agents: 48
num of flexible tasks: 0
Solving time: 0.000271767 seconds
plan limit 980
current timestep 303
num of flexible agents: 49
num of flexible tasks: 0
Solving time: 0.000302649 seconds
plan limit 980
All tasks finished at timestep 304
