current timestep 0
num of flexible agents: 80
num of flexible tasks: 10
Solving time: 0.000396097 seconds
plan limit 980
current timestep 1
num of flexible agents: 77
num of flexible tasks: 17
Solving time: 0.000576567 seconds
plan limit 980
current timestep 2
num of flexible agents: 74
num of flexible tasks: 24
Solving time: 0.000410854 seconds
plan limit 980
current timestep 3
num of flexible agents: 69
num of flexible tasks: 29
Solving time: 0.00069168 seconds
plan limit 980
current timestep 4
num of flexible agents: 63
num of flexible tasks: 33
Solving time: 0.000515865 seconds
plan limit 980
current timestep 5
num of flexible agents: 58
num of flexible tasks: 38
Solving time: 0.000748884 seconds
plan limit 980
current timestep 6
num of flexible agents: 50
num of flexible tasks: 40
Solving time: 0.0007385 seconds
plan limit 980
current timestep 7
num of flexible agents: 47
num of flexible tasks: 47
Solving time: 0.000605243 seconds
plan limit 980
current timestep 8
num of flexible agents: 43
num of flexible tasks: 52
Solving time: 0.000728491 seconds
plan limit 980
current timestep 9
num of flexible agents: 40
num of flexible tasks: 59
Solving time: 0.000597967 seconds
plan limit 980
current timestep 10
num of flexible agents: 33
num of flexible tasks: 61
Solving time: 0.000433209 seconds
plan limit 980
current timestep 11
num of flexible agents: 28
num of flexible tasks: 64
Solving time: 0.000348759 seconds
plan limit 980
current timestep 12
num of flexible agents: 21
num of flexible tasks: 66
Solving time: 0.000337838 seconds
plan limit 980
current timestep 13
num of flexible agents: 17
num of flexible tasks: 70
Solving time: 0.000321643 seconds
plan limit 980
current timestep 14
num of flexible agents: 14
num of flexible tasks: 76
Solving time: 0.000319474 seconds
plan limit 980
current timestep 15
num of flexible agents: 15
num of flexible tasks: 85
Solving time: 0.000324558 seconds
plan limit 980
current timestep 16
num of flexible agents: 13
num of flexible tasks: 91
Solving time: 0.000322779 seconds
plan limit 980
current timestep 17
num of flexible agents: 9
num of flexible tasks: 97
Solving time: 0.000331078 seconds
plan limit 980
current timestep 18
num of flexible agents: 7
num of flexible tasks: 104
Solving time: 0.000277195 seconds
plan limit 980
current timestep 19
num of flexible agents: 8
num of flexible tasks: 114
Solving time: 0.000438047 seconds
plan limit 980
current timestep 20
num of flexible agents: 6
num of flexible tasks: 120
Solving time: 0.000293806 seconds
plan limit 980
current timestep 21
num of flexible agents: 5
num of flexible tasks: 128
Solving time: 0.000414341 seconds
plan limit 980
current timestep 22
num of flexible agents: 6
num of flexible tasks: 136
Solving time: 0.00029296 seconds
plan limit 980
current timestep 23
num of flexible agents: 6
num of flexible tasks: 142
Solving time: 0.000433127 seconds
plan limit 980
current timestep 24
num of flexible agents: 7
num of flexible tasks: 151
Solving time: 0.000285268 seconds
plan limit 980
current timestep 25
num of flexible agents: 8
num of flexible tasks: 160
Solving time: 0.000439714 seconds
plan limit 980
current timestep 26
num of flexible agents: 7
num of flexible tasks: 166
Solving time: 0.000292171 seconds
plan limit 980
current timestep 27
num of flexible agents: 7
num of flexible tasks: 173
Solving time: 0.000284396 seconds
plan limit 980
current timestep 28
num of flexible agents: 7
num of flexible tasks: 181
Solving time: 0.000433677 seconds
plan limit 980
current timestep 29
num of flexible agents: 5
num of flexible tasks: 187
Solving time: 0.00029769 seconds
plan limit 980
current timestep 30
num of flexible agents: 3
num of flexible tasks: 193
Solving time: 0.000877044 seconds
plan limit 979
current timestep 31
num of flexible agents: 3
num of flexible tasks: 200
Solving time: 0.00100339 seconds
plan limit 979
current timestep 32
num of flexible agents: 2
num of flexible tasks: 207
Solving time: 0.000793361 seconds
plan limit 980
current timestep 33
num of flexible agents: 7
num of flexible tasks: 215
Solving time: 0.000297445 seconds
plan limit 980
current timestep 34
num of flexible agents: 1
num of flexible tasks: 219
Solving time: 0.000516025 seconds
plan limit 980
current timestep 35
num of flexible agents: 3
num of flexible tasks: 229
Solving time: 0.000839888 seconds
plan limit 980
current timestep 36
num of flexible agents: 3
num of flexible tasks: 238
Solving time: 0.000996697 seconds
plan limit 979
current timestep 37
num of flexible agents: 8
num of flexible tasks: 247
Solving time: 0.000325764 seconds
plan limit 980
current timestep 38
num of flexible agents: 4
num of flexible tasks: 250
Solving time: 0.00106142 seconds
plan limit 979
current timestep 39
num of flexible agents: 6
num of flexible tasks: 258
Solving time: 0.00029172 seconds
plan limit 980
current timestep 40
num of flexible agents: 4
num of flexible tasks: 263
Solving time: 0.00105142 seconds
plan limit 979
current timestep 41
num of flexible agents: 6
num of flexible tasks: 270
Solving time: 0.000323538 seconds
plan limit 980
current timestep 42
num of flexible agents: 5
num of flexible tasks: 276
Solving time: 0.00100017 seconds
plan limit 979
current timestep 43
num of flexible agents: 11
num of flexible tasks: 283
Solving time: 0.0004662 seconds
plan limit 980
current timestep 44
num of flexible agents: 7
num of flexible tasks: 287
Solving time: 0.000269866 seconds
plan limit 980
current timestep 45
num of flexible agents: 5
num of flexible tasks: 290
Solving time: 0.000929463 seconds
plan limit 979
current timestep 46
num of flexible agents: 6
num of flexible tasks: 295
Solving time: 0.000426893 seconds
plan limit 980
current timestep 47
num of flexible agents: 5
num of flexible tasks: 301
Solving time: 0.00109577 seconds
plan limit 979
current timestep 48
num of flexible agents: 6
num of flexible tasks: 306
Solving time: 0.000409649 seconds
plan limit 980
current timestep 49
num of flexible agents: 2
num of flexible tasks: 311
Solving time: 0.000716949 seconds
plan limit 980
current timestep 50
num of flexible agents: 3
num of flexible tasks: 310
Solving time: 0.00101381 seconds
plan limit 979
current timestep 51
num of flexible agents: 4
num of flexible tasks: 308
Solving time: 0.000865742 seconds
plan limit 979
current timestep 52
num of flexible agents: 2
num of flexible tasks: 304
Solving time: 0.000885555 seconds
plan limit 979
current timestep 53
num of flexible agents: 3
num of flexible tasks: 302
Solving time: 0.000857333 seconds
plan limit 980
current timestep 54
num of flexible agents: 11
num of flexible tasks: 299
Solving time: 0.000471221 seconds
plan limit 980
current timestep 55
num of flexible agents: 4
num of flexible tasks: 291
Solving time: 0.000861858 seconds
plan limit 979
current timestep 56
num of flexible agents: 5
num of flexible tasks: 288
Solving time: 0.00110553 seconds
plan limit 979
current timestep 57
num of flexible agents: 3
num of flexible tasks: 284
Solving time: 0.000842824 seconds
plan limit 980
current timestep 58
num of flexible agents: 4
num of flexible tasks: 282
Solving time: 0.00086958 seconds
plan limit 979
current timestep 59
num of flexible agents: 3
num of flexible tasks: 278
Solving time: 0.00100622 seconds
plan limit 979
current timestep 60
num of flexible agents: 5
num of flexible tasks: 277
Solving time: 0.00092925 seconds
plan limit 979
current timestep 61
num of flexible agents: 4
num of flexible tasks: 272
Solving time: 0.00102688 seconds
plan limit 979
current timestep 62
num of flexible agents: 3
num of flexible tasks: 268
Solving time: 0.000837487 seconds
plan limit 980
current timestep 63
num of flexible agents: 2
num of flexible tasks: 265
Solving time: 0.000892774 seconds
plan limit 979
current timestep 64
num of flexible agents: 3
num of flexible tasks: 263
Solving time: 0.000826426 seconds
plan limit 980
current timestep 65
num of flexible agents: 3
num of flexible tasks: 261
Solving time: 0.000989791 seconds
plan limit 979
current timestep 66
num of flexible agents: 3
num of flexible tasks: 258
Solving time: 0.000832065 seconds
plan limit 980
current timestep 67
num of flexible agents: 4
num of flexible tasks: 255
Solving time: 0.00104696 seconds
plan limit 979
current timestep 68
num of flexible agents: 5
num of flexible tasks: 252
Solving time: 0.00112055 seconds
plan limit 979
current timestep 69
num of flexible agents: 7
num of flexible tasks: 248
Solving time: 0.000312799 seconds
plan limit 980
current timestep 70
num of flexible agents: 4
num of flexible tasks: 244
Solving time: 0.0010419 seconds
plan limit 979
current timestep 71
num of flexible agents: 7
num of flexible tasks: 242
Solving time: 0.000312387 seconds
plan limit 980
current timestep 72
num of flexible agents: 8
num of flexible tasks: 237
Solving time: 0.000320049 seconds
plan limit 980
current timestep 73
num of flexible agents: 3
num of flexible tasks: 230
Solving time: 0.00101974 seconds
plan limit 979
current timestep 74
num of flexible agents: 9
num of flexible tasks: 228
Solving time: 0.000342938 seconds
plan limit 980
current timestep 75
num of flexible agents: 5
num of flexible tasks: 221
Solving time: 0.000963408 seconds
plan limit 979
current timestep 76
num of flexible agents: 7
num of flexible tasks: 219
Solving time: 0.000335291 seconds
plan limit 980
current timestep 77
num of flexible agents: 5
num of flexible tasks: 215
Solving time: 0.000967366 seconds
plan limit 979
current timestep 78
num of flexible agents: 7
num of flexible tasks: 213
Solving time: 0.000331328 seconds
plan limit 980
current timestep 79
num of flexible agents: 10
num of flexible tasks: 211
Solving time: 0.000305109 seconds
plan limit 980
current timestep 80
num of flexible agents: 10
num of flexible tasks: 207
Solving time: 0.000307917 seconds
plan limit 980
current timestep 81
num of flexible agents: 10
num of flexible tasks: 202
Solving time: 0.000309237 seconds
plan limit 980
current timestep 82
num of flexible agents: 8
num of flexible tasks: 196
Solving time: 0.000304368 seconds
plan limit 980
current timestep 83
num of flexible agents: 5
num of flexible tasks: 190
Solving time: 0.000959643 seconds
plan limit 979
current timestep 84
num of flexible agents: 5
num of flexible tasks: 188
Solving time: 0.000954731 seconds
plan limit 979
current timestep 85
num of flexible agents: 6
num of flexible tasks: 188
Solving time: 0.000282546 seconds
plan limit 980
current timestep 86
num of flexible agents: 2
num of flexible tasks: 183
Solving time: 0.000758646 seconds
plan limit 980
current timestep 87
num of flexible agents: 4
num of flexible tasks: 182
Solving time: 0.000915766 seconds
plan limit 979
current timestep 88
num of flexible agents: 7
num of flexible tasks: 179
Solving time: 0.000303485 seconds
plan limit 980
current timestep 89
num of flexible agents: 6
num of flexible tasks: 176
Solving time: 0.00031613 seconds
plan limit 980
current timestep 90
num of flexible agents: 9
num of flexible tasks: 173
Solving time: 0.000315924 seconds
plan limit 980
current timestep 91
num of flexible agents: 7
num of flexible tasks: 170
Solving time: 0.00032447 seconds
plan limit 980
current timestep 92
num of flexible agents: 3
num of flexible tasks: 166
Solving time: 0.000836252 seconds
plan limit 980
current timestep 93
num of flexible agents: 4
num of flexible tasks: 164
Solving time: 0.000911197 seconds
plan limit 979
current timestep 94
num of flexible agents: 7
num of flexible tasks: 163
Solving time: 0.000300569 seconds
plan limit 980
current timestep 95
num of flexible agents: 6
num of flexible tasks: 159
Solving time: 0.000300052 seconds
plan limit 980
current timestep 96
num of flexible agents: 7
num of flexible tasks: 156
Solving time: 0.000298059 seconds
plan limit 980
current timestep 97
num of flexible agents: 7
num of flexible tasks: 152
Solving time: 0.000473515 seconds
plan limit 980
current timestep 98
num of flexible agents: 5
num of flexible tasks: 148
Solving time: 0.000310523 seconds
plan limit 980
current timestep 99
num of flexible agents: 4
num of flexible tasks: 145
Solving time: 0.000875972 seconds
plan limit 979
current timestep 100
num of flexible agents: 9
num of flexible tasks: 145
Solving time: 0.000457261 seconds
plan limit 980
current timestep 101
num of flexible agents: 9
num of flexible tasks: 140
Solving time: 0.000317778 seconds
plan limit 980
current timestep 102
num of flexible agents: 8
num of flexible tasks: 137
Solving time: 0.000306535 seconds
plan limit 980
current timestep 103
num of flexible agents: 8
num of flexible tasks: 133
Solving time: 0.000328139 seconds
plan limit 980
current timestep 104
num of flexible agents: 8
num of flexible tasks: 131
Solving time: 0.000324348 seconds
plan limit 980
current timestep 105
num of flexible agents: 12
num of flexible tasks: 129
Solving time: 0.000476487 seconds
plan limit 980
current timestep 106
num of flexible agents: 10
num of flexible tasks: 124
Solving time: 0.000357446 seconds
plan limit 980
current timestep 107
num of flexible agents: 11
num of flexible tasks: 122
Solving time: 0.000476082 seconds
plan limit 980
current timestep 108
num of flexible agents: 17
num of flexible tasks: 121
Solving time: 0.000325159 seconds
plan limit 980
current timestep 109
num of flexible agents: 18
num of flexible tasks: 117
Solving time: 0.000484365 seconds
plan limit 980
current timestep 110
num of flexible agents: 20
num of flexible tasks: 114
Solving time: 0.000335682 seconds
plan limit 980
current timestep 111
num of flexible agents: 16
num of flexible tasks: 107
Solving time: 0.000464221 seconds
plan limit 980
current timestep 112
num of flexible agents: 17
num of flexible tasks: 106
Solving time: 0.000358888 seconds
plan limit 980
current timestep 113
num of flexible agents: 16
num of flexible tasks: 100
Solving time: 0.000507221 seconds
plan limit 980
current timestep 114
num of flexible agents: 14
num of flexible tasks: 94
Solving time: 0.000360365 seconds
plan limit 980
current timestep 115
num of flexible agents: 10
num of flexible tasks: 90
Solving time: 0.000358159 seconds
plan limit 980
current timestep 116
num of flexible agents: 13
num of flexible tasks: 88
Solving time: 0.000465126 seconds
plan limit 980
current timestep 117
num of flexible agents: 14
num of flexible tasks: 86
Solving time: 0.000332634 seconds
plan limit 980
current timestep 118
num of flexible agents: 10
num of flexible tasks: 81
Solving time: 0.000487342 seconds
plan limit 980
current timestep 119
num of flexible agents: 14
num of flexible tasks: 80
Solving time: 0.000335648 seconds
plan limit 980
current timestep 120
num of flexible agents: 13
num of flexible tasks: 77
Solving time: 0.000343717 seconds
plan limit 980
current timestep 121
num of flexible agents: 12
num of flexible tasks: 72
Solving time: 0.000379177 seconds
plan limit 980
current timestep 122
num of flexible agents: 16
num of flexible tasks: 71
Solving time: 0.000550764 seconds
plan limit 980
current timestep 123
num of flexible agents: 14
num of flexible tasks: 65
Solving time: 0.000366078 seconds
plan limit 980
current timestep 124
num of flexible agents: 11
num of flexible tasks: 61
Solving time: 0.000507174 seconds
plan limit 980
current timestep 125
num of flexible agents: 12
num of flexible tasks: 59
Solving time: 0.00034849 seconds
plan limit 980
current timestep 126
num of flexible agents: 13
num of flexible tasks: 55
Solving time: 0.000525537 seconds
plan limit 980
current timestep 127
num of flexible agents: 21
num of flexible tasks: 55
Solving time: 0.000403612 seconds
plan limit 980
current timestep 128
num of flexible agents: 20
num of flexible tasks: 51
Solving time: 0.000573763 seconds
plan limit 980
current timestep 129
num of flexible agents: 20
num of flexible tasks: 51
Solving time: 0.000397267 seconds
plan limit 980
current timestep 130
num of flexible agents: 20
num of flexible tasks: 48
Solving time: 0.000376587 seconds
plan limit 980
current timestep 131
num of flexible agents: 18
num of flexible tasks: 44
Solving time: 0.000522129 seconds
plan limit 980
current timestep 132
num of flexible agents: 19
num of flexible tasks: 43
Solving time: 0.000524356 seconds
plan limit 980
current timestep 133
num of flexible agents: 22
num of flexible tasks: 43
Solving time: 0.000399578 seconds
plan limit 980
current timestep 134
num of flexible agents: 22
num of flexible tasks: 39
Solving time: 0.000404431 seconds
plan limit 980
current timestep 135
num of flexible agents: 21
num of flexible tasks: 35
Solving time: 0.000411651 seconds
plan limit 980
current timestep 136
num of flexible agents: 20
num of flexible tasks: 30
Solving time: 0.000375661 seconds
plan limit 980
current timestep 137
num of flexible agents: 20
num of flexible tasks: 28
Solving time: 0.000420709 seconds
plan limit 980
current timestep 138
num of flexible agents: 17
num of flexible tasks: 24
Solving time: 0.000409564 seconds
plan limit 980
current timestep 139
num of flexible agents: 16
num of flexible tasks: 21
Solving time: 0.000440228 seconds
plan limit 980
current timestep 140
num of flexible agents: 17
num of flexible tasks: 20
Solving time: 0.000569126 seconds
plan limit 980
current timestep 141
num of flexible agents: 15
num of flexible tasks: 16
Solving time: 0.000457378 seconds
plan limit 980
current timestep 142
num of flexible agents: 16
num of flexible tasks: 16
Solving time: 0.000621983 seconds
plan limit 980
current timestep 143
num of flexible agents: 19
num of flexible tasks: 16
Solving time: 0.000382518 seconds
plan limit 980
current timestep 144
num of flexible agents: 19
num of flexible tasks: 15
Solving time: 0.000331894 seconds
plan limit 980
current timestep 145
num of flexible agents: 20
num of flexible tasks: 11
Solving time: 0.000488111 seconds
plan limit 980
current timestep 146
num of flexible agents: 21
num of flexible tasks: 9
Solving time: 0.000344801 seconds
plan limit 980
current timestep 147
num of flexible agents: 23
num of flexible tasks: 7
Solving time: 0.000412908 seconds
plan limit 980
current timestep 148
num of flexible agents: 23
num of flexible tasks: 5
Solving time: 0.000250544 seconds
plan limit 980
current timestep 149
num of flexible agents: 22
num of flexible tasks: 3
Solving time: 0.000380252 seconds
plan limit 980
current timestep 150
num of flexible agents: 20
num of flexible tasks: 1
Solving time: 0.000243304 seconds
plan limit 980
current timestep 151
num of flexible agents: 22
num of flexible tasks: 1
Solving time: 0.000335615 seconds
plan limit 980
current timestep 152
num of flexible agents: 25
num of flexible tasks: 1
Solving time: 0.000346455 seconds
plan limit 980
current timestep 153
num of flexible agents: 27
num of flexible tasks: 1
Solving time: 0.000227146 seconds
plan limit 980
current timestep 154
num of flexible agents: 31
num of flexible tasks: 1
Solving time: 0.000222484 seconds
plan limit 980
current timestep 155
num of flexible agents: 37
num of flexible tasks: 1
Solving time: 0.000330636 seconds
plan limit 980
current timestep 156
num of flexible agents: 40
num of flexible tasks: 1
Solving time: 0.000262822 seconds
plan limit 980
current timestep 157
num of flexible agents: 44
num of flexible tasks: 0
Solving time: 0.000212764 seconds
plan limit 980
current timestep 158
num of flexible agents: 46
num of flexible tasks: 0
Solving time: 0.000295393 seconds
plan limit 980
current timestep 159
num of flexible agents: 53
num of flexible tasks: 0
Solving time: 0.000216693 seconds
plan limit 980
current timestep 160
num of flexible agents: 56
num of flexible tasks: 0
Solving time: 0.0002827 seconds
plan limit 980
current timestep 161
num of flexible agents: 58
num of flexible tasks: 0
Solving time: 0.000224745 seconds
plan limit 980
current timestep 162
num of flexible agents: 61
num of flexible tasks: 0
Solving time: 0.00031681 seconds
plan limit 980
current timestep 163
num of flexible agents: 62
num of flexible tasks: 0
Solving time: 0.000200748 seconds
plan limit 980
current timestep 164
num of flexible agents: 63
num of flexible tasks: 0
Solving time: 0.000312337 seconds
plan limit 980
current timestep 165
num of flexible agents: 66
num of flexible tasks: 0
Solving time: 0.000212324 seconds
plan limit 980
current timestep 166
num of flexible agents: 70
num of flexible tasks: 0
Solving time: 0.000203534 seconds
plan limit 980
current timestep 167
num of flexible agents: 70
num of flexible tasks: 0
Solving time: 0.000292759 seconds
plan limit 980
current timestep 168
num of flexible agents: 70
num of flexible tasks: 0
Solving time: 0.00022995 seconds
plan limit 980
current timestep 169
num of flexible agents: 71
num of flexible tasks: 0
Solving time: 0.000297265 seconds
plan limit 980
current timestep 170
num of flexible agents: 71
num of flexible tasks: 0
Solving time: 0.00020293 seconds
plan limit 980
current timestep 171
num of flexible agents: 73
num of flexible tasks: 0
Solving time: 0.000207866 seconds
plan limit 980
current timestep 172
num of flexible agents: 74
num of flexible tasks: 0
Solving time: 0.000291009 seconds
plan limit 980
current timestep 173
num of flexible agents: 74
num of flexible tasks: 0
Solving time: 0.00029918 seconds
plan limit 980
current timestep 174
num of flexible agents: 75
num of flexible tasks: 0
Solving time: 0.000211388 seconds
plan limit 980
current timestep 175
num of flexible agents: 75
num of flexible tasks: 0
Solving time: 0.000213725 seconds
plan limit 980
current timestep 176
num of flexible agents: 76
num of flexible tasks: 0
Solving time: 0.000213234 seconds
plan limit 980
current timestep 177
num of flexible agents: 76
num of flexible tasks: 0
Solving time: 0.000200024 seconds
plan limit 980
current timestep 178
num of flexible agents: 77
num of flexible tasks: 0
Solving time: 0.000211675 seconds
plan limit 980
current timestep 179
num of flexible agents: 78
num of flexible tasks: 0
Solving time: 0.000202564 seconds
plan limit 980
current timestep 180
num of flexible agents: 79
num of flexible tasks: 0
Solving time: 0.000199909 seconds
plan limit 980
current timestep 181
num of flexible agents: 79
num of flexible tasks: 0
Solving time: 0.000210497 seconds
plan limit 980
current timestep 182
num of flexible agents: 79
num of flexible tasks: 0
Solving time: 0.000200766 seconds
plan limit 980
current timestep 183
num of flexible agents: 79
num of flexible tasks: 0
Solving time: 0.000222862 seconds
plan limit 980
current timestep 184
num of flexible agents: 79
num of flexible tasks: 0
Solving time: 0.000313505 seconds
plan limit 980
current timestep 185
num of flexible agents: 79
num of flexible tasks: 0
Solving time: 0.000221535 seconds
plan limit 980
current timestep 186
num of flexible agents: 79
num of flexible tasks: 0
Solving time: 0.000205572 seconds
plan limit 980
current timestep 187
num of flexible agents: 79
num of flexible tasks: 0
Solving time: 0.000202604 seconds
plan limit 980
All tasks finished at timestep 188
