current timestep 0
num of flexible agents: 50
num of flexible tasks: 10
Solving time: 0.000391105 seconds
plan limit 980
current timestep 1
num of flexible agents: 46
num of flexible tasks: 16
Solving time: 0.000444272 seconds
plan limit 980
current timestep 2
num of flexible agents: 44
num of flexible tasks: 24
Solving time: 0.000511145 seconds
plan limit 980
current timestep 3
num of flexible agents: 44
num of flexible tasks: 34
Solving time: 0.000571304 seconds
plan limit 980
current timestep 4
num of flexible agents: 44
num of flexible tasks: 43
Solving time: 0.000784665 seconds
plan limit 980
current timestep 5
num of flexible agents: 44
num of flexible tasks: 52
Solving time: 0.000536176 seconds
plan limit 980
current timestep 6
num of flexible agents: 40
num of flexible tasks: 58
Solving time: 0.000613662 seconds
plan limit 980
current timestep 7
num of flexible agents: 33
num of flexible tasks: 61
Solving time: 0.000559833 seconds
plan limit 980
current timestep 8
num of flexible agents: 25
num of flexible tasks: 63
Solving time: 0.000359 seconds
plan limit 980
current timestep 9
num of flexible agents: 15
num of flexible tasks: 63
Solving time: 0.00037133 seconds
plan limit 980
current timestep 10
num of flexible agents: 11
num of flexible tasks: 69
Solving time: 0.000319242 seconds
plan limit 980
current timestep 11
num of flexible agents: 6
num of flexible tasks: 74
Solving time: 0.000286122 seconds
plan limit 980
current timestep 12
num of flexible agents: 2
num of flexible tasks: 80
Solving time: 0.00102282 seconds
plan limit 979
current timestep 13
num of flexible agents: 0
num of flexible tasks: 88
Solving time: 0.000196985 seconds
plan limit 980
current timestep 14
num of flexible agents: 2
num of flexible tasks: 98
Solving time: 0.00084705 seconds
plan limit 980
current timestep 15
num of flexible agents: 4
num of flexible tasks: 107
Solving time: 0.000298935 seconds
plan limit 980
current timestep 16
num of flexible agents: 2
num of flexible tasks: 115
Solving time: 0.000883988 seconds
plan limit 980
current timestep 17
num of flexible agents: 2
num of flexible tasks: 125
Solving time: 0.00101927 seconds
plan limit 979
current timestep 18
num of flexible agents: 3
num of flexible tasks: 134
Solving time: 0.000877063 seconds
plan limit 980
current timestep 19
num of flexible agents: 2
num of flexible tasks: 142
Solving time: 0.000890834 seconds
plan limit 979
current timestep 20
num of flexible agents: 1
num of flexible tasks: 150
Solving time: 0.000426291 seconds
plan limit 980
current timestep 21
num of flexible agents: 3
num of flexible tasks: 159
Solving time: 0.00100209 seconds
plan limit 979
current timestep 22
num of flexible agents: 1
num of flexible tasks: 167
Solving time: 0.000653832 seconds
plan limit 980
current timestep 23
num of flexible agents: 3
num of flexible tasks: 176
Solving time: 0.000856471 seconds
plan limit 980
current timestep 24
num of flexible agents: 6
num of flexible tasks: 186
Solving time: 0.000425946 seconds
plan limit 980
current timestep 25
num of flexible agents: 6
num of flexible tasks: 193
Solving time: 0.000297189 seconds
plan limit 980
current timestep 26
num of flexible agents: 2
num of flexible tasks: 198
Solving time: 0.000949036 seconds
plan limit 979
current timestep 27
num of flexible agents: 2
num of flexible tasks: 206
Solving time: 0.000810054 seconds
plan limit 980
current timestep 28
num of flexible agents: 1
num of flexible tasks: 214
Solving time: 0.000422121 seconds
plan limit 980
current timestep 29
num of flexible agents: 2
num of flexible tasks: 223
Solving time: 0.000812805 seconds
plan limit 980
current timestep 30
num of flexible agents: 3
num of flexible tasks: 231
Solving time: 0.000993743 seconds
plan limit 979
current timestep 31
num of flexible agents: 4
num of flexible tasks: 240
Solving time: 0.000913454 seconds
plan limit 979
current timestep 32
num of flexible agents: 3
num of flexible tasks: 247
Solving time: 0.000977825 seconds
plan limit 979
current timestep 33
num of flexible agents: 5
num of flexible tasks: 255
Solving time: 0.000862219 seconds
plan limit 980
current timestep 34
num of flexible agents: 5
num of flexible tasks: 263
Solving time: 0.0010227 seconds
plan limit 979
current timestep 35
num of flexible agents: 1
num of flexible tasks: 268
Solving time: 0.000613509 seconds
plan limit 980
current timestep 36
num of flexible agents: 2
num of flexible tasks: 278
Solving time: 0.00076869 seconds
plan limit 980
current timestep 37
num of flexible agents: 5
num of flexible tasks: 287
Solving time: 0.00104238 seconds
plan limit 979
current timestep 38
num of flexible agents: 1
num of flexible tasks: 292
Solving time: 0.000581967 seconds
plan limit 980
current timestep 39
num of flexible agents: 1
num of flexible tasks: 301
Solving time: 0.000763183 seconds
plan limit 980
current timestep 40
num of flexible agents: 4
num of flexible tasks: 310
Solving time: 0.00103314 seconds
plan limit 979
current timestep 41
num of flexible agents: 4
num of flexible tasks: 318
Solving time: 0.000865783 seconds
plan limit 980
current timestep 42
num of flexible agents: 1
num of flexible tasks: 324
Solving time: 0.000760985 seconds
plan limit 980
current timestep 43
num of flexible agents: 4
num of flexible tasks: 333
Solving time: 0.00104381 seconds
plan limit 979
current timestep 44
num of flexible agents: 1
num of flexible tasks: 339
Solving time: 0.000590764 seconds
plan limit 980
current timestep 45
num of flexible agents: 1
num of flexible tasks: 348
Solving time: 0.000605403 seconds
plan limit 980
current timestep 46
num of flexible agents: 3
num of flexible tasks: 357
Solving time: 0.000789919 seconds
plan limit 980
current timestep 47
num of flexible agents: 4
num of flexible tasks: 365
Solving time: 0.000846013 seconds
plan limit 979
current timestep 48
num of flexible agents: 6
num of flexible tasks: 372
Solving time: 0.00043673 seconds
plan limit 980
current timestep 49
num of flexible agents: 3
num of flexible tasks: 377
Solving time: 0.000866586 seconds
plan limit 979
current timestep 50
num of flexible agents: 3
num of flexible tasks: 375
Solving time: 0.000813982 seconds
plan limit 980
current timestep 51
num of flexible agents: 2
num of flexible tasks: 372
Solving time: 0.000712583 seconds
plan limit 980
current timestep 52
num of flexible agents: 3
num of flexible tasks: 370
Solving time: 0.00081182 seconds
plan limit 980
current timestep 53
num of flexible agents: 1
num of flexible tasks: 367
Solving time: 0.000746379 seconds
plan limit 980
current timestep 54
num of flexible agents: 1
num of flexible tasks: 366
Solving time: 0.000639021 seconds
plan limit 980
current timestep 55
num of flexible agents: 4
num of flexible tasks: 366
Solving time: 0.00080998 seconds
plan limit 980
current timestep 56
num of flexible agents: 6
num of flexible tasks: 364
Solving time: 0.000298972 seconds
plan limit 980
current timestep 57
num of flexible agents: 2
num of flexible tasks: 359
Solving time: 0.00087322 seconds
plan limit 979
current timestep 58
num of flexible agents: 4
num of flexible tasks: 357
Solving time: 0.000822604 seconds
plan limit 980
current timestep 59
num of flexible agents: 3
num of flexible tasks: 355
Solving time: 0.000812096 seconds
plan limit 980
current timestep 60
num of flexible agents: 2
num of flexible tasks: 353
Solving time: 0.000724934 seconds
plan limit 980
current timestep 61
num of flexible agents: 3
num of flexible tasks: 351
Solving time: 0.000970423 seconds
plan limit 979
current timestep 62
num of flexible agents: 2
num of flexible tasks: 349
Solving time: 0.000734117 seconds
plan limit 980
current timestep 63
num of flexible agents: 2
num of flexible tasks: 347
Solving time: 0.000729934 seconds
plan limit 980
current timestep 64
num of flexible agents: 2
num of flexible tasks: 345
Solving time: 0.000734338 seconds
plan limit 980
current timestep 65
num of flexible agents: 4
num of flexible tasks: 343
Solving time: 0.000845611 seconds
plan limit 980
current timestep 66
num of flexible agents: 3
num of flexible tasks: 339
Solving time: 0.000815923 seconds
plan limit 980
current timestep 67
num of flexible agents: 4
num of flexible tasks: 337
Solving time: 0.000837809 seconds
plan limit 980
current timestep 68
num of flexible agents: 3
num of flexible tasks: 333
Solving time: 0.000816619 seconds
plan limit 980
current timestep 69
num of flexible agents: 2
num of flexible tasks: 330
Solving time: 0.000760597 seconds
plan limit 980
current timestep 70
num of flexible agents: 4
num of flexible tasks: 328
Solving time: 0.000834851 seconds
plan limit 980
current timestep 71
num of flexible agents: 2
num of flexible tasks: 324
Solving time: 0.000893694 seconds
plan limit 979
current timestep 72
num of flexible agents: 3
num of flexible tasks: 323
Solving time: 0.000816044 seconds
plan limit 980
current timestep 73
num of flexible agents: 6
num of flexible tasks: 320
Solving time: 0.000432319 seconds
plan limit 980
current timestep 74
num of flexible agents: 2
num of flexible tasks: 314
Solving time: 0.000703328 seconds
plan limit 980
current timestep 75
num of flexible agents: 3
num of flexible tasks: 312
Solving time: 0.000993652 seconds
plan limit 979
current timestep 76
num of flexible agents: 2
num of flexible tasks: 310
Solving time: 0.000758241 seconds
plan limit 980
current timestep 77
num of flexible agents: 0
num of flexible tasks: 308
Solving time: 0.000235771 seconds
plan limit 980
current timestep 78
num of flexible agents: 4
num of flexible tasks: 308
Solving time: 0.00100722 seconds
plan limit 979
current timestep 79
num of flexible agents: 3
num of flexible tasks: 305
Solving time: 0.00100144 seconds
plan limit 979
current timestep 80
num of flexible agents: 6
num of flexible tasks: 302
Solving time: 0.000278255 seconds
plan limit 980
current timestep 81
num of flexible agents: 2
num of flexible tasks: 296
Solving time: 0.000747115 seconds
plan limit 980
current timestep 82
num of flexible agents: 3
num of flexible tasks: 294
Solving time: 0.000829471 seconds
plan limit 980
current timestep 83
num of flexible agents: 2
num of flexible tasks: 291
Solving time: 0.000725773 seconds
plan limit 980
current timestep 84
num of flexible agents: 2
num of flexible tasks: 290
Solving time: 0.000874714 seconds
plan limit 979
current timestep 85
num of flexible agents: 2
num of flexible tasks: 288
Solving time: 0.000715499 seconds
plan limit 980
current timestep 86
num of flexible agents: 4
num of flexible tasks: 287
Solving time: 0.00100876 seconds
plan limit 979
current timestep 87
num of flexible agents: 4
num of flexible tasks: 283
Solving time: 0.00085504 seconds
plan limit 979
current timestep 88
num of flexible agents: 1
num of flexible tasks: 280
Solving time: 0.000641094 seconds
plan limit 980
current timestep 89
num of flexible agents: 4
num of flexible tasks: 280
Solving time: 0.000980226 seconds
plan limit 979
current timestep 90
num of flexible agents: 2
num of flexible tasks: 276
Solving time: 0.000719489 seconds
plan limit 980
current timestep 91
num of flexible agents: 0
num of flexible tasks: 274
Solving time: 0.000236263 seconds
plan limit 980
current timestep 92
num of flexible agents: 3
num of flexible tasks: 274
Solving time: 0.000814424 seconds
plan limit 980
current timestep 93
num of flexible agents: 3
num of flexible tasks: 271
Solving time: 0.000819693 seconds
plan limit 980
current timestep 94
num of flexible agents: 3
num of flexible tasks: 269
Solving time: 0.000816611 seconds
plan limit 980
current timestep 95
num of flexible agents: 0
num of flexible tasks: 266
Solving time: 0.000250136 seconds
plan limit 980
current timestep 96
num of flexible agents: 0
num of flexible tasks: 266
Solving time: 0.000226909 seconds
plan limit 980
current timestep 97
num of flexible agents: 6
num of flexible tasks: 266
Solving time: 0.000313988 seconds
plan limit 980
current timestep 98
num of flexible agents: 5
num of flexible tasks: 262
Solving time: 0.000861801 seconds
plan limit 980
current timestep 99
num of flexible agents: 4
num of flexible tasks: 259
Solving time: 0.000839014 seconds
plan limit 980
current timestep 100
num of flexible agents: 2
num of flexible tasks: 255
Solving time: 0.000759452 seconds
plan limit 980
current timestep 101
num of flexible agents: 6
num of flexible tasks: 254
Solving time: 0.000292926 seconds
plan limit 980
current timestep 102
num of flexible agents: 4
num of flexible tasks: 248
Solving time: 0.000838977 seconds
plan limit 980
current timestep 103
num of flexible agents: 3
num of flexible tasks: 245
Solving time: 0.000830133 seconds
plan limit 980
current timestep 104
num of flexible agents: 4
num of flexible tasks: 243
Solving time: 0.000832724 seconds
plan limit 980
current timestep 105
num of flexible agents: 5
num of flexible tasks: 242
Solving time: 0.000849048 seconds
plan limit 980
current timestep 106
num of flexible agents: 2
num of flexible tasks: 238
Solving time: 0.000782226 seconds
plan limit 980
current timestep 107
num of flexible agents: 0
num of flexible tasks: 236
Solving time: 0.000234201 seconds
plan limit 980
current timestep 108
num of flexible agents: 1
num of flexible tasks: 236
Solving time: 0.000792252 seconds
plan limit 980
current timestep 109
num of flexible agents: 4
num of flexible tasks: 235
Solving time: 0.000850192 seconds
plan limit 980
current timestep 110
num of flexible agents: 5
num of flexible tasks: 232
Solving time: 0.000969812 seconds
plan limit 979
current timestep 111
num of flexible agents: 0
num of flexible tasks: 227
Solving time: 0.000343582 seconds
plan limit 980
current timestep 112
num of flexible agents: 3
num of flexible tasks: 227
Solving time: 0.000829881 seconds
plan limit 980
current timestep 113
num of flexible agents: 2
num of flexible tasks: 225
Solving time: 0.00095159 seconds
plan limit 979
current timestep 114
num of flexible agents: 1
num of flexible tasks: 223
Solving time: 0.00070985 seconds
plan limit 980
current timestep 115
num of flexible agents: 3
num of flexible tasks: 222
Solving time: 0.000983912 seconds
plan limit 979
current timestep 116
num of flexible agents: 2
num of flexible tasks: 219
Solving time: 0.000782207 seconds
plan limit 980
current timestep 117
num of flexible agents: 4
num of flexible tasks: 218
Solving time: 0.00103265 seconds
plan limit 979
current timestep 118
num of flexible agents: 5
num of flexible tasks: 216
Solving time: 0.00085945 seconds
plan limit 980
current timestep 119
num of flexible agents: 3
num of flexible tasks: 212
Solving time: 0.000794251 seconds
plan limit 980
current timestep 120
num of flexible agents: 1
num of flexible tasks: 209
Solving time: 0.000675102 seconds
plan limit 980
current timestep 121
num of flexible agents: 6
num of flexible tasks: 209
Solving time: 0.000316505 seconds
plan limit 980
current timestep 122
num of flexible agents: 4
num of flexible tasks: 205
Solving time: 0.000819585 seconds
plan limit 980
current timestep 123
num of flexible agents: 4
num of flexible tasks: 203
Solving time: 0.000821022 seconds
plan limit 980
current timestep 124
num of flexible agents: 6
num of flexible tasks: 201
Solving time: 0.000308565 seconds
plan limit 980
current timestep 125
num of flexible agents: 4
num of flexible tasks: 197
Solving time: 0.000821631 seconds
plan limit 980
current timestep 126
num of flexible agents: 1
num of flexible tasks: 194
Solving time: 0.000247659 seconds
plan limit 980
current timestep 127
num of flexible agents: 3
num of flexible tasks: 193
Solving time: 0.000775546 seconds
plan limit 980
current timestep 128
num of flexible agents: 2
num of flexible tasks: 190
Solving time: 0.000807445 seconds
plan limit 980
current timestep 129
num of flexible agents: 4
num of flexible tasks: 189
Solving time: 0.000839954 seconds
plan limit 980
current timestep 130
num of flexible agents: 3
num of flexible tasks: 186
Solving time: 0.000971828 seconds
plan limit 979
current timestep 131
num of flexible agents: 3
num of flexible tasks: 184
Solving time: 0.000826475 seconds
plan limit 980
current timestep 132
num of flexible agents: 4
num of flexible tasks: 184
Solving time: 0.00100535 seconds
plan limit 979
current timestep 133
num of flexible agents: 3
num of flexible tasks: 182
Solving time: 0.000851583 seconds
plan limit 980
current timestep 134
num of flexible agents: 3
num of flexible tasks: 180
Solving time: 0.000835358 seconds
plan limit 980
current timestep 135
num of flexible agents: 0
num of flexible tasks: 177
Solving time: 0.000254864 seconds
plan limit 980
current timestep 136
num of flexible agents: 0
num of flexible tasks: 177
Solving time: 0.000238746 seconds
plan limit 980
current timestep 137
num of flexible agents: 6
num of flexible tasks: 177
Solving time: 0.000326819 seconds
plan limit 980
current timestep 138
num of flexible agents: 4
num of flexible tasks: 174
Solving time: 0.000856208 seconds
plan limit 980
current timestep 139
num of flexible agents: 4
num of flexible tasks: 172
Solving time: 0.000986784 seconds
plan limit 979
current timestep 140
num of flexible agents: 5
num of flexible tasks: 170
Solving time: 0.00104247 seconds
plan limit 979
current timestep 141
num of flexible agents: 6
num of flexible tasks: 166
Solving time: 0.000279746 seconds
plan limit 980
current timestep 142
num of flexible agents: 2
num of flexible tasks: 160
Solving time: 0.000826118 seconds
plan limit 980
current timestep 143
num of flexible agents: 2
num of flexible tasks: 159
Solving time: 0.000779237 seconds
plan limit 980
current timestep 144
num of flexible agents: 5
num of flexible tasks: 159
Solving time: 0.000858756 seconds
plan limit 980
current timestep 145
num of flexible agents: 5
num of flexible tasks: 157
Solving time: 0.00104308 seconds
plan limit 979
current timestep 146
num of flexible agents: 5
num of flexible tasks: 154
Solving time: 0.00104752 seconds
plan limit 979
current timestep 147
num of flexible agents: 3
num of flexible tasks: 151
Solving time: 0.000830721 seconds
plan limit 980
current timestep 148
num of flexible agents: 4
num of flexible tasks: 150
Solving time: 0.000992083 seconds
plan limit 979
current timestep 149
num of flexible agents: 6
num of flexible tasks: 149
Solving time: 0.000294818 seconds
plan limit 980
current timestep 150
num of flexible agents: 4
num of flexible tasks: 146
Solving time: 0.000836989 seconds
plan limit 980
current timestep 151
num of flexible agents: 3
num of flexible tasks: 145
Solving time: 0.000802751 seconds
plan limit 980
current timestep 152
num of flexible agents: 2
num of flexible tasks: 143
Solving time: 0.000804214 seconds
plan limit 980
current timestep 153
num of flexible agents: 4
num of flexible tasks: 143
Solving time: 0.000829309 seconds
plan limit 980
current timestep 154
num of flexible agents: 3
num of flexible tasks: 140
Solving time: 0.000833858 seconds
plan limit 980
current timestep 155
num of flexible agents: 3
num of flexible tasks: 139
Solving time: 0.000985212 seconds
plan limit 979
current timestep 156
num of flexible agents: 5
num of flexible tasks: 138
Solving time: 0.000292176 seconds
plan limit 980
current timestep 157
num of flexible agents: 4
num of flexible tasks: 134
Solving time: 0.000824856 seconds
plan limit 980
current timestep 158
num of flexible agents: 4
num of flexible tasks: 132
Solving time: 0.000844076 seconds
plan limit 980
current timestep 159
num of flexible agents: 3
num of flexible tasks: 129
Solving time: 0.000868646 seconds
plan limit 980
current timestep 160
num of flexible agents: 5
num of flexible tasks: 128
Solving time: 0.000301331 seconds
plan limit 980
current timestep 161
num of flexible agents: 7
num of flexible tasks: 126
Solving time: 0.000296692 seconds
plan limit 980
current timestep 162
num of flexible agents: 7
num of flexible tasks: 122
Solving time: 0.000304225 seconds
plan limit 980
current timestep 163
num of flexible agents: 5
num of flexible tasks: 119
Solving time: 0.000278811 seconds
plan limit 980
current timestep 164
num of flexible agents: 5
num of flexible tasks: 115
Solving time: 0.000312506 seconds
plan limit 980
current timestep 165
num of flexible agents: 7
num of flexible tasks: 114
Solving time: 0.000289621 seconds
plan limit 980
current timestep 166
num of flexible agents: 5
num of flexible tasks: 109
Solving time: 0.000317608 seconds
plan limit 980
current timestep 167
num of flexible agents: 5
num of flexible tasks: 105
Solving time: 0.000296929 seconds
plan limit 980
current timestep 168
num of flexible agents: 6
num of flexible tasks: 104
Solving time: 0.000300274 seconds
plan limit 980
current timestep 169
num of flexible agents: 4
num of flexible tasks: 100
Solving time: 0.000851597 seconds
plan limit 979
current timestep 170
num of flexible agents: 6
num of flexible tasks: 98
Solving time: 0.000311875 seconds
plan limit 980
current timestep 171
num of flexible agents: 8
num of flexible tasks: 96
Solving time: 0.000328523 seconds
plan limit 980
current timestep 172
num of flexible agents: 5
num of flexible tasks: 91
Solving time: 0.000298106 seconds
plan limit 980
current timestep 173
num of flexible agents: 5
num of flexible tasks: 88
Solving time: 0.000346488 seconds
plan limit 980
current timestep 174
num of flexible agents: 3
num of flexible tasks: 86
Solving time: 0.000925883 seconds
plan limit 979
current timestep 175
num of flexible agents: 4
num of flexible tasks: 85
Solving time: 0.000905216 seconds
plan limit 979
current timestep 176
num of flexible agents: 5
num of flexible tasks: 84
Solving time: 0.000300914 seconds
plan limit 980
current timestep 177
num of flexible agents: 4
num of flexible tasks: 82
Solving time: 0.000906366 seconds
plan limit 979
current timestep 178
num of flexible agents: 6
num of flexible tasks: 81
Solving time: 0.000313096 seconds
plan limit 980
current timestep 179
num of flexible agents: 6
num of flexible tasks: 79
Solving time: 0.000302612 seconds
plan limit 980
current timestep 180
num of flexible agents: 9
num of flexible tasks: 78
Solving time: 0.000300573 seconds
plan limit 980
current timestep 181
num of flexible agents: 8
num of flexible tasks: 76
Solving time: 0.000291963 seconds
plan limit 980
current timestep 182
num of flexible agents: 6
num of flexible tasks: 72
Solving time: 0.000302045 seconds
plan limit 980
current timestep 183
num of flexible agents: 5
num of flexible tasks: 69
Solving time: 0.000303161 seconds
plan limit 980
current timestep 184
num of flexible agents: 4
num of flexible tasks: 66
Solving time: 0.000945548 seconds
plan limit 979
current timestep 185
num of flexible agents: 4
num of flexible tasks: 63
Solving time: 0.00115143 seconds
plan limit 979
current timestep 186
num of flexible agents: 5
num of flexible tasks: 62
Solving time: 0.000289633 seconds
plan limit 980
current timestep 187
num of flexible agents: 5
num of flexible tasks: 61
Solving time: 0.000323283 seconds
plan limit 980
current timestep 188
num of flexible agents: 9
num of flexible tasks: 60
Solving time: 0.000322451 seconds
plan limit 980
current timestep 189
num of flexible agents: 9
num of flexible tasks: 58
Solving time: 0.000472024 seconds
plan limit 980
current timestep 190
num of flexible agents: 8
num of flexible tasks: 55
Solving time: 0.000359997 seconds
plan limit 980
current timestep 191
num of flexible agents: 9
num of flexible tasks: 54
Solving time: 0.000343177 seconds
plan limit 980
current timestep 192
num of flexible agents: 8
num of flexible tasks: 52
Solving time: 0.00045149 seconds
plan limit 980
current timestep 193
num of flexible agents: 9
num of flexible tasks: 48
Solving time: 0.000450581 seconds
plan limit 980
current timestep 194
num of flexible agents: 10
num of flexible tasks: 45
Solving time: 0.000351536 seconds
plan limit 980
current timestep 195
num of flexible agents: 10
num of flexible tasks: 42
Solving time: 0.000327462 seconds
plan limit 980
current timestep 196
num of flexible agents: 13
num of flexible tasks: 41
Solving time: 0.000347451 seconds
plan limit 980
current timestep 197
num of flexible agents: 12
num of flexible tasks: 37
Solving time: 0.000364842 seconds
plan limit 980
current timestep 198
num of flexible agents: 10
num of flexible tasks: 33
Solving time: 0.000336344 seconds
plan limit 980
current timestep 199
num of flexible agents: 10
num of flexible tasks: 32
Solving time: 0.000329018 seconds
plan limit 980
current timestep 200
num of flexible agents: 12
num of flexible tasks: 31
Solving time: 0.000350792 seconds
plan limit 980
current timestep 201
num of flexible agents: 10
num of flexible tasks: 28
Solving time: 0.000555707 seconds
plan limit 980
current timestep 202
num of flexible agents: 10
num of flexible tasks: 26
Solving time: 0.000413603 seconds
plan limit 980
current timestep 203
num of flexible agents: 10
num of flexible tasks: 24
Solving time: 0.000540609 seconds
plan limit 980
current timestep 204
num of flexible agents: 12
num of flexible tasks: 24
Solving time: 0.000403501 seconds
plan limit 980
current timestep 205
num of flexible agents: 14
num of flexible tasks: 23
Solving time: 0.000421624 seconds
plan limit 980
current timestep 206
num of flexible agents: 13
num of flexible tasks: 22
Solving time: 0.000415162 seconds
plan limit 980
current timestep 207
num of flexible agents: 12
num of flexible tasks: 21
Solving time: 0.000576982 seconds
plan limit 980
current timestep 208
num of flexible agents: 13
num of flexible tasks: 19
Solving time: 0.000435696 seconds
plan limit 980
current timestep 209
num of flexible agents: 15
num of flexible tasks: 19
Solving time: 0.00062419 seconds
plan limit 980
current timestep 210
num of flexible agents: 15
num of flexible tasks: 16
Solving time: 0.000438348 seconds
plan limit 980
current timestep 211
num of flexible agents: 16
num of flexible tasks: 15
Solving time: 0.000574525 seconds
plan limit 980
current timestep 212
num of flexible agents: 18
num of flexible tasks: 15
Solving time: 0.000380036 seconds
plan limit 980
current timestep 213
num of flexible agents: 18
num of flexible tasks: 13
Solving time: 0.000473889 seconds
plan limit 980
current timestep 214
num of flexible agents: 17
num of flexible tasks: 12
Solving time: 0.000314586 seconds
plan limit 980
current timestep 215
num of flexible agents: 21
num of flexible tasks: 11
Solving time: 0.000437303 seconds
plan limit 980
current timestep 216
num of flexible agents: 21
num of flexible tasks: 9
Solving time: 0.00026594 seconds
plan limit 980
current timestep 217
num of flexible agents: 21
num of flexible tasks: 8
Solving time: 0.000262632 seconds
plan limit 980
current timestep 218
num of flexible agents: 22
num of flexible tasks: 8
Solving time: 0.000262947 seconds
plan limit 980
current timestep 219
num of flexible agents: 22
num of flexible tasks: 8
Solving time: 0.000251678 seconds
plan limit 980
current timestep 220
num of flexible agents: 24
num of flexible tasks: 7
Solving time: 0.000350348 seconds
plan limit 980
current timestep 221
num of flexible agents: 26
num of flexible tasks: 5
Solving time: 0.000245501 seconds
plan limit 980
current timestep 222
num of flexible agents: 28
num of flexible tasks: 4
Solving time: 0.000337021 seconds
plan limit 980
current timestep 223
num of flexible agents: 27
num of flexible tasks: 2
Solving time: 0.000997497 seconds
plan limit 979
current timestep 224
num of flexible agents: 26
num of flexible tasks: 1
Solving time: 0.000402101 seconds
plan limit 980
current timestep 225
num of flexible agents: 27
num of flexible tasks: 1
Solving time: 0.000291864 seconds
plan limit 980
current timestep 226
num of flexible agents: 26
num of flexible tasks: 0
Solving time: 0.000289167 seconds
plan limit 980
current timestep 227
num of flexible agents: 27
num of flexible tasks: 0
Solving time: 0.000222595 seconds
plan limit 980
current timestep 228
num of flexible agents: 28
num of flexible tasks: 0
Solving time: 0.000209715 seconds
plan limit 980
current timestep 229
num of flexible agents: 30
num of flexible tasks: 0
Solving time: 0.000221863 seconds
plan limit 980
current timestep 230
num of flexible agents: 32
num of flexible tasks: 0
Solving time: 0.000223409 seconds
plan limit 980
current timestep 231
num of flexible agents: 32
num of flexible tasks: 0
Solving time: 0.000321227 seconds
plan limit 980
current timestep 232
num of flexible agents: 34
num of flexible tasks: 0
Solving time: 0.000209679 seconds
plan limit 980
current timestep 233
num of flexible agents: 35
num of flexible tasks: 0
Solving time: 0.000316771 seconds
plan limit 980
current timestep 234
num of flexible agents: 37
num of flexible tasks: 0
Solving time: 0.000211408 seconds
plan limit 980
current timestep 235
num of flexible agents: 38
num of flexible tasks: 0
Solving time: 0.000214759 seconds
plan limit 980
current timestep 236
num of flexible agents: 39
num of flexible tasks: 0
Solving time: 0.000216331 seconds
plan limit 980
current timestep 237
num of flexible agents: 39
num of flexible tasks: 0
Solving time: 0.000212707 seconds
plan limit 980
current timestep 238
num of flexible agents: 39
num of flexible tasks: 0
Solving time: 0.000231746 seconds
plan limit 980
current timestep 239
num of flexible agents: 39
num of flexible tasks: 0
Solving time: 0.000312125 seconds
plan limit 980
current timestep 240
num of flexible agents: 40
num of flexible tasks: 0
Solving time: 0.000214108 seconds
plan limit 980
current timestep 241
num of flexible agents: 40
num of flexible tasks: 0
Solving time: 0.000330062 seconds
plan limit 980
current timestep 242
num of flexible agents: 41
num of flexible tasks: 0
Solving time: 0.000218197 seconds
plan limit 980
current timestep 243
num of flexible agents: 41
num of flexible tasks: 0
Solving time: 0.000212382 seconds
plan limit 980
current timestep 244
num of flexible agents: 43
num of flexible tasks: 0
Solving time: 0.000213527 seconds
plan limit 980
current timestep 245
num of flexible agents: 44
num of flexible tasks: 0
Solving time: 0.000318683 seconds
plan limit 980
current timestep 246
num of flexible agents: 44
num of flexible tasks: 0
Solving time: 0.000330735 seconds
plan limit 980
current timestep 247
num of flexible agents: 45
num of flexible tasks: 0
Solving time: 0.000221008 seconds
plan limit 980
current timestep 248
num of flexible agents: 46
num of flexible tasks: 0
Solving time: 0.00022691 seconds
plan limit 980
current timestep 249
num of flexible agents: 46
num of flexible tasks: 0
Solving time: 0.000217134 seconds
plan limit 980
current timestep 250
num of flexible agents: 47
num of flexible tasks: 0
Solving time: 0.000319864 seconds
plan limit 980
current timestep 251
num of flexible agents: 47
num of flexible tasks: 0
Solving time: 0.000235346 seconds
plan limit 980
current timestep 252
num of flexible agents: 47
num of flexible tasks: 0
Solving time: 0.000230211 seconds
plan limit 980
current timestep 253
num of flexible agents: 48
num of flexible tasks: 0
Solving time: 0.000224667 seconds
plan limit 980
current timestep 254
num of flexible agents: 49
num of flexible tasks: 0
Solving time: 0.000312653 seconds
plan limit 980
current timestep 255
num of flexible agents: 49
num of flexible tasks: 0
Solving time: 0.000216051 seconds
plan limit 980
All tasks finished at timestep 256
