current timestep 0
num of flexible agents: 50
num of flexible tasks: 10
Solving time: 0.00050298 seconds
plan limit 980
current timestep 1
num of flexible agents: 49
num of flexible tasks: 19
Solving time: 0.000418209 seconds
plan limit 980
current timestep 2
num of flexible agents: 47
num of flexible tasks: 27
Solving time: 0.00063664 seconds
plan limit 980
current timestep 3
num of flexible agents: 44
num of flexible tasks: 34
Solving time: 0.000761618 seconds
plan limit 980
current timestep 4
num of flexible agents: 43
num of flexible tasks: 43
Solving time: 0.000869529 seconds
plan limit 980
current timestep 5
num of flexible agents: 39
num of flexible tasks: 49
Solving time: 0.000754773 seconds
plan limit 980
current timestep 6
num of flexible agents: 34
num of flexible tasks: 54
Solving time: 0.000465209 seconds
plan limit 980
current timestep 7
num of flexible agents: 29
num of flexible tasks: 58
Solving time: 0.000590802 seconds
plan limit 980
current timestep 8
num of flexible agents: 24
num of flexible tasks: 62
Solving time: 0.00037581 seconds
plan limit 980
current timestep 9
num of flexible agents: 18
num of flexible tasks: 66
Solving time: 0.000479038 seconds
plan limit 980
current timestep 10
num of flexible agents: 13
num of flexible tasks: 71
Solving time: 0.000326991 seconds
plan limit 980
current timestep 11
num of flexible agents: 10
num of flexible tasks: 78
Solving time: 0.000454825 seconds
plan limit 980
current timestep 12
num of flexible agents: 6
num of flexible tasks: 84
Solving time: 0.00043424 seconds
plan limit 980
current timestep 13
num of flexible agents: 4
num of flexible tasks: 92
Solving time: 0.000410425 seconds
plan limit 980
current timestep 14
num of flexible agents: 4
num of flexible tasks: 101
Solving time: 0.000286412 seconds
plan limit 980
current timestep 15
num of flexible agents: 2
num of flexible tasks: 109
Solving time: 0.000830151 seconds
plan limit 980
current timestep 16
num of flexible agents: 4
num of flexible tasks: 118
Solving time: 0.000410355 seconds
plan limit 980
current timestep 17
num of flexible agents: 6
num of flexible tasks: 127
Solving time: 0.000430742 seconds
plan limit 980
current timestep 18
num of flexible agents: 4
num of flexible tasks: 133
Solving time: 0.000326301 seconds
plan limit 980
current timestep 19
num of flexible agents: 5
num of flexible tasks: 143
Solving time: 0.00029904 seconds
plan limit 980
current timestep 20
num of flexible agents: 4
num of flexible tasks: 151
Solving time: 0.000383458 seconds
plan limit 980
current timestep 21
num of flexible agents: 2
num of flexible tasks: 158
Solving time: 0.000804836 seconds
plan limit 980
current timestep 22
num of flexible agents: 3
num of flexible tasks: 167
Solving time: 0.00103483 seconds
plan limit 979
current timestep 23
num of flexible agents: 1
num of flexible tasks: 175
Solving time: 0.000659918 seconds
plan limit 980
current timestep 24
num of flexible agents: 0
num of flexible tasks: 184
Solving time: 0.000313558 seconds
plan limit 980
current timestep 25
num of flexible agents: 0
num of flexible tasks: 194
Solving time: 0.000217772 seconds
plan limit 980
current timestep 26
num of flexible agents: 1
num of flexible tasks: 204
Solving time: 0.000806492 seconds
plan limit 980
current timestep 27
num of flexible agents: 5
num of flexible tasks: 214
Solving time: 0.000309053 seconds
plan limit 980
current timestep 28
num of flexible agents: 2
num of flexible tasks: 220
Solving time: 0.000775369 seconds
plan limit 980
current timestep 29
num of flexible agents: 6
num of flexible tasks: 228
Solving time: 0.00028597 seconds
plan limit 980
current timestep 30
num of flexible agents: 5
num of flexible tasks: 233
Solving time: 0.000423653 seconds
plan limit 980
current timestep 31
num of flexible agents: 1
num of flexible tasks: 238
Solving time: 0.000678915 seconds
plan limit 980
current timestep 32
num of flexible agents: 1
num of flexible tasks: 247
Solving time: 0.000785001 seconds
plan limit 980
current timestep 33
num of flexible agents: 3
num of flexible tasks: 256
Solving time: 0.000845872 seconds
plan limit 980
current timestep 34
num of flexible agents: 2
num of flexible tasks: 264
Solving time: 0.000961878 seconds
plan limit 979
current timestep 35
num of flexible agents: 4
num of flexible tasks: 273
Solving time: 0.000895552 seconds
plan limit 979
current timestep 36
num of flexible agents: 5
num of flexible tasks: 281
Solving time: 0.000330024 seconds
plan limit 980
current timestep 37
num of flexible agents: 3
num of flexible tasks: 286
Solving time: 0.00102165 seconds
plan limit 979
current timestep 38
num of flexible agents: 3
num of flexible tasks: 293
Solving time: 0.000892028 seconds
plan limit 979
current timestep 39
num of flexible agents: 5
num of flexible tasks: 301
Solving time: 0.00044912 seconds
plan limit 980
current timestep 40
num of flexible agents: 4
num of flexible tasks: 307
Solving time: 0.000901664 seconds
plan limit 979
current timestep 41
num of flexible agents: 2
num of flexible tasks: 313
Solving time: 0.000930832 seconds
plan limit 979
current timestep 42
num of flexible agents: 1
num of flexible tasks: 321
Solving time: 0.000613999 seconds
plan limit 980
current timestep 43
num of flexible agents: 3
num of flexible tasks: 330
Solving time: 0.00101861 seconds
plan limit 979
current timestep 44
num of flexible agents: 3
num of flexible tasks: 337
Solving time: 0.00100519 seconds
plan limit 979
current timestep 45
num of flexible agents: 1
num of flexible tasks: 344
Solving time: 0.000775076 seconds
plan limit 980
current timestep 46
num of flexible agents: 2
num of flexible tasks: 353
Solving time: 0.000739699 seconds
plan limit 980
current timestep 47
num of flexible agents: 2
num of flexible tasks: 362
Solving time: 0.000757887 seconds
plan limit 980
current timestep 48
num of flexible agents: 3
num of flexible tasks: 371
Solving time: 0.00100152 seconds
plan limit 979
current timestep 49
num of flexible agents: 2
num of flexible tasks: 379
Solving time: 0.000799877 seconds
plan limit 980
current timestep 50
num of flexible agents: 5
num of flexible tasks: 379
Solving time: 0.000457546 seconds
plan limit 980
current timestep 51
num of flexible agents: 7
num of flexible tasks: 376
Solving time: 0.000458105 seconds
plan limit 980
current timestep 52
num of flexible agents: 3
num of flexible tasks: 369
Solving time: 0.00083465 seconds
plan limit 980
current timestep 53
num of flexible agents: 0
num of flexible tasks: 366
Solving time: 0.000360938 seconds
plan limit 980
current timestep 54
num of flexible agents: 3
num of flexible tasks: 366
Solving time: 0.000833719 seconds
plan limit 980
current timestep 55
num of flexible agents: 5
num of flexible tasks: 365
Solving time: 0.000420411 seconds
plan limit 980
current timestep 56
num of flexible agents: 3
num of flexible tasks: 361
Solving time: 0.000843123 seconds
plan limit 980
current timestep 57
num of flexible agents: 6
num of flexible tasks: 359
Solving time: 0.000429856 seconds
plan limit 980
current timestep 58
num of flexible agents: 1
num of flexible tasks: 353
Solving time: 0.000740087 seconds
plan limit 980
current timestep 59
num of flexible agents: 0
num of flexible tasks: 352
Solving time: 0.000336447 seconds
plan limit 980
current timestep 60
num of flexible agents: 2
num of flexible tasks: 352
Solving time: 0.000905709 seconds
plan limit 979
current timestep 61
num of flexible agents: 1
num of flexible tasks: 350
Solving time: 0.000583749 seconds
plan limit 980
current timestep 62
num of flexible agents: 2
num of flexible tasks: 349
Solving time: 0.000894754 seconds
plan limit 979
current timestep 63
num of flexible agents: 4
num of flexible tasks: 347
Solving time: 0.000857705 seconds
plan limit 980
current timestep 64
num of flexible agents: 1
num of flexible tasks: 343
Solving time: 0.000531513 seconds
plan limit 980
current timestep 65
num of flexible agents: 6
num of flexible tasks: 342
Solving time: 0.000399076 seconds
plan limit 980
current timestep 66
num of flexible agents: 2
num of flexible tasks: 336
Solving time: 0.000785933 seconds
plan limit 980
current timestep 67
num of flexible agents: 1
num of flexible tasks: 334
Solving time: 0.000737918 seconds
plan limit 980
current timestep 68
num of flexible agents: 1
num of flexible tasks: 333
Solving time: 0.000639783 seconds
plan limit 980
current timestep 69
num of flexible agents: 1
num of flexible tasks: 332
Solving time: 0.000761935 seconds
plan limit 980
current timestep 70
num of flexible agents: 0
num of flexible tasks: 331
Solving time: 0.000240905 seconds
plan limit 980
current timestep 71
num of flexible agents: 2
num of flexible tasks: 331
Solving time: 0.000906579 seconds
plan limit 979
current timestep 72
num of flexible agents: 4
num of flexible tasks: 329
Solving time: 0.00084836 seconds
plan limit 980
current timestep 73
num of flexible agents: 3
num of flexible tasks: 325
Solving time: 0.000856162 seconds
plan limit 979
current timestep 74
num of flexible agents: 2
num of flexible tasks: 323
Solving time: 0.000736299 seconds
plan limit 980
current timestep 75
num of flexible agents: 4
num of flexible tasks: 323
Solving time: 0.000871513 seconds
plan limit 979
current timestep 76
num of flexible agents: 2
num of flexible tasks: 319
Solving time: 0.00091031 seconds
plan limit 979
current timestep 77
num of flexible agents: 4
num of flexible tasks: 318
Solving time: 0.00101782 seconds
plan limit 979
current timestep 78
num of flexible agents: 5
num of flexible tasks: 317
Solving time: 0.000447579 seconds
plan limit 980
current timestep 79
num of flexible agents: 3
num of flexible tasks: 314
Solving time: 0.000857727 seconds
plan limit 980
current timestep 80
num of flexible agents: 5
num of flexible tasks: 311
Solving time: 0.000425497 seconds
plan limit 980
current timestep 81
num of flexible agents: 2
num of flexible tasks: 307
Solving time: 0.000945461 seconds
plan limit 979
current timestep 82
num of flexible agents: 3
num of flexible tasks: 306
Solving time: 0.00087329 seconds
plan limit 979
current timestep 83
num of flexible agents: 3
num of flexible tasks: 304
Solving time: 0.00103013 seconds
plan limit 979
current timestep 84
num of flexible agents: 5
num of flexible tasks: 301
Solving time: 0.000291722 seconds
plan limit 980
current timestep 85
num of flexible agents: 5
num of flexible tasks: 297
Solving time: 0.000440591 seconds
plan limit 980
current timestep 86
num of flexible agents: 3
num of flexible tasks: 292
Solving time: 0.00103415 seconds
plan limit 979
current timestep 87
num of flexible agents: 1
num of flexible tasks: 290
Solving time: 0.00064966 seconds
plan limit 980
current timestep 88
num of flexible agents: 3
num of flexible tasks: 290
Solving time: 0.00086724 seconds
plan limit 980
current timestep 89
num of flexible agents: 6
num of flexible tasks: 287
Solving time: 0.000324006 seconds
plan limit 980
current timestep 90
num of flexible agents: 5
num of flexible tasks: 283
Solving time: 0.000311494 seconds
plan limit 980
current timestep 91
num of flexible agents: 4
num of flexible tasks: 279
Solving time: 0.00103093 seconds
plan limit 979
current timestep 92
num of flexible agents: 0
num of flexible tasks: 275
Solving time: 0.000234547 seconds
plan limit 980
current timestep 93
num of flexible agents: 1
num of flexible tasks: 275
Solving time: 0.000655011 seconds
plan limit 980
current timestep 94
num of flexible agents: 3
num of flexible tasks: 274
Solving time: 0.00100722 seconds
plan limit 979
current timestep 95
num of flexible agents: 3
num of flexible tasks: 272
Solving time: 0.00100729 seconds
plan limit 979
current timestep 96
num of flexible agents: 2
num of flexible tasks: 269
Solving time: 0.000924112 seconds
plan limit 979
current timestep 97
num of flexible agents: 0
num of flexible tasks: 267
Solving time: 0.00023537 seconds
plan limit 980
current timestep 98
num of flexible agents: 1
num of flexible tasks: 267
Solving time: 0.000812731 seconds
plan limit 979
current timestep 99
num of flexible agents: 2
num of flexible tasks: 266
Solving time: 0.000770294 seconds
plan limit 980
current timestep 100
num of flexible agents: 1
num of flexible tasks: 265
Solving time: 0.000804823 seconds
plan limit 980
current timestep 101
num of flexible agents: 2
num of flexible tasks: 265
Solving time: 0.000940703 seconds
plan limit 979
current timestep 102
num of flexible agents: 4
num of flexible tasks: 263
Solving time: 0.000871193 seconds
plan limit 979
current timestep 103
num of flexible agents: 4
num of flexible tasks: 259
Solving time: 0.000863492 seconds
plan limit 980
current timestep 104
num of flexible agents: 2
num of flexible tasks: 255
Solving time: 0.000938878 seconds
plan limit 979
current timestep 105
num of flexible agents: 6
num of flexible tasks: 253
Solving time: 0.000343844 seconds
plan limit 980
current timestep 106
num of flexible agents: 3
num of flexible tasks: 248
Solving time: 0.000856261 seconds
plan limit 980
current timestep 107
num of flexible agents: 3
num of flexible tasks: 246
Solving time: 0.00101999 seconds
plan limit 979
current timestep 108
num of flexible agents: 3
num of flexible tasks: 244
Solving time: 0.000846644 seconds
plan limit 980
current timestep 109
num of flexible agents: 6
num of flexible tasks: 242
Solving time: 0.000447932 seconds
plan limit 980
current timestep 110
num of flexible agents: 5
num of flexible tasks: 239
Solving time: 0.000309869 seconds
plan limit 980
current timestep 111
num of flexible agents: 3
num of flexible tasks: 235
Solving time: 0.00101718 seconds
plan limit 979
current timestep 112
num of flexible agents: 2
num of flexible tasks: 233
Solving time: 0.000881994 seconds
plan limit 979
current timestep 113
num of flexible agents: 0
num of flexible tasks: 231
Solving time: 0.000349732 seconds
plan limit 980
current timestep 114
num of flexible agents: 4
num of flexible tasks: 231
Solving time: 0.00087832 seconds
plan limit 979
current timestep 115
num of flexible agents: 4
num of flexible tasks: 230
Solving time: 0.000890376 seconds
plan limit 979
current timestep 116
num of flexible agents: 2
num of flexible tasks: 227
Solving time: 0.000992375 seconds
plan limit 979
current timestep 117
num of flexible agents: 4
num of flexible tasks: 227
Solving time: 0.00088714 seconds
plan limit 979
current timestep 118
num of flexible agents: 5
num of flexible tasks: 225
Solving time: 0.000457806 seconds
plan limit 980
current timestep 119
num of flexible agents: 4
num of flexible tasks: 222
Solving time: 0.00106052 seconds
plan limit 979
current timestep 120
num of flexible agents: 6
num of flexible tasks: 221
Solving time: 0.000473391 seconds
plan limit 980
current timestep 121
num of flexible agents: 9
num of flexible tasks: 218
Solving time: 0.000470411 seconds
plan limit 980
current timestep 122
num of flexible agents: 6
num of flexible tasks: 213
Solving time: 0.00033997 seconds
plan limit 980
current timestep 123
num of flexible agents: 6
num of flexible tasks: 210
Solving time: 0.00042907 seconds
plan limit 980
current timestep 124
num of flexible agents: 2
num of flexible tasks: 205
Solving time: 0.00083418 seconds
plan limit 980
current timestep 125
num of flexible agents: 4
num of flexible tasks: 205
Solving time: 0.00102071 seconds
plan limit 979
current timestep 126
num of flexible agents: 5
num of flexible tasks: 204
Solving time: 0.000308025 seconds
plan limit 980
current timestep 127
num of flexible agents: 2
num of flexible tasks: 201
Solving time: 0.000992968 seconds
plan limit 979
current timestep 128
num of flexible agents: 7
num of flexible tasks: 201
Solving time: 0.000443695 seconds
plan limit 980
current timestep 129
num of flexible agents: 3
num of flexible tasks: 195
Solving time: 0.000867242 seconds
plan limit 979
current timestep 130
num of flexible agents: 6
num of flexible tasks: 195
Solving time: 0.00045303 seconds
plan limit 980
current timestep 131
num of flexible agents: 3
num of flexible tasks: 191
Solving time: 0.000861075 seconds
plan limit 979
current timestep 132
num of flexible agents: 2
num of flexible tasks: 190
Solving time: 0.000817402 seconds
plan limit 980
current timestep 133
num of flexible agents: 5
num of flexible tasks: 189
Solving time: 0.000300788 seconds
plan limit 980
current timestep 134
num of flexible agents: 1
num of flexible tasks: 185
Solving time: 0.000858868 seconds
plan limit 979
current timestep 135
num of flexible agents: 2
num of flexible tasks: 185
Solving time: 0.000822003 seconds
plan limit 980
current timestep 136
num of flexible agents: 4
num of flexible tasks: 184
Solving time: 0.00102427 seconds
plan limit 979
current timestep 137
num of flexible agents: 5
num of flexible tasks: 183
Solving time: 0.000314234 seconds
plan limit 980
current timestep 138
num of flexible agents: 5
num of flexible tasks: 181
Solving time: 0.000309413 seconds
plan limit 980
current timestep 139
num of flexible agents: 4
num of flexible tasks: 178
Solving time: 0.001065 seconds
plan limit 979
current timestep 140
num of flexible agents: 6
num of flexible tasks: 176
Solving time: 0.000315234 seconds
plan limit 980
current timestep 141
num of flexible agents: 5
num of flexible tasks: 173
Solving time: 0.00031111 seconds
plan limit 980
current timestep 142
num of flexible agents: 6
num of flexible tasks: 171
Solving time: 0.000474675 seconds
plan limit 980
current timestep 143
num of flexible agents: 3
num of flexible tasks: 168
Solving time: 0.000982436 seconds
plan limit 979
current timestep 144
num of flexible agents: 5
num of flexible tasks: 167
Solving time: 0.000304102 seconds
plan limit 980
current timestep 145
num of flexible agents: 5
num of flexible tasks: 165
Solving time: 0.00044244 seconds
plan limit 980
current timestep 146
num of flexible agents: 4
num of flexible tasks: 162
Solving time: 0.000889986 seconds
plan limit 979
current timestep 147
num of flexible agents: 3
num of flexible tasks: 158
Solving time: 0.000815654 seconds
plan limit 980
current timestep 148
num of flexible agents: 5
num of flexible tasks: 158
Solving time: 0.000455265 seconds
plan limit 980
current timestep 149
num of flexible agents: 8
num of flexible tasks: 158
Solving time: 0.000460121 seconds
plan limit 980
current timestep 150
num of flexible agents: 9
num of flexible tasks: 156
Solving time: 0.000353455 seconds
plan limit 980
current timestep 151
num of flexible agents: 3
num of flexible tasks: 150
Solving time: 0.000839381 seconds
plan limit 980
current timestep 152
num of flexible agents: 3
num of flexible tasks: 149
Solving time: 0.00102051 seconds
plan limit 979
current timestep 153
num of flexible agents: 4
num of flexible tasks: 148
Solving time: 0.000827839 seconds
plan limit 980
current timestep 154
num of flexible agents: 4
num of flexible tasks: 146
Solving time: 0.00105531 seconds
plan limit 979
current timestep 155
num of flexible agents: 5
num of flexible tasks: 145
Solving time: 0.00043203 seconds
plan limit 980
current timestep 156
num of flexible agents: 7
num of flexible tasks: 144
Solving time: 0.000312936 seconds
plan limit 980
current timestep 157
num of flexible agents: 7
num of flexible tasks: 141
Solving time: 0.000480846 seconds
plan limit 980
current timestep 158
num of flexible agents: 5
num of flexible tasks: 137
Solving time: 0.000485466 seconds
plan limit 980
current timestep 159
num of flexible agents: 3
num of flexible tasks: 135
Solving time: 0.000854391 seconds
plan limit 980
current timestep 160
num of flexible agents: 5
num of flexible tasks: 135
Solving time: 0.000445335 seconds
plan limit 980
current timestep 161
num of flexible agents: 5
num of flexible tasks: 132
Solving time: 0.000303213 seconds
plan limit 980
current timestep 162
num of flexible agents: 9
num of flexible tasks: 131
Solving time: 0.000321353 seconds
plan limit 980
current timestep 163
num of flexible agents: 10
num of flexible tasks: 129
Solving time: 0.000477971 seconds
plan limit 980
current timestep 164
num of flexible agents: 7
num of flexible tasks: 123
Solving time: 0.000320254 seconds
plan limit 980
current timestep 165
num of flexible agents: 7
num of flexible tasks: 120
Solving time: 0.00047187 seconds
plan limit 980
current timestep 166
num of flexible agents: 9
num of flexible tasks: 119
Solving time: 0.000347771 seconds
plan limit 980
current timestep 167
num of flexible agents: 6
num of flexible tasks: 115
Solving time: 0.000315929 seconds
plan limit 980
current timestep 168
num of flexible agents: 3
num of flexible tasks: 112
Solving time: 0.00104025 seconds
plan limit 979
current timestep 169
num of flexible agents: 5
num of flexible tasks: 111
Solving time: 0.000322572 seconds
plan limit 980
current timestep 170
num of flexible agents: 3
num of flexible tasks: 108
Solving time: 0.00108278 seconds
plan limit 979
current timestep 171
num of flexible agents: 2
num of flexible tasks: 107
Solving time: 0.000811887 seconds
plan limit 980
current timestep 172
num of flexible agents: 6
num of flexible tasks: 106
Solving time: 0.000361326 seconds
plan limit 980
current timestep 173
num of flexible agents: 8
num of flexible tasks: 104
Solving time: 0.000323559 seconds
plan limit 980
current timestep 174
num of flexible agents: 8
num of flexible tasks: 102
Solving time: 0.000504099 seconds
plan limit 980
current timestep 175
num of flexible agents: 8
num of flexible tasks: 100
Solving time: 0.000505426 seconds
plan limit 980
current timestep 176
num of flexible agents: 7
num of flexible tasks: 98
Solving time: 0.000343683 seconds
plan limit 980
current timestep 177
num of flexible agents: 6
num of flexible tasks: 96
Solving time: 0.000464747 seconds
plan limit 980
current timestep 178
num of flexible agents: 5
num of flexible tasks: 94
Solving time: 0.000461874 seconds
plan limit 980
current timestep 179
num of flexible agents: 2
num of flexible tasks: 91
Solving time: 0.000801599 seconds
plan limit 980
current timestep 180
num of flexible agents: 3
num of flexible tasks: 91
Solving time: 0.00102308 seconds
plan limit 979
current timestep 181
num of flexible agents: 3
num of flexible tasks: 90
Solving time: 0.000858082 seconds
plan limit 980
current timestep 182
num of flexible agents: 5
num of flexible tasks: 89
Solving time: 0.000326028 seconds
plan limit 980
current timestep 183
num of flexible agents: 6
num of flexible tasks: 89
Solving time: 0.000463036 seconds
plan limit 980
current timestep 184
num of flexible agents: 7
num of flexible tasks: 89
Solving time: 0.000334879 seconds
plan limit 980
current timestep 185
num of flexible agents: 7
num of flexible tasks: 87
Solving time: 0.000475837 seconds
plan limit 980
current timestep 186
num of flexible agents: 8
num of flexible tasks: 87
Solving time: 0.000338801 seconds
plan limit 980
current timestep 187
num of flexible agents: 8
num of flexible tasks: 85
Solving time: 0.000345308 seconds
plan limit 980
current timestep 188
num of flexible agents: 11
num of flexible tasks: 84
Solving time: 0.000507495 seconds
plan limit 980
current timestep 189
num of flexible agents: 9
num of flexible tasks: 80
Solving time: 0.000352072 seconds
plan limit 980
current timestep 190
num of flexible agents: 10
num of flexible tasks: 79
Solving time: 0.000485888 seconds
plan limit 980
current timestep 191
num of flexible agents: 13
num of flexible tasks: 76
Solving time: 0.000355264 seconds
plan limit 980
current timestep 192
num of flexible agents: 14
num of flexible tasks: 75
Solving time: 0.000524863 seconds
plan limit 980
current timestep 193
num of flexible agents: 14
num of flexible tasks: 74
Solving time: 0.000542054 seconds
plan limit 980
current timestep 194
num of flexible agents: 17
num of flexible tasks: 73
Solving time: 0.000392936 seconds
plan limit 980
current timestep 195
num of flexible agents: 18
num of flexible tasks: 72
Solving time: 0.000569486 seconds
plan limit 980
current timestep 196
num of flexible agents: 15
num of flexible tasks: 67
Solving time: 0.000386357 seconds
plan limit 980
current timestep 197
num of flexible agents: 13
num of flexible tasks: 64
Solving time: 0.000505799 seconds
plan limit 980
current timestep 198
num of flexible agents: 15
num of flexible tasks: 62
Solving time: 0.000379526 seconds
plan limit 980
current timestep 199
num of flexible agents: 13
num of flexible tasks: 59
Solving time: 0.000366841 seconds
plan limit 980
current timestep 200
num of flexible agents: 14
num of flexible tasks: 59
Solving time: 0.000368709 seconds
plan limit 980
current timestep 201
num of flexible agents: 14
num of flexible tasks: 57
Solving time: 0.00051529 seconds
plan limit 980
current timestep 202
num of flexible agents: 15
num of flexible tasks: 56
Solving time: 0.000504129 seconds
plan limit 980
current timestep 203
num of flexible agents: 15
num of flexible tasks: 53
Solving time: 0.000388509 seconds
plan limit 980
current timestep 204
num of flexible agents: 16
num of flexible tasks: 53
Solving time: 0.000556457 seconds
plan limit 980
current timestep 205
num of flexible agents: 15
num of flexible tasks: 51
Solving time: 0.000396908 seconds
plan limit 980
current timestep 206
num of flexible agents: 15
num of flexible tasks: 49
Solving time: 0.000506996 seconds
plan limit 980
current timestep 207
num of flexible agents: 15
num of flexible tasks: 47
Solving time: 0.00036637 seconds
plan limit 980
current timestep 208
num of flexible agents: 15
num of flexible tasks: 46
Solving time: 0.000539157 seconds
plan limit 980
current timestep 209
num of flexible agents: 15
num of flexible tasks: 44
Solving time: 0.000360033 seconds
plan limit 980
current timestep 210
num of flexible agents: 15
num of flexible tasks: 42
Solving time: 0.000537787 seconds
plan limit 980
current timestep 211
num of flexible agents: 13
num of flexible tasks: 38
Solving time: 0.000377252 seconds
plan limit 980
current timestep 212
num of flexible agents: 12
num of flexible tasks: 36
Solving time: 0.000526123 seconds
plan limit 980
current timestep 213
num of flexible agents: 8
num of flexible tasks: 30
Solving time: 0.000342085 seconds
plan limit 980
current timestep 214
num of flexible agents: 7
num of flexible tasks: 29
Solving time: 0.000457313 seconds
plan limit 980
current timestep 215
num of flexible agents: 9
num of flexible tasks: 29
Solving time: 0.000460688 seconds
plan limit 980
current timestep 216
num of flexible agents: 10
num of flexible tasks: 28
Solving time: 0.000346809 seconds
plan limit 980
current timestep 217
num of flexible agents: 9
num of flexible tasks: 26
Solving time: 0.000315254 seconds
plan limit 980
current timestep 218
num of flexible agents: 8
num of flexible tasks: 25
Solving time: 0.000427261 seconds
plan limit 980
current timestep 219
num of flexible agents: 12
num of flexible tasks: 24
Solving time: 0.000398304 seconds
plan limit 980
current timestep 220
num of flexible agents: 14
num of flexible tasks: 24
Solving time: 0.000518121 seconds
plan limit 980
current timestep 221
num of flexible agents: 12
num of flexible tasks: 22
Solving time: 0.000347986 seconds
plan limit 980
current timestep 222
num of flexible agents: 14
num of flexible tasks: 21
Solving time: 0.000583166 seconds
plan limit 980
current timestep 223
num of flexible agents: 12
num of flexible tasks: 19
Solving time: 0.000380136 seconds
plan limit 980
current timestep 224
num of flexible agents: 12
num of flexible tasks: 17
Solving time: 0.00056376 seconds
plan limit 980
current timestep 225
num of flexible agents: 16
num of flexible tasks: 17
Solving time: 0.000448396 seconds
plan limit 980
current timestep 226
num of flexible agents: 21
num of flexible tasks: 17
Solving time: 0.000414094 seconds
plan limit 980
current timestep 227
num of flexible agents: 22
num of flexible tasks: 16
Solving time: 0.000481186 seconds
plan limit 980
current timestep 228
num of flexible agents: 23
num of flexible tasks: 15
Solving time: 0.00032779 seconds
plan limit 980
current timestep 229
num of flexible agents: 25
num of flexible tasks: 14
Solving time: 0.000479069 seconds
plan limit 980
current timestep 230
num of flexible agents: 28
num of flexible tasks: 14
Solving time: 0.000420711 seconds
plan limit 980
current timestep 231
num of flexible agents: 25
num of flexible tasks: 10
Solving time: 0.000413862 seconds
plan limit 980
current timestep 232
num of flexible agents: 27
num of flexible tasks: 10
Solving time: 0.000271432 seconds
plan limit 980
current timestep 233
num of flexible agents: 27
num of flexible tasks: 10
Solving time: 0.000246807 seconds
plan limit 980
current timestep 234
num of flexible agents: 28
num of flexible tasks: 10
Solving time: 0.000382298 seconds
plan limit 980
current timestep 235
num of flexible agents: 28
num of flexible tasks: 7
Solving time: 0.000348412 seconds
plan limit 980
current timestep 236
num of flexible agents: 25
num of flexible tasks: 3
Solving time: 0.000218793 seconds
plan limit 980
current timestep 237
num of flexible agents: 27
num of flexible tasks: 3
Solving time: 0.000327407 seconds
plan limit 980
current timestep 238
num of flexible agents: 28
num of flexible tasks: 2
Solving time: 0.000926688 seconds
plan limit 979
current timestep 239
num of flexible agents: 29
num of flexible tasks: 2
Solving time: 0.00106512 seconds
plan limit 979
current timestep 240
num of flexible agents: 31
num of flexible tasks: 2
Solving time: 0.00109091 seconds
plan limit 979
current timestep 241
num of flexible agents: 32
num of flexible tasks: 1
Solving time: 0.000334884 seconds
plan limit 980
current timestep 242
num of flexible agents: 31
num of flexible tasks: 0
Solving time: 0.000306437 seconds
plan limit 980
current timestep 243
num of flexible agents: 33
num of flexible tasks: 0
Solving time: 0.000283398 seconds
plan limit 980
current timestep 244
num of flexible agents: 33
num of flexible tasks: 0
Solving time: 0.00023457 seconds
plan limit 980
current timestep 245
num of flexible agents: 35
num of flexible tasks: 0
Solving time: 0.000205714 seconds
plan limit 980
current timestep 246
num of flexible agents: 35
num of flexible tasks: 0
Solving time: 0.000296069 seconds
plan limit 980
current timestep 247
num of flexible agents: 37
num of flexible tasks: 0
Solving time: 0.000202311 seconds
plan limit 980
current timestep 248
num of flexible agents: 39
num of flexible tasks: 0
Solving time: 0.000304944 seconds
plan limit 980
current timestep 249
num of flexible agents: 40
num of flexible tasks: 0
Solving time: 0.00019862 seconds
plan limit 980
current timestep 250
num of flexible agents: 40
num of flexible tasks: 0
Solving time: 0.000304919 seconds
plan limit 980
current timestep 251
num of flexible agents: 40
num of flexible tasks: 0
Solving time: 0.000204399 seconds
plan limit 980
current timestep 252
num of flexible agents: 41
num of flexible tasks: 0
Solving time: 0.000203226 seconds
plan limit 980
current timestep 253
num of flexible agents: 41
num of flexible tasks: 0
Solving time: 0.000213766 seconds
plan limit 980
current timestep 254
num of flexible agents: 41
num of flexible tasks: 0
Solving time: 0.000235039 seconds
plan limit 980
current timestep 255
num of flexible agents: 42
num of flexible tasks: 0
Solving time: 0.000196503 seconds
plan limit 980
current timestep 256
num of flexible agents: 42
num of flexible tasks: 0
Solving time: 0.000199274 seconds
plan limit 980
current timestep 257
num of flexible agents: 43
num of flexible tasks: 0
Solving time: 0.000198487 seconds
plan limit 980
current timestep 258
num of flexible agents: 45
num of flexible tasks: 0
Solving time: 0.000205771 seconds
plan limit 980
current timestep 259
num of flexible agents: 45
num of flexible tasks: 0
Solving time: 0.000245045 seconds
plan limit 980
current timestep 260
num of flexible agents: 47
num of flexible tasks: 0
Solving time: 0.000195256 seconds
plan limit 980
current timestep 261
num of flexible agents: 48
num of flexible tasks: 0
Solving time: 0.000205172 seconds
plan limit 980
current timestep 262
num of flexible agents: 48
num of flexible tasks: 0
Solving time: 0.000294413 seconds
plan limit 980
All tasks finished at timestep 263
