current timestep 0
num of flexible agents: 100
num of flexible tasks: 2
Solving time: 0.000309744 seconds
plan limit 980
current timestep 1
num of flexible agents: 100
num of flexible tasks: 4
Solving time: 0.000471316 seconds
plan limit 980
current timestep 2
num of flexible agents: 100
num of flexible tasks: 6
Solving time: 0.000312795 seconds
plan limit 980
current timestep 3
num of flexible agents: 100
num of flexible tasks: 8
Solving time: 0.000410326 seconds
plan limit 980
current timestep 4
num of flexible agents: 100
num of flexible tasks: 10
Solving time: 0.00026602 seconds
plan limit 980
current timestep 5
num of flexible agents: 98
num of flexible tasks: 10
Solving time: 0.000385896 seconds
plan limit 980
current timestep 6
num of flexible agents: 97
num of flexible tasks: 11
Solving time: 0.000373708 seconds
plan limit 980
current timestep 7
num of flexible agents: 94
num of flexible tasks: 10
Solving time: 0.00037545 seconds
plan limit 980
current timestep 8
num of flexible agents: 90
num of flexible tasks: 8
Solving time: 0.000305936 seconds
plan limit 980
current timestep 9
num of flexible agents: 90
num of flexible tasks: 10
Solving time: 0.000393829 seconds
plan limit 980
current timestep 10
num of flexible agents: 89
num of flexible tasks: 10
Solving time: 0.00028807 seconds
plan limit 980
current timestep 11
num of flexible agents: 88
num of flexible tasks: 11
Solving time: 0.000310499 seconds
plan limit 980
current timestep 12
num of flexible agents: 85
num of flexible tasks: 10
Solving time: 0.000383673 seconds
plan limit 980
current timestep 13
num of flexible agents: 81
num of flexible tasks: 8
Solving time: 0.000258116 seconds
plan limit 980
current timestep 14
num of flexible agents: 79
num of flexible tasks: 8
Solving time: 0.000443191 seconds
plan limit 980
current timestep 15
num of flexible agents: 76
num of flexible tasks: 7
Solving time: 0.00030338 seconds
plan limit 980
current timestep 16
num of flexible agents: 76
num of flexible tasks: 9
Solving time: 0.000417289 seconds
plan limit 980
current timestep 17
num of flexible agents: 73
num of flexible tasks: 8
Solving time: 0.000316447 seconds
plan limit 980
current timestep 18
num of flexible agents: 74
num of flexible tasks: 10
Solving time: 0.000442227 seconds
plan limit 980
current timestep 19
num of flexible agents: 74
num of flexible tasks: 12
Solving time: 0.000347748 seconds
plan limit 980
current timestep 20
num of flexible agents: 70
num of flexible tasks: 10
Solving time: 0.000443204 seconds
plan limit 980
current timestep 21
num of flexible agents: 69
num of flexible tasks: 10
Solving time: 0.000291705 seconds
plan limit 980
current timestep 22
num of flexible agents: 68
num of flexible tasks: 10
Solving time: 0.00044045 seconds
plan limit 980
current timestep 23
num of flexible agents: 68
num of flexible tasks: 11
Solving time: 0.000337567 seconds
plan limit 980
current timestep 24
num of flexible agents: 68
num of flexible tasks: 11
Solving time: 0.000466943 seconds
plan limit 980
current timestep 25
num of flexible agents: 69
num of flexible tasks: 13
Solving time: 0.000438106 seconds
plan limit 980
current timestep 26
num of flexible agents: 68
num of flexible tasks: 12
Solving time: 0.00031133 seconds
plan limit 980
current timestep 27
num of flexible agents: 67
num of flexible tasks: 12
Solving time: 0.000446648 seconds
plan limit 980
current timestep 28
num of flexible agents: 63
num of flexible tasks: 10
Solving time: 0.000312616 seconds
plan limit 980
current timestep 29
num of flexible agents: 63
num of flexible tasks: 12
Solving time: 0.000441717 seconds
plan limit 980
current timestep 30
num of flexible agents: 64
num of flexible tasks: 12
Solving time: 0.000335256 seconds
plan limit 980
current timestep 31
num of flexible agents: 63
num of flexible tasks: 13
Solving time: 0.000451035 seconds
plan limit 980
current timestep 32
num of flexible agents: 59
num of flexible tasks: 11
Solving time: 0.000337604 seconds
plan limit 980
current timestep 33
num of flexible agents: 61
num of flexible tasks: 13
Solving time: 0.0004592 seconds
plan limit 980
current timestep 34
num of flexible agents: 59
num of flexible tasks: 12
Solving time: 0.000317402 seconds
plan limit 980
current timestep 35
num of flexible agents: 58
num of flexible tasks: 11
Solving time: 0.00043868 seconds
plan limit 980
current timestep 36
num of flexible agents: 58
num of flexible tasks: 10
Solving time: 0.000295981 seconds
plan limit 980
current timestep 37
num of flexible agents: 61
num of flexible tasks: 12
Solving time: 0.000293041 seconds
plan limit 980
current timestep 38
num of flexible agents: 56
num of flexible tasks: 9
Solving time: 0.000289529 seconds
plan limit 980
current timestep 39
num of flexible agents: 57
num of flexible tasks: 9
Solving time: 0.000304896 seconds
plan limit 980
current timestep 40
num of flexible agents: 59
num of flexible tasks: 10
Solving time: 0.00034549 seconds
plan limit 980
current timestep 41
num of flexible agents: 59
num of flexible tasks: 10
Solving time: 0.000326583 seconds
plan limit 980
current timestep 42
num of flexible agents: 59
num of flexible tasks: 9
Solving time: 0.000407738 seconds
plan limit 980
current timestep 43
num of flexible agents: 60
num of flexible tasks: 9
Solving time: 0.000302381 seconds
plan limit 980
current timestep 44
num of flexible agents: 60
num of flexible tasks: 10
Solving time: 0.000404789 seconds
plan limit 980
current timestep 45
num of flexible agents: 58
num of flexible tasks: 10
Solving time: 0.000270315 seconds
plan limit 980
current timestep 46
num of flexible agents: 58
num of flexible tasks: 8
Solving time: 0.000370822 seconds
plan limit 980
current timestep 47
num of flexible agents: 60
num of flexible tasks: 10
Solving time: 0.000278735 seconds
plan limit 980
current timestep 48
num of flexible agents: 57
num of flexible tasks: 8
Solving time: 0.000402361 seconds
plan limit 980
current timestep 49
num of flexible agents: 56
num of flexible tasks: 9
Solving time: 0.000268377 seconds
plan limit 980
current timestep 50
num of flexible agents: 56
num of flexible tasks: 9
Solving time: 0.000399337 seconds
plan limit 980
current timestep 51
num of flexible agents: 59
num of flexible tasks: 11
Solving time: 0.00034232 seconds
plan limit 980
current timestep 52
num of flexible agents: 55
num of flexible tasks: 9
Solving time: 0.000382699 seconds
plan limit 980
current timestep 53
num of flexible agents: 53
num of flexible tasks: 8
Solving time: 0.000270017 seconds
plan limit 980
current timestep 54
num of flexible agents: 53
num of flexible tasks: 7
Solving time: 0.000426795 seconds
plan limit 980
current timestep 55
num of flexible agents: 59
num of flexible tasks: 9
Solving time: 0.000310111 seconds
plan limit 980
current timestep 56
num of flexible agents: 58
num of flexible tasks: 7
Solving time: 0.000414899 seconds
plan limit 980
current timestep 57
num of flexible agents: 59
num of flexible tasks: 7
Solving time: 0.000283674 seconds
plan limit 980
current timestep 58
num of flexible agents: 60
num of flexible tasks: 9
Solving time: 0.000301554 seconds
plan limit 980
current timestep 59
num of flexible agents: 57
num of flexible tasks: 6
Solving time: 0.000243989 seconds
plan limit 980
current timestep 60
num of flexible agents: 61
num of flexible tasks: 7
Solving time: 0.000333861 seconds
plan limit 980
current timestep 61
num of flexible agents: 64
num of flexible tasks: 7
Solving time: 0.000377087 seconds
plan limit 980
current timestep 62
num of flexible agents: 65
num of flexible tasks: 7
Solving time: 0.000382793 seconds
plan limit 980
current timestep 63
num of flexible agents: 63
num of flexible tasks: 7
Solving time: 0.000374971 seconds
plan limit 980
current timestep 64
num of flexible agents: 62
num of flexible tasks: 8
Solving time: 0.000376172 seconds
plan limit 980
current timestep 65
num of flexible agents: 59
num of flexible tasks: 7
Solving time: 0.000380426 seconds
plan limit 980
current timestep 66
num of flexible agents: 60
num of flexible tasks: 8
Solving time: 0.000375273 seconds
plan limit 980
current timestep 67
num of flexible agents: 58
num of flexible tasks: 6
Solving time: 0.000372908 seconds
plan limit 980
current timestep 68
num of flexible agents: 57
num of flexible tasks: 7
Solving time: 0.000386258 seconds
plan limit 980
current timestep 69
num of flexible agents: 56
num of flexible tasks: 6
Solving time: 0.000387258 seconds
plan limit 980
current timestep 70
num of flexible agents: 55
num of flexible tasks: 6
Solving time: 0.0003871 seconds
plan limit 980
current timestep 71
num of flexible agents: 56
num of flexible tasks: 8
Solving time: 0.000378821 seconds
plan limit 980
current timestep 72
num of flexible agents: 59
num of flexible tasks: 9
Solving time: 0.000361432 seconds
plan limit 980
current timestep 73
num of flexible agents: 57
num of flexible tasks: 7
Solving time: 0.000336821 seconds
plan limit 980
current timestep 74
num of flexible agents: 57
num of flexible tasks: 6
Solving time: 0.000245611 seconds
plan limit 980
current timestep 75
num of flexible agents: 56
num of flexible tasks: 5
Solving time: 0.000402277 seconds
plan limit 980
current timestep 76
num of flexible agents: 55
num of flexible tasks: 4
Solving time: 0.000330515 seconds
plan limit 980
current timestep 77
num of flexible agents: 60
num of flexible tasks: 6
Solving time: 0.000392761 seconds
plan limit 980
current timestep 78
num of flexible agents: 61
num of flexible tasks: 6
Solving time: 0.000395383 seconds
plan limit 980
current timestep 79
num of flexible agents: 64
num of flexible tasks: 8
Solving time: 0.000261983 seconds
plan limit 980
current timestep 80
num of flexible agents: 65
num of flexible tasks: 9
Solving time: 0.000282142 seconds
plan limit 980
current timestep 81
num of flexible agents: 65
num of flexible tasks: 10
Solving time: 0.000393275 seconds
plan limit 980
current timestep 82
num of flexible agents: 63
num of flexible tasks: 8
Solving time: 0.00023036 seconds
plan limit 980
current timestep 83
num of flexible agents: 60
num of flexible tasks: 5
Solving time: 0.00032987 seconds
plan limit 980
current timestep 84
num of flexible agents: 59
num of flexible tasks: 4
Solving time: 0.000248237 seconds
plan limit 980
current timestep 85
num of flexible agents: 58
num of flexible tasks: 4
Solving time: 0.00037211 seconds
plan limit 980
current timestep 86
num of flexible agents: 60
num of flexible tasks: 5
Solving time: 0.000256496 seconds
plan limit 980
current timestep 87
num of flexible agents: 62
num of flexible tasks: 7
Solving time: 0.000371503 seconds
plan limit 980
current timestep 88
num of flexible agents: 60
num of flexible tasks: 6
Solving time: 0.000264301 seconds
plan limit 980
current timestep 89
num of flexible agents: 59
num of flexible tasks: 7
Solving time: 0.000384992 seconds
plan limit 980
current timestep 90
num of flexible agents: 60
num of flexible tasks: 5
Solving time: 0.000351342 seconds
plan limit 980
current timestep 91
num of flexible agents: 60
num of flexible tasks: 5
Solving time: 0.000347857 seconds
plan limit 980
current timestep 92
num of flexible agents: 62
num of flexible tasks: 7
Solving time: 0.000380741 seconds
plan limit 980
current timestep 93
num of flexible agents: 63
num of flexible tasks: 9
Solving time: 0.000378901 seconds
plan limit 980
current timestep 94
num of flexible agents: 62
num of flexible tasks: 8
Solving time: 0.000382688 seconds
plan limit 980
current timestep 95
num of flexible agents: 60
num of flexible tasks: 7
Solving time: 0.000247275 seconds
plan limit 980
current timestep 96
num of flexible agents: 59
num of flexible tasks: 5
Solving time: 0.000269776 seconds
plan limit 980
current timestep 97
num of flexible agents: 58
num of flexible tasks: 5
Solving time: 0.000229794 seconds
plan limit 980
current timestep 98
num of flexible agents: 59
num of flexible tasks: 5
Solving time: 0.000355111 seconds
plan limit 980
current timestep 99
num of flexible agents: 56
num of flexible tasks: 3
Solving time: 0.000263944 seconds
plan limit 980
current timestep 100
num of flexible agents: 59
num of flexible tasks: 4
Solving time: 0.000382857 seconds
plan limit 980
current timestep 101
num of flexible agents: 59
num of flexible tasks: 4
Solving time: 0.000276336 seconds
plan limit 970
current timestep 102
num of flexible agents: 58
num of flexible tasks: 5
Solving time: 0.00034938 seconds
plan limit 980
current timestep 103
num of flexible agents: 63
num of flexible tasks: 6
Solving time: 0.000260035 seconds
plan limit 980
current timestep 104
num of flexible agents: 64
num of flexible tasks: 5
Solving time: 0.000357483 seconds
plan limit 980
current timestep 105
num of flexible agents: 68
num of flexible tasks: 6
Solving time: 0.000287524 seconds
plan limit 980
current timestep 106
num of flexible agents: 68
num of flexible tasks: 5
Solving time: 0.000344065 seconds
plan limit 980
current timestep 107
num of flexible agents: 68
num of flexible tasks: 5
Solving time: 0.00035795 seconds
plan limit 980
current timestep 108
num of flexible agents: 70
num of flexible tasks: 5
Solving time: 0.000264678 seconds
plan limit 980
current timestep 109
num of flexible agents: 70
num of flexible tasks: 7
Solving time: 0.000403364 seconds
plan limit 980
current timestep 110
num of flexible agents: 67
num of flexible tasks: 4
Solving time: 0.000270782 seconds
plan limit 980
current timestep 111
num of flexible agents: 68
num of flexible tasks: 5
Solving time: 0.000244146 seconds
plan limit 980
current timestep 112
num of flexible agents: 66
num of flexible tasks: 5
Solving time: 0.000243626 seconds
plan limit 980
current timestep 113
num of flexible agents: 65
num of flexible tasks: 6
Solving time: 0.000359637 seconds
plan limit 980
current timestep 114
num of flexible agents: 63
num of flexible tasks: 6
Solving time: 0.000280055 seconds
plan limit 980
current timestep 115
num of flexible agents: 65
num of flexible tasks: 8
Solving time: 0.000406372 seconds
plan limit 980
current timestep 116
num of flexible agents: 64
num of flexible tasks: 7
Solving time: 0.000264734 seconds
plan limit 980
current timestep 117
num of flexible agents: 62
num of flexible tasks: 6
Solving time: 0.000368058 seconds
plan limit 980
current timestep 118
num of flexible agents: 64
num of flexible tasks: 8
Solving time: 0.000253578 seconds
plan limit 980
current timestep 119
num of flexible agents: 62
num of flexible tasks: 6
Solving time: 0.000345439 seconds
plan limit 980
current timestep 120
num of flexible agents: 61
num of flexible tasks: 4
Solving time: 0.000255991 seconds
plan limit 980
current timestep 121
num of flexible agents: 61
num of flexible tasks: 5
Solving time: 0.000394775 seconds
plan limit 980
current timestep 122
num of flexible agents: 60
num of flexible tasks: 5
Solving time: 0.00041958 seconds
plan limit 980
current timestep 123
num of flexible agents: 60
num of flexible tasks: 7
Solving time: 0.000278473 seconds
plan limit 980
current timestep 124
num of flexible agents: 61
num of flexible tasks: 7
Solving time: 0.000274315 seconds
plan limit 980
current timestep 125
num of flexible agents: 60
num of flexible tasks: 7
Solving time: 0.000293443 seconds
plan limit 980
current timestep 126
num of flexible agents: 59
num of flexible tasks: 7
Solving time: 0.000274402 seconds
plan limit 980
current timestep 127
num of flexible agents: 59
num of flexible tasks: 9
Solving time: 0.000436091 seconds
plan limit 980
current timestep 128
num of flexible agents: 59
num of flexible tasks: 10
Solving time: 0.000333509 seconds
plan limit 980
current timestep 129
num of flexible agents: 60
num of flexible tasks: 11
Solving time: 0.000311549 seconds
plan limit 980
current timestep 130
num of flexible agents: 62
num of flexible tasks: 11
Solving time: 0.000452245 seconds
plan limit 980
current timestep 131
num of flexible agents: 62
num of flexible tasks: 11
Solving time: 0.000308041 seconds
plan limit 980
current timestep 132
num of flexible agents: 63
num of flexible tasks: 12
Solving time: 0.000441383 seconds
plan limit 980
current timestep 133
num of flexible agents: 60
num of flexible tasks: 10
Solving time: 0.000319434 seconds
plan limit 980
current timestep 134
num of flexible agents: 61
num of flexible tasks: 11
Solving time: 0.000523941 seconds
plan limit 980
current timestep 135
num of flexible agents: 57
num of flexible tasks: 8
Solving time: 0.000307632 seconds
plan limit 980
current timestep 136
num of flexible agents: 56
num of flexible tasks: 7
Solving time: 0.000299611 seconds
plan limit 980
current timestep 137
num of flexible agents: 57
num of flexible tasks: 7
Solving time: 0.000521385 seconds
plan limit 980
current timestep 138
num of flexible agents: 58
num of flexible tasks: 8
Solving time: 0.000340904 seconds
plan limit 980
current timestep 139
num of flexible agents: 59
num of flexible tasks: 9
Solving time: 0.000475116 seconds
plan limit 980
current timestep 140
num of flexible agents: 59
num of flexible tasks: 11
Solving time: 0.000329477 seconds
plan limit 980
current timestep 141
num of flexible agents: 62
num of flexible tasks: 11
Solving time: 0.000477881 seconds
plan limit 980
current timestep 142
num of flexible agents: 63
num of flexible tasks: 13
Solving time: 0.000322952 seconds
plan limit 980
current timestep 143
num of flexible agents: 64
num of flexible tasks: 13
Solving time: 0.000287585 seconds
plan limit 980
current timestep 144
num of flexible agents: 63
num of flexible tasks: 12
Solving time: 0.000424713 seconds
plan limit 980
current timestep 145
num of flexible agents: 58
num of flexible tasks: 8
Solving time: 0.000377497 seconds
plan limit 980
current timestep 146
num of flexible agents: 60
num of flexible tasks: 10
Solving time: 0.00029068 seconds
plan limit 980
current timestep 147
num of flexible agents: 57
num of flexible tasks: 8
Solving time: 0.000404552 seconds
plan limit 980
current timestep 148
num of flexible agents: 60
num of flexible tasks: 9
Solving time: 0.000282904 seconds
plan limit 980
current timestep 149
num of flexible agents: 57
num of flexible tasks: 7
Solving time: 0.000394056 seconds
plan limit 980
current timestep 150
num of flexible agents: 56
num of flexible tasks: 8
Solving time: 0.000271458 seconds
plan limit 980
current timestep 151
num of flexible agents: 58
num of flexible tasks: 9
Solving time: 0.000401086 seconds
plan limit 980
current timestep 152
num of flexible agents: 58
num of flexible tasks: 8
Solving time: 0.000281114 seconds
plan limit 980
current timestep 153
num of flexible agents: 57
num of flexible tasks: 7
Solving time: 0.000328611 seconds
plan limit 980
current timestep 154
num of flexible agents: 57
num of flexible tasks: 8
Solving time: 0.000421031 seconds
plan limit 980
current timestep 155
num of flexible agents: 60
num of flexible tasks: 9
Solving time: 0.00033173 seconds
plan limit 980
current timestep 156
num of flexible agents: 62
num of flexible tasks: 10
Solving time: 0.000395623 seconds
plan limit 980
current timestep 157
num of flexible agents: 61
num of flexible tasks: 10
Solving time: 0.000281237 seconds
plan limit 980
current timestep 158
num of flexible agents: 56
num of flexible tasks: 7
Solving time: 0.0004502 seconds
plan limit 980
current timestep 159
num of flexible agents: 59
num of flexible tasks: 8
Solving time: 0.000271247 seconds
plan limit 980
current timestep 160
num of flexible agents: 59
num of flexible tasks: 9
Solving time: 0.000473328 seconds
plan limit 980
current timestep 161
num of flexible agents: 61
num of flexible tasks: 10
Solving time: 0.000440942 seconds
plan limit 980
current timestep 162
num of flexible agents: 61
num of flexible tasks: 9
Solving time: 0.000321642 seconds
plan limit 980
current timestep 163
num of flexible agents: 61
num of flexible tasks: 10
Solving time: 0.000435112 seconds
plan limit 980
current timestep 164
num of flexible agents: 57
num of flexible tasks: 7
Solving time: 0.000429111 seconds
plan limit 980
current timestep 165
num of flexible agents: 58
num of flexible tasks: 8
Solving time: 0.000449107 seconds
plan limit 980
current timestep 166
num of flexible agents: 60
num of flexible tasks: 9
Solving time: 0.000401938 seconds
plan limit 980
current timestep 167
num of flexible agents: 58
num of flexible tasks: 7
Solving time: 0.000288462 seconds
plan limit 980
current timestep 168
num of flexible agents: 59
num of flexible tasks: 9
Solving time: 0.000304808 seconds
plan limit 980
current timestep 169
num of flexible agents: 57
num of flexible tasks: 8
Solving time: 0.000399462 seconds
plan limit 980
current timestep 170
num of flexible agents: 55
num of flexible tasks: 7
Solving time: 0.000264799 seconds
plan limit 980
current timestep 171
num of flexible agents: 59
num of flexible tasks: 9
Solving time: 0.000263383 seconds
plan limit 980
current timestep 172
num of flexible agents: 57
num of flexible tasks: 8
Solving time: 0.000418691 seconds
plan limit 980
current timestep 173
num of flexible agents: 57
num of flexible tasks: 9
Solving time: 0.000299011 seconds
plan limit 980
current timestep 174
num of flexible agents: 55
num of flexible tasks: 8
Solving time: 0.000415048 seconds
plan limit 980
current timestep 175
num of flexible agents: 55
num of flexible tasks: 8
Solving time: 0.000332617 seconds
plan limit 980
current timestep 176
num of flexible agents: 51
num of flexible tasks: 6
Solving time: 0.000263222 seconds
plan limit 980
current timestep 177
num of flexible agents: 51
num of flexible tasks: 5
Solving time: 0.000242108 seconds
plan limit 980
current timestep 178
num of flexible agents: 51
num of flexible tasks: 6
Solving time: 0.000346723 seconds
plan limit 980
current timestep 179
num of flexible agents: 52
num of flexible tasks: 6
Solving time: 0.000389623 seconds
plan limit 980
current timestep 180
num of flexible agents: 54
num of flexible tasks: 6
Solving time: 0.000269715 seconds
plan limit 980
current timestep 181
num of flexible agents: 58
num of flexible tasks: 7
Solving time: 0.000254193 seconds
plan limit 980
current timestep 182
num of flexible agents: 57
num of flexible tasks: 6
Solving time: 0.000373223 seconds
plan limit 980
current timestep 183
num of flexible agents: 55
num of flexible tasks: 5
Solving time: 0.00026211 seconds
plan limit 980
current timestep 184
num of flexible agents: 55
num of flexible tasks: 5
Solving time: 0.000421537 seconds
plan limit 980
current timestep 185
num of flexible agents: 60
num of flexible tasks: 6
Solving time: 0.000265513 seconds
plan limit 980
current timestep 186
num of flexible agents: 60
num of flexible tasks: 5
Solving time: 0.000377967 seconds
plan limit 980
current timestep 187
num of flexible agents: 59
num of flexible tasks: 6
Solving time: 0.000385826 seconds
plan limit 980
current timestep 188
num of flexible agents: 59
num of flexible tasks: 7
Solving time: 0.000390561 seconds
plan limit 980
current timestep 189
num of flexible agents: 59
num of flexible tasks: 7
Solving time: 0.000286374 seconds
plan limit 980
current timestep 190
num of flexible agents: 59
num of flexible tasks: 8
Solving time: 0.000414261 seconds
plan limit 980
current timestep 191
num of flexible agents: 60
num of flexible tasks: 8
Solving time: 0.00027238 seconds
plan limit 980
current timestep 192
num of flexible agents: 57
num of flexible tasks: 7
Solving time: 0.000376885 seconds
plan limit 980
current timestep 193
num of flexible agents: 58
num of flexible tasks: 6
Solving time: 0.000413054 seconds
plan limit 980
current timestep 194
num of flexible agents: 60
num of flexible tasks: 7
Solving time: 0.000290986 seconds
plan limit 980
current timestep 195
num of flexible agents: 63
num of flexible tasks: 9
Solving time: 0.000271597 seconds
plan limit 980
current timestep 196
num of flexible agents: 65
num of flexible tasks: 9
Solving time: 0.000413005 seconds
plan limit 980
current timestep 197
num of flexible agents: 66
num of flexible tasks: 9
Solving time: 0.000266399 seconds
plan limit 980
current timestep 198
num of flexible agents: 64
num of flexible tasks: 7
Solving time: 0.000413166 seconds
plan limit 980
current timestep 199
num of flexible agents: 62
num of flexible tasks: 6
Solving time: 0.000281196 seconds
plan limit 980
current timestep 200
num of flexible agents: 64
num of flexible tasks: 7
Solving time: 0.000266308 seconds
plan limit 980
current timestep 201
num of flexible agents: 62
num of flexible tasks: 6
Solving time: 0.00038672 seconds
plan limit 980
current timestep 202
num of flexible agents: 64
num of flexible tasks: 8
Solving time: 0.000274449 seconds
plan limit 980
current timestep 203
num of flexible agents: 67
num of flexible tasks: 8
Solving time: 0.000392985 seconds
plan limit 980
current timestep 204
num of flexible agents: 68
num of flexible tasks: 8
Solving time: 0.000298612 seconds
plan limit 980
current timestep 205
num of flexible agents: 65
num of flexible tasks: 7
Solving time: 0.00041204 seconds
plan limit 980
current timestep 206
num of flexible agents: 63
num of flexible tasks: 6
Solving time: 0.000259605 seconds
plan limit 980
current timestep 207
num of flexible agents: 61
num of flexible tasks: 5
Solving time: 0.000292031 seconds
plan limit 980
current timestep 208
num of flexible agents: 62
num of flexible tasks: 6
Solving time: 0.000417754 seconds
plan limit 980
current timestep 209
num of flexible agents: 62
num of flexible tasks: 7
Solving time: 0.000284213 seconds
plan limit 980
current timestep 210
num of flexible agents: 64
num of flexible tasks: 8
Solving time: 0.000287283 seconds
plan limit 980
current timestep 211
num of flexible agents: 65
num of flexible tasks: 9
Solving time: 0.000421567 seconds
plan limit 980
current timestep 212
num of flexible agents: 62
num of flexible tasks: 8
Solving time: 0.000284042 seconds
plan limit 980
current timestep 213
num of flexible agents: 62
num of flexible tasks: 9
Solving time: 0.000379171 seconds
plan limit 980
current timestep 214
num of flexible agents: 58
num of flexible tasks: 6
Solving time: 0.00026744 seconds
plan limit 980
current timestep 215
num of flexible agents: 58
num of flexible tasks: 7
Solving time: 0.000275716 seconds
plan limit 980
current timestep 216
num of flexible agents: 56
num of flexible tasks: 6
Solving time: 0.000379088 seconds
plan limit 980
current timestep 217
num of flexible agents: 56
num of flexible tasks: 7
Solving time: 0.000263235 seconds
plan limit 980
current timestep 218
num of flexible agents: 58
num of flexible tasks: 9
Solving time: 0.000396047 seconds
plan limit 980
current timestep 219
num of flexible agents: 60
num of flexible tasks: 9
Solving time: 0.000393091 seconds
plan limit 980
current timestep 220
num of flexible agents: 59
num of flexible tasks: 7
Solving time: 0.000274453 seconds
plan limit 980
current timestep 221
num of flexible agents: 58
num of flexible tasks: 7
Solving time: 0.000309449 seconds
plan limit 980
current timestep 222
num of flexible agents: 57
num of flexible tasks: 6
Solving time: 0.000269822 seconds
plan limit 980
current timestep 223
num of flexible agents: 58
num of flexible tasks: 7
Solving time: 0.000391162 seconds
plan limit 980
current timestep 224
num of flexible agents: 56
num of flexible tasks: 6
Solving time: 0.000258044 seconds
plan limit 980
current timestep 225
num of flexible agents: 57
num of flexible tasks: 8
Solving time: 0.000376343 seconds
plan limit 980
current timestep 226
num of flexible agents: 56
num of flexible tasks: 7
Solving time: 0.000425374 seconds
plan limit 980
current timestep 227
num of flexible agents: 52
num of flexible tasks: 5
Solving time: 0.000287922 seconds
plan limit 980
current timestep 228
num of flexible agents: 55
num of flexible tasks: 6
Solving time: 0.000254197 seconds
plan limit 980
current timestep 229
num of flexible agents: 58
num of flexible tasks: 7
Solving time: 0.000401766 seconds
plan limit 980
current timestep 230
num of flexible agents: 61
num of flexible tasks: 8
Solving time: 0.000257052 seconds
plan limit 980
current timestep 231
num of flexible agents: 58
num of flexible tasks: 6
Solving time: 0.000394301 seconds
plan limit 980
current timestep 232
num of flexible agents: 60
num of flexible tasks: 6
Solving time: 0.000242879 seconds
plan limit 980
current timestep 233
num of flexible agents: 60
num of flexible tasks: 7
Solving time: 0.00033393 seconds
plan limit 980
current timestep 234
num of flexible agents: 62
num of flexible tasks: 9
Solving time: 0.000289076 seconds
plan limit 980
current timestep 235
num of flexible agents: 62
num of flexible tasks: 8
Solving time: 0.00037981 seconds
plan limit 980
current timestep 236
num of flexible agents: 61
num of flexible tasks: 6
Solving time: 0.00026855 seconds
plan limit 980
current timestep 237
num of flexible agents: 62
num of flexible tasks: 7
Solving time: 0.000383895 seconds
plan limit 980
current timestep 238
num of flexible agents: 61
num of flexible tasks: 7
Solving time: 0.00040944 seconds
plan limit 980
current timestep 239
num of flexible agents: 64
num of flexible tasks: 8
Solving time: 0.000249578 seconds
plan limit 980
current timestep 240
num of flexible agents: 65
num of flexible tasks: 9
Solving time: 0.000248585 seconds
plan limit 980
current timestep 241
num of flexible agents: 64
num of flexible tasks: 8
Solving time: 0.000399547 seconds
plan limit 980
current timestep 242
num of flexible agents: 62
num of flexible tasks: 7
Solving time: 0.000264201 seconds
plan limit 980
current timestep 243
num of flexible agents: 63
num of flexible tasks: 7
Solving time: 0.000378559 seconds
plan limit 980
current timestep 244
num of flexible agents: 64
num of flexible tasks: 8
Solving time: 0.000283731 seconds
plan limit 980
current timestep 245
num of flexible agents: 67
num of flexible tasks: 10
Solving time: 0.000399219 seconds
plan limit 980
current timestep 246
num of flexible agents: 67
num of flexible tasks: 9
Solving time: 0.000391055 seconds
plan limit 980
current timestep 247
num of flexible agents: 64
num of flexible tasks: 7
Solving time: 0.000369234 seconds
plan limit 980
current timestep 248
num of flexible agents: 64
num of flexible tasks: 7
Solving time: 0.000362081 seconds
plan limit 980
current timestep 249
num of flexible agents: 66
num of flexible tasks: 9
Solving time: 0.000338557 seconds
plan limit 980
current timestep 250
num of flexible agents: 64
num of flexible tasks: 5
Solving time: 0.000288906 seconds
plan limit 980
current timestep 251
num of flexible agents: 62
num of flexible tasks: 1
Solving time: 0.000334358 seconds
plan limit 792
current timestep 252
num of flexible agents: 62
num of flexible tasks: 1
Solving time: 0.000325324 seconds
plan limit 980
current timestep 253
num of flexible agents: 61
num of flexible tasks: 0
Solving time: 0.000238428 seconds
plan limit 980
current timestep 254
num of flexible agents: 62
num of flexible tasks: 0
Solving time: 0.000199528 seconds
plan limit 980
current timestep 255
num of flexible agents: 65
num of flexible tasks: 0
Solving time: 0.000306233 seconds
plan limit 980
current timestep 256
num of flexible agents: 65
num of flexible tasks: 0
Solving time: 0.000228684 seconds
plan limit 980
current timestep 257
num of flexible agents: 65
num of flexible tasks: 0
Solving time: 0.000212705 seconds
plan limit 980
current timestep 258
num of flexible agents: 65
num of flexible tasks: 0
Solving time: 0.000301276 seconds
plan limit 980
current timestep 259
num of flexible agents: 68
num of flexible tasks: 0
Solving time: 0.00022948 seconds
plan limit 980
current timestep 260
num of flexible agents: 72
num of flexible tasks: 0
Solving time: 0.000293413 seconds
plan limit 980
current timestep 261
num of flexible agents: 72
num of flexible tasks: 0
Solving time: 0.000210469 seconds
plan limit 980
current timestep 262
num of flexible agents: 74
num of flexible tasks: 0
Solving time: 0.000304266 seconds
plan limit 980
current timestep 263
num of flexible agents: 74
num of flexible tasks: 0
Solving time: 0.000305977 seconds
plan limit 980
current timestep 264
num of flexible agents: 74
num of flexible tasks: 0
Solving time: 0.000224625 seconds
plan limit 980
current timestep 265
num of flexible agents: 78
num of flexible tasks: 0
Solving time: 0.000199365 seconds
plan limit 980
current timestep 266
num of flexible agents: 79
num of flexible tasks: 0
Solving time: 0.00027993 seconds
plan limit 980
current timestep 267
num of flexible agents: 80
num of flexible tasks: 0
Solving time: 0.00019799 seconds
plan limit 980
current timestep 268
num of flexible agents: 84
num of flexible tasks: 0
Solving time: 0.00019757 seconds
plan limit 980
current timestep 269
num of flexible agents: 86
num of flexible tasks: 0
Solving time: 0.000195413 seconds
plan limit 980
current timestep 270
num of flexible agents: 87
num of flexible tasks: 0
Solving time: 0.00020074 seconds
plan limit 980
current timestep 271
num of flexible agents: 87
num of flexible tasks: 0
Solving time: 0.000295999 seconds
plan limit 980
current timestep 272
num of flexible agents: 89
num of flexible tasks: 0
Solving time: 0.000209394 seconds
plan limit 980
current timestep 273
num of flexible agents: 90
num of flexible tasks: 0
Solving time: 0.000209834 seconds
plan limit 980
current timestep 274
num of flexible agents: 90
num of flexible tasks: 0
Solving time: 0.000300967 seconds
plan limit 980
current timestep 275
num of flexible agents: 93
num of flexible tasks: 0
Solving time: 0.000206231 seconds
plan limit 980
current timestep 276
num of flexible agents: 93
num of flexible tasks: 0
Solving time: 0.00021739 seconds
plan limit 980
current timestep 277
num of flexible agents: 94
num of flexible tasks: 0
Solving time: 0.00021533 seconds
plan limit 980
current timestep 278
num of flexible agents: 95
num of flexible tasks: 0
Solving time: 0.000307358 seconds
plan limit 980
current timestep 279
num of flexible agents: 96
num of flexible tasks: 0
Solving time: 0.000221015 seconds
plan limit 980
current timestep 280
num of flexible agents: 97
num of flexible tasks: 0
Solving time: 0.000200272 seconds
plan limit 980
current timestep 281
num of flexible agents: 98
num of flexible tasks: 0
Solving time: 0.000206902 seconds
plan limit 980
current timestep 282
num of flexible agents: 98
num of flexible tasks: 0
Solving time: 0.000201154 seconds
plan limit 980
current timestep 283
num of flexible agents: 99
num of flexible tasks: 0
Solving time: 0.000206148 seconds
plan limit 980
current timestep 284
num of flexible agents: 99
num of flexible tasks: 0
Solving time: 0.000201391 seconds
plan limit 980
current timestep 285
num of flexible agents: 99
num of flexible tasks: 0
Solving time: 0.000200103 seconds
plan limit 980
current timestep 286
num of flexible agents: 99
num of flexible tasks: 0
Solving time: 0.000298907 seconds
plan limit 980
current timestep 287
num of flexible agents: 99
num of flexible tasks: 0
Solving time: 0.000208782 seconds
plan limit 980
current timestep 288
num of flexible agents: 99
num of flexible tasks: 0
Solving time: 0.000232005 seconds
plan limit 980
current timestep 289
num of flexible agents: 99
num of flexible tasks: 0
Solving time: 0.000216134 seconds
plan limit 980
current timestep 290
num of flexible agents: 99
num of flexible tasks: 0
Solving time: 0.000308839 seconds
plan limit 980
current timestep 291
num of flexible agents: 99
num of flexible tasks: 0
Solving time: 0.000220371 seconds
plan limit 980
current timestep 292
num of flexible agents: 99
num of flexible tasks: 0
Solving time: 0.000214333 seconds
plan limit 980
current timestep 293
num of flexible agents: 99
num of flexible tasks: 0
Solving time: 0.00029265 seconds
plan limit 980
current timestep 294
num of flexible agents: 99
num of flexible tasks: 0
Solving time: 0.000201906 seconds
plan limit 980
current timestep 295
num of flexible agents: 99
num of flexible tasks: 0
Solving time: 0.000305002 seconds
plan limit 980
current timestep 296
num of flexible agents: 99
num of flexible tasks: 0
Solving time: 0.000200506 seconds
plan limit 980
current timestep 297
num of flexible agents: 99
num of flexible tasks: 0
Solving time: 0.00030749 seconds
plan limit 980
current timestep 298
num of flexible agents: 99
num of flexible tasks: 0
Solving time: 0.000213633 seconds
plan limit 980
current timestep 299
num of flexible agents: 99
num of flexible tasks: 0
Solving time: 0.000217708 seconds
plan limit 980
current timestep 300
num of flexible agents: 99
num of flexible tasks: 0
Solving time: 0.000306078 seconds
plan limit 980
current timestep 301
num of flexible agents: 99
num of flexible tasks: 0
Solving time: 0.000205736 seconds
plan limit 980
current timestep 302
num of flexible agents: 99
num of flexible tasks: 0
Solving time: 0.00020353 seconds
plan limit 980
current timestep 303
num of flexible agents: 99
num of flexible tasks: 0
Solving time: 0.000287294 seconds
plan limit 980
All tasks finished at timestep 304
