current timestep 0
num of flexible agents: 50
num of flexible tasks: 10
Solving time: 0.000405434 seconds
plan limit 980
current timestep 1
num of flexible agents: 47
num of flexible tasks: 17
Solving time: 0.00065546 seconds
plan limit 980
current timestep 2
num of flexible agents: 45
num of flexible tasks: 25
Solving time: 0.000666997 seconds
plan limit 980
current timestep 3
num of flexible agents: 43
num of flexible tasks: 33
Solving time: 0.000721032 seconds
plan limit 980
current timestep 4
num of flexible agents: 37
num of flexible tasks: 37
Solving time: 0.000550306 seconds
plan limit 980
current timestep 5
num of flexible agents: 37
num of flexible tasks: 47
Solving time: 0.000678696 seconds
plan limit 980
current timestep 6
num of flexible agents: 29
num of flexible tasks: 49
Solving time: 0.000428589 seconds
plan limit 980
current timestep 7
num of flexible agents: 26
num of flexible tasks: 55
Solving time: 0.0005453 seconds
plan limit 980
current timestep 8
num of flexible agents: 18
num of flexible tasks: 57
Solving time: 0.000345272 seconds
plan limit 980
current timestep 9
num of flexible agents: 16
num of flexible tasks: 65
Solving time: 0.000433018 seconds
plan limit 980
current timestep 10
num of flexible agents: 11
num of flexible tasks: 69
Solving time: 0.000290255 seconds
plan limit 980
current timestep 11
num of flexible agents: 7
num of flexible tasks: 73
Solving time: 0.000419511 seconds
plan limit 980
current timestep 12
num of flexible agents: 4
num of flexible tasks: 79
Solving time: 0.000404134 seconds
plan limit 980
current timestep 13
num of flexible agents: 3
num of flexible tasks: 87
Solving time: 0.00107775 seconds
plan limit 979
current timestep 14
num of flexible agents: 3
num of flexible tasks: 95
Solving time: 0.00108846 seconds
plan limit 979
current timestep 15
num of flexible agents: 4
num of flexible tasks: 104
Solving time: 0.000390366 seconds
plan limit 980
current timestep 16
num of flexible agents: 5
num of flexible tasks: 113
Solving time: 0.000290896 seconds
plan limit 980
current timestep 17
num of flexible agents: 3
num of flexible tasks: 121
Solving time: 0.00082686 seconds
plan limit 980
current timestep 18
num of flexible agents: 3
num of flexible tasks: 129
Solving time: 0.00100059 seconds
plan limit 979
current timestep 19
num of flexible agents: 1
num of flexible tasks: 137
Solving time: 0.000213654 seconds
plan limit 980
current timestep 20
num of flexible agents: 0
num of flexible tasks: 146
Solving time: 0.000210381 seconds
plan limit 980
current timestep 21
num of flexible agents: 2
num of flexible tasks: 156
Solving time: 0.000980585 seconds
plan limit 979
current timestep 22
num of flexible agents: 2
num of flexible tasks: 165
Solving time: 0.0009714 seconds
plan limit 979
current timestep 23
num of flexible agents: 2
num of flexible tasks: 173
Solving time: 0.000793796 seconds
plan limit 980
current timestep 24
num of flexible agents: 3
num of flexible tasks: 183
Solving time: 0.000904218 seconds
plan limit 979
current timestep 25
num of flexible agents: 1
num of flexible tasks: 191
Solving time: 0.000440234 seconds
plan limit 980
current timestep 26
num of flexible agents: 5
num of flexible tasks: 200
Solving time: 0.000285449 seconds
plan limit 980
current timestep 27
num of flexible agents: 4
num of flexible tasks: 207
Solving time: 0.000838553 seconds
plan limit 980
current timestep 28
num of flexible agents: 3
num of flexible tasks: 216
Solving time: 0.00101522 seconds
plan limit 979
current timestep 29
num of flexible agents: 5
num of flexible tasks: 225
Solving time: 0.000275576 seconds
plan limit 980
current timestep 30
num of flexible agents: 5
num of flexible tasks: 231
Solving time: 0.000291124 seconds
plan limit 980
current timestep 31
num of flexible agents: 3
num of flexible tasks: 238
Solving time: 0.00098728 seconds
plan limit 979
current timestep 32
num of flexible agents: 1
num of flexible tasks: 245
Solving time: 0.00040606 seconds
plan limit 980
current timestep 33
num of flexible agents: 3
num of flexible tasks: 255
Solving time: 0.000998026 seconds
plan limit 979
current timestep 34
num of flexible agents: 1
num of flexible tasks: 263
Solving time: 0.00043123 seconds
plan limit 980
current timestep 35
num of flexible agents: 2
num of flexible tasks: 272
Solving time: 0.000917674 seconds
plan limit 979
current timestep 36
num of flexible agents: 3
num of flexible tasks: 281
Solving time: 0.000986896 seconds
plan limit 979
current timestep 37
num of flexible agents: 4
num of flexible tasks: 289
Solving time: 0.000909782 seconds
plan limit 979
current timestep 38
num of flexible agents: 3
num of flexible tasks: 296
Solving time: 0.000985367 seconds
plan limit 979
current timestep 39
num of flexible agents: 9
num of flexible tasks: 305
Solving time: 0.000305712 seconds
plan limit 980
current timestep 40
num of flexible agents: 4
num of flexible tasks: 309
Solving time: 0.00108029 seconds
plan limit 979
current timestep 41
num of flexible agents: 5
num of flexible tasks: 317
Solving time: 0.000930512 seconds
plan limit 979
current timestep 42
num of flexible agents: 7
num of flexible tasks: 323
Solving time: 0.000453456 seconds
plan limit 980
current timestep 43
num of flexible agents: 4
num of flexible tasks: 328
Solving time: 0.000895186 seconds
plan limit 979
current timestep 44
num of flexible agents: 2
num of flexible tasks: 335
Solving time: 0.000714322 seconds
plan limit 980
current timestep 45
num of flexible agents: 3
num of flexible tasks: 344
Solving time: 0.00099619 seconds
plan limit 979
current timestep 46
num of flexible agents: 2
num of flexible tasks: 352
Solving time: 0.000750039 seconds
plan limit 980
current timestep 47
num of flexible agents: 3
num of flexible tasks: 360
Solving time: 0.000988112 seconds
plan limit 979
current timestep 48
num of flexible agents: 3
num of flexible tasks: 368
Solving time: 0.00083405 seconds
plan limit 980
current timestep 49
num of flexible agents: 4
num of flexible tasks: 375
Solving time: 0.000884358 seconds
plan limit 979
current timestep 50
num of flexible agents: 3
num of flexible tasks: 372
Solving time: 0.000971189 seconds
plan limit 979
current timestep 51
num of flexible agents: 3
num of flexible tasks: 370
Solving time: 0.000974014 seconds
plan limit 979
current timestep 52
num of flexible agents: 2
num of flexible tasks: 368
Solving time: 0.000691685 seconds
plan limit 980
current timestep 53
num of flexible agents: 5
num of flexible tasks: 367
Solving time: 0.000874783 seconds
plan limit 979
current timestep 54
num of flexible agents: 2
num of flexible tasks: 363
Solving time: 0.00070929 seconds
plan limit 980
current timestep 55
num of flexible agents: 3
num of flexible tasks: 361
Solving time: 0.000849992 seconds
plan limit 979
current timestep 56
num of flexible agents: 4
num of flexible tasks: 359
Solving time: 0.00103936 seconds
plan limit 979
current timestep 57
num of flexible agents: 2
num of flexible tasks: 356
Solving time: 0.000710501 seconds
plan limit 980
current timestep 58
num of flexible agents: 4
num of flexible tasks: 355
Solving time: 0.00102559 seconds
plan limit 979
current timestep 59
num of flexible agents: 6
num of flexible tasks: 351
Solving time: 0.000958237 seconds
plan limit 979
current timestep 60
num of flexible agents: 4
num of flexible tasks: 345
Solving time: 0.00103787 seconds
plan limit 979
current timestep 61
num of flexible agents: 1
num of flexible tasks: 341
Solving time: 0.000376739 seconds
plan limit 980
current timestep 62
num of flexible agents: 1
num of flexible tasks: 340
Solving time: 0.000795708 seconds
plan limit 980
current timestep 63
num of flexible agents: 1
num of flexible tasks: 339
Solving time: 0.000787975 seconds
plan limit 980
current timestep 64
num of flexible agents: 5
num of flexible tasks: 338
Solving time: 0.00104727 seconds
plan limit 979
current timestep 65
num of flexible agents: 2
num of flexible tasks: 334
Solving time: 0.000719245 seconds
plan limit 980
current timestep 66
num of flexible agents: 1
num of flexible tasks: 333
Solving time: 0.000807183 seconds
plan limit 979
current timestep 67
num of flexible agents: 3
num of flexible tasks: 333
Solving time: 0.000875535 seconds
plan limit 979
current timestep 68
num of flexible agents: 2
num of flexible tasks: 332
Solving time: 0.000891465 seconds
plan limit 979
current timestep 69
num of flexible agents: 3
num of flexible tasks: 330
Solving time: 0.000979943 seconds
plan limit 979
current timestep 70
num of flexible agents: 5
num of flexible tasks: 328
Solving time: 0.00092314 seconds
plan limit 979
current timestep 71
num of flexible agents: 4
num of flexible tasks: 323
Solving time: 0.00104999 seconds
plan limit 979
current timestep 72
num of flexible agents: 2
num of flexible tasks: 320
Solving time: 0.000724752 seconds
plan limit 980
current timestep 73
num of flexible agents: 5
num of flexible tasks: 318
Solving time: 0.00105189 seconds
plan limit 979
current timestep 74
num of flexible agents: 4
num of flexible tasks: 316
Solving time: 0.000878697 seconds
plan limit 979
current timestep 75
num of flexible agents: 3
num of flexible tasks: 313
Solving time: 0.000966824 seconds
plan limit 979
current timestep 76
num of flexible agents: 4
num of flexible tasks: 310
Solving time: 0.000877777 seconds
plan limit 979
current timestep 77
num of flexible agents: 2
num of flexible tasks: 307
Solving time: 0.000859235 seconds
plan limit 979
current timestep 78
num of flexible agents: 4
num of flexible tasks: 306
Solving time: 0.000848194 seconds
plan limit 980
current timestep 79
num of flexible agents: 3
num of flexible tasks: 302
Solving time: 0.000983546 seconds
plan limit 979
current timestep 80
num of flexible agents: 1
num of flexible tasks: 299
Solving time: 0.000781588 seconds
plan limit 980
current timestep 81
num of flexible agents: 1
num of flexible tasks: 298
Solving time: 0.000628682 seconds
plan limit 980
current timestep 82
num of flexible agents: 2
num of flexible tasks: 297
Solving time: 0.000713688 seconds
plan limit 980
current timestep 83
num of flexible agents: 3
num of flexible tasks: 295
Solving time: 0.00093897 seconds
plan limit 979
current timestep 84
num of flexible agents: 3
num of flexible tasks: 292
Solving time: 0.000961408 seconds
plan limit 979
current timestep 85
num of flexible agents: 3
num of flexible tasks: 289
Solving time: 0.000805947 seconds
plan limit 980
current timestep 86
num of flexible agents: 4
num of flexible tasks: 287
Solving time: 0.000850618 seconds
plan limit 980
current timestep 87
num of flexible agents: 1
num of flexible tasks: 284
Solving time: 0.000702611 seconds
plan limit 980
current timestep 88
num of flexible agents: 4
num of flexible tasks: 283
Solving time: 0.000994682 seconds
plan limit 979
current timestep 89
num of flexible agents: 6
num of flexible tasks: 280
Solving time: 0.00109583 seconds
plan limit 979
current timestep 90
num of flexible agents: 4
num of flexible tasks: 276
Solving time: 0.000878891 seconds
plan limit 979
current timestep 91
num of flexible agents: 4
num of flexible tasks: 273
Solving time: 0.000990548 seconds
plan limit 979
current timestep 92
num of flexible agents: 3
num of flexible tasks: 269
Solving time: 0.000858777 seconds
plan limit 979
current timestep 93
num of flexible agents: 1
num of flexible tasks: 267
Solving time: 0.000412159 seconds
plan limit 980
current timestep 94
num of flexible agents: 3
num of flexible tasks: 267
Solving time: 0.000938235 seconds
plan limit 979
current timestep 95
num of flexible agents: 3
num of flexible tasks: 265
Solving time: 0.000862871 seconds
plan limit 979
current timestep 96
num of flexible agents: 4
num of flexible tasks: 263
Solving time: 0.00103282 seconds
plan limit 979
current timestep 97
num of flexible agents: 6
num of flexible tasks: 261
Solving time: 0.000958986 seconds
plan limit 979
current timestep 98
num of flexible agents: 5
num of flexible tasks: 257
Solving time: 0.00103789 seconds
plan limit 979
current timestep 99
num of flexible agents: 1
num of flexible tasks: 252
Solving time: 0.000669429 seconds
plan limit 980
current timestep 100
num of flexible agents: 1
num of flexible tasks: 251
Solving time: 0.000580525 seconds
plan limit 980
current timestep 101
num of flexible agents: 1
num of flexible tasks: 251
Solving time: 0.000540676 seconds
plan limit 980
current timestep 102
num of flexible agents: 4
num of flexible tasks: 250
Solving time: 0.000861672 seconds
plan limit 980
current timestep 103
num of flexible agents: 4
num of flexible tasks: 248
Solving time: 0.000870031 seconds
plan limit 980
current timestep 104
num of flexible agents: 5
num of flexible tasks: 246
Solving time: 0.00105211 seconds
plan limit 979
current timestep 105
num of flexible agents: 4
num of flexible tasks: 244
Solving time: 0.000853213 seconds
plan limit 980
current timestep 106
num of flexible agents: 5
num of flexible tasks: 242
Solving time: 0.00103196 seconds
plan limit 979
current timestep 107
num of flexible agents: 2
num of flexible tasks: 239
Solving time: 0.000762932 seconds
plan limit 980
current timestep 108
num of flexible agents: 3
num of flexible tasks: 237
Solving time: 0.000861822 seconds
plan limit 979
current timestep 109
num of flexible agents: 2
num of flexible tasks: 234
Solving time: 0.000879777 seconds
plan limit 979
current timestep 110
num of flexible agents: 5
num of flexible tasks: 232
Solving time: 0.000885866 seconds
plan limit 979
current timestep 111
num of flexible agents: 3
num of flexible tasks: 229
Solving time: 0.000991251 seconds
plan limit 979
current timestep 112
num of flexible agents: 0
num of flexible tasks: 226
Solving time: 0.000254772 seconds
plan limit 980
current timestep 113
num of flexible agents: 1
num of flexible tasks: 226
Solving time: 0.00085109 seconds
plan limit 979
current timestep 114
num of flexible agents: 2
num of flexible tasks: 225
Solving time: 0.000919175 seconds
plan limit 979
current timestep 115
num of flexible agents: 4
num of flexible tasks: 225
Solving time: 0.00105159 seconds
plan limit 979
current timestep 116
num of flexible agents: 5
num of flexible tasks: 223
Solving time: 0.00106601 seconds
plan limit 979
current timestep 117
num of flexible agents: 2
num of flexible tasks: 219
Solving time: 0.000908761 seconds
plan limit 979
current timestep 118
num of flexible agents: 5
num of flexible tasks: 218
Solving time: 0.000885127 seconds
plan limit 979
current timestep 119
num of flexible agents: 6
num of flexible tasks: 216
Solving time: 0.00093218 seconds
plan limit 979
current timestep 120
num of flexible agents: 1
num of flexible tasks: 211
Solving time: 0.000865207 seconds
plan limit 979
current timestep 121
num of flexible agents: 1
num of flexible tasks: 210
Solving time: 0.000716331 seconds
plan limit 980
current timestep 122
num of flexible agents: 3
num of flexible tasks: 210
Solving time: 0.000862182 seconds
plan limit 980
current timestep 123
num of flexible agents: 4
num of flexible tasks: 207
Solving time: 0.00104247 seconds
plan limit 979
current timestep 124
num of flexible agents: 1
num of flexible tasks: 203
Solving time: 0.000707065 seconds
plan limit 980
current timestep 125
num of flexible agents: 4
num of flexible tasks: 202
Solving time: 0.0010477 seconds
plan limit 979
current timestep 126
num of flexible agents: 5
num of flexible tasks: 200
Solving time: 0.000878457 seconds
plan limit 980
current timestep 127
num of flexible agents: 6
num of flexible tasks: 196
Solving time: 0.0010897 seconds
plan limit 979
current timestep 128
num of flexible agents: 4
num of flexible tasks: 194
Solving time: 0.00086199 seconds
plan limit 980
current timestep 129
num of flexible agents: 5
num of flexible tasks: 192
Solving time: 0.00106094 seconds
plan limit 979
current timestep 130
num of flexible agents: 4
num of flexible tasks: 189
Solving time: 0.000891456 seconds
plan limit 980
current timestep 131
num of flexible agents: 5
num of flexible tasks: 188
Solving time: 0.00107609 seconds
plan limit 979
current timestep 132
num of flexible agents: 5
num of flexible tasks: 185
Solving time: 0.00089338 seconds
plan limit 979
current timestep 133
num of flexible agents: 6
num of flexible tasks: 182
Solving time: 0.000953833 seconds
plan limit 979
current timestep 134
num of flexible agents: 6
num of flexible tasks: 180
Solving time: 0.00114053 seconds
plan limit 979
current timestep 135
num of flexible agents: 7
num of flexible tasks: 178
Solving time: 0.000462417 seconds
plan limit 980
current timestep 136
num of flexible agents: 6
num of flexible tasks: 176
Solving time: 0.000968512 seconds
plan limit 979
current timestep 137
num of flexible agents: 6
num of flexible tasks: 174
Solving time: 0.00110753 seconds
plan limit 979
current timestep 138
num of flexible agents: 5
num of flexible tasks: 172
Solving time: 0.00107051 seconds
plan limit 979
current timestep 139
num of flexible agents: 5
num of flexible tasks: 169
Solving time: 0.000904338 seconds
plan limit 979
current timestep 140
num of flexible agents: 5
num of flexible tasks: 166
Solving time: 0.000892564 seconds
plan limit 979
current timestep 141
num of flexible agents: 7
num of flexible tasks: 165
Solving time: 0.000453213 seconds
plan limit 980
current timestep 142
num of flexible agents: 4
num of flexible tasks: 160
Solving time: 0.000916487 seconds
plan limit 979
current timestep 143
num of flexible agents: 5
num of flexible tasks: 158
Solving time: 0.0011026 seconds
plan limit 979
current timestep 144
num of flexible agents: 4
num of flexible tasks: 157
Solving time: 0.000927204 seconds
plan limit 979
current timestep 145
num of flexible agents: 5
num of flexible tasks: 155
Solving time: 0.00107701 seconds
plan limit 979
current timestep 146
num of flexible agents: 4
num of flexible tasks: 152
Solving time: 0.00109164 seconds
plan limit 979
current timestep 147
num of flexible agents: 4
num of flexible tasks: 150
Solving time: 0.000949533 seconds
plan limit 979
current timestep 148
num of flexible agents: 5
num of flexible tasks: 149
Solving time: 0.00111355 seconds
plan limit 979
current timestep 149
num of flexible agents: 6
num of flexible tasks: 148
Solving time: 0.000981902 seconds
plan limit 979
current timestep 150
num of flexible agents: 3
num of flexible tasks: 144
Solving time: 0.000967944 seconds
plan limit 979
current timestep 151
num of flexible agents: 3
num of flexible tasks: 143
Solving time: 0.000789401 seconds
plan limit 980
current timestep 152
num of flexible agents: 5
num of flexible tasks: 142
Solving time: 0.00105472 seconds
plan limit 979
current timestep 153
num of flexible agents: 4
num of flexible tasks: 139
Solving time: 0.000923063 seconds
plan limit 979
current timestep 154
num of flexible agents: 9
num of flexible tasks: 138
Solving time: 0.000441471 seconds
plan limit 980
current timestep 155
num of flexible agents: 5
num of flexible tasks: 133
Solving time: 0.00107404 seconds
plan limit 979
current timestep 156
num of flexible agents: 7
num of flexible tasks: 131
Solving time: 0.000297187 seconds
plan limit 980
current timestep 157
num of flexible agents: 6
num of flexible tasks: 128
Solving time: 0.000449014 seconds
plan limit 980
current timestep 158
num of flexible agents: 4
num of flexible tasks: 125
Solving time: 0.0010821 seconds
plan limit 979
current timestep 159
num of flexible agents: 5
num of flexible tasks: 123
Solving time: 0.000917255 seconds
plan limit 979
current timestep 160
num of flexible agents: 6
num of flexible tasks: 122
Solving time: 0.000304222 seconds
plan limit 980
current timestep 161
num of flexible agents: 7
num of flexible tasks: 121
Solving time: 0.00032026 seconds
plan limit 980
current timestep 162
num of flexible agents: 4
num of flexible tasks: 118
Solving time: 0.000940264 seconds
plan limit 979
current timestep 163
num of flexible agents: 10
num of flexible tasks: 117
Solving time: 0.000454544 seconds
plan limit 980
current timestep 164
num of flexible agents: 7
num of flexible tasks: 111
Solving time: 0.000442006 seconds
plan limit 980
current timestep 165
num of flexible agents: 8
num of flexible tasks: 111
Solving time: 0.000311105 seconds
plan limit 980
current timestep 166
num of flexible agents: 7
num of flexible tasks: 108
Solving time: 0.000450886 seconds
plan limit 980
current timestep 167
num of flexible agents: 5
num of flexible tasks: 104
Solving time: 0.000926913 seconds
plan limit 979
current timestep 168
num of flexible agents: 9
num of flexible tasks: 103
Solving time: 0.00047576 seconds
plan limit 980
current timestep 169
num of flexible agents: 6
num of flexible tasks: 100
Solving time: 0.000307109 seconds
plan limit 980
current timestep 170
num of flexible agents: 4
num of flexible tasks: 97
Solving time: 0.000919133 seconds
plan limit 979
current timestep 171
num of flexible agents: 5
num of flexible tasks: 97
Solving time: 0.0011053 seconds
plan limit 979
current timestep 172
num of flexible agents: 5
num of flexible tasks: 96
Solving time: 0.000945233 seconds
plan limit 979
current timestep 173
num of flexible agents: 3
num of flexible tasks: 94
Solving time: 0.00097908 seconds
plan limit 979
current timestep 174
num of flexible agents: 5
num of flexible tasks: 93
Solving time: 0.00113571 seconds
plan limit 979
current timestep 175
num of flexible agents: 7
num of flexible tasks: 90
Solving time: 0.000322144 seconds
plan limit 980
current timestep 176
num of flexible agents: 6
num of flexible tasks: 87
Solving time: 0.000466847 seconds
plan limit 980
current timestep 177
num of flexible agents: 7
num of flexible tasks: 87
Solving time: 0.000344469 seconds
plan limit 980
current timestep 178
num of flexible agents: 5
num of flexible tasks: 84
Solving time: 0.00111975 seconds
plan limit 979
current timestep 179
num of flexible agents: 9
num of flexible tasks: 84
Solving time: 0.000468996 seconds
plan limit 980
current timestep 180
num of flexible agents: 8
num of flexible tasks: 83
Solving time: 0.00036368 seconds
plan limit 980
current timestep 181
num of flexible agents: 7
num of flexible tasks: 80
Solving time: 0.000466978 seconds
plan limit 980
current timestep 182
num of flexible agents: 11
num of flexible tasks: 78
Solving time: 0.000350527 seconds
plan limit 980
current timestep 183
num of flexible agents: 11
num of flexible tasks: 76
Solving time: 0.000516505 seconds
plan limit 980
current timestep 184
num of flexible agents: 10
num of flexible tasks: 72
Solving time: 0.000376316 seconds
plan limit 980
current timestep 185
num of flexible agents: 11
num of flexible tasks: 71
Solving time: 0.00052716 seconds
plan limit 980
current timestep 186
num of flexible agents: 13
num of flexible tasks: 68
Solving time: 0.000372578 seconds
plan limit 980
current timestep 187
num of flexible agents: 17
num of flexible tasks: 68
Solving time: 0.000526868 seconds
plan limit 980
current timestep 188
num of flexible agents: 12
num of flexible tasks: 63
Solving time: 0.00035237 seconds
plan limit 980
current timestep 189
num of flexible agents: 13
num of flexible tasks: 62
Solving time: 0.000523571 seconds
plan limit 980
current timestep 190
num of flexible agents: 11
num of flexible tasks: 60
Solving time: 0.000359596 seconds
plan limit 980
current timestep 191
num of flexible agents: 11
num of flexible tasks: 58
Solving time: 0.000509526 seconds
plan limit 980
current timestep 192
num of flexible agents: 11
num of flexible tasks: 56
Solving time: 0.000337651 seconds
plan limit 980
current timestep 193
num of flexible agents: 11
num of flexible tasks: 54
Solving time: 0.000518997 seconds
plan limit 980
current timestep 194
num of flexible agents: 10
num of flexible tasks: 53
Solving time: 0.000360049 seconds
plan limit 980
current timestep 195
num of flexible agents: 9
num of flexible tasks: 51
Solving time: 0.000336376 seconds
plan limit 980
current timestep 196
num of flexible agents: 10
num of flexible tasks: 51
Solving time: 0.000517415 seconds
plan limit 980
current timestep 197
num of flexible agents: 13
num of flexible tasks: 50
Solving time: 0.000417787 seconds
plan limit 980
current timestep 198
num of flexible agents: 14
num of flexible tasks: 50
Solving time: 0.00036628 seconds
plan limit 980
current timestep 199
num of flexible agents: 15
num of flexible tasks: 49
Solving time: 0.0005248 seconds
plan limit 980
current timestep 200
num of flexible agents: 14
num of flexible tasks: 47
Solving time: 0.000377398 seconds
plan limit 980
current timestep 201
num of flexible agents: 15
num of flexible tasks: 45
Solving time: 0.000533632 seconds
plan limit 980
current timestep 202
num of flexible agents: 18
num of flexible tasks: 44
Solving time: 0.000398043 seconds
plan limit 980
current timestep 203
num of flexible agents: 19
num of flexible tasks: 41
Solving time: 0.000412056 seconds
plan limit 980
current timestep 204
num of flexible agents: 18
num of flexible tasks: 39
Solving time: 0.000436289 seconds
plan limit 980
current timestep 205
num of flexible agents: 19
num of flexible tasks: 38
Solving time: 0.000405143 seconds
plan limit 980
current timestep 206
num of flexible agents: 17
num of flexible tasks: 36
Solving time: 0.000455394 seconds
plan limit 980
current timestep 207
num of flexible agents: 18
num of flexible tasks: 36
Solving time: 0.000569991 seconds
plan limit 980
current timestep 208
num of flexible agents: 17
num of flexible tasks: 34
Solving time: 0.000410477 seconds
plan limit 980
current timestep 209
num of flexible agents: 17
num of flexible tasks: 32
Solving time: 0.00061154 seconds
plan limit 980
current timestep 210
num of flexible agents: 17
num of flexible tasks: 32
Solving time: 0.00040767 seconds
plan limit 980
current timestep 211
num of flexible agents: 16
num of flexible tasks: 31
Solving time: 0.000532106 seconds
plan limit 980
current timestep 212
num of flexible agents: 18
num of flexible tasks: 30
Solving time: 0.000397703 seconds
plan limit 980
current timestep 213
num of flexible agents: 20
num of flexible tasks: 29
Solving time: 0.000583911 seconds
plan limit 980
current timestep 214
num of flexible agents: 20
num of flexible tasks: 28
Solving time: 0.000455034 seconds
plan limit 980
current timestep 215
num of flexible agents: 22
num of flexible tasks: 26
Solving time: 0.000595814 seconds
plan limit 980
current timestep 216
num of flexible agents: 22
num of flexible tasks: 26
Solving time: 0.000437943 seconds
plan limit 980
current timestep 217
num of flexible agents: 22
num of flexible tasks: 24
Solving time: 0.000610386 seconds
plan limit 980
current timestep 218
num of flexible agents: 23
num of flexible tasks: 23
Solving time: 0.000467409 seconds
plan limit 980
current timestep 219
num of flexible agents: 21
num of flexible tasks: 20
Solving time: 0.000463333 seconds
plan limit 980
current timestep 220
num of flexible agents: 24
num of flexible tasks: 19
Solving time: 0.000421942 seconds
plan limit 980
current timestep 221
num of flexible agents: 25
num of flexible tasks: 18
Solving time: 0.000399262 seconds
plan limit 980
current timestep 222
num of flexible agents: 25
num of flexible tasks: 17
Solving time: 0.000512627 seconds
plan limit 980
current timestep 223
num of flexible agents: 27
num of flexible tasks: 15
Solving time: 0.000344813 seconds
plan limit 980
current timestep 224
num of flexible agents: 24
num of flexible tasks: 10
Solving time: 0.000445473 seconds
plan limit 980
current timestep 225
num of flexible agents: 22
num of flexible tasks: 8
Solving time: 0.000453367 seconds
plan limit 980
current timestep 226
num of flexible agents: 22
num of flexible tasks: 7
Solving time: 0.000290302 seconds
plan limit 980
current timestep 227
num of flexible agents: 22
num of flexible tasks: 5
Solving time: 0.000289821 seconds
plan limit 980
current timestep 228
num of flexible agents: 20
num of flexible tasks: 3
Solving time: 0.000962743 seconds
plan limit 979
current timestep 229
num of flexible agents: 22
num of flexible tasks: 3
Solving time: 0.00112703 seconds
plan limit 979
current timestep 230
num of flexible agents: 22
num of flexible tasks: 3
Solving time: 0.000971804 seconds
plan limit 979
current timestep 231
num of flexible agents: 23
num of flexible tasks: 2
Solving time: 0.000958287 seconds
plan limit 979
current timestep 232
num of flexible agents: 27
num of flexible tasks: 2
Solving time: 0.00113919 seconds
plan limit 979
current timestep 233
num of flexible agents: 28
num of flexible tasks: 2
Solving time: 0.000973211 seconds
plan limit 979
current timestep 234
num of flexible agents: 28
num of flexible tasks: 1
Solving time: 0.000320666 seconds
plan limit 980
current timestep 235
num of flexible agents: 30
num of flexible tasks: 1
Solving time: 0.000249085 seconds
plan limit 980
current timestep 236
num of flexible agents: 32
num of flexible tasks: 1
Solving time: 0.00022645 seconds
plan limit 980
current timestep 237
num of flexible agents: 32
num of flexible tasks: 1
Solving time: 0.000333998 seconds
plan limit 980
current timestep 238
num of flexible agents: 33
num of flexible tasks: 0
Solving time: 0.000218415 seconds
plan limit 980
current timestep 239
num of flexible agents: 33
num of flexible tasks: 0
Solving time: 0.000217659 seconds
plan limit 980
current timestep 240
num of flexible agents: 34
num of flexible tasks: 0
Solving time: 0.000309721 seconds
plan limit 980
current timestep 241
num of flexible agents: 35
num of flexible tasks: 0
Solving time: 0.000308918 seconds
plan limit 980
current timestep 242
num of flexible agents: 35
num of flexible tasks: 0
Solving time: 0.000226605 seconds
plan limit 980
current timestep 243
num of flexible agents: 35
num of flexible tasks: 0
Solving time: 0.000322329 seconds
plan limit 980
current timestep 244
num of flexible agents: 37
num of flexible tasks: 0
Solving time: 0.000234464 seconds
plan limit 980
current timestep 245
num of flexible agents: 38
num of flexible tasks: 0
Solving time: 0.000233966 seconds
plan limit 980
current timestep 246
num of flexible agents: 39
num of flexible tasks: 0
Solving time: 0.000323191 seconds
plan limit 980
current timestep 247
num of flexible agents: 39
num of flexible tasks: 0
Solving time: 0.000228754 seconds
plan limit 980
current timestep 248
num of flexible agents: 39
num of flexible tasks: 0
Solving time: 0.000221057 seconds
plan limit 980
current timestep 249
num of flexible agents: 40
num of flexible tasks: 0
Solving time: 0.000221832 seconds
plan limit 980
current timestep 250
num of flexible agents: 41
num of flexible tasks: 0
Solving time: 0.000229085 seconds
plan limit 980
current timestep 251
num of flexible agents: 43
num of flexible tasks: 0
Solving time: 0.000324108 seconds
plan limit 980
current timestep 252
num of flexible agents: 43
num of flexible tasks: 0
Solving time: 0.00025214 seconds
plan limit 980
current timestep 253
num of flexible agents: 44
num of flexible tasks: 0
Solving time: 0.000231711 seconds
plan limit 980
current timestep 254
num of flexible agents: 45
num of flexible tasks: 0
Solving time: 0.00021643 seconds
plan limit 980
current timestep 255
num of flexible agents: 45
num of flexible tasks: 0
Solving time: 0.000234242 seconds
plan limit 980
current timestep 256
num of flexible agents: 45
num of flexible tasks: 0
Solving time: 0.000318648 seconds
plan limit 980
current timestep 257
num of flexible agents: 45
num of flexible tasks: 0
Solving time: 0.000226705 seconds
plan limit 980
current timestep 258
num of flexible agents: 45
num of flexible tasks: 0
Solving time: 0.000315518 seconds
plan limit 980
current timestep 259
num of flexible agents: 45
num of flexible tasks: 0
Solving time: 0.00023551 seconds
plan limit 980
current timestep 260
num of flexible agents: 48
num of flexible tasks: 0
Solving time: 0.000322786 seconds
plan limit 980
current timestep 261
num of flexible agents: 48
num of flexible tasks: 0
Solving time: 0.000210535 seconds
plan limit 980
current timestep 262
num of flexible agents: 48
num of flexible tasks: 0
Solving time: 0.000303131 seconds
plan limit 980
current timestep 263
num of flexible agents: 48
num of flexible tasks: 0
Solving time: 0.000218239 seconds
plan limit 980
current timestep 264
num of flexible agents: 49
num of flexible tasks: 0
Solving time: 0.000214538 seconds
plan limit 980
All tasks finished at timestep 265
