current timestep 0
num of flexible agents: 100
num of flexible tasks: 2
Solving time: 0.000354637 seconds
plan limit 980
current timestep 1
num of flexible agents: 99
num of flexible tasks: 3
Solving time: 0.000305258 seconds
plan limit 980
current timestep 2
num of flexible agents: 99
num of flexible tasks: 5
Solving time: 0.000290468 seconds
plan limit 980
current timestep 3
num of flexible agents: 99
num of flexible tasks: 7
Solving time: 0.000376031 seconds
plan limit 980
current timestep 4
num of flexible agents: 97
num of flexible tasks: 7
Solving time: 0.00028612 seconds
plan limit 980
current timestep 5
num of flexible agents: 97
num of flexible tasks: 9
Solving time: 0.000423681 seconds
plan limit 980
current timestep 6
num of flexible agents: 95
num of flexible tasks: 9
Solving time: 0.000318117 seconds
plan limit 980
current timestep 7
num of flexible agents: 95
num of flexible tasks: 11
Solving time: 0.000332689 seconds
plan limit 980
current timestep 8
num of flexible agents: 91
num of flexible tasks: 9
Solving time: 0.000300937 seconds
plan limit 980
current timestep 9
num of flexible agents: 90
num of flexible tasks: 10
Solving time: 0.00044965 seconds
plan limit 980
current timestep 10
num of flexible agents: 86
num of flexible tasks: 8
Solving time: 0.000322689 seconds
plan limit 980
current timestep 11
num of flexible agents: 86
num of flexible tasks: 10
Solving time: 0.000484853 seconds
plan limit 980
current timestep 12
num of flexible agents: 83
num of flexible tasks: 9
Solving time: 0.000314155 seconds
plan limit 980
current timestep 13
num of flexible agents: 82
num of flexible tasks: 10
Solving time: 0.000382292 seconds
plan limit 980
current timestep 14
num of flexible agents: 79
num of flexible tasks: 9
Solving time: 0.000288747 seconds
plan limit 980
current timestep 15
num of flexible agents: 76
num of flexible tasks: 8
Solving time: 0.000245895 seconds
plan limit 980
current timestep 16
num of flexible agents: 75
num of flexible tasks: 9
Solving time: 0.00035484 seconds
plan limit 980
current timestep 17
num of flexible agents: 72
num of flexible tasks: 8
Solving time: 0.000359547 seconds
plan limit 980
current timestep 18
num of flexible agents: 71
num of flexible tasks: 8
Solving time: 0.000336715 seconds
plan limit 980
current timestep 19
num of flexible agents: 68
num of flexible tasks: 7
Solving time: 0.000479553 seconds
plan limit 980
current timestep 20
num of flexible agents: 66
num of flexible tasks: 7
Solving time: 0.000344792 seconds
plan limit 980
current timestep 21
num of flexible agents: 66
num of flexible tasks: 9
Solving time: 0.000293107 seconds
plan limit 980
current timestep 22
num of flexible agents: 64
num of flexible tasks: 9
Solving time: 0.000386728 seconds
plan limit 980
current timestep 23
num of flexible agents: 63
num of flexible tasks: 9
Solving time: 0.000408496 seconds
plan limit 980
current timestep 24
num of flexible agents: 63
num of flexible tasks: 10
Solving time: 0.000409739 seconds
plan limit 980
current timestep 25
num of flexible agents: 63
num of flexible tasks: 12
Solving time: 0.000478502 seconds
plan limit 980
current timestep 26
num of flexible agents: 64
num of flexible tasks: 13
Solving time: 0.000487228 seconds
plan limit 980
current timestep 27
num of flexible agents: 61
num of flexible tasks: 11
Solving time: 0.000364378 seconds
plan limit 980
current timestep 28
num of flexible agents: 61
num of flexible tasks: 12
Solving time: 0.000477725 seconds
plan limit 980
current timestep 29
num of flexible agents: 60
num of flexible tasks: 12
Solving time: 0.000299141 seconds
plan limit 980
current timestep 30
num of flexible agents: 60
num of flexible tasks: 13
Solving time: 0.000395122 seconds
plan limit 980
current timestep 31
num of flexible agents: 61
num of flexible tasks: 12
Solving time: 0.000323042 seconds
plan limit 980
current timestep 32
num of flexible agents: 60
num of flexible tasks: 11
Solving time: 0.000324494 seconds
plan limit 980
current timestep 33
num of flexible agents: 58
num of flexible tasks: 10
Solving time: 0.000316582 seconds
plan limit 980
current timestep 34
num of flexible agents: 59
num of flexible tasks: 12
Solving time: 0.000288538 seconds
plan limit 980
current timestep 35
num of flexible agents: 61
num of flexible tasks: 13
Solving time: 0.000413474 seconds
plan limit 980
current timestep 36
num of flexible agents: 58
num of flexible tasks: 10
Solving time: 0.000381014 seconds
plan limit 980
current timestep 37
num of flexible agents: 59
num of flexible tasks: 10
Solving time: 0.000306127 seconds
plan limit 980
current timestep 38
num of flexible agents: 55
num of flexible tasks: 8
Solving time: 0.000416893 seconds
plan limit 980
current timestep 39
num of flexible agents: 54
num of flexible tasks: 9
Solving time: 0.00031819 seconds
plan limit 980
current timestep 40
num of flexible agents: 56
num of flexible tasks: 10
Solving time: 0.000347009 seconds
plan limit 980
current timestep 41
num of flexible agents: 53
num of flexible tasks: 8
Solving time: 0.000303428 seconds
plan limit 980
current timestep 42
num of flexible agents: 54
num of flexible tasks: 7
Solving time: 0.000247538 seconds
plan limit 980
current timestep 43
num of flexible agents: 52
num of flexible tasks: 5
Solving time: 0.000366224 seconds
plan limit 980
current timestep 44
num of flexible agents: 52
num of flexible tasks: 6
Solving time: 0.000297052 seconds
plan limit 980
current timestep 45
num of flexible agents: 51
num of flexible tasks: 6
Solving time: 0.000368462 seconds
plan limit 980
current timestep 46
num of flexible agents: 51
num of flexible tasks: 6
Solving time: 0.00027315 seconds
plan limit 980
current timestep 47
num of flexible agents: 51
num of flexible tasks: 7
Solving time: 0.000330383 seconds
plan limit 980
current timestep 48
num of flexible agents: 52
num of flexible tasks: 7
Solving time: 0.000333504 seconds
plan limit 980
current timestep 49
num of flexible agents: 50
num of flexible tasks: 5
Solving time: 0.000290813 seconds
plan limit 980
current timestep 50
num of flexible agents: 51
num of flexible tasks: 7
Solving time: 0.000358877 seconds
plan limit 980
current timestep 51
num of flexible agents: 53
num of flexible tasks: 8
Solving time: 0.00036705 seconds
plan limit 980
current timestep 52
num of flexible agents: 54
num of flexible tasks: 8
Solving time: 0.000275803 seconds
plan limit 980
current timestep 53
num of flexible agents: 56
num of flexible tasks: 8
Solving time: 0.000398282 seconds
plan limit 980
current timestep 54
num of flexible agents: 56
num of flexible tasks: 10
Solving time: 0.000267046 seconds
plan limit 980
current timestep 55
num of flexible agents: 56
num of flexible tasks: 10
Solving time: 0.000466953 seconds
plan limit 980
current timestep 56
num of flexible agents: 56
num of flexible tasks: 10
Solving time: 0.000303585 seconds
plan limit 980
current timestep 57
num of flexible agents: 53
num of flexible tasks: 9
Solving time: 0.000280913 seconds
plan limit 980
current timestep 58
num of flexible agents: 55
num of flexible tasks: 10
Solving time: 0.00028775 seconds
plan limit 980
current timestep 59
num of flexible agents: 57
num of flexible tasks: 12
Solving time: 0.000336284 seconds
plan limit 980
current timestep 60
num of flexible agents: 55
num of flexible tasks: 12
Solving time: 0.000375997 seconds
plan limit 980
current timestep 61
num of flexible agents: 57
num of flexible tasks: 11
Solving time: 0.000275567 seconds
plan limit 980
current timestep 62
num of flexible agents: 54
num of flexible tasks: 9
Solving time: 0.000393392 seconds
plan limit 980
current timestep 63
num of flexible agents: 53
num of flexible tasks: 8
Solving time: 0.000348397 seconds
plan limit 980
current timestep 64
num of flexible agents: 56
num of flexible tasks: 9
Solving time: 0.000291123 seconds
plan limit 980
current timestep 65
num of flexible agents: 54
num of flexible tasks: 8
Solving time: 0.000296879 seconds
plan limit 980
current timestep 66
num of flexible agents: 54
num of flexible tasks: 7
Solving time: 0.000292449 seconds
plan limit 980
current timestep 67
num of flexible agents: 56
num of flexible tasks: 8
Solving time: 0.000449178 seconds
plan limit 980
current timestep 68
num of flexible agents: 57
num of flexible tasks: 7
Solving time: 0.000267878 seconds
plan limit 980
current timestep 69
num of flexible agents: 55
num of flexible tasks: 6
Solving time: 0.000353914 seconds
plan limit 980
current timestep 70
num of flexible agents: 54
num of flexible tasks: 7
Solving time: 0.000254767 seconds
plan limit 980
current timestep 71
num of flexible agents: 52
num of flexible tasks: 7
Solving time: 0.000258609 seconds
plan limit 980
current timestep 72
num of flexible agents: 50
num of flexible tasks: 6
Solving time: 0.000267923 seconds
plan limit 980
current timestep 73
num of flexible agents: 49
num of flexible tasks: 6
Solving time: 0.000277578 seconds
plan limit 980
current timestep 74
num of flexible agents: 51
num of flexible tasks: 7
Solving time: 0.000255367 seconds
plan limit 980
current timestep 75
num of flexible agents: 50
num of flexible tasks: 7
Solving time: 0.000311834 seconds
plan limit 980
current timestep 76
num of flexible agents: 53
num of flexible tasks: 9
Solving time: 0.00037571 seconds
plan limit 980
current timestep 77
num of flexible agents: 53
num of flexible tasks: 8
Solving time: 0.000377398 seconds
plan limit 980
current timestep 78
num of flexible agents: 54
num of flexible tasks: 9
Solving time: 0.000262952 seconds
plan limit 980
current timestep 79
num of flexible agents: 54
num of flexible tasks: 9
Solving time: 0.000354424 seconds
plan limit 980
current timestep 80
num of flexible agents: 53
num of flexible tasks: 7
Solving time: 0.000302948 seconds
plan limit 980
current timestep 81
num of flexible agents: 52
num of flexible tasks: 7
Solving time: 0.000254915 seconds
plan limit 980
current timestep 82
num of flexible agents: 53
num of flexible tasks: 8
Solving time: 0.000258624 seconds
plan limit 980
current timestep 83
num of flexible agents: 54
num of flexible tasks: 10
Solving time: 0.000293191 seconds
plan limit 980
current timestep 84
num of flexible agents: 56
num of flexible tasks: 9
Solving time: 0.000272557 seconds
plan limit 980
current timestep 85
num of flexible agents: 55
num of flexible tasks: 9
Solving time: 0.00037923 seconds
plan limit 980
current timestep 86
num of flexible agents: 57
num of flexible tasks: 10
Solving time: 0.000346799 seconds
plan limit 980
current timestep 87
num of flexible agents: 56
num of flexible tasks: 10
Solving time: 0.000357139 seconds
plan limit 980
current timestep 88
num of flexible agents: 58
num of flexible tasks: 8
Solving time: 0.000299708 seconds
plan limit 980
current timestep 89
num of flexible agents: 60
num of flexible tasks: 9
Solving time: 0.000435305 seconds
plan limit 980
current timestep 90
num of flexible agents: 59
num of flexible tasks: 7
Solving time: 0.000288604 seconds
plan limit 980
current timestep 91
num of flexible agents: 61
num of flexible tasks: 8
Solving time: 0.000404545 seconds
plan limit 980
current timestep 92
num of flexible agents: 62
num of flexible tasks: 8
Solving time: 0.000262734 seconds
plan limit 980
current timestep 93
num of flexible agents: 62
num of flexible tasks: 9
Solving time: 0.000257722 seconds
plan limit 980
current timestep 94
num of flexible agents: 59
num of flexible tasks: 4
Solving time: 0.000331033 seconds
plan limit 980
current timestep 95
num of flexible agents: 61
num of flexible tasks: 4
Solving time: 0.000239007 seconds
plan limit 980
current timestep 96
num of flexible agents: 60
num of flexible tasks: 4
Solving time: 0.000248244 seconds
plan limit 980
current timestep 97
num of flexible agents: 59
num of flexible tasks: 4
Solving time: 0.000408356 seconds
plan limit 980
current timestep 98
num of flexible agents: 59
num of flexible tasks: 5
Solving time: 0.000263056 seconds
plan limit 980
current timestep 99
num of flexible agents: 62
num of flexible tasks: 6
Solving time: 0.00038358 seconds
plan limit 980
current timestep 100
num of flexible agents: 62
num of flexible tasks: 7
Solving time: 0.000268534 seconds
plan limit 980
current timestep 101
num of flexible agents: 62
num of flexible tasks: 8
Solving time: 0.00029635 seconds
plan limit 980
current timestep 102
num of flexible agents: 60
num of flexible tasks: 8
Solving time: 0.000392648 seconds
plan limit 980
current timestep 103
num of flexible agents: 59
num of flexible tasks: 8
Solving time: 0.000285356 seconds
plan limit 980
current timestep 104
num of flexible agents: 59
num of flexible tasks: 7
Solving time: 0.000278813 seconds
plan limit 980
current timestep 105
num of flexible agents: 60
num of flexible tasks: 7
Solving time: 0.000436017 seconds
plan limit 980
current timestep 106
num of flexible agents: 61
num of flexible tasks: 9
Solving time: 0.000408506 seconds
plan limit 980
current timestep 107
num of flexible agents: 61
num of flexible tasks: 9
Solving time: 0.000280683 seconds
plan limit 980
current timestep 108
num of flexible agents: 61
num of flexible tasks: 7
Solving time: 0.000377411 seconds
plan limit 980
current timestep 109
num of flexible agents: 61
num of flexible tasks: 7
Solving time: 0.000275716 seconds
plan limit 980
current timestep 110
num of flexible agents: 61
num of flexible tasks: 6
Solving time: 0.000364484 seconds
plan limit 980
current timestep 111
num of flexible agents: 61
num of flexible tasks: 6
Solving time: 0.000284861 seconds
plan limit 980
current timestep 112
num of flexible agents: 63
num of flexible tasks: 7
Solving time: 0.000374528 seconds
plan limit 980
current timestep 113
num of flexible agents: 61
num of flexible tasks: 7
Solving time: 0.000284376 seconds
plan limit 980
current timestep 114
num of flexible agents: 61
num of flexible tasks: 8
Solving time: 0.00036948 seconds
plan limit 980
current timestep 115
num of flexible agents: 61
num of flexible tasks: 7
Solving time: 0.000266763 seconds
plan limit 980
current timestep 116
num of flexible agents: 64
num of flexible tasks: 7
Solving time: 0.000332133 seconds
plan limit 980
current timestep 117
num of flexible agents: 64
num of flexible tasks: 7
Solving time: 0.000265924 seconds
plan limit 980
current timestep 118
num of flexible agents: 62
num of flexible tasks: 7
Solving time: 0.000384891 seconds
plan limit 980
current timestep 119
num of flexible agents: 59
num of flexible tasks: 6
Solving time: 0.000252369 seconds
plan limit 980
current timestep 120
num of flexible agents: 56
num of flexible tasks: 5
Solving time: 0.000236422 seconds
plan limit 980
current timestep 121
num of flexible agents: 55
num of flexible tasks: 6
Solving time: 0.000276486 seconds
plan limit 980
current timestep 122
num of flexible agents: 60
num of flexible tasks: 8
Solving time: 0.000381721 seconds
plan limit 980
current timestep 123
num of flexible agents: 60
num of flexible tasks: 8
Solving time: 0.000311963 seconds
plan limit 980
current timestep 124
num of flexible agents: 60
num of flexible tasks: 8
Solving time: 0.000338236 seconds
plan limit 980
current timestep 125
num of flexible agents: 60
num of flexible tasks: 9
Solving time: 0.000382764 seconds
plan limit 980
current timestep 126
num of flexible agents: 62
num of flexible tasks: 10
Solving time: 0.000275212 seconds
plan limit 980
current timestep 127
num of flexible agents: 59
num of flexible tasks: 8
Solving time: 0.000369878 seconds
plan limit 980
current timestep 128
num of flexible agents: 61
num of flexible tasks: 9
Solving time: 0.000285733 seconds
plan limit 980
current timestep 129
num of flexible agents: 61
num of flexible tasks: 9
Solving time: 0.000398522 seconds
plan limit 980
current timestep 130
num of flexible agents: 60
num of flexible tasks: 9
Solving time: 0.000356575 seconds
plan limit 980
current timestep 131
num of flexible agents: 61
num of flexible tasks: 8
Solving time: 0.000279537 seconds
plan limit 980
current timestep 132
num of flexible agents: 59
num of flexible tasks: 7
Solving time: 0.000255355 seconds
plan limit 980
current timestep 133
num of flexible agents: 58
num of flexible tasks: 6
Solving time: 0.000376976 seconds
plan limit 980
current timestep 134
num of flexible agents: 58
num of flexible tasks: 6
Solving time: 0.000376734 seconds
plan limit 980
current timestep 135
num of flexible agents: 58
num of flexible tasks: 7
Solving time: 0.000369786 seconds
plan limit 980
current timestep 136
num of flexible agents: 61
num of flexible tasks: 7
Solving time: 0.000267731 seconds
plan limit 980
current timestep 137
num of flexible agents: 61
num of flexible tasks: 7
Solving time: 0.000274077 seconds
plan limit 980
current timestep 138
num of flexible agents: 60
num of flexible tasks: 7
Solving time: 0.000402886 seconds
plan limit 980
current timestep 139
num of flexible agents: 58
num of flexible tasks: 6
Solving time: 0.000380898 seconds
plan limit 980
current timestep 140
num of flexible agents: 59
num of flexible tasks: 7
Solving time: 0.000254916 seconds
plan limit 980
current timestep 141
num of flexible agents: 57
num of flexible tasks: 7
Solving time: 0.000257827 seconds
plan limit 980
current timestep 142
num of flexible agents: 57
num of flexible tasks: 6
Solving time: 0.000370447 seconds
plan limit 980
current timestep 143
num of flexible agents: 56
num of flexible tasks: 6
Solving time: 0.000264505 seconds
plan limit 980
current timestep 144
num of flexible agents: 55
num of flexible tasks: 5
Solving time: 0.000258947 seconds
plan limit 980
current timestep 145
num of flexible agents: 52
num of flexible tasks: 4
Solving time: 0.00029432 seconds
plan limit 980
current timestep 146
num of flexible agents: 55
num of flexible tasks: 6
Solving time: 0.000286883 seconds
plan limit 980
current timestep 147
num of flexible agents: 56
num of flexible tasks: 6
Solving time: 0.000410224 seconds
plan limit 980
current timestep 148
num of flexible agents: 55
num of flexible tasks: 6
Solving time: 0.000263228 seconds
plan limit 980
current timestep 149
num of flexible agents: 56
num of flexible tasks: 6
Solving time: 0.000301646 seconds
plan limit 980
current timestep 150
num of flexible agents: 56
num of flexible tasks: 6
Solving time: 0.000363231 seconds
plan limit 980
current timestep 151
num of flexible agents: 55
num of flexible tasks: 6
Solving time: 0.000286742 seconds
plan limit 980
current timestep 152
num of flexible agents: 53
num of flexible tasks: 6
Solving time: 0.000345043 seconds
plan limit 980
current timestep 153
num of flexible agents: 48
num of flexible tasks: 3
Solving time: 0.000290296 seconds
plan limit 980
current timestep 154
num of flexible agents: 47
num of flexible tasks: 4
Solving time: 0.000375933 seconds
plan limit 980
current timestep 155
num of flexible agents: 47
num of flexible tasks: 4
Solving time: 0.000357652 seconds
plan limit 980
current timestep 156
num of flexible agents: 49
num of flexible tasks: 5
Solving time: 0.000365684 seconds
plan limit 980
current timestep 157
num of flexible agents: 49
num of flexible tasks: 4
Solving time: 0.00029435 seconds
plan limit 980
current timestep 158
num of flexible agents: 48
num of flexible tasks: 4
Solving time: 0.00034904 seconds
plan limit 980
current timestep 159
num of flexible agents: 51
num of flexible tasks: 5
Solving time: 0.000351891 seconds
plan limit 980
current timestep 160
num of flexible agents: 54
num of flexible tasks: 7
Solving time: 0.000314777 seconds
plan limit 980
current timestep 161
num of flexible agents: 54
num of flexible tasks: 8
Solving time: 0.000262388 seconds
plan limit 980
current timestep 162
num of flexible agents: 56
num of flexible tasks: 7
Solving time: 0.000413792 seconds
plan limit 980
current timestep 163
num of flexible agents: 58
num of flexible tasks: 8
Solving time: 0.000424278 seconds
plan limit 980
current timestep 164
num of flexible agents: 59
num of flexible tasks: 9
Solving time: 0.000425028 seconds
plan limit 980
current timestep 165
num of flexible agents: 60
num of flexible tasks: 8
Solving time: 0.000266311 seconds
plan limit 980
current timestep 166
num of flexible agents: 57
num of flexible tasks: 6
Solving time: 0.000403988 seconds
plan limit 980
current timestep 167
num of flexible agents: 56
num of flexible tasks: 6
Solving time: 0.000257016 seconds
plan limit 980
current timestep 168
num of flexible agents: 56
num of flexible tasks: 7
Solving time: 0.000251935 seconds
plan limit 980
current timestep 169
num of flexible agents: 55
num of flexible tasks: 6
Solving time: 0.000257134 seconds
plan limit 980
current timestep 170
num of flexible agents: 53
num of flexible tasks: 5
Solving time: 0.000356545 seconds
plan limit 980
current timestep 171
num of flexible agents: 53
num of flexible tasks: 5
Solving time: 0.000258855 seconds
plan limit 980
current timestep 172
num of flexible agents: 53
num of flexible tasks: 6
Solving time: 0.000255483 seconds
plan limit 980
current timestep 173
num of flexible agents: 56
num of flexible tasks: 8
Solving time: 0.000303059 seconds
plan limit 980
current timestep 174
num of flexible agents: 58
num of flexible tasks: 7
Solving time: 0.000269159 seconds
plan limit 980
current timestep 175
num of flexible agents: 55
num of flexible tasks: 6
Solving time: 0.000392821 seconds
plan limit 980
current timestep 176
num of flexible agents: 55
num of flexible tasks: 7
Solving time: 0.00026866 seconds
plan limit 980
current timestep 177
num of flexible agents: 57
num of flexible tasks: 8
Solving time: 0.000386514 seconds
plan limit 980
current timestep 178
num of flexible agents: 57
num of flexible tasks: 8
Solving time: 0.000278541 seconds
plan limit 980
current timestep 179
num of flexible agents: 61
num of flexible tasks: 9
Solving time: 0.000371851 seconds
plan limit 980
current timestep 180
num of flexible agents: 59
num of flexible tasks: 7
Solving time: 0.000256302 seconds
plan limit 980
current timestep 181
num of flexible agents: 56
num of flexible tasks: 5
Solving time: 0.000257001 seconds
plan limit 980
current timestep 182
num of flexible agents: 56
num of flexible tasks: 5
Solving time: 0.000254378 seconds
plan limit 980
current timestep 183
num of flexible agents: 55
num of flexible tasks: 6
Solving time: 0.00025906 seconds
plan limit 980
current timestep 184
num of flexible agents: 54
num of flexible tasks: 6
Solving time: 0.000279392 seconds
plan limit 980
current timestep 185
num of flexible agents: 53
num of flexible tasks: 6
Solving time: 0.000272761 seconds
plan limit 980
current timestep 186
num of flexible agents: 55
num of flexible tasks: 6
Solving time: 0.000389306 seconds
plan limit 980
current timestep 187
num of flexible agents: 54
num of flexible tasks: 7
Solving time: 0.000281397 seconds
plan limit 980
current timestep 188
num of flexible agents: 55
num of flexible tasks: 8
Solving time: 0.000288459 seconds
plan limit 980
current timestep 189
num of flexible agents: 57
num of flexible tasks: 8
Solving time: 0.00041494 seconds
plan limit 980
current timestep 190
num of flexible agents: 55
num of flexible tasks: 7
Solving time: 0.000282457 seconds
plan limit 980
current timestep 191
num of flexible agents: 55
num of flexible tasks: 6
Solving time: 0.00040378 seconds
plan limit 980
current timestep 192
num of flexible agents: 57
num of flexible tasks: 7
Solving time: 0.000301532 seconds
plan limit 980
current timestep 193
num of flexible agents: 57
num of flexible tasks: 6
Solving time: 0.000276298 seconds
plan limit 980
current timestep 194
num of flexible agents: 56
num of flexible tasks: 7
Solving time: 0.00028547 seconds
plan limit 980
current timestep 195
num of flexible agents: 56
num of flexible tasks: 8
Solving time: 0.000282922 seconds
plan limit 980
current timestep 196
num of flexible agents: 51
num of flexible tasks: 4
Solving time: 0.000396477 seconds
plan limit 980
current timestep 197
num of flexible agents: 53
num of flexible tasks: 5
Solving time: 0.000261379 seconds
plan limit 980
current timestep 198
num of flexible agents: 53
num of flexible tasks: 6
Solving time: 0.00040904 seconds
plan limit 980
current timestep 199
num of flexible agents: 52
num of flexible tasks: 6
Solving time: 0.000267224 seconds
plan limit 980
current timestep 200
num of flexible agents: 57
num of flexible tasks: 7
Solving time: 0.000286094 seconds
plan limit 980
current timestep 201
num of flexible agents: 55
num of flexible tasks: 7
Solving time: 0.000409123 seconds
plan limit 980
current timestep 202
num of flexible agents: 58
num of flexible tasks: 8
Solving time: 0.000241015 seconds
plan limit 980
current timestep 203
num of flexible agents: 57
num of flexible tasks: 7
Solving time: 0.000245803 seconds
plan limit 980
current timestep 204
num of flexible agents: 60
num of flexible tasks: 9
Solving time: 0.000268636 seconds
plan limit 980
current timestep 205
num of flexible agents: 56
num of flexible tasks: 6
Solving time: 0.000236309 seconds
plan limit 980
current timestep 206
num of flexible agents: 56
num of flexible tasks: 6
Solving time: 0.000341467 seconds
plan limit 980
current timestep 207
num of flexible agents: 54
num of flexible tasks: 6
Solving time: 0.000248132 seconds
plan limit 980
current timestep 208
num of flexible agents: 55
num of flexible tasks: 7
Solving time: 0.000244433 seconds
plan limit 980
current timestep 209
num of flexible agents: 56
num of flexible tasks: 7
Solving time: 0.000382922 seconds
plan limit 980
current timestep 210
num of flexible agents: 55
num of flexible tasks: 7
Solving time: 0.000248685 seconds
plan limit 980
current timestep 211
num of flexible agents: 57
num of flexible tasks: 6
Solving time: 0.000368725 seconds
plan limit 980
current timestep 212
num of flexible agents: 61
num of flexible tasks: 7
Solving time: 0.000273277 seconds
plan limit 980
current timestep 213
num of flexible agents: 63
num of flexible tasks: 8
Solving time: 0.000350028 seconds
plan limit 980
current timestep 214
num of flexible agents: 61
num of flexible tasks: 7
Solving time: 0.000289806 seconds
plan limit 980
current timestep 215
num of flexible agents: 60
num of flexible tasks: 7
Solving time: 0.000368036 seconds
plan limit 980
current timestep 216
num of flexible agents: 63
num of flexible tasks: 7
Solving time: 0.000245956 seconds
plan limit 980
current timestep 217
num of flexible agents: 65
num of flexible tasks: 8
Solving time: 0.00024479 seconds
plan limit 980
current timestep 218
num of flexible agents: 64
num of flexible tasks: 7
Solving time: 0.00024837 seconds
plan limit 980
current timestep 219
num of flexible agents: 68
num of flexible tasks: 9
Solving time: 0.000379833 seconds
plan limit 980
current timestep 220
num of flexible agents: 64
num of flexible tasks: 7
Solving time: 0.000275921 seconds
plan limit 980
current timestep 221
num of flexible agents: 63
num of flexible tasks: 7
Solving time: 0.000291177 seconds
plan limit 980
current timestep 222
num of flexible agents: 64
num of flexible tasks: 9
Solving time: 0.000261156 seconds
plan limit 980
current timestep 223
num of flexible agents: 65
num of flexible tasks: 9
Solving time: 0.000285276 seconds
plan limit 980
current timestep 224
num of flexible agents: 62
num of flexible tasks: 7
Solving time: 0.000276014 seconds
plan limit 980
current timestep 225
num of flexible agents: 62
num of flexible tasks: 9
Solving time: 0.000261826 seconds
plan limit 980
current timestep 226
num of flexible agents: 60
num of flexible tasks: 7
Solving time: 0.000252192 seconds
plan limit 980
current timestep 227
num of flexible agents: 61
num of flexible tasks: 8
Solving time: 0.000268946 seconds
plan limit 980
current timestep 228
num of flexible agents: 61
num of flexible tasks: 8
Solving time: 0.000277603 seconds
plan limit 980
current timestep 229
num of flexible agents: 59
num of flexible tasks: 7
Solving time: 0.000262963 seconds
plan limit 980
current timestep 230
num of flexible agents: 58
num of flexible tasks: 6
Solving time: 0.000277598 seconds
plan limit 980
current timestep 231
num of flexible agents: 58
num of flexible tasks: 7
Solving time: 0.000410186 seconds
plan limit 980
current timestep 232
num of flexible agents: 57
num of flexible tasks: 7
Solving time: 0.000288248 seconds
plan limit 980
current timestep 233
num of flexible agents: 56
num of flexible tasks: 6
Solving time: 0.000312856 seconds
plan limit 980
current timestep 234
num of flexible agents: 56
num of flexible tasks: 6
Solving time: 0.000299016 seconds
plan limit 980
current timestep 235
num of flexible agents: 60
num of flexible tasks: 8
Solving time: 0.000309438 seconds
plan limit 980
current timestep 236
num of flexible agents: 61
num of flexible tasks: 8
Solving time: 0.000289168 seconds
plan limit 980
current timestep 237
num of flexible agents: 60
num of flexible tasks: 7
Solving time: 0.000293902 seconds
plan limit 980
current timestep 238
num of flexible agents: 59
num of flexible tasks: 7
Solving time: 0.000291336 seconds
plan limit 980
current timestep 239
num of flexible agents: 60
num of flexible tasks: 8
Solving time: 0.000412896 seconds
plan limit 980
current timestep 240
num of flexible agents: 58
num of flexible tasks: 8
Solving time: 0.000281041 seconds
plan limit 980
current timestep 241
num of flexible agents: 59
num of flexible tasks: 9
Solving time: 0.000279715 seconds
plan limit 980
current timestep 242
num of flexible agents: 59
num of flexible tasks: 7
Solving time: 0.000395428 seconds
plan limit 980
current timestep 243
num of flexible agents: 57
num of flexible tasks: 5
Solving time: 0.000281071 seconds
plan limit 980
current timestep 244
num of flexible agents: 58
num of flexible tasks: 6
Solving time: 0.000297907 seconds
plan limit 980
current timestep 245
num of flexible agents: 62
num of flexible tasks: 7
Solving time: 0.00039577 seconds
plan limit 980
current timestep 246
num of flexible agents: 62
num of flexible tasks: 8
Solving time: 0.00040825 seconds
plan limit 980
current timestep 247
num of flexible agents: 60
num of flexible tasks: 7
Solving time: 0.000279951 seconds
plan limit 980
current timestep 248
num of flexible agents: 60
num of flexible tasks: 6
Solving time: 0.000341351 seconds
plan limit 980
current timestep 249
num of flexible agents: 60
num of flexible tasks: 6
Solving time: 0.000307976 seconds
plan limit 980
current timestep 250
num of flexible agents: 59
num of flexible tasks: 2
Solving time: 0.000339369 seconds
plan limit 980
current timestep 251
num of flexible agents: 59
num of flexible tasks: 1
Solving time: 0.000377202 seconds
plan limit 980
current timestep 252
num of flexible agents: 59
num of flexible tasks: 1
Solving time: 0.000240192 seconds
plan limit 980
current timestep 253
num of flexible agents: 64
num of flexible tasks: 1
Solving time: 0.000325721 seconds
plan limit 980
current timestep 254
num of flexible agents: 67
num of flexible tasks: 1
Solving time: 0.000316939 seconds
plan limit 980
current timestep 255
num of flexible agents: 68
num of flexible tasks: 0
Solving time: 0.000225013 seconds
plan limit 980
current timestep 256
num of flexible agents: 70
num of flexible tasks: 0
Solving time: 0.000282019 seconds
plan limit 980
current timestep 257
num of flexible agents: 72
num of flexible tasks: 0
Solving time: 0.000312806 seconds
plan limit 980
current timestep 258
num of flexible agents: 72
num of flexible tasks: 0
Solving time: 0.000302627 seconds
plan limit 980
current timestep 259
num of flexible agents: 73
num of flexible tasks: 0
Solving time: 0.000315342 seconds
plan limit 980
current timestep 260
num of flexible agents: 75
num of flexible tasks: 0
Solving time: 0.000229635 seconds
plan limit 980
current timestep 261
num of flexible agents: 78
num of flexible tasks: 0
Solving time: 0.00026451 seconds
plan limit 980
current timestep 262
num of flexible agents: 78
num of flexible tasks: 0
Solving time: 0.000220087 seconds
plan limit 980
current timestep 263
num of flexible agents: 82
num of flexible tasks: 0
Solving time: 0.000311627 seconds
plan limit 980
current timestep 264
num of flexible agents: 84
num of flexible tasks: 0
Solving time: 0.000219437 seconds
plan limit 980
current timestep 265
num of flexible agents: 85
num of flexible tasks: 0
Solving time: 0.0003116 seconds
plan limit 980
current timestep 266
num of flexible agents: 88
num of flexible tasks: 0
Solving time: 0.000325221 seconds
plan limit 980
current timestep 267
num of flexible agents: 89
num of flexible tasks: 0
Solving time: 0.000319007 seconds
plan limit 980
current timestep 268
num of flexible agents: 90
num of flexible tasks: 0
Solving time: 0.000231985 seconds
plan limit 980
current timestep 269
num of flexible agents: 92
num of flexible tasks: 0
Solving time: 0.000309843 seconds
plan limit 980
current timestep 270
num of flexible agents: 93
num of flexible tasks: 0
Solving time: 0.000252275 seconds
plan limit 980
current timestep 271
num of flexible agents: 93
num of flexible tasks: 0
Solving time: 0.000310524 seconds
plan limit 980
current timestep 272
num of flexible agents: 94
num of flexible tasks: 0
Solving time: 0.000262468 seconds
plan limit 980
current timestep 273
num of flexible agents: 94
num of flexible tasks: 0
Solving time: 0.000349932 seconds
plan limit 980
current timestep 274
num of flexible agents: 94
num of flexible tasks: 0
Solving time: 0.00031318 seconds
plan limit 980
current timestep 275
num of flexible agents: 94
num of flexible tasks: 0
Solving time: 0.000324872 seconds
plan limit 980
current timestep 276
num of flexible agents: 95
num of flexible tasks: 0
Solving time: 0.000325265 seconds
plan limit 980
current timestep 277
num of flexible agents: 96
num of flexible tasks: 0
Solving time: 0.000236729 seconds
plan limit 980
current timestep 278
num of flexible agents: 98
num of flexible tasks: 0
Solving time: 0.000327089 seconds
plan limit 980
current timestep 279
num of flexible agents: 98
num of flexible tasks: 0
Solving time: 0.000228072 seconds
plan limit 980
current timestep 280
num of flexible agents: 98
num of flexible tasks: 0
Solving time: 0.00034515 seconds
plan limit 980
current timestep 281
num of flexible agents: 98
num of flexible tasks: 0
Solving time: 0.000229682 seconds
plan limit 980
current timestep 282
num of flexible agents: 98
num of flexible tasks: 0
Solving time: 0.000345453 seconds
plan limit 980
current timestep 283
num of flexible agents: 98
num of flexible tasks: 0
Solving time: 0.000230472 seconds
plan limit 980
current timestep 284
num of flexible agents: 99
num of flexible tasks: 0
Solving time: 0.000332771 seconds
plan limit 980
current timestep 285
num of flexible agents: 99
num of flexible tasks: 0
Solving time: 0.000228838 seconds
plan limit 980
current timestep 286
num of flexible agents: 99
num of flexible tasks: 0
Solving time: 0.000237771 seconds
plan limit 980
current timestep 287
num of flexible agents: 99
num of flexible tasks: 0
Solving time: 0.000321126 seconds
plan limit 980
current timestep 288
num of flexible agents: 99
num of flexible tasks: 0
Solving time: 0.000298202 seconds
plan limit 980
current timestep 289
num of flexible agents: 99
num of flexible tasks: 0
Solving time: 0.000317194 seconds
plan limit 980
current timestep 290
num of flexible agents: 99
num of flexible tasks: 0
Solving time: 0.000327457 seconds
plan limit 980
current timestep 291
num of flexible agents: 99
num of flexible tasks: 0
Solving time: 0.000228101 seconds
plan limit 980
current timestep 292
num of flexible agents: 99
num of flexible tasks: 0
Solving time: 0.000230798 seconds
plan limit 980
current timestep 293
num of flexible agents: 99
num of flexible tasks: 0
Solving time: 0.00025499 seconds
plan limit 980
All tasks finished at timestep 294
