current timestep 0
num of flexible agents: 80
num of flexible tasks: 2
Solving time: 0.000325978 seconds
plan limit 980
current timestep 1
num of flexible agents: 79
num of flexible tasks: 3
Solving time: 0.000464312 seconds
plan limit 980
current timestep 2
num of flexible agents: 79
num of flexible tasks: 5
Solving time: 0.00027043 seconds
plan limit 980
current timestep 3
num of flexible agents: 79
num of flexible tasks: 7
Solving time: 0.000257142 seconds
plan limit 980
current timestep 4
num of flexible agents: 78
num of flexible tasks: 8
Solving time: 0.000372491 seconds
plan limit 980
current timestep 5
num of flexible agents: 76
num of flexible tasks: 8
Solving time: 0.00024325 seconds
plan limit 980
current timestep 6
num of flexible agents: 72
num of flexible tasks: 6
Solving time: 0.000442966 seconds
plan limit 980
current timestep 7
num of flexible agents: 68
num of flexible tasks: 4
Solving time: 0.000310805 seconds
plan limit 980
current timestep 8
num of flexible agents: 68
num of flexible tasks: 6
Solving time: 0.000477131 seconds
plan limit 980
current timestep 9
num of flexible agents: 68
num of flexible tasks: 8
Solving time: 0.000338975 seconds
plan limit 980
current timestep 10
num of flexible agents: 68
num of flexible tasks: 10
Solving time: 0.00050229 seconds
plan limit 980
current timestep 11
num of flexible agents: 68
num of flexible tasks: 11
Solving time: 0.00032547 seconds
plan limit 980
current timestep 12
num of flexible agents: 66
num of flexible tasks: 11
Solving time: 0.000545746 seconds
plan limit 980
current timestep 13
num of flexible agents: 66
num of flexible tasks: 12
Solving time: 0.000375653 seconds
plan limit 980
current timestep 14
num of flexible agents: 66
num of flexible tasks: 14
Solving time: 0.000530228 seconds
plan limit 980
current timestep 15
num of flexible agents: 65
num of flexible tasks: 15
Solving time: 0.000362634 seconds
plan limit 980
current timestep 16
num of flexible agents: 64
num of flexible tasks: 16
Solving time: 0.000423882 seconds
plan limit 980
current timestep 17
num of flexible agents: 64
num of flexible tasks: 17
Solving time: 0.000531058 seconds
plan limit 980
current timestep 18
num of flexible agents: 63
num of flexible tasks: 17
Solving time: 0.000532246 seconds
plan limit 980
current timestep 19
num of flexible agents: 61
num of flexible tasks: 17
Solving time: 0.000382102 seconds
plan limit 980
current timestep 20
num of flexible agents: 56
num of flexible tasks: 13
Solving time: 0.000488639 seconds
plan limit 980
current timestep 21
num of flexible agents: 55
num of flexible tasks: 14
Solving time: 0.000367989 seconds
plan limit 980
current timestep 22
num of flexible agents: 53
num of flexible tasks: 13
Solving time: 0.000358591 seconds
plan limit 980
current timestep 23
num of flexible agents: 52
num of flexible tasks: 13
Solving time: 0.000498492 seconds
plan limit 980
current timestep 24
num of flexible agents: 53
num of flexible tasks: 15
Solving time: 0.000522862 seconds
plan limit 980
current timestep 25
num of flexible agents: 53
num of flexible tasks: 16
Solving time: 0.000347738 seconds
plan limit 980
current timestep 26
num of flexible agents: 52
num of flexible tasks: 16
Solving time: 0.000367644 seconds
plan limit 980
current timestep 27
num of flexible agents: 48
num of flexible tasks: 14
Solving time: 0.000455253 seconds
plan limit 980
current timestep 28
num of flexible agents: 48
num of flexible tasks: 14
Solving time: 0.000309201 seconds
plan limit 980
current timestep 29
num of flexible agents: 45
num of flexible tasks: 13
Solving time: 0.000324537 seconds
plan limit 980
current timestep 30
num of flexible agents: 45
num of flexible tasks: 13
Solving time: 0.000426219 seconds
plan limit 980
current timestep 31
num of flexible agents: 44
num of flexible tasks: 13
Solving time: 0.00034753 seconds
plan limit 980
current timestep 32
num of flexible agents: 44
num of flexible tasks: 13
Solving time: 0.000404314 seconds
plan limit 980
current timestep 33
num of flexible agents: 42
num of flexible tasks: 12
Solving time: 0.000316579 seconds
plan limit 980
current timestep 34
num of flexible agents: 39
num of flexible tasks: 10
Solving time: 0.000477691 seconds
plan limit 980
current timestep 35
num of flexible agents: 37
num of flexible tasks: 9
Solving time: 0.000338948 seconds
plan limit 980
current timestep 36
num of flexible agents: 37
num of flexible tasks: 9
Solving time: 0.000322069 seconds
plan limit 980
current timestep 37
num of flexible agents: 36
num of flexible tasks: 9
Solving time: 0.000437661 seconds
plan limit 980
current timestep 38
num of flexible agents: 35
num of flexible tasks: 10
Solving time: 0.000320133 seconds
plan limit 980
current timestep 39
num of flexible agents: 40
num of flexible tasks: 12
Solving time: 0.00043404 seconds
plan limit 980
current timestep 40
num of flexible agents: 42
num of flexible tasks: 13
Solving time: 0.000297089 seconds
plan limit 980
current timestep 41
num of flexible agents: 39
num of flexible tasks: 11
Solving time: 0.00031142 seconds
plan limit 980
current timestep 42
num of flexible agents: 40
num of flexible tasks: 12
Solving time: 0.000416897 seconds
plan limit 980
current timestep 43
num of flexible agents: 38
num of flexible tasks: 10
Solving time: 0.000328492 seconds
plan limit 980
current timestep 44
num of flexible agents: 37
num of flexible tasks: 10
Solving time: 0.000315004 seconds
plan limit 980
current timestep 45
num of flexible agents: 38
num of flexible tasks: 11
Solving time: 0.000314352 seconds
plan limit 980
current timestep 46
num of flexible agents: 37
num of flexible tasks: 11
Solving time: 0.000437557 seconds
plan limit 980
current timestep 47
num of flexible agents: 37
num of flexible tasks: 11
Solving time: 0.000315062 seconds
plan limit 980
current timestep 48
num of flexible agents: 38
num of flexible tasks: 12
Solving time: 0.000305619 seconds
plan limit 980
current timestep 49
num of flexible agents: 37
num of flexible tasks: 11
Solving time: 0.000280148 seconds
plan limit 980
current timestep 50
num of flexible agents: 34
num of flexible tasks: 10
Solving time: 0.000412866 seconds
plan limit 980
current timestep 51
num of flexible agents: 33
num of flexible tasks: 9
Solving time: 0.000305959 seconds
plan limit 980
current timestep 52
num of flexible agents: 35
num of flexible tasks: 11
Solving time: 0.000294967 seconds
plan limit 980
current timestep 53
num of flexible agents: 41
num of flexible tasks: 13
Solving time: 0.000384222 seconds
plan limit 980
current timestep 54
num of flexible agents: 44
num of flexible tasks: 13
Solving time: 0.00026298 seconds
plan limit 980
current timestep 55
num of flexible agents: 44
num of flexible tasks: 11
Solving time: 0.000342845 seconds
plan limit 980
current timestep 56
num of flexible agents: 41
num of flexible tasks: 7
Solving time: 0.000255697 seconds
plan limit 980
current timestep 57
num of flexible agents: 41
num of flexible tasks: 7
Solving time: 0.000289178 seconds
plan limit 980
current timestep 58
num of flexible agents: 40
num of flexible tasks: 6
Solving time: 0.00024908 seconds
plan limit 980
current timestep 59
num of flexible agents: 40
num of flexible tasks: 7
Solving time: 0.000354991 seconds
plan limit 980
current timestep 60
num of flexible agents: 42
num of flexible tasks: 8
Solving time: 0.000243906 seconds
plan limit 980
current timestep 61
num of flexible agents: 38
num of flexible tasks: 6
Solving time: 0.000262359 seconds
plan limit 980
current timestep 62
num of flexible agents: 39
num of flexible tasks: 6
Solving time: 0.000368252 seconds
plan limit 980
current timestep 63
num of flexible agents: 38
num of flexible tasks: 7
Solving time: 0.000278527 seconds
plan limit 980
current timestep 64
num of flexible agents: 40
num of flexible tasks: 8
Solving time: 0.00041661 seconds
plan limit 980
current timestep 65
num of flexible agents: 40
num of flexible tasks: 8
Solving time: 0.000287682 seconds
plan limit 980
current timestep 66
num of flexible agents: 38
num of flexible tasks: 7
Solving time: 0.000409496 seconds
plan limit 980
current timestep 67
num of flexible agents: 39
num of flexible tasks: 8
Solving time: 0.000276417 seconds
plan limit 980
current timestep 68
num of flexible agents: 38
num of flexible tasks: 8
Solving time: 0.00029989 seconds
plan limit 980
current timestep 69
num of flexible agents: 38
num of flexible tasks: 10
Solving time: 0.000295934 seconds
plan limit 980
current timestep 70
num of flexible agents: 38
num of flexible tasks: 9
Solving time: 0.000299722 seconds
plan limit 980
current timestep 71
num of flexible agents: 38
num of flexible tasks: 8
Solving time: 0.000360786 seconds
plan limit 980
current timestep 72
num of flexible agents: 42
num of flexible tasks: 10
Solving time: 0.00028179 seconds
plan limit 980
current timestep 73
num of flexible agents: 42
num of flexible tasks: 11
Solving time: 0.000420453 seconds
plan limit 980
current timestep 74
num of flexible agents: 41
num of flexible tasks: 9
Solving time: 0.000377014 seconds
plan limit 980
current timestep 75
num of flexible agents: 44
num of flexible tasks: 9
Solving time: 0.000290139 seconds
plan limit 980
current timestep 76
num of flexible agents: 45
num of flexible tasks: 10
Solving time: 0.000279048 seconds
plan limit 980
current timestep 77
num of flexible agents: 45
num of flexible tasks: 10
Solving time: 0.000248219 seconds
plan limit 980
current timestep 78
num of flexible agents: 42
num of flexible tasks: 5
Solving time: 0.000237809 seconds
plan limit 980
current timestep 79
num of flexible agents: 41
num of flexible tasks: 5
Solving time: 0.00035482 seconds
plan limit 980
current timestep 80
num of flexible agents: 39
num of flexible tasks: 5
Solving time: 0.000365356 seconds
plan limit 980
current timestep 81
num of flexible agents: 41
num of flexible tasks: 7
Solving time: 0.00038574 seconds
plan limit 980
current timestep 82
num of flexible agents: 41
num of flexible tasks: 8
Solving time: 0.000326582 seconds
plan limit 980
current timestep 83
num of flexible agents: 39
num of flexible tasks: 7
Solving time: 0.000258579 seconds
plan limit 980
current timestep 84
num of flexible agents: 40
num of flexible tasks: 7
Solving time: 0.000253533 seconds
plan limit 980
current timestep 85
num of flexible agents: 40
num of flexible tasks: 5
Solving time: 0.0003107 seconds
plan limit 980
current timestep 86
num of flexible agents: 40
num of flexible tasks: 7
Solving time: 0.000258859 seconds
plan limit 980
current timestep 87
num of flexible agents: 40
num of flexible tasks: 9
Solving time: 0.000273941 seconds
plan limit 980
current timestep 88
num of flexible agents: 38
num of flexible tasks: 9
Solving time: 0.000436578 seconds
plan limit 980
current timestep 89
num of flexible agents: 37
num of flexible tasks: 8
Solving time: 0.000302815 seconds
plan limit 980
current timestep 90
num of flexible agents: 38
num of flexible tasks: 8
Solving time: 0.000412593 seconds
plan limit 876
current timestep 91
num of flexible agents: 41
num of flexible tasks: 7
Solving time: 0.000248385 seconds
plan limit 980
current timestep 92
num of flexible agents: 42
num of flexible tasks: 8
Solving time: 0.000256353 seconds
plan limit 980
current timestep 93
num of flexible agents: 44
num of flexible tasks: 9
Solving time: 0.000367474 seconds
plan limit 980
current timestep 94
num of flexible agents: 42
num of flexible tasks: 8
Solving time: 0.000261779 seconds
plan limit 980
current timestep 95
num of flexible agents: 40
num of flexible tasks: 7
Solving time: 0.000352836 seconds
plan limit 980
current timestep 96
num of flexible agents: 39
num of flexible tasks: 7
Solving time: 0.000238853 seconds
plan limit 980
current timestep 97
num of flexible agents: 40
num of flexible tasks: 9
Solving time: 0.000391097 seconds
plan limit 980
current timestep 98
num of flexible agents: 41
num of flexible tasks: 8
Solving time: 0.000262764 seconds
plan limit 980
current timestep 99
num of flexible agents: 38
num of flexible tasks: 6
Solving time: 0.000364742 seconds
plan limit 980
current timestep 100
num of flexible agents: 41
num of flexible tasks: 7
Solving time: 0.000266135 seconds
plan limit 980
current timestep 101
num of flexible agents: 45
num of flexible tasks: 7
Solving time: 0.000372059 seconds
plan limit 980
current timestep 102
num of flexible agents: 47
num of flexible tasks: 8
Solving time: 0.00028226 seconds
plan limit 980
current timestep 103
num of flexible agents: 49
num of flexible tasks: 9
Solving time: 0.000422484 seconds
plan limit 980
current timestep 104
num of flexible agents: 47
num of flexible tasks: 8
Solving time: 0.000413298 seconds
plan limit 980
current timestep 105
num of flexible agents: 47
num of flexible tasks: 9
Solving time: 0.000279925 seconds
plan limit 980
current timestep 106
num of flexible agents: 47
num of flexible tasks: 10
Solving time: 0.0003938 seconds
plan limit 980
current timestep 107
num of flexible agents: 47
num of flexible tasks: 11
Solving time: 0.000331187 seconds
plan limit 980
current timestep 108
num of flexible agents: 45
num of flexible tasks: 11
Solving time: 0.000423297 seconds
plan limit 980
current timestep 109
num of flexible agents: 45
num of flexible tasks: 12
Solving time: 0.00043231 seconds
plan limit 980
current timestep 110
num of flexible agents: 46
num of flexible tasks: 12
Solving time: 0.000280073 seconds
plan limit 980
current timestep 111
num of flexible agents: 43
num of flexible tasks: 9
Solving time: 0.000383183 seconds
plan limit 980
current timestep 112
num of flexible agents: 45
num of flexible tasks: 11
Solving time: 0.000316631 seconds
plan limit 980
current timestep 113
num of flexible agents: 44
num of flexible tasks: 10
Solving time: 0.000411729 seconds
plan limit 980
current timestep 114
num of flexible agents: 39
num of flexible tasks: 7
Solving time: 0.000392823 seconds
plan limit 980
current timestep 115
num of flexible agents: 39
num of flexible tasks: 8
Solving time: 0.000395261 seconds
plan limit 980
current timestep 116
num of flexible agents: 40
num of flexible tasks: 8
Solving time: 0.000237341 seconds
plan limit 980
current timestep 117
num of flexible agents: 38
num of flexible tasks: 7
Solving time: 0.000388307 seconds
plan limit 980
current timestep 118
num of flexible agents: 37
num of flexible tasks: 8
Solving time: 0.000262258 seconds
plan limit 980
current timestep 119
num of flexible agents: 34
num of flexible tasks: 5
Solving time: 0.000381036 seconds
plan limit 980
current timestep 120
num of flexible agents: 34
num of flexible tasks: 4
Solving time: 0.000255249 seconds
plan limit 980
current timestep 121
num of flexible agents: 34
num of flexible tasks: 3
Solving time: 0.000343249 seconds
plan limit 980
current timestep 122
num of flexible agents: 32
num of flexible tasks: 3
Solving time: 0.000247634 seconds
plan limit 980
current timestep 123
num of flexible agents: 34
num of flexible tasks: 5
Solving time: 0.000260012 seconds
plan limit 980
current timestep 124
num of flexible agents: 35
num of flexible tasks: 7
Solving time: 0.000358909 seconds
plan limit 980
current timestep 125
num of flexible agents: 34
num of flexible tasks: 8
Solving time: 0.000259282 seconds
plan limit 980
current timestep 126
num of flexible agents: 36
num of flexible tasks: 10
Solving time: 0.000384032 seconds
plan limit 980
current timestep 127
num of flexible agents: 34
num of flexible tasks: 9
Solving time: 0.000277066 seconds
plan limit 980
current timestep 128
num of flexible agents: 34
num of flexible tasks: 9
Solving time: 0.000283278 seconds
plan limit 980
current timestep 129
num of flexible agents: 38
num of flexible tasks: 9
Solving time: 0.000387157 seconds
plan limit 980
current timestep 130
num of flexible agents: 38
num of flexible tasks: 9
Solving time: 0.000276453 seconds
plan limit 980
current timestep 131
num of flexible agents: 39
num of flexible tasks: 10
Solving time: 0.000402698 seconds
plan limit 980
current timestep 132
num of flexible agents: 41
num of flexible tasks: 10
Solving time: 0.000292379 seconds
plan limit 980
current timestep 133
num of flexible agents: 39
num of flexible tasks: 9
Solving time: 0.000377217 seconds
plan limit 980
current timestep 134
num of flexible agents: 37
num of flexible tasks: 9
Solving time: 0.000267981 seconds
plan limit 980
current timestep 135
num of flexible agents: 35
num of flexible tasks: 9
Solving time: 0.00032322 seconds
plan limit 980
current timestep 136
num of flexible agents: 36
num of flexible tasks: 9
Solving time: 0.000307277 seconds
plan limit 980
current timestep 137
num of flexible agents: 35
num of flexible tasks: 7
Solving time: 0.000283077 seconds
plan limit 980
current timestep 138
num of flexible agents: 33
num of flexible tasks: 7
Solving time: 0.00034929 seconds
plan limit 980
current timestep 139
num of flexible agents: 33
num of flexible tasks: 8
Solving time: 0.000328332 seconds
plan limit 980
current timestep 140
num of flexible agents: 34
num of flexible tasks: 10
Solving time: 0.000370206 seconds
plan limit 980
current timestep 141
num of flexible agents: 31
num of flexible tasks: 9
Solving time: 0.000372482 seconds
plan limit 980
current timestep 142
num of flexible agents: 30
num of flexible tasks: 10
Solving time: 0.00056468 seconds
plan limit 980
current timestep 143
num of flexible agents: 33
num of flexible tasks: 12
Solving time: 0.000405657 seconds
plan limit 980
current timestep 144
num of flexible agents: 39
num of flexible tasks: 14
Solving time: 0.000473654 seconds
plan limit 980
current timestep 145
num of flexible agents: 38
num of flexible tasks: 12
Solving time: 0.000326802 seconds
plan limit 980
current timestep 146
num of flexible agents: 40
num of flexible tasks: 13
Solving time: 0.000320698 seconds
plan limit 980
current timestep 147
num of flexible agents: 42
num of flexible tasks: 13
Solving time: 0.000303592 seconds
plan limit 980
current timestep 148
num of flexible agents: 40
num of flexible tasks: 12
Solving time: 0.000413387 seconds
plan limit 980
current timestep 149
num of flexible agents: 39
num of flexible tasks: 11
Solving time: 0.000305679 seconds
plan limit 980
current timestep 150
num of flexible agents: 39
num of flexible tasks: 11
Solving time: 0.000301724 seconds
plan limit 980
current timestep 151
num of flexible agents: 37
num of flexible tasks: 11
Solving time: 0.000429921 seconds
plan limit 980
current timestep 152
num of flexible agents: 35
num of flexible tasks: 11
Solving time: 0.000299152 seconds
plan limit 980
current timestep 153
num of flexible agents: 35
num of flexible tasks: 12
Solving time: 0.000303521 seconds
plan limit 980
current timestep 154
num of flexible agents: 32
num of flexible tasks: 9
Solving time: 0.000415232 seconds
plan limit 980
current timestep 155
num of flexible agents: 34
num of flexible tasks: 9
Solving time: 0.000270499 seconds
plan limit 980
current timestep 156
num of flexible agents: 35
num of flexible tasks: 9
Solving time: 0.000404499 seconds
plan limit 980
current timestep 157
num of flexible agents: 34
num of flexible tasks: 8
Solving time: 0.000308004 seconds
plan limit 980
current timestep 158
num of flexible agents: 36
num of flexible tasks: 10
Solving time: 0.000447397 seconds
plan limit 980
current timestep 159
num of flexible agents: 35
num of flexible tasks: 10
Solving time: 0.000315487 seconds
plan limit 980
current timestep 160
num of flexible agents: 35
num of flexible tasks: 9
Solving time: 0.000419371 seconds
plan limit 980
current timestep 161
num of flexible agents: 39
num of flexible tasks: 9
Solving time: 0.000387278 seconds
plan limit 980
current timestep 162
num of flexible agents: 39
num of flexible tasks: 9
Solving time: 0.000314874 seconds
plan limit 980
current timestep 163
num of flexible agents: 38
num of flexible tasks: 9
Solving time: 0.000374751 seconds
plan limit 980
current timestep 164
num of flexible agents: 36
num of flexible tasks: 7
Solving time: 0.000408427 seconds
plan limit 980
current timestep 165
num of flexible agents: 34
num of flexible tasks: 6
Solving time: 0.000268313 seconds
plan limit 980
current timestep 166
num of flexible agents: 33
num of flexible tasks: 7
Solving time: 0.000392788 seconds
plan limit 980
current timestep 167
num of flexible agents: 34
num of flexible tasks: 8
Solving time: 0.000266429 seconds
plan limit 980
current timestep 168
num of flexible agents: 32
num of flexible tasks: 7
Solving time: 0.000277292 seconds
plan limit 980
current timestep 169
num of flexible agents: 31
num of flexible tasks: 5
Solving time: 0.000386249 seconds
plan limit 980
current timestep 170
num of flexible agents: 32
num of flexible tasks: 5
Solving time: 0.000282513 seconds
plan limit 980
current timestep 171
num of flexible agents: 32
num of flexible tasks: 7
Solving time: 0.000397347 seconds
plan limit 980
current timestep 172
num of flexible agents: 35
num of flexible tasks: 8
Solving time: 0.000303111 seconds
plan limit 980
current timestep 173
num of flexible agents: 34
num of flexible tasks: 7
Solving time: 0.000382142 seconds
plan limit 980
current timestep 174
num of flexible agents: 34
num of flexible tasks: 8
Solving time: 0.000257145 seconds
plan limit 980
current timestep 175
num of flexible agents: 35
num of flexible tasks: 8
Solving time: 0.000382835 seconds
plan limit 980
current timestep 176
num of flexible agents: 35
num of flexible tasks: 7
Solving time: 0.000296913 seconds
plan limit 980
current timestep 177
num of flexible agents: 35
num of flexible tasks: 7
Solving time: 0.000394186 seconds
plan limit 980
current timestep 178
num of flexible agents: 36
num of flexible tasks: 8
Solving time: 0.000283993 seconds
plan limit 980
current timestep 179
num of flexible agents: 37
num of flexible tasks: 10
Solving time: 0.000311176 seconds
plan limit 980
current timestep 180
num of flexible agents: 37
num of flexible tasks: 10
Solving time: 0.000430189 seconds
plan limit 980
current timestep 181
num of flexible agents: 36
num of flexible tasks: 9
Solving time: 0.000406464 seconds
plan limit 980
current timestep 182
num of flexible agents: 38
num of flexible tasks: 9
Solving time: 0.00031558 seconds
plan limit 980
current timestep 183
num of flexible agents: 38
num of flexible tasks: 10
Solving time: 0.000444197 seconds
plan limit 980
current timestep 184
num of flexible agents: 42
num of flexible tasks: 11
Solving time: 0.000274933 seconds
plan limit 980
current timestep 185
num of flexible agents: 40
num of flexible tasks: 10
Solving time: 0.000439911 seconds
plan limit 980
current timestep 186
num of flexible agents: 42
num of flexible tasks: 11
Solving time: 0.000321188 seconds
plan limit 980
current timestep 187
num of flexible agents: 43
num of flexible tasks: 10
Solving time: 0.000438618 seconds
plan limit 980
current timestep 188
num of flexible agents: 43
num of flexible tasks: 11
Solving time: 0.00028036 seconds
plan limit 980
current timestep 189
num of flexible agents: 42
num of flexible tasks: 10
Solving time: 0.000406244 seconds
plan limit 980
current timestep 190
num of flexible agents: 40
num of flexible tasks: 9
Solving time: 0.000255804 seconds
plan limit 980
current timestep 191
num of flexible agents: 37
num of flexible tasks: 8
Solving time: 0.000270461 seconds
plan limit 980
current timestep 192
num of flexible agents: 37
num of flexible tasks: 7
Solving time: 0.000398133 seconds
plan limit 980
current timestep 193
num of flexible agents: 39
num of flexible tasks: 8
Solving time: 0.000262943 seconds
plan limit 980
current timestep 194
num of flexible agents: 39
num of flexible tasks: 7
Solving time: 0.000400475 seconds
plan limit 980
current timestep 195
num of flexible agents: 38
num of flexible tasks: 7
Solving time: 0.000261562 seconds
plan limit 980
current timestep 196
num of flexible agents: 37
num of flexible tasks: 8
Solving time: 0.000399455 seconds
plan limit 980
current timestep 197
num of flexible agents: 39
num of flexible tasks: 8
Solving time: 0.000268544 seconds
plan limit 980
current timestep 198
num of flexible agents: 38
num of flexible tasks: 7
Solving time: 0.000405605 seconds
plan limit 980
current timestep 199
num of flexible agents: 37
num of flexible tasks: 7
Solving time: 0.000320358 seconds
plan limit 980
current timestep 200
num of flexible agents: 36
num of flexible tasks: 8
Solving time: 0.00028254 seconds
plan limit 980
current timestep 201
num of flexible agents: 35
num of flexible tasks: 8
Solving time: 0.000421787 seconds
plan limit 980
current timestep 202
num of flexible agents: 35
num of flexible tasks: 9
Solving time: 0.000444933 seconds
plan limit 980
current timestep 203
num of flexible agents: 34
num of flexible tasks: 7
Solving time: 0.000284893 seconds
plan limit 980
current timestep 204
num of flexible agents: 34
num of flexible tasks: 8
Solving time: 0.000284272 seconds
plan limit 980
current timestep 205
num of flexible agents: 32
num of flexible tasks: 7
Solving time: 0.000320241 seconds
plan limit 980
current timestep 206
num of flexible agents: 34
num of flexible tasks: 8
Solving time: 0.000399499 seconds
plan limit 980
current timestep 207
num of flexible agents: 35
num of flexible tasks: 8
Solving time: 0.00032039 seconds
plan limit 980
current timestep 208
num of flexible agents: 33
num of flexible tasks: 7
Solving time: 0.000317852 seconds
plan limit 980
current timestep 209
num of flexible agents: 37
num of flexible tasks: 9
Solving time: 0.000308473 seconds
plan limit 980
current timestep 210
num of flexible agents: 39
num of flexible tasks: 10
Solving time: 0.000293784 seconds
plan limit 980
current timestep 211
num of flexible agents: 36
num of flexible tasks: 8
Solving time: 0.000295353 seconds
plan limit 980
current timestep 212
num of flexible agents: 36
num of flexible tasks: 8
Solving time: 0.000404482 seconds
plan limit 980
current timestep 213
num of flexible agents: 39
num of flexible tasks: 10
Solving time: 0.000301912 seconds
plan limit 980
current timestep 214
num of flexible agents: 38
num of flexible tasks: 9
Solving time: 0.000294703 seconds
plan limit 980
current timestep 215
num of flexible agents: 37
num of flexible tasks: 8
Solving time: 0.0003933 seconds
plan limit 980
current timestep 216
num of flexible agents: 39
num of flexible tasks: 9
Solving time: 0.000302353 seconds
plan limit 980
current timestep 217
num of flexible agents: 37
num of flexible tasks: 9
Solving time: 0.000379806 seconds
plan limit 980
current timestep 218
num of flexible agents: 38
num of flexible tasks: 10
Solving time: 0.000293494 seconds
plan limit 980
current timestep 219
num of flexible agents: 40
num of flexible tasks: 10
Solving time: 0.000393547 seconds
plan limit 980
current timestep 220
num of flexible agents: 38
num of flexible tasks: 8
Solving time: 0.000261946 seconds
plan limit 980
current timestep 221
num of flexible agents: 37
num of flexible tasks: 9
Solving time: 0.000404606 seconds
plan limit 980
current timestep 222
num of flexible agents: 38
num of flexible tasks: 8
Solving time: 0.00029366 seconds
plan limit 980
current timestep 223
num of flexible agents: 34
num of flexible tasks: 6
Solving time: 0.000376684 seconds
plan limit 980
current timestep 224
num of flexible agents: 33
num of flexible tasks: 7
Solving time: 0.000255643 seconds
plan limit 980
current timestep 225
num of flexible agents: 33
num of flexible tasks: 5
Solving time: 0.000254454 seconds
plan limit 980
current timestep 226
num of flexible agents: 33
num of flexible tasks: 5
Solving time: 0.000251194 seconds
plan limit 980
current timestep 227
num of flexible agents: 34
num of flexible tasks: 7
Solving time: 0.000265009 seconds
plan limit 980
current timestep 228
num of flexible agents: 34
num of flexible tasks: 8
Solving time: 0.000411747 seconds
plan limit 980
current timestep 229
num of flexible agents: 34
num of flexible tasks: 9
Solving time: 0.000259816 seconds
plan limit 980
current timestep 230
num of flexible agents: 37
num of flexible tasks: 10
Solving time: 0.000286013 seconds
plan limit 980
current timestep 231
num of flexible agents: 35
num of flexible tasks: 10
Solving time: 0.000410879 seconds
plan limit 980
current timestep 232
num of flexible agents: 36
num of flexible tasks: 9
Solving time: 0.000255179 seconds
plan limit 980
current timestep 233
num of flexible agents: 37
num of flexible tasks: 7
Solving time: 0.00030538 seconds
plan limit 980
current timestep 234
num of flexible agents: 39
num of flexible tasks: 9
Solving time: 0.000385842 seconds
plan limit 980
current timestep 235
num of flexible agents: 42
num of flexible tasks: 11
Solving time: 0.000300566 seconds
plan limit 980
current timestep 236
num of flexible agents: 37
num of flexible tasks: 8
Solving time: 0.000409831 seconds
plan limit 980
current timestep 237
num of flexible agents: 37
num of flexible tasks: 9
Solving time: 0.000438531 seconds
plan limit 980
current timestep 238
num of flexible agents: 37
num of flexible tasks: 10
Solving time: 0.000298769 seconds
plan limit 980
current timestep 239
num of flexible agents: 34
num of flexible tasks: 9
Solving time: 0.000303641 seconds
plan limit 980
current timestep 240
num of flexible agents: 37
num of flexible tasks: 10
Solving time: 0.00042308 seconds
plan limit 980
current timestep 241
num of flexible agents: 37
num of flexible tasks: 10
Solving time: 0.000302053 seconds
plan limit 980
current timestep 242
num of flexible agents: 35
num of flexible tasks: 9
Solving time: 0.000376746 seconds
plan limit 980
current timestep 243
num of flexible agents: 34
num of flexible tasks: 10
Solving time: 0.00030852 seconds
plan limit 980
current timestep 244
num of flexible agents: 33
num of flexible tasks: 9
Solving time: 0.000268677 seconds
plan limit 980
current timestep 245
num of flexible agents: 33
num of flexible tasks: 10
Solving time: 0.000409088 seconds
plan limit 980
current timestep 246
num of flexible agents: 29
num of flexible tasks: 8
Solving time: 0.000415014 seconds
plan limit 980
current timestep 247
num of flexible agents: 30
num of flexible tasks: 9
Solving time: 0.000265618 seconds
plan limit 980
current timestep 248
num of flexible agents: 31
num of flexible tasks: 9
Solving time: 0.000276342 seconds
plan limit 980
current timestep 249
num of flexible agents: 29
num of flexible tasks: 8
Solving time: 0.000282369 seconds
plan limit 980
current timestep 250
num of flexible agents: 31
num of flexible tasks: 8
Solving time: 0.000251417 seconds
plan limit 980
current timestep 251
num of flexible agents: 29
num of flexible tasks: 5
Solving time: 0.000239307 seconds
plan limit 980
current timestep 252
num of flexible agents: 30
num of flexible tasks: 4
Solving time: 0.000233189 seconds
plan limit 980
current timestep 253
num of flexible agents: 33
num of flexible tasks: 3
Solving time: 0.000236114 seconds
plan limit 980
current timestep 254
num of flexible agents: 34
num of flexible tasks: 2
Solving time: 0.000228579 seconds
plan limit 980
current timestep 255
num of flexible agents: 39
num of flexible tasks: 2
Solving time: 0.000230823 seconds
plan limit 980
current timestep 256
num of flexible agents: 40
num of flexible tasks: 1
Solving time: 0.000219248 seconds
plan limit 980
current timestep 257
num of flexible agents: 42
num of flexible tasks: 0
Solving time: 0.000317884 seconds
plan limit 980
current timestep 258
num of flexible agents: 43
num of flexible tasks: 0
Solving time: 0.000245769 seconds
plan limit 980
current timestep 259
num of flexible agents: 46
num of flexible tasks: 0
Solving time: 0.000312852 seconds
plan limit 980
current timestep 260
num of flexible agents: 49
num of flexible tasks: 0
Solving time: 0.000225577 seconds
plan limit 980
current timestep 261
num of flexible agents: 50
num of flexible tasks: 0
Solving time: 0.00031094 seconds
plan limit 980
current timestep 262
num of flexible agents: 53
num of flexible tasks: 0
Solving time: 0.000207757 seconds
plan limit 980
current timestep 263
num of flexible agents: 55
num of flexible tasks: 0
Solving time: 0.000319555 seconds
plan limit 980
current timestep 264
num of flexible agents: 60
num of flexible tasks: 0
Solving time: 0.000283705 seconds
plan limit 980
current timestep 265
num of flexible agents: 61
num of flexible tasks: 0
Solving time: 0.000326408 seconds
plan limit 980
current timestep 266
num of flexible agents: 62
num of flexible tasks: 0
Solving time: 0.000216072 seconds
plan limit 980
current timestep 267
num of flexible agents: 63
num of flexible tasks: 0
Solving time: 0.000329116 seconds
plan limit 980
current timestep 268
num of flexible agents: 65
num of flexible tasks: 0
Solving time: 0.000329113 seconds
plan limit 980
current timestep 269
num of flexible agents: 67
num of flexible tasks: 0
Solving time: 0.00022489 seconds
plan limit 980
current timestep 270
num of flexible agents: 68
num of flexible tasks: 0
Solving time: 0.000239368 seconds
plan limit 980
current timestep 271
num of flexible agents: 70
num of flexible tasks: 0
Solving time: 0.000306601 seconds
plan limit 980
current timestep 272
num of flexible agents: 73
num of flexible tasks: 0
Solving time: 0.000254673 seconds
plan limit 980
current timestep 273
num of flexible agents: 75
num of flexible tasks: 0
Solving time: 0.000322693 seconds
plan limit 980
current timestep 274
num of flexible agents: 75
num of flexible tasks: 0
Solving time: 0.000225846 seconds
plan limit 980
current timestep 275
num of flexible agents: 75
num of flexible tasks: 0
Solving time: 0.00021278 seconds
plan limit 980
current timestep 276
num of flexible agents: 75
num of flexible tasks: 0
Solving time: 0.000314057 seconds
plan limit 980
current timestep 277
num of flexible agents: 76
num of flexible tasks: 0
Solving time: 0.000226324 seconds
plan limit 980
current timestep 278
num of flexible agents: 76
num of flexible tasks: 0
Solving time: 0.000221853 seconds
plan limit 980
current timestep 279
num of flexible agents: 77
num of flexible tasks: 0
Solving time: 0.000324811 seconds
plan limit 980
current timestep 280
num of flexible agents: 77
num of flexible tasks: 0
Solving time: 0.000333301 seconds
plan limit 980
current timestep 281
num of flexible agents: 77
num of flexible tasks: 0
Solving time: 0.000275112 seconds
plan limit 980
current timestep 282
num of flexible agents: 78
num of flexible tasks: 0
Solving time: 0.000335248 seconds
plan limit 980
current timestep 283
num of flexible agents: 78
num of flexible tasks: 0
Solving time: 0.000218254 seconds
plan limit 980
current timestep 284
num of flexible agents: 79
num of flexible tasks: 0
Solving time: 0.000341389 seconds
plan limit 980
current timestep 285
num of flexible agents: 79
num of flexible tasks: 0
Solving time: 0.000219932 seconds
plan limit 980
current timestep 286
num of flexible agents: 79
num of flexible tasks: 0
Solving time: 0.000344017 seconds
plan limit 980
All tasks finished at timestep 287
