current timestep 0
num of flexible agents: 100
num of flexible tasks: 5
Solving time: 0.000471312 seconds
plan limit 980
current timestep 1
num of flexible agents: 100
num of flexible tasks: 10
Solving time: 0.000495077 seconds
plan limit 980
current timestep 2
num of flexible agents: 98
num of flexible tasks: 13
Solving time: 0.000467172 seconds
plan limit 980
current timestep 3
num of flexible agents: 95
num of flexible tasks: 15
Solving time: 0.000398353 seconds
plan limit 980
current timestep 4
num of flexible agents: 92
num of flexible tasks: 17
Solving time: 0.000502469 seconds
plan limit 980
current timestep 5
num of flexible agents: 88
num of flexible tasks: 18
Solving time: 0.00046803 seconds
plan limit 980
current timestep 6
num of flexible agents: 82
num of flexible tasks: 17
Solving time: 0.000370893 seconds
plan limit 980
current timestep 7
num of flexible agents: 79
num of flexible tasks: 19
Solving time: 0.000367495 seconds
plan limit 980
current timestep 8
num of flexible agents: 76
num of flexible tasks: 21
Solving time: 0.000520923 seconds
plan limit 980
current timestep 9
num of flexible agents: 70
num of flexible tasks: 20
Solving time: 0.000401903 seconds
plan limit 980
current timestep 10
num of flexible agents: 68
num of flexible tasks: 23
Solving time: 0.00042523 seconds
plan limit 980
current timestep 11
num of flexible agents: 65
num of flexible tasks: 25
Solving time: 0.000511602 seconds
plan limit 980
current timestep 12
num of flexible agents: 64
num of flexible tasks: 29
Solving time: 0.000683492 seconds
plan limit 980
current timestep 13
num of flexible agents: 58
num of flexible tasks: 27
Solving time: 0.000502417 seconds
plan limit 980
current timestep 14
num of flexible agents: 56
num of flexible tasks: 27
Solving time: 0.000659959 seconds
plan limit 980
current timestep 15
num of flexible agents: 57
num of flexible tasks: 30
Solving time: 0.000684516 seconds
plan limit 980
current timestep 16
num of flexible agents: 54
num of flexible tasks: 30
Solving time: 0.000469852 seconds
plan limit 980
current timestep 17
num of flexible agents: 52
num of flexible tasks: 29
Solving time: 0.000438324 seconds
plan limit 980
current timestep 18
num of flexible agents: 47
num of flexible tasks: 28
Solving time: 0.000653873 seconds
plan limit 980
current timestep 19
num of flexible agents: 40
num of flexible tasks: 26
Solving time: 0.000467307 seconds
plan limit 980
current timestep 20
num of flexible agents: 40
num of flexible tasks: 27
Solving time: 0.000469642 seconds
plan limit 980
current timestep 21
num of flexible agents: 39
num of flexible tasks: 30
Solving time: 0.000514954 seconds
plan limit 980
current timestep 22
num of flexible agents: 36
num of flexible tasks: 31
Solving time: 0.000712575 seconds
plan limit 980
current timestep 23
num of flexible agents: 34
num of flexible tasks: 31
Solving time: 0.000570156 seconds
plan limit 980
current timestep 24
num of flexible agents: 31
num of flexible tasks: 32
Solving time: 0.000574781 seconds
plan limit 980
current timestep 25
num of flexible agents: 27
num of flexible tasks: 31
Solving time: 0.00062353 seconds
plan limit 980
current timestep 26
num of flexible agents: 26
num of flexible tasks: 34
Solving time: 0.000399407 seconds
plan limit 980
current timestep 27
num of flexible agents: 22
num of flexible tasks: 33
Solving time: 0.000387662 seconds
plan limit 980
current timestep 28
num of flexible agents: 21
num of flexible tasks: 34
Solving time: 0.000505179 seconds
plan limit 980
current timestep 29
num of flexible agents: 18
num of flexible tasks: 35
Solving time: 0.0004846 seconds
plan limit 980
current timestep 30
num of flexible agents: 15
num of flexible tasks: 34
Solving time: 0.000373192 seconds
plan limit 980
current timestep 31
num of flexible agents: 14
num of flexible tasks: 36
Solving time: 0.000325363 seconds
plan limit 980
current timestep 32
num of flexible agents: 12
num of flexible tasks: 37
Solving time: 0.0005047 seconds
plan limit 980
current timestep 33
num of flexible agents: 14
num of flexible tasks: 39
Solving time: 0.000377245 seconds
plan limit 980
current timestep 34
num of flexible agents: 12
num of flexible tasks: 40
Solving time: 0.000502293 seconds
plan limit 980
current timestep 35
num of flexible agents: 11
num of flexible tasks: 41
Solving time: 0.000495145 seconds
plan limit 980
current timestep 36
num of flexible agents: 14
num of flexible tasks: 44
Solving time: 0.000482945 seconds
plan limit 980
current timestep 37
num of flexible agents: 15
num of flexible tasks: 46
Solving time: 0.000345079 seconds
plan limit 980
current timestep 38
num of flexible agents: 15
num of flexible tasks: 46
Solving time: 0.000499046 seconds
plan limit 980
current timestep 39
num of flexible agents: 10
num of flexible tasks: 45
Solving time: 0.000486583 seconds
plan limit 980
current timestep 40
num of flexible agents: 9
num of flexible tasks: 46
Solving time: 0.000459635 seconds
plan limit 980
current timestep 41
num of flexible agents: 10
num of flexible tasks: 50
Solving time: 0.000357753 seconds
plan limit 980
current timestep 42
num of flexible agents: 15
num of flexible tasks: 51
Solving time: 0.000528116 seconds
plan limit 980
current timestep 43
num of flexible agents: 14
num of flexible tasks: 51
Solving time: 0.000360816 seconds
plan limit 980
current timestep 44
num of flexible agents: 23
num of flexible tasks: 54
Solving time: 0.000552978 seconds
plan limit 980
current timestep 45
num of flexible agents: 22
num of flexible tasks: 55
Solving time: 0.00037681 seconds
plan limit 980
current timestep 46
num of flexible agents: 18
num of flexible tasks: 54
Solving time: 0.000503872 seconds
plan limit 980
current timestep 47
num of flexible agents: 16
num of flexible tasks: 54
Solving time: 0.000340938 seconds
plan limit 980
current timestep 48
num of flexible agents: 17
num of flexible tasks: 53
Solving time: 0.000519292 seconds
plan limit 980
current timestep 49
num of flexible agents: 15
num of flexible tasks: 53
Solving time: 0.00038138 seconds
plan limit 980
current timestep 50
num of flexible agents: 10
num of flexible tasks: 50
Solving time: 0.000490518 seconds
plan limit 980
current timestep 51
num of flexible agents: 9
num of flexible tasks: 52
Solving time: 0.000352037 seconds
plan limit 980
current timestep 52
num of flexible agents: 7
num of flexible tasks: 55
Solving time: 0.000491955 seconds
plan limit 980
current timestep 53
num of flexible agents: 10
num of flexible tasks: 58
Solving time: 0.000485526 seconds
plan limit 980
current timestep 54
num of flexible agents: 12
num of flexible tasks: 60
Solving time: 0.000344285 seconds
plan limit 980
current timestep 55
num of flexible agents: 15
num of flexible tasks: 63
Solving time: 0.000512625 seconds
plan limit 980
current timestep 56
num of flexible agents: 12
num of flexible tasks: 64
Solving time: 0.000372562 seconds
plan limit 980
current timestep 57
num of flexible agents: 12
num of flexible tasks: 64
Solving time: 0.000425284 seconds
plan limit 980
current timestep 58
num of flexible agents: 12
num of flexible tasks: 65
Solving time: 0.000425263 seconds
plan limit 980
current timestep 59
num of flexible agents: 16
num of flexible tasks: 68
Solving time: 0.000519932 seconds
plan limit 980
current timestep 60
num of flexible agents: 12
num of flexible tasks: 66
Solving time: 0.000335431 seconds
plan limit 980
current timestep 61
num of flexible agents: 9
num of flexible tasks: 66
Solving time: 0.000480376 seconds
plan limit 980
current timestep 62
num of flexible agents: 9
num of flexible tasks: 68
Solving time: 0.000457119 seconds
plan limit 980
current timestep 63
num of flexible agents: 15
num of flexible tasks: 70
Solving time: 0.000357835 seconds
plan limit 980
current timestep 64
num of flexible agents: 15
num of flexible tasks: 68
Solving time: 0.000518635 seconds
plan limit 980
current timestep 65
num of flexible agents: 20
num of flexible tasks: 70
Solving time: 0.000510863 seconds
plan limit 980
current timestep 66
num of flexible agents: 17
num of flexible tasks: 67
Solving time: 0.000382541 seconds
plan limit 980
current timestep 67
num of flexible agents: 14
num of flexible tasks: 67
Solving time: 0.000376225 seconds
plan limit 980
current timestep 68
num of flexible agents: 12
num of flexible tasks: 67
Solving time: 0.000400402 seconds
plan limit 980
current timestep 69
num of flexible agents: 12
num of flexible tasks: 67
Solving time: 0.000396189 seconds
plan limit 980
current timestep 70
num of flexible agents: 12
num of flexible tasks: 70
Solving time: 0.000339651 seconds
plan limit 980
current timestep 71
num of flexible agents: 12
num of flexible tasks: 70
Solving time: 0.00047402 seconds
plan limit 980
current timestep 72
num of flexible agents: 6
num of flexible tasks: 68
Solving time: 0.000368716 seconds
plan limit 980
current timestep 73
num of flexible agents: 9
num of flexible tasks: 71
Solving time: 0.000406116 seconds
plan limit 980
current timestep 74
num of flexible agents: 8
num of flexible tasks: 74
Solving time: 0.000486167 seconds
plan limit 980
current timestep 75
num of flexible agents: 14
num of flexible tasks: 77
Solving time: 0.000349711 seconds
plan limit 980
current timestep 76
num of flexible agents: 12
num of flexible tasks: 76
Solving time: 0.000477154 seconds
plan limit 980
current timestep 77
num of flexible agents: 10
num of flexible tasks: 74
Solving time: 0.000473949 seconds
plan limit 980
current timestep 78
num of flexible agents: 11
num of flexible tasks: 75
Solving time: 0.000336315 seconds
plan limit 980
current timestep 79
num of flexible agents: 10
num of flexible tasks: 76
Solving time: 0.000451874 seconds
plan limit 980
current timestep 80
num of flexible agents: 8
num of flexible tasks: 78
Solving time: 0.0003532 seconds
plan limit 980
current timestep 81
num of flexible agents: 10
num of flexible tasks: 79
Solving time: 0.000308301 seconds
plan limit 980
current timestep 82
num of flexible agents: 12
num of flexible tasks: 82
Solving time: 0.000424456 seconds
plan limit 980
current timestep 83
num of flexible agents: 14
num of flexible tasks: 82
Solving time: 0.000463464 seconds
plan limit 980
current timestep 84
num of flexible agents: 12
num of flexible tasks: 82
Solving time: 0.000430327 seconds
plan limit 980
current timestep 85
num of flexible agents: 13
num of flexible tasks: 83
Solving time: 0.000443324 seconds
plan limit 980
current timestep 86
num of flexible agents: 14
num of flexible tasks: 84
Solving time: 0.000349111 seconds
plan limit 980
current timestep 87
num of flexible agents: 9
num of flexible tasks: 84
Solving time: 0.000337601 seconds
plan limit 980
current timestep 88
num of flexible agents: 10
num of flexible tasks: 86
Solving time: 0.000383644 seconds
plan limit 980
current timestep 89
num of flexible agents: 8
num of flexible tasks: 88
Solving time: 0.000357676 seconds
plan limit 980
current timestep 90
num of flexible agents: 9
num of flexible tasks: 90
Solving time: 0.00036459 seconds
plan limit 980
current timestep 91
num of flexible agents: 13
num of flexible tasks: 94
Solving time: 0.000343173 seconds
plan limit 980
current timestep 92
num of flexible agents: 10
num of flexible tasks: 92
Solving time: 0.000372667 seconds
plan limit 980
current timestep 93
num of flexible agents: 10
num of flexible tasks: 93
Solving time: 0.000298512 seconds
plan limit 980
current timestep 94
num of flexible agents: 7
num of flexible tasks: 94
Solving time: 0.000304243 seconds
plan limit 980
current timestep 95
num of flexible agents: 8
num of flexible tasks: 97
Solving time: 0.000292401 seconds
plan limit 980
current timestep 96
num of flexible agents: 8
num of flexible tasks: 97
Solving time: 0.000432342 seconds
plan limit 980
current timestep 97
num of flexible agents: 8
num of flexible tasks: 99
Solving time: 0.000297034 seconds
plan limit 980
current timestep 98
num of flexible agents: 10
num of flexible tasks: 101
Solving time: 0.000291015 seconds
plan limit 980
current timestep 99
num of flexible agents: 10
num of flexible tasks: 100
Solving time: 0.000330775 seconds
plan limit 980
current timestep 100
num of flexible agents: 12
num of flexible tasks: 97
Solving time: 0.000446155 seconds
plan limit 980
current timestep 101
num of flexible agents: 8
num of flexible tasks: 91
Solving time: 0.000313544 seconds
plan limit 980
current timestep 102
num of flexible agents: 8
num of flexible tasks: 88
Solving time: 0.000459273 seconds
plan limit 980
current timestep 103
num of flexible agents: 11
num of flexible tasks: 87
Solving time: 0.000312311 seconds
plan limit 980
current timestep 104
num of flexible agents: 10
num of flexible tasks: 82
Solving time: 0.000355214 seconds
plan limit 980
current timestep 105
num of flexible agents: 14
num of flexible tasks: 80
Solving time: 0.000468947 seconds
plan limit 980
current timestep 106
num of flexible agents: 16
num of flexible tasks: 77
Solving time: 0.000351571 seconds
plan limit 980
current timestep 107
num of flexible agents: 16
num of flexible tasks: 73
Solving time: 0.000345435 seconds
plan limit 980
current timestep 108
num of flexible agents: 12
num of flexible tasks: 68
Solving time: 0.000497435 seconds
plan limit 980
current timestep 109
num of flexible agents: 15
num of flexible tasks: 67
Solving time: 0.000336247 seconds
plan limit 980
current timestep 110
num of flexible agents: 13
num of flexible tasks: 64
Solving time: 0.000521431 seconds
plan limit 980
current timestep 111
num of flexible agents: 13
num of flexible tasks: 62
Solving time: 0.000496056 seconds
plan limit 980
current timestep 112
num of flexible agents: 17
num of flexible tasks: 61
Solving time: 0.000523357 seconds
plan limit 980
current timestep 113
num of flexible agents: 21
num of flexible tasks: 61
Solving time: 0.000343334 seconds
plan limit 980
current timestep 114
num of flexible agents: 20
num of flexible tasks: 58
Solving time: 0.000407773 seconds
plan limit 980
current timestep 115
num of flexible agents: 25
num of flexible tasks: 58
Solving time: 0.000417343 seconds
plan limit 980
current timestep 116
num of flexible agents: 24
num of flexible tasks: 55
Solving time: 0.000450937 seconds
plan limit 980
current timestep 117
num of flexible agents: 29
num of flexible tasks: 54
Solving time: 0.000535042 seconds
plan limit 980
current timestep 118
num of flexible agents: 28
num of flexible tasks: 52
Solving time: 0.00039888 seconds
plan limit 980
current timestep 119
num of flexible agents: 31
num of flexible tasks: 48
Solving time: 0.000400841 seconds
plan limit 980
current timestep 120
num of flexible agents: 26
num of flexible tasks: 42
Solving time: 0.000384813 seconds
plan limit 980
current timestep 121
num of flexible agents: 24
num of flexible tasks: 39
Solving time: 0.0004446 seconds
plan limit 980
current timestep 122
num of flexible agents: 25
num of flexible tasks: 35
Solving time: 0.000434002 seconds
plan limit 980
current timestep 123
num of flexible agents: 28
num of flexible tasks: 32
Solving time: 0.000436293 seconds
plan limit 980
current timestep 124
num of flexible agents: 28
num of flexible tasks: 29
Solving time: 0.000453849 seconds
plan limit 980
current timestep 125
num of flexible agents: 31
num of flexible tasks: 27
Solving time: 0.000460816 seconds
plan limit 980
current timestep 126
num of flexible agents: 35
num of flexible tasks: 26
Solving time: 0.000432564 seconds
plan limit 980
current timestep 127
num of flexible agents: 37
num of flexible tasks: 22
Solving time: 0.00040218 seconds
plan limit 980
current timestep 128
num of flexible agents: 37
num of flexible tasks: 21
Solving time: 0.000550553 seconds
plan limit 980
current timestep 129
num of flexible agents: 37
num of flexible tasks: 18
Solving time: 0.000347427 seconds
plan limit 980
current timestep 130
num of flexible agents: 37
num of flexible tasks: 15
Solving time: 0.000458187 seconds
plan limit 980
current timestep 131
num of flexible agents: 38
num of flexible tasks: 13
Solving time: 0.000405507 seconds
plan limit 980
current timestep 132
num of flexible agents: 38
num of flexible tasks: 10
Solving time: 0.000404838 seconds
plan limit 980
current timestep 133
num of flexible agents: 35
num of flexible tasks: 5
Solving time: 0.000293164 seconds
plan limit 980
current timestep 134
num of flexible agents: 36
num of flexible tasks: 4
Solving time: 0.000249831 seconds
plan limit 980
current timestep 135
num of flexible agents: 38
num of flexible tasks: 3
Solving time: 0.000346647 seconds
plan limit 980
current timestep 136
num of flexible agents: 42
num of flexible tasks: 3
Solving time: 0.000234813 seconds
plan limit 980
current timestep 137
num of flexible agents: 44
num of flexible tasks: 2
Solving time: 0.000321549 seconds
plan limit 980
current timestep 138
num of flexible agents: 43
num of flexible tasks: 0
Solving time: 0.00021438 seconds
plan limit 980
current timestep 139
num of flexible agents: 46
num of flexible tasks: 0
Solving time: 0.000290051 seconds
plan limit 980
current timestep 140
num of flexible agents: 48
num of flexible tasks: 0
Solving time: 0.000209434 seconds
plan limit 980
current timestep 141
num of flexible agents: 51
num of flexible tasks: 0
Solving time: 0.000283927 seconds
plan limit 980
current timestep 142
num of flexible agents: 53
num of flexible tasks: 0
Solving time: 0.000311572 seconds
plan limit 980
current timestep 143
num of flexible agents: 55
num of flexible tasks: 0
Solving time: 0.00020809 seconds
plan limit 980
current timestep 144
num of flexible agents: 57
num of flexible tasks: 0
Solving time: 0.000302292 seconds
plan limit 980
current timestep 145
num of flexible agents: 61
num of flexible tasks: 0
Solving time: 0.000206796 seconds
plan limit 980
current timestep 146
num of flexible agents: 64
num of flexible tasks: 0
Solving time: 0.000310381 seconds
plan limit 980
current timestep 147
num of flexible agents: 65
num of flexible tasks: 0
Solving time: 0.000215031 seconds
plan limit 980
current timestep 148
num of flexible agents: 68
num of flexible tasks: 0
Solving time: 0.00020819 seconds
plan limit 980
current timestep 149
num of flexible agents: 72
num of flexible tasks: 0
Solving time: 0.000207885 seconds
plan limit 980
current timestep 150
num of flexible agents: 75
num of flexible tasks: 0
Solving time: 0.00020454 seconds
plan limit 980
current timestep 151
num of flexible agents: 78
num of flexible tasks: 0
Solving time: 0.000302981 seconds
plan limit 980
current timestep 152
num of flexible agents: 78
num of flexible tasks: 0
Solving time: 0.000202485 seconds
plan limit 980
current timestep 153
num of flexible agents: 78
num of flexible tasks: 0
Solving time: 0.000307961 seconds
plan limit 980
current timestep 154
num of flexible agents: 84
num of flexible tasks: 0
Solving time: 0.000221719 seconds
plan limit 980
current timestep 155
num of flexible agents: 86
num of flexible tasks: 0
Solving time: 0.000297756 seconds
plan limit 980
current timestep 156
num of flexible agents: 88
num of flexible tasks: 0
Solving time: 0.000294763 seconds
plan limit 980
current timestep 157
num of flexible agents: 88
num of flexible tasks: 0
Solving time: 0.000210387 seconds
plan limit 980
current timestep 158
num of flexible agents: 89
num of flexible tasks: 0
Solving time: 0.000301562 seconds
plan limit 980
current timestep 159
num of flexible agents: 89
num of flexible tasks: 0
Solving time: 0.000207236 seconds
plan limit 980
current timestep 160
num of flexible agents: 89
num of flexible tasks: 0
Solving time: 0.000287541 seconds
plan limit 980
current timestep 161
num of flexible agents: 89
num of flexible tasks: 0
Solving time: 0.000219935 seconds
plan limit 980
current timestep 162
num of flexible agents: 91
num of flexible tasks: 0
Solving time: 0.000303574 seconds
plan limit 980
current timestep 163
num of flexible agents: 92
num of flexible tasks: 0
Solving time: 0.00030292 seconds
plan limit 980
current timestep 164
num of flexible agents: 92
num of flexible tasks: 0
Solving time: 0.000208043 seconds
plan limit 980
current timestep 165
num of flexible agents: 92
num of flexible tasks: 0
Solving time: 0.000203664 seconds
plan limit 980
current timestep 166
num of flexible agents: 92
num of flexible tasks: 0
Solving time: 0.000216143 seconds
plan limit 980
current timestep 167
num of flexible agents: 94
num of flexible tasks: 0
Solving time: 0.000288638 seconds
plan limit 980
current timestep 168
num of flexible agents: 96
num of flexible tasks: 0
Solving time: 0.000209539 seconds
plan limit 980
current timestep 169
num of flexible agents: 97
num of flexible tasks: 0
Solving time: 0.000274287 seconds
plan limit 980
current timestep 170
num of flexible agents: 99
num of flexible tasks: 0
Solving time: 0.000206338 seconds
plan limit 980
current timestep 171
num of flexible agents: 99
num of flexible tasks: 0
Solving time: 0.000301351 seconds
plan limit 980
current timestep 172
num of flexible agents: 99
num of flexible tasks: 0
Solving time: 0.000206423 seconds
plan limit 980
current timestep 173
num of flexible agents: 99
num of flexible tasks: 0
Solving time: 0.000208958 seconds
plan limit 980
current timestep 174
num of flexible agents: 99
num of flexible tasks: 0
Solving time: 0.000204876 seconds
plan limit 980
current timestep 175
num of flexible agents: 99
num of flexible tasks: 0
Solving time: 0.000308977 seconds
plan limit 980
All tasks finished at timestep 176
