current timestep 0
num of flexible agents: 50
num of flexible tasks: 5
Solving time: 0.000465329 seconds
plan limit 980
current timestep 1
num of flexible agents: 49
num of flexible tasks: 9
Solving time: 0.000314362 seconds
plan limit 980
current timestep 2
num of flexible agents: 47
num of flexible tasks: 12
Solving time: 0.00051757 seconds
plan limit 980
current timestep 3
num of flexible agents: 46
num of flexible tasks: 16
Solving time: 0.000379052 seconds
plan limit 980
current timestep 4
num of flexible agents: 44
num of flexible tasks: 19
Solving time: 0.00056936 seconds
plan limit 980
current timestep 5
num of flexible agents: 41
num of flexible tasks: 21
Solving time: 0.000418091 seconds
plan limit 980
current timestep 6
num of flexible agents: 38
num of flexible tasks: 23
Solving time: 0.000717788 seconds
plan limit 980
current timestep 7
num of flexible agents: 38
num of flexible tasks: 27
Solving time: 0.000567036 seconds
plan limit 980
current timestep 8
num of flexible agents: 36
num of flexible tasks: 30
Solving time: 0.000521081 seconds
plan limit 980
current timestep 9
num of flexible agents: 34
num of flexible tasks: 33
Solving time: 0.000722455 seconds
plan limit 980
current timestep 10
num of flexible agents: 30
num of flexible tasks: 34
Solving time: 0.000682316 seconds
plan limit 980
current timestep 11
num of flexible agents: 25
num of flexible tasks: 33
Solving time: 0.000642825 seconds
plan limit 980
current timestep 12
num of flexible agents: 21
num of flexible tasks: 34
Solving time: 0.000390197 seconds
plan limit 980
current timestep 13
num of flexible agents: 19
num of flexible tasks: 37
Solving time: 0.000509493 seconds
plan limit 980
current timestep 14
num of flexible agents: 15
num of flexible tasks: 38
Solving time: 0.000347068 seconds
plan limit 980
current timestep 15
num of flexible agents: 11
num of flexible tasks: 39
Solving time: 0.000471681 seconds
plan limit 980
current timestep 16
num of flexible agents: 9
num of flexible tasks: 42
Solving time: 0.000412258 seconds
plan limit 980
current timestep 17
num of flexible agents: 10
num of flexible tasks: 45
Solving time: 0.000319304 seconds
plan limit 980
current timestep 18
num of flexible agents: 11
num of flexible tasks: 48
Solving time: 0.000469628 seconds
plan limit 980
current timestep 19
num of flexible agents: 4
num of flexible tasks: 45
Solving time: 0.000237197 seconds
plan limit 980
current timestep 20
num of flexible agents: 3
num of flexible tasks: 49
Solving time: 0.00037902 seconds
plan limit 980
current timestep 21
num of flexible agents: 4
num of flexible tasks: 54
Solving time: 0.000284922 seconds
plan limit 980
current timestep 22
num of flexible agents: 3
num of flexible tasks: 56
Solving time: 0.000366266 seconds
plan limit 980
current timestep 23
num of flexible agents: 3
num of flexible tasks: 61
Solving time: 0.000957482 seconds
plan limit 979
current timestep 24
num of flexible agents: 2
num of flexible tasks: 65
Solving time: 0.000874686 seconds
plan limit 979
current timestep 25
num of flexible agents: 3
num of flexible tasks: 69
Solving time: 0.000392991 seconds
plan limit 980
current timestep 26
num of flexible agents: 2
num of flexible tasks: 73
Solving time: 0.000842396 seconds
plan limit 980
current timestep 27
num of flexible agents: 3
num of flexible tasks: 78
Solving time: 0.00108884 seconds
plan limit 979
current timestep 28
num of flexible agents: 4
num of flexible tasks: 82
Solving time: 0.000282005 seconds
plan limit 980
current timestep 29
num of flexible agents: 5
num of flexible tasks: 85
Solving time: 0.000400394 seconds
plan limit 980
current timestep 30
num of flexible agents: 7
num of flexible tasks: 88
Solving time: 0.000437829 seconds
plan limit 980
current timestep 31
num of flexible agents: 6
num of flexible tasks: 90
Solving time: 0.000407864 seconds
plan limit 980
current timestep 32
num of flexible agents: 5
num of flexible tasks: 92
Solving time: 0.00030163 seconds
plan limit 980
current timestep 33
num of flexible agents: 5
num of flexible tasks: 94
Solving time: 0.0004239 seconds
plan limit 980
current timestep 34
num of flexible agents: 7
num of flexible tasks: 99
Solving time: 0.000313739 seconds
plan limit 980
current timestep 35
num of flexible agents: 6
num of flexible tasks: 101
Solving time: 0.000304854 seconds
plan limit 980
current timestep 36
num of flexible agents: 4
num of flexible tasks: 103
Solving time: 0.000412068 seconds
plan limit 980
current timestep 37
num of flexible agents: 3
num of flexible tasks: 106
Solving time: 0.000909812 seconds
plan limit 979
current timestep 38
num of flexible agents: 4
num of flexible tasks: 110
Solving time: 0.000437132 seconds
plan limit 980
current timestep 39
num of flexible agents: 5
num of flexible tasks: 113
Solving time: 0.000296942 seconds
plan limit 980
current timestep 40
num of flexible agents: 7
num of flexible tasks: 117
Solving time: 0.000445539 seconds
plan limit 980
current timestep 41
num of flexible agents: 9
num of flexible tasks: 120
Solving time: 0.000449905 seconds
plan limit 980
current timestep 42
num of flexible agents: 7
num of flexible tasks: 121
Solving time: 0.000307374 seconds
plan limit 980
current timestep 43
num of flexible agents: 7
num of flexible tasks: 124
Solving time: 0.000439379 seconds
plan limit 980
current timestep 44
num of flexible agents: 4
num of flexible tasks: 126
Solving time: 0.000448016 seconds
plan limit 980
current timestep 45
num of flexible agents: 4
num of flexible tasks: 129
Solving time: 0.000289979 seconds
plan limit 980
current timestep 46
num of flexible agents: 3
num of flexible tasks: 130
Solving time: 0.00114743 seconds
plan limit 979
current timestep 47
num of flexible agents: 3
num of flexible tasks: 133
Solving time: 0.00109015 seconds
plan limit 979
current timestep 48
num of flexible agents: 3
num of flexible tasks: 137
Solving time: 0.000902375 seconds
plan limit 979
current timestep 49
num of flexible agents: 6
num of flexible tasks: 141
Solving time: 0.000453716 seconds
plan limit 980
current timestep 50
num of flexible agents: 2
num of flexible tasks: 141
Solving time: 0.000874957 seconds
plan limit 979
current timestep 51
num of flexible agents: 3
num of flexible tasks: 145
Solving time: 0.00109634 seconds
plan limit 979
current timestep 52
num of flexible agents: 2
num of flexible tasks: 148
Solving time: 0.0010296 seconds
plan limit 979
current timestep 53
num of flexible agents: 2
num of flexible tasks: 152
Solving time: 0.000808685 seconds
plan limit 980
current timestep 54
num of flexible agents: 4
num of flexible tasks: 155
Solving time: 0.000273599 seconds
plan limit 980
current timestep 55
num of flexible agents: 2
num of flexible tasks: 157
Solving time: 0.000990947 seconds
plan limit 979
current timestep 56
num of flexible agents: 3
num of flexible tasks: 161
Solving time: 0.00108941 seconds
plan limit 979
current timestep 57
num of flexible agents: 1
num of flexible tasks: 164
Solving time: 0.000620423 seconds
plan limit 980
current timestep 58
num of flexible agents: 4
num of flexible tasks: 168
Solving time: 0.000429944 seconds
plan limit 980
current timestep 59
num of flexible agents: 2
num of flexible tasks: 169
Solving time: 0.000800018 seconds
plan limit 980
current timestep 60
num of flexible agents: 6
num of flexible tasks: 172
Solving time: 0.000334149 seconds
plan limit 980
current timestep 61
num of flexible agents: 6
num of flexible tasks: 176
Solving time: 0.000453249 seconds
plan limit 980
current timestep 62
num of flexible agents: 4
num of flexible tasks: 177
Solving time: 0.00103078 seconds
plan limit 979
current timestep 63
num of flexible agents: 2
num of flexible tasks: 180
Solving time: 0.000942205 seconds
plan limit 979
current timestep 64
num of flexible agents: 4
num of flexible tasks: 184
Solving time: 0.000854193 seconds
plan limit 980
current timestep 65
num of flexible agents: 2
num of flexible tasks: 187
Solving time: 0.000943634 seconds
plan limit 979
current timestep 66
num of flexible agents: 5
num of flexible tasks: 190
Solving time: 0.00029937 seconds
plan limit 980
current timestep 67
num of flexible agents: 3
num of flexible tasks: 192
Solving time: 0.000916659 seconds
plan limit 979
current timestep 68
num of flexible agents: 3
num of flexible tasks: 196
Solving time: 0.000942957 seconds
plan limit 979
current timestep 69
num of flexible agents: 2
num of flexible tasks: 198
Solving time: 0.000827985 seconds
plan limit 979
current timestep 70
num of flexible agents: 2
num of flexible tasks: 201
Solving time: 0.000989172 seconds
plan limit 979
current timestep 71
num of flexible agents: 3
num of flexible tasks: 205
Solving time: 0.000767007 seconds
plan limit 980
current timestep 72
num of flexible agents: 2
num of flexible tasks: 208
Solving time: 0.00101799 seconds
plan limit 979
current timestep 73
num of flexible agents: 3
num of flexible tasks: 212
Solving time: 0.000770632 seconds
plan limit 980
current timestep 74
num of flexible agents: 3
num of flexible tasks: 214
Solving time: 0.000924892 seconds
plan limit 979
current timestep 75
num of flexible agents: 3
num of flexible tasks: 216
Solving time: 0.000781001 seconds
plan limit 980
current timestep 76
num of flexible agents: 2
num of flexible tasks: 218
Solving time: 0.000969931 seconds
plan limit 979
current timestep 77
num of flexible agents: 6
num of flexible tasks: 221
Solving time: 0.000305235 seconds
plan limit 980
current timestep 78
num of flexible agents: 2
num of flexible tasks: 221
Solving time: 0.000967917 seconds
plan limit 979
current timestep 79
num of flexible agents: 4
num of flexible tasks: 225
Solving time: 0.000879672 seconds
plan limit 980
current timestep 80
num of flexible agents: 2
num of flexible tasks: 228
Solving time: 0.000967025 seconds
plan limit 979
current timestep 81
num of flexible agents: 2
num of flexible tasks: 231
Solving time: 0.000803586 seconds
plan limit 980
current timestep 82
num of flexible agents: 2
num of flexible tasks: 234
Solving time: 0.000978814 seconds
plan limit 979
current timestep 83
num of flexible agents: 3
num of flexible tasks: 237
Solving time: 0.00083829 seconds
plan limit 980
current timestep 84
num of flexible agents: 5
num of flexible tasks: 239
Solving time: 0.000427482 seconds
plan limit 980
current timestep 85
num of flexible agents: 1
num of flexible tasks: 239
Solving time: 0.000689215 seconds
plan limit 980
current timestep 86
num of flexible agents: 3
num of flexible tasks: 243
Solving time: 0.00100193 seconds
plan limit 979
current timestep 87
num of flexible agents: 3
num of flexible tasks: 245
Solving time: 0.000863967 seconds
plan limit 979
current timestep 88
num of flexible agents: 2
num of flexible tasks: 247
Solving time: 0.000756666 seconds
plan limit 980
current timestep 89
num of flexible agents: 3
num of flexible tasks: 250
Solving time: 0.0010067 seconds
plan limit 979
current timestep 90
num of flexible agents: 0
num of flexible tasks: 252
Solving time: 0.000231952 seconds
plan limit 980
current timestep 91
num of flexible agents: 3
num of flexible tasks: 257
Solving time: 0.00103948 seconds
plan limit 979
current timestep 92
num of flexible agents: 1
num of flexible tasks: 259
Solving time: 0.000668526 seconds
plan limit 980
current timestep 93
num of flexible agents: 0
num of flexible tasks: 263
Solving time: 0.000348996 seconds
plan limit 980
current timestep 94
num of flexible agents: 3
num of flexible tasks: 268
Solving time: 0.000834392 seconds
plan limit 980
current timestep 95
num of flexible agents: 5
num of flexible tasks: 272
Solving time: 0.00104606 seconds
plan limit 979
current timestep 96
num of flexible agents: 2
num of flexible tasks: 272
Solving time: 0.000763688 seconds
plan limit 980
current timestep 97
num of flexible agents: 2
num of flexible tasks: 275
Solving time: 0.000913414 seconds
plan limit 979
current timestep 98
num of flexible agents: 1
num of flexible tasks: 278
Solving time: 0.000614509 seconds
plan limit 980
current timestep 99
num of flexible agents: 4
num of flexible tasks: 282
Solving time: 0.000933139 seconds
plan limit 979
current timestep 100
num of flexible agents: 2
num of flexible tasks: 279
Solving time: 0.000734108 seconds
plan limit 980
current timestep 101
num of flexible agents: 1
num of flexible tasks: 277
Solving time: 0.000639851 seconds
plan limit 980
current timestep 102
num of flexible agents: 4
num of flexible tasks: 276
Solving time: 0.000957798 seconds
plan limit 979
current timestep 103
num of flexible agents: 0
num of flexible tasks: 272
Solving time: 0.000213439 seconds
plan limit 980
current timestep 104
num of flexible agents: 2
num of flexible tasks: 272
Solving time: 0.000892779 seconds
plan limit 979
current timestep 105
num of flexible agents: 6
num of flexible tasks: 271
Solving time: 0.000913562 seconds
plan limit 979
current timestep 106
num of flexible agents: 2
num of flexible tasks: 266
Solving time: 0.000919113 seconds
plan limit 979
current timestep 107
num of flexible agents: 2
num of flexible tasks: 264
Solving time: 0.000758007 seconds
plan limit 980
current timestep 108
num of flexible agents: 4
num of flexible tasks: 264
Solving time: 0.00095582 seconds
plan limit 979
current timestep 109
num of flexible agents: 1
num of flexible tasks: 261
Solving time: 0.00070368 seconds
plan limit 980
current timestep 110
num of flexible agents: 2
num of flexible tasks: 260
Solving time: 0.000790812 seconds
plan limit 980
current timestep 111
num of flexible agents: 2
num of flexible tasks: 258
Solving time: 0.000900557 seconds
plan limit 979
current timestep 112
num of flexible agents: 4
num of flexible tasks: 256
Solving time: 0.000797854 seconds
plan limit 980
current timestep 113
num of flexible agents: 3
num of flexible tasks: 252
Solving time: 0.000985696 seconds
plan limit 979
current timestep 114
num of flexible agents: 2
num of flexible tasks: 250
Solving time: 0.000900778 seconds
plan limit 979
current timestep 115
num of flexible agents: 4
num of flexible tasks: 248
Solving time: 0.000799038 seconds
plan limit 980
current timestep 116
num of flexible agents: 4
num of flexible tasks: 245
Solving time: 0.000813957 seconds
plan limit 980
current timestep 117
num of flexible agents: 4
num of flexible tasks: 242
Solving time: 0.000967986 seconds
plan limit 979
current timestep 118
num of flexible agents: 4
num of flexible tasks: 240
Solving time: 0.000844554 seconds
plan limit 980
current timestep 119
num of flexible agents: 2
num of flexible tasks: 238
Solving time: 0.000907455 seconds
plan limit 979
current timestep 120
num of flexible agents: 4
num of flexible tasks: 236
Solving time: 0.000794892 seconds
plan limit 980
current timestep 121
num of flexible agents: 0
num of flexible tasks: 232
Solving time: 0.000218301 seconds
plan limit 980
current timestep 122
num of flexible agents: 4
num of flexible tasks: 232
Solving time: 0.000961153 seconds
plan limit 979
current timestep 123
num of flexible agents: 3
num of flexible tasks: 229
Solving time: 0.000834443 seconds
plan limit 980
current timestep 124
num of flexible agents: 0
num of flexible tasks: 226
Solving time: 0.000342509 seconds
plan limit 980
current timestep 125
num of flexible agents: 4
num of flexible tasks: 226
Solving time: 0.000808397 seconds
plan limit 980
current timestep 126
num of flexible agents: 3
num of flexible tasks: 222
Solving time: 0.000986012 seconds
plan limit 979
current timestep 127
num of flexible agents: 2
num of flexible tasks: 219
Solving time: 0.000763758 seconds
plan limit 980
current timestep 128
num of flexible agents: 4
num of flexible tasks: 218
Solving time: 0.000814585 seconds
plan limit 980
current timestep 129
num of flexible agents: 5
num of flexible tasks: 217
Solving time: 0.00101587 seconds
plan limit 979
current timestep 130
num of flexible agents: 0
num of flexible tasks: 212
Solving time: 0.000221196 seconds
plan limit 980
current timestep 131
num of flexible agents: 4
num of flexible tasks: 212
Solving time: 0.000989907 seconds
plan limit 979
current timestep 132
num of flexible agents: 6
num of flexible tasks: 210
Solving time: 0.000902355 seconds
plan limit 979
current timestep 133
num of flexible agents: 5
num of flexible tasks: 208
Solving time: 0.00103423 seconds
plan limit 979
current timestep 134
num of flexible agents: 2
num of flexible tasks: 204
Solving time: 0.000785141 seconds
plan limit 980
current timestep 135
num of flexible agents: 3
num of flexible tasks: 203
Solving time: 0.00101064 seconds
plan limit 979
current timestep 136
num of flexible agents: 7
num of flexible tasks: 202
Solving time: 0.000316313 seconds
plan limit 980
current timestep 137
num of flexible agents: 5
num of flexible tasks: 198
Solving time: 0.000860656 seconds
plan limit 980
current timestep 138
num of flexible agents: 6
num of flexible tasks: 196
Solving time: 0.00101606 seconds
plan limit 979
current timestep 139
num of flexible agents: 5
num of flexible tasks: 191
Solving time: 0.000912809 seconds
plan limit 979
current timestep 140
num of flexible agents: 7
num of flexible tasks: 188
Solving time: 0.00043559 seconds
plan limit 980
current timestep 141
num of flexible agents: 5
num of flexible tasks: 185
Solving time: 0.000898197 seconds
plan limit 979
current timestep 142
num of flexible agents: 4
num of flexible tasks: 182
Solving time: 0.000830216 seconds
plan limit 980
current timestep 143
num of flexible agents: 3
num of flexible tasks: 180
Solving time: 0.00103578 seconds
plan limit 979
current timestep 144
num of flexible agents: 2
num of flexible tasks: 178
Solving time: 0.000785479 seconds
plan limit 980
current timestep 145
num of flexible agents: 7
num of flexible tasks: 178
Solving time: 0.000451908 seconds
plan limit 980
current timestep 146
num of flexible agents: 4
num of flexible tasks: 174
Solving time: 0.000993655 seconds
plan limit 979
current timestep 147
num of flexible agents: 4
num of flexible tasks: 171
Solving time: 0.00100532 seconds
plan limit 979
current timestep 148
num of flexible agents: 6
num of flexible tasks: 171
Solving time: 0.000885926 seconds
plan limit 979
current timestep 149
num of flexible agents: 4
num of flexible tasks: 168
Solving time: 0.000853245 seconds
plan limit 980
current timestep 150
num of flexible agents: 3
num of flexible tasks: 166
Solving time: 0.000890278 seconds
plan limit 979
current timestep 151
num of flexible agents: 4
num of flexible tasks: 165
Solving time: 0.000830065 seconds
plan limit 980
current timestep 152
num of flexible agents: 4
num of flexible tasks: 163
Solving time: 0.000999463 seconds
plan limit 979
current timestep 153
num of flexible agents: 8
num of flexible tasks: 163
Solving time: 0.000293818 seconds
plan limit 980
current timestep 154
num of flexible agents: 2
num of flexible tasks: 156
Solving time: 0.000952768 seconds
plan limit 979
current timestep 155
num of flexible agents: 2
num of flexible tasks: 155
Solving time: 0.000800891 seconds
plan limit 980
current timestep 156
num of flexible agents: 3
num of flexible tasks: 154
Solving time: 0.00107958 seconds
plan limit 979
current timestep 157
num of flexible agents: 6
num of flexible tasks: 153
Solving time: 0.000332209 seconds
plan limit 980
current timestep 158
num of flexible agents: 2
num of flexible tasks: 148
Solving time: 0.000994659 seconds
plan limit 979
current timestep 159
num of flexible agents: 5
num of flexible tasks: 148
Solving time: 0.000867838 seconds
plan limit 980
current timestep 160
num of flexible agents: 6
num of flexible tasks: 146
Solving time: 0.00029665 seconds
plan limit 980
current timestep 161
num of flexible agents: 8
num of flexible tasks: 145
Solving time: 0.000468555 seconds
plan limit 980
current timestep 162
num of flexible agents: 7
num of flexible tasks: 142
Solving time: 0.000328646 seconds
plan limit 980
current timestep 163
num of flexible agents: 7
num of flexible tasks: 140
Solving time: 0.000462985 seconds
plan limit 980
current timestep 164
num of flexible agents: 3
num of flexible tasks: 135
Solving time: 0.000907235 seconds
plan limit 979
current timestep 165
num of flexible agents: 5
num of flexible tasks: 134
Solving time: 0.00088649 seconds
plan limit 979
current timestep 166
num of flexible agents: 6
num of flexible tasks: 133
Solving time: 0.000312985 seconds
plan limit 980
current timestep 167
num of flexible agents: 6
num of flexible tasks: 131
Solving time: 0.000457426 seconds
plan limit 980
current timestep 168
num of flexible agents: 11
num of flexible tasks: 130
Solving time: 0.000340215 seconds
plan limit 980
current timestep 169
num of flexible agents: 7
num of flexible tasks: 124
Solving time: 0.000476774 seconds
plan limit 980
current timestep 170
num of flexible agents: 8
num of flexible tasks: 123
Solving time: 0.000355499 seconds
plan limit 980
current timestep 171
num of flexible agents: 8
num of flexible tasks: 121
Solving time: 0.000504698 seconds
plan limit 980
current timestep 172
num of flexible agents: 6
num of flexible tasks: 119
Solving time: 0.000344595 seconds
plan limit 980
current timestep 173
num of flexible agents: 8
num of flexible tasks: 116
Solving time: 0.000334079 seconds
plan limit 980
current timestep 174
num of flexible agents: 4
num of flexible tasks: 111
Solving time: 0.000906397 seconds
plan limit 979
current timestep 175
num of flexible agents: 4
num of flexible tasks: 109
Solving time: 0.00108141 seconds
plan limit 979
current timestep 176
num of flexible agents: 5
num of flexible tasks: 108
Solving time: 0.000889246 seconds
plan limit 980
current timestep 177
num of flexible agents: 9
num of flexible tasks: 106
Solving time: 0.000508683 seconds
plan limit 980
current timestep 178
num of flexible agents: 7
num of flexible tasks: 104
Solving time: 0.000324669 seconds
plan limit 980
current timestep 179
num of flexible agents: 8
num of flexible tasks: 103
Solving time: 0.000332073 seconds
plan limit 980
current timestep 180
num of flexible agents: 6
num of flexible tasks: 100
Solving time: 0.000473051 seconds
plan limit 980
current timestep 181
num of flexible agents: 6
num of flexible tasks: 98
Solving time: 0.000346883 seconds
plan limit 980
current timestep 182
num of flexible agents: 10
num of flexible tasks: 98
Solving time: 0.00049149 seconds
plan limit 980
current timestep 183
num of flexible agents: 10
num of flexible tasks: 96
Solving time: 0.000337857 seconds
plan limit 980
current timestep 184
num of flexible agents: 10
num of flexible tasks: 95
Solving time: 0.000506814 seconds
plan limit 980
current timestep 185
num of flexible agents: 7
num of flexible tasks: 90
Solving time: 0.00045428 seconds
plan limit 980
current timestep 186
num of flexible agents: 8
num of flexible tasks: 87
Solving time: 0.000358956 seconds
plan limit 980
current timestep 187
num of flexible agents: 7
num of flexible tasks: 85
Solving time: 0.000517996 seconds
plan limit 980
current timestep 188
num of flexible agents: 10
num of flexible tasks: 84
Solving time: 0.000352967 seconds
plan limit 980
current timestep 189
num of flexible agents: 10
num of flexible tasks: 83
Solving time: 0.00050704 seconds
plan limit 980
current timestep 190
num of flexible agents: 9
num of flexible tasks: 81
Solving time: 0.000521981 seconds
plan limit 980
current timestep 191
num of flexible agents: 9
num of flexible tasks: 78
Solving time: 0.000504023 seconds
plan limit 980
current timestep 192
num of flexible agents: 8
num of flexible tasks: 76
Solving time: 0.000364842 seconds
plan limit 980
current timestep 193
num of flexible agents: 10
num of flexible tasks: 75
Solving time: 0.000499268 seconds
plan limit 980
current timestep 194
num of flexible agents: 10
num of flexible tasks: 73
Solving time: 0.000360274 seconds
plan limit 980
current timestep 195
num of flexible agents: 8
num of flexible tasks: 71
Solving time: 0.000473769 seconds
plan limit 980
current timestep 196
num of flexible agents: 9
num of flexible tasks: 70
Solving time: 0.000350798 seconds
plan limit 980
current timestep 197
num of flexible agents: 8
num of flexible tasks: 69
Solving time: 0.00050022 seconds
plan limit 980
current timestep 198
num of flexible agents: 9
num of flexible tasks: 67
Solving time: 0.000477134 seconds
plan limit 980
current timestep 199
num of flexible agents: 8
num of flexible tasks: 66
Solving time: 0.000338877 seconds
plan limit 980
current timestep 200
num of flexible agents: 5
num of flexible tasks: 63
Solving time: 0.00089025 seconds
plan limit 980
current timestep 201
num of flexible agents: 7
num of flexible tasks: 63
Solving time: 0.000462714 seconds
plan limit 980
current timestep 202
num of flexible agents: 5
num of flexible tasks: 60
Solving time: 0.000494546 seconds
plan limit 980
current timestep 203
num of flexible agents: 5
num of flexible tasks: 58
Solving time: 0.000351683 seconds
plan limit 980
current timestep 204
num of flexible agents: 7
num of flexible tasks: 57
Solving time: 0.00047997 seconds
plan limit 980
current timestep 205
num of flexible agents: 9
num of flexible tasks: 56
Solving time: 0.000495972 seconds
plan limit 980
current timestep 206
num of flexible agents: 11
num of flexible tasks: 55
Solving time: 0.000495374 seconds
plan limit 980
current timestep 207
num of flexible agents: 13
num of flexible tasks: 53
Solving time: 0.000491642 seconds
plan limit 980
current timestep 208
num of flexible agents: 13
num of flexible tasks: 53
Solving time: 0.000529694 seconds
plan limit 980
current timestep 209
num of flexible agents: 12
num of flexible tasks: 50
Solving time: 0.000347725 seconds
plan limit 980
current timestep 210
num of flexible agents: 11
num of flexible tasks: 47
Solving time: 0.000379212 seconds
plan limit 980
current timestep 211
num of flexible agents: 14
num of flexible tasks: 46
Solving time: 0.000575795 seconds
plan limit 980
current timestep 212
num of flexible agents: 13
num of flexible tasks: 42
Solving time: 0.000484125 seconds
plan limit 980
current timestep 213
num of flexible agents: 15
num of flexible tasks: 41
Solving time: 0.000613461 seconds
plan limit 980
current timestep 214
num of flexible agents: 17
num of flexible tasks: 41
Solving time: 0.000487227 seconds
plan limit 980
current timestep 215
num of flexible agents: 19
num of flexible tasks: 41
Solving time: 0.000460661 seconds
plan limit 980
current timestep 216
num of flexible agents: 19
num of flexible tasks: 40
Solving time: 0.000624654 seconds
plan limit 980
current timestep 217
num of flexible agents: 18
num of flexible tasks: 38
Solving time: 0.00067607 seconds
plan limit 980
current timestep 218
num of flexible agents: 19
num of flexible tasks: 36
Solving time: 0.000689963 seconds
plan limit 980
current timestep 219
num of flexible agents: 21
num of flexible tasks: 36
Solving time: 0.000735775 seconds
plan limit 980
current timestep 220
num of flexible agents: 22
num of flexible tasks: 36
Solving time: 0.000530144 seconds
plan limit 980
current timestep 221
num of flexible agents: 22
num of flexible tasks: 34
Solving time: 0.00068544 seconds
plan limit 980
current timestep 222
num of flexible agents: 21
num of flexible tasks: 33
Solving time: 0.000478424 seconds
plan limit 980
current timestep 223
num of flexible agents: 24
num of flexible tasks: 32
Solving time: 0.000695666 seconds
plan limit 980
current timestep 224
num of flexible agents: 24
num of flexible tasks: 32
Solving time: 0.000498157 seconds
plan limit 980
current timestep 225
num of flexible agents: 24
num of flexible tasks: 31
Solving time: 0.000639518 seconds
plan limit 980
current timestep 226
num of flexible agents: 23
num of flexible tasks: 29
Solving time: 0.000682696 seconds
plan limit 980
current timestep 227
num of flexible agents: 22
num of flexible tasks: 27
Solving time: 0.000499237 seconds
plan limit 980
current timestep 228
num of flexible agents: 25
num of flexible tasks: 26
Solving time: 0.000621249 seconds
plan limit 980
current timestep 229
num of flexible agents: 24
num of flexible tasks: 23
Solving time: 0.00047256 seconds
plan limit 980
current timestep 230
num of flexible agents: 25
num of flexible tasks: 23
Solving time: 0.000432065 seconds
plan limit 980
current timestep 231
num of flexible agents: 25
num of flexible tasks: 23
Solving time: 0.00057438 seconds
plan limit 980
current timestep 232
num of flexible agents: 22
num of flexible tasks: 20
Solving time: 0.00043061 seconds
plan limit 980
current timestep 233
num of flexible agents: 21
num of flexible tasks: 18
Solving time: 0.000534874 seconds
plan limit 980
current timestep 234
num of flexible agents: 20
num of flexible tasks: 16
Solving time: 0.000396972 seconds
plan limit 980
current timestep 235
num of flexible agents: 19
num of flexible tasks: 14
Solving time: 0.000469498 seconds
plan limit 980
current timestep 236
num of flexible agents: 18
num of flexible tasks: 13
Solving time: 0.000349247 seconds
plan limit 980
current timestep 237
num of flexible agents: 19
num of flexible tasks: 12
Solving time: 0.000471571 seconds
plan limit 980
current timestep 238
num of flexible agents: 21
num of flexible tasks: 12
Solving time: 0.000330585 seconds
plan limit 980
current timestep 239
num of flexible agents: 21
num of flexible tasks: 11
Solving time: 0.000443053 seconds
plan limit 980
current timestep 240
num of flexible agents: 22
num of flexible tasks: 11
Solving time: 0.000285936 seconds
plan limit 980
current timestep 241
num of flexible agents: 20
num of flexible tasks: 9
Solving time: 0.000424459 seconds
plan limit 980
current timestep 242
num of flexible agents: 20
num of flexible tasks: 8
Solving time: 0.000290276 seconds
plan limit 980
current timestep 243
num of flexible agents: 21
num of flexible tasks: 7
Solving time: 0.000390946 seconds
plan limit 980
current timestep 244
num of flexible agents: 22
num of flexible tasks: 6
Solving time: 0.000271729 seconds
plan limit 980
current timestep 245
num of flexible agents: 22
num of flexible tasks: 6
Solving time: 0.000389794 seconds
plan limit 980
current timestep 246
num of flexible agents: 23
num of flexible tasks: 4
Solving time: 0.00024202 seconds
plan limit 980
current timestep 247
num of flexible agents: 22
num of flexible tasks: 3
Solving time: 0.000334825 seconds
plan limit 980
current timestep 248
num of flexible agents: 25
num of flexible tasks: 3
Solving time: 0.000233928 seconds
plan limit 980
current timestep 249
num of flexible agents: 25
num of flexible tasks: 2
Solving time: 0.0011159 seconds
plan limit 979
current timestep 250
num of flexible agents: 25
num of flexible tasks: 2
Solving time: 0.000974065 seconds
plan limit 979
current timestep 251
num of flexible agents: 27
num of flexible tasks: 2
Solving time: 0.00114233 seconds
plan limit 979
current timestep 252
num of flexible agents: 27
num of flexible tasks: 2
Solving time: 0.000987847 seconds
plan limit 979
current timestep 253
num of flexible agents: 28
num of flexible tasks: 1
Solving time: 0.000350991 seconds
plan limit 980
current timestep 254
num of flexible agents: 31
num of flexible tasks: 1
Solving time: 0.000243167 seconds
plan limit 980
current timestep 255
num of flexible agents: 31
num of flexible tasks: 1
Solving time: 0.000279474 seconds
plan limit 980
current timestep 256
num of flexible agents: 35
num of flexible tasks: 1
Solving time: 0.000360518 seconds
plan limit 980
current timestep 257
num of flexible agents: 37
num of flexible tasks: 1
Solving time: 0.000252054 seconds
plan limit 980
current timestep 258
num of flexible agents: 37
num of flexible tasks: 1
Solving time: 0.000244381 seconds
plan limit 980
current timestep 259
num of flexible agents: 37
num of flexible tasks: 1
Solving time: 0.000347624 seconds
plan limit 980
current timestep 260
num of flexible agents: 40
num of flexible tasks: 1
Solving time: 0.000365808 seconds
plan limit 980
current timestep 261
num of flexible agents: 39
num of flexible tasks: 0
Solving time: 0.000190683 seconds
plan limit 980
current timestep 262
num of flexible agents: 41
num of flexible tasks: 0
Solving time: 0.000278339 seconds
plan limit 980
current timestep 263
num of flexible agents: 41
num of flexible tasks: 0
Solving time: 0.000199002 seconds
plan limit 980
current timestep 264
num of flexible agents: 41
num of flexible tasks: 0
Solving time: 0.000270104 seconds
plan limit 980
current timestep 265
num of flexible agents: 43
num of flexible tasks: 0
Solving time: 0.000188927 seconds
plan limit 980
current timestep 266
num of flexible agents: 44
num of flexible tasks: 0
Solving time: 0.000265695 seconds
plan limit 980
current timestep 267
num of flexible agents: 45
num of flexible tasks: 0
Solving time: 0.000200138 seconds
plan limit 980
current timestep 268
num of flexible agents: 45
num of flexible tasks: 0
Solving time: 0.000270603 seconds
plan limit 980
current timestep 269
num of flexible agents: 45
num of flexible tasks: 0
Solving time: 0.000271416 seconds
plan limit 980
current timestep 270
num of flexible agents: 45
num of flexible tasks: 0
Solving time: 0.000190195 seconds
plan limit 980
current timestep 271
num of flexible agents: 45
num of flexible tasks: 0
Solving time: 0.000282079 seconds
plan limit 980
current timestep 272
num of flexible agents: 47
num of flexible tasks: 0
Solving time: 0.000190735 seconds
plan limit 980
current timestep 273
num of flexible agents: 47
num of flexible tasks: 0
Solving time: 0.000283506 seconds
plan limit 980
current timestep 274
num of flexible agents: 48
num of flexible tasks: 0
Solving time: 0.000193223 seconds
plan limit 980
current timestep 275
num of flexible agents: 48
num of flexible tasks: 0
Solving time: 0.000189997 seconds
plan limit 980
current timestep 276
num of flexible agents: 48
num of flexible tasks: 0
Solving time: 0.000197811 seconds
plan limit 980
current timestep 277
num of flexible agents: 48
num of flexible tasks: 0
Solving time: 0.000265575 seconds
plan limit 980
current timestep 278
num of flexible agents: 48
num of flexible tasks: 0
Solving time: 0.000184096 seconds
plan limit 980
current timestep 279
num of flexible agents: 48
num of flexible tasks: 0
Solving time: 0.000273267 seconds
plan limit 980
current timestep 280
num of flexible agents: 48
num of flexible tasks: 0
Solving time: 0.00026588 seconds
plan limit 980
current timestep 281
num of flexible agents: 49
num of flexible tasks: 0
Solving time: 0.000185088 seconds
plan limit 980
current timestep 282
num of flexible agents: 49
num of flexible tasks: 0
Solving time: 0.000193756 seconds
plan limit 980
current timestep 283
num of flexible agents: 49
num of flexible tasks: 0
Solving time: 0.000184839 seconds
plan limit 980
current timestep 284
num of flexible agents: 49
num of flexible tasks: 0
Solving time: 0.000268535 seconds
plan limit 980
current timestep 285
num of flexible agents: 49
num of flexible tasks: 0
Solving time: 0.000222103 seconds
plan limit 980
current timestep 286
num of flexible agents: 49
num of flexible tasks: 0
Solving time: 0.000277651 seconds
plan limit 980
current timestep 287
num of flexible agents: 49
num of flexible tasks: 0
Solving time: 0.00021253 seconds
plan limit 980
current timestep 288
num of flexible agents: 49
num of flexible tasks: 0
Solving time: 0.000200524 seconds
plan limit 980
current timestep 289
num of flexible agents: 49
num of flexible tasks: 0
Solving time: 0.000283041 seconds
plan limit 980
current timestep 290
num of flexible agents: 49
num of flexible tasks: 0
Solving time: 0.000224348 seconds
plan limit 980
All tasks finished at timestep 291
