current timestep 0
num of flexible agents: 50
num of flexible tasks: 2
Solving time: 0.000441239 seconds
plan limit 980
current timestep 1
num of flexible agents: 49
num of flexible tasks: 3
Solving time: 0.000452 seconds
plan limit 980
current timestep 2
num of flexible agents: 49
num of flexible tasks: 5
Solving time: 0.000271359 seconds
plan limit 980
current timestep 3
num of flexible agents: 49
num of flexible tasks: 7
Solving time: 0.000286234 seconds
plan limit 980
current timestep 4
num of flexible agents: 49
num of flexible tasks: 9
Solving time: 0.000394125 seconds
plan limit 980
current timestep 5
num of flexible agents: 48
num of flexible tasks: 10
Solving time: 0.000288309 seconds
plan limit 980
current timestep 6
num of flexible agents: 47
num of flexible tasks: 11
Solving time: 0.000424643 seconds
plan limit 980
current timestep 7
num of flexible agents: 45
num of flexible tasks: 11
Solving time: 0.000308533 seconds
plan limit 980
current timestep 8
num of flexible agents: 44
num of flexible tasks: 12
Solving time: 0.000461518 seconds
plan limit 980
current timestep 9
num of flexible agents: 43
num of flexible tasks: 13
Solving time: 0.000336637 seconds
plan limit 980
current timestep 10
num of flexible agents: 41
num of flexible tasks: 13
Solving time: 0.000438344 seconds
plan limit 980
current timestep 11
num of flexible agents: 41
num of flexible tasks: 15
Solving time: 0.000489897 seconds
plan limit 980
current timestep 12
num of flexible agents: 37
num of flexible tasks: 13
Solving time: 0.000361865 seconds
plan limit 980
current timestep 13
num of flexible agents: 36
num of flexible tasks: 13
Solving time: 0.00037379 seconds
plan limit 980
current timestep 14
num of flexible agents: 34
num of flexible tasks: 13
Solving time: 0.000494255 seconds
plan limit 980
current timestep 15
num of flexible agents: 31
num of flexible tasks: 12
Solving time: 0.000494189 seconds
plan limit 980
current timestep 16
num of flexible agents: 30
num of flexible tasks: 12
Solving time: 0.000390382 seconds
plan limit 980
current timestep 17
num of flexible agents: 30
num of flexible tasks: 14
Solving time: 0.000385932 seconds
plan limit 980
current timestep 18
num of flexible agents: 30
num of flexible tasks: 16
Solving time: 0.000379499 seconds
plan limit 980
current timestep 19
num of flexible agents: 26
num of flexible tasks: 14
Solving time: 0.000587488 seconds
plan limit 980
current timestep 20
num of flexible agents: 26
num of flexible tasks: 15
Solving time: 0.000410187 seconds
plan limit 980
current timestep 21
num of flexible agents: 23
num of flexible tasks: 12
Solving time: 0.000359933 seconds
plan limit 980
current timestep 22
num of flexible agents: 23
num of flexible tasks: 13
Solving time: 0.000484302 seconds
plan limit 980
current timestep 23
num of flexible agents: 22
num of flexible tasks: 14
Solving time: 0.000456408 seconds
plan limit 980
current timestep 24
num of flexible agents: 20
num of flexible tasks: 14
Solving time: 0.000590945 seconds
plan limit 980
current timestep 25
num of flexible agents: 19
num of flexible tasks: 15
Solving time: 0.000596862 seconds
plan limit 980
current timestep 26
num of flexible agents: 18
num of flexible tasks: 15
Solving time: 0.00045378 seconds
plan limit 980
current timestep 27
num of flexible agents: 15
num of flexible tasks: 14
Solving time: 0.000431729 seconds
plan limit 980
current timestep 28
num of flexible agents: 16
num of flexible tasks: 16
Solving time: 0.000614323 seconds
plan limit 980
current timestep 29
num of flexible agents: 15
num of flexible tasks: 17
Solving time: 0.000450562 seconds
plan limit 980
current timestep 30
num of flexible agents: 14
num of flexible tasks: 17
Solving time: 0.000618511 seconds
plan limit 980
current timestep 31
num of flexible agents: 13
num of flexible tasks: 17
Solving time: 0.000428864 seconds
plan limit 980
current timestep 32
num of flexible agents: 10
num of flexible tasks: 16
Solving time: 0.000396612 seconds
plan limit 980
current timestep 33
num of flexible agents: 12
num of flexible tasks: 18
Solving time: 0.000414204 seconds
plan limit 980
current timestep 34
num of flexible agents: 13
num of flexible tasks: 19
Solving time: 0.000401399 seconds
plan limit 980
current timestep 35
num of flexible agents: 12
num of flexible tasks: 17
Solving time: 0.000544397 seconds
plan limit 980
current timestep 36
num of flexible agents: 14
num of flexible tasks: 18
Solving time: 0.000360837 seconds
plan limit 980
current timestep 37
num of flexible agents: 14
num of flexible tasks: 18
Solving time: 0.000536027 seconds
plan limit 980
current timestep 38
num of flexible agents: 11
num of flexible tasks: 15
Solving time: 0.000341531 seconds
plan limit 980
current timestep 39
num of flexible agents: 12
num of flexible tasks: 16
Solving time: 0.000375494 seconds
plan limit 980
current timestep 40
num of flexible agents: 13
num of flexible tasks: 15
Solving time: 0.000592069 seconds
plan limit 980
current timestep 41
num of flexible agents: 14
num of flexible tasks: 15
Solving time: 0.000513613 seconds
plan limit 980
current timestep 42
num of flexible agents: 12
num of flexible tasks: 14
Solving time: 0.000563364 seconds
plan limit 980
current timestep 43
num of flexible agents: 13
num of flexible tasks: 16
Solving time: 0.000415496 seconds
plan limit 980
current timestep 44
num of flexible agents: 13
num of flexible tasks: 18
Solving time: 0.000596678 seconds
plan limit 980
current timestep 45
num of flexible agents: 14
num of flexible tasks: 20
Solving time: 0.000356584 seconds
plan limit 980
current timestep 46
num of flexible agents: 13
num of flexible tasks: 20
Solving time: 0.000367947 seconds
plan limit 980
current timestep 47
num of flexible agents: 11
num of flexible tasks: 20
Solving time: 0.000311014 seconds
plan limit 980
current timestep 48
num of flexible agents: 14
num of flexible tasks: 20
Solving time: 0.000535466 seconds
plan limit 980
current timestep 49
num of flexible agents: 13
num of flexible tasks: 20
Solving time: 0.0003343 seconds
plan limit 980
current timestep 50
num of flexible agents: 10
num of flexible tasks: 19
Solving time: 0.000426632 seconds
plan limit 980
current timestep 51
num of flexible agents: 9
num of flexible tasks: 19
Solving time: 0.000299527 seconds
plan limit 980
current timestep 52
num of flexible agents: 9
num of flexible tasks: 19
Solving time: 0.000296778 seconds
plan limit 980
current timestep 53
num of flexible agents: 10
num of flexible tasks: 19
Solving time: 0.00036133 seconds
plan limit 980
current timestep 54
num of flexible agents: 7
num of flexible tasks: 18
Solving time: 0.000250057 seconds
plan limit 980
current timestep 55
num of flexible agents: 4
num of flexible tasks: 16
Solving time: 0.00026769 seconds
plan limit 980
current timestep 56
num of flexible agents: 2
num of flexible tasks: 16
Solving time: 0.000367075 seconds
plan limit 980
current timestep 57
num of flexible agents: 2
num of flexible tasks: 17
Solving time: 0.000232273 seconds
plan limit 980
current timestep 58
num of flexible agents: 5
num of flexible tasks: 19
Solving time: 0.000433619 seconds
plan limit 980
current timestep 59
num of flexible agents: 7
num of flexible tasks: 19
Solving time: 0.00031128 seconds
plan limit 980
current timestep 60
num of flexible agents: 5
num of flexible tasks: 19
Solving time: 0.000393693 seconds
plan limit 980
current timestep 61
num of flexible agents: 5
num of flexible tasks: 19
Solving time: 0.000255034 seconds
plan limit 980
current timestep 62
num of flexible agents: 5
num of flexible tasks: 20
Solving time: 0.000457418 seconds
plan limit 980
current timestep 63
num of flexible agents: 8
num of flexible tasks: 22
Solving time: 0.00031099 seconds
plan limit 980
current timestep 64
num of flexible agents: 8
num of flexible tasks: 21
Solving time: 0.000485192 seconds
plan limit 980
current timestep 65
num of flexible agents: 6
num of flexible tasks: 20
Solving time: 0.000423283 seconds
plan limit 980
current timestep 66
num of flexible agents: 8
num of flexible tasks: 21
Solving time: 0.00180559 seconds
plan limit 743
current timestep 67
num of flexible agents: 8
num of flexible tasks: 21
Solving time: 0.000363379 seconds
plan limit 980
current timestep 68
num of flexible agents: 11
num of flexible tasks: 23
Solving time: 0.000390295 seconds
plan limit 980
current timestep 69
num of flexible agents: 11
num of flexible tasks: 23
Solving time: 0.000339111 seconds
plan limit 980
current timestep 70
num of flexible agents: 11
num of flexible tasks: 23
Solving time: 0.000500787 seconds
plan limit 980
current timestep 71
num of flexible agents: 11
num of flexible tasks: 24
Solving time: 0.000343409 seconds
plan limit 980
current timestep 72
num of flexible agents: 13
num of flexible tasks: 25
Solving time: 0.000346377 seconds
plan limit 980
current timestep 73
num of flexible agents: 11
num of flexible tasks: 24
Solving time: 0.000326961 seconds
plan limit 980
current timestep 74
num of flexible agents: 13
num of flexible tasks: 25
Solving time: 0.000349217 seconds
plan limit 980
current timestep 75
num of flexible agents: 11
num of flexible tasks: 24
Solving time: 0.000336086 seconds
plan limit 980
current timestep 76
num of flexible agents: 10
num of flexible tasks: 22
Solving time: 0.000313391 seconds
plan limit 980
current timestep 77
num of flexible agents: 8
num of flexible tasks: 22
Solving time: 0.000465872 seconds
plan limit 980
current timestep 78
num of flexible agents: 11
num of flexible tasks: 24
Solving time: 0.000318749 seconds
plan limit 980
current timestep 79
num of flexible agents: 10
num of flexible tasks: 22
Solving time: 0.000343582 seconds
plan limit 980
current timestep 80
num of flexible agents: 10
num of flexible tasks: 23
Solving time: 0.000471723 seconds
plan limit 980
current timestep 81
num of flexible agents: 13
num of flexible tasks: 25
Solving time: 0.000347033 seconds
plan limit 980
current timestep 82
num of flexible agents: 14
num of flexible tasks: 25
Solving time: 0.000502023 seconds
plan limit 980
current timestep 83
num of flexible agents: 14
num of flexible tasks: 24
Solving time: 0.000370361 seconds
plan limit 980
current timestep 84
num of flexible agents: 12
num of flexible tasks: 24
Solving time: 0.000352847 seconds
plan limit 980
current timestep 85
num of flexible agents: 12
num of flexible tasks: 25
Solving time: 0.000340249 seconds
plan limit 980
current timestep 86
num of flexible agents: 11
num of flexible tasks: 24
Solving time: 0.000502149 seconds
plan limit 980
current timestep 87
num of flexible agents: 10
num of flexible tasks: 25
Solving time: 0.000350254 seconds
plan limit 980
current timestep 88
num of flexible agents: 10
num of flexible tasks: 25
Solving time: 0.000370936 seconds
plan limit 980
current timestep 89
num of flexible agents: 11
num of flexible tasks: 26
Solving time: 0.000540136 seconds
plan limit 980
current timestep 90
num of flexible agents: 10
num of flexible tasks: 26
Solving time: 0.000353866 seconds
plan limit 980
current timestep 91
num of flexible agents: 11
num of flexible tasks: 27
Solving time: 0.000357064 seconds
plan limit 980
current timestep 92
num of flexible agents: 12
num of flexible tasks: 28
Solving time: 0.000518133 seconds
plan limit 980
current timestep 93
num of flexible agents: 12
num of flexible tasks: 28
Solving time: 0.00037604 seconds
plan limit 980
current timestep 94
num of flexible agents: 11
num of flexible tasks: 28
Solving time: 0.000513678 seconds
plan limit 980
current timestep 95
num of flexible agents: 12
num of flexible tasks: 29
Solving time: 0.000415239 seconds
plan limit 980
current timestep 96
num of flexible agents: 13
num of flexible tasks: 31
Solving time: 0.00050594 seconds
plan limit 980
current timestep 97
num of flexible agents: 11
num of flexible tasks: 31
Solving time: 0.000378699 seconds
plan limit 980
current timestep 98
num of flexible agents: 10
num of flexible tasks: 31
Solving time: 0.000360253 seconds
plan limit 980
current timestep 99
num of flexible agents: 10
num of flexible tasks: 32
Solving time: 0.000337503 seconds
plan limit 980
current timestep 100
num of flexible agents: 10
num of flexible tasks: 32
Solving time: 0.000490594 seconds
plan limit 980
current timestep 101
num of flexible agents: 8
num of flexible tasks: 30
Solving time: 0.000303969 seconds
plan limit 980
current timestep 102
num of flexible agents: 7
num of flexible tasks: 28
Solving time: 0.000339012 seconds
plan limit 980
current timestep 103
num of flexible agents: 8
num of flexible tasks: 28
Solving time: 0.000477442 seconds
plan limit 980
current timestep 104
num of flexible agents: 11
num of flexible tasks: 29
Solving time: 0.000323305 seconds
plan limit 980
current timestep 105
num of flexible agents: 13
num of flexible tasks: 31
Solving time: 0.000502178 seconds
plan limit 980
current timestep 106
num of flexible agents: 11
num of flexible tasks: 29
Solving time: 0.00036891 seconds
plan limit 980
current timestep 107
num of flexible agents: 9
num of flexible tasks: 29
Solving time: 0.000465266 seconds
plan limit 980
current timestep 108
num of flexible agents: 11
num of flexible tasks: 29
Solving time: 0.000516812 seconds
plan limit 980
current timestep 109
num of flexible agents: 10
num of flexible tasks: 29
Solving time: 0.00035077 seconds
plan limit 980
current timestep 110
num of flexible agents: 10
num of flexible tasks: 29
Solving time: 0.000385538 seconds
plan limit 980
current timestep 111
num of flexible agents: 9
num of flexible tasks: 29
Solving time: 0.000456659 seconds
plan limit 980
current timestep 112
num of flexible agents: 12
num of flexible tasks: 30
Solving time: 0.000343432 seconds
plan limit 980
current timestep 113
num of flexible agents: 10
num of flexible tasks: 29
Solving time: 0.000486279 seconds
plan limit 980
current timestep 114
num of flexible agents: 7
num of flexible tasks: 26
Solving time: 0.000497224 seconds
plan limit 980
current timestep 115
num of flexible agents: 7
num of flexible tasks: 25
Solving time: 0.00034951 seconds
plan limit 980
current timestep 116
num of flexible agents: 7
num of flexible tasks: 25
Solving time: 0.000338382 seconds
plan limit 980
current timestep 117
num of flexible agents: 8
num of flexible tasks: 25
Solving time: 0.000499322 seconds
plan limit 980
current timestep 118
num of flexible agents: 11
num of flexible tasks: 27
Solving time: 0.000386617 seconds
plan limit 980
current timestep 119
num of flexible agents: 13
num of flexible tasks: 29
Solving time: 0.000392413 seconds
plan limit 980
current timestep 120
num of flexible agents: 9
num of flexible tasks: 27
Solving time: 0.000511701 seconds
plan limit 980
current timestep 121
num of flexible agents: 10
num of flexible tasks: 28
Solving time: 0.000376589 seconds
plan limit 980
current timestep 122
num of flexible agents: 9
num of flexible tasks: 28
Solving time: 0.000501061 seconds
plan limit 980
current timestep 123
num of flexible agents: 10
num of flexible tasks: 29
Solving time: 0.000537683 seconds
plan limit 980
current timestep 124
num of flexible agents: 11
num of flexible tasks: 30
Solving time: 0.000345018 seconds
plan limit 980
current timestep 125
num of flexible agents: 14
num of flexible tasks: 32
Solving time: 0.000556237 seconds
plan limit 980
current timestep 126
num of flexible agents: 15
num of flexible tasks: 33
Solving time: 0.00038956 seconds
plan limit 980
current timestep 127
num of flexible agents: 15
num of flexible tasks: 32
Solving time: 0.000410007 seconds
plan limit 980
current timestep 128
num of flexible agents: 14
num of flexible tasks: 32
Solving time: 0.000574274 seconds
plan limit 980
current timestep 129
num of flexible agents: 11
num of flexible tasks: 30
Solving time: 0.000367489 seconds
plan limit 980
current timestep 130
num of flexible agents: 12
num of flexible tasks: 31
Solving time: 0.000552891 seconds
plan limit 980
current timestep 131
num of flexible agents: 14
num of flexible tasks: 30
Solving time: 0.000357002 seconds
plan limit 980
current timestep 132
num of flexible agents: 12
num of flexible tasks: 28
Solving time: 0.000492937 seconds
plan limit 980
current timestep 133
num of flexible agents: 15
num of flexible tasks: 29
Solving time: 0.000407862 seconds
plan limit 980
current timestep 134
num of flexible agents: 15
num of flexible tasks: 29
Solving time: 0.000374739 seconds
plan limit 980
current timestep 135
num of flexible agents: 16
num of flexible tasks: 30
Solving time: 0.000506265 seconds
plan limit 980
current timestep 136
num of flexible agents: 14
num of flexible tasks: 30
Solving time: 0.000370501 seconds
plan limit 980
current timestep 137
num of flexible agents: 9
num of flexible tasks: 24
Solving time: 0.000381207 seconds
plan limit 980
current timestep 138
num of flexible agents: 10
num of flexible tasks: 25
Solving time: 0.00048953 seconds
plan limit 980
current timestep 139
num of flexible agents: 12
num of flexible tasks: 26
Solving time: 0.000349993 seconds
plan limit 980
current timestep 140
num of flexible agents: 12
num of flexible tasks: 26
Solving time: 0.000484964 seconds
plan limit 980
current timestep 141
num of flexible agents: 9
num of flexible tasks: 25
Solving time: 0.000328191 seconds
plan limit 980
current timestep 142
num of flexible agents: 8
num of flexible tasks: 25
Solving time: 0.000461362 seconds
plan limit 980
current timestep 143
num of flexible agents: 7
num of flexible tasks: 25
Solving time: 0.000310521 seconds
plan limit 980
current timestep 144
num of flexible agents: 5
num of flexible tasks: 24
Solving time: 0.000321497 seconds
plan limit 980
current timestep 145
num of flexible agents: 6
num of flexible tasks: 25
Solving time: 0.000333875 seconds
plan limit 980
current timestep 146
num of flexible agents: 9
num of flexible tasks: 27
Solving time: 0.000515201 seconds
plan limit 980
current timestep 147
num of flexible agents: 9
num of flexible tasks: 28
Solving time: 0.000322105 seconds
plan limit 980
current timestep 148
num of flexible agents: 6
num of flexible tasks: 27
Solving time: 0.000472925 seconds
plan limit 980
current timestep 149
num of flexible agents: 6
num of flexible tasks: 26
Solving time: 0.000357001 seconds
plan limit 980
current timestep 150
num of flexible agents: 7
num of flexible tasks: 28
Solving time: 0.000339206 seconds
plan limit 980
current timestep 151
num of flexible agents: 7
num of flexible tasks: 29
Solving time: 0.00034586 seconds
plan limit 980
current timestep 152
num of flexible agents: 9
num of flexible tasks: 31
Solving time: 0.000492206 seconds
plan limit 980
current timestep 153
num of flexible agents: 9
num of flexible tasks: 33
Solving time: 0.00033703 seconds
plan limit 980
current timestep 154
num of flexible agents: 8
num of flexible tasks: 34
Solving time: 0.000464417 seconds
plan limit 980
current timestep 155
num of flexible agents: 9
num of flexible tasks: 33
Solving time: 0.000337003 seconds
plan limit 980
current timestep 156
num of flexible agents: 12
num of flexible tasks: 35
Solving time: 0.000345844 seconds
plan limit 980
current timestep 157
num of flexible agents: 14
num of flexible tasks: 37
Solving time: 0.000503731 seconds
plan limit 980
current timestep 158
num of flexible agents: 13
num of flexible tasks: 37
Solving time: 0.000370334 seconds
plan limit 980
current timestep 159
num of flexible agents: 14
num of flexible tasks: 37
Solving time: 0.000556402 seconds
plan limit 980
current timestep 160
num of flexible agents: 13
num of flexible tasks: 35
Solving time: 0.000382841 seconds
plan limit 980
current timestep 161
num of flexible agents: 15
num of flexible tasks: 36
Solving time: 0.000541657 seconds
plan limit 980
current timestep 162
num of flexible agents: 15
num of flexible tasks: 37
Solving time: 0.000368815 seconds
plan limit 980
current timestep 163
num of flexible agents: 12
num of flexible tasks: 34
Solving time: 0.000353697 seconds
plan limit 980
current timestep 164
num of flexible agents: 11
num of flexible tasks: 33
Solving time: 0.000345654 seconds
plan limit 980
current timestep 165
num of flexible agents: 6
num of flexible tasks: 29
Solving time: 0.000481782 seconds
plan limit 980
current timestep 166
num of flexible agents: 10
num of flexible tasks: 31
Solving time: 0.000353007 seconds
plan limit 980
current timestep 167
num of flexible agents: 11
num of flexible tasks: 31
Solving time: 0.00034598 seconds
plan limit 980
current timestep 168
num of flexible agents: 15
num of flexible tasks: 32
Solving time: 0.000521213 seconds
plan limit 980
current timestep 169
num of flexible agents: 14
num of flexible tasks: 33
Solving time: 0.000345814 seconds
plan limit 980
current timestep 170
num of flexible agents: 13
num of flexible tasks: 33
Solving time: 0.000347585 seconds
plan limit 980
current timestep 171
num of flexible agents: 12
num of flexible tasks: 33
Solving time: 0.000510128 seconds
plan limit 980
current timestep 172
num of flexible agents: 11
num of flexible tasks: 33
Solving time: 0.0003668 seconds
plan limit 980
current timestep 173
num of flexible agents: 12
num of flexible tasks: 32
Solving time: 0.000366723 seconds
plan limit 980
current timestep 174
num of flexible agents: 8
num of flexible tasks: 30
Solving time: 0.000318059 seconds
plan limit 980
current timestep 175
num of flexible agents: 7
num of flexible tasks: 29
Solving time: 0.000321404 seconds
plan limit 980
current timestep 176
num of flexible agents: 8
num of flexible tasks: 31
Solving time: 0.000311724 seconds
plan limit 980
current timestep 177
num of flexible agents: 5
num of flexible tasks: 30
Solving time: 0.000466368 seconds
plan limit 980
current timestep 178
num of flexible agents: 7
num of flexible tasks: 31
Solving time: 0.000298324 seconds
plan limit 980
current timestep 179
num of flexible agents: 7
num of flexible tasks: 31
Solving time: 0.000436993 seconds
plan limit 980
current timestep 180
num of flexible agents: 9
num of flexible tasks: 30
Solving time: 0.000339704 seconds
plan limit 980
current timestep 181
num of flexible agents: 7
num of flexible tasks: 30
Solving time: 0.000454771 seconds
plan limit 980
current timestep 182
num of flexible agents: 10
num of flexible tasks: 31
Solving time: 0.00034196 seconds
plan limit 980
current timestep 183
num of flexible agents: 8
num of flexible tasks: 30
Solving time: 0.000434444 seconds
plan limit 980
current timestep 184
num of flexible agents: 11
num of flexible tasks: 32
Solving time: 0.000358439 seconds
plan limit 980
current timestep 185
num of flexible agents: 14
num of flexible tasks: 32
Solving time: 0.000364139 seconds
plan limit 980
current timestep 186
num of flexible agents: 10
num of flexible tasks: 29
Solving time: 0.000551541 seconds
plan limit 980
current timestep 187
num of flexible agents: 9
num of flexible tasks: 29
Solving time: 0.000482358 seconds
plan limit 980
current timestep 188
num of flexible agents: 9
num of flexible tasks: 30
Solving time: 0.000387226 seconds
plan limit 980
current timestep 189
num of flexible agents: 9
num of flexible tasks: 30
Solving time: 0.000338166 seconds
plan limit 980
current timestep 190
num of flexible agents: 10
num of flexible tasks: 31
Solving time: 0.000489039 seconds
plan limit 980
current timestep 191
num of flexible agents: 10
num of flexible tasks: 30
Solving time: 0.00035342 seconds
plan limit 980
current timestep 192
num of flexible agents: 10
num of flexible tasks: 31
Solving time: 0.000355367 seconds
plan limit 980
current timestep 193
num of flexible agents: 10
num of flexible tasks: 30
Solving time: 0.000479547 seconds
plan limit 980
current timestep 194
num of flexible agents: 9
num of flexible tasks: 28
Solving time: 0.000335174 seconds
plan limit 980
current timestep 195
num of flexible agents: 6
num of flexible tasks: 26
Solving time: 0.00047999 seconds
plan limit 980
current timestep 196
num of flexible agents: 7
num of flexible tasks: 26
Solving time: 0.000383194 seconds
plan limit 980
current timestep 197
num of flexible agents: 8
num of flexible tasks: 27
Solving time: 0.000489516 seconds
plan limit 980
current timestep 198
num of flexible agents: 7
num of flexible tasks: 28
Solving time: 0.000322785 seconds
plan limit 980
current timestep 199
num of flexible agents: 5
num of flexible tasks: 28
Solving time: 0.000438684 seconds
plan limit 980
current timestep 200
num of flexible agents: 5
num of flexible tasks: 30
Solving time: 0.000308203 seconds
plan limit 980
current timestep 201
num of flexible agents: 2
num of flexible tasks: 29
Solving time: 0.000902567 seconds
plan limit 979
current timestep 202
num of flexible agents: 4
num of flexible tasks: 31
Solving time: 0.000461356 seconds
plan limit 980
current timestep 203
num of flexible agents: 6
num of flexible tasks: 33
Solving time: 0.000323674 seconds
plan limit 980
current timestep 204
num of flexible agents: 7
num of flexible tasks: 34
Solving time: 0.000462118 seconds
plan limit 980
current timestep 205
num of flexible agents: 6
num of flexible tasks: 35
Solving time: 0.000322307 seconds
plan limit 980
current timestep 206
num of flexible agents: 9
num of flexible tasks: 37
Solving time: 0.000336236 seconds
plan limit 980
current timestep 207
num of flexible agents: 6
num of flexible tasks: 35
Solving time: 0.000473461 seconds
plan limit 980
current timestep 208
num of flexible agents: 8
num of flexible tasks: 37
Solving time: 0.000479397 seconds
plan limit 980
current timestep 209
num of flexible agents: 10
num of flexible tasks: 37
Solving time: 0.000337915 seconds
plan limit 980
current timestep 210
num of flexible agents: 10
num of flexible tasks: 36
Solving time: 0.000376476 seconds
plan limit 980
current timestep 211
num of flexible agents: 13
num of flexible tasks: 36
Solving time: 0.000541316 seconds
plan limit 980
current timestep 212
num of flexible agents: 10
num of flexible tasks: 32
Solving time: 0.000509804 seconds
plan limit 980
current timestep 213
num of flexible agents: 9
num of flexible tasks: 33
Solving time: 0.000350463 seconds
plan limit 980
current timestep 214
num of flexible agents: 12
num of flexible tasks: 34
Solving time: 0.000316886 seconds
plan limit 980
current timestep 215
num of flexible agents: 13
num of flexible tasks: 35
Solving time: 0.000344166 seconds
plan limit 980
current timestep 216
num of flexible agents: 9
num of flexible tasks: 32
Solving time: 0.000343943 seconds
plan limit 980
current timestep 217
num of flexible agents: 8
num of flexible tasks: 33
Solving time: 0.000331693 seconds
plan limit 980
current timestep 218
num of flexible agents: 6
num of flexible tasks: 31
Solving time: 0.000455196 seconds
plan limit 980
current timestep 219
num of flexible agents: 9
num of flexible tasks: 31
Solving time: 0.000343258 seconds
plan limit 980
current timestep 220
num of flexible agents: 10
num of flexible tasks: 32
Solving time: 0.000483376 seconds
plan limit 980
current timestep 221
num of flexible agents: 12
num of flexible tasks: 33
Solving time: 0.000372133 seconds
plan limit 980
current timestep 222
num of flexible agents: 14
num of flexible tasks: 35
Solving time: 0.000500574 seconds
plan limit 980
current timestep 223
num of flexible agents: 10
num of flexible tasks: 33
Solving time: 0.000367582 seconds
plan limit 980
current timestep 224
num of flexible agents: 10
num of flexible tasks: 33
Solving time: 0.000358864 seconds
plan limit 980
current timestep 225
num of flexible agents: 10
num of flexible tasks: 33
Solving time: 0.00048922 seconds
plan limit 980
current timestep 226
num of flexible agents: 8
num of flexible tasks: 33
Solving time: 0.000365878 seconds
plan limit 980
current timestep 227
num of flexible agents: 11
num of flexible tasks: 33
Solving time: 0.000519739 seconds
plan limit 980
current timestep 228
num of flexible agents: 11
num of flexible tasks: 33
Solving time: 0.000362291 seconds
plan limit 980
current timestep 229
num of flexible agents: 12
num of flexible tasks: 33
Solving time: 0.000543222 seconds
plan limit 980
current timestep 230
num of flexible agents: 13
num of flexible tasks: 34
Solving time: 0.000362903 seconds
plan limit 980
current timestep 231
num of flexible agents: 13
num of flexible tasks: 32
Solving time: 0.000552348 seconds
plan limit 980
current timestep 232
num of flexible agents: 13
num of flexible tasks: 33
Solving time: 0.000412199 seconds
plan limit 980
current timestep 233
num of flexible agents: 15
num of flexible tasks: 34
Solving time: 0.000396269 seconds
plan limit 980
current timestep 234
num of flexible agents: 16
num of flexible tasks: 35
Solving time: 0.000398095 seconds
plan limit 980
current timestep 235
num of flexible agents: 15
num of flexible tasks: 35
Solving time: 0.000383606 seconds
plan limit 980
current timestep 236
num of flexible agents: 13
num of flexible tasks: 35
Solving time: 0.000489807 seconds
plan limit 980
current timestep 237
num of flexible agents: 11
num of flexible tasks: 34
Solving time: 0.000360016 seconds
plan limit 980
current timestep 238
num of flexible agents: 12
num of flexible tasks: 35
Solving time: 0.00237283 seconds
plan limit 632
current timestep 239
num of flexible agents: 10
num of flexible tasks: 33
Solving time: 0.00052869 seconds
plan limit 980
current timestep 240
num of flexible agents: 11
num of flexible tasks: 34
Solving time: 0.000364918 seconds
plan limit 980
current timestep 241
num of flexible agents: 15
num of flexible tasks: 36
Solving time: 0.000555812 seconds
plan limit 980
current timestep 242
num of flexible agents: 12
num of flexible tasks: 35
Solving time: 0.000392022 seconds
plan limit 980
current timestep 243
num of flexible agents: 15
num of flexible tasks: 37
Solving time: 0.000534125 seconds
plan limit 980
current timestep 244
num of flexible agents: 12
num of flexible tasks: 35
Solving time: 0.00051675 seconds
plan limit 980
current timestep 245
num of flexible agents: 11
num of flexible tasks: 34
Solving time: 0.000372096 seconds
plan limit 980
current timestep 246
num of flexible agents: 10
num of flexible tasks: 34
Solving time: 0.000364075 seconds
plan limit 980
current timestep 247
num of flexible agents: 8
num of flexible tasks: 33
Solving time: 0.000505354 seconds
plan limit 980
current timestep 248
num of flexible agents: 11
num of flexible tasks: 34
Solving time: 0.000359674 seconds
plan limit 980
current timestep 249
num of flexible agents: 8
num of flexible tasks: 33
Solving time: 0.000350179 seconds
plan limit 980
current timestep 250
num of flexible agents: 10
num of flexible tasks: 33
Solving time: 0.000490337 seconds
plan limit 980
current timestep 251
num of flexible agents: 11
num of flexible tasks: 31
Solving time: 0.000380185 seconds
plan limit 980
current timestep 252
num of flexible agents: 12
num of flexible tasks: 31
Solving time: 0.000390495 seconds
plan limit 980
current timestep 253
num of flexible agents: 9
num of flexible tasks: 26
Solving time: 0.000579558 seconds
plan limit 980
current timestep 254
num of flexible agents: 10
num of flexible tasks: 26
Solving time: 0.000400614 seconds
plan limit 980
current timestep 255
num of flexible agents: 11
num of flexible tasks: 26
Solving time: 0.000371136 seconds
plan limit 980
current timestep 256
num of flexible agents: 13
num of flexible tasks: 26
Solving time: 0.00041009 seconds
plan limit 980
current timestep 257
num of flexible agents: 17
num of flexible tasks: 25
Solving time: 0.000594294 seconds
plan limit 980
current timestep 258
num of flexible agents: 18
num of flexible tasks: 23
Solving time: 0.000427174 seconds
plan limit 980
current timestep 259
num of flexible agents: 18
num of flexible tasks: 23
Solving time: 0.000406138 seconds
plan limit 980
current timestep 260
num of flexible agents: 22
num of flexible tasks: 22
Solving time: 0.000527743 seconds
plan limit 980
current timestep 261
num of flexible agents: 23
num of flexible tasks: 21
Solving time: 0.000469727 seconds
plan limit 980
current timestep 262
num of flexible agents: 19
num of flexible tasks: 17
Solving time: 0.000446655 seconds
plan limit 980
current timestep 263
num of flexible agents: 19
num of flexible tasks: 16
Solving time: 0.000444134 seconds
plan limit 980
current timestep 264
num of flexible agents: 20
num of flexible tasks: 15
Solving time: 0.000387349 seconds
plan limit 980
current timestep 265
num of flexible agents: 22
num of flexible tasks: 14
Solving time: 0.000363824 seconds
plan limit 980
current timestep 266
num of flexible agents: 24
num of flexible tasks: 14
Solving time: 0.000364105 seconds
plan limit 980
current timestep 267
num of flexible agents: 21
num of flexible tasks: 10
Solving time: 0.000315885 seconds
plan limit 980
current timestep 268
num of flexible agents: 22
num of flexible tasks: 9
Solving time: 0.000393078 seconds
plan limit 980
current timestep 269
num of flexible agents: 21
num of flexible tasks: 8
Solving time: 0.000297253 seconds
plan limit 980
current timestep 270
num of flexible agents: 20
num of flexible tasks: 5
Solving time: 0.000281282 seconds
plan limit 980
current timestep 271
num of flexible agents: 19
num of flexible tasks: 4
Solving time: 0.000282833 seconds
plan limit 980
current timestep 272
num of flexible agents: 18
num of flexible tasks: 3
Solving time: 0.000242436 seconds
plan limit 980
current timestep 273
num of flexible agents: 20
num of flexible tasks: 3
Solving time: 0.00025895 seconds
plan limit 980
current timestep 274
num of flexible agents: 22
num of flexible tasks: 2
Solving time: 0.000256602 seconds
plan limit 980
current timestep 275
num of flexible agents: 22
num of flexible tasks: 1
Solving time: 0.000267407 seconds
plan limit 980
current timestep 276
num of flexible agents: 26
num of flexible tasks: 1
Solving time: 0.000219082 seconds
plan limit 980
current timestep 277
num of flexible agents: 29
num of flexible tasks: 1
Solving time: 0.000236543 seconds
plan limit 980
current timestep 278
num of flexible agents: 28
num of flexible tasks: 0
Solving time: 0.000216217 seconds
plan limit 980
current timestep 279
num of flexible agents: 29
num of flexible tasks: 0
Solving time: 0.000317098 seconds
plan limit 980
current timestep 280
num of flexible agents: 30
num of flexible tasks: 0
Solving time: 0.000246874 seconds
plan limit 980
current timestep 281
num of flexible agents: 30
num of flexible tasks: 0
Solving time: 0.000220809 seconds
plan limit 980
current timestep 282
num of flexible agents: 31
num of flexible tasks: 0
Solving time: 0.000327581 seconds
plan limit 980
current timestep 283
num of flexible agents: 31
num of flexible tasks: 0
Solving time: 0.000223804 seconds
plan limit 980
current timestep 284
num of flexible agents: 32
num of flexible tasks: 0
Solving time: 0.000338212 seconds
plan limit 980
current timestep 285
num of flexible agents: 34
num of flexible tasks: 0
Solving time: 0.000230462 seconds
plan limit 980
current timestep 286
num of flexible agents: 36
num of flexible tasks: 0
Solving time: 0.000328252 seconds
plan limit 980
current timestep 287
num of flexible agents: 37
num of flexible tasks: 0
Solving time: 0.000238881 seconds
plan limit 980
current timestep 288
num of flexible agents: 38
num of flexible tasks: 0
Solving time: 0.000320713 seconds
plan limit 980
current timestep 289
num of flexible agents: 38
num of flexible tasks: 0
Solving time: 0.000227252 seconds
plan limit 980
current timestep 290
num of flexible agents: 39
num of flexible tasks: 0
Solving time: 0.000326821 seconds
plan limit 980
current timestep 291
num of flexible agents: 40
num of flexible tasks: 0
Solving time: 0.00023148 seconds
plan limit 980
current timestep 292
num of flexible agents: 40
num of flexible tasks: 0
Solving time: 0.00031629 seconds
plan limit 980
current timestep 293
num of flexible agents: 41
num of flexible tasks: 0
Solving time: 0.000222837 seconds
plan limit 980
current timestep 294
num of flexible agents: 42
num of flexible tasks: 0
Solving time: 0.000224203 seconds
plan limit 980
current timestep 295
num of flexible agents: 43
num of flexible tasks: 0
Solving time: 0.00032782 seconds
plan limit 980
current timestep 296
num of flexible agents: 45
num of flexible tasks: 0
Solving time: 0.000320187 seconds
plan limit 980
current timestep 297
num of flexible agents: 46
num of flexible tasks: 0
Solving time: 0.000219543 seconds
plan limit 980
current timestep 298
num of flexible agents: 46
num of flexible tasks: 0
Solving time: 0.000221721 seconds
plan limit 980
current timestep 299
num of flexible agents: 46
num of flexible tasks: 0
Solving time: 0.00022379 seconds
plan limit 980
current timestep 300
num of flexible agents: 48
num of flexible tasks: 0
Solving time: 0.000326767 seconds
plan limit 980
current timestep 301
num of flexible agents: 48
num of flexible tasks: 0
Solving time: 0.000331557 seconds
plan limit 980
current timestep 302
num of flexible agents: 48
num of flexible tasks: 0
Solving time: 0.000223308 seconds
plan limit 980
current timestep 303
num of flexible agents: 48
num of flexible tasks: 0
Solving time: 0.000222567 seconds
plan limit 980
current timestep 304
num of flexible agents: 49
num of flexible tasks: 0
Solving time: 0.000222669 seconds
plan limit 980
current timestep 305
num of flexible agents: 49
num of flexible tasks: 0
Solving time: 0.000217748 seconds
plan limit 980
current timestep 306
num of flexible agents: 49
num of flexible tasks: 0
Solving time: 0.0002251 seconds
plan limit 980
current timestep 307
num of flexible agents: 49
num of flexible tasks: 0
Solving time: 0.000221286 seconds
plan limit 980
current timestep 308
num of flexible agents: 49
num of flexible tasks: 0
Solving time: 0.000219713 seconds
plan limit 980
current timestep 309
num of flexible agents: 49
num of flexible tasks: 0
Solving time: 0.00022108 seconds
plan limit 980
current timestep 310
num of flexible agents: 49
num of flexible tasks: 0
Solving time: 0.000226259 seconds
plan limit 980
current timestep 311
num of flexible agents: 49
num of flexible tasks: 0
Solving time: 0.000224235 seconds
plan limit 980
current timestep 312
num of flexible agents: 49
num of flexible tasks: 0
Solving time: 0.000220995 seconds
plan limit 980
current timestep 313
num of flexible agents: 49
num of flexible tasks: 0
Solving time: 0.000226162 seconds
plan limit 980
current timestep 314
num of flexible agents: 49
num of flexible tasks: 0
Solving time: 0.000329688 seconds
plan limit 980
current timestep 315
num of flexible agents: 49
num of flexible tasks: 0
Solving time: 0.000232608 seconds
plan limit 980
current timestep 316
num of flexible agents: 49
num of flexible tasks: 0
Solving time: 0.000222914 seconds
plan limit 980
All tasks finished at timestep 317
