current timestep 0
num of flexible agents: 80
num of flexible tasks: 5
Solving time: 0.000382699 seconds
plan limit 980
current timestep 1
num of flexible agents: 78
num of flexible tasks: 8
Solving time: 0.00035319 seconds
plan limit 980
current timestep 2
num of flexible agents: 75
num of flexible tasks: 10
Solving time: 0.000448856 seconds
plan limit 980
current timestep 3
num of flexible agents: 73
num of flexible tasks: 13
Solving time: 0.000395991 seconds
plan limit 980
current timestep 4
num of flexible agents: 72
num of flexible tasks: 17
Solving time: 0.000382965 seconds
plan limit 980
current timestep 5
num of flexible agents: 71
num of flexible tasks: 21
Solving time: 0.00041506 seconds
plan limit 980
current timestep 6
num of flexible agents: 68
num of flexible tasks: 23
Solving time: 0.000459474 seconds
plan limit 980
current timestep 7
num of flexible agents: 67
num of flexible tasks: 27
Solving time: 0.000441672 seconds
plan limit 980
current timestep 8
num of flexible agents: 66
num of flexible tasks: 31
Solving time: 0.000439423 seconds
plan limit 980
current timestep 9
num of flexible agents: 64
num of flexible tasks: 34
Solving time: 0.000519087 seconds
plan limit 980
current timestep 10
num of flexible agents: 60
num of flexible tasks: 34
Solving time: 0.000498834 seconds
plan limit 980
current timestep 11
num of flexible agents: 58
num of flexible tasks: 36
Solving time: 0.000463952 seconds
plan limit 980
current timestep 12
num of flexible agents: 50
num of flexible tasks: 33
Solving time: 0.00055231 seconds
plan limit 980
current timestep 13
num of flexible agents: 49
num of flexible tasks: 37
Solving time: 0.000564397 seconds
plan limit 980
current timestep 14
num of flexible agents: 46
num of flexible tasks: 38
Solving time: 0.000518405 seconds
plan limit 980
current timestep 15
num of flexible agents: 40
num of flexible tasks: 37
Solving time: 0.000554968 seconds
plan limit 980
current timestep 16
num of flexible agents: 39
num of flexible tasks: 41
Solving time: 0.000611774 seconds
plan limit 980
current timestep 17
num of flexible agents: 35
num of flexible tasks: 41
Solving time: 0.000544526 seconds
plan limit 980
current timestep 18
num of flexible agents: 34
num of flexible tasks: 44
Solving time: 0.000455653 seconds
plan limit 980
current timestep 19
num of flexible agents: 32
num of flexible tasks: 47
Solving time: 0.000587109 seconds
plan limit 980
current timestep 20
num of flexible agents: 22
num of flexible tasks: 42
Solving time: 0.000384473 seconds
plan limit 980
current timestep 21
num of flexible agents: 17
num of flexible tasks: 41
Solving time: 0.000344257 seconds
plan limit 980
current timestep 22
num of flexible agents: 13
num of flexible tasks: 41
Solving time: 0.000442686 seconds
plan limit 980
current timestep 23
num of flexible agents: 11
num of flexible tasks: 39
Solving time: 0.000334041 seconds
plan limit 980
current timestep 24
num of flexible agents: 11
num of flexible tasks: 42
Solving time: 0.000435286 seconds
plan limit 980
current timestep 25
num of flexible agents: 8
num of flexible tasks: 41
Solving time: 0.000284064 seconds
plan limit 980
current timestep 26
num of flexible agents: 9
num of flexible tasks: 45
Solving time: 0.000316495 seconds
plan limit 980
current timestep 27
num of flexible agents: 8
num of flexible tasks: 48
Solving time: 0.000397771 seconds
plan limit 980
current timestep 28
num of flexible agents: 6
num of flexible tasks: 49
Solving time: 0.000289623 seconds
plan limit 980
current timestep 29
num of flexible agents: 9
num of flexible tasks: 53
Solving time: 0.00031557 seconds
plan limit 980
current timestep 30
num of flexible agents: 9
num of flexible tasks: 56
Solving time: 0.000291798 seconds
plan limit 980
current timestep 31
num of flexible agents: 9
num of flexible tasks: 59
Solving time: 0.000302538 seconds
plan limit 980
current timestep 32
num of flexible agents: 11
num of flexible tasks: 62
Solving time: 0.000318881 seconds
plan limit 980
current timestep 33
num of flexible agents: 11
num of flexible tasks: 62
Solving time: 0.000319553 seconds
plan limit 980
current timestep 34
num of flexible agents: 6
num of flexible tasks: 61
Solving time: 0.000423775 seconds
plan limit 980
current timestep 35
num of flexible agents: 6
num of flexible tasks: 63
Solving time: 0.00028672 seconds
plan limit 980
current timestep 36
num of flexible agents: 7
num of flexible tasks: 67
Solving time: 0.000418232 seconds
plan limit 980
current timestep 37
num of flexible agents: 9
num of flexible tasks: 71
Solving time: 0.000317194 seconds
plan limit 980
current timestep 38
num of flexible agents: 8
num of flexible tasks: 72
Solving time: 0.000304404 seconds
plan limit 980
current timestep 39
num of flexible agents: 11
num of flexible tasks: 76
Solving time: 0.000440434 seconds
plan limit 980
current timestep 40
num of flexible agents: 12
num of flexible tasks: 76
Solving time: 0.00033691 seconds
plan limit 980
current timestep 41
num of flexible agents: 12
num of flexible tasks: 77
Solving time: 0.000338531 seconds
plan limit 980
current timestep 42
num of flexible agents: 9
num of flexible tasks: 77
Solving time: 0.000296617 seconds
plan limit 980
current timestep 43
num of flexible agents: 9
num of flexible tasks: 78
Solving time: 0.000299137 seconds
plan limit 980
current timestep 44
num of flexible agents: 13
num of flexible tasks: 82
Solving time: 0.00032036 seconds
plan limit 980
current timestep 45
num of flexible agents: 12
num of flexible tasks: 80
Solving time: 0.00050468 seconds
plan limit 980
current timestep 46
num of flexible agents: 12
num of flexible tasks: 84
Solving time: 0.000318862 seconds
plan limit 980
current timestep 47
num of flexible agents: 12
num of flexible tasks: 85
Solving time: 0.000306684 seconds
plan limit 980
current timestep 48
num of flexible agents: 10
num of flexible tasks: 84
Solving time: 0.000339541 seconds
plan limit 980
current timestep 49
num of flexible agents: 10
num of flexible tasks: 86
Solving time: 0.000311944 seconds
plan limit 980
current timestep 50
num of flexible agents: 7
num of flexible tasks: 86
Solving time: 0.000318475 seconds
plan limit 980
current timestep 51
num of flexible agents: 12
num of flexible tasks: 89
Solving time: 0.000434896 seconds
plan limit 980
current timestep 52
num of flexible agents: 7
num of flexible tasks: 89
Solving time: 0.000299606 seconds
plan limit 980
current timestep 53
num of flexible agents: 5
num of flexible tasks: 90
Solving time: 0.00028897 seconds
plan limit 980
current timestep 54
num of flexible agents: 5
num of flexible tasks: 93
Solving time: 0.000449179 seconds
plan limit 980
current timestep 55
num of flexible agents: 6
num of flexible tasks: 96
Solving time: 0.000305239 seconds
plan limit 980
current timestep 56
num of flexible agents: 4
num of flexible tasks: 97
Solving time: 0.00042266 seconds
plan limit 980
current timestep 57
num of flexible agents: 4
num of flexible tasks: 100
Solving time: 0.000303776 seconds
plan limit 980
current timestep 58
num of flexible agents: 9
num of flexible tasks: 103
Solving time: 0.000331488 seconds
plan limit 980
current timestep 59
num of flexible agents: 6
num of flexible tasks: 102
Solving time: 0.000308438 seconds
plan limit 980
current timestep 60
num of flexible agents: 7
num of flexible tasks: 105
Solving time: 0.000319191 seconds
plan limit 980
current timestep 61
num of flexible agents: 5
num of flexible tasks: 105
Solving time: 0.000461515 seconds
plan limit 980
current timestep 62
num of flexible agents: 7
num of flexible tasks: 109
Solving time: 0.000313097 seconds
plan limit 980
current timestep 63
num of flexible agents: 10
num of flexible tasks: 113
Solving time: 0.000337977 seconds
plan limit 980
current timestep 64
num of flexible agents: 9
num of flexible tasks: 116
Solving time: 0.000327694 seconds
plan limit 980
current timestep 65
num of flexible agents: 10
num of flexible tasks: 118
Solving time: 0.000348992 seconds
plan limit 980
current timestep 66
num of flexible agents: 9
num of flexible tasks: 118
Solving time: 0.000319956 seconds
plan limit 980
current timestep 67
num of flexible agents: 4
num of flexible tasks: 116
Solving time: 0.000848636 seconds
plan limit 980
current timestep 68
num of flexible agents: 4
num of flexible tasks: 119
Solving time: 0.000839604 seconds
plan limit 980
current timestep 69
num of flexible agents: 5
num of flexible tasks: 123
Solving time: 0.000935753 seconds
plan limit 979
current timestep 70
num of flexible agents: 3
num of flexible tasks: 125
Solving time: 0.000969326 seconds
plan limit 979
current timestep 71
num of flexible agents: 7
num of flexible tasks: 130
Solving time: 0.000316133 seconds
plan limit 980
current timestep 72
num of flexible agents: 8
num of flexible tasks: 132
Solving time: 0.000336067 seconds
plan limit 980
current timestep 73
num of flexible agents: 6
num of flexible tasks: 134
Solving time: 0.000916895 seconds
plan limit 979
current timestep 74
num of flexible agents: 6
num of flexible tasks: 137
Solving time: 0.000890998 seconds
plan limit 979
current timestep 75
num of flexible agents: 7
num of flexible tasks: 141
Solving time: 0.000306546 seconds
plan limit 980
current timestep 76
num of flexible agents: 7
num of flexible tasks: 143
Solving time: 0.000357373 seconds
plan limit 980
current timestep 77
num of flexible agents: 9
num of flexible tasks: 147
Solving time: 0.000308919 seconds
plan limit 980
current timestep 78
num of flexible agents: 13
num of flexible tasks: 149
Solving time: 0.000317706 seconds
plan limit 980
current timestep 79
num of flexible agents: 14
num of flexible tasks: 149
Solving time: 0.000492656 seconds
plan limit 980
current timestep 80
num of flexible agents: 13
num of flexible tasks: 150
Solving time: 0.000469704 seconds
plan limit 980
current timestep 81
num of flexible agents: 10
num of flexible tasks: 150
Solving time: 0.000320918 seconds
plan limit 980
current timestep 82
num of flexible agents: 16
num of flexible tasks: 154
Solving time: 0.000514653 seconds
plan limit 980
current timestep 83
num of flexible agents: 10
num of flexible tasks: 152
Solving time: 0.00032002 seconds
plan limit 980
current timestep 84
num of flexible agents: 9
num of flexible tasks: 154
Solving time: 0.000332073 seconds
plan limit 980
current timestep 85
num of flexible agents: 8
num of flexible tasks: 155
Solving time: 0.000456403 seconds
plan limit 980
current timestep 86
num of flexible agents: 8
num of flexible tasks: 155
Solving time: 0.000332108 seconds
plan limit 980
current timestep 87
num of flexible agents: 13
num of flexible tasks: 157
Solving time: 0.000490563 seconds
plan limit 980
current timestep 88
num of flexible agents: 11
num of flexible tasks: 157
Solving time: 0.000320993 seconds
plan limit 980
current timestep 89
num of flexible agents: 8
num of flexible tasks: 157
Solving time: 0.000319154 seconds
plan limit 980
current timestep 90
num of flexible agents: 13
num of flexible tasks: 161
Solving time: 0.000468964 seconds
plan limit 980
current timestep 91
num of flexible agents: 5
num of flexible tasks: 156
Solving time: 0.000947127 seconds
plan limit 979
current timestep 92
num of flexible agents: 6
num of flexible tasks: 159
Solving time: 0.000904914 seconds
plan limit 979
current timestep 93
num of flexible agents: 10
num of flexible tasks: 161
Solving time: 0.000317607 seconds
plan limit 980
current timestep 94
num of flexible agents: 6
num of flexible tasks: 161
Solving time: 0.000893715 seconds
plan limit 979
current timestep 95
num of flexible agents: 7
num of flexible tasks: 163
Solving time: 0.000459666 seconds
plan limit 980
current timestep 96
num of flexible agents: 2
num of flexible tasks: 162
Solving time: 0.000859863 seconds
plan limit 980
current timestep 97
num of flexible agents: 6
num of flexible tasks: 167
Solving time: 0.00106459 seconds
plan limit 979
current timestep 98
num of flexible agents: 5
num of flexible tasks: 170
Solving time: 0.00104022 seconds
plan limit 979
current timestep 99
num of flexible agents: 2
num of flexible tasks: 172
Solving time: 0.000819671 seconds
plan limit 980
current timestep 100
num of flexible agents: 7
num of flexible tasks: 172
Solving time: 0.000432889 seconds
plan limit 980
current timestep 101
num of flexible agents: 6
num of flexible tasks: 168
Solving time: 0.000876826 seconds
plan limit 980
current timestep 102
num of flexible agents: 6
num of flexible tasks: 165
Solving time: 0.000879558 seconds
plan limit 980
current timestep 103
num of flexible agents: 15
num of flexible tasks: 163
Solving time: 0.000371527 seconds
plan limit 980
current timestep 104
num of flexible agents: 8
num of flexible tasks: 153
Solving time: 0.000469813 seconds
plan limit 980
current timestep 105
num of flexible agents: 9
num of flexible tasks: 151
Solving time: 0.000321499 seconds
plan limit 980
current timestep 106
num of flexible agents: 7
num of flexible tasks: 145
Solving time: 0.000460057 seconds
plan limit 980
current timestep 107
num of flexible agents: 9
num of flexible tasks: 142
Solving time: 0.000479378 seconds
plan limit 980
current timestep 108
num of flexible agents: 10
num of flexible tasks: 142
Solving time: 0.000316713 seconds
plan limit 980
current timestep 109
num of flexible agents: 9
num of flexible tasks: 137
Solving time: 0.000313046 seconds
plan limit 980
current timestep 110
num of flexible agents: 8
num of flexible tasks: 135
Solving time: 0.000311516 seconds
plan limit 980
current timestep 111
num of flexible agents: 9
num of flexible tasks: 133
Solving time: 0.000482505 seconds
plan limit 980
current timestep 112
num of flexible agents: 14
num of flexible tasks: 130
Solving time: 0.000295101 seconds
plan limit 980
current timestep 113
num of flexible agents: 11
num of flexible tasks: 126
Solving time: 0.000316835 seconds
plan limit 980
current timestep 114
num of flexible agents: 10
num of flexible tasks: 121
Solving time: 0.00032069 seconds
plan limit 980
current timestep 115
num of flexible agents: 10
num of flexible tasks: 119
Solving time: 0.000317697 seconds
plan limit 980
current timestep 116
num of flexible agents: 12
num of flexible tasks: 116
Solving time: 0.000313434 seconds
plan limit 980
current timestep 117
num of flexible agents: 14
num of flexible tasks: 113
Solving time: 0.00049833 seconds
plan limit 980
current timestep 118
num of flexible agents: 16
num of flexible tasks: 112
Solving time: 0.00035152 seconds
plan limit 980
current timestep 119
num of flexible agents: 15
num of flexible tasks: 109
Solving time: 0.00035731 seconds
plan limit 980
current timestep 120
num of flexible agents: 14
num of flexible tasks: 106
Solving time: 0.000347243 seconds
plan limit 980
current timestep 121
num of flexible agents: 13
num of flexible tasks: 104
Solving time: 0.000335998 seconds
plan limit 980
current timestep 122
num of flexible agents: 10
num of flexible tasks: 98
Solving time: 0.0003566 seconds
plan limit 980
current timestep 123
num of flexible agents: 13
num of flexible tasks: 98
Solving time: 0.000343747 seconds
plan limit 980
current timestep 124
num of flexible agents: 15
num of flexible tasks: 97
Solving time: 0.000356325 seconds
plan limit 980
current timestep 125
num of flexible agents: 21
num of flexible tasks: 97
Solving time: 0.000366946 seconds
plan limit 980
current timestep 126
num of flexible agents: 21
num of flexible tasks: 93
Solving time: 0.000542761 seconds
plan limit 980
current timestep 127
num of flexible agents: 16
num of flexible tasks: 85
Solving time: 0.000349932 seconds
plan limit 980
current timestep 128
num of flexible agents: 13
num of flexible tasks: 81
Solving time: 0.000347511 seconds
plan limit 980
current timestep 129
num of flexible agents: 9
num of flexible tasks: 76
Solving time: 0.000451834 seconds
plan limit 980
current timestep 130
num of flexible agents: 13
num of flexible tasks: 74
Solving time: 0.000380646 seconds
plan limit 980
current timestep 131
num of flexible agents: 11
num of flexible tasks: 71
Solving time: 0.000341467 seconds
plan limit 980
current timestep 132
num of flexible agents: 12
num of flexible tasks: 70
Solving time: 0.00032806 seconds
plan limit 980
current timestep 133
num of flexible agents: 11
num of flexible tasks: 67
Solving time: 0.000448194 seconds
plan limit 980
current timestep 134
num of flexible agents: 10
num of flexible tasks: 64
Solving time: 0.000336894 seconds
plan limit 980
current timestep 135
num of flexible agents: 8
num of flexible tasks: 61
Solving time: 0.000336405 seconds
plan limit 980
current timestep 136
num of flexible agents: 11
num of flexible tasks: 60
Solving time: 0.000358959 seconds
plan limit 980
current timestep 137
num of flexible agents: 12
num of flexible tasks: 59
Solving time: 0.000352433 seconds
plan limit 980
current timestep 138
num of flexible agents: 16
num of flexible tasks: 59
Solving time: 0.000373353 seconds
plan limit 980
current timestep 139
num of flexible agents: 22
num of flexible tasks: 57
Solving time: 0.000606995 seconds
plan limit 980
current timestep 140
num of flexible agents: 23
num of flexible tasks: 55
Solving time: 0.000442282 seconds
plan limit 980
current timestep 141
num of flexible agents: 22
num of flexible tasks: 52
Solving time: 0.000640322 seconds
plan limit 980
current timestep 142
num of flexible agents: 23
num of flexible tasks: 52
Solving time: 0.000466402 seconds
plan limit 980
current timestep 143
num of flexible agents: 28
num of flexible tasks: 51
Solving time: 0.000454949 seconds
plan limit 980
current timestep 144
num of flexible agents: 29
num of flexible tasks: 48
Solving time: 0.00047282 seconds
plan limit 980
current timestep 145
num of flexible agents: 29
num of flexible tasks: 47
Solving time: 0.000671553 seconds
plan limit 980
current timestep 146
num of flexible agents: 29
num of flexible tasks: 44
Solving time: 0.000456942 seconds
plan limit 980
current timestep 147
num of flexible agents: 25
num of flexible tasks: 40
Solving time: 0.000502373 seconds
plan limit 980
current timestep 148
num of flexible agents: 26
num of flexible tasks: 37
Solving time: 0.000715578 seconds
plan limit 980
current timestep 149
num of flexible agents: 26
num of flexible tasks: 34
Solving time: 0.000542278 seconds
plan limit 980
current timestep 150
num of flexible agents: 29
num of flexible tasks: 34
Solving time: 0.00068508 seconds
plan limit 980
current timestep 151
num of flexible agents: 31
num of flexible tasks: 33
Solving time: 0.000478175 seconds
plan limit 980
current timestep 152
num of flexible agents: 29
num of flexible tasks: 31
Solving time: 0.000505798 seconds
plan limit 980
current timestep 153
num of flexible agents: 28
num of flexible tasks: 27
Solving time: 0.000583228 seconds
plan limit 980
current timestep 154
num of flexible agents: 29
num of flexible tasks: 26
Solving time: 0.000473928 seconds
plan limit 980
current timestep 155
num of flexible agents: 35
num of flexible tasks: 26
Solving time: 0.000420107 seconds
plan limit 980
current timestep 156
num of flexible agents: 35
num of flexible tasks: 24
Solving time: 0.000406042 seconds
plan limit 980
current timestep 157
num of flexible agents: 36
num of flexible tasks: 23
Solving time: 0.000505577 seconds
plan limit 980
current timestep 158
num of flexible agents: 38
num of flexible tasks: 20
Solving time: 0.000323355 seconds
plan limit 980
current timestep 159
num of flexible agents: 36
num of flexible tasks: 18
Solving time: 0.000344347 seconds
plan limit 980
current timestep 160
num of flexible agents: 35
num of flexible tasks: 16
Solving time: 0.000326621 seconds
plan limit 980
current timestep 161
num of flexible agents: 37
num of flexible tasks: 15
Solving time: 0.000294336 seconds
plan limit 980
current timestep 162
num of flexible agents: 36
num of flexible tasks: 11
Solving time: 0.000296941 seconds
plan limit 980
current timestep 163
num of flexible agents: 39
num of flexible tasks: 10
Solving time: 0.000254285 seconds
plan limit 980
current timestep 164
num of flexible agents: 40
num of flexible tasks: 6
Solving time: 0.000346225 seconds
plan limit 980
current timestep 165
num of flexible agents: 40
num of flexible tasks: 4
Solving time: 0.000229972 seconds
plan limit 980
current timestep 166
num of flexible agents: 39
num of flexible tasks: 2
Solving time: 0.000329569 seconds
plan limit 980
current timestep 167
num of flexible agents: 41
num of flexible tasks: 2
Solving time: 0.000326209 seconds
plan limit 980
current timestep 168
num of flexible agents: 41
num of flexible tasks: 1
Solving time: 0.000225324 seconds
plan limit 980
current timestep 169
num of flexible agents: 44
num of flexible tasks: 1
Solving time: 0.000228898 seconds
plan limit 980
current timestep 170
num of flexible agents: 43
num of flexible tasks: 0
Solving time: 0.000200462 seconds
plan limit 980
current timestep 171
num of flexible agents: 46
num of flexible tasks: 0
Solving time: 0.000286363 seconds
plan limit 980
current timestep 172
num of flexible agents: 48
num of flexible tasks: 0
Solving time: 0.000198165 seconds
plan limit 980
current timestep 173
num of flexible agents: 50
num of flexible tasks: 0
Solving time: 0.000302977 seconds
plan limit 980
current timestep 174
num of flexible agents: 52
num of flexible tasks: 0
Solving time: 0.000211061 seconds
plan limit 980
current timestep 175
num of flexible agents: 54
num of flexible tasks: 0
Solving time: 0.000302513 seconds
plan limit 980
current timestep 176
num of flexible agents: 55
num of flexible tasks: 0
Solving time: 0.000198726 seconds
plan limit 980
current timestep 177
num of flexible agents: 61
num of flexible tasks: 0
Solving time: 0.000201294 seconds
plan limit 980
current timestep 178
num of flexible agents: 62
num of flexible tasks: 0
Solving time: 0.000209695 seconds
plan limit 980
current timestep 179
num of flexible agents: 64
num of flexible tasks: 0
Solving time: 0.000311796 seconds
plan limit 980
current timestep 180
num of flexible agents: 66
num of flexible tasks: 0
Solving time: 0.000236498 seconds
plan limit 980
current timestep 181
num of flexible agents: 70
num of flexible tasks: 0
Solving time: 0.00030883 seconds
plan limit 980
current timestep 182
num of flexible agents: 72
num of flexible tasks: 0
Solving time: 0.000241072 seconds
plan limit 980
current timestep 183
num of flexible agents: 72
num of flexible tasks: 0
Solving time: 0.000218011 seconds
plan limit 980
current timestep 184
num of flexible agents: 74
num of flexible tasks: 0
Solving time: 0.000202011 seconds
plan limit 980
current timestep 185
num of flexible agents: 74
num of flexible tasks: 0
Solving time: 0.000216828 seconds
plan limit 980
current timestep 186
num of flexible agents: 74
num of flexible tasks: 0
Solving time: 0.000200677 seconds
plan limit 980
current timestep 187
num of flexible agents: 74
num of flexible tasks: 0
Solving time: 0.000199747 seconds
plan limit 980
current timestep 188
num of flexible agents: 74
num of flexible tasks: 0
Solving time: 0.000217437 seconds
plan limit 980
current timestep 189
num of flexible agents: 74
num of flexible tasks: 0
Solving time: 0.000200231 seconds
plan limit 980
current timestep 190
num of flexible agents: 75
num of flexible tasks: 0
Solving time: 0.00021576 seconds
plan limit 980
current timestep 191
num of flexible agents: 75
num of flexible tasks: 0
Solving time: 0.000207662 seconds
plan limit 980
current timestep 192
num of flexible agents: 76
num of flexible tasks: 0
Solving time: 0.000242065 seconds
plan limit 980
current timestep 193
num of flexible agents: 76
num of flexible tasks: 0
Solving time: 0.00020068 seconds
plan limit 980
current timestep 194
num of flexible agents: 76
num of flexible tasks: 0
Solving time: 0.000214116 seconds
plan limit 980
current timestep 195
num of flexible agents: 77
num of flexible tasks: 0
Solving time: 0.000200146 seconds
plan limit 980
current timestep 196
num of flexible agents: 78
num of flexible tasks: 0
Solving time: 0.000202735 seconds
plan limit 980
current timestep 197
num of flexible agents: 78
num of flexible tasks: 0
Solving time: 0.000309321 seconds
plan limit 980
current timestep 198
num of flexible agents: 79
num of flexible tasks: 0
Solving time: 0.000195479 seconds
plan limit 980
All tasks finished at timestep 199
