current timestep 0
num of flexible agents: 50
num of flexible tasks: 5
Solving time: 0.000371953 seconds
plan limit 980
current timestep 1
num of flexible agents: 50
num of flexible tasks: 10
Solving time: 0.000404934 seconds
plan limit 980
current timestep 2
num of flexible agents: 50
num of flexible tasks: 15
Solving time: 0.000379829 seconds
plan limit 980
current timestep 3
num of flexible agents: 46
num of flexible tasks: 16
Solving time: 0.000549455 seconds
plan limit 980
current timestep 4
num of flexible agents: 45
num of flexible tasks: 19
Solving time: 0.000415187 seconds
plan limit 980
current timestep 5
num of flexible agents: 43
num of flexible tasks: 22
Solving time: 0.000593925 seconds
plan limit 980
current timestep 6
num of flexible agents: 41
num of flexible tasks: 25
Solving time: 0.000458606 seconds
plan limit 980
current timestep 7
num of flexible agents: 39
num of flexible tasks: 27
Solving time: 0.000437827 seconds
plan limit 980
current timestep 8
num of flexible agents: 37
num of flexible tasks: 30
Solving time: 0.000493309 seconds
plan limit 980
current timestep 9
num of flexible agents: 37
num of flexible tasks: 35
Solving time: 0.000720049 seconds
plan limit 980
current timestep 10
num of flexible agents: 30
num of flexible tasks: 33
Solving time: 0.000500687 seconds
plan limit 980
current timestep 11
num of flexible agents: 28
num of flexible tasks: 35
Solving time: 0.000499506 seconds
plan limit 980
current timestep 12
num of flexible agents: 19
num of flexible tasks: 31
Solving time: 0.000421864 seconds
plan limit 980
current timestep 13
num of flexible agents: 20
num of flexible tasks: 35
Solving time: 0.000367827 seconds
plan limit 980
current timestep 14
num of flexible agents: 17
num of flexible tasks: 36
Solving time: 0.000355141 seconds
plan limit 980
current timestep 15
num of flexible agents: 15
num of flexible tasks: 38
Solving time: 0.000333755 seconds
plan limit 980
current timestep 16
num of flexible agents: 15
num of flexible tasks: 42
Solving time: 0.00031933 seconds
plan limit 980
current timestep 17
num of flexible agents: 12
num of flexible tasks: 43
Solving time: 0.000323885 seconds
plan limit 980
current timestep 18
num of flexible agents: 13
num of flexible tasks: 48
Solving time: 0.000323603 seconds
plan limit 980
current timestep 19
num of flexible agents: 10
num of flexible tasks: 50
Solving time: 0.000312881 seconds
plan limit 980
current timestep 20
num of flexible agents: 8
num of flexible tasks: 51
Solving time: 0.000402209 seconds
plan limit 980
current timestep 21
num of flexible agents: 7
num of flexible tasks: 54
Solving time: 0.000288602 seconds
plan limit 980
current timestep 22
num of flexible agents: 8
num of flexible tasks: 56
Solving time: 0.00029288 seconds
plan limit 980
current timestep 23
num of flexible agents: 8
num of flexible tasks: 60
Solving time: 0.0003021 seconds
plan limit 980
current timestep 24
num of flexible agents: 5
num of flexible tasks: 60
Solving time: 0.000408804 seconds
plan limit 980
current timestep 25
num of flexible agents: 4
num of flexible tasks: 61
Solving time: 0.000915342 seconds
plan limit 979
current timestep 26
num of flexible agents: 6
num of flexible tasks: 66
Solving time: 0.000306453 seconds
plan limit 980
current timestep 27
num of flexible agents: 9
num of flexible tasks: 71
Solving time: 0.000334616 seconds
plan limit 980
current timestep 28
num of flexible agents: 6
num of flexible tasks: 70
Solving time: 0.000418055 seconds
plan limit 980
current timestep 29
num of flexible agents: 5
num of flexible tasks: 71
Solving time: 0.000275701 seconds
plan limit 980
current timestep 30
num of flexible agents: 4
num of flexible tasks: 73
Solving time: 0.00110327 seconds
plan limit 979
current timestep 31
num of flexible agents: 3
num of flexible tasks: 77
Solving time: 0.000923654 seconds
plan limit 979
current timestep 32
num of flexible agents: 4
num of flexible tasks: 80
Solving time: 0.00107932 seconds
plan limit 979
current timestep 33
num of flexible agents: 7
num of flexible tasks: 84
Solving time: 0.000305876 seconds
plan limit 980
current timestep 34
num of flexible agents: 6
num of flexible tasks: 87
Solving time: 0.000440814 seconds
plan limit 980
current timestep 35
num of flexible agents: 4
num of flexible tasks: 89
Solving time: 0.000919719 seconds
plan limit 979
current timestep 36
num of flexible agents: 4
num of flexible tasks: 92
Solving time: 0.00106576 seconds
plan limit 979
current timestep 37
num of flexible agents: 2
num of flexible tasks: 95
Solving time: 0.000750579 seconds
plan limit 980
current timestep 38
num of flexible agents: 2
num of flexible tasks: 99
Solving time: 0.000930047 seconds
plan limit 979
current timestep 39
num of flexible agents: 4
num of flexible tasks: 103
Solving time: 0.000937918 seconds
plan limit 979
current timestep 40
num of flexible agents: 5
num of flexible tasks: 106
Solving time: 0.000468245 seconds
plan limit 980
current timestep 41
num of flexible agents: 5
num of flexible tasks: 108
Solving time: 0.000298545 seconds
plan limit 980
current timestep 42
num of flexible agents: 4
num of flexible tasks: 111
Solving time: 0.00111673 seconds
plan limit 979
current timestep 43
num of flexible agents: 4
num of flexible tasks: 115
Solving time: 0.000928229 seconds
plan limit 979
current timestep 44
num of flexible agents: 8
num of flexible tasks: 118
Solving time: 0.0004302 seconds
plan limit 980
current timestep 45
num of flexible agents: 2
num of flexible tasks: 117
Solving time: 0.000873392 seconds
plan limit 979
current timestep 46
num of flexible agents: 6
num of flexible tasks: 122
Solving time: 0.000297903 seconds
plan limit 980
current timestep 47
num of flexible agents: 1
num of flexible tasks: 122
Solving time: 0.000862102 seconds
plan limit 979
current timestep 48
num of flexible agents: 3
num of flexible tasks: 127
Solving time: 0.000922559 seconds
plan limit 979
current timestep 49
num of flexible agents: 4
num of flexible tasks: 132
Solving time: 0.000952364 seconds
plan limit 979
current timestep 50
num of flexible agents: 4
num of flexible tasks: 134
Solving time: 0.00110504 seconds
plan limit 979
current timestep 51
num of flexible agents: 5
num of flexible tasks: 137
Solving time: 0.000316784 seconds
plan limit 980
current timestep 52
num of flexible agents: 3
num of flexible tasks: 138
Solving time: 0.000917502 seconds
plan limit 979
current timestep 53
num of flexible agents: 5
num of flexible tasks: 141
Solving time: 0.000425701 seconds
plan limit 980
current timestep 54
num of flexible agents: 3
num of flexible tasks: 142
Solving time: 0.000893986 seconds
plan limit 980
current timestep 55
num of flexible agents: 5
num of flexible tasks: 146
Solving time: 0.000278034 seconds
plan limit 980
current timestep 56
num of flexible agents: 5
num of flexible tasks: 147
Solving time: 0.000276129 seconds
plan limit 980
current timestep 57
num of flexible agents: 5
num of flexible tasks: 151
Solving time: 0.000405893 seconds
plan limit 980
current timestep 58
num of flexible agents: 2
num of flexible tasks: 152
Solving time: 0.000805488 seconds
plan limit 980
current timestep 59
num of flexible agents: 0
num of flexible tasks: 155
Solving time: 0.000317923 seconds
plan limit 980
current timestep 60
num of flexible agents: 1
num of flexible tasks: 160
Solving time: 0.00065139 seconds
plan limit 980
current timestep 61
num of flexible agents: 2
num of flexible tasks: 164
Solving time: 0.000784562 seconds
plan limit 980
current timestep 62
num of flexible agents: 6
num of flexible tasks: 167
Solving time: 0.000427868 seconds
plan limit 980
current timestep 63
num of flexible agents: 7
num of flexible tasks: 168
Solving time: 0.000315888 seconds
plan limit 980
current timestep 64
num of flexible agents: 5
num of flexible tasks: 168
Solving time: 0.00029881 seconds
plan limit 980
current timestep 65
num of flexible agents: 4
num of flexible tasks: 170
Solving time: 0.00105613 seconds
plan limit 979
current timestep 66
num of flexible agents: 1
num of flexible tasks: 172
Solving time: 0.000332137 seconds
plan limit 980
current timestep 67
num of flexible agents: 4
num of flexible tasks: 177
Solving time: 0.00107896 seconds
plan limit 979
current timestep 68
num of flexible agents: 1
num of flexible tasks: 178
Solving time: 0.000373502 seconds
plan limit 980
current timestep 69
num of flexible agents: 1
num of flexible tasks: 182
Solving time: 0.000655843 seconds
plan limit 980
current timestep 70
num of flexible agents: 4
num of flexible tasks: 187
Solving time: 0.000921704 seconds
plan limit 979
current timestep 71
num of flexible agents: 2
num of flexible tasks: 189
Solving time: 0.000982059 seconds
plan limit 979
current timestep 72
num of flexible agents: 4
num of flexible tasks: 193
Solving time: 0.000902248 seconds
plan limit 979
current timestep 73
num of flexible agents: 2
num of flexible tasks: 195
Solving time: 0.000865921 seconds
plan limit 980
current timestep 74
num of flexible agents: 2
num of flexible tasks: 198
Solving time: 0.00100772 seconds
plan limit 979
current timestep 75
num of flexible agents: 4
num of flexible tasks: 202
Solving time: 0.000915554 seconds
plan limit 979
current timestep 76
num of flexible agents: 6
num of flexible tasks: 206
Solving time: 0.000474139 seconds
plan limit 980
current timestep 77
num of flexible agents: 5
num of flexible tasks: 207
Solving time: 0.000939645 seconds
plan limit 979
current timestep 78
num of flexible agents: 5
num of flexible tasks: 208
Solving time: 0.00108825 seconds
plan limit 979
current timestep 79
num of flexible agents: 4
num of flexible tasks: 208
Solving time: 0.000919318 seconds
plan limit 979
current timestep 80
num of flexible agents: 3
num of flexible tasks: 211
Solving time: 0.00105871 seconds
plan limit 979
current timestep 81
num of flexible agents: 1
num of flexible tasks: 213
Solving time: 0.000644972 seconds
plan limit 980
current timestep 82
num of flexible agents: 2
num of flexible tasks: 218
Solving time: 0.000780515 seconds
plan limit 980
current timestep 83
num of flexible agents: 2
num of flexible tasks: 222
Solving time: 0.000822231 seconds
plan limit 980
current timestep 84
num of flexible agents: 3
num of flexible tasks: 226
Solving time: 0.000861125 seconds
plan limit 980
current timestep 85
num of flexible agents: 2
num of flexible tasks: 229
Solving time: 0.000961567 seconds
plan limit 979
current timestep 86
num of flexible agents: 7
num of flexible tasks: 234
Solving time: 0.000300983 seconds
plan limit 980
current timestep 87
num of flexible agents: 3
num of flexible tasks: 233
Solving time: 0.00102306 seconds
plan limit 979
current timestep 88
num of flexible agents: 4
num of flexible tasks: 235
Solving time: 0.000909681 seconds
plan limit 979
current timestep 89
num of flexible agents: 0
num of flexible tasks: 236
Solving time: 0.000335011 seconds
plan limit 980
current timestep 90
num of flexible agents: 2
num of flexible tasks: 241
Solving time: 0.000743969 seconds
plan limit 980
current timestep 91
num of flexible agents: 3
num of flexible tasks: 244
Solving time: 0.00103755 seconds
plan limit 979
current timestep 92
num of flexible agents: 2
num of flexible tasks: 246
Solving time: 0.00077094 seconds
plan limit 980
current timestep 93
num of flexible agents: 0
num of flexible tasks: 249
Solving time: 0.00023534 seconds
plan limit 980
current timestep 94
num of flexible agents: 4
num of flexible tasks: 254
Solving time: 0.000892697 seconds
plan limit 979
current timestep 95
num of flexible agents: 2
num of flexible tasks: 255
Solving time: 0.00081662 seconds
plan limit 980
current timestep 96
num of flexible agents: 0
num of flexible tasks: 258
Solving time: 0.000296261 seconds
plan limit 980
current timestep 97
num of flexible agents: 3
num of flexible tasks: 263
Solving time: 0.000829583 seconds
plan limit 980
current timestep 98
num of flexible agents: 1
num of flexible tasks: 266
Solving time: 0.000645463 seconds
plan limit 980
current timestep 99
num of flexible agents: 4
num of flexible tasks: 270
Solving time: 0.000921053 seconds
plan limit 979
current timestep 100
num of flexible agents: 1
num of flexible tasks: 267
Solving time: 0.000242612 seconds
plan limit 980
current timestep 101
num of flexible agents: 1
num of flexible tasks: 266
Solving time: 0.000813042 seconds
plan limit 980
current timestep 102
num of flexible agents: 3
num of flexible tasks: 265
Solving time: 0.000817385 seconds
plan limit 980
current timestep 103
num of flexible agents: 6
num of flexible tasks: 262
Solving time: 0.00110819 seconds
plan limit 979
current timestep 104
num of flexible agents: 5
num of flexible tasks: 258
Solving time: 0.000907095 seconds
plan limit 979
current timestep 105
num of flexible agents: 6
num of flexible tasks: 256
Solving time: 0.000951859 seconds
plan limit 979
current timestep 106
num of flexible agents: 7
num of flexible tasks: 254
Solving time: 0.000441363 seconds
plan limit 980
current timestep 107
num of flexible agents: 4
num of flexible tasks: 251
Solving time: 0.000909874 seconds
plan limit 979
current timestep 108
num of flexible agents: 7
num of flexible tasks: 250
Solving time: 0.000434497 seconds
plan limit 980
current timestep 109
num of flexible agents: 2
num of flexible tasks: 244
Solving time: 0.000781852 seconds
plan limit 980
current timestep 110
num of flexible agents: 1
num of flexible tasks: 242
Solving time: 0.000820814 seconds
plan limit 980
current timestep 111
num of flexible agents: 3
num of flexible tasks: 241
Solving time: 0.000852537 seconds
plan limit 980
current timestep 112
num of flexible agents: 4
num of flexible tasks: 239
Solving time: 0.000905339 seconds
plan limit 979
current timestep 113
num of flexible agents: 2
num of flexible tasks: 235
Solving time: 0.000799707 seconds
plan limit 980
current timestep 114
num of flexible agents: 0
num of flexible tasks: 233
Solving time: 0.000325257 seconds
plan limit 980
current timestep 115
num of flexible agents: 2
num of flexible tasks: 233
Solving time: 0.00078897 seconds
plan limit 980
current timestep 116
num of flexible agents: 2
num of flexible tasks: 231
Solving time: 0.00096661 seconds
plan limit 979
current timestep 117
num of flexible agents: 3
num of flexible tasks: 231
Solving time: 0.000871613 seconds
plan limit 979
current timestep 118
num of flexible agents: 2
num of flexible tasks: 230
Solving time: 0.000782916 seconds
plan limit 980
current timestep 119
num of flexible agents: 3
num of flexible tasks: 229
Solving time: 0.00101396 seconds
plan limit 979
current timestep 120
num of flexible agents: 3
num of flexible tasks: 226
Solving time: 0.000835275 seconds
plan limit 980
current timestep 121
num of flexible agents: 2
num of flexible tasks: 224
Solving time: 0.000806338 seconds
plan limit 980
current timestep 122
num of flexible agents: 7
num of flexible tasks: 223
Solving time: 0.000299501 seconds
plan limit 980
current timestep 123
num of flexible agents: 2
num of flexible tasks: 218
Solving time: 0.000814265 seconds
plan limit 980
current timestep 124
num of flexible agents: 2
num of flexible tasks: 216
Solving time: 0.000780891 seconds
plan limit 980
current timestep 125
num of flexible agents: 2
num of flexible tasks: 214
Solving time: 0.000808706 seconds
plan limit 980
current timestep 126
num of flexible agents: 2
num of flexible tasks: 212
Solving time: 0.000817891 seconds
plan limit 980
current timestep 127
num of flexible agents: 3
num of flexible tasks: 210
Solving time: 0.000826673 seconds
plan limit 980
current timestep 128
num of flexible agents: 2
num of flexible tasks: 208
Solving time: 0.000771451 seconds
plan limit 980
current timestep 129
num of flexible agents: 5
num of flexible tasks: 208
Solving time: 0.000891739 seconds
plan limit 979
current timestep 130
num of flexible agents: 4
num of flexible tasks: 203
Solving time: 0.00107935 seconds
plan limit 979
current timestep 131
num of flexible agents: 3
num of flexible tasks: 200
Solving time: 0.000887077 seconds
plan limit 979
current timestep 132
num of flexible agents: 3
num of flexible tasks: 198
Solving time: 0.0008557 seconds
plan limit 980
current timestep 133
num of flexible agents: 3
num of flexible tasks: 196
Solving time: 0.00104685 seconds
plan limit 979
current timestep 134
num of flexible agents: 2
num of flexible tasks: 193
Solving time: 0.000790994 seconds
plan limit 980
current timestep 135
num of flexible agents: 2
num of flexible tasks: 191
Solving time: 0.000947515 seconds
plan limit 979
current timestep 136
num of flexible agents: 1
num of flexible tasks: 189
Solving time: 0.00066663 seconds
plan limit 980
current timestep 137
num of flexible agents: 4
num of flexible tasks: 189
Solving time: 0.000944174 seconds
plan limit 979
current timestep 138
num of flexible agents: 3
num of flexible tasks: 186
Solving time: 0.000880781 seconds
plan limit 979
current timestep 139
num of flexible agents: 2
num of flexible tasks: 184
Solving time: 0.000792441 seconds
plan limit 980
current timestep 140
num of flexible agents: 5
num of flexible tasks: 183
Solving time: 0.000912348 seconds
plan limit 979
current timestep 141
num of flexible agents: 2
num of flexible tasks: 180
Solving time: 0.000808088 seconds
plan limit 980
current timestep 142
num of flexible agents: 4
num of flexible tasks: 179
Solving time: 0.000912751 seconds
plan limit 979
current timestep 143
num of flexible agents: 5
num of flexible tasks: 177
Solving time: 0.000925753 seconds
plan limit 979
current timestep 144
num of flexible agents: 4
num of flexible tasks: 175
Solving time: 0.000915701 seconds
plan limit 979
current timestep 145
num of flexible agents: 3
num of flexible tasks: 173
Solving time: 0.000880937 seconds
plan limit 980
current timestep 146
num of flexible agents: 3
num of flexible tasks: 172
Solving time: 0.00103955 seconds
plan limit 979
current timestep 147
num of flexible agents: 4
num of flexible tasks: 171
Solving time: 0.000944894 seconds
plan limit 979
current timestep 148
num of flexible agents: 2
num of flexible tasks: 168
Solving time: 0.000833001 seconds
plan limit 980
current timestep 149
num of flexible agents: 2
num of flexible tasks: 166
Solving time: 0.000812551 seconds
plan limit 980
current timestep 150
num of flexible agents: 1
num of flexible tasks: 165
Solving time: 0.000762693 seconds
plan limit 980
current timestep 151
num of flexible agents: 5
num of flexible tasks: 165
Solving time: 0.000913515 seconds
plan limit 979
current timestep 152
num of flexible agents: 7
num of flexible tasks: 164
Solving time: 0.00045695 seconds
plan limit 980
current timestep 153
num of flexible agents: 2
num of flexible tasks: 158
Solving time: 0.000805598 seconds
plan limit 980
current timestep 154
num of flexible agents: 2
num of flexible tasks: 157
Solving time: 0.000822626 seconds
plan limit 980
current timestep 155
num of flexible agents: 3
num of flexible tasks: 157
Solving time: 0.00104828 seconds
plan limit 979
current timestep 156
num of flexible agents: 6
num of flexible tasks: 156
Solving time: 0.000327851 seconds
plan limit 980
current timestep 157
num of flexible agents: 8
num of flexible tasks: 153
Solving time: 0.000440864 seconds
plan limit 980
current timestep 158
num of flexible agents: 8
num of flexible tasks: 150
Solving time: 0.000343135 seconds
plan limit 980
current timestep 159
num of flexible agents: 7
num of flexible tasks: 145
Solving time: 0.000431931 seconds
plan limit 980
current timestep 160
num of flexible agents: 2
num of flexible tasks: 140
Solving time: 0.000810321 seconds
plan limit 980
current timestep 161
num of flexible agents: 2
num of flexible tasks: 139
Solving time: 0.000803976 seconds
plan limit 980
current timestep 162
num of flexible agents: 3
num of flexible tasks: 138
Solving time: 0.000851237 seconds
plan limit 980
current timestep 163
num of flexible agents: 2
num of flexible tasks: 136
Solving time: 0.00094042 seconds
plan limit 979
current timestep 164
num of flexible agents: 4
num of flexible tasks: 136
Solving time: 0.000872413 seconds
plan limit 980
current timestep 165
num of flexible agents: 2
num of flexible tasks: 133
Solving time: 0.000797592 seconds
plan limit 980
current timestep 166
num of flexible agents: 2
num of flexible tasks: 132
Solving time: 0.000776807 seconds
plan limit 980
current timestep 167
num of flexible agents: 3
num of flexible tasks: 131
Solving time: 0.00104235 seconds
plan limit 979
current timestep 168
num of flexible agents: 3
num of flexible tasks: 130
Solving time: 0.00086812 seconds
plan limit 980
current timestep 169
num of flexible agents: 7
num of flexible tasks: 129
Solving time: 0.000468405 seconds
plan limit 980
current timestep 170
num of flexible agents: 5
num of flexible tasks: 125
Solving time: 0.000937599 seconds
plan limit 979
current timestep 171
num of flexible agents: 7
num of flexible tasks: 124
Solving time: 0.000320621 seconds
plan limit 980
current timestep 172
num of flexible agents: 6
num of flexible tasks: 123
Solving time: 0.000352688 seconds
plan limit 980
current timestep 173
num of flexible agents: 6
num of flexible tasks: 122
Solving time: 0.000315244 seconds
plan limit 980
current timestep 174
num of flexible agents: 7
num of flexible tasks: 122
Solving time: 0.000345892 seconds
plan limit 980
current timestep 175
num of flexible agents: 7
num of flexible tasks: 119
Solving time: 0.000461126 seconds
plan limit 980
current timestep 176
num of flexible agents: 12
num of flexible tasks: 117
Solving time: 0.00032701 seconds
plan limit 980
current timestep 177
num of flexible agents: 10
num of flexible tasks: 113
Solving time: 0.000470179 seconds
plan limit 980
current timestep 178
num of flexible agents: 7
num of flexible tasks: 108
Solving time: 0.000329435 seconds
plan limit 980
current timestep 179
num of flexible agents: 9
num of flexible tasks: 107
Solving time: 0.000328734 seconds
plan limit 980
current timestep 180
num of flexible agents: 7
num of flexible tasks: 102
Solving time: 0.000472093 seconds
plan limit 980
current timestep 181
num of flexible agents: 5
num of flexible tasks: 99
Solving time: 0.000961454 seconds
plan limit 979
current timestep 182
num of flexible agents: 5
num of flexible tasks: 97
Solving time: 0.000967112 seconds
plan limit 979
current timestep 183
num of flexible agents: 6
num of flexible tasks: 96
Solving time: 0.000324475 seconds
plan limit 980
current timestep 184
num of flexible agents: 4
num of flexible tasks: 94
Solving time: 0.000920666 seconds
plan limit 979
current timestep 185
num of flexible agents: 6
num of flexible tasks: 93
Solving time: 0.00030584 seconds
plan limit 980
current timestep 186
num of flexible agents: 6
num of flexible tasks: 90
Solving time: 0.000318375 seconds
plan limit 980
current timestep 187
num of flexible agents: 6
num of flexible tasks: 88
Solving time: 0.000320816 seconds
plan limit 980
current timestep 188
num of flexible agents: 11
num of flexible tasks: 86
Solving time: 0.000333962 seconds
plan limit 980
current timestep 189
num of flexible agents: 9
num of flexible tasks: 82
Solving time: 0.000338801 seconds
plan limit 980
current timestep 190
num of flexible agents: 9
num of flexible tasks: 80
Solving time: 0.000329442 seconds
plan limit 980
current timestep 191
num of flexible agents: 7
num of flexible tasks: 77
Solving time: 0.000348935 seconds
plan limit 980
current timestep 192
num of flexible agents: 4
num of flexible tasks: 73
Solving time: 0.00109643 seconds
plan limit 979
current timestep 193
num of flexible agents: 3
num of flexible tasks: 72
Solving time: 0.000917682 seconds
plan limit 979
current timestep 194
num of flexible agents: 4
num of flexible tasks: 71
Solving time: 0.000920905 seconds
plan limit 979
current timestep 195
num of flexible agents: 5
num of flexible tasks: 71
Solving time: 0.000959338 seconds
plan limit 979
current timestep 196
num of flexible agents: 4
num of flexible tasks: 69
Solving time: 0.0010909 seconds
plan limit 979
current timestep 197
num of flexible agents: 3
num of flexible tasks: 67
Solving time: 0.000889056 seconds
plan limit 980
current timestep 198
num of flexible agents: 4
num of flexible tasks: 66
Solving time: 0.000919346 seconds
plan limit 979
current timestep 199
num of flexible agents: 4
num of flexible tasks: 65
Solving time: 0.000908581 seconds
plan limit 979
current timestep 200
num of flexible agents: 6
num of flexible tasks: 65
Solving time: 0.000485057 seconds
plan limit 980
current timestep 201
num of flexible agents: 4
num of flexible tasks: 62
Solving time: 0.00091959 seconds
plan limit 979
current timestep 202
num of flexible agents: 7
num of flexible tasks: 62
Solving time: 0.000460411 seconds
plan limit 980
current timestep 203
num of flexible agents: 8
num of flexible tasks: 60
Solving time: 0.000325659 seconds
plan limit 980
current timestep 204
num of flexible agents: 7
num of flexible tasks: 58
Solving time: 0.000484169 seconds
plan limit 980
current timestep 205
num of flexible agents: 10
num of flexible tasks: 56
Solving time: 0.00033761 seconds
plan limit 980
current timestep 206
num of flexible agents: 9
num of flexible tasks: 53
Solving time: 0.000518158 seconds
plan limit 980
current timestep 207
num of flexible agents: 7
num of flexible tasks: 49
Solving time: 0.000356559 seconds
plan limit 980
current timestep 208
num of flexible agents: 9
num of flexible tasks: 49
Solving time: 0.000489127 seconds
plan limit 980
current timestep 209
num of flexible agents: 9
num of flexible tasks: 48
Solving time: 0.000347141 seconds
plan limit 980
current timestep 210
num of flexible agents: 7
num of flexible tasks: 46
Solving time: 0.000495624 seconds
plan limit 980
current timestep 211
num of flexible agents: 7
num of flexible tasks: 43
Solving time: 0.000370738 seconds
plan limit 980
current timestep 212
num of flexible agents: 9
num of flexible tasks: 42
Solving time: 0.000493582 seconds
plan limit 980
current timestep 213
num of flexible agents: 14
num of flexible tasks: 41
Solving time: 0.000351515 seconds
plan limit 980
current timestep 214
num of flexible agents: 14
num of flexible tasks: 41
Solving time: 0.00033718 seconds
plan limit 980
current timestep 215
num of flexible agents: 13
num of flexible tasks: 39
Solving time: 0.000510262 seconds
plan limit 980
current timestep 216
num of flexible agents: 16
num of flexible tasks: 39
Solving time: 0.000360127 seconds
plan limit 980
current timestep 217
num of flexible agents: 16
num of flexible tasks: 37
Solving time: 0.000349234 seconds
plan limit 980
current timestep 218
num of flexible agents: 16
num of flexible tasks: 37
Solving time: 0.000356294 seconds
plan limit 980
current timestep 219
num of flexible agents: 17
num of flexible tasks: 36
Solving time: 0.000501185 seconds
plan limit 980
current timestep 220
num of flexible agents: 17
num of flexible tasks: 33
Solving time: 0.000382175 seconds
plan limit 980
current timestep 221
num of flexible agents: 16
num of flexible tasks: 30
Solving time: 0.000368642 seconds
plan limit 980
current timestep 222
num of flexible agents: 16
num of flexible tasks: 29
Solving time: 0.000388214 seconds
plan limit 980
current timestep 223
num of flexible agents: 15
num of flexible tasks: 26
Solving time: 0.000393425 seconds
plan limit 980
current timestep 224
num of flexible agents: 11
num of flexible tasks: 22
Solving time: 0.000502544 seconds
plan limit 980
current timestep 225
num of flexible agents: 10
num of flexible tasks: 20
Solving time: 0.000338477 seconds
plan limit 980
current timestep 226
num of flexible agents: 10
num of flexible tasks: 19
Solving time: 0.000375729 seconds
plan limit 980
current timestep 227
num of flexible agents: 11
num of flexible tasks: 18
Solving time: 0.000346274 seconds
plan limit 980
current timestep 228
num of flexible agents: 13
num of flexible tasks: 18
Solving time: 0.000529273 seconds
plan limit 980
current timestep 229
num of flexible agents: 12
num of flexible tasks: 16
Solving time: 0.000400042 seconds
plan limit 980
current timestep 230
num of flexible agents: 13
num of flexible tasks: 15
Solving time: 0.000380863 seconds
plan limit 980
current timestep 231
num of flexible agents: 15
num of flexible tasks: 13
Solving time: 0.000454449 seconds
plan limit 980
current timestep 232
num of flexible agents: 16
num of flexible tasks: 12
Solving time: 0.000377892 seconds
plan limit 980
current timestep 233
num of flexible agents: 15
num of flexible tasks: 11
Solving time: 0.00046682 seconds
plan limit 980
current timestep 234
num of flexible agents: 13
num of flexible tasks: 8
Solving time: 0.000299926 seconds
plan limit 980
current timestep 235
num of flexible agents: 13
num of flexible tasks: 7
Solving time: 0.000335939 seconds
plan limit 980
current timestep 236
num of flexible agents: 12
num of flexible tasks: 5
Solving time: 0.000268443 seconds
plan limit 980
current timestep 237
num of flexible agents: 13
num of flexible tasks: 5
Solving time: 0.000402569 seconds
plan limit 980
current timestep 238
num of flexible agents: 17
num of flexible tasks: 5
Solving time: 0.000256537 seconds
plan limit 980
current timestep 239
num of flexible agents: 18
num of flexible tasks: 3
Solving time: 0.000247101 seconds
plan limit 980
current timestep 240
num of flexible agents: 18
num of flexible tasks: 3
Solving time: 0.000243336 seconds
plan limit 980
current timestep 241
num of flexible agents: 21
num of flexible tasks: 2
Solving time: 0.000318593 seconds
plan limit 980
current timestep 242
num of flexible agents: 22
num of flexible tasks: 2
Solving time: 0.000218675 seconds
plan limit 980
current timestep 243
num of flexible agents: 25
num of flexible tasks: 2
Solving time: 0.000221514 seconds
plan limit 980
current timestep 244
num of flexible agents: 27
num of flexible tasks: 1
Solving time: 0.000300621 seconds
plan limit 980
current timestep 245
num of flexible agents: 29
num of flexible tasks: 0
Solving time: 0.000202601 seconds
plan limit 980
current timestep 246
num of flexible agents: 30
num of flexible tasks: 0
Solving time: 0.000209494 seconds
plan limit 980
current timestep 247
num of flexible agents: 31
num of flexible tasks: 0
Solving time: 0.000203198 seconds
plan limit 980
current timestep 248
num of flexible agents: 31
num of flexible tasks: 0
Solving time: 0.000193663 seconds
plan limit 980
current timestep 249
num of flexible agents: 31
num of flexible tasks: 0
Solving time: 0.00020554 seconds
plan limit 980
current timestep 250
num of flexible agents: 34
num of flexible tasks: 0
Solving time: 0.000193855 seconds
plan limit 980
current timestep 251
num of flexible agents: 34
num of flexible tasks: 0
Solving time: 0.000293138 seconds
plan limit 980
current timestep 252
num of flexible agents: 35
num of flexible tasks: 0
Solving time: 0.000192281 seconds
plan limit 980
current timestep 253
num of flexible agents: 35
num of flexible tasks: 0
Solving time: 0.000206068 seconds
plan limit 980
current timestep 254
num of flexible agents: 36
num of flexible tasks: 0
Solving time: 0.00028238 seconds
plan limit 980
current timestep 255
num of flexible agents: 38
num of flexible tasks: 0
Solving time: 0.000196045 seconds
plan limit 980
current timestep 256
num of flexible agents: 40
num of flexible tasks: 0
Solving time: 0.000288473 seconds
plan limit 980
current timestep 257
num of flexible agents: 42
num of flexible tasks: 0
Solving time: 0.000193275 seconds
plan limit 980
current timestep 258
num of flexible agents: 44
num of flexible tasks: 0
Solving time: 0.000290783 seconds
plan limit 980
current timestep 259
num of flexible agents: 45
num of flexible tasks: 0
Solving time: 0.000197646 seconds
plan limit 980
current timestep 260
num of flexible agents: 46
num of flexible tasks: 0
Solving time: 0.000212841 seconds
plan limit 980
current timestep 261
num of flexible agents: 47
num of flexible tasks: 0
Solving time: 0.000300832 seconds
plan limit 980
current timestep 262
num of flexible agents: 47
num of flexible tasks: 0
Solving time: 0.000205755 seconds
plan limit 980
current timestep 263
num of flexible agents: 47
num of flexible tasks: 0
Solving time: 0.000209914 seconds
plan limit 980
current timestep 264
num of flexible agents: 48
num of flexible tasks: 0
Solving time: 0.000292456 seconds
plan limit 980
current timestep 265
num of flexible agents: 48
num of flexible tasks: 0
Solving time: 0.000231989 seconds
plan limit 980
current timestep 266
num of flexible agents: 48
num of flexible tasks: 0
Solving time: 0.000312232 seconds
plan limit 980
current timestep 267
num of flexible agents: 48
num of flexible tasks: 0
Solving time: 0.000204475 seconds
plan limit 980
current timestep 268
num of flexible agents: 49
num of flexible tasks: 0
Solving time: 0.000207249 seconds
plan limit 980
current timestep 269
num of flexible agents: 49
num of flexible tasks: 0
Solving time: 0.00029107 seconds
plan limit 980
current timestep 270
num of flexible agents: 49
num of flexible tasks: 0
Solving time: 0.000198467 seconds
plan limit 980
All tasks finished at timestep 271
