current timestep 0
num of flexible agents: 80
num of flexible tasks: 5
Solving time: 0.000486132 seconds
plan limit 980
current timestep 1
num of flexible agents: 79
num of flexible tasks: 9
Solving time: 0.000359314 seconds
plan limit 980
current timestep 2
num of flexible agents: 78
num of flexible tasks: 13
Solving time: 0.000336125 seconds
plan limit 980
current timestep 3
num of flexible agents: 75
num of flexible tasks: 15
Solving time: 0.000349306 seconds
plan limit 980
current timestep 4
num of flexible agents: 72
num of flexible tasks: 17
Solving time: 0.000397369 seconds
plan limit 980
current timestep 5
num of flexible agents: 71
num of flexible tasks: 21
Solving time: 0.000589033 seconds
plan limit 980
current timestep 6
num of flexible agents: 70
num of flexible tasks: 25
Solving time: 0.000401014 seconds
plan limit 980
current timestep 7
num of flexible agents: 67
num of flexible tasks: 27
Solving time: 0.000597101 seconds
plan limit 980
current timestep 8
num of flexible agents: 61
num of flexible tasks: 26
Solving time: 0.00049756 seconds
plan limit 980
current timestep 9
num of flexible agents: 59
num of flexible tasks: 29
Solving time: 0.000520175 seconds
plan limit 980
current timestep 10
num of flexible agents: 55
num of flexible tasks: 30
Solving time: 0.00052237 seconds
plan limit 980
current timestep 11
num of flexible agents: 49
num of flexible tasks: 29
Solving time: 0.000544342 seconds
plan limit 980
current timestep 12
num of flexible agents: 46
num of flexible tasks: 31
Solving time: 0.000497024 seconds
plan limit 980
current timestep 13
num of flexible agents: 44
num of flexible tasks: 34
Solving time: 0.000562198 seconds
plan limit 980
current timestep 14
num of flexible agents: 43
num of flexible tasks: 37
Solving time: 0.000518213 seconds
plan limit 980
current timestep 15
num of flexible agents: 38
num of flexible tasks: 37
Solving time: 0.000605636 seconds
plan limit 980
current timestep 16
num of flexible agents: 32
num of flexible tasks: 35
Solving time: 0.000503201 seconds
plan limit 980
current timestep 17
num of flexible agents: 32
num of flexible tasks: 38
Solving time: 0.000449994 seconds
plan limit 980
current timestep 18
num of flexible agents: 32
num of flexible tasks: 42
Solving time: 0.000440227 seconds
plan limit 980
current timestep 19
num of flexible agents: 25
num of flexible tasks: 40
Solving time: 0.000408189 seconds
plan limit 980
current timestep 20
num of flexible agents: 22
num of flexible tasks: 41
Solving time: 0.000352447 seconds
plan limit 980
current timestep 21
num of flexible agents: 20
num of flexible tasks: 43
Solving time: 0.000380513 seconds
plan limit 980
current timestep 22
num of flexible agents: 16
num of flexible tasks: 43
Solving time: 0.000345155 seconds
plan limit 980
current timestep 23
num of flexible agents: 15
num of flexible tasks: 46
Solving time: 0.000326069 seconds
plan limit 980
current timestep 24
num of flexible agents: 14
num of flexible tasks: 48
Solving time: 0.00034386 seconds
plan limit 980
current timestep 25
num of flexible agents: 14
num of flexible tasks: 50
Solving time: 0.000335955 seconds
plan limit 980
current timestep 26
num of flexible agents: 9
num of flexible tasks: 50
Solving time: 0.000462066 seconds
plan limit 980
current timestep 27
num of flexible agents: 9
num of flexible tasks: 53
Solving time: 0.000458444 seconds
plan limit 980
current timestep 28
num of flexible agents: 5
num of flexible tasks: 53
Solving time: 0.000294936 seconds
plan limit 980
current timestep 29
num of flexible agents: 4
num of flexible tasks: 57
Solving time: 0.000290477 seconds
plan limit 980
current timestep 30
num of flexible agents: 4
num of flexible tasks: 61
Solving time: 0.000285318 seconds
plan limit 980
current timestep 31
num of flexible agents: 3
num of flexible tasks: 64
Solving time: 0.00029568 seconds
plan limit 980
current timestep 32
num of flexible agents: 5
num of flexible tasks: 67
Solving time: 0.000292517 seconds
plan limit 980
current timestep 33
num of flexible agents: 8
num of flexible tasks: 70
Solving time: 0.000311602 seconds
plan limit 980
current timestep 34
num of flexible agents: 7
num of flexible tasks: 72
Solving time: 0.00047114 seconds
plan limit 980
current timestep 35
num of flexible agents: 7
num of flexible tasks: 75
Solving time: 0.000299037 seconds
plan limit 980
current timestep 36
num of flexible agents: 7
num of flexible tasks: 76
Solving time: 0.000468668 seconds
plan limit 980
current timestep 37
num of flexible agents: 9
num of flexible tasks: 79
Solving time: 0.000285699 seconds
plan limit 980
current timestep 38
num of flexible agents: 12
num of flexible tasks: 78
Solving time: 0.000475545 seconds
plan limit 980
current timestep 39
num of flexible agents: 9
num of flexible tasks: 79
Solving time: 0.000323152 seconds
plan limit 980
current timestep 40
num of flexible agents: 12
num of flexible tasks: 82
Solving time: 0.000331551 seconds
plan limit 980
current timestep 41
num of flexible agents: 11
num of flexible tasks: 84
Solving time: 0.000332295 seconds
plan limit 980
current timestep 42
num of flexible agents: 10
num of flexible tasks: 83
Solving time: 0.000319507 seconds
plan limit 980
current timestep 43
num of flexible agents: 11
num of flexible tasks: 86
Solving time: 0.000304998 seconds
plan limit 980
current timestep 44
num of flexible agents: 7
num of flexible tasks: 86
Solving time: 0.000306213 seconds
plan limit 980
current timestep 45
num of flexible agents: 9
num of flexible tasks: 90
Solving time: 0.00046277 seconds
plan limit 980
current timestep 46
num of flexible agents: 11
num of flexible tasks: 93
Solving time: 0.000321165 seconds
plan limit 980
current timestep 47
num of flexible agents: 8
num of flexible tasks: 95
Solving time: 0.000339198 seconds
plan limit 980
current timestep 48
num of flexible agents: 8
num of flexible tasks: 96
Solving time: 0.000304156 seconds
plan limit 980
current timestep 49
num of flexible agents: 8
num of flexible tasks: 99
Solving time: 0.000436942 seconds
plan limit 980
current timestep 50
num of flexible agents: 6
num of flexible tasks: 101
Solving time: 0.000294895 seconds
plan limit 980
current timestep 51
num of flexible agents: 9
num of flexible tasks: 105
Solving time: 0.000312477 seconds
plan limit 980
current timestep 52
num of flexible agents: 7
num of flexible tasks: 106
Solving time: 0.000440119 seconds
plan limit 980
current timestep 53
num of flexible agents: 9
num of flexible tasks: 107
Solving time: 0.000311829 seconds
plan limit 980
current timestep 54
num of flexible agents: 7
num of flexible tasks: 108
Solving time: 0.000329937 seconds
plan limit 980
current timestep 55
num of flexible agents: 7
num of flexible tasks: 109
Solving time: 0.000315108 seconds
plan limit 980
current timestep 56
num of flexible agents: 9
num of flexible tasks: 112
Solving time: 0.000304714 seconds
plan limit 980
current timestep 57
num of flexible agents: 9
num of flexible tasks: 112
Solving time: 0.000322306 seconds
plan limit 980
current timestep 58
num of flexible agents: 4
num of flexible tasks: 112
Solving time: 0.000855142 seconds
plan limit 980
current timestep 59
num of flexible agents: 8
num of flexible tasks: 114
Solving time: 0.000473394 seconds
plan limit 980
current timestep 60
num of flexible agents: 11
num of flexible tasks: 116
Solving time: 0.000470825 seconds
plan limit 980
current timestep 61
num of flexible agents: 7
num of flexible tasks: 113
Solving time: 0.000292382 seconds
plan limit 980
current timestep 62
num of flexible agents: 9
num of flexible tasks: 115
Solving time: 0.000301434 seconds
plan limit 980
current timestep 63
num of flexible agents: 11
num of flexible tasks: 115
Solving time: 0.00046701 seconds
plan limit 980
current timestep 64
num of flexible agents: 6
num of flexible tasks: 113
Solving time: 0.00030237 seconds
plan limit 980
current timestep 65
num of flexible agents: 5
num of flexible tasks: 114
Solving time: 0.000865818 seconds
plan limit 980
current timestep 66
num of flexible agents: 4
num of flexible tasks: 117
Solving time: 0.000862613 seconds
plan limit 980
current timestep 67
num of flexible agents: 6
num of flexible tasks: 122
Solving time: 0.000295478 seconds
plan limit 980
current timestep 68
num of flexible agents: 7
num of flexible tasks: 125
Solving time: 0.00029537 seconds
plan limit 980
current timestep 69
num of flexible agents: 5
num of flexible tasks: 126
Solving time: 0.000304766 seconds
plan limit 980
current timestep 70
num of flexible agents: 3
num of flexible tasks: 128
Solving time: 0.000738021 seconds
plan limit 980
current timestep 71
num of flexible agents: 6
num of flexible tasks: 131
Solving time: 0.000312355 seconds
plan limit 980
current timestep 72
num of flexible agents: 8
num of flexible tasks: 133
Solving time: 0.000313273 seconds
plan limit 980
current timestep 73
num of flexible agents: 10
num of flexible tasks: 136
Solving time: 0.000329825 seconds
plan limit 980
current timestep 74
num of flexible agents: 10
num of flexible tasks: 137
Solving time: 0.000312033 seconds
plan limit 980
current timestep 75
num of flexible agents: 7
num of flexible tasks: 136
Solving time: 0.000446022 seconds
plan limit 980
current timestep 76
num of flexible agents: 5
num of flexible tasks: 137
Solving time: 0.000301146 seconds
plan limit 980
current timestep 77
num of flexible agents: 6
num of flexible tasks: 142
Solving time: 0.000430451 seconds
plan limit 980
current timestep 78
num of flexible agents: 5
num of flexible tasks: 143
Solving time: 0.000303299 seconds
plan limit 980
current timestep 79
num of flexible agents: 6
num of flexible tasks: 146
Solving time: 0.000343608 seconds
plan limit 980
current timestep 80
num of flexible agents: 9
num of flexible tasks: 148
Solving time: 0.000318685 seconds
plan limit 980
current timestep 81
num of flexible agents: 7
num of flexible tasks: 149
Solving time: 0.000471044 seconds
plan limit 980
current timestep 82
num of flexible agents: 6
num of flexible tasks: 149
Solving time: 0.000300535 seconds
plan limit 980
current timestep 83
num of flexible agents: 5
num of flexible tasks: 151
Solving time: 0.000312427 seconds
plan limit 980
current timestep 84
num of flexible agents: 3
num of flexible tasks: 152
Solving time: 0.00101563 seconds
plan limit 979
current timestep 85
num of flexible agents: 4
num of flexible tasks: 156
Solving time: 0.000915797 seconds
plan limit 979
current timestep 86
num of flexible agents: 6
num of flexible tasks: 160
Solving time: 0.000449765 seconds
plan limit 980
current timestep 87
num of flexible agents: 7
num of flexible tasks: 162
Solving time: 0.00030668 seconds
plan limit 980
current timestep 88
num of flexible agents: 7
num of flexible tasks: 163
Solving time: 0.000332375 seconds
plan limit 980
current timestep 89
num of flexible agents: 6
num of flexible tasks: 164
Solving time: 0.000443249 seconds
plan limit 980
current timestep 90
num of flexible agents: 7
num of flexible tasks: 168
Solving time: 0.000336856 seconds
plan limit 980
current timestep 91
num of flexible agents: 6
num of flexible tasks: 168
Solving time: 0.000447681 seconds
plan limit 980
current timestep 92
num of flexible agents: 5
num of flexible tasks: 170
Solving time: 0.000294468 seconds
plan limit 980
current timestep 93
num of flexible agents: 8
num of flexible tasks: 174
Solving time: 0.000357064 seconds
plan limit 980
current timestep 94
num of flexible agents: 4
num of flexible tasks: 173
Solving time: 0.000845295 seconds
plan limit 980
current timestep 95
num of flexible agents: 5
num of flexible tasks: 174
Solving time: 0.000261604 seconds
plan limit 980
current timestep 96
num of flexible agents: 5
num of flexible tasks: 174
Solving time: 0.000444413 seconds
plan limit 980
current timestep 97
num of flexible agents: 5
num of flexible tasks: 176
Solving time: 0.000432979 seconds
plan limit 980
current timestep 98
num of flexible agents: 6
num of flexible tasks: 179
Solving time: 0.000292406 seconds
plan limit 980
current timestep 99
num of flexible agents: 10
num of flexible tasks: 182
Solving time: 0.000337708 seconds
plan limit 980
current timestep 100
num of flexible agents: 10
num of flexible tasks: 179
Solving time: 0.000322613 seconds
plan limit 980
current timestep 101
num of flexible agents: 8
num of flexible tasks: 174
Solving time: 0.00033549 seconds
plan limit 980
current timestep 102
num of flexible agents: 9
num of flexible tasks: 172
Solving time: 0.000323116 seconds
plan limit 980
current timestep 103
num of flexible agents: 6
num of flexible tasks: 168
Solving time: 0.000315154 seconds
plan limit 980
current timestep 104
num of flexible agents: 8
num of flexible tasks: 167
Solving time: 0.000327753 seconds
plan limit 980
current timestep 105
num of flexible agents: 8
num of flexible tasks: 163
Solving time: 0.000364811 seconds
plan limit 980
current timestep 106
num of flexible agents: 7
num of flexible tasks: 160
Solving time: 0.000310668 seconds
plan limit 980
current timestep 107
num of flexible agents: 10
num of flexible tasks: 159
Solving time: 0.000308989 seconds
plan limit 980
current timestep 108
num of flexible agents: 7
num of flexible tasks: 156
Solving time: 0.000446789 seconds
plan limit 980
current timestep 109
num of flexible agents: 8
num of flexible tasks: 154
Solving time: 0.000346314 seconds
plan limit 980
current timestep 110
num of flexible agents: 10
num of flexible tasks: 152
Solving time: 0.000320438 seconds
plan limit 980
current timestep 111
num of flexible agents: 10
num of flexible tasks: 148
Solving time: 0.0003141 seconds
plan limit 980
current timestep 112
num of flexible agents: 14
num of flexible tasks: 147
Solving time: 0.000489651 seconds
plan limit 980
current timestep 113
num of flexible agents: 9
num of flexible tasks: 142
Solving time: 0.000326135 seconds
plan limit 980
current timestep 114
num of flexible agents: 11
num of flexible tasks: 140
Solving time: 0.000472682 seconds
plan limit 980
current timestep 115
num of flexible agents: 12
num of flexible tasks: 137
Solving time: 0.000352392 seconds
plan limit 980
current timestep 116
num of flexible agents: 9
num of flexible tasks: 131
Solving time: 0.00047831 seconds
plan limit 980
current timestep 117
num of flexible agents: 8
num of flexible tasks: 128
Solving time: 0.000310065 seconds
plan limit 980
current timestep 118
num of flexible agents: 8
num of flexible tasks: 124
Solving time: 0.000322976 seconds
plan limit 980
current timestep 119
num of flexible agents: 6
num of flexible tasks: 119
Solving time: 0.000297537 seconds
plan limit 980
current timestep 120
num of flexible agents: 7
num of flexible tasks: 117
Solving time: 0.000442179 seconds
plan limit 980
current timestep 121
num of flexible agents: 10
num of flexible tasks: 116
Solving time: 0.00031798 seconds
plan limit 980
current timestep 122
num of flexible agents: 9
num of flexible tasks: 111
Solving time: 0.000435504 seconds
plan limit 980
current timestep 123
num of flexible agents: 9
num of flexible tasks: 108
Solving time: 0.000315317 seconds
plan limit 980
current timestep 124
num of flexible agents: 8
num of flexible tasks: 105
Solving time: 0.000321719 seconds
plan limit 980
current timestep 125
num of flexible agents: 7
num of flexible tasks: 102
Solving time: 0.000313149 seconds
plan limit 980
current timestep 126
num of flexible agents: 10
num of flexible tasks: 101
Solving time: 0.000342805 seconds
plan limit 980
current timestep 127
num of flexible agents: 11
num of flexible tasks: 100
Solving time: 0.000347055 seconds
plan limit 980
current timestep 128
num of flexible agents: 12
num of flexible tasks: 98
Solving time: 0.000329174 seconds
plan limit 980
current timestep 129
num of flexible agents: 11
num of flexible tasks: 95
Solving time: 0.000472852 seconds
plan limit 980
current timestep 130
num of flexible agents: 13
num of flexible tasks: 92
Solving time: 0.000487384 seconds
plan limit 980
current timestep 131
num of flexible agents: 8
num of flexible tasks: 84
Solving time: 0.000447063 seconds
plan limit 980
current timestep 132
num of flexible agents: 6
num of flexible tasks: 80
Solving time: 0.000285446 seconds
plan limit 980
current timestep 133
num of flexible agents: 8
num of flexible tasks: 78
Solving time: 0.000432884 seconds
plan limit 980
current timestep 134
num of flexible agents: 7
num of flexible tasks: 75
Solving time: 0.000339312 seconds
plan limit 980
current timestep 135
num of flexible agents: 8
num of flexible tasks: 74
Solving time: 0.000434524 seconds
plan limit 980
current timestep 136
num of flexible agents: 9
num of flexible tasks: 72
Solving time: 0.000319611 seconds
plan limit 980
current timestep 137
num of flexible agents: 11
num of flexible tasks: 69
Solving time: 0.000333099 seconds
plan limit 980
current timestep 138
num of flexible agents: 12
num of flexible tasks: 67
Solving time: 0.000480365 seconds
plan limit 980
current timestep 139
num of flexible agents: 14
num of flexible tasks: 63
Solving time: 0.000317712 seconds
plan limit 980
current timestep 140
num of flexible agents: 15
num of flexible tasks: 62
Solving time: 0.000333972 seconds
plan limit 980
current timestep 141
num of flexible agents: 14
num of flexible tasks: 57
Solving time: 0.000347775 seconds
plan limit 980
current timestep 142
num of flexible agents: 14
num of flexible tasks: 56
Solving time: 0.000373684 seconds
plan limit 980
current timestep 143
num of flexible agents: 16
num of flexible tasks: 54
Solving time: 0.000343828 seconds
plan limit 980
current timestep 144
num of flexible agents: 18
num of flexible tasks: 53
Solving time: 0.000533495 seconds
plan limit 980
current timestep 145
num of flexible agents: 21
num of flexible tasks: 52
Solving time: 0.000405295 seconds
plan limit 980
current timestep 146
num of flexible agents: 24
num of flexible tasks: 49
Solving time: 0.000406209 seconds
plan limit 980
current timestep 147
num of flexible agents: 24
num of flexible tasks: 43
Solving time: 0.00061217 seconds
plan limit 980
current timestep 148
num of flexible agents: 24
num of flexible tasks: 39
Solving time: 0.000419261 seconds
plan limit 980
current timestep 149
num of flexible agents: 22
num of flexible tasks: 34
Solving time: 0.00046641 seconds
plan limit 980
current timestep 150
num of flexible agents: 22
num of flexible tasks: 32
Solving time: 0.000551237 seconds
plan limit 980
current timestep 151
num of flexible agents: 25
num of flexible tasks: 29
Solving time: 0.000538492 seconds
plan limit 980
current timestep 152
num of flexible agents: 26
num of flexible tasks: 27
Solving time: 0.00058099 seconds
plan limit 980
current timestep 153
num of flexible agents: 29
num of flexible tasks: 26
Solving time: 0.000564887 seconds
plan limit 980
current timestep 154
num of flexible agents: 30
num of flexible tasks: 25
Solving time: 0.000681545 seconds
plan limit 980
current timestep 155
num of flexible agents: 31
num of flexible tasks: 22
Solving time: 0.000457488 seconds
plan limit 980
current timestep 156
num of flexible agents: 31
num of flexible tasks: 20
Solving time: 0.000428529 seconds
plan limit 980
current timestep 157
num of flexible agents: 35
num of flexible tasks: 20
Solving time: 0.000517598 seconds
plan limit 980
current timestep 158
num of flexible agents: 38
num of flexible tasks: 18
Solving time: 0.000371522 seconds
plan limit 980
current timestep 159
num of flexible agents: 39
num of flexible tasks: 17
Solving time: 0.000482369 seconds
plan limit 980
current timestep 160
num of flexible agents: 38
num of flexible tasks: 13
Solving time: 0.00028968 seconds
plan limit 980
current timestep 161
num of flexible agents: 37
num of flexible tasks: 12
Solving time: 0.000311456 seconds
plan limit 980
current timestep 162
num of flexible agents: 39
num of flexible tasks: 12
Solving time: 0.000383427 seconds
plan limit 980
current timestep 163
num of flexible agents: 39
num of flexible tasks: 11
Solving time: 0.000257705 seconds
plan limit 980
current timestep 164
num of flexible agents: 40
num of flexible tasks: 8
Solving time: 0.000253613 seconds
plan limit 980
current timestep 165
num of flexible agents: 39
num of flexible tasks: 6
Solving time: 0.000249693 seconds
plan limit 980
current timestep 166
num of flexible agents: 40
num of flexible tasks: 6
Solving time: 0.000247309 seconds
plan limit 980
current timestep 167
num of flexible agents: 39
num of flexible tasks: 4
Solving time: 0.00034096 seconds
plan limit 980
current timestep 168
num of flexible agents: 40
num of flexible tasks: 3
Solving time: 0.000232077 seconds
plan limit 980
current timestep 169
num of flexible agents: 42
num of flexible tasks: 3
Solving time: 0.000318981 seconds
plan limit 980
current timestep 170
num of flexible agents: 45
num of flexible tasks: 2
Solving time: 0.000232678 seconds
plan limit 980
current timestep 171
num of flexible agents: 46
num of flexible tasks: 2
Solving time: 0.000345411 seconds
plan limit 980
current timestep 172
num of flexible agents: 47
num of flexible tasks: 2
Solving time: 0.000223615 seconds
plan limit 980
current timestep 173
num of flexible agents: 51
num of flexible tasks: 1
Solving time: 0.000247577 seconds
plan limit 980
current timestep 174
num of flexible agents: 52
num of flexible tasks: 1
Solving time: 0.000356988 seconds
plan limit 980
current timestep 175
num of flexible agents: 54
num of flexible tasks: 1
Solving time: 0.000247377 seconds
plan limit 980
current timestep 176
num of flexible agents: 58
num of flexible tasks: 0
Solving time: 0.00020442 seconds
plan limit 980
current timestep 177
num of flexible agents: 59
num of flexible tasks: 0
Solving time: 0.000206281 seconds
plan limit 980
current timestep 178
num of flexible agents: 60
num of flexible tasks: 0
Solving time: 0.000305499 seconds
plan limit 980
current timestep 179
num of flexible agents: 61
num of flexible tasks: 0
Solving time: 0.000208924 seconds
plan limit 980
current timestep 180
num of flexible agents: 61
num of flexible tasks: 0
Solving time: 0.000202676 seconds
plan limit 980
current timestep 181
num of flexible agents: 62
num of flexible tasks: 0
Solving time: 0.000313446 seconds
plan limit 980
current timestep 182
num of flexible agents: 64
num of flexible tasks: 0
Solving time: 0.000211266 seconds
plan limit 980
current timestep 183
num of flexible agents: 65
num of flexible tasks: 0
Solving time: 0.000316927 seconds
plan limit 980
current timestep 184
num of flexible agents: 65
num of flexible tasks: 0
Solving time: 0.000202949 seconds
plan limit 980
current timestep 185
num of flexible agents: 66
num of flexible tasks: 0
Solving time: 0.000220592 seconds
plan limit 980
current timestep 186
num of flexible agents: 67
num of flexible tasks: 0
Solving time: 0.000299854 seconds
plan limit 980
current timestep 187
num of flexible agents: 67
num of flexible tasks: 0
Solving time: 0.000216111 seconds
plan limit 980
current timestep 188
num of flexible agents: 69
num of flexible tasks: 0
Solving time: 0.00020466 seconds
plan limit 980
current timestep 189
num of flexible agents: 69
num of flexible tasks: 0
Solving time: 0.000208156 seconds
plan limit 980
current timestep 190
num of flexible agents: 69
num of flexible tasks: 0
Solving time: 0.000209091 seconds
plan limit 980
current timestep 191
num of flexible agents: 70
num of flexible tasks: 0
Solving time: 0.000207583 seconds
plan limit 980
current timestep 192
num of flexible agents: 72
num of flexible tasks: 0
Solving time: 0.000312214 seconds
plan limit 980
current timestep 193
num of flexible agents: 73
num of flexible tasks: 0
Solving time: 0.000304454 seconds
plan limit 980
current timestep 194
num of flexible agents: 74
num of flexible tasks: 0
Solving time: 0.000244872 seconds
plan limit 980
current timestep 195
num of flexible agents: 75
num of flexible tasks: 0
Solving time: 0.000217322 seconds
plan limit 980
current timestep 196
num of flexible agents: 77
num of flexible tasks: 0
Solving time: 0.000227642 seconds
plan limit 980
current timestep 197
num of flexible agents: 77
num of flexible tasks: 0
Solving time: 0.000207398 seconds
plan limit 980
current timestep 198
num of flexible agents: 78
num of flexible tasks: 0
Solving time: 0.000208761 seconds
plan limit 980
current timestep 199
num of flexible agents: 79
num of flexible tasks: 0
Solving time: 0.000222433 seconds
plan limit 980
current timestep 200
num of flexible agents: 79
num of flexible tasks: 0
Solving time: 0.000216123 seconds
plan limit 980
current timestep 201
num of flexible agents: 79
num of flexible tasks: 0
Solving time: 0.000210059 seconds
plan limit 980
current timestep 202
num of flexible agents: 79
num of flexible tasks: 0
Solving time: 0.000315787 seconds
plan limit 980
All tasks finished at timestep 203
