current timestep 0
num of flexible agents: 100
num of flexible tasks: 10
Solving time: 0.000527749 seconds
plan limit 980
current timestep 1
num of flexible agents: 98
num of flexible tasks: 18
Solving time: 0.000603215 seconds
plan limit 980
current timestep 2
num of flexible agents: 93
num of flexible tasks: 23
Solving time: 0.0004334 seconds
plan limit 980
current timestep 3
num of flexible agents: 87
num of flexible tasks: 27
Solving time: 0.000452899 seconds
plan limit 980
current timestep 4
num of flexible agents: 83
num of flexible tasks: 33
Solving time: 0.000666327 seconds
plan limit 980
current timestep 5
num of flexible agents: 80
num of flexible tasks: 40
Solving time: 0.000670852 seconds
plan limit 980
current timestep 6
num of flexible agents: 72
num of flexible tasks: 41
Solving time: 0.000497832 seconds
plan limit 980
current timestep 7
num of flexible agents: 69
num of flexible tasks: 48
Solving time: 0.000554908 seconds
plan limit 980
current timestep 8
num of flexible agents: 64
num of flexible tasks: 52
Solving time: 0.000773907 seconds
plan limit 980
current timestep 9
num of flexible agents: 56
num of flexible tasks: 54
Solving time: 0.000633189 seconds
plan limit 980
current timestep 10
num of flexible agents: 49
num of flexible tasks: 57
Solving time: 0.000731332 seconds
plan limit 980
current timestep 11
num of flexible agents: 40
num of flexible tasks: 58
Solving time: 0.000419199 seconds
plan limit 980
current timestep 12
num of flexible agents: 37
num of flexible tasks: 63
Solving time: 0.0003775 seconds
plan limit 980
current timestep 13
num of flexible agents: 25
num of flexible tasks: 61
Solving time: 0.000354182 seconds
plan limit 980
current timestep 14
num of flexible agents: 17
num of flexible tasks: 63
Solving time: 0.000315673 seconds
plan limit 980
current timestep 15
num of flexible agents: 11
num of flexible tasks: 67
Solving time: 0.000428126 seconds
plan limit 980
current timestep 16
num of flexible agents: 8
num of flexible tasks: 74
Solving time: 0.00027666 seconds
plan limit 980
current timestep 17
num of flexible agents: 8
num of flexible tasks: 82
Solving time: 0.000394106 seconds
plan limit 980
current timestep 18
num of flexible agents: 10
num of flexible tasks: 91
Solving time: 0.000284703 seconds
plan limit 980
current timestep 19
num of flexible agents: 5
num of flexible tasks: 96
Solving time: 0.000382409 seconds
plan limit 980
current timestep 20
num of flexible agents: 5
num of flexible tasks: 104
Solving time: 0.000282709 seconds
plan limit 980
current timestep 21
num of flexible agents: 5
num of flexible tasks: 111
Solving time: 0.000410711 seconds
plan limit 980
current timestep 22
num of flexible agents: 6
num of flexible tasks: 119
Solving time: 0.000277877 seconds
plan limit 980
current timestep 23
num of flexible agents: 8
num of flexible tasks: 128
Solving time: 0.000408709 seconds
plan limit 980
current timestep 24
num of flexible agents: 12
num of flexible tasks: 137
Solving time: 0.000404036 seconds
plan limit 980
current timestep 25
num of flexible agents: 7
num of flexible tasks: 141
Solving time: 0.000275534 seconds
plan limit 980
current timestep 26
num of flexible agents: 7
num of flexible tasks: 146
Solving time: 0.000402227 seconds
plan limit 980
current timestep 27
num of flexible agents: 3
num of flexible tasks: 151
Solving time: 0.00083078 seconds
plan limit 980
current timestep 28
num of flexible agents: 3
num of flexible tasks: 159
Solving time: 0.000992159 seconds
plan limit 979
current timestep 29
num of flexible agents: 4
num of flexible tasks: 168
Solving time: 0.000944878 seconds
plan limit 979
current timestep 30
num of flexible agents: 4
num of flexible tasks: 176
Solving time: 0.00093111 seconds
plan limit 979
current timestep 31
num of flexible agents: 10
num of flexible tasks: 183
Solving time: 0.000303372 seconds
plan limit 980
current timestep 32
num of flexible agents: 8
num of flexible tasks: 188
Solving time: 0.000431839 seconds
plan limit 980
current timestep 33
num of flexible agents: 4
num of flexible tasks: 190
Solving time: 0.000980629 seconds
plan limit 979
current timestep 34
num of flexible agents: 3
num of flexible tasks: 196
Solving time: 0.000840266 seconds
plan limit 980
current timestep 35
num of flexible agents: 6
num of flexible tasks: 205
Solving time: 0.00111135 seconds
plan limit 979
current timestep 36
num of flexible agents: 8
num of flexible tasks: 210
Solving time: 0.00027286 seconds
plan limit 980
current timestep 37
num of flexible agents: 6
num of flexible tasks: 212
Solving time: 0.000942601 seconds
plan limit 979
current timestep 38
num of flexible agents: 4
num of flexible tasks: 218
Solving time: 0.00108707 seconds
plan limit 979
current timestep 39
num of flexible agents: 4
num of flexible tasks: 226
Solving time: 0.00099381 seconds
plan limit 979
current timestep 40
num of flexible agents: 11
num of flexible tasks: 236
Solving time: 0.000337359 seconds
plan limit 980
current timestep 41
num of flexible agents: 14
num of flexible tasks: 239
Solving time: 0.0004443 seconds
plan limit 979
current timestep 42
num of flexible agents: 13
num of flexible tasks: 242
Solving time: 0.000450326 seconds
plan limit 980
current timestep 43
num of flexible agents: 9
num of flexible tasks: 244
Solving time: 0.000309604 seconds
plan limit 980
current timestep 44
num of flexible agents: 6
num of flexible tasks: 247
Solving time: 0.000982403 seconds
plan limit 979
current timestep 45
num of flexible agents: 6
num of flexible tasks: 253
Solving time: 0.00111241 seconds
plan limit 979
current timestep 46
num of flexible agents: 8
num of flexible tasks: 258
Solving time: 0.000298997 seconds
plan limit 980
current timestep 47
num of flexible agents: 6
num of flexible tasks: 263
Solving time: 0.00114587 seconds
plan limit 979
current timestep 48
num of flexible agents: 7
num of flexible tasks: 268
Solving time: 0.00043325 seconds
plan limit 980
current timestep 49
num of flexible agents: 7
num of flexible tasks: 273
Solving time: 0.000324578 seconds
plan limit 980
current timestep 50
num of flexible agents: 6
num of flexible tasks: 267
Solving time: 0.00111102 seconds
plan limit 979
current timestep 51
num of flexible agents: 5
num of flexible tasks: 262
Solving time: 0.00114261 seconds
plan limit 979
current timestep 52
num of flexible agents: 4
num of flexible tasks: 257
Solving time: 0.000947745 seconds
plan limit 979
current timestep 53
num of flexible agents: 4
num of flexible tasks: 254
Solving time: 0.000935489 seconds
plan limit 979
current timestep 54
num of flexible agents: 6
num of flexible tasks: 253
Solving time: 0.0011381 seconds
plan limit 979
current timestep 55
num of flexible agents: 4
num of flexible tasks: 250
Solving time: 0.000923889 seconds
plan limit 979
current timestep 56
num of flexible agents: 3
num of flexible tasks: 248
Solving time: 0.00103719 seconds
plan limit 979
current timestep 57
num of flexible agents: 7
num of flexible tasks: 247
Solving time: 0.000302459 seconds
plan limit 980
current timestep 58
num of flexible agents: 8
num of flexible tasks: 243
Solving time: 0.000300305 seconds
plan limit 980
current timestep 59
num of flexible agents: 3
num of flexible tasks: 237
Solving time: 0.00105469 seconds
plan limit 979
current timestep 60
num of flexible agents: 4
num of flexible tasks: 235
Solving time: 0.00110644 seconds
plan limit 979
current timestep 61
num of flexible agents: 4
num of flexible tasks: 231
Solving time: 0.000926713 seconds
plan limit 979
current timestep 62
num of flexible agents: 4
num of flexible tasks: 229
Solving time: 0.00108667 seconds
plan limit 979
current timestep 63
num of flexible agents: 4
num of flexible tasks: 226
Solving time: 0.000917644 seconds
plan limit 979
current timestep 64
num of flexible agents: 9
num of flexible tasks: 223
Solving time: 0.000454178 seconds
plan limit 980
current timestep 65
num of flexible agents: 6
num of flexible tasks: 217
Solving time: 0.000952606 seconds
plan limit 979
current timestep 66
num of flexible agents: 6
num of flexible tasks: 212
Solving time: 0.00113641 seconds
plan limit 979
current timestep 67
num of flexible agents: 8
num of flexible tasks: 208
Solving time: 0.000465501 seconds
plan limit 980
current timestep 68
num of flexible agents: 9
num of flexible tasks: 204
Solving time: 0.000319785 seconds
plan limit 980
current timestep 69
num of flexible agents: 5
num of flexible tasks: 198
Solving time: 0.00112279 seconds
plan limit 979
current timestep 70
num of flexible agents: 8
num of flexible tasks: 196
Solving time: 0.000331431 seconds
plan limit 980
current timestep 71
num of flexible agents: 7
num of flexible tasks: 191
Solving time: 0.000442934 seconds
plan limit 980
current timestep 72
num of flexible agents: 7
num of flexible tasks: 187
Solving time: 0.000417673 seconds
plan limit 980
current timestep 73
num of flexible agents: 4
num of flexible tasks: 183
Solving time: 0.000922736 seconds
plan limit 979
current timestep 74
num of flexible agents: 6
num of flexible tasks: 181
Solving time: 0.000428689 seconds
plan limit 980
current timestep 75
num of flexible agents: 5
num of flexible tasks: 176
Solving time: 0.00097557 seconds
plan limit 979
current timestep 76
num of flexible agents: 7
num of flexible tasks: 173
Solving time: 0.000445636 seconds
plan limit 980
current timestep 77
num of flexible agents: 7
num of flexible tasks: 169
Solving time: 0.000448799 seconds
plan limit 980
current timestep 78
num of flexible agents: 6
num of flexible tasks: 164
Solving time: 0.000285764 seconds
plan limit 980
current timestep 79
num of flexible agents: 5
num of flexible tasks: 159
Solving time: 0.00115685 seconds
plan limit 979
current timestep 80
num of flexible agents: 9
num of flexible tasks: 156
Solving time: 0.000312985 seconds
plan limit 980
current timestep 81
num of flexible agents: 10
num of flexible tasks: 152
Solving time: 0.000468858 seconds
plan limit 980
current timestep 82
num of flexible agents: 7
num of flexible tasks: 148
Solving time: 0.00030777 seconds
plan limit 980
current timestep 83
num of flexible agents: 9
num of flexible tasks: 145
Solving time: 0.000450401 seconds
plan limit 980
current timestep 84
num of flexible agents: 12
num of flexible tasks: 142
Solving time: 0.000483218 seconds
plan limit 980
current timestep 85
num of flexible agents: 12
num of flexible tasks: 139
Solving time: 0.000383301 seconds
plan limit 980
current timestep 86
num of flexible agents: 12
num of flexible tasks: 133
Solving time: 0.000469514 seconds
plan limit 980
current timestep 87
num of flexible agents: 12
num of flexible tasks: 130
Solving time: 0.000352602 seconds
plan limit 980
current timestep 88
num of flexible agents: 14
num of flexible tasks: 127
Solving time: 0.000337866 seconds
plan limit 980
current timestep 89
num of flexible agents: 13
num of flexible tasks: 123
Solving time: 0.000507779 seconds
plan limit 980
current timestep 90
num of flexible agents: 16
num of flexible tasks: 120
Solving time: 0.000344053 seconds
plan limit 980
current timestep 91
num of flexible agents: 15
num of flexible tasks: 115
Solving time: 0.000492689 seconds
plan limit 980
current timestep 92
num of flexible agents: 17
num of flexible tasks: 111
Solving time: 0.000528849 seconds
plan limit 980
current timestep 93
num of flexible agents: 17
num of flexible tasks: 108
Solving time: 0.000357672 seconds
plan limit 980
current timestep 94
num of flexible agents: 13
num of flexible tasks: 103
Solving time: 0.000502257 seconds
plan limit 980
current timestep 95
num of flexible agents: 15
num of flexible tasks: 101
Solving time: 0.000335013 seconds
plan limit 980
current timestep 96
num of flexible agents: 18
num of flexible tasks: 98
Solving time: 0.000368155 seconds
plan limit 980
current timestep 97
num of flexible agents: 18
num of flexible tasks: 94
Solving time: 0.00051289 seconds
plan limit 980
current timestep 98
num of flexible agents: 16
num of flexible tasks: 89
Solving time: 0.000360721 seconds
plan limit 980
current timestep 99
num of flexible agents: 15
num of flexible tasks: 86
Solving time: 0.000503216 seconds
plan limit 980
current timestep 100
num of flexible agents: 19
num of flexible tasks: 85
Solving time: 0.000349112 seconds
plan limit 980
current timestep 101
num of flexible agents: 19
num of flexible tasks: 80
Solving time: 0.000532515 seconds
plan limit 980
current timestep 102
num of flexible agents: 16
num of flexible tasks: 75
Solving time: 0.000397804 seconds
plan limit 980
current timestep 103
num of flexible agents: 13
num of flexible tasks: 71
Solving time: 0.00052769 seconds
plan limit 980
current timestep 104
num of flexible agents: 15
num of flexible tasks: 70
Solving time: 0.000420556 seconds
plan limit 980
current timestep 105
num of flexible agents: 21
num of flexible tasks: 69
Solving time: 0.000394226 seconds
plan limit 980
current timestep 106
num of flexible agents: 22
num of flexible tasks: 67
Solving time: 0.000559057 seconds
plan limit 980
current timestep 107
num of flexible agents: 24
num of flexible tasks: 67
Solving time: 0.000438059 seconds
plan limit 980
current timestep 108
num of flexible agents: 28
num of flexible tasks: 65
Solving time: 0.000459913 seconds
plan limit 980
current timestep 109
num of flexible agents: 25
num of flexible tasks: 61
Solving time: 0.000596146 seconds
plan limit 980
current timestep 110
num of flexible agents: 23
num of flexible tasks: 57
Solving time: 0.000601429 seconds
plan limit 980
current timestep 111
num of flexible agents: 25
num of flexible tasks: 56
Solving time: 0.000430937 seconds
plan limit 980
current timestep 112
num of flexible agents: 30
num of flexible tasks: 55
Solving time: 0.000659349 seconds
plan limit 980
current timestep 113
num of flexible agents: 33
num of flexible tasks: 52
Solving time: 0.000471102 seconds
plan limit 980
current timestep 114
num of flexible agents: 35
num of flexible tasks: 49
Solving time: 0.000723424 seconds
plan limit 980
current timestep 115
num of flexible agents: 35
num of flexible tasks: 46
Solving time: 0.000732936 seconds
plan limit 980
current timestep 116
num of flexible agents: 37
num of flexible tasks: 43
Solving time: 0.000519664 seconds
plan limit 980
current timestep 117
num of flexible agents: 37
num of flexible tasks: 41
Solving time: 0.000761475 seconds
plan limit 980
current timestep 118
num of flexible agents: 38
num of flexible tasks: 40
Solving time: 0.000580537 seconds
plan limit 980
current timestep 119
num of flexible agents: 37
num of flexible tasks: 36
Solving time: 0.000790901 seconds
plan limit 980
current timestep 120
num of flexible agents: 38
num of flexible tasks: 34
Solving time: 0.000507695 seconds
plan limit 980
current timestep 121
num of flexible agents: 39
num of flexible tasks: 32
Solving time: 0.000730087 seconds
plan limit 980
current timestep 122
num of flexible agents: 42
num of flexible tasks: 31
Solving time: 0.000644379 seconds
plan limit 980
current timestep 123
num of flexible agents: 43
num of flexible tasks: 29
Solving time: 0.000638484 seconds
plan limit 980
current timestep 124
num of flexible agents: 46
num of flexible tasks: 27
Solving time: 0.000392294 seconds
plan limit 980
current timestep 125
num of flexible agents: 43
num of flexible tasks: 22
Solving time: 0.000367691 seconds
plan limit 980
current timestep 126
num of flexible agents: 46
num of flexible tasks: 21
Solving time: 0.000533311 seconds
plan limit 980
current timestep 127
num of flexible agents: 48
num of flexible tasks: 19
Solving time: 0.000363962 seconds
plan limit 980
current timestep 128
num of flexible agents: 51
num of flexible tasks: 17
Solving time: 0.00045404 seconds
plan limit 980
current timestep 129
num of flexible agents: 52
num of flexible tasks: 15
Solving time: 0.000314856 seconds
plan limit 980
current timestep 130
num of flexible agents: 49
num of flexible tasks: 11
Solving time: 0.000419627 seconds
plan limit 980
current timestep 131
num of flexible agents: 49
num of flexible tasks: 9
Solving time: 0.000271406 seconds
plan limit 980
current timestep 132
num of flexible agents: 49
num of flexible tasks: 7
Solving time: 0.000383152 seconds
plan limit 980
current timestep 133
num of flexible agents: 48
num of flexible tasks: 4
Solving time: 0.000248977 seconds
plan limit 980
current timestep 134
num of flexible agents: 50
num of flexible tasks: 4
Solving time: 0.000355745 seconds
plan limit 980
current timestep 135
num of flexible agents: 52
num of flexible tasks: 3
Solving time: 0.000255961 seconds
plan limit 980
current timestep 136
num of flexible agents: 54
num of flexible tasks: 3
Solving time: 0.000341363 seconds
plan limit 980
current timestep 137
num of flexible agents: 54
num of flexible tasks: 2
Solving time: 0.000365403 seconds
plan limit 980
current timestep 138
num of flexible agents: 54
num of flexible tasks: 1
Solving time: 0.000298822 seconds
plan limit 980
current timestep 139
num of flexible agents: 60
num of flexible tasks: 1
Solving time: 0.000370243 seconds
plan limit 980
current timestep 140
num of flexible agents: 61
num of flexible tasks: 1
Solving time: 0.00026846 seconds
plan limit 980
current timestep 141
num of flexible agents: 62
num of flexible tasks: 1
Solving time: 0.000353443 seconds
plan limit 980
current timestep 142
num of flexible agents: 65
num of flexible tasks: 0
Solving time: 0.000201919 seconds
plan limit 980
current timestep 143
num of flexible agents: 67
num of flexible tasks: 0
Solving time: 0.000204436 seconds
plan limit 980
current timestep 144
num of flexible agents: 71
num of flexible tasks: 0
Solving time: 0.00031606 seconds
plan limit 980
current timestep 145
num of flexible agents: 73
num of flexible tasks: 0
Solving time: 0.000317766 seconds
plan limit 980
current timestep 146
num of flexible agents: 74
num of flexible tasks: 0
Solving time: 0.000317858 seconds
plan limit 980
current timestep 147
num of flexible agents: 75
num of flexible tasks: 0
Solving time: 0.000249639 seconds
plan limit 980
current timestep 148
num of flexible agents: 78
num of flexible tasks: 0
Solving time: 0.000304373 seconds
plan limit 980
current timestep 149
num of flexible agents: 81
num of flexible tasks: 0
Solving time: 0.000213819 seconds
plan limit 980
current timestep 150
num of flexible agents: 82
num of flexible tasks: 0
Solving time: 0.00024114 seconds
plan limit 980
current timestep 151
num of flexible agents: 85
num of flexible tasks: 0
Solving time: 0.000212584 seconds
plan limit 980
current timestep 152
num of flexible agents: 86
num of flexible tasks: 0
Solving time: 0.000315897 seconds
plan limit 980
current timestep 153
num of flexible agents: 88
num of flexible tasks: 0
Solving time: 0.000315478 seconds
plan limit 980
current timestep 154
num of flexible agents: 89
num of flexible tasks: 0
Solving time: 0.000322446 seconds
plan limit 980
current timestep 155
num of flexible agents: 90
num of flexible tasks: 0
Solving time: 0.000235782 seconds
plan limit 980
current timestep 156
num of flexible agents: 91
num of flexible tasks: 0
Solving time: 0.000318086 seconds
plan limit 980
current timestep 157
num of flexible agents: 91
num of flexible tasks: 0
Solving time: 0.000211177 seconds
plan limit 980
current timestep 158
num of flexible agents: 94
num of flexible tasks: 0
Solving time: 0.000212524 seconds
plan limit 980
current timestep 159
num of flexible agents: 94
num of flexible tasks: 0
Solving time: 0.000330546 seconds
plan limit 980
current timestep 160
num of flexible agents: 95
num of flexible tasks: 0
Solving time: 0.000310889 seconds
plan limit 980
current timestep 161
num of flexible agents: 95
num of flexible tasks: 0
Solving time: 0.000213172 seconds
plan limit 980
current timestep 162
num of flexible agents: 96
num of flexible tasks: 0
Solving time: 0.000209053 seconds
plan limit 980
current timestep 163
num of flexible agents: 98
num of flexible tasks: 0
Solving time: 0.000245272 seconds
plan limit 980
current timestep 164
num of flexible agents: 98
num of flexible tasks: 0
Solving time: 0.000310308 seconds
plan limit 980
current timestep 165
num of flexible agents: 98
num of flexible tasks: 0
Solving time: 0.00030918 seconds
plan limit 980
current timestep 166
num of flexible agents: 98
num of flexible tasks: 0
Solving time: 0.000301393 seconds
plan limit 980
current timestep 167
num of flexible agents: 98
num of flexible tasks: 0
Solving time: 0.000302306 seconds
plan limit 980
current timestep 168
num of flexible agents: 98
num of flexible tasks: 0
Solving time: 0.000300383 seconds
plan limit 980
current timestep 169
num of flexible agents: 98
num of flexible tasks: 0
Solving time: 0.000313172 seconds
plan limit 980
current timestep 170
num of flexible agents: 98
num of flexible tasks: 0
Solving time: 0.000298716 seconds
plan limit 980
current timestep 171
num of flexible agents: 98
num of flexible tasks: 0
Solving time: 0.000305845 seconds
plan limit 980
current timestep 172
num of flexible agents: 99
num of flexible tasks: 0
Solving time: 0.000305153 seconds
plan limit 980
current timestep 173
num of flexible agents: 99
num of flexible tasks: 0
Solving time: 0.000298013 seconds
plan limit 980
current timestep 174
num of flexible agents: 99
num of flexible tasks: 0
Solving time: 0.000295274 seconds
plan limit 980
All tasks finished at timestep 175
