current timestep 0
num of flexible agents: 80
num of flexible tasks: 5
Solving time: 0.000372905 seconds
plan limit 980
current timestep 1
num of flexible agents: 78
num of flexible tasks: 8
Solving time: 0.000522045 seconds
plan limit 980
current timestep 2
num of flexible agents: 76
num of flexible tasks: 11
Solving time: 0.000364686 seconds
plan limit 980
current timestep 3
num of flexible agents: 74
num of flexible tasks: 14
Solving time: 0.000339512 seconds
plan limit 980
current timestep 4
num of flexible agents: 70
num of flexible tasks: 15
Solving time: 0.000386985 seconds
plan limit 980
current timestep 5
num of flexible agents: 69
num of flexible tasks: 19
Solving time: 0.000370628 seconds
plan limit 980
current timestep 6
num of flexible agents: 64
num of flexible tasks: 19
Solving time: 0.000347445 seconds
plan limit 980
current timestep 7
num of flexible agents: 60
num of flexible tasks: 20
Solving time: 0.000354835 seconds
plan limit 980
current timestep 8
num of flexible agents: 57
num of flexible tasks: 22
Solving time: 0.000380248 seconds
plan limit 980
current timestep 9
num of flexible agents: 55
num of flexible tasks: 24
Solving time: 0.0004607 seconds
plan limit 980
current timestep 10
num of flexible agents: 51
num of flexible tasks: 25
Solving time: 0.000476668 seconds
plan limit 980
current timestep 11
num of flexible agents: 48
num of flexible tasks: 27
Solving time: 0.000483555 seconds
plan limit 980
current timestep 12
num of flexible agents: 44
num of flexible tasks: 27
Solving time: 0.000444 seconds
plan limit 980
current timestep 13
num of flexible agents: 42
num of flexible tasks: 28
Solving time: 0.000664571 seconds
plan limit 980
current timestep 14
num of flexible agents: 39
num of flexible tasks: 29
Solving time: 0.000502835 seconds
plan limit 980
current timestep 15
num of flexible agents: 36
num of flexible tasks: 30
Solving time: 0.000548522 seconds
plan limit 980
current timestep 16
num of flexible agents: 35
num of flexible tasks: 33
Solving time: 0.000588852 seconds
plan limit 980
current timestep 17
num of flexible agents: 32
num of flexible tasks: 33
Solving time: 0.000511039 seconds
plan limit 980
current timestep 18
num of flexible agents: 32
num of flexible tasks: 35
Solving time: 0.000501704 seconds
plan limit 980
current timestep 19
num of flexible agents: 27
num of flexible tasks: 34
Solving time: 0.000629177 seconds
plan limit 980
current timestep 20
num of flexible agents: 23
num of flexible tasks: 35
Solving time: 0.000429236 seconds
plan limit 980
current timestep 21
num of flexible agents: 22
num of flexible tasks: 37
Solving time: 0.000427485 seconds
plan limit 980
current timestep 22
num of flexible agents: 22
num of flexible tasks: 40
Solving time: 0.000397122 seconds
plan limit 980
current timestep 23
num of flexible agents: 19
num of flexible tasks: 41
Solving time: 0.000518667 seconds
plan limit 980
current timestep 24
num of flexible agents: 16
num of flexible tasks: 43
Solving time: 0.000338028 seconds
plan limit 980
current timestep 25
num of flexible agents: 16
num of flexible tasks: 46
Solving time: 0.000344365 seconds
plan limit 980
current timestep 26
num of flexible agents: 12
num of flexible tasks: 47
Solving time: 0.000450246 seconds
plan limit 980
current timestep 27
num of flexible agents: 9
num of flexible tasks: 48
Solving time: 0.00029815 seconds
plan limit 980
current timestep 28
num of flexible agents: 8
num of flexible tasks: 51
Solving time: 0.000460058 seconds
plan limit 980
current timestep 29
num of flexible agents: 11
num of flexible tasks: 56
Solving time: 0.000326863 seconds
plan limit 980
current timestep 30
num of flexible agents: 11
num of flexible tasks: 58
Solving time: 0.000313254 seconds
plan limit 980
current timestep 31
num of flexible agents: 9
num of flexible tasks: 59
Solving time: 0.000439291 seconds
plan limit 980
current timestep 32
num of flexible agents: 11
num of flexible tasks: 61
Solving time: 0.000327163 seconds
plan limit 980
current timestep 33
num of flexible agents: 12
num of flexible tasks: 63
Solving time: 0.00046039 seconds
plan limit 980
current timestep 34
num of flexible agents: 13
num of flexible tasks: 66
Solving time: 0.000368886 seconds
plan limit 980
current timestep 35
num of flexible agents: 14
num of flexible tasks: 70
Solving time: 0.000339027 seconds
plan limit 980
current timestep 36
num of flexible agents: 16
num of flexible tasks: 73
Solving time: 0.00031656 seconds
plan limit 980
current timestep 37
num of flexible agents: 12
num of flexible tasks: 71
Solving time: 0.000467349 seconds
plan limit 980
current timestep 38
num of flexible agents: 10
num of flexible tasks: 71
Solving time: 0.000335916 seconds
plan limit 980
current timestep 39
num of flexible agents: 9
num of flexible tasks: 73
Solving time: 0.000325492 seconds
plan limit 980
current timestep 40
num of flexible agents: 8
num of flexible tasks: 76
Solving time: 0.000474284 seconds
plan limit 980
current timestep 41
num of flexible agents: 12
num of flexible tasks: 81
Solving time: 0.00032314 seconds
plan limit 980
current timestep 42
num of flexible agents: 11
num of flexible tasks: 82
Solving time: 0.000456231 seconds
plan limit 980
current timestep 43
num of flexible agents: 10
num of flexible tasks: 82
Solving time: 0.000314825 seconds
plan limit 980
current timestep 44
num of flexible agents: 12
num of flexible tasks: 85
Solving time: 0.000342083 seconds
plan limit 980
current timestep 45
num of flexible agents: 10
num of flexible tasks: 87
Solving time: 0.000322407 seconds
plan limit 980
current timestep 46
num of flexible agents: 15
num of flexible tasks: 90
Solving time: 0.000325705 seconds
plan limit 980
current timestep 47
num of flexible agents: 15
num of flexible tasks: 90
Solving time: 0.00032893 seconds
plan limit 980
current timestep 48
num of flexible agents: 13
num of flexible tasks: 92
Solving time: 0.000343112 seconds
plan limit 980
current timestep 49
num of flexible agents: 13
num of flexible tasks: 94
Solving time: 0.000346551 seconds
plan limit 980
current timestep 50
num of flexible agents: 7
num of flexible tasks: 90
Solving time: 0.000313958 seconds
plan limit 980
current timestep 51
num of flexible agents: 5
num of flexible tasks: 90
Solving time: 0.000280493 seconds
plan limit 980
current timestep 52
num of flexible agents: 6
num of flexible tasks: 92
Solving time: 0.000436061 seconds
plan limit 980
current timestep 53
num of flexible agents: 9
num of flexible tasks: 95
Solving time: 0.000365147 seconds
plan limit 980
current timestep 54
num of flexible agents: 6
num of flexible tasks: 96
Solving time: 0.00030868 seconds
plan limit 980
current timestep 55
num of flexible agents: 8
num of flexible tasks: 98
Solving time: 0.000306484 seconds
plan limit 980
current timestep 56
num of flexible agents: 9
num of flexible tasks: 99
Solving time: 0.000319794 seconds
plan limit 980
current timestep 57
num of flexible agents: 10
num of flexible tasks: 100
Solving time: 0.000506213 seconds
plan limit 980
current timestep 58
num of flexible agents: 11
num of flexible tasks: 103
Solving time: 0.000346282 seconds
plan limit 980
current timestep 59
num of flexible agents: 11
num of flexible tasks: 105
Solving time: 0.000325992 seconds
plan limit 980
current timestep 60
num of flexible agents: 12
num of flexible tasks: 109
Solving time: 0.000349096 seconds
plan limit 980
current timestep 61
num of flexible agents: 13
num of flexible tasks: 111
Solving time: 0.000327829 seconds
plan limit 980
current timestep 62
num of flexible agents: 11
num of flexible tasks: 111
Solving time: 0.000317756 seconds
plan limit 980
current timestep 63
num of flexible agents: 10
num of flexible tasks: 112
Solving time: 0.000315375 seconds
plan limit 980
current timestep 64
num of flexible agents: 8
num of flexible tasks: 112
Solving time: 0.000321458 seconds
plan limit 980
current timestep 65
num of flexible agents: 7
num of flexible tasks: 115
Solving time: 0.000301837 seconds
plan limit 980
current timestep 66
num of flexible agents: 9
num of flexible tasks: 119
Solving time: 0.000341701 seconds
plan limit 980
current timestep 67
num of flexible agents: 11
num of flexible tasks: 124
Solving time: 0.000290781 seconds
plan limit 980
current timestep 68
num of flexible agents: 10
num of flexible tasks: 124
Solving time: 0.000368527 seconds
plan limit 980
current timestep 69
num of flexible agents: 8
num of flexible tasks: 124
Solving time: 0.000315995 seconds
plan limit 980
current timestep 70
num of flexible agents: 6
num of flexible tasks: 125
Solving time: 0.000292881 seconds
plan limit 980
current timestep 71
num of flexible agents: 10
num of flexible tasks: 126
Solving time: 0.000318187 seconds
plan limit 980
current timestep 72
num of flexible agents: 10
num of flexible tasks: 128
Solving time: 0.0003372 seconds
plan limit 980
current timestep 73
num of flexible agents: 9
num of flexible tasks: 129
Solving time: 0.000330868 seconds
plan limit 980
current timestep 74
num of flexible agents: 9
num of flexible tasks: 130
Solving time: 0.000367317 seconds
plan limit 980
current timestep 75
num of flexible agents: 6
num of flexible tasks: 131
Solving time: 0.000323049 seconds
plan limit 980
current timestep 76
num of flexible agents: 7
num of flexible tasks: 134
Solving time: 0.000329899 seconds
plan limit 980
current timestep 77
num of flexible agents: 9
num of flexible tasks: 137
Solving time: 0.000458451 seconds
plan limit 980
current timestep 78
num of flexible agents: 10
num of flexible tasks: 140
Solving time: 0.000358174 seconds
plan limit 980
current timestep 79
num of flexible agents: 9
num of flexible tasks: 139
Solving time: 0.000311361 seconds
plan limit 980
current timestep 80
num of flexible agents: 7
num of flexible tasks: 138
Solving time: 0.000302133 seconds
plan limit 980
current timestep 81
num of flexible agents: 5
num of flexible tasks: 140
Solving time: 0.000311487 seconds
plan limit 980
current timestep 82
num of flexible agents: 9
num of flexible tasks: 144
Solving time: 0.000318941 seconds
plan limit 980
current timestep 83
num of flexible agents: 8
num of flexible tasks: 143
Solving time: 0.000324109 seconds
plan limit 980
current timestep 84
num of flexible agents: 6
num of flexible tasks: 144
Solving time: 0.00033427 seconds
plan limit 980
current timestep 85
num of flexible agents: 3
num of flexible tasks: 144
Solving time: 0.00091683 seconds
plan limit 979
current timestep 86
num of flexible agents: 6
num of flexible tasks: 146
Solving time: 0.000440131 seconds
plan limit 980
current timestep 87
num of flexible agents: 6
num of flexible tasks: 147
Solving time: 0.000323008 seconds
plan limit 980
current timestep 88
num of flexible agents: 1
num of flexible tasks: 147
Solving time: 0.000882255 seconds
plan limit 979
current timestep 89
num of flexible agents: 9
num of flexible tasks: 152
Solving time: 0.00034095 seconds
plan limit 980
current timestep 90
num of flexible agents: 3
num of flexible tasks: 150
Solving time: 0.000919586 seconds
plan limit 979
current timestep 91
num of flexible agents: 7
num of flexible tasks: 155
Solving time: 0.000411053 seconds
plan limit 980
current timestep 92
num of flexible agents: 8
num of flexible tasks: 155
Solving time: 0.000308312 seconds
plan limit 980
current timestep 93
num of flexible agents: 5
num of flexible tasks: 157
Solving time: 0.000385434 seconds
plan limit 980
current timestep 94
num of flexible agents: 9
num of flexible tasks: 160
Solving time: 0.000303547 seconds
plan limit 980
current timestep 95
num of flexible agents: 4
num of flexible tasks: 158
Solving time: 0.000826745 seconds
plan limit 980
current timestep 96
num of flexible agents: 5
num of flexible tasks: 160
Solving time: 0.000435284 seconds
plan limit 980
current timestep 97
num of flexible agents: 6
num of flexible tasks: 162
Solving time: 0.000280922 seconds
plan limit 980
current timestep 98
num of flexible agents: 4
num of flexible tasks: 163
Solving time: 0.000828141 seconds
plan limit 980
current timestep 99
num of flexible agents: 7
num of flexible tasks: 167
Solving time: 0.000433207 seconds
plan limit 980
current timestep 100
num of flexible agents: 6
num of flexible tasks: 163
Solving time: 0.000282997 seconds
plan limit 980
current timestep 101
num of flexible agents: 7
num of flexible tasks: 162
Solving time: 0.000314789 seconds
plan limit 980
current timestep 102
num of flexible agents: 5
num of flexible tasks: 159
Solving time: 0.000279911 seconds
plan limit 980
current timestep 103
num of flexible agents: 6
num of flexible tasks: 156
Solving time: 0.000397275 seconds
plan limit 980
current timestep 104
num of flexible agents: 4
num of flexible tasks: 151
Solving time: 0.000876437 seconds
plan limit 980
current timestep 105
num of flexible agents: 5
num of flexible tasks: 148
Solving time: 0.000423857 seconds
plan limit 980
current timestep 106
num of flexible agents: 6
num of flexible tasks: 146
Solving time: 0.000286041 seconds
plan limit 980
current timestep 107
num of flexible agents: 3
num of flexible tasks: 142
Solving time: 0.000926584 seconds
plan limit 979
current timestep 108
num of flexible agents: 3
num of flexible tasks: 139
Solving time: 0.000890554 seconds
plan limit 980
current timestep 109
num of flexible agents: 9
num of flexible tasks: 137
Solving time: 0.000302721 seconds
plan limit 980
current timestep 110
num of flexible agents: 11
num of flexible tasks: 133
Solving time: 0.000302795 seconds
plan limit 980
current timestep 111
num of flexible agents: 7
num of flexible tasks: 127
Solving time: 0.000317634 seconds
plan limit 980
current timestep 112
num of flexible agents: 6
num of flexible tasks: 123
Solving time: 0.000300212 seconds
plan limit 980
current timestep 113
num of flexible agents: 9
num of flexible tasks: 122
Solving time: 0.00043933 seconds
plan limit 980
current timestep 114
num of flexible agents: 7
num of flexible tasks: 118
Solving time: 0.000315906 seconds
plan limit 980
current timestep 115
num of flexible agents: 6
num of flexible tasks: 114
Solving time: 0.000415874 seconds
plan limit 980
current timestep 116
num of flexible agents: 7
num of flexible tasks: 114
Solving time: 0.000355247 seconds
plan limit 980
current timestep 117
num of flexible agents: 8
num of flexible tasks: 110
Solving time: 0.000432755 seconds
plan limit 980
current timestep 118
num of flexible agents: 14
num of flexible tasks: 108
Solving time: 0.000321058 seconds
plan limit 980
current timestep 119
num of flexible agents: 11
num of flexible tasks: 102
Solving time: 0.000336703 seconds
plan limit 980
current timestep 120
num of flexible agents: 10
num of flexible tasks: 98
Solving time: 0.000451414 seconds
plan limit 980
current timestep 121
num of flexible agents: 7
num of flexible tasks: 94
Solving time: 0.000311788 seconds
plan limit 980
current timestep 122
num of flexible agents: 10
num of flexible tasks: 94
Solving time: 0.00046195 seconds
plan limit 980
current timestep 123
num of flexible agents: 7
num of flexible tasks: 90
Solving time: 0.000333217 seconds
plan limit 980
current timestep 124
num of flexible agents: 5
num of flexible tasks: 88
Solving time: 0.000426284 seconds
plan limit 980
current timestep 125
num of flexible agents: 9
num of flexible tasks: 88
Solving time: 0.000324976 seconds
plan limit 980
current timestep 126
num of flexible agents: 13
num of flexible tasks: 88
Solving time: 0.000335013 seconds
plan limit 980
current timestep 127
num of flexible agents: 15
num of flexible tasks: 85
Solving time: 0.000336117 seconds
plan limit 980
current timestep 128
num of flexible agents: 16
num of flexible tasks: 81
Solving time: 0.000341809 seconds
plan limit 980
current timestep 129
num of flexible agents: 12
num of flexible tasks: 74
Solving time: 0.000331809 seconds
plan limit 980
current timestep 130
num of flexible agents: 17
num of flexible tasks: 69
Solving time: 0.000376473 seconds
plan limit 980
current timestep 131
num of flexible agents: 19
num of flexible tasks: 67
Solving time: 0.000367373 seconds
plan limit 980
current timestep 132
num of flexible agents: 18
num of flexible tasks: 64
Solving time: 0.000385996 seconds
plan limit 980
current timestep 133
num of flexible agents: 18
num of flexible tasks: 61
Solving time: 0.000401207 seconds
plan limit 980
current timestep 134
num of flexible agents: 18
num of flexible tasks: 61
Solving time: 0.000393405 seconds
plan limit 980
current timestep 135
num of flexible agents: 17
num of flexible tasks: 56
Solving time: 0.000362057 seconds
plan limit 980
current timestep 136
num of flexible agents: 16
num of flexible tasks: 53
Solving time: 0.000390842 seconds
plan limit 980
current timestep 137
num of flexible agents: 16
num of flexible tasks: 52
Solving time: 0.00035379 seconds
plan limit 980
current timestep 138
num of flexible agents: 19
num of flexible tasks: 50
Solving time: 0.000526689 seconds
plan limit 980
current timestep 139
num of flexible agents: 20
num of flexible tasks: 47
Solving time: 0.000398701 seconds
plan limit 980
current timestep 140
num of flexible agents: 20
num of flexible tasks: 44
Solving time: 0.000382779 seconds
plan limit 980
current timestep 141
num of flexible agents: 19
num of flexible tasks: 41
Solving time: 0.000380325 seconds
plan limit 980
current timestep 142
num of flexible agents: 24
num of flexible tasks: 40
Solving time: 0.000443315 seconds
plan limit 980
current timestep 143
num of flexible agents: 29
num of flexible tasks: 38
Solving time: 0.000454359 seconds
plan limit 980
current timestep 144
num of flexible agents: 26
num of flexible tasks: 34
Solving time: 0.000428456 seconds
plan limit 980
current timestep 145
num of flexible agents: 26
num of flexible tasks: 31
Solving time: 0.000503694 seconds
plan limit 980
current timestep 146
num of flexible agents: 26
num of flexible tasks: 29
Solving time: 0.000500399 seconds
plan limit 980
current timestep 147
num of flexible agents: 23
num of flexible tasks: 25
Solving time: 0.000762273 seconds
plan limit 980
current timestep 148
num of flexible agents: 26
num of flexible tasks: 24
Solving time: 0.000586238 seconds
plan limit 980
current timestep 149
num of flexible agents: 26
num of flexible tasks: 23
Solving time: 0.000692302 seconds
plan limit 980
current timestep 150
num of flexible agents: 26
num of flexible tasks: 22
Solving time: 0.000476271 seconds
plan limit 980
current timestep 151
num of flexible agents: 24
num of flexible tasks: 19
Solving time: 0.000445863 seconds
plan limit 980
current timestep 152
num of flexible agents: 24
num of flexible tasks: 17
Solving time: 0.000336661 seconds
plan limit 980
current timestep 153
num of flexible agents: 26
num of flexible tasks: 16
Solving time: 0.000484163 seconds
plan limit 980
current timestep 154
num of flexible agents: 26
num of flexible tasks: 15
Solving time: 0.000388923 seconds
plan limit 980
current timestep 155
num of flexible agents: 27
num of flexible tasks: 13
Solving time: 0.000326743 seconds
plan limit 980
current timestep 156
num of flexible agents: 32
num of flexible tasks: 13
Solving time: 0.000284377 seconds
plan limit 980
current timestep 157
num of flexible agents: 36
num of flexible tasks: 12
Solving time: 0.000270901 seconds
plan limit 980
current timestep 158
num of flexible agents: 40
num of flexible tasks: 10
Solving time: 0.000278451 seconds
plan limit 980
current timestep 159
num of flexible agents: 36
num of flexible tasks: 4
Solving time: 0.000244026 seconds
plan limit 980
current timestep 160
num of flexible agents: 35
num of flexible tasks: 2
Solving time: 0.000235786 seconds
plan limit 980
current timestep 161
num of flexible agents: 36
num of flexible tasks: 1
Solving time: 0.000249168 seconds
plan limit 980
current timestep 162
num of flexible agents: 38
num of flexible tasks: 0
Solving time: 0.00020452 seconds
plan limit 980
current timestep 163
num of flexible agents: 40
num of flexible tasks: 0
Solving time: 0.000214527 seconds
plan limit 980
current timestep 164
num of flexible agents: 44
num of flexible tasks: 0
Solving time: 0.000224003 seconds
plan limit 980
current timestep 165
num of flexible agents: 44
num of flexible tasks: 0
Solving time: 0.000208553 seconds
plan limit 980
current timestep 166
num of flexible agents: 45
num of flexible tasks: 0
Solving time: 0.00021705 seconds
plan limit 980
current timestep 167
num of flexible agents: 48
num of flexible tasks: 0
Solving time: 0.000205859 seconds
plan limit 980
current timestep 168
num of flexible agents: 51
num of flexible tasks: 0
Solving time: 0.00021377 seconds
plan limit 980
current timestep 169
num of flexible agents: 53
num of flexible tasks: 0
Solving time: 0.000213561 seconds
plan limit 980
current timestep 170
num of flexible agents: 56
num of flexible tasks: 0
Solving time: 0.000221241 seconds
plan limit 980
current timestep 171
num of flexible agents: 58
num of flexible tasks: 0
Solving time: 0.000226461 seconds
plan limit 980
current timestep 172
num of flexible agents: 59
num of flexible tasks: 0
Solving time: 0.000209108 seconds
plan limit 980
current timestep 173
num of flexible agents: 60
num of flexible tasks: 0
Solving time: 0.000228809 seconds
plan limit 980
current timestep 174
num of flexible agents: 62
num of flexible tasks: 0
Solving time: 0.000217782 seconds
plan limit 980
current timestep 175
num of flexible agents: 62
num of flexible tasks: 0
Solving time: 0.000228068 seconds
plan limit 980
current timestep 176
num of flexible agents: 64
num of flexible tasks: 0
Solving time: 0.000214454 seconds
plan limit 980
current timestep 177
num of flexible agents: 65
num of flexible tasks: 0
Solving time: 0.000308361 seconds
plan limit 980
current timestep 178
num of flexible agents: 67
num of flexible tasks: 0
Solving time: 0.000227527 seconds
plan limit 980
current timestep 179
num of flexible agents: 67
num of flexible tasks: 0
Solving time: 0.000225979 seconds
plan limit 980
current timestep 180
num of flexible agents: 68
num of flexible tasks: 0
Solving time: 0.000294759 seconds
plan limit 980
current timestep 181
num of flexible agents: 69
num of flexible tasks: 0
Solving time: 0.000224692 seconds
plan limit 980
current timestep 182
num of flexible agents: 70
num of flexible tasks: 0
Solving time: 0.000252201 seconds
plan limit 980
current timestep 183
num of flexible agents: 71
num of flexible tasks: 0
Solving time: 0.000214462 seconds
plan limit 980
current timestep 184
num of flexible agents: 72
num of flexible tasks: 0
Solving time: 0.000237336 seconds
plan limit 980
current timestep 185
num of flexible agents: 72
num of flexible tasks: 0
Solving time: 0.000226053 seconds
plan limit 980
current timestep 186
num of flexible agents: 72
num of flexible tasks: 0
Solving time: 0.000226979 seconds
plan limit 980
current timestep 187
num of flexible agents: 74
num of flexible tasks: 0
Solving time: 0.000228876 seconds
plan limit 980
current timestep 188
num of flexible agents: 76
num of flexible tasks: 0
Solving time: 0.000211941 seconds
plan limit 980
current timestep 189
num of flexible agents: 77
num of flexible tasks: 0
Solving time: 0.000219271 seconds
plan limit 980
current timestep 190
num of flexible agents: 77
num of flexible tasks: 0
Solving time: 0.000237055 seconds
plan limit 980
current timestep 191
num of flexible agents: 79
num of flexible tasks: 0
Solving time: 0.000220153 seconds
plan limit 980
current timestep 192
num of flexible agents: 79
num of flexible tasks: 0
Solving time: 0.000216477 seconds
plan limit 980
current timestep 193
num of flexible agents: 79
num of flexible tasks: 0
Solving time: 0.000227748 seconds
plan limit 980
All tasks finished at timestep 194
