current timestep 0
num of flexible agents: 50
num of flexible tasks: 10
Solving time: 0.000373508 seconds
plan limit 980
current timestep 1
num of flexible agents: 46
num of flexible tasks: 16
Solving time: 0.000629287 seconds
plan limit 980
current timestep 2
num of flexible agents: 44
num of flexible tasks: 24
Solving time: 0.000519471 seconds
plan limit 980
current timestep 3
num of flexible agents: 42
num of flexible tasks: 32
Solving time: 0.000541359 seconds
plan limit 980
current timestep 4
num of flexible agents: 40
num of flexible tasks: 40
Solving time: 0.000735409 seconds
plan limit 980
current timestep 5
num of flexible agents: 36
num of flexible tasks: 46
Solving time: 0.000486473 seconds
plan limit 980
current timestep 6
num of flexible agents: 31
num of flexible tasks: 50
Solving time: 0.000649108 seconds
plan limit 980
current timestep 7
num of flexible agents: 27
num of flexible tasks: 56
Solving time: 0.000401799 seconds
plan limit 980
current timestep 8
num of flexible agents: 21
num of flexible tasks: 60
Solving time: 0.000513975 seconds
plan limit 980
current timestep 9
num of flexible agents: 19
num of flexible tasks: 68
Solving time: 0.000351498 seconds
plan limit 980
current timestep 10
num of flexible agents: 13
num of flexible tasks: 72
Solving time: 0.000475535 seconds
plan limit 980
current timestep 11
num of flexible agents: 9
num of flexible tasks: 78
Solving time: 0.00028477 seconds
plan limit 980
current timestep 12
num of flexible agents: 6
num of flexible tasks: 84
Solving time: 0.00041196 seconds
plan limit 980
current timestep 13
num of flexible agents: 5
num of flexible tasks: 91
Solving time: 0.000300288 seconds
plan limit 980
current timestep 14
num of flexible agents: 6
num of flexible tasks: 100
Solving time: 0.000280266 seconds
plan limit 980
current timestep 15
num of flexible agents: 7
num of flexible tasks: 109
Solving time: 0.000426875 seconds
plan limit 980
current timestep 16
num of flexible agents: 8
num of flexible tasks: 118
Solving time: 0.000301624 seconds
plan limit 980
current timestep 17
num of flexible agents: 3
num of flexible tasks: 123
Solving time: 0.000947233 seconds
plan limit 979
current timestep 18
num of flexible agents: 3
num of flexible tasks: 132
Solving time: 0.000866456 seconds
plan limit 979
current timestep 19
num of flexible agents: 2
num of flexible tasks: 139
Solving time: 0.000760762 seconds
plan limit 980
current timestep 20
num of flexible agents: 2
num of flexible tasks: 148
Solving time: 0.000916284 seconds
plan limit 979
current timestep 21
num of flexible agents: 1
num of flexible tasks: 157
Solving time: 0.000744103 seconds
plan limit 980
current timestep 22
num of flexible agents: 2
num of flexible tasks: 166
Solving time: 0.000777838 seconds
plan limit 980
current timestep 23
num of flexible agents: 1
num of flexible tasks: 174
Solving time: 0.00072984 seconds
plan limit 980
current timestep 24
num of flexible agents: 3
num of flexible tasks: 184
Solving time: 0.000828404 seconds
plan limit 980
current timestep 25
num of flexible agents: 5
num of flexible tasks: 192
Solving time: 0.00107916 seconds
plan limit 979
current timestep 26
num of flexible agents: 3
num of flexible tasks: 199
Solving time: 0.000831481 seconds
plan limit 980
current timestep 27
num of flexible agents: 4
num of flexible tasks: 207
Solving time: 0.000885257 seconds
plan limit 980
current timestep 28
num of flexible agents: 4
num of flexible tasks: 214
Solving time: 0.000934441 seconds
plan limit 979
current timestep 29
num of flexible agents: 4
num of flexible tasks: 222
Solving time: 0.00104903 seconds
plan limit 979
current timestep 30
num of flexible agents: 2
num of flexible tasks: 230
Solving time: 0.000759945 seconds
plan limit 980
current timestep 31
num of flexible agents: 3
num of flexible tasks: 238
Solving time: 0.000981794 seconds
plan limit 979
current timestep 32
num of flexible agents: 3
num of flexible tasks: 245
Solving time: 0.00100682 seconds
plan limit 979
current timestep 33
num of flexible agents: 6
num of flexible tasks: 252
Solving time: 0.000298755 seconds
plan limit 980
current timestep 34
num of flexible agents: 5
num of flexible tasks: 259
Solving time: 0.00105298 seconds
plan limit 979
current timestep 35
num of flexible agents: 6
num of flexible tasks: 266
Solving time: 0.000288153 seconds
plan limit 980
current timestep 36
num of flexible agents: 4
num of flexible tasks: 271
Solving time: 0.00104582 seconds
plan limit 979
current timestep 37
num of flexible agents: 5
num of flexible tasks: 278
Solving time: 0.000891083 seconds
plan limit 979
current timestep 38
num of flexible agents: 0
num of flexible tasks: 283
Solving time: 0.000351493 seconds
plan limit 980
current timestep 39
num of flexible agents: 0
num of flexible tasks: 293
Solving time: 0.000231138 seconds
plan limit 980
current timestep 40
num of flexible agents: 1
num of flexible tasks: 303
Solving time: 0.00076241 seconds
plan limit 980
current timestep 41
num of flexible agents: 2
num of flexible tasks: 312
Solving time: 0.00071587 seconds
plan limit 980
current timestep 42
num of flexible agents: 5
num of flexible tasks: 320
Solving time: 0.00107515 seconds
plan limit 979
current timestep 43
num of flexible agents: 3
num of flexible tasks: 326
Solving time: 0.000845551 seconds
plan limit 979
current timestep 44
num of flexible agents: 3
num of flexible tasks: 333
Solving time: 0.000794367 seconds
plan limit 980
current timestep 45
num of flexible agents: 0
num of flexible tasks: 340
Solving time: 0.000253351 seconds
plan limit 980
current timestep 46
num of flexible agents: 4
num of flexible tasks: 350
Solving time: 0.0008682 seconds
plan limit 979
current timestep 47
num of flexible agents: 2
num of flexible tasks: 356
Solving time: 0.000714106 seconds
plan limit 980
current timestep 48
num of flexible agents: 1
num of flexible tasks: 364
Solving time: 0.000726714 seconds
plan limit 980
current timestep 49
num of flexible agents: 5
num of flexible tasks: 373
Solving time: 0.0010927 seconds
plan limit 979
current timestep 50
num of flexible agents: 2
num of flexible tasks: 368
Solving time: 0.000744153 seconds
plan limit 980
current timestep 51
num of flexible agents: 4
num of flexible tasks: 366
Solving time: 0.000852649 seconds
plan limit 980
current timestep 52
num of flexible agents: 2
num of flexible tasks: 362
Solving time: 0.000862188 seconds
plan limit 979
current timestep 53
num of flexible agents: 2
num of flexible tasks: 360
Solving time: 0.000710428 seconds
plan limit 980
current timestep 54
num of flexible agents: 3
num of flexible tasks: 358
Solving time: 0.000945585 seconds
plan limit 979
current timestep 55
num of flexible agents: 1
num of flexible tasks: 355
Solving time: 0.000624708 seconds
plan limit 980
current timestep 56
num of flexible agents: 4
num of flexible tasks: 354
Solving time: 0.00101234 seconds
plan limit 979
current timestep 57
num of flexible agents: 3
num of flexible tasks: 350
Solving time: 0.000768411 seconds
plan limit 980
current timestep 58
num of flexible agents: 6
num of flexible tasks: 349
Solving time: 0.000474978 seconds
plan limit 980
current timestep 59
num of flexible agents: 3
num of flexible tasks: 345
Solving time: 0.000780528 seconds
plan limit 980
current timestep 60
num of flexible agents: 1
num of flexible tasks: 342
Solving time: 0.000580918 seconds
plan limit 980
current timestep 61
num of flexible agents: 2
num of flexible tasks: 341
Solving time: 0.000714629 seconds
plan limit 980
current timestep 62
num of flexible agents: 2
num of flexible tasks: 339
Solving time: 0.000868397 seconds
plan limit 979
current timestep 63
num of flexible agents: 3
num of flexible tasks: 338
Solving time: 0.000810622 seconds
plan limit 980
current timestep 64
num of flexible agents: 4
num of flexible tasks: 336
Solving time: 0.00104896 seconds
plan limit 979
current timestep 65
num of flexible agents: 5
num of flexible tasks: 333
Solving time: 0.000933392 seconds
plan limit 979
current timestep 66
num of flexible agents: 4
num of flexible tasks: 329
Solving time: 0.00106431 seconds
plan limit 979
current timestep 67
num of flexible agents: 2
num of flexible tasks: 325
Solving time: 0.000704232 seconds
plan limit 980
current timestep 68
num of flexible agents: 1
num of flexible tasks: 323
Solving time: 0.000759552 seconds
plan limit 980
current timestep 69
num of flexible agents: 3
num of flexible tasks: 322
Solving time: 0.000761619 seconds
plan limit 980
current timestep 70
num of flexible agents: 2
num of flexible tasks: 319
Solving time: 0.000900981 seconds
plan limit 979
current timestep 71
num of flexible agents: 5
num of flexible tasks: 317
Solving time: 0.000959353 seconds
plan limit 979
current timestep 72
num of flexible agents: 4
num of flexible tasks: 314
Solving time: 0.000885657 seconds
plan limit 979
current timestep 73
num of flexible agents: 2
num of flexible tasks: 310
Solving time: 0.000880778 seconds
plan limit 979
current timestep 74
num of flexible agents: 3
num of flexible tasks: 308
Solving time: 0.000787838 seconds
plan limit 980
current timestep 75
num of flexible agents: 3
num of flexible tasks: 306
Solving time: 0.000959773 seconds
plan limit 979
current timestep 76
num of flexible agents: 2
num of flexible tasks: 303
Solving time: 0.000704909 seconds
plan limit 980
current timestep 77
num of flexible agents: 1
num of flexible tasks: 301
Solving time: 0.000623367 seconds
plan limit 980
current timestep 78
num of flexible agents: 1
num of flexible tasks: 300
Solving time: 0.000751648 seconds
plan limit 980
current timestep 79
num of flexible agents: 2
num of flexible tasks: 300
Solving time: 0.000698893 seconds
plan limit 980
current timestep 80
num of flexible agents: 2
num of flexible tasks: 299
Solving time: 0.000859579 seconds
plan limit 979
current timestep 81
num of flexible agents: 4
num of flexible tasks: 298
Solving time: 0.000886307 seconds
plan limit 979
current timestep 82
num of flexible agents: 7
num of flexible tasks: 296
Solving time: 0.00042276 seconds
plan limit 980
current timestep 83
num of flexible agents: 4
num of flexible tasks: 292
Solving time: 0.000901897 seconds
plan limit 979
current timestep 84
num of flexible agents: 3
num of flexible tasks: 289
Solving time: 0.000958156 seconds
plan limit 979
current timestep 85
num of flexible agents: 5
num of flexible tasks: 288
Solving time: 0.000922683 seconds
plan limit 979
current timestep 86
num of flexible agents: 6
num of flexible tasks: 285
Solving time: 0.000476376 seconds
plan limit 980
current timestep 87
num of flexible agents: 4
num of flexible tasks: 281
Solving time: 0.000895312 seconds
plan limit 979
current timestep 88
num of flexible agents: 2
num of flexible tasks: 279
Solving time: 0.000739161 seconds
plan limit 980
current timestep 89
num of flexible agents: 1
num of flexible tasks: 277
Solving time: 0.000648007 seconds
plan limit 980
current timestep 90
num of flexible agents: 1
num of flexible tasks: 276
Solving time: 0.000646383 seconds
plan limit 980
current timestep 91
num of flexible agents: 2
num of flexible tasks: 275
Solving time: 0.000708696 seconds
plan limit 980
current timestep 92
num of flexible agents: 2
num of flexible tasks: 273
Solving time: 0.000716368 seconds
plan limit 980
current timestep 93
num of flexible agents: 3
num of flexible tasks: 271
Solving time: 0.000947646 seconds
plan limit 979
current timestep 94
num of flexible agents: 7
num of flexible tasks: 268
Solving time: 0.000300271 seconds
plan limit 980
current timestep 95
num of flexible agents: 4
num of flexible tasks: 263
Solving time: 0.00107815 seconds
plan limit 979
current timestep 96
num of flexible agents: 2
num of flexible tasks: 260
Solving time: 0.000718612 seconds
plan limit 980
current timestep 97
num of flexible agents: 4
num of flexible tasks: 259
Solving time: 0.000903588 seconds
plan limit 979
current timestep 98
num of flexible agents: 5
num of flexible tasks: 256
Solving time: 0.00109222 seconds
plan limit 979
current timestep 99
num of flexible agents: 2
num of flexible tasks: 252
Solving time: 0.000718883 seconds
plan limit 980
current timestep 100
num of flexible agents: 3
num of flexible tasks: 250
Solving time: 0.000982478 seconds
plan limit 979
current timestep 101
num of flexible agents: 1
num of flexible tasks: 248
Solving time: 0.00067631 seconds
plan limit 980
current timestep 102
num of flexible agents: 0
num of flexible tasks: 247
Solving time: 0.000345881 seconds
plan limit 980
current timestep 103
num of flexible agents: 4
num of flexible tasks: 247
Solving time: 0.000902849 seconds
plan limit 979
current timestep 104
num of flexible agents: 3
num of flexible tasks: 243
Solving time: 0.00096884 seconds
plan limit 979
current timestep 105
num of flexible agents: 2
num of flexible tasks: 240
Solving time: 0.000749659 seconds
plan limit 980
current timestep 106
num of flexible agents: 3
num of flexible tasks: 239
Solving time: 0.000803826 seconds
plan limit 980
current timestep 107
num of flexible agents: 2
num of flexible tasks: 236
Solving time: 0.000915745 seconds
plan limit 979
current timestep 108
num of flexible agents: 2
num of flexible tasks: 235
Solving time: 0.000748881 seconds
plan limit 980
current timestep 109
num of flexible agents: 4
num of flexible tasks: 235
Solving time: 0.0010903 seconds
plan limit 979
current timestep 110
num of flexible agents: 7
num of flexible tasks: 232
Solving time: 0.000319626 seconds
plan limit 980
current timestep 111
num of flexible agents: 7
num of flexible tasks: 230
Solving time: 0.000460537 seconds
plan limit 980
current timestep 112
num of flexible agents: 8
num of flexible tasks: 226
Solving time: 0.000483189 seconds
plan limit 980
current timestep 113
num of flexible agents: 7
num of flexible tasks: 221
Solving time: 0.000322996 seconds
plan limit 980
current timestep 114
num of flexible agents: 7
num of flexible tasks: 219
Solving time: 0.000303448 seconds
plan limit 980
current timestep 115
num of flexible agents: 0
num of flexible tasks: 212
Solving time: 0.000297979 seconds
plan limit 980
current timestep 116
num of flexible agents: 2
num of flexible tasks: 212
Solving time: 0.000740289 seconds
plan limit 980
current timestep 117
num of flexible agents: 1
num of flexible tasks: 211
Solving time: 0.000735778 seconds
plan limit 980
current timestep 118
num of flexible agents: 2
num of flexible tasks: 210
Solving time: 0.000893479 seconds
plan limit 979
current timestep 119
num of flexible agents: 3
num of flexible tasks: 210
Solving time: 0.000965176 seconds
plan limit 979
current timestep 120
num of flexible agents: 1
num of flexible tasks: 208
Solving time: 0.000896212 seconds
plan limit 979
current timestep 121
num of flexible agents: 4
num of flexible tasks: 208
Solving time: 0.000849859 seconds
plan limit 980
current timestep 122
num of flexible agents: 4
num of flexible tasks: 205
Solving time: 0.000857307 seconds
plan limit 980
current timestep 123
num of flexible agents: 3
num of flexible tasks: 202
Solving time: 0.000954221 seconds
plan limit 979
current timestep 124
num of flexible agents: 3
num of flexible tasks: 201
Solving time: 0.000806029 seconds
plan limit 980
current timestep 125
num of flexible agents: 5
num of flexible tasks: 200
Solving time: 0.000912418 seconds
plan limit 979
current timestep 126
num of flexible agents: 7
num of flexible tasks: 198
Solving time: 0.00046533 seconds
plan limit 980
current timestep 127
num of flexible agents: 8
num of flexible tasks: 194
Solving time: 0.000439626 seconds
plan limit 980
current timestep 128
num of flexible agents: 5
num of flexible tasks: 189
Solving time: 0.000924043 seconds
plan limit 979
current timestep 129
num of flexible agents: 4
num of flexible tasks: 186
Solving time: 0.000904156 seconds
plan limit 979
current timestep 130
num of flexible agents: 4
num of flexible tasks: 185
Solving time: 0.00102753 seconds
plan limit 979
current timestep 131
num of flexible agents: 4
num of flexible tasks: 184
Solving time: 0.000857771 seconds
plan limit 980
current timestep 132
num of flexible agents: 2
num of flexible tasks: 181
Solving time: 0.000962728 seconds
plan limit 979
current timestep 133
num of flexible agents: 2
num of flexible tasks: 180
Solving time: 0.000944917 seconds
plan limit 979
current timestep 134
num of flexible agents: 4
num of flexible tasks: 178
Solving time: 0.000866294 seconds
plan limit 980
current timestep 135
num of flexible agents: 2
num of flexible tasks: 176
Solving time: 0.000936541 seconds
plan limit 979
current timestep 136
num of flexible agents: 4
num of flexible tasks: 175
Solving time: 0.000868536 seconds
plan limit 980
current timestep 137
num of flexible agents: 5
num of flexible tasks: 173
Solving time: 0.00110994 seconds
plan limit 979
current timestep 138
num of flexible agents: 4
num of flexible tasks: 171
Solving time: 0.000868607 seconds
plan limit 980
current timestep 139
num of flexible agents: 5
num of flexible tasks: 170
Solving time: 0.000925697 seconds
plan limit 979
current timestep 140
num of flexible agents: 6
num of flexible tasks: 167
Solving time: 0.000311496 seconds
plan limit 980
current timestep 141
num of flexible agents: 3
num of flexible tasks: 164
Solving time: 0.00105262 seconds
plan limit 979
current timestep 142
num of flexible agents: 2
num of flexible tasks: 163
Solving time: 0.000805214 seconds
plan limit 980
current timestep 143
num of flexible agents: 4
num of flexible tasks: 161
Solving time: 0.00103776 seconds
plan limit 979
current timestep 144
num of flexible agents: 6
num of flexible tasks: 159
Solving time: 0.00030791 seconds
plan limit 980
current timestep 145
num of flexible agents: 8
num of flexible tasks: 157
Solving time: 0.000474452 seconds
plan limit 980
current timestep 146
num of flexible agents: 8
num of flexible tasks: 154
Solving time: 0.000317132 seconds
plan limit 980
current timestep 147
num of flexible agents: 8
num of flexible tasks: 150
Solving time: 0.000318005 seconds
plan limit 980
current timestep 148
num of flexible agents: 6
num of flexible tasks: 147
Solving time: 0.000456104 seconds
plan limit 980
current timestep 149
num of flexible agents: 6
num of flexible tasks: 147
Solving time: 0.000459997 seconds
plan limit 980
current timestep 150
num of flexible agents: 9
num of flexible tasks: 145
Solving time: 0.000320963 seconds
plan limit 980
current timestep 151
num of flexible agents: 9
num of flexible tasks: 144
Solving time: 0.000463088 seconds
plan limit 980
current timestep 152
num of flexible agents: 12
num of flexible tasks: 142
Solving time: 0.000339817 seconds
plan limit 980
current timestep 153
num of flexible agents: 12
num of flexible tasks: 140
Solving time: 0.000499572 seconds
plan limit 980
current timestep 154
num of flexible agents: 10
num of flexible tasks: 137
Solving time: 0.00032581 seconds
plan limit 980
current timestep 155
num of flexible agents: 10
num of flexible tasks: 133
Solving time: 0.000329153 seconds
plan limit 980
current timestep 156
num of flexible agents: 9
num of flexible tasks: 130
Solving time: 0.000499112 seconds
plan limit 980
current timestep 157
num of flexible agents: 11
num of flexible tasks: 129
Solving time: 0.00033138 seconds
plan limit 980
current timestep 158
num of flexible agents: 11
num of flexible tasks: 125
Solving time: 0.000494549 seconds
plan limit 980
current timestep 159
num of flexible agents: 8
num of flexible tasks: 122
Solving time: 0.000470922 seconds
plan limit 980
current timestep 160
num of flexible agents: 9
num of flexible tasks: 122
Solving time: 0.000496961 seconds
plan limit 980
current timestep 161
num of flexible agents: 9
num of flexible tasks: 121
Solving time: 0.000465936 seconds
plan limit 980
current timestep 162
num of flexible agents: 10
num of flexible tasks: 120
Solving time: 0.000477096 seconds
plan limit 980
current timestep 163
num of flexible agents: 9
num of flexible tasks: 118
Solving time: 0.000318694 seconds
plan limit 980
current timestep 164
num of flexible agents: 9
num of flexible tasks: 117
Solving time: 0.000479981 seconds
plan limit 980
current timestep 165
num of flexible agents: 9
num of flexible tasks: 116
Solving time: 0.000353401 seconds
plan limit 980
current timestep 166
num of flexible agents: 10
num of flexible tasks: 116
Solving time: 0.000467174 seconds
plan limit 980
current timestep 167
num of flexible agents: 12
num of flexible tasks: 116
Solving time: 0.000345228 seconds
plan limit 980
current timestep 168
num of flexible agents: 10
num of flexible tasks: 112
Solving time: 0.000328199 seconds
plan limit 980
current timestep 169
num of flexible agents: 11
num of flexible tasks: 110
Solving time: 0.000320617 seconds
plan limit 980
current timestep 170
num of flexible agents: 12
num of flexible tasks: 109
Solving time: 0.000505224 seconds
plan limit 980
current timestep 171
num of flexible agents: 9
num of flexible tasks: 105
Solving time: 0.000333319 seconds
plan limit 980
current timestep 172
num of flexible agents: 6
num of flexible tasks: 102
Solving time: 0.000319302 seconds
plan limit 980
current timestep 173
num of flexible agents: 5
num of flexible tasks: 100
Solving time: 0.000957522 seconds
plan limit 979
current timestep 174
num of flexible agents: 5
num of flexible tasks: 99
Solving time: 0.000963842 seconds
plan limit 979
current timestep 175
num of flexible agents: 8
num of flexible tasks: 98
Solving time: 0.000428445 seconds
plan limit 980
current timestep 176
num of flexible agents: 6
num of flexible tasks: 93
Solving time: 0.000340566 seconds
plan limit 980
current timestep 177
num of flexible agents: 6
num of flexible tasks: 92
Solving time: 0.000316513 seconds
plan limit 980
current timestep 178
num of flexible agents: 7
num of flexible tasks: 92
Solving time: 0.000451315 seconds
plan limit 980
current timestep 179
num of flexible agents: 7
num of flexible tasks: 92
Solving time: 0.000441242 seconds
plan limit 980
current timestep 180
num of flexible agents: 6
num of flexible tasks: 90
Solving time: 0.000304452 seconds
plan limit 980
current timestep 181
num of flexible agents: 6
num of flexible tasks: 88
Solving time: 0.000322883 seconds
plan limit 980
current timestep 182
num of flexible agents: 9
num of flexible tasks: 87
Solving time: 0.000307107 seconds
plan limit 980
current timestep 183
num of flexible agents: 10
num of flexible tasks: 85
Solving time: 0.000472709 seconds
plan limit 980
current timestep 184
num of flexible agents: 9
num of flexible tasks: 81
Solving time: 0.000326579 seconds
plan limit 980
current timestep 185
num of flexible agents: 9
num of flexible tasks: 79
Solving time: 0.000498468 seconds
plan limit 980
current timestep 186
num of flexible agents: 9
num of flexible tasks: 77
Solving time: 0.000486208 seconds
plan limit 980
current timestep 187
num of flexible agents: 9
num of flexible tasks: 75
Solving time: 0.000311125 seconds
plan limit 980
current timestep 188
num of flexible agents: 9
num of flexible tasks: 73
Solving time: 0.000469147 seconds
plan limit 980
current timestep 189
num of flexible agents: 7
num of flexible tasks: 71
Solving time: 0.000471151 seconds
plan limit 980
current timestep 190
num of flexible agents: 5
num of flexible tasks: 68
Solving time: 0.0011608 seconds
plan limit 979
current timestep 191
num of flexible agents: 9
num of flexible tasks: 68
Solving time: 0.000489987 seconds
plan limit 980
current timestep 192
num of flexible agents: 12
num of flexible tasks: 66
Solving time: 0.000370452 seconds
plan limit 980
current timestep 193
num of flexible agents: 12
num of flexible tasks: 64
Solving time: 0.000509154 seconds
plan limit 980
current timestep 194
num of flexible agents: 11
num of flexible tasks: 60
Solving time: 0.000367051 seconds
plan limit 980
current timestep 195
num of flexible agents: 13
num of flexible tasks: 59
Solving time: 0.000381051 seconds
plan limit 980
current timestep 196
num of flexible agents: 10
num of flexible tasks: 55
Solving time: 0.000540012 seconds
plan limit 980
current timestep 197
num of flexible agents: 11
num of flexible tasks: 55
Solving time: 0.000349828 seconds
plan limit 980
current timestep 198
num of flexible agents: 10
num of flexible tasks: 53
Solving time: 0.000522577 seconds
plan limit 980
current timestep 199
num of flexible agents: 15
num of flexible tasks: 53
Solving time: 0.000390185 seconds
plan limit 980
current timestep 200
num of flexible agents: 13
num of flexible tasks: 50
Solving time: 0.000407927 seconds
plan limit 980
current timestep 201
num of flexible agents: 13
num of flexible tasks: 49
Solving time: 0.000581014 seconds
plan limit 980
current timestep 202
num of flexible agents: 14
num of flexible tasks: 48
Solving time: 0.000407683 seconds
plan limit 980
current timestep 203
num of flexible agents: 12
num of flexible tasks: 46
Solving time: 0.000514802 seconds
plan limit 980
current timestep 204
num of flexible agents: 13
num of flexible tasks: 44
Solving time: 0.000352159 seconds
plan limit 980
current timestep 205
num of flexible agents: 12
num of flexible tasks: 43
Solving time: 0.000506238 seconds
plan limit 980
current timestep 206
num of flexible agents: 14
num of flexible tasks: 42
Solving time: 0.000389563 seconds
plan limit 980
current timestep 207
num of flexible agents: 15
num of flexible tasks: 40
Solving time: 0.000374332 seconds
plan limit 980
current timestep 208
num of flexible agents: 14
num of flexible tasks: 36
Solving time: 0.000402959 seconds
plan limit 980
current timestep 209
num of flexible agents: 13
num of flexible tasks: 34
Solving time: 0.000601043 seconds
plan limit 980
current timestep 210
num of flexible agents: 12
num of flexible tasks: 32
Solving time: 0.000410699 seconds
plan limit 980
current timestep 211
num of flexible agents: 18
num of flexible tasks: 32
Solving time: 0.000399225 seconds
plan limit 980
current timestep 212
num of flexible agents: 17
num of flexible tasks: 30
Solving time: 0.000610701 seconds
plan limit 980
current timestep 213
num of flexible agents: 17
num of flexible tasks: 29
Solving time: 0.000485689 seconds
plan limit 980
current timestep 214
num of flexible agents: 19
num of flexible tasks: 27
Solving time: 0.000696936 seconds
plan limit 980
current timestep 215
num of flexible agents: 20
num of flexible tasks: 27
Solving time: 0.00048204 seconds
plan limit 980
current timestep 216
num of flexible agents: 20
num of flexible tasks: 25
Solving time: 0.000668672 seconds
plan limit 980
current timestep 217
num of flexible agents: 21
num of flexible tasks: 25
Solving time: 0.0005978 seconds
plan limit 980
current timestep 218
num of flexible agents: 22
num of flexible tasks: 25
Solving time: 0.000644382 seconds
plan limit 980
current timestep 219
num of flexible agents: 21
num of flexible tasks: 24
Solving time: 0.000462937 seconds
plan limit 980
current timestep 220
num of flexible agents: 23
num of flexible tasks: 23
Solving time: 0.000605312 seconds
plan limit 980
current timestep 221
num of flexible agents: 24
num of flexible tasks: 22
Solving time: 0.00049438 seconds
plan limit 980
current timestep 222
num of flexible agents: 25
num of flexible tasks: 22
Solving time: 0.000612406 seconds
plan limit 980
current timestep 223
num of flexible agents: 26
num of flexible tasks: 22
Solving time: 0.000565493 seconds
plan limit 980
current timestep 224
num of flexible agents: 23
num of flexible tasks: 19
Solving time: 0.0006567 seconds
plan limit 980
current timestep 225
num of flexible agents: 24
num of flexible tasks: 18
Solving time: 0.000394705 seconds
plan limit 980
current timestep 226
num of flexible agents: 24
num of flexible tasks: 18
Solving time: 0.000523624 seconds
plan limit 980
current timestep 227
num of flexible agents: 26
num of flexible tasks: 18
Solving time: 0.000384862 seconds
plan limit 980
current timestep 228
num of flexible agents: 27
num of flexible tasks: 16
Solving time: 0.0004594 seconds
plan limit 980
current timestep 229
num of flexible agents: 24
num of flexible tasks: 13
Solving time: 0.000356307 seconds
plan limit 980
current timestep 230
num of flexible agents: 23
num of flexible tasks: 12
Solving time: 0.000471408 seconds
plan limit 980
current timestep 231
num of flexible agents: 21
num of flexible tasks: 8
Solving time: 0.000285232 seconds
plan limit 980
current timestep 232
num of flexible agents: 21
num of flexible tasks: 8
Solving time: 0.000284272 seconds
plan limit 980
current timestep 233
num of flexible agents: 22
num of flexible tasks: 8
Solving time: 0.000423408 seconds
plan limit 980
current timestep 234
num of flexible agents: 25
num of flexible tasks: 8
Solving time: 0.000426467 seconds
plan limit 980
current timestep 235
num of flexible agents: 26
num of flexible tasks: 7
Solving time: 0.000392374 seconds
plan limit 980
current timestep 236
num of flexible agents: 27
num of flexible tasks: 7
Solving time: 0.000262313 seconds
plan limit 980
current timestep 237
num of flexible agents: 27
num of flexible tasks: 6
Solving time: 0.000380187 seconds
plan limit 980
current timestep 238
num of flexible agents: 29
num of flexible tasks: 6
Solving time: 0.000365523 seconds
plan limit 980
current timestep 239
num of flexible agents: 30
num of flexible tasks: 6
Solving time: 0.000363939 seconds
plan limit 980
current timestep 240
num of flexible agents: 32
num of flexible tasks: 6
Solving time: 0.000276596 seconds
plan limit 980
current timestep 241
num of flexible agents: 32
num of flexible tasks: 6
Solving time: 0.000363675 seconds
plan limit 980
current timestep 242
num of flexible agents: 32
num of flexible tasks: 6
Solving time: 0.000239926 seconds
plan limit 980
current timestep 243
num of flexible agents: 33
num of flexible tasks: 6
Solving time: 0.000375783 seconds
plan limit 980
current timestep 244
num of flexible agents: 32
num of flexible tasks: 4
Solving time: 0.000246369 seconds
plan limit 980
current timestep 245
num of flexible agents: 33
num of flexible tasks: 3
Solving time: 0.000345605 seconds
plan limit 980
current timestep 246
num of flexible agents: 35
num of flexible tasks: 3
Solving time: 0.000221201 seconds
plan limit 980
current timestep 247
num of flexible agents: 33
num of flexible tasks: 1
Solving time: 0.000322867 seconds
plan limit 980
current timestep 248
num of flexible agents: 32
num of flexible tasks: 0
Solving time: 0.000331747 seconds
plan limit 980
current timestep 249
num of flexible agents: 32
num of flexible tasks: 0
Solving time: 0.000218407 seconds
plan limit 980
current timestep 250
num of flexible agents: 33
num of flexible tasks: 0
Solving time: 0.000215664 seconds
plan limit 980
current timestep 251
num of flexible agents: 33
num of flexible tasks: 0
Solving time: 0.000246491 seconds
plan limit 980
current timestep 252
num of flexible agents: 36
num of flexible tasks: 0
Solving time: 0.000227959 seconds
plan limit 980
current timestep 253
num of flexible agents: 39
num of flexible tasks: 0
Solving time: 0.000215888 seconds
plan limit 980
current timestep 254
num of flexible agents: 39
num of flexible tasks: 0
Solving time: 0.00022562 seconds
plan limit 980
current timestep 255
num of flexible agents: 40
num of flexible tasks: 0
Solving time: 0.00022675 seconds
plan limit 980
current timestep 256
num of flexible agents: 40
num of flexible tasks: 0
Solving time: 0.000226125 seconds
plan limit 980
current timestep 257
num of flexible agents: 40
num of flexible tasks: 0
Solving time: 0.00021567 seconds
plan limit 980
current timestep 258
num of flexible agents: 40
num of flexible tasks: 0
Solving time: 0.000215102 seconds
plan limit 980
current timestep 259
num of flexible agents: 40
num of flexible tasks: 0
Solving time: 0.00031916 seconds
plan limit 980
current timestep 260
num of flexible agents: 41
num of flexible tasks: 0
Solving time: 0.000221274 seconds
plan limit 980
current timestep 261
num of flexible agents: 41
num of flexible tasks: 0
Solving time: 0.000310745 seconds
plan limit 980
current timestep 262
num of flexible agents: 41
num of flexible tasks: 0
Solving time: 0.000207265 seconds
plan limit 980
current timestep 263
num of flexible agents: 41
num of flexible tasks: 0
Solving time: 0.000244476 seconds
plan limit 980
current timestep 264
num of flexible agents: 42
num of flexible tasks: 0
Solving time: 0.000305051 seconds
plan limit 980
current timestep 265
num of flexible agents: 43
num of flexible tasks: 0
Solving time: 0.000231529 seconds
plan limit 980
current timestep 266
num of flexible agents: 43
num of flexible tasks: 0
Solving time: 0.000313168 seconds
plan limit 980
current timestep 267
num of flexible agents: 43
num of flexible tasks: 0
Solving time: 0.000224115 seconds
plan limit 980
current timestep 268
num of flexible agents: 43
num of flexible tasks: 0
Solving time: 0.000301194 seconds
plan limit 980
current timestep 269
num of flexible agents: 44
num of flexible tasks: 0
Solving time: 0.000215073 seconds
plan limit 980
current timestep 270
num of flexible agents: 46
num of flexible tasks: 0
Solving time: 0.000297217 seconds
plan limit 980
current timestep 271
num of flexible agents: 46
num of flexible tasks: 0
Solving time: 0.000223147 seconds
plan limit 980
current timestep 272
num of flexible agents: 46
num of flexible tasks: 0
Solving time: 0.000245191 seconds
plan limit 980
current timestep 273
num of flexible agents: 46
num of flexible tasks: 0
Solving time: 0.000228213 seconds
plan limit 980
current timestep 274
num of flexible agents: 46
num of flexible tasks: 0
Solving time: 0.000305338 seconds
plan limit 980
current timestep 275
num of flexible agents: 46
num of flexible tasks: 0
Solving time: 0.000304874 seconds
plan limit 980
current timestep 276
num of flexible agents: 46
num of flexible tasks: 0
Solving time: 0.000329958 seconds
plan limit 980
current timestep 277
num of flexible agents: 46
num of flexible tasks: 0
Solving time: 0.000311719 seconds
plan limit 980
current timestep 278
num of flexible agents: 48
num of flexible tasks: 0
Solving time: 0.00022937 seconds
plan limit 980
current timestep 279
num of flexible agents: 48
num of flexible tasks: 0
Solving time: 0.000328526 seconds
plan limit 980
current timestep 280
num of flexible agents: 48
num of flexible tasks: 0
Solving time: 0.000263668 seconds
plan limit 980
current timestep 281
num of flexible agents: 49
num of flexible tasks: 0
Solving time: 0.000231365 seconds
plan limit 980
current timestep 282
num of flexible agents: 49
num of flexible tasks: 0
Solving time: 0.000337103 seconds
plan limit 980
current timestep 283
num of flexible agents: 49
num of flexible tasks: 0
Solving time: 0.00023102 seconds
plan limit 980
current timestep 284
num of flexible agents: 49
num of flexible tasks: 0
Solving time: 0.000333588 seconds
plan limit 980
All tasks finished at timestep 285
