current timestep 0
num of flexible agents: 100
num of flexible tasks: 10
Solving time: 0.000388147 seconds
plan limit 980
current timestep 1
num of flexible agents: 98
num of flexible tasks: 18
Solving time: 0.000394459 seconds
plan limit 980
current timestep 2
num of flexible agents: 93
num of flexible tasks: 23
Solving time: 0.000401052 seconds
plan limit 980
current timestep 3
num of flexible agents: 90
num of flexible tasks: 30
Solving time: 0.000470701 seconds
plan limit 980
current timestep 4
num of flexible agents: 88
num of flexible tasks: 38
Solving time: 0.000484569 seconds
plan limit 980
current timestep 5
num of flexible agents: 81
num of flexible tasks: 41
Solving time: 0.000500003 seconds
plan limit 980
current timestep 6
num of flexible agents: 71
num of flexible tasks: 41
Solving time: 0.000547732 seconds
plan limit 980
current timestep 7
num of flexible agents: 67
num of flexible tasks: 47
Solving time: 0.000651144 seconds
plan limit 980
current timestep 8
num of flexible agents: 61
num of flexible tasks: 50
Solving time: 0.000658022 seconds
plan limit 980
current timestep 9
num of flexible agents: 54
num of flexible tasks: 52
Solving time: 0.000738101 seconds
plan limit 980
current timestep 10
num of flexible agents: 49
num of flexible tasks: 57
Solving time: 0.000606876 seconds
plan limit 980
current timestep 11
num of flexible agents: 47
num of flexible tasks: 63
Solving time: 0.000534807 seconds
plan limit 980
current timestep 12
num of flexible agents: 40
num of flexible tasks: 65
Solving time: 0.00048684 seconds
plan limit 980
current timestep 13
num of flexible agents: 36
num of flexible tasks: 71
Solving time: 0.000455522 seconds
plan limit 980
current timestep 14
num of flexible agents: 33
num of flexible tasks: 78
Solving time: 0.000564212 seconds
plan limit 980
current timestep 15
num of flexible agents: 26
num of flexible tasks: 81
Solving time: 0.000406369 seconds
plan limit 980
current timestep 16
num of flexible agents: 22
num of flexible tasks: 86
Solving time: 0.000463312 seconds
plan limit 980
current timestep 17
num of flexible agents: 21
num of flexible tasks: 91
Solving time: 0.000330785 seconds
plan limit 980
current timestep 18
num of flexible agents: 15
num of flexible tasks: 94
Solving time: 0.000316708 seconds
plan limit 980
current timestep 19
num of flexible agents: 12
num of flexible tasks: 100
Solving time: 0.000413489 seconds
plan limit 980
current timestep 20
num of flexible agents: 10
num of flexible tasks: 105
Solving time: 0.00043887 seconds
plan limit 980
current timestep 21
num of flexible agents: 8
num of flexible tasks: 111
Solving time: 0.000313753 seconds
plan limit 980
current timestep 22
num of flexible agents: 5
num of flexible tasks: 118
Solving time: 0.000390182 seconds
plan limit 980
current timestep 23
num of flexible agents: 4
num of flexible tasks: 126
Solving time: 0.000812633 seconds
plan limit 980
current timestep 24
num of flexible agents: 3
num of flexible tasks: 133
Solving time: 0.000816373 seconds
plan limit 980
current timestep 25
num of flexible agents: 7
num of flexible tasks: 142
Solving time: 0.00030538 seconds
plan limit 980
current timestep 26
num of flexible agents: 5
num of flexible tasks: 149
Solving time: 0.000249029 seconds
plan limit 980
current timestep 27
num of flexible agents: 3
num of flexible tasks: 155
Solving time: 0.000833698 seconds
plan limit 980
current timestep 28
num of flexible agents: 9
num of flexible tasks: 164
Solving time: 0.000303915 seconds
plan limit 980
current timestep 29
num of flexible agents: 10
num of flexible tasks: 172
Solving time: 0.000319263 seconds
plan limit 980
current timestep 30
num of flexible agents: 13
num of flexible tasks: 179
Solving time: 0.00030271 seconds
plan limit 980
current timestep 31
num of flexible agents: 11
num of flexible tasks: 185
Solving time: 0.000284559 seconds
plan limit 980
current timestep 32
num of flexible agents: 8
num of flexible tasks: 191
Solving time: 0.000427406 seconds
plan limit 980
current timestep 33
num of flexible agents: 6
num of flexible tasks: 198
Solving time: 0.000267309 seconds
plan limit 980
current timestep 34
num of flexible agents: 3
num of flexible tasks: 204
Solving time: 0.000832026 seconds
plan limit 979
current timestep 35
num of flexible agents: 2
num of flexible tasks: 213
Solving time: 0.000753363 seconds
plan limit 980
current timestep 36
num of flexible agents: 5
num of flexible tasks: 222
Solving time: 0.000877658 seconds
plan limit 979
current timestep 37
num of flexible agents: 6
num of flexible tasks: 228
Solving time: 0.000294879 seconds
plan limit 980
current timestep 38
num of flexible agents: 4
num of flexible tasks: 233
Solving time: 0.000869211 seconds
plan limit 980
current timestep 39
num of flexible agents: 11
num of flexible tasks: 241
Solving time: 0.000291483 seconds
plan limit 980
current timestep 40
num of flexible agents: 9
num of flexible tasks: 242
Solving time: 0.000340497 seconds
plan limit 980
current timestep 41
num of flexible agents: 6
num of flexible tasks: 246
Solving time: 0.000886013 seconds
plan limit 979
current timestep 42
num of flexible agents: 7
num of flexible tasks: 251
Solving time: 0.000280606 seconds
plan limit 980
current timestep 43
num of flexible agents: 7
num of flexible tasks: 255
Solving time: 0.000413101 seconds
plan limit 980
current timestep 44
num of flexible agents: 8
num of flexible tasks: 260
Solving time: 0.000290779 seconds
plan limit 980
current timestep 45
num of flexible agents: 5
num of flexible tasks: 263
Solving time: 0.000919644 seconds
plan limit 979
current timestep 46
num of flexible agents: 3
num of flexible tasks: 269
Solving time: 0.00084166 seconds
plan limit 980
current timestep 47
num of flexible agents: 3
num of flexible tasks: 277
Solving time: 0.000832547 seconds
plan limit 980
current timestep 48
num of flexible agents: 2
num of flexible tasks: 284
Solving time: 0.000794114 seconds
plan limit 980
current timestep 49
num of flexible agents: 5
num of flexible tasks: 293
Solving time: 0.000894816 seconds
plan limit 979
current timestep 50
num of flexible agents: 8
num of flexible tasks: 290
Solving time: 0.000315679 seconds
plan limit 980
current timestep 51
num of flexible agents: 6
num of flexible tasks: 285
Solving time: 0.000889074 seconds
plan limit 979
current timestep 52
num of flexible agents: 6
num of flexible tasks: 281
Solving time: 0.00091072 seconds
plan limit 979
current timestep 53
num of flexible agents: 8
num of flexible tasks: 278
Solving time: 0.00030177 seconds
plan limit 980
current timestep 54
num of flexible agents: 7
num of flexible tasks: 273
Solving time: 0.000309211 seconds
plan limit 980
current timestep 55
num of flexible agents: 8
num of flexible tasks: 268
Solving time: 0.000440531 seconds
plan limit 980
current timestep 56
num of flexible agents: 4
num of flexible tasks: 262
Solving time: 0.000852743 seconds
plan limit 980
current timestep 57
num of flexible agents: 13
num of flexible tasks: 261
Solving time: 0.000423936 seconds
plan limit 980
current timestep 58
num of flexible agents: 8
num of flexible tasks: 252
Solving time: 0.000299977 seconds
plan limit 980
current timestep 59
num of flexible agents: 9
num of flexible tasks: 248
Solving time: 0.000415886 seconds
plan limit 980
current timestep 60
num of flexible agents: 6
num of flexible tasks: 242
Solving time: 0.000313067 seconds
plan limit 980
current timestep 61
num of flexible agents: 6
num of flexible tasks: 237
Solving time: 0.000308667 seconds
plan limit 980
current timestep 62
num of flexible agents: 1
num of flexible tasks: 232
Solving time: 0.000813442 seconds
plan limit 979
current timestep 63
num of flexible agents: 3
num of flexible tasks: 232
Solving time: 0.00102879 seconds
plan limit 979
current timestep 64
num of flexible agents: 6
num of flexible tasks: 229
Solving time: 0.00029629 seconds
plan limit 980
current timestep 65
num of flexible agents: 7
num of flexible tasks: 226
Solving time: 0.000309136 seconds
plan limit 980
current timestep 66
num of flexible agents: 11
num of flexible tasks: 221
Solving time: 0.000437399 seconds
plan limit 980
current timestep 67
num of flexible agents: 9
num of flexible tasks: 215
Solving time: 0.000426638 seconds
plan limit 980
current timestep 68
num of flexible agents: 4
num of flexible tasks: 208
Solving time: 0.000880974 seconds
plan limit 979
current timestep 69
num of flexible agents: 6
num of flexible tasks: 206
Solving time: 0.000451071 seconds
plan limit 980
current timestep 70
num of flexible agents: 3
num of flexible tasks: 202
Solving time: 0.000877817 seconds
plan limit 979
current timestep 71
num of flexible agents: 7
num of flexible tasks: 201
Solving time: 0.000291155 seconds
plan limit 980
current timestep 72
num of flexible agents: 5
num of flexible tasks: 196
Solving time: 0.000915788 seconds
plan limit 979
current timestep 73
num of flexible agents: 6
num of flexible tasks: 193
Solving time: 0.000447409 seconds
plan limit 980
current timestep 74
num of flexible agents: 10
num of flexible tasks: 190
Solving time: 0.000303549 seconds
plan limit 980
current timestep 75
num of flexible agents: 6
num of flexible tasks: 184
Solving time: 0.000342676 seconds
plan limit 980
current timestep 76
num of flexible agents: 7
num of flexible tasks: 181
Solving time: 0.000303272 seconds
plan limit 980
current timestep 77
num of flexible agents: 7
num of flexible tasks: 178
Solving time: 0.00031337 seconds
plan limit 980
current timestep 78
num of flexible agents: 11
num of flexible tasks: 177
Solving time: 0.000308664 seconds
plan limit 980
current timestep 79
num of flexible agents: 10
num of flexible tasks: 170
Solving time: 0.000448125 seconds
plan limit 980
current timestep 80
num of flexible agents: 8
num of flexible tasks: 165
Solving time: 0.000311466 seconds
plan limit 980
current timestep 81
num of flexible agents: 6
num of flexible tasks: 161
Solving time: 0.000288889 seconds
plan limit 980
current timestep 82
num of flexible agents: 6
num of flexible tasks: 158
Solving time: 0.000288485 seconds
plan limit 980
current timestep 83
num of flexible agents: 9
num of flexible tasks: 155
Solving time: 0.000307732 seconds
plan limit 980
current timestep 84
num of flexible agents: 10
num of flexible tasks: 151
Solving time: 0.000304669 seconds
plan limit 980
current timestep 85
num of flexible agents: 9
num of flexible tasks: 146
Solving time: 0.000301376 seconds
plan limit 980
current timestep 86
num of flexible agents: 9
num of flexible tasks: 139
Solving time: 0.000433072 seconds
plan limit 980
current timestep 87
num of flexible agents: 7
num of flexible tasks: 135
Solving time: 0.000272633 seconds
plan limit 980
current timestep 88
num of flexible agents: 8
num of flexible tasks: 131
Solving time: 0.000271044 seconds
plan limit 980
current timestep 89
num of flexible agents: 5
num of flexible tasks: 125
Solving time: 0.000877042 seconds
plan limit 980
current timestep 90
num of flexible agents: 10
num of flexible tasks: 123
Solving time: 0.000309979 seconds
plan limit 980
current timestep 91
num of flexible agents: 11
num of flexible tasks: 119
Solving time: 0.000299393 seconds
plan limit 980
current timestep 92
num of flexible agents: 7
num of flexible tasks: 113
Solving time: 0.00030298 seconds
plan limit 980
current timestep 93
num of flexible agents: 10
num of flexible tasks: 112
Solving time: 0.000313735 seconds
plan limit 980
current timestep 94
num of flexible agents: 10
num of flexible tasks: 109
Solving time: 0.000315767 seconds
plan limit 980
current timestep 95
num of flexible agents: 10
num of flexible tasks: 108
Solving time: 0.000301185 seconds
plan limit 980
current timestep 96
num of flexible agents: 13
num of flexible tasks: 106
Solving time: 0.000311734 seconds
plan limit 980
current timestep 97
num of flexible agents: 11
num of flexible tasks: 101
Solving time: 0.000443107 seconds
plan limit 980
current timestep 98
num of flexible agents: 14
num of flexible tasks: 98
Solving time: 0.000356001 seconds
plan limit 980
current timestep 99
num of flexible agents: 13
num of flexible tasks: 94
Solving time: 0.0003272 seconds
plan limit 980
current timestep 100
num of flexible agents: 8
num of flexible tasks: 89
Solving time: 0.000312266 seconds
plan limit 980
current timestep 101
num of flexible agents: 7
num of flexible tasks: 85
Solving time: 0.000446638 seconds
plan limit 980
current timestep 102
num of flexible agents: 17
num of flexible tasks: 84
Solving time: 0.000375094 seconds
plan limit 980
current timestep 103
num of flexible agents: 12
num of flexible tasks: 76
Solving time: 0.00045626 seconds
plan limit 980
current timestep 104
num of flexible agents: 15
num of flexible tasks: 76
Solving time: 0.000341826 seconds
plan limit 980
current timestep 105
num of flexible agents: 17
num of flexible tasks: 76
Solving time: 0.000352166 seconds
plan limit 980
current timestep 106
num of flexible agents: 17
num of flexible tasks: 75
Solving time: 0.000499069 seconds
plan limit 980
current timestep 107
num of flexible agents: 18
num of flexible tasks: 71
Solving time: 0.000509637 seconds
plan limit 980
current timestep 108
num of flexible agents: 19
num of flexible tasks: 68
Solving time: 0.000395711 seconds
plan limit 980
current timestep 109
num of flexible agents: 20
num of flexible tasks: 66
Solving time: 0.000394693 seconds
plan limit 980
current timestep 110
num of flexible agents: 21
num of flexible tasks: 63
Solving time: 0.000382291 seconds
plan limit 980
current timestep 111
num of flexible agents: 21
num of flexible tasks: 59
Solving time: 0.000397717 seconds
plan limit 980
current timestep 112
num of flexible agents: 26
num of flexible tasks: 58
Solving time: 0.000612393 seconds
plan limit 980
current timestep 113
num of flexible agents: 28
num of flexible tasks: 56
Solving time: 0.000442745 seconds
plan limit 980
current timestep 114
num of flexible agents: 29
num of flexible tasks: 53
Solving time: 0.000643918 seconds
plan limit 980
current timestep 115
num of flexible agents: 32
num of flexible tasks: 52
Solving time: 0.000484986 seconds
plan limit 980
current timestep 116
num of flexible agents: 35
num of flexible tasks: 51
Solving time: 0.000535531 seconds
plan limit 980
current timestep 117
num of flexible agents: 37
num of flexible tasks: 48
Solving time: 0.000699385 seconds
plan limit 980
current timestep 118
num of flexible agents: 39
num of flexible tasks: 45
Solving time: 0.00073139 seconds
plan limit 980
current timestep 119
num of flexible agents: 39
num of flexible tasks: 40
Solving time: 0.000544398 seconds
plan limit 980
current timestep 120
num of flexible agents: 40
num of flexible tasks: 39
Solving time: 0.000815658 seconds
plan limit 980
current timestep 121
num of flexible agents: 44
num of flexible tasks: 38
Solving time: 0.000553594 seconds
plan limit 980
current timestep 122
num of flexible agents: 42
num of flexible tasks: 34
Solving time: 0.000518556 seconds
plan limit 980
current timestep 123
num of flexible agents: 45
num of flexible tasks: 33
Solving time: 0.000601308 seconds
plan limit 980
current timestep 124
num of flexible agents: 48
num of flexible tasks: 30
Solving time: 0.000410504 seconds
plan limit 980
current timestep 125
num of flexible agents: 44
num of flexible tasks: 24
Solving time: 0.000361567 seconds
plan limit 980
current timestep 126
num of flexible agents: 41
num of flexible tasks: 20
Solving time: 0.000442201 seconds
plan limit 980
current timestep 127
num of flexible agents: 39
num of flexible tasks: 16
Solving time: 0.000430272 seconds
plan limit 980
current timestep 128
num of flexible agents: 38
num of flexible tasks: 12
Solving time: 0.000289552 seconds
plan limit 980
current timestep 129
num of flexible agents: 40
num of flexible tasks: 12
Solving time: 0.00039767 seconds
plan limit 980
current timestep 130
num of flexible agents: 37
num of flexible tasks: 7
Solving time: 0.000235814 seconds
plan limit 980
current timestep 131
num of flexible agents: 38
num of flexible tasks: 6
Solving time: 0.000341941 seconds
plan limit 980
current timestep 132
num of flexible agents: 41
num of flexible tasks: 5
Solving time: 0.00022913 seconds
plan limit 980
current timestep 133
num of flexible agents: 44
num of flexible tasks: 5
Solving time: 0.000266272 seconds
plan limit 980
current timestep 134
num of flexible agents: 44
num of flexible tasks: 3
Solving time: 0.000315197 seconds
plan limit 980
current timestep 135
num of flexible agents: 44
num of flexible tasks: 0
Solving time: 0.000235714 seconds
plan limit 980
current timestep 136
num of flexible agents: 47
num of flexible tasks: 0
Solving time: 0.000204842 seconds
plan limit 980
current timestep 137
num of flexible agents: 50
num of flexible tasks: 0
Solving time: 0.000221852 seconds
plan limit 980
current timestep 138
num of flexible agents: 53
num of flexible tasks: 0
Solving time: 0.000203325 seconds
plan limit 980
current timestep 139
num of flexible agents: 54
num of flexible tasks: 0
Solving time: 0.000200235 seconds
plan limit 980
current timestep 140
num of flexible agents: 57
num of flexible tasks: 0
Solving time: 0.000203449 seconds
plan limit 980
current timestep 141
num of flexible agents: 62
num of flexible tasks: 0
Solving time: 0.000238955 seconds
plan limit 980
current timestep 142
num of flexible agents: 67
num of flexible tasks: 0
Solving time: 0.000217342 seconds
plan limit 980
current timestep 143
num of flexible agents: 70
num of flexible tasks: 0
Solving time: 0.000215539 seconds
plan limit 980
current timestep 144
num of flexible agents: 74
num of flexible tasks: 0
Solving time: 0.000201588 seconds
plan limit 980
current timestep 145
num of flexible agents: 76
num of flexible tasks: 0
Solving time: 0.000200876 seconds
plan limit 980
current timestep 146
num of flexible agents: 79
num of flexible tasks: 0
Solving time: 0.000237444 seconds
plan limit 980
current timestep 147
num of flexible agents: 82
num of flexible tasks: 0
Solving time: 0.000217013 seconds
plan limit 980
current timestep 148
num of flexible agents: 86
num of flexible tasks: 0
Solving time: 0.000213201 seconds
plan limit 980
current timestep 149
num of flexible agents: 89
num of flexible tasks: 0
Solving time: 0.000204935 seconds
plan limit 980
current timestep 150
num of flexible agents: 89
num of flexible tasks: 0
Solving time: 0.000204451 seconds
plan limit 980
current timestep 151
num of flexible agents: 90
num of flexible tasks: 0
Solving time: 0.000206344 seconds
plan limit 980
current timestep 152
num of flexible agents: 94
num of flexible tasks: 0
Solving time: 0.000227193 seconds
plan limit 980
current timestep 153
num of flexible agents: 94
num of flexible tasks: 0
Solving time: 0.00020793 seconds
plan limit 980
current timestep 154
num of flexible agents: 95
num of flexible tasks: 0
Solving time: 0.000236262 seconds
plan limit 980
current timestep 155
num of flexible agents: 95
num of flexible tasks: 0
Solving time: 0.00021844 seconds
plan limit 980
current timestep 156
num of flexible agents: 96
num of flexible tasks: 0
Solving time: 0.00020006 seconds
plan limit 980
current timestep 157
num of flexible agents: 97
num of flexible tasks: 0
Solving time: 0.000203213 seconds
plan limit 980
current timestep 158
num of flexible agents: 97
num of flexible tasks: 0
Solving time: 0.000207219 seconds
plan limit 980
current timestep 159
num of flexible agents: 97
num of flexible tasks: 0
Solving time: 0.00020742 seconds
plan limit 980
current timestep 160
num of flexible agents: 97
num of flexible tasks: 0
Solving time: 0.000209009 seconds
plan limit 980
current timestep 161
num of flexible agents: 98
num of flexible tasks: 0
Solving time: 0.000213609 seconds
plan limit 980
current timestep 162
num of flexible agents: 98
num of flexible tasks: 0
Solving time: 0.000204193 seconds
plan limit 980
current timestep 163
num of flexible agents: 98
num of flexible tasks: 0
Solving time: 0.000200919 seconds
plan limit 980
current timestep 164
num of flexible agents: 98
num of flexible tasks: 0
Solving time: 0.000238857 seconds
plan limit 980
current timestep 165
num of flexible agents: 99
num of flexible tasks: 0
Solving time: 0.00020341 seconds
plan limit 980
current timestep 166
num of flexible agents: 99
num of flexible tasks: 0
Solving time: 0.000204333 seconds
plan limit 980
All tasks finished at timestep 167
