current timestep 0
num of flexible agents: 80
num of flexible tasks: 2
Solving time: 0.000397397 seconds
plan limit 980
current timestep 1
num of flexible agents: 78
num of flexible tasks: 2
Solving time: 0.00040094 seconds
plan limit 980
current timestep 2
num of flexible agents: 77
num of flexible tasks: 3
Solving time: 0.000264475 seconds
plan limit 980
current timestep 3
num of flexible agents: 76
num of flexible tasks: 4
Solving time: 0.000275771 seconds
plan limit 980
current timestep 4
num of flexible agents: 76
num of flexible tasks: 6
Solving time: 0.000396722 seconds
plan limit 980
current timestep 5
num of flexible agents: 75
num of flexible tasks: 7
Solving time: 0.000287812 seconds
plan limit 980
current timestep 6
num of flexible agents: 74
num of flexible tasks: 8
Solving time: 0.000394029 seconds
plan limit 980
current timestep 7
num of flexible agents: 74
num of flexible tasks: 10
Solving time: 0.000319801 seconds
plan limit 980
current timestep 8
num of flexible agents: 73
num of flexible tasks: 11
Solving time: 0.00032997 seconds
plan limit 980
current timestep 9
num of flexible agents: 72
num of flexible tasks: 12
Solving time: 0.000444562 seconds
plan limit 980
current timestep 10
num of flexible agents: 71
num of flexible tasks: 13
Solving time: 0.000332105 seconds
plan limit 980
current timestep 11
num of flexible agents: 69
num of flexible tasks: 13
Solving time: 0.000324503 seconds
plan limit 980
current timestep 12
num of flexible agents: 68
num of flexible tasks: 13
Solving time: 0.000332366 seconds
plan limit 980
current timestep 13
num of flexible agents: 66
num of flexible tasks: 13
Solving time: 0.000499741 seconds
plan limit 980
current timestep 14
num of flexible agents: 64
num of flexible tasks: 12
Solving time: 0.000357582 seconds
plan limit 980
current timestep 15
num of flexible agents: 63
num of flexible tasks: 13
Solving time: 0.000352221 seconds
plan limit 980
current timestep 16
num of flexible agents: 62
num of flexible tasks: 13
Solving time: 0.00034189 seconds
plan limit 980
current timestep 17
num of flexible agents: 59
num of flexible tasks: 12
Solving time: 0.000348933 seconds
plan limit 980
current timestep 18
num of flexible agents: 57
num of flexible tasks: 12
Solving time: 0.000348027 seconds
plan limit 980
current timestep 19
num of flexible agents: 55
num of flexible tasks: 12
Solving time: 0.000330427 seconds
plan limit 980
current timestep 20
num of flexible agents: 51
num of flexible tasks: 10
Solving time: 0.000365624 seconds
plan limit 980
current timestep 21
num of flexible agents: 50
num of flexible tasks: 11
Solving time: 0.000315469 seconds
plan limit 980
current timestep 22
num of flexible agents: 50
num of flexible tasks: 12
Solving time: 0.000301269 seconds
plan limit 980
current timestep 23
num of flexible agents: 49
num of flexible tasks: 13
Solving time: 0.000345602 seconds
plan limit 980
current timestep 24
num of flexible agents: 48
num of flexible tasks: 12
Solving time: 0.000309861 seconds
plan limit 980
current timestep 25
num of flexible agents: 47
num of flexible tasks: 13
Solving time: 0.000400558 seconds
plan limit 980
current timestep 26
num of flexible agents: 48
num of flexible tasks: 14
Solving time: 0.000289664 seconds
plan limit 980
current timestep 27
num of flexible agents: 47
num of flexible tasks: 14
Solving time: 0.000403335 seconds
plan limit 980
current timestep 28
num of flexible agents: 47
num of flexible tasks: 15
Solving time: 0.000286665 seconds
plan limit 980
current timestep 29
num of flexible agents: 44
num of flexible tasks: 13
Solving time: 0.000434808 seconds
plan limit 980
current timestep 30
num of flexible agents: 45
num of flexible tasks: 11
Solving time: 0.000283427 seconds
plan limit 980
current timestep 31
num of flexible agents: 43
num of flexible tasks: 11
Solving time: 0.000394127 seconds
plan limit 980
current timestep 32
num of flexible agents: 43
num of flexible tasks: 11
Solving time: 0.000299445 seconds
plan limit 980
current timestep 33
num of flexible agents: 43
num of flexible tasks: 10
Solving time: 0.000288361 seconds
plan limit 980
current timestep 34
num of flexible agents: 42
num of flexible tasks: 10
Solving time: 0.000442102 seconds
plan limit 980
current timestep 35
num of flexible agents: 42
num of flexible tasks: 12
Solving time: 0.000295708 seconds
plan limit 980
current timestep 36
num of flexible agents: 42
num of flexible tasks: 12
Solving time: 0.000467152 seconds
plan limit 980
current timestep 37
num of flexible agents: 42
num of flexible tasks: 14
Solving time: 0.00030501 seconds
plan limit 980
current timestep 38
num of flexible agents: 40
num of flexible tasks: 13
Solving time: 0.000325746 seconds
plan limit 980
current timestep 39
num of flexible agents: 37
num of flexible tasks: 11
Solving time: 0.000362843 seconds
plan limit 980
current timestep 40
num of flexible agents: 35
num of flexible tasks: 11
Solving time: 0.0003579 seconds
plan limit 980
current timestep 41
num of flexible agents: 37
num of flexible tasks: 13
Solving time: 0.000495115 seconds
plan limit 980
current timestep 42
num of flexible agents: 40
num of flexible tasks: 14
Solving time: 0.000376765 seconds
plan limit 980
current timestep 43
num of flexible agents: 41
num of flexible tasks: 13
Solving time: 0.000313365 seconds
plan limit 980
current timestep 44
num of flexible agents: 42
num of flexible tasks: 14
Solving time: 0.000489114 seconds
plan limit 980
current timestep 45
num of flexible agents: 42
num of flexible tasks: 14
Solving time: 0.00032546 seconds
plan limit 980
current timestep 46
num of flexible agents: 41
num of flexible tasks: 14
Solving time: 0.000435556 seconds
plan limit 980
current timestep 47
num of flexible agents: 44
num of flexible tasks: 14
Solving time: 0.000480693 seconds
plan limit 980
current timestep 48
num of flexible agents: 45
num of flexible tasks: 16
Solving time: 0.000340969 seconds
plan limit 980
current timestep 49
num of flexible agents: 43
num of flexible tasks: 16
Solving time: 0.000469863 seconds
plan limit 980
current timestep 50
num of flexible agents: 44
num of flexible tasks: 17
Solving time: 0.000332408 seconds
plan limit 980
current timestep 51
num of flexible agents: 40
num of flexible tasks: 13
Solving time: 0.000432382 seconds
plan limit 980
current timestep 52
num of flexible agents: 39
num of flexible tasks: 14
Solving time: 0.000370064 seconds
plan limit 980
current timestep 53
num of flexible agents: 43
num of flexible tasks: 16
Solving time: 0.000422792 seconds
plan limit 980
current timestep 54
num of flexible agents: 41
num of flexible tasks: 12
Solving time: 0.00032113 seconds
plan limit 980
current timestep 55
num of flexible agents: 40
num of flexible tasks: 12
Solving time: 0.000291205 seconds
plan limit 980
current timestep 56
num of flexible agents: 41
num of flexible tasks: 10
Solving time: 0.000419749 seconds
plan limit 980
current timestep 57
num of flexible agents: 38
num of flexible tasks: 8
Solving time: 0.000305121 seconds
plan limit 980
current timestep 58
num of flexible agents: 41
num of flexible tasks: 10
Solving time: 0.000471984 seconds
plan limit 980
current timestep 59
num of flexible agents: 40
num of flexible tasks: 11
Solving time: 0.000348031 seconds
plan limit 980
current timestep 60
num of flexible agents: 40
num of flexible tasks: 11
Solving time: 0.000487168 seconds
plan limit 980
current timestep 61
num of flexible agents: 39
num of flexible tasks: 12
Solving time: 0.000369844 seconds
plan limit 980
current timestep 62
num of flexible agents: 39
num of flexible tasks: 14
Solving time: 0.000375784 seconds
plan limit 980
current timestep 63
num of flexible agents: 39
num of flexible tasks: 14
Solving time: 0.000547201 seconds
plan limit 980
current timestep 64
num of flexible agents: 37
num of flexible tasks: 14
Solving time: 0.000403109 seconds
plan limit 980
current timestep 65
num of flexible agents: 34
num of flexible tasks: 13
Solving time: 0.000386807 seconds
plan limit 980
current timestep 66
num of flexible agents: 34
num of flexible tasks: 14
Solving time: 0.000539064 seconds
plan limit 980
current timestep 67
num of flexible agents: 35
num of flexible tasks: 14
Solving time: 0.000396038 seconds
plan limit 980
current timestep 68
num of flexible agents: 40
num of flexible tasks: 16
Solving time: 0.000380708 seconds
plan limit 980
current timestep 69
num of flexible agents: 41
num of flexible tasks: 16
Solving time: 0.000404119 seconds
plan limit 980
current timestep 70
num of flexible agents: 40
num of flexible tasks: 16
Solving time: 0.000513049 seconds
plan limit 980
current timestep 71
num of flexible agents: 42
num of flexible tasks: 17
Solving time: 0.000426117 seconds
plan limit 980
current timestep 72
num of flexible agents: 42
num of flexible tasks: 15
Solving time: 0.000342446 seconds
plan limit 980
current timestep 73
num of flexible agents: 41
num of flexible tasks: 15
Solving time: 0.000537666 seconds
plan limit 980
current timestep 74
num of flexible agents: 41
num of flexible tasks: 14
Solving time: 0.000350313 seconds
plan limit 980
current timestep 75
num of flexible agents: 37
num of flexible tasks: 11
Solving time: 0.000488873 seconds
plan limit 980
current timestep 76
num of flexible agents: 37
num of flexible tasks: 12
Solving time: 0.00037378 seconds
plan limit 980
current timestep 77
num of flexible agents: 39
num of flexible tasks: 13
Solving time: 0.000367322 seconds
plan limit 980
current timestep 78
num of flexible agents: 37
num of flexible tasks: 13
Solving time: 0.000377235 seconds
plan limit 980
current timestep 79
num of flexible agents: 42
num of flexible tasks: 15
Solving time: 0.000386046 seconds
plan limit 980
current timestep 80
num of flexible agents: 41
num of flexible tasks: 13
Solving time: 0.000391328 seconds
plan limit 980
current timestep 81
num of flexible agents: 41
num of flexible tasks: 15
Solving time: 0.000397028 seconds
plan limit 980
current timestep 82
num of flexible agents: 41
num of flexible tasks: 16
Solving time: 0.000410491 seconds
plan limit 980
current timestep 83
num of flexible agents: 42
num of flexible tasks: 17
Solving time: 0.000410794 seconds
plan limit 980
current timestep 84
num of flexible agents: 41
num of flexible tasks: 15
Solving time: 0.000312449 seconds
plan limit 980
current timestep 85
num of flexible agents: 41
num of flexible tasks: 15
Solving time: 0.00033864 seconds
plan limit 980
current timestep 86
num of flexible agents: 38
num of flexible tasks: 14
Solving time: 0.000465691 seconds
plan limit 980
current timestep 87
num of flexible agents: 36
num of flexible tasks: 14
Solving time: 0.000335572 seconds
plan limit 980
current timestep 88
num of flexible agents: 37
num of flexible tasks: 15
Solving time: 0.00033578 seconds
plan limit 980
current timestep 89
num of flexible agents: 35
num of flexible tasks: 13
Solving time: 0.000460547 seconds
plan limit 980
current timestep 90
num of flexible agents: 35
num of flexible tasks: 11
Solving time: 0.000357887 seconds
plan limit 980
current timestep 91
num of flexible agents: 33
num of flexible tasks: 10
Solving time: 0.000439764 seconds
plan limit 980
current timestep 92
num of flexible agents: 32
num of flexible tasks: 10
Solving time: 0.000296084 seconds
plan limit 980
current timestep 93
num of flexible agents: 37
num of flexible tasks: 12
Solving time: 0.000305932 seconds
plan limit 980
current timestep 94
num of flexible agents: 37
num of flexible tasks: 11
Solving time: 0.000322422 seconds
plan limit 980
current timestep 95
num of flexible agents: 40
num of flexible tasks: 11
Solving time: 0.000439159 seconds
plan limit 980
current timestep 96
num of flexible agents: 42
num of flexible tasks: 13
Solving time: 0.00031873 seconds
plan limit 980
current timestep 97
num of flexible agents: 43
num of flexible tasks: 13
Solving time: 0.000306302 seconds
plan limit 980
current timestep 98
num of flexible agents: 42
num of flexible tasks: 13
Solving time: 0.000426007 seconds
plan limit 980
current timestep 99
num of flexible agents: 40
num of flexible tasks: 13
Solving time: 0.000294122 seconds
plan limit 980
current timestep 100
num of flexible agents: 39
num of flexible tasks: 12
Solving time: 0.000329336 seconds
plan limit 980
current timestep 101
num of flexible agents: 36
num of flexible tasks: 10
Solving time: 0.000319697 seconds
plan limit 980
current timestep 102
num of flexible agents: 35
num of flexible tasks: 10
Solving time: 0.00028405 seconds
plan limit 980
current timestep 103
num of flexible agents: 33
num of flexible tasks: 10
Solving time: 0.00031794 seconds
plan limit 980
current timestep 104
num of flexible agents: 32
num of flexible tasks: 10
Solving time: 0.00029529 seconds
plan limit 980
current timestep 105
num of flexible agents: 28
num of flexible tasks: 8
Solving time: 0.000446803 seconds
plan limit 980
current timestep 106
num of flexible agents: 29
num of flexible tasks: 9
Solving time: 0.000287284 seconds
plan limit 980
current timestep 107
num of flexible agents: 27
num of flexible tasks: 8
Solving time: 0.000403497 seconds
plan limit 980
current timestep 108
num of flexible agents: 29
num of flexible tasks: 9
Solving time: 0.000257054 seconds
plan limit 980
current timestep 109
num of flexible agents: 29
num of flexible tasks: 9
Solving time: 0.000341142 seconds
plan limit 980
current timestep 110
num of flexible agents: 28
num of flexible tasks: 9
Solving time: 0.000305289 seconds
plan limit 980
current timestep 111
num of flexible agents: 31
num of flexible tasks: 11
Solving time: 0.000294934 seconds
plan limit 980
current timestep 112
num of flexible agents: 29
num of flexible tasks: 11
Solving time: 0.000293403 seconds
plan limit 980
current timestep 113
num of flexible agents: 27
num of flexible tasks: 10
Solving time: 0.000444631 seconds
plan limit 980
current timestep 114
num of flexible agents: 26
num of flexible tasks: 8
Solving time: 0.000293017 seconds
plan limit 980
current timestep 115
num of flexible agents: 25
num of flexible tasks: 9
Solving time: 0.000334916 seconds
plan limit 980
current timestep 116
num of flexible agents: 27
num of flexible tasks: 10
Solving time: 0.000433972 seconds
plan limit 980
current timestep 117
num of flexible agents: 28
num of flexible tasks: 10
Solving time: 0.000333131 seconds
plan limit 980
current timestep 118
num of flexible agents: 29
num of flexible tasks: 11
Solving time: 0.000342712 seconds
plan limit 980
current timestep 119
num of flexible agents: 27
num of flexible tasks: 10
Solving time: 0.000326403 seconds
plan limit 980
current timestep 120
num of flexible agents: 28
num of flexible tasks: 9
Solving time: 0.000291206 seconds
plan limit 980
current timestep 121
num of flexible agents: 35
num of flexible tasks: 11
Solving time: 0.000300089 seconds
plan limit 980
current timestep 122
num of flexible agents: 36
num of flexible tasks: 11
Solving time: 0.00044878 seconds
plan limit 980
current timestep 123
num of flexible agents: 39
num of flexible tasks: 13
Solving time: 0.000298099 seconds
plan limit 980
current timestep 124
num of flexible agents: 37
num of flexible tasks: 11
Solving time: 0.000296131 seconds
plan limit 980
current timestep 125
num of flexible agents: 35
num of flexible tasks: 9
Solving time: 0.00028471 seconds
plan limit 980
current timestep 126
num of flexible agents: 37
num of flexible tasks: 8
Solving time: 0.000301258 seconds
plan limit 980
current timestep 127
num of flexible agents: 37
num of flexible tasks: 9
Solving time: 0.000329664 seconds
plan limit 980
current timestep 128
num of flexible agents: 35
num of flexible tasks: 9
Solving time: 0.000322222 seconds
plan limit 980
current timestep 129
num of flexible agents: 36
num of flexible tasks: 9
Solving time: 0.000306226 seconds
plan limit 980
current timestep 130
num of flexible agents: 34
num of flexible tasks: 8
Solving time: 0.000297512 seconds
plan limit 980
current timestep 131
num of flexible agents: 37
num of flexible tasks: 9
Solving time: 0.000302822 seconds
plan limit 980
current timestep 132
num of flexible agents: 39
num of flexible tasks: 11
Solving time: 0.000320172 seconds
plan limit 980
current timestep 133
num of flexible agents: 39
num of flexible tasks: 11
Solving time: 0.000289225 seconds
plan limit 980
current timestep 134
num of flexible agents: 37
num of flexible tasks: 8
Solving time: 0.000393255 seconds
plan limit 980
current timestep 135
num of flexible agents: 35
num of flexible tasks: 6
Solving time: 0.000267744 seconds
plan limit 980
current timestep 136
num of flexible agents: 33
num of flexible tasks: 6
Solving time: 0.000403215 seconds
plan limit 980
current timestep 137
num of flexible agents: 35
num of flexible tasks: 8
Solving time: 0.000302795 seconds
plan limit 980
current timestep 138
num of flexible agents: 36
num of flexible tasks: 9
Solving time: 0.000277002 seconds
plan limit 980
current timestep 139
num of flexible agents: 38
num of flexible tasks: 10
Solving time: 0.000437956 seconds
plan limit 980
current timestep 140
num of flexible agents: 37
num of flexible tasks: 10
Solving time: 0.000314853 seconds
plan limit 980
current timestep 141
num of flexible agents: 38
num of flexible tasks: 9
Solving time: 0.000394217 seconds
plan limit 980
current timestep 142
num of flexible agents: 36
num of flexible tasks: 9
Solving time: 0.000298842 seconds
plan limit 980
current timestep 143
num of flexible agents: 37
num of flexible tasks: 9
Solving time: 0.000424667 seconds
plan limit 980
current timestep 144
num of flexible agents: 34
num of flexible tasks: 8
Solving time: 0.000327294 seconds
plan limit 980
current timestep 145
num of flexible agents: 35
num of flexible tasks: 9
Solving time: 0.000354664 seconds
plan limit 980
current timestep 146
num of flexible agents: 36
num of flexible tasks: 9
Solving time: 0.000442575 seconds
plan limit 980
current timestep 147
num of flexible agents: 36
num of flexible tasks: 8
Solving time: 0.000315641 seconds
plan limit 980
current timestep 148
num of flexible agents: 36
num of flexible tasks: 9
Solving time: 0.000400687 seconds
plan limit 980
current timestep 149
num of flexible agents: 37
num of flexible tasks: 10
Solving time: 0.00031089 seconds
plan limit 980
current timestep 150
num of flexible agents: 38
num of flexible tasks: 11
Solving time: 0.000377728 seconds
plan limit 980
current timestep 151
num of flexible agents: 37
num of flexible tasks: 11
Solving time: 0.00030904 seconds
plan limit 980
current timestep 152
num of flexible agents: 39
num of flexible tasks: 10
Solving time: 0.000389046 seconds
plan limit 980
current timestep 153
num of flexible agents: 40
num of flexible tasks: 12
Solving time: 0.000315861 seconds
plan limit 980
current timestep 154
num of flexible agents: 38
num of flexible tasks: 10
Solving time: 0.000282454 seconds
plan limit 980
current timestep 155
num of flexible agents: 33
num of flexible tasks: 7
Solving time: 0.00035301 seconds
plan limit 980
current timestep 156
num of flexible agents: 36
num of flexible tasks: 8
Solving time: 0.000401714 seconds
plan limit 979
current timestep 157
num of flexible agents: 35
num of flexible tasks: 8
Solving time: 0.000347873 seconds
plan limit 980
current timestep 158
num of flexible agents: 35
num of flexible tasks: 8
Solving time: 0.000402981 seconds
plan limit 980
current timestep 159
num of flexible agents: 36
num of flexible tasks: 9
Solving time: 0.000402976 seconds
plan limit 980
current timestep 160
num of flexible agents: 35
num of flexible tasks: 10
Solving time: 0.000413411 seconds
plan limit 980
current timestep 161
num of flexible agents: 35
num of flexible tasks: 10
Solving time: 0.000417186 seconds
plan limit 980
current timestep 162
num of flexible agents: 36
num of flexible tasks: 11
Solving time: 0.000413718 seconds
plan limit 980
current timestep 163
num of flexible agents: 36
num of flexible tasks: 11
Solving time: 0.000397807 seconds
plan limit 980
current timestep 164
num of flexible agents: 38
num of flexible tasks: 12
Solving time: 0.000319222 seconds
plan limit 980
current timestep 165
num of flexible agents: 39
num of flexible tasks: 14
Solving time: 0.00039898 seconds
plan limit 980
current timestep 166
num of flexible agents: 40
num of flexible tasks: 14
Solving time: 0.000327893 seconds
plan limit 980
current timestep 167
num of flexible agents: 34
num of flexible tasks: 9
Solving time: 0.000367455 seconds
plan limit 980
current timestep 168
num of flexible agents: 34
num of flexible tasks: 8
Solving time: 0.000266328 seconds
plan limit 980
current timestep 169
num of flexible agents: 32
num of flexible tasks: 7
Solving time: 0.000394068 seconds
plan limit 980
current timestep 170
num of flexible agents: 33
num of flexible tasks: 8
Solving time: 0.000401071 seconds
plan limit 980
current timestep 171
num of flexible agents: 32
num of flexible tasks: 6
Solving time: 0.000401901 seconds
plan limit 980
current timestep 172
num of flexible agents: 31
num of flexible tasks: 6
Solving time: 0.000279339 seconds
plan limit 980
current timestep 173
num of flexible agents: 34
num of flexible tasks: 8
Solving time: 0.000362904 seconds
plan limit 980
current timestep 174
num of flexible agents: 38
num of flexible tasks: 10
Solving time: 0.000343018 seconds
plan limit 980
current timestep 175
num of flexible agents: 37
num of flexible tasks: 10
Solving time: 0.000421848 seconds
plan limit 980
current timestep 176
num of flexible agents: 39
num of flexible tasks: 10
Solving time: 0.000437071 seconds
plan limit 980
current timestep 177
num of flexible agents: 39
num of flexible tasks: 9
Solving time: 0.000369131 seconds
plan limit 980
current timestep 178
num of flexible agents: 41
num of flexible tasks: 9
Solving time: 0.000446397 seconds
plan limit 980
current timestep 179
num of flexible agents: 38
num of flexible tasks: 7
Solving time: 0.000412709 seconds
plan limit 980
current timestep 180
num of flexible agents: 38
num of flexible tasks: 8
Solving time: 0.00029855 seconds
plan limit 980
current timestep 181
num of flexible agents: 37
num of flexible tasks: 8
Solving time: 0.000457002 seconds
plan limit 980
current timestep 182
num of flexible agents: 39
num of flexible tasks: 9
Solving time: 0.000460607 seconds
plan limit 980
current timestep 183
num of flexible agents: 40
num of flexible tasks: 10
Solving time: 0.000338446 seconds
plan limit 980
current timestep 184
num of flexible agents: 37
num of flexible tasks: 9
Solving time: 0.000322986 seconds
plan limit 980
current timestep 185
num of flexible agents: 36
num of flexible tasks: 9
Solving time: 0.000407818 seconds
plan limit 980
current timestep 186
num of flexible agents: 36
num of flexible tasks: 8
Solving time: 0.000416204 seconds
plan limit 980
current timestep 187
num of flexible agents: 35
num of flexible tasks: 9
Solving time: 0.000379197 seconds
plan limit 980
current timestep 188
num of flexible agents: 36
num of flexible tasks: 9
Solving time: 0.000290826 seconds
plan limit 980
current timestep 189
num of flexible agents: 35
num of flexible tasks: 8
Solving time: 0.000400539 seconds
plan limit 980
current timestep 190
num of flexible agents: 38
num of flexible tasks: 9
Solving time: 0.000376934 seconds
plan limit 980
current timestep 191
num of flexible agents: 36
num of flexible tasks: 6
Solving time: 0.000371165 seconds
plan limit 980
current timestep 192
num of flexible agents: 36
num of flexible tasks: 7
Solving time: 0.000335299 seconds
plan limit 980
current timestep 193
num of flexible agents: 35
num of flexible tasks: 6
Solving time: 0.000278781 seconds
plan limit 980
current timestep 194
num of flexible agents: 33
num of flexible tasks: 5
Solving time: 0.000333856 seconds
plan limit 980
current timestep 195
num of flexible agents: 36
num of flexible tasks: 6
Solving time: 0.00036186 seconds
plan limit 980
current timestep 196
num of flexible agents: 39
num of flexible tasks: 8
Solving time: 0.000378259 seconds
plan limit 980
current timestep 197
num of flexible agents: 45
num of flexible tasks: 9
Solving time: 0.000286704 seconds
plan limit 980
current timestep 198
num of flexible agents: 42
num of flexible tasks: 6
Solving time: 0.000317696 seconds
plan limit 980
current timestep 199
num of flexible agents: 39
num of flexible tasks: 5
Solving time: 0.0003198 seconds
plan limit 980
current timestep 200
num of flexible agents: 38
num of flexible tasks: 5
Solving time: 0.000315938 seconds
plan limit 980
current timestep 201
num of flexible agents: 41
num of flexible tasks: 7
Solving time: 0.000286335 seconds
plan limit 980
current timestep 202
num of flexible agents: 40
num of flexible tasks: 7
Solving time: 0.000369494 seconds
plan limit 980
current timestep 203
num of flexible agents: 41
num of flexible tasks: 8
Solving time: 0.0004057 seconds
plan limit 980
current timestep 204
num of flexible agents: 40
num of flexible tasks: 8
Solving time: 0.000289089 seconds
plan limit 980
current timestep 205
num of flexible agents: 41
num of flexible tasks: 9
Solving time: 0.000259236 seconds
plan limit 980
current timestep 206
num of flexible agents: 37
num of flexible tasks: 7
Solving time: 0.000385921 seconds
plan limit 980
current timestep 207
num of flexible agents: 37
num of flexible tasks: 9
Solving time: 0.000390544 seconds
plan limit 980
current timestep 208
num of flexible agents: 35
num of flexible tasks: 9
Solving time: 0.000446013 seconds
plan limit 980
current timestep 209
num of flexible agents: 34
num of flexible tasks: 8
Solving time: 0.000429805 seconds
plan limit 980
current timestep 210
num of flexible agents: 33
num of flexible tasks: 7
Solving time: 0.000425303 seconds
plan limit 980
current timestep 211
num of flexible agents: 36
num of flexible tasks: 8
Solving time: 0.000287315 seconds
plan limit 980
current timestep 212
num of flexible agents: 35
num of flexible tasks: 8
Solving time: 0.00031951 seconds
plan limit 980
current timestep 213
num of flexible agents: 36
num of flexible tasks: 8
Solving time: 0.000349779 seconds
plan limit 980
current timestep 214
num of flexible agents: 33
num of flexible tasks: 7
Solving time: 0.000393114 seconds
plan limit 980
current timestep 215
num of flexible agents: 33
num of flexible tasks: 7
Solving time: 0.000402227 seconds
plan limit 980
current timestep 216
num of flexible agents: 34
num of flexible tasks: 8
Solving time: 0.000415277 seconds
plan limit 980
current timestep 217
num of flexible agents: 37
num of flexible tasks: 10
Solving time: 0.000357029 seconds
plan limit 980
current timestep 218
num of flexible agents: 42
num of flexible tasks: 11
Solving time: 0.000394078 seconds
plan limit 980
current timestep 219
num of flexible agents: 37
num of flexible tasks: 7
Solving time: 0.000279314 seconds
plan limit 980
current timestep 220
num of flexible agents: 37
num of flexible tasks: 8
Solving time: 0.000381137 seconds
plan limit 980
current timestep 221
num of flexible agents: 38
num of flexible tasks: 9
Solving time: 0.00038957 seconds
plan limit 980
current timestep 222
num of flexible agents: 37
num of flexible tasks: 8
Solving time: 0.000385684 seconds
plan limit 980
current timestep 223
num of flexible agents: 36
num of flexible tasks: 8
Solving time: 0.000289247 seconds
plan limit 980
current timestep 224
num of flexible agents: 36
num of flexible tasks: 9
Solving time: 0.000299309 seconds
plan limit 980
current timestep 225
num of flexible agents: 32
num of flexible tasks: 5
Solving time: 0.000394803 seconds
plan limit 980
current timestep 226
num of flexible agents: 35
num of flexible tasks: 6
Solving time: 0.000272885 seconds
plan limit 980
current timestep 227
num of flexible agents: 38
num of flexible tasks: 8
Solving time: 0.000382232 seconds
plan limit 980
current timestep 228
num of flexible agents: 39
num of flexible tasks: 10
Solving time: 0.000317519 seconds
plan limit 980
current timestep 229
num of flexible agents: 43
num of flexible tasks: 12
Solving time: 0.000472499 seconds
plan limit 980
current timestep 230
num of flexible agents: 45
num of flexible tasks: 12
Solving time: 0.000306782 seconds
plan limit 980
current timestep 231
num of flexible agents: 44
num of flexible tasks: 12
Solving time: 0.000457391 seconds
plan limit 980
current timestep 232
num of flexible agents: 43
num of flexible tasks: 11
Solving time: 0.000447276 seconds
plan limit 980
current timestep 233
num of flexible agents: 45
num of flexible tasks: 11
Solving time: 0.000440991 seconds
plan limit 980
current timestep 234
num of flexible agents: 42
num of flexible tasks: 9
Solving time: 0.0003891 seconds
plan limit 980
current timestep 235
num of flexible agents: 43
num of flexible tasks: 9
Solving time: 0.000413912 seconds
plan limit 980
current timestep 236
num of flexible agents: 43
num of flexible tasks: 9
Solving time: 0.000368064 seconds
plan limit 980
current timestep 237
num of flexible agents: 41
num of flexible tasks: 9
Solving time: 0.000437263 seconds
plan limit 980
current timestep 238
num of flexible agents: 41
num of flexible tasks: 8
Solving time: 0.000262147 seconds
plan limit 980
current timestep 239
num of flexible agents: 41
num of flexible tasks: 7
Solving time: 0.000422051 seconds
plan limit 980
current timestep 240
num of flexible agents: 42
num of flexible tasks: 7
Solving time: 0.000283012 seconds
plan limit 980
current timestep 241
num of flexible agents: 41
num of flexible tasks: 6
Solving time: 0.000398709 seconds
plan limit 980
current timestep 242
num of flexible agents: 43
num of flexible tasks: 8
Solving time: 0.000299859 seconds
plan limit 980
current timestep 243
num of flexible agents: 43
num of flexible tasks: 9
Solving time: 0.000377863 seconds
plan limit 980
current timestep 244
num of flexible agents: 44
num of flexible tasks: 9
Solving time: 0.000297875 seconds
plan limit 980
current timestep 245
num of flexible agents: 46
num of flexible tasks: 10
Solving time: 0.000414831 seconds
plan limit 980
current timestep 246
num of flexible agents: 42
num of flexible tasks: 7
Solving time: 0.000310505 seconds
plan limit 980
current timestep 247
num of flexible agents: 42
num of flexible tasks: 4
Solving time: 0.000377359 seconds
plan limit 980
current timestep 248
num of flexible agents: 44
num of flexible tasks: 5
Solving time: 0.000377019 seconds
plan limit 980
current timestep 249
num of flexible agents: 45
num of flexible tasks: 7
Solving time: 0.000282062 seconds
plan limit 980
current timestep 250
num of flexible agents: 46
num of flexible tasks: 5
Solving time: 0.000296112 seconds
plan limit 980
current timestep 251
num of flexible agents: 47
num of flexible tasks: 5
Solving time: 0.000376467 seconds
plan limit 980
current timestep 252
num of flexible agents: 43
num of flexible tasks: 0
Solving time: 0.000233075 seconds
plan limit 980
current timestep 253
num of flexible agents: 43
num of flexible tasks: 0
Solving time: 0.000219573 seconds
plan limit 980
current timestep 254
num of flexible agents: 46
num of flexible tasks: 0
Solving time: 0.000331416 seconds
plan limit 980
current timestep 255
num of flexible agents: 47
num of flexible tasks: 0
Solving time: 0.000306038 seconds
plan limit 980
current timestep 256
num of flexible agents: 50
num of flexible tasks: 0
Solving time: 0.00032657 seconds
plan limit 980
current timestep 257
num of flexible agents: 51
num of flexible tasks: 0
Solving time: 0.000217556 seconds
plan limit 980
current timestep 258
num of flexible agents: 52
num of flexible tasks: 0
Solving time: 0.000216776 seconds
plan limit 980
current timestep 259
num of flexible agents: 53
num of flexible tasks: 0
Solving time: 0.000313331 seconds
plan limit 980
current timestep 260
num of flexible agents: 56
num of flexible tasks: 0
Solving time: 0.000225493 seconds
plan limit 980
current timestep 261
num of flexible agents: 56
num of flexible tasks: 0
Solving time: 0.000257794 seconds
plan limit 980
current timestep 262
num of flexible agents: 57
num of flexible tasks: 0
Solving time: 0.000334392 seconds
plan limit 980
current timestep 263
num of flexible agents: 58
num of flexible tasks: 0
Solving time: 0.000226314 seconds
plan limit 980
current timestep 264
num of flexible agents: 58
num of flexible tasks: 0
Solving time: 0.000292426 seconds
plan limit 980
current timestep 265
num of flexible agents: 58
num of flexible tasks: 0
Solving time: 0.000323579 seconds
plan limit 980
current timestep 266
num of flexible agents: 58
num of flexible tasks: 0
Solving time: 0.000325891 seconds
plan limit 980
current timestep 267
num of flexible agents: 61
num of flexible tasks: 0
Solving time: 0.000241068 seconds
plan limit 980
current timestep 268
num of flexible agents: 62
num of flexible tasks: 0
Solving time: 0.00033743 seconds
plan limit 980
current timestep 269
num of flexible agents: 65
num of flexible tasks: 0
Solving time: 0.000235363 seconds
plan limit 980
current timestep 270
num of flexible agents: 65
num of flexible tasks: 0
Solving time: 0.000316427 seconds
plan limit 980
current timestep 271
num of flexible agents: 66
num of flexible tasks: 0
Solving time: 0.000251633 seconds
plan limit 980
current timestep 272
num of flexible agents: 69
num of flexible tasks: 0
Solving time: 0.000220544 seconds
plan limit 980
current timestep 273
num of flexible agents: 70
num of flexible tasks: 0
Solving time: 0.000233212 seconds
plan limit 980
current timestep 274
num of flexible agents: 71
num of flexible tasks: 0
Solving time: 0.000327535 seconds
plan limit 980
current timestep 275
num of flexible agents: 71
num of flexible tasks: 0
Solving time: 0.00028768 seconds
plan limit 980
current timestep 276
num of flexible agents: 72
num of flexible tasks: 0
Solving time: 0.000320511 seconds
plan limit 980
current timestep 277
num of flexible agents: 73
num of flexible tasks: 0
Solving time: 0.000308053 seconds
plan limit 980
current timestep 278
num of flexible agents: 75
num of flexible tasks: 0
Solving time: 0.000233435 seconds
plan limit 980
current timestep 279
num of flexible agents: 75
num of flexible tasks: 0
Solving time: 0.000215142 seconds
plan limit 980
current timestep 280
num of flexible agents: 76
num of flexible tasks: 0
Solving time: 0.000222768 seconds
plan limit 980
current timestep 281
num of flexible agents: 76
num of flexible tasks: 0
Solving time: 0.000310288 seconds
plan limit 980
current timestep 282
num of flexible agents: 77
num of flexible tasks: 0
Solving time: 0.000242573 seconds
plan limit 980
current timestep 283
num of flexible agents: 77
num of flexible tasks: 0
Solving time: 0.000325742 seconds
plan limit 980
current timestep 284
num of flexible agents: 77
num of flexible tasks: 0
Solving time: 0.000242824 seconds
plan limit 980
current timestep 285
num of flexible agents: 77
num of flexible tasks: 0
Solving time: 0.000311014 seconds
plan limit 980
current timestep 286
num of flexible agents: 78
num of flexible tasks: 0
Solving time: 0.000222647 seconds
plan limit 980
current timestep 287
num of flexible agents: 78
num of flexible tasks: 0
Solving time: 0.000324283 seconds
plan limit 980
current timestep 288
num of flexible agents: 78
num of flexible tasks: 0
Solving time: 0.000264436 seconds
plan limit 980
current timestep 289
num of flexible agents: 78
num of flexible tasks: 0
Solving time: 0.000318832 seconds
plan limit 980
current timestep 290
num of flexible agents: 78
num of flexible tasks: 0
Solving time: 0.00024555 seconds
plan limit 980
current timestep 291
num of flexible agents: 78
num of flexible tasks: 0
Solving time: 0.000333376 seconds
plan limit 980
current timestep 292
num of flexible agents: 78
num of flexible tasks: 0
Solving time: 0.00032455 seconds
plan limit 980
current timestep 293
num of flexible agents: 79
num of flexible tasks: 0
Solving time: 0.00022268 seconds
plan limit 980
current timestep 294
num of flexible agents: 79
num of flexible tasks: 0
Solving time: 0.000325542 seconds
plan limit 980
All tasks finished at timestep 295
