current timestep 0
num of flexible agents: 80
num of flexible tasks: 5
Solving time: 0.000379661 seconds
plan limit 980
current timestep 1
num of flexible agents: 80
num of flexible tasks: 10
Solving time: 0.000378735 seconds
plan limit 980
current timestep 2
num of flexible agents: 79
num of flexible tasks: 14
Solving time: 0.000521265 seconds
plan limit 980
current timestep 3
num of flexible agents: 76
num of flexible tasks: 16
Solving time: 0.000363461 seconds
plan limit 980
current timestep 4
num of flexible agents: 73
num of flexible tasks: 18
Solving time: 0.000393229 seconds
plan limit 980
current timestep 5
num of flexible agents: 72
num of flexible tasks: 22
Solving time: 0.000428639 seconds
plan limit 980
current timestep 6
num of flexible agents: 69
num of flexible tasks: 24
Solving time: 0.000566515 seconds
plan limit 980
current timestep 7
num of flexible agents: 60
num of flexible tasks: 20
Solving time: 0.000436306 seconds
plan limit 980
current timestep 8
num of flexible agents: 57
num of flexible tasks: 22
Solving time: 0.00059123 seconds
plan limit 980
current timestep 9
num of flexible agents: 54
num of flexible tasks: 23
Solving time: 0.00044726 seconds
plan limit 980
current timestep 10
num of flexible agents: 52
num of flexible tasks: 26
Solving time: 0.000484458 seconds
plan limit 980
current timestep 11
num of flexible agents: 47
num of flexible tasks: 26
Solving time: 0.00064806 seconds
plan limit 980
current timestep 12
num of flexible agents: 46
num of flexible tasks: 30
Solving time: 0.00066344 seconds
plan limit 980
current timestep 13
num of flexible agents: 43
num of flexible tasks: 31
Solving time: 0.000522839 seconds
plan limit 980
current timestep 14
num of flexible agents: 43
num of flexible tasks: 36
Solving time: 0.00046326 seconds
plan limit 980
current timestep 15
num of flexible agents: 40
num of flexible tasks: 37
Solving time: 0.000527567 seconds
plan limit 980
current timestep 16
num of flexible agents: 38
num of flexible tasks: 39
Solving time: 0.000586688 seconds
plan limit 980
current timestep 17
num of flexible agents: 34
num of flexible tasks: 40
Solving time: 0.000529149 seconds
plan limit 980
current timestep 18
num of flexible agents: 29
num of flexible tasks: 40
Solving time: 0.000406544 seconds
plan limit 980
current timestep 19
num of flexible agents: 26
num of flexible tasks: 42
Solving time: 0.000542145 seconds
plan limit 980
current timestep 20
num of flexible agents: 20
num of flexible tasks: 40
Solving time: 0.00038112 seconds
plan limit 980
current timestep 21
num of flexible agents: 16
num of flexible tasks: 40
Solving time: 0.00048097 seconds
plan limit 980
current timestep 22
num of flexible agents: 13
num of flexible tasks: 42
Solving time: 0.00033325 seconds
plan limit 980
current timestep 23
num of flexible agents: 12
num of flexible tasks: 45
Solving time: 0.000440053 seconds
plan limit 980
current timestep 24
num of flexible agents: 13
num of flexible tasks: 48
Solving time: 0.00033952 seconds
plan limit 980
current timestep 25
num of flexible agents: 14
num of flexible tasks: 51
Solving time: 0.000309142 seconds
plan limit 980
current timestep 26
num of flexible agents: 11
num of flexible tasks: 51
Solving time: 0.000292828 seconds
plan limit 980
current timestep 27
num of flexible agents: 11
num of flexible tasks: 53
Solving time: 0.000282971 seconds
plan limit 980
current timestep 28
num of flexible agents: 8
num of flexible tasks: 55
Solving time: 0.000309196 seconds
plan limit 980
current timestep 29
num of flexible agents: 9
num of flexible tasks: 60
Solving time: 0.000410517 seconds
plan limit 980
current timestep 30
num of flexible agents: 12
num of flexible tasks: 63
Solving time: 0.000302599 seconds
plan limit 980
current timestep 31
num of flexible agents: 9
num of flexible tasks: 63
Solving time: 0.000408436 seconds
plan limit 980
current timestep 32
num of flexible agents: 9
num of flexible tasks: 66
Solving time: 0.000419373 seconds
plan limit 980
current timestep 33
num of flexible agents: 10
num of flexible tasks: 69
Solving time: 0.000289879 seconds
plan limit 980
current timestep 34
num of flexible agents: 9
num of flexible tasks: 70
Solving time: 0.000426902 seconds
plan limit 980
current timestep 35
num of flexible agents: 9
num of flexible tasks: 72
Solving time: 0.000285483 seconds
plan limit 980
current timestep 36
num of flexible agents: 9
num of flexible tasks: 73
Solving time: 0.00028901 seconds
plan limit 980
current timestep 37
num of flexible agents: 7
num of flexible tasks: 75
Solving time: 0.000444698 seconds
plan limit 980
current timestep 38
num of flexible agents: 8
num of flexible tasks: 78
Solving time: 0.000310884 seconds
plan limit 980
current timestep 39
num of flexible agents: 9
num of flexible tasks: 80
Solving time: 0.000420719 seconds
plan limit 980
current timestep 40
num of flexible agents: 6
num of flexible tasks: 80
Solving time: 0.000305647 seconds
plan limit 980
current timestep 41
num of flexible agents: 5
num of flexible tasks: 83
Solving time: 0.000428995 seconds
plan limit 980
current timestep 42
num of flexible agents: 7
num of flexible tasks: 86
Solving time: 0.000275743 seconds
plan limit 980
current timestep 43
num of flexible agents: 7
num of flexible tasks: 90
Solving time: 0.000431037 seconds
plan limit 980
current timestep 44
num of flexible agents: 5
num of flexible tasks: 91
Solving time: 0.000278326 seconds
plan limit 980
current timestep 45
num of flexible agents: 6
num of flexible tasks: 93
Solving time: 0.000425951 seconds
plan limit 980
current timestep 46
num of flexible agents: 6
num of flexible tasks: 95
Solving time: 0.000289458 seconds
plan limit 980
current timestep 47
num of flexible agents: 9
num of flexible tasks: 98
Solving time: 0.000427453 seconds
plan limit 980
current timestep 48
num of flexible agents: 8
num of flexible tasks: 99
Solving time: 0.000330577 seconds
plan limit 980
current timestep 49
num of flexible agents: 9
num of flexible tasks: 101
Solving time: 0.000443992 seconds
plan limit 980
current timestep 50
num of flexible agents: 7
num of flexible tasks: 102
Solving time: 0.000453615 seconds
plan limit 980
current timestep 51
num of flexible agents: 10
num of flexible tasks: 104
Solving time: 0.000289248 seconds
plan limit 980
current timestep 52
num of flexible agents: 8
num of flexible tasks: 104
Solving time: 0.000409698 seconds
plan limit 980
current timestep 53
num of flexible agents: 11
num of flexible tasks: 104
Solving time: 0.000313428 seconds
plan limit 980
current timestep 54
num of flexible agents: 10
num of flexible tasks: 103
Solving time: 0.00047089 seconds
plan limit 980
current timestep 55
num of flexible agents: 8
num of flexible tasks: 102
Solving time: 0.000315501 seconds
plan limit 980
current timestep 56
num of flexible agents: 9
num of flexible tasks: 104
Solving time: 0.000467393 seconds
plan limit 980
current timestep 57
num of flexible agents: 8
num of flexible tasks: 103
Solving time: 0.000459988 seconds
plan limit 980
current timestep 58
num of flexible agents: 3
num of flexible tasks: 103
Solving time: 0.00106571 seconds
plan limit 979
current timestep 59
num of flexible agents: 5
num of flexible tasks: 108
Solving time: 0.000425697 seconds
plan limit 980
current timestep 60
num of flexible agents: 6
num of flexible tasks: 111
Solving time: 0.000436844 seconds
plan limit 980
current timestep 61
num of flexible agents: 8
num of flexible tasks: 113
Solving time: 0.000307578 seconds
plan limit 980
current timestep 62
num of flexible agents: 8
num of flexible tasks: 114
Solving time: 0.000309618 seconds
plan limit 980
current timestep 63
num of flexible agents: 7
num of flexible tasks: 116
Solving time: 0.000332836 seconds
plan limit 980
current timestep 64
num of flexible agents: 6
num of flexible tasks: 117
Solving time: 0.00030463 seconds
plan limit 980
current timestep 65
num of flexible agents: 9
num of flexible tasks: 120
Solving time: 0.0003099 seconds
plan limit 980
current timestep 66
num of flexible agents: 5
num of flexible tasks: 121
Solving time: 0.000337381 seconds
plan limit 980
current timestep 67
num of flexible agents: 7
num of flexible tasks: 125
Solving time: 0.000436132 seconds
plan limit 980
current timestep 68
num of flexible agents: 6
num of flexible tasks: 126
Solving time: 0.000295676 seconds
plan limit 980
current timestep 69
num of flexible agents: 6
num of flexible tasks: 128
Solving time: 0.000427393 seconds
plan limit 980
current timestep 70
num of flexible agents: 7
num of flexible tasks: 130
Solving time: 0.000325865 seconds
plan limit 980
current timestep 71
num of flexible agents: 7
num of flexible tasks: 131
Solving time: 0.000445818 seconds
plan limit 980
current timestep 72
num of flexible agents: 7
num of flexible tasks: 131
Solving time: 0.000312625 seconds
plan limit 980
current timestep 73
num of flexible agents: 4
num of flexible tasks: 132
Solving time: 0.00112744 seconds
plan limit 979
current timestep 74
num of flexible agents: 4
num of flexible tasks: 134
Solving time: 0.00095656 seconds
plan limit 979
current timestep 75
num of flexible agents: 5
num of flexible tasks: 136
Solving time: 0.00030059 seconds
plan limit 980
current timestep 76
num of flexible agents: 5
num of flexible tasks: 139
Solving time: 0.000436334 seconds
plan limit 980
current timestep 77
num of flexible agents: 5
num of flexible tasks: 142
Solving time: 0.000300573 seconds
plan limit 980
current timestep 78
num of flexible agents: 0
num of flexible tasks: 142
Solving time: 0.000347055 seconds
plan limit 980
current timestep 79
num of flexible agents: 1
num of flexible tasks: 147
Solving time: 0.000758774 seconds
plan limit 980
current timestep 80
num of flexible agents: 5
num of flexible tasks: 152
Solving time: 0.000412708 seconds
plan limit 980
current timestep 81
num of flexible agents: 6
num of flexible tasks: 153
Solving time: 0.000292062 seconds
plan limit 980
current timestep 82
num of flexible agents: 6
num of flexible tasks: 154
Solving time: 0.000422329 seconds
plan limit 980
current timestep 83
num of flexible agents: 7
num of flexible tasks: 156
Solving time: 0.000296768 seconds
plan limit 980
current timestep 84
num of flexible agents: 6
num of flexible tasks: 156
Solving time: 0.000297798 seconds
plan limit 980
current timestep 85
num of flexible agents: 9
num of flexible tasks: 160
Solving time: 0.000301481 seconds
plan limit 980
current timestep 86
num of flexible agents: 7
num of flexible tasks: 162
Solving time: 0.000292499 seconds
plan limit 980
current timestep 87
num of flexible agents: 9
num of flexible tasks: 163
Solving time: 0.00026869 seconds
plan limit 980
current timestep 88
num of flexible agents: 2
num of flexible tasks: 160
Solving time: 0.000789079 seconds
plan limit 980
current timestep 89
num of flexible agents: 5
num of flexible tasks: 164
Solving time: 0.000262361 seconds
plan limit 980
current timestep 90
num of flexible agents: 2
num of flexible tasks: 165
Solving time: 0.000798419 seconds
plan limit 980
current timestep 91
num of flexible agents: 3
num of flexible tasks: 168
Solving time: 0.000882782 seconds
plan limit 979
current timestep 92
num of flexible agents: 7
num of flexible tasks: 171
Solving time: 0.000288468 seconds
plan limit 980
current timestep 93
num of flexible agents: 9
num of flexible tasks: 173
Solving time: 0.000291366 seconds
plan limit 980
current timestep 94
num of flexible agents: 8
num of flexible tasks: 174
Solving time: 0.000283934 seconds
plan limit 980
current timestep 95
num of flexible agents: 7
num of flexible tasks: 174
Solving time: 0.000293116 seconds
plan limit 980
current timestep 96
num of flexible agents: 7
num of flexible tasks: 176
Solving time: 0.000281957 seconds
plan limit 980
current timestep 97
num of flexible agents: 4
num of flexible tasks: 176
Solving time: 0.000837686 seconds
plan limit 980
current timestep 98
num of flexible agents: 3
num of flexible tasks: 178
Solving time: 0.000890571 seconds
plan limit 979
current timestep 99
num of flexible agents: 6
num of flexible tasks: 181
Solving time: 0.00027191 seconds
plan limit 980
current timestep 100
num of flexible agents: 6
num of flexible tasks: 177
Solving time: 0.000286998 seconds
plan limit 980
current timestep 101
num of flexible agents: 7
num of flexible tasks: 174
Solving time: 0.000279263 seconds
plan limit 980
current timestep 102
num of flexible agents: 7
num of flexible tasks: 170
Solving time: 0.000288196 seconds
plan limit 980
current timestep 103
num of flexible agents: 10
num of flexible tasks: 166
Solving time: 0.000306458 seconds
plan limit 980
current timestep 104
num of flexible agents: 6
num of flexible tasks: 160
Solving time: 0.00029031 seconds
plan limit 980
current timestep 105
num of flexible agents: 4
num of flexible tasks: 156
Solving time: 0.000834006 seconds
plan limit 980
current timestep 106
num of flexible agents: 6
num of flexible tasks: 154
Solving time: 0.000291712 seconds
plan limit 980
current timestep 107
num of flexible agents: 8
num of flexible tasks: 153
Solving time: 0.000301157 seconds
plan limit 980
current timestep 108
num of flexible agents: 5
num of flexible tasks: 149
Solving time: 0.000288771 seconds
plan limit 980
current timestep 109
num of flexible agents: 10
num of flexible tasks: 147
Solving time: 0.000307529 seconds
plan limit 980
current timestep 110
num of flexible agents: 10
num of flexible tasks: 144
Solving time: 0.000307009 seconds
plan limit 980
current timestep 111
num of flexible agents: 8
num of flexible tasks: 139
Solving time: 0.000298393 seconds
plan limit 980
current timestep 112
num of flexible agents: 6
num of flexible tasks: 135
Solving time: 0.000302305 seconds
plan limit 980
current timestep 113
num of flexible agents: 10
num of flexible tasks: 134
Solving time: 0.00030125 seconds
plan limit 980
current timestep 114
num of flexible agents: 6
num of flexible tasks: 128
Solving time: 0.000320275 seconds
plan limit 980
current timestep 115
num of flexible agents: 12
num of flexible tasks: 127
Solving time: 0.000315563 seconds
plan limit 980
current timestep 116
num of flexible agents: 12
num of flexible tasks: 123
Solving time: 0.000311696 seconds
plan limit 980
current timestep 117
num of flexible agents: 8
num of flexible tasks: 118
Solving time: 0.000303081 seconds
plan limit 980
current timestep 118
num of flexible agents: 8
num of flexible tasks: 116
Solving time: 0.000311581 seconds
plan limit 980
current timestep 119
num of flexible agents: 9
num of flexible tasks: 115
Solving time: 0.000307046 seconds
plan limit 980
current timestep 120
num of flexible agents: 8
num of flexible tasks: 112
Solving time: 0.00029769 seconds
plan limit 980
current timestep 121
num of flexible agents: 12
num of flexible tasks: 111
Solving time: 0.00029144 seconds
plan limit 980
current timestep 122
num of flexible agents: 14
num of flexible tasks: 108
Solving time: 0.000328708 seconds
plan limit 980
current timestep 123
num of flexible agents: 16
num of flexible tasks: 105
Solving time: 0.000326349 seconds
plan limit 980
current timestep 124
num of flexible agents: 18
num of flexible tasks: 100
Solving time: 0.000310069 seconds
plan limit 980
current timestep 125
num of flexible agents: 18
num of flexible tasks: 95
Solving time: 0.000332081 seconds
plan limit 980
current timestep 126
num of flexible agents: 15
num of flexible tasks: 90
Solving time: 0.000343612 seconds
plan limit 980
current timestep 127
num of flexible agents: 16
num of flexible tasks: 88
Solving time: 0.000477792 seconds
plan limit 980
current timestep 128
num of flexible agents: 19
num of flexible tasks: 85
Solving time: 0.000356714 seconds
plan limit 980
current timestep 129
num of flexible agents: 20
num of flexible tasks: 81
Solving time: 0.000492449 seconds
plan limit 980
current timestep 130
num of flexible agents: 21
num of flexible tasks: 78
Solving time: 0.000507697 seconds
plan limit 980
current timestep 131
num of flexible agents: 19
num of flexible tasks: 75
Solving time: 0.00034556 seconds
plan limit 980
current timestep 132
num of flexible agents: 23
num of flexible tasks: 73
Solving time: 0.000349292 seconds
plan limit 980
current timestep 133
num of flexible agents: 17
num of flexible tasks: 66
Solving time: 0.000510891 seconds
plan limit 980
current timestep 134
num of flexible agents: 18
num of flexible tasks: 65
Solving time: 0.000367758 seconds
plan limit 980
current timestep 135
num of flexible agents: 21
num of flexible tasks: 63
Solving time: 0.000520058 seconds
plan limit 980
current timestep 136
num of flexible agents: 21
num of flexible tasks: 61
Solving time: 0.000432361 seconds
plan limit 980
current timestep 137
num of flexible agents: 21
num of flexible tasks: 60
Solving time: 0.000395183 seconds
plan limit 980
current timestep 138
num of flexible agents: 21
num of flexible tasks: 60
Solving time: 0.000555311 seconds
plan limit 980
current timestep 139
num of flexible agents: 21
num of flexible tasks: 58
Solving time: 0.000400498 seconds
plan limit 980
current timestep 140
num of flexible agents: 21
num of flexible tasks: 57
Solving time: 0.000416702 seconds
plan limit 980
current timestep 141
num of flexible agents: 19
num of flexible tasks: 55
Solving time: 0.000417595 seconds
plan limit 980
current timestep 142
num of flexible agents: 23
num of flexible tasks: 54
Solving time: 0.000566691 seconds
plan limit 980
current timestep 143
num of flexible agents: 26
num of flexible tasks: 51
Solving time: 0.000405739 seconds
plan limit 980
current timestep 144
num of flexible agents: 24
num of flexible tasks: 49
Solving time: 0.000378696 seconds
plan limit 980
current timestep 145
num of flexible agents: 25
num of flexible tasks: 48
Solving time: 0.000556071 seconds
plan limit 980
current timestep 146
num of flexible agents: 27
num of flexible tasks: 46
Solving time: 0.000468561 seconds
plan limit 980
current timestep 147
num of flexible agents: 31
num of flexible tasks: 43
Solving time: 0.000603939 seconds
plan limit 980
current timestep 148
num of flexible agents: 29
num of flexible tasks: 39
Solving time: 0.000466083 seconds
plan limit 980
current timestep 149
num of flexible agents: 27
num of flexible tasks: 35
Solving time: 0.000608539 seconds
plan limit 980
current timestep 150
num of flexible agents: 26
num of flexible tasks: 31
Solving time: 0.000470268 seconds
plan limit 980
current timestep 151
num of flexible agents: 25
num of flexible tasks: 26
Solving time: 0.000664808 seconds
plan limit 980
current timestep 152
num of flexible agents: 25
num of flexible tasks: 25
Solving time: 0.000585435 seconds
plan limit 980
current timestep 153
num of flexible agents: 27
num of flexible tasks: 24
Solving time: 0.00071547 seconds
plan limit 980
current timestep 154
num of flexible agents: 30
num of flexible tasks: 22
Solving time: 0.000605878 seconds
plan limit 980
current timestep 155
num of flexible agents: 32
num of flexible tasks: 21
Solving time: 0.000384548 seconds
plan limit 980
current timestep 156
num of flexible agents: 29
num of flexible tasks: 16
Solving time: 0.000513678 seconds
plan limit 980
current timestep 157
num of flexible agents: 29
num of flexible tasks: 14
Solving time: 0.000475895 seconds
plan limit 980
current timestep 158
num of flexible agents: 26
num of flexible tasks: 10
Solving time: 0.000306769 seconds
plan limit 980
current timestep 159
num of flexible agents: 28
num of flexible tasks: 9
Solving time: 0.0004304 seconds
plan limit 980
current timestep 160
num of flexible agents: 30
num of flexible tasks: 7
Solving time: 0.000274772 seconds
plan limit 980
current timestep 161
num of flexible agents: 32
num of flexible tasks: 6
Solving time: 0.000376791 seconds
plan limit 980
current timestep 162
num of flexible agents: 32
num of flexible tasks: 6
Solving time: 0.000384326 seconds
plan limit 980
current timestep 163
num of flexible agents: 32
num of flexible tasks: 5
Solving time: 0.000266369 seconds
plan limit 980
current timestep 164
num of flexible agents: 33
num of flexible tasks: 5
Solving time: 0.000374843 seconds
plan limit 980
current timestep 165
num of flexible agents: 33
num of flexible tasks: 4
Solving time: 0.000262255 seconds
plan limit 980
current timestep 166
num of flexible agents: 35
num of flexible tasks: 4
Solving time: 0.000242343 seconds
plan limit 980
current timestep 167
num of flexible agents: 37
num of flexible tasks: 2
Solving time: 0.000239629 seconds
plan limit 980
current timestep 168
num of flexible agents: 40
num of flexible tasks: 2
Solving time: 0.00022591 seconds
plan limit 980
current timestep 169
num of flexible agents: 39
num of flexible tasks: 1
Solving time: 0.000393547 seconds
plan limit 980
current timestep 170
num of flexible agents: 40
num of flexible tasks: 1
Solving time: 0.000258418 seconds
plan limit 980
current timestep 171
num of flexible agents: 42
num of flexible tasks: 1
Solving time: 0.000263316 seconds
plan limit 980
current timestep 172
num of flexible agents: 42
num of flexible tasks: 0
Solving time: 0.000307041 seconds
plan limit 980
current timestep 173
num of flexible agents: 44
num of flexible tasks: 0
Solving time: 0.000284644 seconds
plan limit 980
current timestep 174
num of flexible agents: 47
num of flexible tasks: 0
Solving time: 0.000306658 seconds
plan limit 980
current timestep 175
num of flexible agents: 50
num of flexible tasks: 0
Solving time: 0.000222067 seconds
plan limit 980
current timestep 176
num of flexible agents: 53
num of flexible tasks: 0
Solving time: 0.000215075 seconds
plan limit 980
current timestep 177
num of flexible agents: 55
num of flexible tasks: 0
Solving time: 0.000200541 seconds
plan limit 980
current timestep 178
num of flexible agents: 59
num of flexible tasks: 0
Solving time: 0.000298165 seconds
plan limit 980
current timestep 179
num of flexible agents: 60
num of flexible tasks: 0
Solving time: 0.000294236 seconds
plan limit 980
current timestep 180
num of flexible agents: 64
num of flexible tasks: 0
Solving time: 0.00022054 seconds
plan limit 980
current timestep 181
num of flexible agents: 65
num of flexible tasks: 0
Solving time: 0.000291163 seconds
plan limit 980
current timestep 182
num of flexible agents: 66
num of flexible tasks: 0
Solving time: 0.000303972 seconds
plan limit 980
current timestep 183
num of flexible agents: 70
num of flexible tasks: 0
Solving time: 0.000200149 seconds
plan limit 980
current timestep 184
num of flexible agents: 72
num of flexible tasks: 0
Solving time: 0.000206128 seconds
plan limit 980
current timestep 185
num of flexible agents: 72
num of flexible tasks: 0
Solving time: 0.000206766 seconds
plan limit 980
current timestep 186
num of flexible agents: 74
num of flexible tasks: 0
Solving time: 0.00020564 seconds
plan limit 980
current timestep 187
num of flexible agents: 76
num of flexible tasks: 0
Solving time: 0.000311686 seconds
plan limit 980
current timestep 188
num of flexible agents: 77
num of flexible tasks: 0
Solving time: 0.000305423 seconds
plan limit 980
current timestep 189
num of flexible agents: 77
num of flexible tasks: 0
Solving time: 0.000215799 seconds
plan limit 980
current timestep 190
num of flexible agents: 77
num of flexible tasks: 0
Solving time: 0.000282937 seconds
plan limit 980
current timestep 191
num of flexible agents: 77
num of flexible tasks: 0
Solving time: 0.000223921 seconds
plan limit 980
current timestep 192
num of flexible agents: 77
num of flexible tasks: 0
Solving time: 0.000277777 seconds
plan limit 980
current timestep 193
num of flexible agents: 77
num of flexible tasks: 0
Solving time: 0.000203868 seconds
plan limit 980
current timestep 194
num of flexible agents: 77
num of flexible tasks: 0
Solving time: 0.000215881 seconds
plan limit 980
current timestep 195
num of flexible agents: 77
num of flexible tasks: 0
Solving time: 0.000273016 seconds
plan limit 977
current timestep 196
num of flexible agents: 78
num of flexible tasks: 0
Solving time: 0.000205346 seconds
plan limit 980
current timestep 197
num of flexible agents: 78
num of flexible tasks: 0
Solving time: 0.000304671 seconds
plan limit 980
current timestep 198
num of flexible agents: 79
num of flexible tasks: 0
Solving time: 0.000203287 seconds
plan limit 980
current timestep 199
num of flexible agents: 79
num of flexible tasks: 0
Solving time: 0.000298437 seconds
plan limit 980
current timestep 200
num of flexible agents: 79
num of flexible tasks: 0
Solving time: 0.000286808 seconds
plan limit 980
current timestep 201
num of flexible agents: 79
num of flexible tasks: 0
Solving time: 0.000229377 seconds
plan limit 980
All tasks finished at timestep 202
