current timestep 0
num of flexible agents: 100
num of flexible tasks: 2
Solving time: 0.000427035 seconds
plan limit 980
current timestep 1
num of flexible agents: 100
num of flexible tasks: 4
Solving time: 0.000313795 seconds
plan limit 980
current timestep 2
num of flexible agents: 99
num of flexible tasks: 5
Solving time: 0.000261605 seconds
plan limit 980
current timestep 3
num of flexible agents: 98
num of flexible tasks: 6
Solving time: 0.000253694 seconds
plan limit 980
current timestep 4
num of flexible agents: 95
num of flexible tasks: 5
Solving time: 0.000266669 seconds
plan limit 980
current timestep 5
num of flexible agents: 94
num of flexible tasks: 6
Solving time: 0.000289766 seconds
plan limit 980
current timestep 6
num of flexible agents: 94
num of flexible tasks: 8
Solving time: 0.000417448 seconds
plan limit 980
current timestep 7
num of flexible agents: 94
num of flexible tasks: 10
Solving time: 0.000284176 seconds
plan limit 980
current timestep 8
num of flexible agents: 91
num of flexible tasks: 8
Solving time: 0.000323812 seconds
plan limit 980
current timestep 9
num of flexible agents: 90
num of flexible tasks: 9
Solving time: 0.000322024 seconds
plan limit 980
current timestep 10
num of flexible agents: 88
num of flexible tasks: 9
Solving time: 0.000311474 seconds
plan limit 980
current timestep 11
num of flexible agents: 89
num of flexible tasks: 11
Solving time: 0.000317339 seconds
plan limit 980
current timestep 12
num of flexible agents: 87
num of flexible tasks: 10
Solving time: 0.000324232 seconds
plan limit 980
current timestep 13
num of flexible agents: 87
num of flexible tasks: 11
Solving time: 0.00034478 seconds
plan limit 980
current timestep 14
num of flexible agents: 86
num of flexible tasks: 12
Solving time: 0.000326611 seconds
plan limit 980
current timestep 15
num of flexible agents: 83
num of flexible tasks: 11
Solving time: 0.000307535 seconds
plan limit 980
current timestep 16
num of flexible agents: 82
num of flexible tasks: 12
Solving time: 0.00038826 seconds
plan limit 980
current timestep 17
num of flexible agents: 81
num of flexible tasks: 13
Solving time: 0.000336251 seconds
plan limit 980
current timestep 18
num of flexible agents: 78
num of flexible tasks: 12
Solving time: 0.000454991 seconds
plan limit 980
current timestep 19
num of flexible agents: 75
num of flexible tasks: 11
Solving time: 0.000464539 seconds
plan limit 980
current timestep 20
num of flexible agents: 73
num of flexible tasks: 11
Solving time: 0.000541905 seconds
plan limit 980
current timestep 21
num of flexible agents: 71
num of flexible tasks: 11
Solving time: 0.000307451 seconds
plan limit 980
current timestep 22
num of flexible agents: 70
num of flexible tasks: 10
Solving time: 0.000354984 seconds
plan limit 980
current timestep 23
num of flexible agents: 69
num of flexible tasks: 11
Solving time: 0.000505687 seconds
plan limit 980
current timestep 24
num of flexible agents: 68
num of flexible tasks: 11
Solving time: 0.000304127 seconds
plan limit 980
current timestep 25
num of flexible agents: 67
num of flexible tasks: 11
Solving time: 0.000370386 seconds
plan limit 980
current timestep 26
num of flexible agents: 65
num of flexible tasks: 11
Solving time: 0.000320029 seconds
plan limit 980
current timestep 27
num of flexible agents: 65
num of flexible tasks: 12
Solving time: 0.000283875 seconds
plan limit 980
current timestep 28
num of flexible agents: 63
num of flexible tasks: 11
Solving time: 0.000291655 seconds
plan limit 980
current timestep 29
num of flexible agents: 62
num of flexible tasks: 11
Solving time: 0.000326734 seconds
plan limit 980
current timestep 30
num of flexible agents: 63
num of flexible tasks: 11
Solving time: 0.000432031 seconds
plan limit 980
current timestep 31
num of flexible agents: 62
num of flexible tasks: 10
Solving time: 0.000294798 seconds
plan limit 980
current timestep 32
num of flexible agents: 64
num of flexible tasks: 10
Solving time: 0.000424791 seconds
plan limit 980
current timestep 33
num of flexible agents: 63
num of flexible tasks: 9
Solving time: 0.000285479 seconds
plan limit 980
current timestep 34
num of flexible agents: 60
num of flexible tasks: 7
Solving time: 0.000260896 seconds
plan limit 980
current timestep 35
num of flexible agents: 62
num of flexible tasks: 7
Solving time: 0.000291789 seconds
plan limit 980
current timestep 36
num of flexible agents: 62
num of flexible tasks: 8
Solving time: 0.000269036 seconds
plan limit 980
current timestep 37
num of flexible agents: 61
num of flexible tasks: 9
Solving time: 0.000297025 seconds
plan limit 980
current timestep 38
num of flexible agents: 60
num of flexible tasks: 9
Solving time: 0.000271767 seconds
plan limit 980
current timestep 39
num of flexible agents: 59
num of flexible tasks: 10
Solving time: 0.000293215 seconds
plan limit 980
current timestep 40
num of flexible agents: 55
num of flexible tasks: 6
Solving time: 0.000259803 seconds
plan limit 980
current timestep 41
num of flexible agents: 55
num of flexible tasks: 8
Solving time: 0.000373828 seconds
plan limit 980
current timestep 42
num of flexible agents: 55
num of flexible tasks: 7
Solving time: 0.000270071 seconds
plan limit 980
current timestep 43
num of flexible agents: 57
num of flexible tasks: 6
Solving time: 0.000419256 seconds
plan limit 980
current timestep 44
num of flexible agents: 57
num of flexible tasks: 7
Solving time: 0.000422524 seconds
plan limit 980
current timestep 45
num of flexible agents: 56
num of flexible tasks: 7
Solving time: 0.000445986 seconds
plan limit 980
current timestep 46
num of flexible agents: 57
num of flexible tasks: 8
Solving time: 0.00027059 seconds
plan limit 980
current timestep 47
num of flexible agents: 60
num of flexible tasks: 9
Solving time: 0.000434834 seconds
plan limit 980
current timestep 48
num of flexible agents: 59
num of flexible tasks: 9
Solving time: 0.000406623 seconds
plan limit 980
current timestep 49
num of flexible agents: 61
num of flexible tasks: 10
Solving time: 0.000263997 seconds
plan limit 980
current timestep 50
num of flexible agents: 62
num of flexible tasks: 8
Solving time: 0.000266129 seconds
plan limit 980
current timestep 51
num of flexible agents: 63
num of flexible tasks: 9
Solving time: 0.000257852 seconds
plan limit 980
current timestep 52
num of flexible agents: 61
num of flexible tasks: 8
Solving time: 0.000265156 seconds
plan limit 980
current timestep 53
num of flexible agents: 63
num of flexible tasks: 8
Solving time: 0.000275049 seconds
plan limit 980
current timestep 54
num of flexible agents: 64
num of flexible tasks: 10
Solving time: 0.000275515 seconds
plan limit 980
current timestep 55
num of flexible agents: 59
num of flexible tasks: 6
Solving time: 0.000367437 seconds
plan limit 980
current timestep 56
num of flexible agents: 60
num of flexible tasks: 7
Solving time: 0.000257242 seconds
plan limit 980
current timestep 57
num of flexible agents: 61
num of flexible tasks: 7
Solving time: 0.000292219 seconds
plan limit 980
current timestep 58
num of flexible agents: 60
num of flexible tasks: 8
Solving time: 0.000398714 seconds
plan limit 980
current timestep 59
num of flexible agents: 60
num of flexible tasks: 9
Solving time: 0.000300228 seconds
plan limit 980
current timestep 60
num of flexible agents: 59
num of flexible tasks: 9
Solving time: 0.000390521 seconds
plan limit 980
current timestep 61
num of flexible agents: 60
num of flexible tasks: 10
Solving time: 0.000414287 seconds
plan limit 980
current timestep 62
num of flexible agents: 59
num of flexible tasks: 9
Solving time: 0.000300191 seconds
plan limit 980
current timestep 63
num of flexible agents: 59
num of flexible tasks: 7
Solving time: 0.000280819 seconds
plan limit 980
current timestep 64
num of flexible agents: 61
num of flexible tasks: 9
Solving time: 0.000366879 seconds
plan limit 980
current timestep 65
num of flexible agents: 59
num of flexible tasks: 9
Solving time: 0.00038693 seconds
plan limit 980
current timestep 66
num of flexible agents: 60
num of flexible tasks: 10
Solving time: 0.000302575 seconds
plan limit 980
current timestep 67
num of flexible agents: 55
num of flexible tasks: 7
Solving time: 0.000279325 seconds
plan limit 980
current timestep 68
num of flexible agents: 51
num of flexible tasks: 5
Solving time: 0.000381653 seconds
plan limit 980
current timestep 69
num of flexible agents: 55
num of flexible tasks: 7
Solving time: 0.000328707 seconds
plan limit 980
current timestep 70
num of flexible agents: 57
num of flexible tasks: 8
Solving time: 0.000275007 seconds
plan limit 980
current timestep 71
num of flexible agents: 56
num of flexible tasks: 7
Solving time: 0.00024212 seconds
plan limit 980
current timestep 72
num of flexible agents: 58
num of flexible tasks: 8
Solving time: 0.000265828 seconds
plan limit 980
current timestep 73
num of flexible agents: 57
num of flexible tasks: 8
Solving time: 0.000424553 seconds
plan limit 980
current timestep 74
num of flexible agents: 57
num of flexible tasks: 7
Solving time: 0.000425572 seconds
plan limit 980
current timestep 75
num of flexible agents: 56
num of flexible tasks: 7
Solving time: 0.000427198 seconds
plan limit 980
current timestep 76
num of flexible agents: 58
num of flexible tasks: 8
Solving time: 0.000269523 seconds
plan limit 980
current timestep 77
num of flexible agents: 60
num of flexible tasks: 8
Solving time: 0.000370542 seconds
plan limit 980
current timestep 78
num of flexible agents: 56
num of flexible tasks: 6
Solving time: 0.000246946 seconds
plan limit 980
current timestep 79
num of flexible agents: 56
num of flexible tasks: 6
Solving time: 0.000370576 seconds
plan limit 980
current timestep 80
num of flexible agents: 54
num of flexible tasks: 4
Solving time: 0.000239462 seconds
plan limit 980
current timestep 81
num of flexible agents: 54
num of flexible tasks: 6
Solving time: 0.000246832 seconds
plan limit 980
current timestep 82
num of flexible agents: 54
num of flexible tasks: 6
Solving time: 0.000349962 seconds
plan limit 980
current timestep 83
num of flexible agents: 56
num of flexible tasks: 6
Solving time: 0.000356677 seconds
plan limit 980
current timestep 84
num of flexible agents: 55
num of flexible tasks: 6
Solving time: 0.000267389 seconds
plan limit 980
current timestep 85
num of flexible agents: 54
num of flexible tasks: 7
Solving time: 0.000274549 seconds
plan limit 980
current timestep 86
num of flexible agents: 58
num of flexible tasks: 8
Solving time: 0.000283191 seconds
plan limit 980
current timestep 87
num of flexible agents: 59
num of flexible tasks: 9
Solving time: 0.000370766 seconds
plan limit 980
current timestep 88
num of flexible agents: 57
num of flexible tasks: 9
Solving time: 0.000281775 seconds
plan limit 980
current timestep 89
num of flexible agents: 56
num of flexible tasks: 9
Solving time: 0.000280995 seconds
plan limit 980
current timestep 90
num of flexible agents: 56
num of flexible tasks: 9
Solving time: 0.00028337 seconds
plan limit 980
current timestep 91
num of flexible agents: 58
num of flexible tasks: 10
Solving time: 0.000372118 seconds
plan limit 980
current timestep 92
num of flexible agents: 60
num of flexible tasks: 11
Solving time: 0.000430888 seconds
plan limit 980
current timestep 93
num of flexible agents: 59
num of flexible tasks: 9
Solving time: 0.000284275 seconds
plan limit 980
current timestep 94
num of flexible agents: 61
num of flexible tasks: 10
Solving time: 0.000269426 seconds
plan limit 980
current timestep 95
num of flexible agents: 59
num of flexible tasks: 7
Solving time: 0.000386647 seconds
plan limit 980
current timestep 96
num of flexible agents: 58
num of flexible tasks: 6
Solving time: 0.000364818 seconds
plan limit 980
current timestep 97
num of flexible agents: 58
num of flexible tasks: 6
Solving time: 0.000375264 seconds
plan limit 980
current timestep 98
num of flexible agents: 59
num of flexible tasks: 8
Solving time: 0.000281893 seconds
plan limit 980
current timestep 99
num of flexible agents: 59
num of flexible tasks: 7
Solving time: 0.000380178 seconds
plan limit 980
current timestep 100
num of flexible agents: 60
num of flexible tasks: 6
Solving time: 0.000288645 seconds
plan limit 980
current timestep 101
num of flexible agents: 58
num of flexible tasks: 6
Solving time: 0.000284402 seconds
plan limit 980
current timestep 102
num of flexible agents: 56
num of flexible tasks: 6
Solving time: 0.000410617 seconds
plan limit 980
current timestep 103
num of flexible agents: 56
num of flexible tasks: 8
Solving time: 0.000314563 seconds
plan limit 980
current timestep 104
num of flexible agents: 58
num of flexible tasks: 9
Solving time: 0.000410324 seconds
plan limit 980
current timestep 105
num of flexible agents: 55
num of flexible tasks: 7
Solving time: 0.000304921 seconds
plan limit 980
current timestep 106
num of flexible agents: 56
num of flexible tasks: 7
Solving time: 0.00027514 seconds
plan limit 980
current timestep 107
num of flexible agents: 56
num of flexible tasks: 8
Solving time: 0.000414695 seconds
plan limit 980
current timestep 108
num of flexible agents: 57
num of flexible tasks: 8
Solving time: 0.00027693 seconds
plan limit 980
current timestep 109
num of flexible agents: 56
num of flexible tasks: 8
Solving time: 0.000409575 seconds
plan limit 980
current timestep 110
num of flexible agents: 55
num of flexible tasks: 7
Solving time: 0.000292217 seconds
plan limit 980
current timestep 111
num of flexible agents: 59
num of flexible tasks: 9
Solving time: 0.00029316 seconds
plan limit 980
current timestep 112
num of flexible agents: 60
num of flexible tasks: 9
Solving time: 0.000428888 seconds
plan limit 980
current timestep 113
num of flexible agents: 61
num of flexible tasks: 11
Solving time: 0.000274822 seconds
plan limit 980
current timestep 114
num of flexible agents: 61
num of flexible tasks: 11
Solving time: 0.000357893 seconds
plan limit 980
current timestep 115
num of flexible agents: 59
num of flexible tasks: 9
Solving time: 0.000431524 seconds
plan limit 980
current timestep 116
num of flexible agents: 58
num of flexible tasks: 8
Solving time: 0.000400413 seconds
plan limit 980
current timestep 117
num of flexible agents: 56
num of flexible tasks: 7
Solving time: 0.000267301 seconds
plan limit 980
current timestep 118
num of flexible agents: 56
num of flexible tasks: 7
Solving time: 0.000315186 seconds
plan limit 980
current timestep 119
num of flexible agents: 57
num of flexible tasks: 9
Solving time: 0.000424235 seconds
plan limit 980
current timestep 120
num of flexible agents: 57
num of flexible tasks: 10
Solving time: 0.000313329 seconds
plan limit 980
current timestep 121
num of flexible agents: 54
num of flexible tasks: 8
Solving time: 0.000391518 seconds
plan limit 980
current timestep 122
num of flexible agents: 53
num of flexible tasks: 8
Solving time: 0.000304628 seconds
plan limit 980
current timestep 123
num of flexible agents: 52
num of flexible tasks: 9
Solving time: 0.000396313 seconds
plan limit 980
current timestep 124
num of flexible agents: 54
num of flexible tasks: 10
Solving time: 0.000289121 seconds
plan limit 980
current timestep 125
num of flexible agents: 55
num of flexible tasks: 11
Solving time: 0.00030828 seconds
plan limit 980
current timestep 126
num of flexible agents: 57
num of flexible tasks: 13
Solving time: 0.000328815 seconds
plan limit 980
current timestep 127
num of flexible agents: 58
num of flexible tasks: 14
Solving time: 0.000456848 seconds
plan limit 980
current timestep 128
num of flexible agents: 53
num of flexible tasks: 10
Solving time: 0.000386321 seconds
plan limit 980
current timestep 129
num of flexible agents: 55
num of flexible tasks: 10
Solving time: 0.000301885 seconds
plan limit 980
current timestep 130
num of flexible agents: 54
num of flexible tasks: 9
Solving time: 0.000405604 seconds
plan limit 980
current timestep 131
num of flexible agents: 57
num of flexible tasks: 10
Solving time: 0.000469318 seconds
plan limit 980
current timestep 132
num of flexible agents: 58
num of flexible tasks: 10
Solving time: 0.000319035 seconds
plan limit 980
current timestep 133
num of flexible agents: 58
num of flexible tasks: 10
Solving time: 0.00032806 seconds
plan limit 980
current timestep 134
num of flexible agents: 56
num of flexible tasks: 8
Solving time: 0.000265126 seconds
plan limit 980
current timestep 135
num of flexible agents: 55
num of flexible tasks: 7
Solving time: 0.000391952 seconds
plan limit 980
current timestep 136
num of flexible agents: 55
num of flexible tasks: 7
Solving time: 0.000384858 seconds
plan limit 980
current timestep 137
num of flexible agents: 59
num of flexible tasks: 8
Solving time: 0.000337164 seconds
plan limit 980
current timestep 138
num of flexible agents: 58
num of flexible tasks: 7
Solving time: 0.000365404 seconds
plan limit 980
current timestep 139
num of flexible agents: 55
num of flexible tasks: 5
Solving time: 0.000361476 seconds
plan limit 980
current timestep 140
num of flexible agents: 55
num of flexible tasks: 5
Solving time: 0.000253636 seconds
plan limit 980
current timestep 141
num of flexible agents: 54
num of flexible tasks: 4
Solving time: 0.000241027 seconds
plan limit 980
current timestep 142
num of flexible agents: 52
num of flexible tasks: 2
Solving time: 0.000371323 seconds
plan limit 980
current timestep 143
num of flexible agents: 52
num of flexible tasks: 4
Solving time: 0.00035732 seconds
plan limit 980
current timestep 144
num of flexible agents: 53
num of flexible tasks: 6
Solving time: 0.000248673 seconds
plan limit 980
current timestep 145
num of flexible agents: 51
num of flexible tasks: 4
Solving time: 0.000378158 seconds
plan limit 980
current timestep 146
num of flexible agents: 50
num of flexible tasks: 5
Solving time: 0.000422097 seconds
plan limit 980
current timestep 147
num of flexible agents: 52
num of flexible tasks: 7
Solving time: 0.000259185 seconds
plan limit 980
current timestep 148
num of flexible agents: 54
num of flexible tasks: 7
Solving time: 0.000400679 seconds
plan limit 980
current timestep 149
num of flexible agents: 59
num of flexible tasks: 9
Solving time: 0.000386326 seconds
plan limit 980
current timestep 150
num of flexible agents: 63
num of flexible tasks: 9
Solving time: 0.000362551 seconds
plan limit 980
current timestep 151
num of flexible agents: 66
num of flexible tasks: 9
Solving time: 0.000351324 seconds
plan limit 980
current timestep 152
num of flexible agents: 64
num of flexible tasks: 6
Solving time: 0.000329441 seconds
plan limit 980
current timestep 153
num of flexible agents: 63
num of flexible tasks: 6
Solving time: 0.000365417 seconds
plan limit 980
current timestep 154
num of flexible agents: 65
num of flexible tasks: 8
Solving time: 0.000274606 seconds
plan limit 980
current timestep 155
num of flexible agents: 65
num of flexible tasks: 7
Solving time: 0.000366365 seconds
plan limit 978
current timestep 156
num of flexible agents: 65
num of flexible tasks: 4
Solving time: 0.00032898 seconds
plan limit 980
current timestep 157
num of flexible agents: 63
num of flexible tasks: 4
Solving time: 0.00024991 seconds
plan limit 980
current timestep 158
num of flexible agents: 61
num of flexible tasks: 4
Solving time: 0.000253725 seconds
plan limit 980
current timestep 159
num of flexible agents: 62
num of flexible tasks: 6
Solving time: 0.000258197 seconds
plan limit 980
current timestep 160
num of flexible agents: 61
num of flexible tasks: 6
Solving time: 0.000259486 seconds
plan limit 980
current timestep 161
num of flexible agents: 61
num of flexible tasks: 7
Solving time: 0.000244887 seconds
plan limit 980
current timestep 162
num of flexible agents: 58
num of flexible tasks: 5
Solving time: 0.000277091 seconds
plan limit 980
current timestep 163
num of flexible agents: 61
num of flexible tasks: 6
Solving time: 0.000263755 seconds
plan limit 980
current timestep 164
num of flexible agents: 60
num of flexible tasks: 6
Solving time: 0.00028489 seconds
plan limit 980
current timestep 165
num of flexible agents: 60
num of flexible tasks: 5
Solving time: 0.000320537 seconds
plan limit 980
current timestep 166
num of flexible agents: 60
num of flexible tasks: 6
Solving time: 0.000317249 seconds
plan limit 980
current timestep 167
num of flexible agents: 60
num of flexible tasks: 7
Solving time: 0.000383026 seconds
plan limit 980
current timestep 168
num of flexible agents: 60
num of flexible tasks: 8
Solving time: 0.000276669 seconds
plan limit 980
current timestep 169
num of flexible agents: 59
num of flexible tasks: 9
Solving time: 0.000344708 seconds
plan limit 980
current timestep 170
num of flexible agents: 54
num of flexible tasks: 6
Solving time: 0.000393138 seconds
plan limit 980
current timestep 171
num of flexible agents: 56
num of flexible tasks: 8
Solving time: 0.000298121 seconds
plan limit 980
current timestep 172
num of flexible agents: 55
num of flexible tasks: 8
Solving time: 0.000421765 seconds
plan limit 980
current timestep 173
num of flexible agents: 54
num of flexible tasks: 8
Solving time: 0.000447612 seconds
plan limit 980
current timestep 174
num of flexible agents: 56
num of flexible tasks: 9
Solving time: 0.000305917 seconds
plan limit 980
current timestep 175
num of flexible agents: 55
num of flexible tasks: 10
Solving time: 0.000322613 seconds
plan limit 980
current timestep 176
num of flexible agents: 61
num of flexible tasks: 10
Solving time: 0.000396663 seconds
plan limit 980
current timestep 177
num of flexible agents: 65
num of flexible tasks: 12
Solving time: 0.000312124 seconds
plan limit 980
current timestep 178
num of flexible agents: 62
num of flexible tasks: 10
Solving time: 0.000286376 seconds
plan limit 980
current timestep 179
num of flexible agents: 61
num of flexible tasks: 10
Solving time: 0.000271752 seconds
plan limit 980
current timestep 180
num of flexible agents: 59
num of flexible tasks: 10
Solving time: 0.000266802 seconds
plan limit 980
current timestep 181
num of flexible agents: 60
num of flexible tasks: 9
Solving time: 0.000250654 seconds
plan limit 980
current timestep 182
num of flexible agents: 58
num of flexible tasks: 6
Solving time: 0.000291063 seconds
plan limit 980
current timestep 183
num of flexible agents: 57
num of flexible tasks: 5
Solving time: 0.000351836 seconds
plan limit 980
current timestep 184
num of flexible agents: 58
num of flexible tasks: 5
Solving time: 0.000287195 seconds
plan limit 980
current timestep 185
num of flexible agents: 58
num of flexible tasks: 6
Solving time: 0.000372508 seconds
plan limit 980
current timestep 186
num of flexible agents: 59
num of flexible tasks: 7
Solving time: 0.000281727 seconds
plan limit 980
current timestep 187
num of flexible agents: 58
num of flexible tasks: 5
Solving time: 0.00038888 seconds
plan limit 980
current timestep 188
num of flexible agents: 58
num of flexible tasks: 5
Solving time: 0.000281252 seconds
plan limit 980
current timestep 189
num of flexible agents: 58
num of flexible tasks: 5
Solving time: 0.000345785 seconds
plan limit 980
current timestep 190
num of flexible agents: 60
num of flexible tasks: 6
Solving time: 0.000283685 seconds
plan limit 980
current timestep 191
num of flexible agents: 60
num of flexible tasks: 6
Solving time: 0.000384021 seconds
plan limit 980
current timestep 192
num of flexible agents: 60
num of flexible tasks: 7
Solving time: 0.000267828 seconds
plan limit 980
current timestep 193
num of flexible agents: 62
num of flexible tasks: 7
Solving time: 0.00028107 seconds
plan limit 980
current timestep 194
num of flexible agents: 64
num of flexible tasks: 8
Solving time: 0.000267742 seconds
plan limit 980
current timestep 195
num of flexible agents: 62
num of flexible tasks: 8
Solving time: 0.000281397 seconds
plan limit 980
current timestep 196
num of flexible agents: 62
num of flexible tasks: 9
Solving time: 0.000295511 seconds
plan limit 980
current timestep 197
num of flexible agents: 63
num of flexible tasks: 11
Solving time: 0.000446568 seconds
plan limit 980
current timestep 198
num of flexible agents: 67
num of flexible tasks: 12
Solving time: 0.000274886 seconds
plan limit 980
current timestep 199
num of flexible agents: 67
num of flexible tasks: 11
Solving time: 0.000314142 seconds
plan limit 980
current timestep 200
num of flexible agents: 65
num of flexible tasks: 11
Solving time: 0.000412003 seconds
plan limit 980
current timestep 201
num of flexible agents: 67
num of flexible tasks: 11
Solving time: 0.000275773 seconds
plan limit 980
current timestep 202
num of flexible agents: 62
num of flexible tasks: 6
Solving time: 0.000273235 seconds
plan limit 980
current timestep 203
num of flexible agents: 62
num of flexible tasks: 7
Solving time: 0.000268395 seconds
plan limit 980
current timestep 204
num of flexible agents: 60
num of flexible tasks: 7
Solving time: 0.000283698 seconds
plan limit 980
current timestep 205
num of flexible agents: 63
num of flexible tasks: 8
Solving time: 0.000423937 seconds
plan limit 980
current timestep 206
num of flexible agents: 62
num of flexible tasks: 7
Solving time: 0.000281747 seconds
plan limit 980
current timestep 207
num of flexible agents: 60
num of flexible tasks: 7
Solving time: 0.000443006 seconds
plan limit 980
current timestep 208
num of flexible agents: 60
num of flexible tasks: 7
Solving time: 0.000394055 seconds
plan limit 980
current timestep 209
num of flexible agents: 59
num of flexible tasks: 7
Solving time: 0.000395754 seconds
plan limit 980
current timestep 210
num of flexible agents: 60
num of flexible tasks: 8
Solving time: 0.000275377 seconds
plan limit 980
current timestep 211
num of flexible agents: 59
num of flexible tasks: 7
Solving time: 0.00024968 seconds
plan limit 980
current timestep 212
num of flexible agents: 55
num of flexible tasks: 5
Solving time: 0.000360508 seconds
plan limit 980
current timestep 213
num of flexible agents: 59
num of flexible tasks: 7
Solving time: 0.000392448 seconds
plan limit 980
current timestep 214
num of flexible agents: 57
num of flexible tasks: 7
Solving time: 0.00035115 seconds
plan limit 980
current timestep 215
num of flexible agents: 54
num of flexible tasks: 5
Solving time: 0.000246957 seconds
plan limit 980
current timestep 216
num of flexible agents: 54
num of flexible tasks: 5
Solving time: 0.000381391 seconds
plan limit 980
current timestep 217
num of flexible agents: 55
num of flexible tasks: 7
Solving time: 0.000311412 seconds
plan limit 980
current timestep 218
num of flexible agents: 54
num of flexible tasks: 7
Solving time: 0.000257237 seconds
plan limit 980
current timestep 219
num of flexible agents: 56
num of flexible tasks: 7
Solving time: 0.000268216 seconds
plan limit 980
current timestep 220
num of flexible agents: 55
num of flexible tasks: 5
Solving time: 0.000403642 seconds
plan limit 980
current timestep 221
num of flexible agents: 56
num of flexible tasks: 6
Solving time: 0.000251746 seconds
plan limit 980
current timestep 222
num of flexible agents: 52
num of flexible tasks: 4
Solving time: 0.000390081 seconds
plan limit 980
current timestep 223
num of flexible agents: 53
num of flexible tasks: 6
Solving time: 0.000300326 seconds
plan limit 980
current timestep 224
num of flexible agents: 58
num of flexible tasks: 8
Solving time: 0.000283684 seconds
plan limit 980
current timestep 225
num of flexible agents: 58
num of flexible tasks: 9
Solving time: 0.000414999 seconds
plan limit 980
current timestep 226
num of flexible agents: 60
num of flexible tasks: 8
Solving time: 0.000417011 seconds
plan limit 980
current timestep 227
num of flexible agents: 62
num of flexible tasks: 9
Solving time: 0.00031476 seconds
plan limit 980
current timestep 228
num of flexible agents: 59
num of flexible tasks: 5
Solving time: 0.000368132 seconds
plan limit 980
current timestep 229
num of flexible agents: 58
num of flexible tasks: 6
Solving time: 0.000409887 seconds
plan limit 980
current timestep 230
num of flexible agents: 60
num of flexible tasks: 8
Solving time: 0.00040608 seconds
plan limit 980
current timestep 231
num of flexible agents: 59
num of flexible tasks: 7
Solving time: 0.000279219 seconds
plan limit 980
current timestep 232
num of flexible agents: 58
num of flexible tasks: 7
Solving time: 0.000364195 seconds
plan limit 980
current timestep 233
num of flexible agents: 58
num of flexible tasks: 7
Solving time: 0.000272296 seconds
plan limit 980
current timestep 234
num of flexible agents: 60
num of flexible tasks: 7
Solving time: 0.000264781 seconds
plan limit 980
current timestep 235
num of flexible agents: 61
num of flexible tasks: 8
Solving time: 0.000326188 seconds
plan limit 980
current timestep 236
num of flexible agents: 61
num of flexible tasks: 7
Solving time: 0.000425653 seconds
plan limit 980
current timestep 237
num of flexible agents: 61
num of flexible tasks: 7
Solving time: 0.000407035 seconds
plan limit 980
current timestep 238
num of flexible agents: 62
num of flexible tasks: 7
Solving time: 0.000299695 seconds
plan limit 980
current timestep 239
num of flexible agents: 64
num of flexible tasks: 8
Solving time: 0.000334141 seconds
plan limit 980
current timestep 240
num of flexible agents: 67
num of flexible tasks: 9
Solving time: 0.000380834 seconds
plan limit 980
current timestep 241
num of flexible agents: 67
num of flexible tasks: 8
Solving time: 0.000314799 seconds
plan limit 980
current timestep 242
num of flexible agents: 68
num of flexible tasks: 9
Solving time: 0.000382847 seconds
plan limit 980
current timestep 243
num of flexible agents: 70
num of flexible tasks: 10
Solving time: 0.00042896 seconds
plan limit 980
current timestep 244
num of flexible agents: 68
num of flexible tasks: 8
Solving time: 0.000391915 seconds
plan limit 980
current timestep 245
num of flexible agents: 69
num of flexible tasks: 8
Solving time: 0.000279694 seconds
plan limit 980
current timestep 246
num of flexible agents: 66
num of flexible tasks: 6
Solving time: 0.000382967 seconds
plan limit 980
current timestep 247
num of flexible agents: 65
num of flexible tasks: 5
Solving time: 0.000384276 seconds
plan limit 980
current timestep 248
num of flexible agents: 64
num of flexible tasks: 5
Solving time: 0.000290236 seconds
plan limit 980
current timestep 249
num of flexible agents: 64
num of flexible tasks: 6
Solving time: 0.000392297 seconds
plan limit 980
current timestep 250
num of flexible agents: 63
num of flexible tasks: 5
Solving time: 0.000403512 seconds
plan limit 980
current timestep 251
num of flexible agents: 66
num of flexible tasks: 4
Solving time: 0.00036109 seconds
plan limit 980
current timestep 252
num of flexible agents: 69
num of flexible tasks: 3
Solving time: 0.000330856 seconds
plan limit 980
current timestep 253
num of flexible agents: 71
num of flexible tasks: 3
Solving time: 0.000264343 seconds
plan limit 980
current timestep 254
num of flexible agents: 71
num of flexible tasks: 2
Solving time: 0.000356962 seconds
plan limit 980
current timestep 255
num of flexible agents: 73
num of flexible tasks: 1
Solving time: 0.0002308 seconds
plan limit 980
current timestep 256
num of flexible agents: 74
num of flexible tasks: 0
Solving time: 0.0002182 seconds
plan limit 980
current timestep 257
num of flexible agents: 75
num of flexible tasks: 0
Solving time: 0.000315037 seconds
plan limit 980
current timestep 258
num of flexible agents: 76
num of flexible tasks: 0
Solving time: 0.000228348 seconds
plan limit 980
current timestep 259
num of flexible agents: 77
num of flexible tasks: 0
Solving time: 0.000308318 seconds
plan limit 980
current timestep 260
num of flexible agents: 79
num of flexible tasks: 0
Solving time: 0.000305414 seconds
plan limit 980
current timestep 261
num of flexible agents: 79
num of flexible tasks: 0
Solving time: 0.000243968 seconds
plan limit 980
current timestep 262
num of flexible agents: 80
num of flexible tasks: 0
Solving time: 0.000329627 seconds
plan limit 980
current timestep 263
num of flexible agents: 83
num of flexible tasks: 0
Solving time: 0.000339211 seconds
plan limit 980
current timestep 264
num of flexible agents: 84
num of flexible tasks: 0
Solving time: 0.00031333 seconds
plan limit 980
current timestep 265
num of flexible agents: 84
num of flexible tasks: 0
Solving time: 0.000222338 seconds
plan limit 980
current timestep 266
num of flexible agents: 85
num of flexible tasks: 0
Solving time: 0.000260956 seconds
plan limit 980
current timestep 267
num of flexible agents: 86
num of flexible tasks: 0
Solving time: 0.000318537 seconds
plan limit 980
current timestep 268
num of flexible agents: 88
num of flexible tasks: 0
Solving time: 0.000228353 seconds
plan limit 980
current timestep 269
num of flexible agents: 90
num of flexible tasks: 0
Solving time: 0.000231872 seconds
plan limit 980
current timestep 270
num of flexible agents: 91
num of flexible tasks: 0
Solving time: 0.000348376 seconds
plan limit 980
current timestep 271
num of flexible agents: 91
num of flexible tasks: 0
Solving time: 0.000324781 seconds
plan limit 980
current timestep 272
num of flexible agents: 91
num of flexible tasks: 0
Solving time: 0.000226189 seconds
plan limit 980
current timestep 273
num of flexible agents: 91
num of flexible tasks: 0
Solving time: 0.000241318 seconds
plan limit 980
current timestep 274
num of flexible agents: 92
num of flexible tasks: 0
Solving time: 0.0003411 seconds
plan limit 980
current timestep 275
num of flexible agents: 94
num of flexible tasks: 0
Solving time: 0.000231847 seconds
plan limit 980
current timestep 276
num of flexible agents: 95
num of flexible tasks: 0
Solving time: 0.000318459 seconds
plan limit 980
current timestep 277
num of flexible agents: 96
num of flexible tasks: 0
Solving time: 0.000234083 seconds
plan limit 980
current timestep 278
num of flexible agents: 96
num of flexible tasks: 0
Solving time: 0.000332117 seconds
plan limit 980
current timestep 279
num of flexible agents: 98
num of flexible tasks: 0
Solving time: 0.000315464 seconds
plan limit 980
current timestep 280
num of flexible agents: 98
num of flexible tasks: 0
Solving time: 0.000352775 seconds
plan limit 980
current timestep 281
num of flexible agents: 99
num of flexible tasks: 0
Solving time: 0.000346239 seconds
plan limit 980
current timestep 282
num of flexible agents: 99
num of flexible tasks: 0
Solving time: 0.000229918 seconds
plan limit 980
current timestep 283
num of flexible agents: 99
num of flexible tasks: 0
Solving time: 0.000247626 seconds
plan limit 980
current timestep 284
num of flexible agents: 99
num of flexible tasks: 0
Solving time: 0.000235661 seconds
plan limit 980
All tasks finished at timestep 285
