current timestep 0
num of flexible agents: 80
num of flexible tasks: 2
Solving time: 0.000435206 seconds
plan limit 980
current timestep 1
num of flexible agents: 80
num of flexible tasks: 4
Solving time: 0.000333475 seconds
plan limit 980
current timestep 2
num of flexible agents: 79
num of flexible tasks: 5
Solving time: 0.000270107 seconds
plan limit 980
current timestep 3
num of flexible agents: 78
num of flexible tasks: 6
Solving time: 0.000249256 seconds
plan limit 980
current timestep 4
num of flexible agents: 76
num of flexible tasks: 6
Solving time: 0.000294005 seconds
plan limit 980
current timestep 5
num of flexible agents: 75
num of flexible tasks: 7
Solving time: 0.000280819 seconds
plan limit 980
current timestep 6
num of flexible agents: 75
num of flexible tasks: 9
Solving time: 0.00038284 seconds
plan limit 980
current timestep 7
num of flexible agents: 74
num of flexible tasks: 10
Solving time: 0.000303127 seconds
plan limit 980
current timestep 8
num of flexible agents: 73
num of flexible tasks: 10
Solving time: 0.000328292 seconds
plan limit 980
current timestep 9
num of flexible agents: 72
num of flexible tasks: 11
Solving time: 0.000325763 seconds
plan limit 980
current timestep 10
num of flexible agents: 70
num of flexible tasks: 11
Solving time: 0.000456319 seconds
plan limit 980
current timestep 11
num of flexible agents: 70
num of flexible tasks: 12
Solving time: 0.000356333 seconds
plan limit 980
current timestep 12
num of flexible agents: 70
num of flexible tasks: 13
Solving time: 0.000503881 seconds
plan limit 980
current timestep 13
num of flexible agents: 69
num of flexible tasks: 13
Solving time: 0.000365989 seconds
plan limit 980
current timestep 14
num of flexible agents: 66
num of flexible tasks: 12
Solving time: 0.000492724 seconds
plan limit 980
current timestep 15
num of flexible agents: 64
num of flexible tasks: 12
Solving time: 0.000369246 seconds
plan limit 980
current timestep 16
num of flexible agents: 62
num of flexible tasks: 12
Solving time: 0.000372961 seconds
plan limit 980
current timestep 17
num of flexible agents: 62
num of flexible tasks: 14
Solving time: 0.000361231 seconds
plan limit 980
current timestep 18
num of flexible agents: 59
num of flexible tasks: 13
Solving time: 0.000354653 seconds
plan limit 980
current timestep 19
num of flexible agents: 55
num of flexible tasks: 11
Solving time: 0.000487824 seconds
plan limit 980
current timestep 20
num of flexible agents: 54
num of flexible tasks: 12
Solving time: 0.000381588 seconds
plan limit 980
current timestep 21
num of flexible agents: 51
num of flexible tasks: 11
Solving time: 0.000379393 seconds
plan limit 980
current timestep 22
num of flexible agents: 51
num of flexible tasks: 13
Solving time: 0.000530105 seconds
plan limit 980
current timestep 23
num of flexible agents: 51
num of flexible tasks: 15
Solving time: 0.000392209 seconds
plan limit 980
current timestep 24
num of flexible agents: 50
num of flexible tasks: 15
Solving time: 0.000396417 seconds
plan limit 980
current timestep 25
num of flexible agents: 50
num of flexible tasks: 15
Solving time: 0.000476119 seconds
plan limit 980
current timestep 26
num of flexible agents: 46
num of flexible tasks: 13
Solving time: 0.000486814 seconds
plan limit 980
current timestep 27
num of flexible agents: 45
num of flexible tasks: 13
Solving time: 0.000377228 seconds
plan limit 980
current timestep 28
num of flexible agents: 45
num of flexible tasks: 14
Solving time: 0.000480048 seconds
plan limit 980
current timestep 29
num of flexible agents: 44
num of flexible tasks: 14
Solving time: 0.000451366 seconds
plan limit 980
current timestep 30
num of flexible agents: 42
num of flexible tasks: 12
Solving time: 0.00042558 seconds
plan limit 980
current timestep 31
num of flexible agents: 39
num of flexible tasks: 9
Solving time: 0.000278848 seconds
plan limit 980
current timestep 32
num of flexible agents: 40
num of flexible tasks: 9
Solving time: 0.000357374 seconds
plan limit 980
current timestep 33
num of flexible agents: 38
num of flexible tasks: 7
Solving time: 0.000254895 seconds
plan limit 980
current timestep 34
num of flexible agents: 36
num of flexible tasks: 7
Solving time: 0.000388239 seconds
plan limit 980
current timestep 35
num of flexible agents: 36
num of flexible tasks: 7
Solving time: 0.000374746 seconds
plan limit 980
current timestep 36
num of flexible agents: 39
num of flexible tasks: 9
Solving time: 0.000437911 seconds
plan limit 980
current timestep 37
num of flexible agents: 38
num of flexible tasks: 9
Solving time: 0.00044254 seconds
plan limit 980
current timestep 38
num of flexible agents: 38
num of flexible tasks: 10
Solving time: 0.00045641 seconds
plan limit 980
current timestep 39
num of flexible agents: 39
num of flexible tasks: 10
Solving time: 0.000304342 seconds
plan limit 980
current timestep 40
num of flexible agents: 37
num of flexible tasks: 9
Solving time: 0.000422862 seconds
plan limit 980
current timestep 41
num of flexible agents: 38
num of flexible tasks: 9
Solving time: 0.000292824 seconds
plan limit 980
current timestep 42
num of flexible agents: 39
num of flexible tasks: 9
Solving time: 0.000415933 seconds
plan limit 980
current timestep 43
num of flexible agents: 43
num of flexible tasks: 10
Solving time: 0.00034709 seconds
plan limit 980
current timestep 44
num of flexible agents: 42
num of flexible tasks: 8
Solving time: 0.000291398 seconds
plan limit 980
current timestep 45
num of flexible agents: 42
num of flexible tasks: 9
Solving time: 0.000284487 seconds
plan limit 980
current timestep 46
num of flexible agents: 41
num of flexible tasks: 8
Solving time: 0.000370094 seconds
plan limit 980
current timestep 47
num of flexible agents: 40
num of flexible tasks: 8
Solving time: 0.000348644 seconds
plan limit 980
current timestep 48
num of flexible agents: 39
num of flexible tasks: 7
Solving time: 0.000350561 seconds
plan limit 980
current timestep 49
num of flexible agents: 40
num of flexible tasks: 9
Solving time: 0.000323084 seconds
plan limit 980
current timestep 50
num of flexible agents: 39
num of flexible tasks: 8
Solving time: 0.000415117 seconds
plan limit 980
current timestep 51
num of flexible agents: 37
num of flexible tasks: 6
Solving time: 0.000346479 seconds
plan limit 980
current timestep 52
num of flexible agents: 37
num of flexible tasks: 7
Solving time: 0.000416471 seconds
plan limit 980
current timestep 53
num of flexible agents: 34
num of flexible tasks: 6
Solving time: 0.000385924 seconds
plan limit 980
current timestep 54
num of flexible agents: 36
num of flexible tasks: 7
Solving time: 0.000445719 seconds
plan limit 980
current timestep 55
num of flexible agents: 37
num of flexible tasks: 8
Solving time: 0.000336779 seconds
plan limit 980
current timestep 56
num of flexible agents: 37
num of flexible tasks: 8
Solving time: 0.000403402 seconds
plan limit 980
current timestep 57
num of flexible agents: 36
num of flexible tasks: 7
Solving time: 0.00029561 seconds
plan limit 980
current timestep 58
num of flexible agents: 37
num of flexible tasks: 8
Solving time: 0.000360598 seconds
plan limit 980
current timestep 59
num of flexible agents: 40
num of flexible tasks: 10
Solving time: 0.000464981 seconds
plan limit 980
current timestep 60
num of flexible agents: 43
num of flexible tasks: 11
Solving time: 0.000333546 seconds
plan limit 980
current timestep 61
num of flexible agents: 44
num of flexible tasks: 13
Solving time: 0.000453141 seconds
plan limit 980
current timestep 62
num of flexible agents: 43
num of flexible tasks: 14
Solving time: 0.000322934 seconds
plan limit 980
current timestep 63
num of flexible agents: 42
num of flexible tasks: 12
Solving time: 0.000324035 seconds
plan limit 980
current timestep 64
num of flexible agents: 42
num of flexible tasks: 10
Solving time: 0.000320558 seconds
plan limit 980
current timestep 65
num of flexible agents: 39
num of flexible tasks: 8
Solving time: 0.000422354 seconds
plan limit 980
current timestep 66
num of flexible agents: 37
num of flexible tasks: 7
Solving time: 0.000394559 seconds
plan limit 979
current timestep 67
num of flexible agents: 36
num of flexible tasks: 7
Solving time: 0.000378373 seconds
plan limit 980
current timestep 68
num of flexible agents: 36
num of flexible tasks: 7
Solving time: 0.00033006 seconds
plan limit 980
current timestep 69
num of flexible agents: 34
num of flexible tasks: 6
Solving time: 0.000387514 seconds
plan limit 980
current timestep 70
num of flexible agents: 36
num of flexible tasks: 8
Solving time: 0.000420421 seconds
plan limit 980
current timestep 71
num of flexible agents: 35
num of flexible tasks: 8
Solving time: 0.000433524 seconds
plan limit 980
current timestep 72
num of flexible agents: 34
num of flexible tasks: 8
Solving time: 0.000312015 seconds
plan limit 980
current timestep 73
num of flexible agents: 35
num of flexible tasks: 8
Solving time: 0.00040076 seconds
plan limit 980
current timestep 74
num of flexible agents: 38
num of flexible tasks: 9
Solving time: 0.000310059 seconds
plan limit 980
current timestep 75
num of flexible agents: 34
num of flexible tasks: 6
Solving time: 0.000312788 seconds
plan limit 980
current timestep 76
num of flexible agents: 37
num of flexible tasks: 8
Solving time: 0.000310652 seconds
plan limit 980
current timestep 77
num of flexible agents: 37
num of flexible tasks: 8
Solving time: 0.000379347 seconds
plan limit 980
current timestep 78
num of flexible agents: 38
num of flexible tasks: 8
Solving time: 0.000344383 seconds
plan limit 980
current timestep 79
num of flexible agents: 37
num of flexible tasks: 8
Solving time: 0.000341295 seconds
plan limit 980
current timestep 80
num of flexible agents: 34
num of flexible tasks: 6
Solving time: 0.000378479 seconds
plan limit 980
current timestep 81
num of flexible agents: 38
num of flexible tasks: 7
Solving time: 0.000359705 seconds
plan limit 980
current timestep 82
num of flexible agents: 39
num of flexible tasks: 7
Solving time: 0.000259146 seconds
plan limit 980
current timestep 83
num of flexible agents: 36
num of flexible tasks: 6
Solving time: 0.000366913 seconds
plan limit 980
current timestep 84
num of flexible agents: 35
num of flexible tasks: 7
Solving time: 0.000254719 seconds
plan limit 980
current timestep 85
num of flexible agents: 36
num of flexible tasks: 7
Solving time: 0.000386123 seconds
plan limit 980
current timestep 86
num of flexible agents: 35
num of flexible tasks: 7
Solving time: 0.000276938 seconds
plan limit 980
current timestep 87
num of flexible agents: 39
num of flexible tasks: 8
Solving time: 0.000340359 seconds
plan limit 980
current timestep 88
num of flexible agents: 36
num of flexible tasks: 7
Solving time: 0.000316269 seconds
plan limit 980
current timestep 89
num of flexible agents: 37
num of flexible tasks: 7
Solving time: 0.000386149 seconds
plan limit 980
current timestep 90
num of flexible agents: 38
num of flexible tasks: 9
Solving time: 0.000342052 seconds
plan limit 980
current timestep 91
num of flexible agents: 38
num of flexible tasks: 10
Solving time: 0.00044271 seconds
plan limit 980
current timestep 92
num of flexible agents: 36
num of flexible tasks: 9
Solving time: 0.000341469 seconds
plan limit 980
current timestep 93
num of flexible agents: 35
num of flexible tasks: 7
Solving time: 0.000336095 seconds
plan limit 980
current timestep 94
num of flexible agents: 39
num of flexible tasks: 7
Solving time: 0.000335187 seconds
plan limit 980
current timestep 95
num of flexible agents: 40
num of flexible tasks: 8
Solving time: 0.000422913 seconds
plan limit 980
current timestep 96
num of flexible agents: 42
num of flexible tasks: 10
Solving time: 0.000478801 seconds
plan limit 980
current timestep 97
num of flexible agents: 40
num of flexible tasks: 9
Solving time: 0.000430872 seconds
plan limit 980
current timestep 98
num of flexible agents: 44
num of flexible tasks: 11
Solving time: 0.000426605 seconds
plan limit 980
current timestep 99
num of flexible agents: 46
num of flexible tasks: 11
Solving time: 0.000322953 seconds
plan limit 980
current timestep 100
num of flexible agents: 45
num of flexible tasks: 12
Solving time: 0.000450566 seconds
plan limit 980
current timestep 101
num of flexible agents: 45
num of flexible tasks: 13
Solving time: 0.00034521 seconds
plan limit 980
current timestep 102
num of flexible agents: 46
num of flexible tasks: 13
Solving time: 0.000454012 seconds
plan limit 980
current timestep 103
num of flexible agents: 45
num of flexible tasks: 12
Solving time: 0.000287903 seconds
plan limit 980
current timestep 104
num of flexible agents: 43
num of flexible tasks: 11
Solving time: 0.000297421 seconds
plan limit 980
current timestep 105
num of flexible agents: 43
num of flexible tasks: 11
Solving time: 0.00029482 seconds
plan limit 980
current timestep 106
num of flexible agents: 44
num of flexible tasks: 11
Solving time: 0.000278054 seconds
plan limit 980
current timestep 107
num of flexible agents: 42
num of flexible tasks: 10
Solving time: 0.000279889 seconds
plan limit 980
current timestep 108
num of flexible agents: 40
num of flexible tasks: 9
Solving time: 0.000302571 seconds
plan limit 980
current timestep 109
num of flexible agents: 40
num of flexible tasks: 10
Solving time: 0.000284729 seconds
plan limit 980
current timestep 110
num of flexible agents: 44
num of flexible tasks: 11
Solving time: 0.000414314 seconds
plan limit 980
current timestep 111
num of flexible agents: 44
num of flexible tasks: 12
Solving time: 0.00031454 seconds
plan limit 980
current timestep 112
num of flexible agents: 44
num of flexible tasks: 11
Solving time: 0.000285775 seconds
plan limit 980
current timestep 113
num of flexible agents: 43
num of flexible tasks: 10
Solving time: 0.000471836 seconds
plan limit 980
current timestep 114
num of flexible agents: 43
num of flexible tasks: 11
Solving time: 0.000309892 seconds
plan limit 980
current timestep 115
num of flexible agents: 44
num of flexible tasks: 12
Solving time: 0.000358187 seconds
plan limit 980
current timestep 116
num of flexible agents: 40
num of flexible tasks: 9
Solving time: 0.000303872 seconds
plan limit 980
current timestep 117
num of flexible agents: 39
num of flexible tasks: 8
Solving time: 0.000296842 seconds
plan limit 980
current timestep 118
num of flexible agents: 39
num of flexible tasks: 9
Solving time: 0.000294903 seconds
plan limit 980
current timestep 119
num of flexible agents: 41
num of flexible tasks: 11
Solving time: 0.000326494 seconds
plan limit 980
current timestep 120
num of flexible agents: 40
num of flexible tasks: 10
Solving time: 0.000332547 seconds
plan limit 980
current timestep 121
num of flexible agents: 38
num of flexible tasks: 10
Solving time: 0.00032161 seconds
plan limit 980
current timestep 122
num of flexible agents: 39
num of flexible tasks: 12
Solving time: 0.000324002 seconds
plan limit 980
current timestep 123
num of flexible agents: 38
num of flexible tasks: 12
Solving time: 0.000314904 seconds
plan limit 980
current timestep 124
num of flexible agents: 38
num of flexible tasks: 13
Solving time: 0.000307268 seconds
plan limit 980
current timestep 125
num of flexible agents: 35
num of flexible tasks: 12
Solving time: 0.000345021 seconds
plan limit 980
current timestep 126
num of flexible agents: 33
num of flexible tasks: 12
Solving time: 0.000354936 seconds
plan limit 980
current timestep 127
num of flexible agents: 32
num of flexible tasks: 10
Solving time: 0.000350309 seconds
plan limit 980
current timestep 128
num of flexible agents: 31
num of flexible tasks: 9
Solving time: 0.000333112 seconds
plan limit 980
current timestep 129
num of flexible agents: 37
num of flexible tasks: 11
Solving time: 0.000335056 seconds
plan limit 980
current timestep 130
num of flexible agents: 37
num of flexible tasks: 12
Solving time: 0.000343153 seconds
plan limit 980
current timestep 131
num of flexible agents: 37
num of flexible tasks: 13
Solving time: 0.000432327 seconds
plan limit 980
current timestep 132
num of flexible agents: 37
num of flexible tasks: 14
Solving time: 0.000321186 seconds
plan limit 980
current timestep 133
num of flexible agents: 39
num of flexible tasks: 14
Solving time: 0.00036286 seconds
plan limit 980
current timestep 134
num of flexible agents: 37
num of flexible tasks: 11
Solving time: 0.000452181 seconds
plan limit 980
current timestep 135
num of flexible agents: 40
num of flexible tasks: 12
Solving time: 0.000463577 seconds
plan limit 980
current timestep 136
num of flexible agents: 37
num of flexible tasks: 10
Solving time: 0.00030349 seconds
plan limit 980
current timestep 137
num of flexible agents: 38
num of flexible tasks: 12
Solving time: 0.000450697 seconds
plan limit 980
current timestep 138
num of flexible agents: 34
num of flexible tasks: 8
Solving time: 0.000373444 seconds
plan limit 980
current timestep 139
num of flexible agents: 33
num of flexible tasks: 7
Solving time: 0.000234765 seconds
plan limit 980
current timestep 140
num of flexible agents: 33
num of flexible tasks: 7
Solving time: 0.000235918 seconds
plan limit 980
current timestep 141
num of flexible agents: 28
num of flexible tasks: 4
Solving time: 0.00039528 seconds
plan limit 980
current timestep 142
num of flexible agents: 27
num of flexible tasks: 5
Solving time: 0.00041075 seconds
plan limit 980
current timestep 143
num of flexible agents: 29
num of flexible tasks: 7
Solving time: 0.00043455 seconds
plan limit 980
current timestep 144
num of flexible agents: 32
num of flexible tasks: 9
Solving time: 0.000411884 seconds
plan limit 980
current timestep 145
num of flexible agents: 35
num of flexible tasks: 10
Solving time: 0.000305707 seconds
plan limit 980
current timestep 146
num of flexible agents: 34
num of flexible tasks: 9
Solving time: 0.000454232 seconds
plan limit 980
current timestep 147
num of flexible agents: 33
num of flexible tasks: 9
Solving time: 0.00031676 seconds
plan limit 980
current timestep 148
num of flexible agents: 34
num of flexible tasks: 9
Solving time: 0.000350509 seconds
plan limit 980
current timestep 149
num of flexible agents: 40
num of flexible tasks: 10
Solving time: 0.000299965 seconds
plan limit 980
current timestep 150
num of flexible agents: 43
num of flexible tasks: 11
Solving time: 0.000349732 seconds
plan limit 980
current timestep 151
num of flexible agents: 44
num of flexible tasks: 12
Solving time: 0.000442431 seconds
plan limit 980
current timestep 152
num of flexible agents: 45
num of flexible tasks: 11
Solving time: 0.000428634 seconds
plan limit 980
current timestep 153
num of flexible agents: 44
num of flexible tasks: 9
Solving time: 0.000314654 seconds
plan limit 980
current timestep 154
num of flexible agents: 45
num of flexible tasks: 10
Solving time: 0.000292756 seconds
plan limit 980
current timestep 155
num of flexible agents: 42
num of flexible tasks: 7
Solving time: 0.000316773 seconds
plan limit 980
current timestep 156
num of flexible agents: 41
num of flexible tasks: 8
Solving time: 0.000339171 seconds
plan limit 980
current timestep 157
num of flexible agents: 41
num of flexible tasks: 6
Solving time: 0.000355506 seconds
plan limit 980
current timestep 158
num of flexible agents: 43
num of flexible tasks: 7
Solving time: 0.000296566 seconds
plan limit 980
current timestep 159
num of flexible agents: 44
num of flexible tasks: 8
Solving time: 0.00036155 seconds
plan limit 980
current timestep 160
num of flexible agents: 42
num of flexible tasks: 8
Solving time: 0.000331065 seconds
plan limit 980
current timestep 161
num of flexible agents: 40
num of flexible tasks: 6
Solving time: 0.000295004 seconds
plan limit 980
current timestep 162
num of flexible agents: 42
num of flexible tasks: 7
Solving time: 0.000302958 seconds
plan limit 980
current timestep 163
num of flexible agents: 42
num of flexible tasks: 8
Solving time: 0.000393378 seconds
plan limit 980
current timestep 164
num of flexible agents: 42
num of flexible tasks: 8
Solving time: 0.000394181 seconds
plan limit 980
current timestep 165
num of flexible agents: 39
num of flexible tasks: 6
Solving time: 0.000384736 seconds
plan limit 980
current timestep 166
num of flexible agents: 39
num of flexible tasks: 6
Solving time: 0.000299861 seconds
plan limit 980
current timestep 167
num of flexible agents: 38
num of flexible tasks: 5
Solving time: 0.000295428 seconds
plan limit 980
current timestep 168
num of flexible agents: 36
num of flexible tasks: 5
Solving time: 0.000340685 seconds
plan limit 980
current timestep 169
num of flexible agents: 35
num of flexible tasks: 6
Solving time: 0.000337751 seconds
plan limit 980
current timestep 170
num of flexible agents: 35
num of flexible tasks: 7
Solving time: 0.00031548 seconds
plan limit 980
current timestep 171
num of flexible agents: 35
num of flexible tasks: 5
Solving time: 0.000358316 seconds
plan limit 980
current timestep 172
num of flexible agents: 37
num of flexible tasks: 5
Solving time: 0.000386798 seconds
plan limit 980
current timestep 173
num of flexible agents: 37
num of flexible tasks: 7
Solving time: 0.000339339 seconds
plan limit 980
current timestep 174
num of flexible agents: 37
num of flexible tasks: 7
Solving time: 0.000308286 seconds
plan limit 980
current timestep 175
num of flexible agents: 37
num of flexible tasks: 8
Solving time: 0.000352497 seconds
plan limit 980
current timestep 176
num of flexible agents: 36
num of flexible tasks: 8
Solving time: 0.000381588 seconds
plan limit 980
current timestep 177
num of flexible agents: 36
num of flexible tasks: 8
Solving time: 0.000437869 seconds
plan limit 980
current timestep 178
num of flexible agents: 38
num of flexible tasks: 9
Solving time: 0.000367932 seconds
plan limit 980
current timestep 179
num of flexible agents: 41
num of flexible tasks: 11
Solving time: 0.000320742 seconds
plan limit 980
current timestep 180
num of flexible agents: 44
num of flexible tasks: 12
Solving time: 0.000287503 seconds
plan limit 980
current timestep 181
num of flexible agents: 41
num of flexible tasks: 9
Solving time: 0.000287673 seconds
plan limit 980
current timestep 182
num of flexible agents: 41
num of flexible tasks: 10
Solving time: 0.000430066 seconds
plan limit 980
current timestep 183
num of flexible agents: 39
num of flexible tasks: 8
Solving time: 0.000360996 seconds
plan limit 980
current timestep 184
num of flexible agents: 40
num of flexible tasks: 10
Solving time: 0.000432248 seconds
plan limit 980
current timestep 185
num of flexible agents: 42
num of flexible tasks: 9
Solving time: 0.000401306 seconds
plan limit 980
current timestep 186
num of flexible agents: 42
num of flexible tasks: 6
Solving time: 0.000354363 seconds
plan limit 980
current timestep 187
num of flexible agents: 43
num of flexible tasks: 7
Solving time: 0.000264154 seconds
plan limit 980
current timestep 188
num of flexible agents: 39
num of flexible tasks: 5
Solving time: 0.000260936 seconds
plan limit 980
current timestep 189
num of flexible agents: 41
num of flexible tasks: 7
Solving time: 0.000400668 seconds
plan limit 980
current timestep 190
num of flexible agents: 39
num of flexible tasks: 7
Solving time: 0.000388763 seconds
plan limit 980
current timestep 191
num of flexible agents: 37
num of flexible tasks: 6
Solving time: 0.000352768 seconds
plan limit 980
current timestep 192
num of flexible agents: 39
num of flexible tasks: 6
Solving time: 0.000263174 seconds
plan limit 980
current timestep 193
num of flexible agents: 40
num of flexible tasks: 7
Solving time: 0.000371435 seconds
plan limit 980
current timestep 194
num of flexible agents: 41
num of flexible tasks: 7
Solving time: 0.000262106 seconds
plan limit 980
current timestep 195
num of flexible agents: 41
num of flexible tasks: 7
Solving time: 0.000274257 seconds
plan limit 980
current timestep 196
num of flexible agents: 42
num of flexible tasks: 8
Solving time: 0.000389634 seconds
plan limit 980
current timestep 197
num of flexible agents: 42
num of flexible tasks: 7
Solving time: 0.000364103 seconds
plan limit 980
current timestep 198
num of flexible agents: 44
num of flexible tasks: 7
Solving time: 0.00039536 seconds
plan limit 980
current timestep 199
num of flexible agents: 44
num of flexible tasks: 8
Solving time: 0.000389972 seconds
plan limit 980
current timestep 200
num of flexible agents: 45
num of flexible tasks: 9
Solving time: 0.000440509 seconds
plan limit 980
current timestep 201
num of flexible agents: 43
num of flexible tasks: 9
Solving time: 0.000428468 seconds
plan limit 980
current timestep 202
num of flexible agents: 43
num of flexible tasks: 8
Solving time: 0.000389883 seconds
plan limit 980
current timestep 203
num of flexible agents: 41
num of flexible tasks: 8
Solving time: 0.00042492 seconds
plan limit 980
current timestep 204
num of flexible agents: 45
num of flexible tasks: 9
Solving time: 0.000317857 seconds
plan limit 980
current timestep 205
num of flexible agents: 45
num of flexible tasks: 10
Solving time: 0.00037348 seconds
plan limit 980
current timestep 206
num of flexible agents: 43
num of flexible tasks: 9
Solving time: 0.000307444 seconds
plan limit 980
current timestep 207
num of flexible agents: 44
num of flexible tasks: 10
Solving time: 0.000399848 seconds
plan limit 980
current timestep 208
num of flexible agents: 43
num of flexible tasks: 10
Solving time: 0.000410125 seconds
plan limit 980
current timestep 209
num of flexible agents: 43
num of flexible tasks: 8
Solving time: 0.000335435 seconds
plan limit 980
current timestep 210
num of flexible agents: 42
num of flexible tasks: 8
Solving time: 0.000366859 seconds
plan limit 980
current timestep 211
num of flexible agents: 45
num of flexible tasks: 9
Solving time: 0.000281184 seconds
plan limit 980
current timestep 212
num of flexible agents: 43
num of flexible tasks: 7
Solving time: 0.000342781 seconds
plan limit 980
current timestep 213
num of flexible agents: 43
num of flexible tasks: 9
Solving time: 0.000324985 seconds
plan limit 980
current timestep 214
num of flexible agents: 43
num of flexible tasks: 10
Solving time: 0.000430723 seconds
plan limit 980
current timestep 215
num of flexible agents: 42
num of flexible tasks: 10
Solving time: 0.000380215 seconds
plan limit 980
current timestep 216
num of flexible agents: 40
num of flexible tasks: 8
Solving time: 0.00041677 seconds
plan limit 980
current timestep 217
num of flexible agents: 39
num of flexible tasks: 7
Solving time: 0.000312283 seconds
plan limit 980
current timestep 218
num of flexible agents: 40
num of flexible tasks: 8
Solving time: 0.000428577 seconds
plan limit 980
current timestep 219
num of flexible agents: 41
num of flexible tasks: 10
Solving time: 0.000268844 seconds
plan limit 980
current timestep 220
num of flexible agents: 38
num of flexible tasks: 8
Solving time: 0.000290858 seconds
plan limit 980
current timestep 221
num of flexible agents: 38
num of flexible tasks: 9
Solving time: 0.000444173 seconds
plan limit 980
current timestep 222
num of flexible agents: 38
num of flexible tasks: 9
Solving time: 0.000330162 seconds
plan limit 980
current timestep 223
num of flexible agents: 37
num of flexible tasks: 9
Solving time: 0.000326664 seconds
plan limit 980
current timestep 224
num of flexible agents: 37
num of flexible tasks: 10
Solving time: 0.0004721 seconds
plan limit 979
current timestep 225
num of flexible agents: 37
num of flexible tasks: 11
Solving time: 0.000488477 seconds
plan limit 980
current timestep 226
num of flexible agents: 38
num of flexible tasks: 13
Solving time: 0.000406826 seconds
plan limit 980
current timestep 227
num of flexible agents: 40
num of flexible tasks: 14
Solving time: 0.000466688 seconds
plan limit 980
current timestep 228
num of flexible agents: 39
num of flexible tasks: 12
Solving time: 0.000527316 seconds
plan limit 980
current timestep 229
num of flexible agents: 42
num of flexible tasks: 14
Solving time: 0.000391066 seconds
plan limit 980
current timestep 230
num of flexible agents: 46
num of flexible tasks: 16
Solving time: 0.000457098 seconds
plan limit 980
current timestep 231
num of flexible agents: 43
num of flexible tasks: 14
Solving time: 0.000472421 seconds
plan limit 980
current timestep 232
num of flexible agents: 43
num of flexible tasks: 14
Solving time: 0.000329256 seconds
plan limit 980
current timestep 233
num of flexible agents: 41
num of flexible tasks: 12
Solving time: 0.000410244 seconds
plan limit 980
current timestep 234
num of flexible agents: 41
num of flexible tasks: 10
Solving time: 0.000482127 seconds
plan limit 980
current timestep 235
num of flexible agents: 41
num of flexible tasks: 10
Solving time: 0.000521223 seconds
plan limit 980
current timestep 236
num of flexible agents: 42
num of flexible tasks: 12
Solving time: 0.000355035 seconds
plan limit 980
current timestep 237
num of flexible agents: 42
num of flexible tasks: 14
Solving time: 0.000500692 seconds
plan limit 979
current timestep 238
num of flexible agents: 43
num of flexible tasks: 13
Solving time: 0.00049048 seconds
plan limit 980
current timestep 239
num of flexible agents: 42
num of flexible tasks: 14
Solving time: 0.000397282 seconds
plan limit 980
current timestep 240
num of flexible agents: 41
num of flexible tasks: 13
Solving time: 0.000434185 seconds
plan limit 980
current timestep 241
num of flexible agents: 42
num of flexible tasks: 13
Solving time: 0.000376348 seconds
plan limit 980
current timestep 242
num of flexible agents: 43
num of flexible tasks: 13
Solving time: 0.000545109 seconds
plan limit 980
current timestep 243
num of flexible agents: 43
num of flexible tasks: 13
Solving time: 0.000374374 seconds
plan limit 980
current timestep 244
num of flexible agents: 48
num of flexible tasks: 15
Solving time: 0.000447433 seconds
plan limit 980
current timestep 245
num of flexible agents: 46
num of flexible tasks: 15
Solving time: 0.000474484 seconds
plan limit 980
current timestep 246
num of flexible agents: 42
num of flexible tasks: 10
Solving time: 0.000311873 seconds
plan limit 980
current timestep 247
num of flexible agents: 44
num of flexible tasks: 11
Solving time: 0.000334012 seconds
plan limit 980
current timestep 248
num of flexible agents: 43
num of flexible tasks: 9
Solving time: 0.000321336 seconds
plan limit 980
current timestep 249
num of flexible agents: 44
num of flexible tasks: 10
Solving time: 0.000301738 seconds
plan limit 980
current timestep 250
num of flexible agents: 46
num of flexible tasks: 9
Solving time: 0.000413788 seconds
plan limit 980
current timestep 251
num of flexible agents: 48
num of flexible tasks: 8
Solving time: 0.000274746 seconds
plan limit 980
current timestep 252
num of flexible agents: 47
num of flexible tasks: 5
Solving time: 0.000271657 seconds
plan limit 980
current timestep 253
num of flexible agents: 48
num of flexible tasks: 4
Solving time: 0.000251255 seconds
plan limit 980
current timestep 254
num of flexible agents: 49
num of flexible tasks: 4
Solving time: 0.00035182 seconds
plan limit 980
current timestep 255
num of flexible agents: 48
num of flexible tasks: 2
Solving time: 0.000237772 seconds
plan limit 980
current timestep 256
num of flexible agents: 48
num of flexible tasks: 1
Solving time: 0.000253921 seconds
plan limit 980
current timestep 257
num of flexible agents: 48
num of flexible tasks: 1
Solving time: 0.000329659 seconds
plan limit 980
current timestep 258
num of flexible agents: 50
num of flexible tasks: 1
Solving time: 0.000327707 seconds
plan limit 980
current timestep 259
num of flexible agents: 52
num of flexible tasks: 1
Solving time: 0.000233716 seconds
plan limit 980
current timestep 260
num of flexible agents: 55
num of flexible tasks: 0
Solving time: 0.000319664 seconds
plan limit 980
current timestep 261
num of flexible agents: 56
num of flexible tasks: 0
Solving time: 0.000313034 seconds
plan limit 980
current timestep 262
num of flexible agents: 58
num of flexible tasks: 0
Solving time: 0.000327545 seconds
plan limit 980
current timestep 263
num of flexible agents: 59
num of flexible tasks: 0
Solving time: 0.000219757 seconds
plan limit 980
current timestep 264
num of flexible agents: 60
num of flexible tasks: 0
Solving time: 0.000225312 seconds
plan limit 980
current timestep 265
num of flexible agents: 60
num of flexible tasks: 0
Solving time: 0.00032698 seconds
plan limit 980
current timestep 266
num of flexible agents: 63
num of flexible tasks: 0
Solving time: 0.000239916 seconds
plan limit 980
current timestep 267
num of flexible agents: 67
num of flexible tasks: 0
Solving time: 0.00032397 seconds
plan limit 980
current timestep 268
num of flexible agents: 67
num of flexible tasks: 0
Solving time: 0.000248264 seconds
plan limit 980
current timestep 269
num of flexible agents: 68
num of flexible tasks: 0
Solving time: 0.000235235 seconds
plan limit 980
current timestep 270
num of flexible agents: 71
num of flexible tasks: 0
Solving time: 0.000233152 seconds
plan limit 980
current timestep 271
num of flexible agents: 72
num of flexible tasks: 0
Solving time: 0.000319169 seconds
plan limit 980
current timestep 272
num of flexible agents: 73
num of flexible tasks: 0
Solving time: 0.000265557 seconds
plan limit 980
current timestep 273
num of flexible agents: 73
num of flexible tasks: 0
Solving time: 0.000329969 seconds
plan limit 980
current timestep 274
num of flexible agents: 74
num of flexible tasks: 0
Solving time: 0.000312398 seconds
plan limit 980
current timestep 275
num of flexible agents: 74
num of flexible tasks: 0
Solving time: 0.000335606 seconds
plan limit 980
current timestep 276
num of flexible agents: 75
num of flexible tasks: 0
Solving time: 0.000240765 seconds
plan limit 980
current timestep 277
num of flexible agents: 76
num of flexible tasks: 0
Solving time: 0.00032229 seconds
plan limit 980
current timestep 278
num of flexible agents: 76
num of flexible tasks: 0
Solving time: 0.000252085 seconds
plan limit 980
current timestep 279
num of flexible agents: 77
num of flexible tasks: 0
Solving time: 0.000312758 seconds
plan limit 980
current timestep 280
num of flexible agents: 78
num of flexible tasks: 0
Solving time: 0.000225538 seconds
plan limit 980
current timestep 281
num of flexible agents: 78
num of flexible tasks: 0
Solving time: 0.000338835 seconds
plan limit 980
current timestep 282
num of flexible agents: 79
num of flexible tasks: 0
Solving time: 0.000224957 seconds
plan limit 980
current timestep 283
num of flexible agents: 79
num of flexible tasks: 0
Solving time: 0.00031209 seconds
plan limit 980
current timestep 284
num of flexible agents: 79
num of flexible tasks: 0
Solving time: 0.00023603 seconds
plan limit 980
current timestep 285
num of flexible agents: 79
num of flexible tasks: 0
Solving time: 0.000233918 seconds
plan limit 980
current timestep 286
num of flexible agents: 79
num of flexible tasks: 0
Solving time: 0.000327887 seconds
plan limit 980
current timestep 287
num of flexible agents: 79
num of flexible tasks: 0
Solving time: 0.000329847 seconds
plan limit 980
current timestep 288
num of flexible agents: 79
num of flexible tasks: 0
Solving time: 0.000330786 seconds
plan limit 980
current timestep 289
num of flexible agents: 79
num of flexible tasks: 0
Solving time: 0.000340973 seconds
plan limit 980
current timestep 290
num of flexible agents: 79
num of flexible tasks: 0
Solving time: 0.00024193 seconds
plan limit 980
current timestep 291
num of flexible agents: 79
num of flexible tasks: 0
Solving time: 0.000230877 seconds
plan limit 980
current timestep 292
num of flexible agents: 79
num of flexible tasks: 0
Solving time: 0.000222353 seconds
plan limit 980
current timestep 293
num of flexible agents: 79
num of flexible tasks: 0
Solving time: 0.000340269 seconds
plan limit 980
current timestep 294
num of flexible agents: 79
num of flexible tasks: 0
Solving time: 0.000316073 seconds
plan limit 980
All tasks finished at timestep 295
