current timestep 0
num of flexible agents: 100
num of flexible tasks: 10
Solving time: 0.000399566 seconds
plan limit 980
current timestep 1
num of flexible agents: 98
num of flexible tasks: 18
Solving time: 0.00039001 seconds
plan limit 980
current timestep 2
num of flexible agents: 93
num of flexible tasks: 23
Solving time: 0.000538083 seconds
plan limit 980
current timestep 3
num of flexible agents: 88
num of flexible tasks: 28
Solving time: 0.0006156 seconds
plan limit 980
current timestep 4
num of flexible agents: 84
num of flexible tasks: 34
Solving time: 0.000713608 seconds
plan limit 980
current timestep 5
num of flexible agents: 79
num of flexible tasks: 39
Solving time: 0.000536882 seconds
plan limit 980
current timestep 6
num of flexible agents: 72
num of flexible tasks: 42
Solving time: 0.000800032 seconds
plan limit 980
current timestep 7
num of flexible agents: 68
num of flexible tasks: 48
Solving time: 0.000620032 seconds
plan limit 980
current timestep 8
num of flexible agents: 62
num of flexible tasks: 52
Solving time: 0.000702823 seconds
plan limit 980
current timestep 9
num of flexible agents: 57
num of flexible tasks: 57
Solving time: 0.00063025 seconds
plan limit 980
current timestep 10
num of flexible agents: 54
num of flexible tasks: 63
Solving time: 0.000749586 seconds
plan limit 980
current timestep 11
num of flexible agents: 43
num of flexible tasks: 62
Solving time: 0.000500095 seconds
plan limit 980
current timestep 12
num of flexible agents: 32
num of flexible tasks: 61
Solving time: 0.000588187 seconds
plan limit 980
current timestep 13
num of flexible agents: 28
num of flexible tasks: 66
Solving time: 0.000368322 seconds
plan limit 980
current timestep 14
num of flexible agents: 26
num of flexible tasks: 73
Solving time: 0.000363893 seconds
plan limit 980
current timestep 15
num of flexible agents: 20
num of flexible tasks: 76
Solving time: 0.000343518 seconds
plan limit 980
current timestep 16
num of flexible agents: 16
num of flexible tasks: 81
Solving time: 0.000307161 seconds
plan limit 980
current timestep 17
num of flexible agents: 10
num of flexible tasks: 84
Solving time: 0.000287768 seconds
plan limit 980
current timestep 18
num of flexible agents: 6
num of flexible tasks: 90
Solving time: 0.00026804 seconds
plan limit 980
current timestep 19
num of flexible agents: 4
num of flexible tasks: 96
Solving time: 0.000422803 seconds
plan limit 980
current timestep 20
num of flexible agents: 3
num of flexible tasks: 104
Solving time: 0.00088886 seconds
plan limit 980
current timestep 21
num of flexible agents: 6
num of flexible tasks: 113
Solving time: 0.000283225 seconds
plan limit 980
current timestep 22
num of flexible agents: 8
num of flexible tasks: 120
Solving time: 0.000314803 seconds
plan limit 980
current timestep 23
num of flexible agents: 2
num of flexible tasks: 122
Solving time: 0.000815693 seconds
plan limit 980
current timestep 24
num of flexible agents: 1
num of flexible tasks: 131
Solving time: 0.000354242 seconds
plan limit 980
current timestep 25
num of flexible agents: 5
num of flexible tasks: 140
Solving time: 0.000271838 seconds
plan limit 980
current timestep 26
num of flexible agents: 6
num of flexible tasks: 146
Solving time: 0.000289258 seconds
plan limit 980
current timestep 27
num of flexible agents: 8
num of flexible tasks: 153
Solving time: 0.000285851 seconds
plan limit 980
current timestep 28
num of flexible agents: 6
num of flexible tasks: 159
Solving time: 0.000312627 seconds
plan limit 980
current timestep 29
num of flexible agents: 9
num of flexible tasks: 165
Solving time: 0.000296863 seconds
plan limit 980
current timestep 30
num of flexible agents: 7
num of flexible tasks: 170
Solving time: 0.000288368 seconds
plan limit 980
current timestep 31
num of flexible agents: 7
num of flexible tasks: 177
Solving time: 0.000327062 seconds
plan limit 980
current timestep 32
num of flexible agents: 7
num of flexible tasks: 184
Solving time: 0.000309989 seconds
plan limit 980
current timestep 33
num of flexible agents: 8
num of flexible tasks: 191
Solving time: 0.000296624 seconds
plan limit 980
current timestep 34
num of flexible agents: 7
num of flexible tasks: 196
Solving time: 0.000311694 seconds
plan limit 980
current timestep 35
num of flexible agents: 8
num of flexible tasks: 200
Solving time: 0.000449352 seconds
plan limit 980
current timestep 36
num of flexible agents: 4
num of flexible tasks: 203
Solving time: 0.000935803 seconds
plan limit 979
current timestep 37
num of flexible agents: 2
num of flexible tasks: 210
Solving time: 0.000776612 seconds
plan limit 980
current timestep 38
num of flexible agents: 9
num of flexible tasks: 220
Solving time: 0.000295158 seconds
plan limit 980
current timestep 39
num of flexible agents: 5
num of flexible tasks: 224
Solving time: 0.000290143 seconds
plan limit 980
current timestep 40
num of flexible agents: 4
num of flexible tasks: 231
Solving time: 0.000872196 seconds
plan limit 980
current timestep 41
num of flexible agents: 8
num of flexible tasks: 238
Solving time: 0.000317461 seconds
plan limit 980
current timestep 42
num of flexible agents: 6
num of flexible tasks: 242
Solving time: 0.00029617 seconds
plan limit 980
current timestep 43
num of flexible agents: 5
num of flexible tasks: 247
Solving time: 0.000291445 seconds
plan limit 980
current timestep 44
num of flexible agents: 8
num of flexible tasks: 253
Solving time: 0.000417066 seconds
plan limit 980
current timestep 45
num of flexible agents: 7
num of flexible tasks: 255
Solving time: 0.000287355 seconds
plan limit 980
current timestep 46
num of flexible agents: 8
num of flexible tasks: 260
Solving time: 0.000414858 seconds
plan limit 980
current timestep 47
num of flexible agents: 8
num of flexible tasks: 265
Solving time: 0.000305871 seconds
plan limit 980
current timestep 48
num of flexible agents: 4
num of flexible tasks: 271
Solving time: 0.00102676 seconds
plan limit 979
current timestep 49
num of flexible agents: 5
num of flexible tasks: 277
Solving time: 0.000898305 seconds
plan limit 979
current timestep 50
num of flexible agents: 4
num of flexible tasks: 273
Solving time: 0.0010182 seconds
plan limit 979
current timestep 51
num of flexible agents: 5
num of flexible tasks: 270
Solving time: 0.000906828 seconds
plan limit 979
current timestep 52
num of flexible agents: 6
num of flexible tasks: 268
Solving time: 0.000323751 seconds
plan limit 980
current timestep 53
num of flexible agents: 8
num of flexible tasks: 265
Solving time: 0.000437947 seconds
plan limit 980
current timestep 54
num of flexible agents: 8
num of flexible tasks: 261
Solving time: 0.00030623 seconds
plan limit 980
current timestep 55
num of flexible agents: 9
num of flexible tasks: 256
Solving time: 0.000442607 seconds
plan limit 980
current timestep 56
num of flexible agents: 7
num of flexible tasks: 250
Solving time: 0.000430636 seconds
plan limit 980
current timestep 57
num of flexible agents: 7
num of flexible tasks: 246
Solving time: 0.000436198 seconds
plan limit 980
current timestep 58
num of flexible agents: 7
num of flexible tasks: 239
Solving time: 0.000302453 seconds
plan limit 980
current timestep 59
num of flexible agents: 6
num of flexible tasks: 232
Solving time: 0.000288029 seconds
plan limit 980
current timestep 60
num of flexible agents: 4
num of flexible tasks: 227
Solving time: 0.000855896 seconds
plan limit 980
current timestep 61
num of flexible agents: 4
num of flexible tasks: 224
Solving time: 0.000824205 seconds
plan limit 980
current timestep 62
num of flexible agents: 2
num of flexible tasks: 220
Solving time: 0.000951012 seconds
plan limit 979
current timestep 63
num of flexible agents: 6
num of flexible tasks: 218
Solving time: 0.000309765 seconds
plan limit 980
current timestep 64
num of flexible agents: 10
num of flexible tasks: 216
Solving time: 0.000439339 seconds
plan limit 980
current timestep 65
num of flexible agents: 7
num of flexible tasks: 210
Solving time: 0.000422389 seconds
plan limit 980
current timestep 66
num of flexible agents: 9
num of flexible tasks: 207
Solving time: 0.000302758 seconds
plan limit 980
current timestep 67
num of flexible agents: 5
num of flexible tasks: 202
Solving time: 0.000994819 seconds
plan limit 979
current timestep 68
num of flexible agents: 7
num of flexible tasks: 198
Solving time: 0.000425697 seconds
plan limit 980
current timestep 69
num of flexible agents: 11
num of flexible tasks: 196
Solving time: 0.00030305 seconds
plan limit 980
current timestep 70
num of flexible agents: 11
num of flexible tasks: 193
Solving time: 0.000447069 seconds
plan limit 980
current timestep 71
num of flexible agents: 12
num of flexible tasks: 188
Solving time: 0.000302197 seconds
plan limit 980
current timestep 72
num of flexible agents: 8
num of flexible tasks: 183
Solving time: 0.000307467 seconds
plan limit 980
current timestep 73
num of flexible agents: 7
num of flexible tasks: 180
Solving time: 0.000423664 seconds
plan limit 980
current timestep 74
num of flexible agents: 5
num of flexible tasks: 175
Solving time: 0.000891364 seconds
plan limit 979
current timestep 75
num of flexible agents: 7
num of flexible tasks: 174
Solving time: 0.000306544 seconds
plan limit 980
current timestep 76
num of flexible agents: 8
num of flexible tasks: 173
Solving time: 0.000301637 seconds
plan limit 980
current timestep 77
num of flexible agents: 11
num of flexible tasks: 169
Solving time: 0.00044872 seconds
plan limit 980
current timestep 78
num of flexible agents: 13
num of flexible tasks: 165
Solving time: 0.000342979 seconds
plan limit 980
current timestep 79
num of flexible agents: 12
num of flexible tasks: 158
Solving time: 0.000441925 seconds
plan limit 980
current timestep 80
num of flexible agents: 11
num of flexible tasks: 154
Solving time: 0.000309617 seconds
plan limit 980
current timestep 81
num of flexible agents: 12
num of flexible tasks: 152
Solving time: 0.000366225 seconds
plan limit 980
current timestep 82
num of flexible agents: 10
num of flexible tasks: 146
Solving time: 0.000325004 seconds
plan limit 980
current timestep 83
num of flexible agents: 12
num of flexible tasks: 145
Solving time: 0.000345985 seconds
plan limit 980
current timestep 84
num of flexible agents: 12
num of flexible tasks: 142
Solving time: 0.000312015 seconds
plan limit 980
current timestep 85
num of flexible agents: 10
num of flexible tasks: 136
Solving time: 0.000471383 seconds
plan limit 980
current timestep 86
num of flexible agents: 12
num of flexible tasks: 132
Solving time: 0.00035795 seconds
plan limit 980
current timestep 87
num of flexible agents: 16
num of flexible tasks: 127
Solving time: 0.00049139 seconds
plan limit 980
current timestep 88
num of flexible agents: 11
num of flexible tasks: 119
Solving time: 0.000299816 seconds
plan limit 980
current timestep 89
num of flexible agents: 12
num of flexible tasks: 116
Solving time: 0.000339264 seconds
plan limit 980
current timestep 90
num of flexible agents: 13
num of flexible tasks: 113
Solving time: 0.00047932 seconds
plan limit 980
current timestep 91
num of flexible agents: 10
num of flexible tasks: 106
Solving time: 0.000313921 seconds
plan limit 980
current timestep 92
num of flexible agents: 13
num of flexible tasks: 103
Solving time: 0.000471105 seconds
plan limit 980
current timestep 93
num of flexible agents: 10
num of flexible tasks: 99
Solving time: 0.0004888 seconds
plan limit 980
current timestep 94
num of flexible agents: 11
num of flexible tasks: 98
Solving time: 0.000339429 seconds
plan limit 980
current timestep 95
num of flexible agents: 12
num of flexible tasks: 96
Solving time: 0.000396466 seconds
plan limit 980
current timestep 96
num of flexible agents: 14
num of flexible tasks: 94
Solving time: 0.000509519 seconds
plan limit 980
current timestep 97
num of flexible agents: 15
num of flexible tasks: 90
Solving time: 0.000512902 seconds
plan limit 980
current timestep 98
num of flexible agents: 13
num of flexible tasks: 87
Solving time: 0.000344712 seconds
plan limit 980
current timestep 99
num of flexible agents: 15
num of flexible tasks: 85
Solving time: 0.000527645 seconds
plan limit 980
current timestep 100
num of flexible agents: 17
num of flexible tasks: 84
Solving time: 0.000365865 seconds
plan limit 980
current timestep 101
num of flexible agents: 20
num of flexible tasks: 79
Solving time: 0.000511373 seconds
plan limit 980
current timestep 102
num of flexible agents: 17
num of flexible tasks: 72
Solving time: 0.000419487 seconds
plan limit 980
current timestep 103
num of flexible agents: 16
num of flexible tasks: 68
Solving time: 0.000373484 seconds
plan limit 980
current timestep 104
num of flexible agents: 18
num of flexible tasks: 64
Solving time: 0.000646897 seconds
plan limit 980
current timestep 105
num of flexible agents: 19
num of flexible tasks: 62
Solving time: 0.000508292 seconds
plan limit 980
current timestep 106
num of flexible agents: 19
num of flexible tasks: 59
Solving time: 0.000626592 seconds
plan limit 980
current timestep 107
num of flexible agents: 22
num of flexible tasks: 56
Solving time: 0.000485925 seconds
plan limit 980
current timestep 108
num of flexible agents: 21
num of flexible tasks: 53
Solving time: 0.000512944 seconds
plan limit 980
current timestep 109
num of flexible agents: 22
num of flexible tasks: 52
Solving time: 0.000638448 seconds
plan limit 980
current timestep 110
num of flexible agents: 25
num of flexible tasks: 51
Solving time: 0.000605591 seconds
plan limit 980
current timestep 111
num of flexible agents: 28
num of flexible tasks: 51
Solving time: 0.000491399 seconds
plan limit 980
current timestep 112
num of flexible agents: 28
num of flexible tasks: 50
Solving time: 0.00045413 seconds
plan limit 980
current timestep 113
num of flexible agents: 26
num of flexible tasks: 47
Solving time: 0.000458604 seconds
plan limit 980
current timestep 114
num of flexible agents: 29
num of flexible tasks: 45
Solving time: 0.000629511 seconds
plan limit 980
current timestep 115
num of flexible agents: 29
num of flexible tasks: 44
Solving time: 0.000457498 seconds
plan limit 980
current timestep 116
num of flexible agents: 31
num of flexible tasks: 43
Solving time: 0.000498314 seconds
plan limit 980
current timestep 117
num of flexible agents: 34
num of flexible tasks: 42
Solving time: 0.000503244 seconds
plan limit 980
current timestep 118
num of flexible agents: 33
num of flexible tasks: 39
Solving time: 0.000726441 seconds
plan limit 980
current timestep 119
num of flexible agents: 32
num of flexible tasks: 37
Solving time: 0.000544718 seconds
plan limit 980
current timestep 120
num of flexible agents: 35
num of flexible tasks: 37
Solving time: 0.000526481 seconds
plan limit 980
current timestep 121
num of flexible agents: 34
num of flexible tasks: 35
Solving time: 0.00075411 seconds
plan limit 980
current timestep 122
num of flexible agents: 37
num of flexible tasks: 32
Solving time: 0.000477454 seconds
plan limit 980
current timestep 123
num of flexible agents: 40
num of flexible tasks: 32
Solving time: 0.000674511 seconds
plan limit 980
current timestep 124
num of flexible agents: 42
num of flexible tasks: 30
Solving time: 0.000439117 seconds
plan limit 980
current timestep 125
num of flexible agents: 42
num of flexible tasks: 27
Solving time: 0.000586726 seconds
plan limit 980
current timestep 126
num of flexible agents: 46
num of flexible tasks: 26
Solving time: 0.00041306 seconds
plan limit 980
current timestep 127
num of flexible agents: 50
num of flexible tasks: 24
Solving time: 0.000413228 seconds
plan limit 980
current timestep 128
num of flexible agents: 52
num of flexible tasks: 23
Solving time: 0.000375436 seconds
plan limit 980
current timestep 129
num of flexible agents: 54
num of flexible tasks: 20
Solving time: 0.000363941 seconds
plan limit 980
current timestep 130
num of flexible agents: 55
num of flexible tasks: 17
Solving time: 0.000309509 seconds
plan limit 980
current timestep 131
num of flexible agents: 54
num of flexible tasks: 13
Solving time: 0.000442413 seconds
plan limit 980
current timestep 132
num of flexible agents: 52
num of flexible tasks: 10
Solving time: 0.000287678 seconds
plan limit 980
current timestep 133
num of flexible agents: 53
num of flexible tasks: 8
Solving time: 0.000393413 seconds
plan limit 980
current timestep 134
num of flexible agents: 50
num of flexible tasks: 5
Solving time: 0.000258418 seconds
plan limit 980
current timestep 135
num of flexible agents: 52
num of flexible tasks: 2
Solving time: 0.000359719 seconds
plan limit 980
current timestep 136
num of flexible agents: 54
num of flexible tasks: 2
Solving time: 0.000239261 seconds
plan limit 980
current timestep 137
num of flexible agents: 56
num of flexible tasks: 2
Solving time: 0.000234989 seconds
plan limit 980
current timestep 138
num of flexible agents: 57
num of flexible tasks: 1
Solving time: 0.000356666 seconds
plan limit 980
current timestep 139
num of flexible agents: 60
num of flexible tasks: 0
Solving time: 0.000223398 seconds
plan limit 980
current timestep 140
num of flexible agents: 63
num of flexible tasks: 0
Solving time: 0.000215477 seconds
plan limit 980
current timestep 141
num of flexible agents: 67
num of flexible tasks: 0
Solving time: 0.000234686 seconds
plan limit 980
current timestep 142
num of flexible agents: 71
num of flexible tasks: 0
Solving time: 0.000217207 seconds
plan limit 980
current timestep 143
num of flexible agents: 71
num of flexible tasks: 0
Solving time: 0.000326918 seconds
plan limit 980
current timestep 144
num of flexible agents: 74
num of flexible tasks: 0
Solving time: 0.000218473 seconds
plan limit 980
current timestep 145
num of flexible agents: 74
num of flexible tasks: 0
Solving time: 0.000304092 seconds
plan limit 980
current timestep 146
num of flexible agents: 76
num of flexible tasks: 0
Solving time: 0.000213132 seconds
plan limit 980
current timestep 147
num of flexible agents: 77
num of flexible tasks: 0
Solving time: 0.000322871 seconds
plan limit 980
current timestep 148
num of flexible agents: 77
num of flexible tasks: 0
Solving time: 0.000233967 seconds
plan limit 980
current timestep 149
num of flexible agents: 82
num of flexible tasks: 0
Solving time: 0.000212773 seconds
plan limit 980
current timestep 150
num of flexible agents: 84
num of flexible tasks: 0
Solving time: 0.000228451 seconds
plan limit 980
current timestep 151
num of flexible agents: 89
num of flexible tasks: 0
Solving time: 0.000324732 seconds
plan limit 980
current timestep 152
num of flexible agents: 90
num of flexible tasks: 0
Solving time: 0.000261842 seconds
plan limit 980
current timestep 153
num of flexible agents: 91
num of flexible tasks: 0
Solving time: 0.000223935 seconds
plan limit 980
current timestep 154
num of flexible agents: 92
num of flexible tasks: 0
Solving time: 0.000310149 seconds
plan limit 980
current timestep 155
num of flexible agents: 93
num of flexible tasks: 0
Solving time: 0.00022342 seconds
plan limit 980
current timestep 156
num of flexible agents: 93
num of flexible tasks: 0
Solving time: 0.000305802 seconds
plan limit 980
current timestep 157
num of flexible agents: 93
num of flexible tasks: 0
Solving time: 0.000220873 seconds
plan limit 980
current timestep 158
num of flexible agents: 95
num of flexible tasks: 0
Solving time: 0.000223983 seconds
plan limit 980
current timestep 159
num of flexible agents: 96
num of flexible tasks: 0
Solving time: 0.000222736 seconds
plan limit 980
current timestep 160
num of flexible agents: 96
num of flexible tasks: 0
Solving time: 0.000214848 seconds
plan limit 980
current timestep 161
num of flexible agents: 99
num of flexible tasks: 0
Solving time: 0.000219531 seconds
plan limit 980
current timestep 162
num of flexible agents: 99
num of flexible tasks: 0
Solving time: 0.000220483 seconds
plan limit 980
current timestep 163
num of flexible agents: 99
num of flexible tasks: 0
Solving time: 0.000311022 seconds
plan limit 980
current timestep 164
num of flexible agents: 99
num of flexible tasks: 0
Solving time: 0.000330279 seconds
plan limit 980
current timestep 165
num of flexible agents: 99
num of flexible tasks: 0
Solving time: 0.000219083 seconds
plan limit 980
current timestep 166
num of flexible agents: 99
num of flexible tasks: 0
Solving time: 0.000307611 seconds
plan limit 980
current timestep 167
num of flexible agents: 99
num of flexible tasks: 0
Solving time: 0.00024364 seconds
plan limit 980
current timestep 168
num of flexible agents: 99
num of flexible tasks: 0
Solving time: 0.000315004 seconds
plan limit 980
current timestep 169
num of flexible agents: 99
num of flexible tasks: 0
Solving time: 0.000259794 seconds
plan limit 980
current timestep 170
num of flexible agents: 99
num of flexible tasks: 0
Solving time: 0.000322982 seconds
plan limit 980
current timestep 171
num of flexible agents: 99
num of flexible tasks: 0
Solving time: 0.000226459 seconds
plan limit 980
All tasks finished at timestep 172
