current timestep 0
num of flexible agents: 50
num of flexible tasks: 10
Solving time: 0.000375799 seconds
plan limit 980
current timestep 1
num of flexible agents: 48
num of flexible tasks: 18
Solving time: 0.000412346 seconds
plan limit 980
current timestep 2
num of flexible agents: 47
num of flexible tasks: 27
Solving time: 0.000651961 seconds
plan limit 980
current timestep 3
num of flexible agents: 44
num of flexible tasks: 34
Solving time: 0.000612504 seconds
plan limit 980
current timestep 4
num of flexible agents: 40
num of flexible tasks: 40
Solving time: 0.000783885 seconds
plan limit 980
current timestep 5
num of flexible agents: 36
num of flexible tasks: 46
Solving time: 0.000631014 seconds
plan limit 980
current timestep 6
num of flexible agents: 31
num of flexible tasks: 51
Solving time: 0.000441593 seconds
plan limit 980
current timestep 7
num of flexible agents: 25
num of flexible tasks: 55
Solving time: 0.000365062 seconds
plan limit 980
current timestep 8
num of flexible agents: 21
num of flexible tasks: 61
Solving time: 0.000470433 seconds
plan limit 980
current timestep 9
num of flexible agents: 17
num of flexible tasks: 66
Solving time: 0.000334123 seconds
plan limit 980
current timestep 10
num of flexible agents: 9
num of flexible tasks: 68
Solving time: 0.000293905 seconds
plan limit 980
current timestep 11
num of flexible agents: 6
num of flexible tasks: 75
Solving time: 0.000264377 seconds
plan limit 980
current timestep 12
num of flexible agents: 7
num of flexible tasks: 85
Solving time: 0.000393674 seconds
plan limit 980
current timestep 13
num of flexible agents: 6
num of flexible tasks: 94
Solving time: 0.000278401 seconds
plan limit 980
current timestep 14
num of flexible agents: 4
num of flexible tasks: 99
Solving time: 0.000409504 seconds
plan limit 980
current timestep 15
num of flexible agents: 1
num of flexible tasks: 106
Solving time: 0.000685523 seconds
plan limit 980
current timestep 16
num of flexible agents: 2
num of flexible tasks: 116
Solving time: 0.000958755 seconds
plan limit 979
current timestep 17
num of flexible agents: 2
num of flexible tasks: 125
Solving time: 0.000803424 seconds
plan limit 980
current timestep 18
num of flexible agents: 2
num of flexible tasks: 133
Solving time: 0.000789137 seconds
plan limit 980
current timestep 19
num of flexible agents: 3
num of flexible tasks: 143
Solving time: 0.000855697 seconds
plan limit 980
current timestep 20
num of flexible agents: 4
num of flexible tasks: 151
Solving time: 0.000903426 seconds
plan limit 979
current timestep 21
num of flexible agents: 5
num of flexible tasks: 160
Solving time: 0.000417145 seconds
plan limit 980
current timestep 22
num of flexible agents: 5
num of flexible tasks: 166
Solving time: 0.000284007 seconds
plan limit 980
current timestep 23
num of flexible agents: 2
num of flexible tasks: 172
Solving time: 0.000924865 seconds
plan limit 979
current timestep 24
num of flexible agents: 2
num of flexible tasks: 180
Solving time: 0.000794115 seconds
plan limit 980
current timestep 25
num of flexible agents: 5
num of flexible tasks: 190
Solving time: 0.000411041 seconds
plan limit 980
current timestep 26
num of flexible agents: 2
num of flexible tasks: 196
Solving time: 0.000771707 seconds
plan limit 980
current timestep 27
num of flexible agents: 2
num of flexible tasks: 205
Solving time: 0.00092203 seconds
plan limit 979
current timestep 28
num of flexible agents: 2
num of flexible tasks: 215
Solving time: 0.000806055 seconds
plan limit 980
current timestep 29
num of flexible agents: 3
num of flexible tasks: 223
Solving time: 0.000943593 seconds
plan limit 979
current timestep 30
num of flexible agents: 3
num of flexible tasks: 230
Solving time: 0.00081317 seconds
plan limit 980
current timestep 31
num of flexible agents: 2
num of flexible tasks: 238
Solving time: 0.000945607 seconds
plan limit 979
current timestep 32
num of flexible agents: 4
num of flexible tasks: 247
Solving time: 0.000923029 seconds
plan limit 979
current timestep 33
num of flexible agents: 4
num of flexible tasks: 254
Solving time: 0.00111147 seconds
plan limit 979
current timestep 34
num of flexible agents: 3
num of flexible tasks: 261
Solving time: 0.000824258 seconds
plan limit 980
current timestep 35
num of flexible agents: 4
num of flexible tasks: 268
Solving time: 0.000919213 seconds
plan limit 979
current timestep 36
num of flexible agents: 2
num of flexible tasks: 275
Solving time: 0.000916638 seconds
plan limit 979
current timestep 37
num of flexible agents: 4
num of flexible tasks: 283
Solving time: 0.000872567 seconds
plan limit 979
current timestep 38
num of flexible agents: 3
num of flexible tasks: 289
Solving time: 0.00100104 seconds
plan limit 979
current timestep 39
num of flexible agents: 2
num of flexible tasks: 296
Solving time: 0.000759796 seconds
plan limit 980
current timestep 40
num of flexible agents: 2
num of flexible tasks: 305
Solving time: 0.000914918 seconds
plan limit 979
current timestep 41
num of flexible agents: 3
num of flexible tasks: 313
Solving time: 0.000804773 seconds
plan limit 980
current timestep 42
num of flexible agents: 2
num of flexible tasks: 320
Solving time: 0.000900022 seconds
plan limit 979
current timestep 43
num of flexible agents: 1
num of flexible tasks: 328
Solving time: 0.000628866 seconds
plan limit 980
current timestep 44
num of flexible agents: 4
num of flexible tasks: 337
Solving time: 0.0010391 seconds
plan limit 979
current timestep 45
num of flexible agents: 1
num of flexible tasks: 343
Solving time: 0.000613473 seconds
plan limit 980
current timestep 46
num of flexible agents: 3
num of flexible tasks: 352
Solving time: 0.000928493 seconds
plan limit 979
current timestep 47
num of flexible agents: 1
num of flexible tasks: 359
Solving time: 0.000617173 seconds
plan limit 980
current timestep 48
num of flexible agents: 4
num of flexible tasks: 368
Solving time: 0.0010029 seconds
plan limit 979
current timestep 49
num of flexible agents: 1
num of flexible tasks: 374
Solving time: 0.000767089 seconds
plan limit 980
current timestep 50
num of flexible agents: 3
num of flexible tasks: 373
Solving time: 0.00074412 seconds
plan limit 980
current timestep 51
num of flexible agents: 6
num of flexible tasks: 370
Solving time: 0.000436775 seconds
plan limit 980
current timestep 52
num of flexible agents: 4
num of flexible tasks: 364
Solving time: 0.00085318 seconds
plan limit 980
current timestep 53
num of flexible agents: 2
num of flexible tasks: 360
Solving time: 0.000919144 seconds
plan limit 979
current timestep 54
num of flexible agents: 0
num of flexible tasks: 358
Solving time: 0.000237197 seconds
plan limit 980
current timestep 55
num of flexible agents: 4
num of flexible tasks: 358
Solving time: 0.000887572 seconds
plan limit 979
current timestep 56
num of flexible agents: 2
num of flexible tasks: 354
Solving time: 0.000893345 seconds
plan limit 979
current timestep 57
num of flexible agents: 1
num of flexible tasks: 352
Solving time: 0.000765014 seconds
plan limit 980
current timestep 58
num of flexible agents: 0
num of flexible tasks: 351
Solving time: 0.000278352 seconds
plan limit 980
current timestep 59
num of flexible agents: 3
num of flexible tasks: 351
Solving time: 0.000967313 seconds
plan limit 979
current timestep 60
num of flexible agents: 2
num of flexible tasks: 348
Solving time: 0.000950835 seconds
plan limit 979
current timestep 61
num of flexible agents: 3
num of flexible tasks: 347
Solving time: 0.000775751 seconds
plan limit 980
current timestep 62
num of flexible agents: 1
num of flexible tasks: 344
Solving time: 0.000777705 seconds
plan limit 980
current timestep 63
num of flexible agents: 1
num of flexible tasks: 343
Solving time: 0.000618237 seconds
plan limit 980
current timestep 64
num of flexible agents: 1
num of flexible tasks: 342
Solving time: 0.000765313 seconds
plan limit 980
current timestep 65
num of flexible agents: 1
num of flexible tasks: 341
Solving time: 0.000640979 seconds
plan limit 980
current timestep 66
num of flexible agents: 4
num of flexible tasks: 341
Solving time: 0.00103408 seconds
plan limit 979
current timestep 67
num of flexible agents: 4
num of flexible tasks: 338
Solving time: 0.000957699 seconds
plan limit 979
current timestep 68
num of flexible agents: 4
num of flexible tasks: 334
Solving time: 0.00085816 seconds
plan limit 980
current timestep 69
num of flexible agents: 4
num of flexible tasks: 330
Solving time: 0.000880543 seconds
plan limit 979
current timestep 70
num of flexible agents: 4
num of flexible tasks: 327
Solving time: 0.00106323 seconds
plan limit 979
current timestep 71
num of flexible agents: 2
num of flexible tasks: 323
Solving time: 0.00077358 seconds
plan limit 980
current timestep 72
num of flexible agents: 2
num of flexible tasks: 322
Solving time: 0.000877585 seconds
plan limit 979
current timestep 73
num of flexible agents: 2
num of flexible tasks: 320
Solving time: 0.000753689 seconds
plan limit 980
current timestep 74
num of flexible agents: 7
num of flexible tasks: 318
Solving time: 0.000390016 seconds
plan limit 980
current timestep 75
num of flexible agents: 3
num of flexible tasks: 311
Solving time: 0.000776859 seconds
plan limit 980
current timestep 76
num of flexible agents: 0
num of flexible tasks: 308
Solving time: 0.000213147 seconds
plan limit 980
current timestep 77
num of flexible agents: 1
num of flexible tasks: 308
Solving time: 0.000777189 seconds
plan limit 980
current timestep 78
num of flexible agents: 3
num of flexible tasks: 307
Solving time: 0.000768123 seconds
plan limit 980
current timestep 79
num of flexible agents: 2
num of flexible tasks: 304
Solving time: 0.00089039 seconds
plan limit 979
current timestep 80
num of flexible agents: 2
num of flexible tasks: 302
Solving time: 0.000767223 seconds
plan limit 980
current timestep 81
num of flexible agents: 1
num of flexible tasks: 300
Solving time: 0.000469324 seconds
plan limit 980
current timestep 82
num of flexible agents: 2
num of flexible tasks: 300
Solving time: 0.000893039 seconds
plan limit 979
current timestep 83
num of flexible agents: 3
num of flexible tasks: 299
Solving time: 0.000952733 seconds
plan limit 979
current timestep 84
num of flexible agents: 2
num of flexible tasks: 296
Solving time: 0.000742142 seconds
plan limit 980
current timestep 85
num of flexible agents: 1
num of flexible tasks: 294
Solving time: 0.000424116 seconds
plan limit 980
current timestep 86
num of flexible agents: 5
num of flexible tasks: 294
Solving time: 0.00102271 seconds
plan limit 979
current timestep 87
num of flexible agents: 6
num of flexible tasks: 290
Solving time: 0.00027978 seconds
plan limit 980
current timestep 88
num of flexible agents: 4
num of flexible tasks: 285
Solving time: 0.00102345 seconds
plan limit 979
current timestep 89
num of flexible agents: 1
num of flexible tasks: 282
Solving time: 0.000276999 seconds
plan limit 980
current timestep 90
num of flexible agents: 2
num of flexible tasks: 281
Solving time: 0.000888162 seconds
plan limit 979
current timestep 91
num of flexible agents: 2
num of flexible tasks: 279
Solving time: 0.000773047 seconds
plan limit 980
current timestep 92
num of flexible agents: 3
num of flexible tasks: 278
Solving time: 0.000792748 seconds
plan limit 980
current timestep 93
num of flexible agents: 3
num of flexible tasks: 277
Solving time: 0.00097979 seconds
plan limit 979
current timestep 94
num of flexible agents: 3
num of flexible tasks: 274
Solving time: 0.000796048 seconds
plan limit 980
current timestep 95
num of flexible agents: 2
num of flexible tasks: 271
Solving time: 0.000763896 seconds
plan limit 980
current timestep 96
num of flexible agents: 2
num of flexible tasks: 269
Solving time: 0.000784706 seconds
plan limit 980
current timestep 97
num of flexible agents: 2
num of flexible tasks: 268
Solving time: 0.000920981 seconds
plan limit 979
current timestep 98
num of flexible agents: 2
num of flexible tasks: 266
Solving time: 0.000783779 seconds
plan limit 980
current timestep 99
num of flexible agents: 2
num of flexible tasks: 264
Solving time: 0.000955129 seconds
plan limit 979
current timestep 100
num of flexible agents: 1
num of flexible tasks: 262
Solving time: 0.000667083 seconds
plan limit 980
current timestep 101
num of flexible agents: 1
num of flexible tasks: 261
Solving time: 0.000806156 seconds
plan limit 980
current timestep 102
num of flexible agents: 1
num of flexible tasks: 260
Solving time: 0.000663901 seconds
plan limit 980
current timestep 103
num of flexible agents: 4
num of flexible tasks: 259
Solving time: 0.000866295 seconds
plan limit 980
current timestep 104
num of flexible agents: 2
num of flexible tasks: 256
Solving time: 0.000945741 seconds
plan limit 979
current timestep 105
num of flexible agents: 2
num of flexible tasks: 254
Solving time: 0.000785455 seconds
plan limit 980
current timestep 106
num of flexible agents: 2
num of flexible tasks: 252
Solving time: 0.000819775 seconds
plan limit 980
current timestep 107
num of flexible agents: 4
num of flexible tasks: 251
Solving time: 0.000915097 seconds
plan limit 979
current timestep 108
num of flexible agents: 5
num of flexible tasks: 249
Solving time: 0.000887938 seconds
plan limit 979
current timestep 109
num of flexible agents: 3
num of flexible tasks: 244
Solving time: 0.000830646 seconds
plan limit 980
current timestep 110
num of flexible agents: 3
num of flexible tasks: 242
Solving time: 0.0010086 seconds
plan limit 979
current timestep 111
num of flexible agents: 7
num of flexible tasks: 239
Solving time: 0.000324767 seconds
plan limit 980
current timestep 112
num of flexible agents: 6
num of flexible tasks: 235
Solving time: 0.000329364 seconds
plan limit 980
current timestep 113
num of flexible agents: 7
num of flexible tasks: 232
Solving time: 0.000318429 seconds
plan limit 980
current timestep 114
num of flexible agents: 2
num of flexible tasks: 227
Solving time: 0.00079541 seconds
plan limit 980
current timestep 115
num of flexible agents: 2
num of flexible tasks: 226
Solving time: 0.000953759 seconds
plan limit 979
current timestep 116
num of flexible agents: 1
num of flexible tasks: 225
Solving time: 0.00063004 seconds
plan limit 980
current timestep 117
num of flexible agents: 4
num of flexible tasks: 224
Solving time: 0.000884745 seconds
plan limit 980
current timestep 118
num of flexible agents: 5
num of flexible tasks: 221
Solving time: 0.000902836 seconds
plan limit 979
current timestep 119
num of flexible agents: 5
num of flexible tasks: 217
Solving time: 0.00088509 seconds
plan limit 979
current timestep 120
num of flexible agents: 4
num of flexible tasks: 213
Solving time: 0.000871528 seconds
plan limit 980
current timestep 121
num of flexible agents: 5
num of flexible tasks: 211
Solving time: 0.000894161 seconds
plan limit 979
current timestep 122
num of flexible agents: 4
num of flexible tasks: 208
Solving time: 0.000889166 seconds
plan limit 979
current timestep 123
num of flexible agents: 2
num of flexible tasks: 205
Solving time: 0.000793756 seconds
plan limit 980
current timestep 124
num of flexible agents: 2
num of flexible tasks: 204
Solving time: 0.000955959 seconds
plan limit 979
current timestep 125
num of flexible agents: 4
num of flexible tasks: 203
Solving time: 0.00105167 seconds
plan limit 979
current timestep 126
num of flexible agents: 4
num of flexible tasks: 201
Solving time: 0.000867406 seconds
plan limit 980
current timestep 127
num of flexible agents: 6
num of flexible tasks: 199
Solving time: 0.0004303 seconds
plan limit 980
current timestep 128
num of flexible agents: 1
num of flexible tasks: 194
Solving time: 0.000858578 seconds
plan limit 979
current timestep 129
num of flexible agents: 5
num of flexible tasks: 194
Solving time: 0.00106886 seconds
plan limit 979
current timestep 130
num of flexible agents: 7
num of flexible tasks: 193
Solving time: 0.000321971 seconds
plan limit 980
current timestep 131
num of flexible agents: 5
num of flexible tasks: 189
Solving time: 0.00110299 seconds
plan limit 979
current timestep 132
num of flexible agents: 3
num of flexible tasks: 187
Solving time: 0.00102967 seconds
plan limit 979
current timestep 133
num of flexible agents: 5
num of flexible tasks: 186
Solving time: 0.000921695 seconds
plan limit 979
current timestep 134
num of flexible agents: 5
num of flexible tasks: 184
Solving time: 0.00111179 seconds
plan limit 979
current timestep 135
num of flexible agents: 7
num of flexible tasks: 182
Solving time: 0.000303886 seconds
plan limit 980
current timestep 136
num of flexible agents: 6
num of flexible tasks: 181
Solving time: 0.000438078 seconds
plan limit 980
current timestep 137
num of flexible agents: 6
num of flexible tasks: 180
Solving time: 0.000295572 seconds
plan limit 980
current timestep 138
num of flexible agents: 7
num of flexible tasks: 176
Solving time: 0.000330025 seconds
plan limit 980
current timestep 139
num of flexible agents: 4
num of flexible tasks: 173
Solving time: 0.00106657 seconds
plan limit 979
current timestep 140
num of flexible agents: 6
num of flexible tasks: 172
Solving time: 0.000336542 seconds
plan limit 980
current timestep 141
num of flexible agents: 7
num of flexible tasks: 169
Solving time: 0.000427254 seconds
plan limit 980
current timestep 142
num of flexible agents: 8
num of flexible tasks: 166
Solving time: 0.000309232 seconds
plan limit 980
current timestep 143
num of flexible agents: 6
num of flexible tasks: 161
Solving time: 0.000304334 seconds
plan limit 980
current timestep 144
num of flexible agents: 5
num of flexible tasks: 158
Solving time: 0.00108063 seconds
plan limit 979
current timestep 145
num of flexible agents: 8
num of flexible tasks: 158
Solving time: 0.00030216 seconds
plan limit 980
current timestep 146
num of flexible agents: 4
num of flexible tasks: 154
Solving time: 0.000883501 seconds
plan limit 979
current timestep 147
num of flexible agents: 7
num of flexible tasks: 153
Solving time: 0.000447146 seconds
plan limit 980
current timestep 148
num of flexible agents: 5
num of flexible tasks: 149
Solving time: 0.000922073 seconds
plan limit 979
current timestep 149
num of flexible agents: 4
num of flexible tasks: 147
Solving time: 0.00107765 seconds
plan limit 979
current timestep 150
num of flexible agents: 2
num of flexible tasks: 145
Solving time: 0.000827401 seconds
plan limit 980
current timestep 151
num of flexible agents: 4
num of flexible tasks: 145
Solving time: 0.00105427 seconds
plan limit 979
current timestep 152
num of flexible agents: 5
num of flexible tasks: 143
Solving time: 0.000948261 seconds
plan limit 979
current timestep 153
num of flexible agents: 2
num of flexible tasks: 139
Solving time: 0.000822131 seconds
plan limit 980
current timestep 154
num of flexible agents: 3
num of flexible tasks: 138
Solving time: 0.00104345 seconds
plan limit 979
current timestep 155
num of flexible agents: 6
num of flexible tasks: 138
Solving time: 0.000469352 seconds
plan limit 980
current timestep 156
num of flexible agents: 5
num of flexible tasks: 135
Solving time: 0.000902883 seconds
plan limit 979
current timestep 157
num of flexible agents: 8
num of flexible tasks: 134
Solving time: 0.000453114 seconds
plan limit 980
current timestep 158
num of flexible agents: 12
num of flexible tasks: 131
Solving time: 0.000458934 seconds
plan limit 980
current timestep 159
num of flexible agents: 7
num of flexible tasks: 125
Solving time: 0.000312328 seconds
plan limit 980
current timestep 160
num of flexible agents: 6
num of flexible tasks: 123
Solving time: 0.000451779 seconds
plan limit 980
current timestep 161
num of flexible agents: 7
num of flexible tasks: 121
Solving time: 0.000482371 seconds
plan limit 980
current timestep 162
num of flexible agents: 5
num of flexible tasks: 118
Solving time: 0.00111273 seconds
plan limit 979
current timestep 163
num of flexible agents: 6
num of flexible tasks: 118
Solving time: 0.000452202 seconds
plan limit 980
current timestep 164
num of flexible agents: 10
num of flexible tasks: 118
Solving time: 0.000474903 seconds
plan limit 980
current timestep 165
num of flexible agents: 7
num of flexible tasks: 114
Solving time: 0.000306929 seconds
plan limit 980
current timestep 166
num of flexible agents: 9
num of flexible tasks: 112
Solving time: 0.000436816 seconds
plan limit 980
current timestep 167
num of flexible agents: 7
num of flexible tasks: 107
Solving time: 0.000354526 seconds
plan limit 980
current timestep 168
num of flexible agents: 6
num of flexible tasks: 105
Solving time: 0.000445573 seconds
plan limit 980
current timestep 169
num of flexible agents: 7
num of flexible tasks: 103
Solving time: 0.000329964 seconds
plan limit 980
current timestep 170
num of flexible agents: 4
num of flexible tasks: 100
Solving time: 0.00112495 seconds
plan limit 979
current timestep 171
num of flexible agents: 5
num of flexible tasks: 98
Solving time: 0.00095652 seconds
plan limit 979
current timestep 172
num of flexible agents: 4
num of flexible tasks: 97
Solving time: 0.000967657 seconds
plan limit 979
current timestep 173
num of flexible agents: 8
num of flexible tasks: 97
Solving time: 0.000347993 seconds
plan limit 980
current timestep 174
num of flexible agents: 5
num of flexible tasks: 93
Solving time: 0.00114315 seconds
plan limit 979
current timestep 175
num of flexible agents: 5
num of flexible tasks: 92
Solving time: 0.0010138 seconds
plan limit 979
current timestep 176
num of flexible agents: 6
num of flexible tasks: 90
Solving time: 0.000404773 seconds
plan limit 980
current timestep 177
num of flexible agents: 6
num of flexible tasks: 88
Solving time: 0.000384516 seconds
plan limit 980
current timestep 178
num of flexible agents: 2
num of flexible tasks: 83
Solving time: 0.000800933 seconds
plan limit 980
current timestep 179
num of flexible agents: 4
num of flexible tasks: 82
Solving time: 0.00108784 seconds
plan limit 979
current timestep 180
num of flexible agents: 5
num of flexible tasks: 81
Solving time: 0.000328473 seconds
plan limit 980
current timestep 181
num of flexible agents: 5
num of flexible tasks: 80
Solving time: 0.000433715 seconds
plan limit 980
current timestep 182
num of flexible agents: 7
num of flexible tasks: 80
Solving time: 0.000331831 seconds
plan limit 980
current timestep 183
num of flexible agents: 7
num of flexible tasks: 79
Solving time: 0.000495398 seconds
plan limit 980
current timestep 184
num of flexible agents: 9
num of flexible tasks: 78
Solving time: 0.000319706 seconds
plan limit 980
current timestep 185
num of flexible agents: 9
num of flexible tasks: 76
Solving time: 0.000507932 seconds
plan limit 980
current timestep 186
num of flexible agents: 9
num of flexible tasks: 76
Solving time: 0.00033905 seconds
plan limit 980
current timestep 187
num of flexible agents: 11
num of flexible tasks: 75
Solving time: 0.000348304 seconds
plan limit 980
current timestep 188
num of flexible agents: 15
num of flexible tasks: 73
Solving time: 0.000521853 seconds
plan limit 980
current timestep 189
num of flexible agents: 16
num of flexible tasks: 72
Solving time: 0.000355885 seconds
plan limit 980
current timestep 190
num of flexible agents: 14
num of flexible tasks: 69
Solving time: 0.000511545 seconds
plan limit 980
current timestep 191
num of flexible agents: 14
num of flexible tasks: 67
Solving time: 0.000517229 seconds
plan limit 980
current timestep 192
num of flexible agents: 16
num of flexible tasks: 65
Solving time: 0.000346758 seconds
plan limit 980
current timestep 193
num of flexible agents: 15
num of flexible tasks: 61
Solving time: 0.000357635 seconds
plan limit 980
current timestep 194
num of flexible agents: 14
num of flexible tasks: 57
Solving time: 0.000481037 seconds
plan limit 980
current timestep 195
num of flexible agents: 14
num of flexible tasks: 54
Solving time: 0.00034796 seconds
plan limit 980
current timestep 196
num of flexible agents: 13
num of flexible tasks: 52
Solving time: 0.000348537 seconds
plan limit 980
current timestep 197
num of flexible agents: 13
num of flexible tasks: 49
Solving time: 0.000490113 seconds
plan limit 980
current timestep 198
num of flexible agents: 14
num of flexible tasks: 46
Solving time: 0.000371999 seconds
plan limit 980
current timestep 199
num of flexible agents: 12
num of flexible tasks: 42
Solving time: 0.000531256 seconds
plan limit 980
current timestep 200
num of flexible agents: 13
num of flexible tasks: 40
Solving time: 0.000365901 seconds
plan limit 980
current timestep 201
num of flexible agents: 10
num of flexible tasks: 37
Solving time: 0.000491563 seconds
plan limit 980
current timestep 202
num of flexible agents: 9
num of flexible tasks: 36
Solving time: 0.000451885 seconds
plan limit 980
current timestep 203
num of flexible agents: 11
num of flexible tasks: 36
Solving time: 0.000339938 seconds
plan limit 980
current timestep 204
num of flexible agents: 8
num of flexible tasks: 32
Solving time: 0.000326718 seconds
plan limit 980
current timestep 205
num of flexible agents: 6
num of flexible tasks: 30
Solving time: 0.000473839 seconds
plan limit 980
current timestep 206
num of flexible agents: 5
num of flexible tasks: 28
Solving time: 0.00036079 seconds
plan limit 980
current timestep 207
num of flexible agents: 5
num of flexible tasks: 28
Solving time: 0.000485195 seconds
plan limit 980
current timestep 208
num of flexible agents: 6
num of flexible tasks: 27
Solving time: 0.000474864 seconds
plan limit 980
current timestep 209
num of flexible agents: 8
num of flexible tasks: 26
Solving time: 0.000403271 seconds
plan limit 980
current timestep 210
num of flexible agents: 9
num of flexible tasks: 25
Solving time: 0.000544552 seconds
plan limit 980
current timestep 211
num of flexible agents: 9
num of flexible tasks: 24
Solving time: 0.000522638 seconds
plan limit 980
current timestep 212
num of flexible agents: 10
num of flexible tasks: 24
Solving time: 0.000374005 seconds
plan limit 980
current timestep 213
num of flexible agents: 9
num of flexible tasks: 23
Solving time: 0.000530938 seconds
plan limit 980
current timestep 214
num of flexible agents: 11
num of flexible tasks: 20
Solving time: 0.000404553 seconds
plan limit 980
current timestep 215
num of flexible agents: 12
num of flexible tasks: 19
Solving time: 0.00043438 seconds
plan limit 980
current timestep 216
num of flexible agents: 13
num of flexible tasks: 19
Solving time: 0.000692873 seconds
plan limit 980
current timestep 217
num of flexible agents: 12
num of flexible tasks: 18
Solving time: 0.000465919 seconds
plan limit 980
current timestep 218
num of flexible agents: 15
num of flexible tasks: 18
Solving time: 0.000451001 seconds
plan limit 980
current timestep 219
num of flexible agents: 19
num of flexible tasks: 18
Solving time: 0.00043762 seconds
plan limit 980
current timestep 220
num of flexible agents: 20
num of flexible tasks: 17
Solving time: 0.000597733 seconds
plan limit 980
current timestep 221
num of flexible agents: 18
num of flexible tasks: 15
Solving time: 0.000619194 seconds
plan limit 980
current timestep 222
num of flexible agents: 18
num of flexible tasks: 13
Solving time: 0.000439997 seconds
plan limit 980
current timestep 223
num of flexible agents: 17
num of flexible tasks: 12
Solving time: 0.000388884 seconds
plan limit 980
current timestep 224
num of flexible agents: 18
num of flexible tasks: 12
Solving time: 0.000444884 seconds
plan limit 980
current timestep 225
num of flexible agents: 16
num of flexible tasks: 10
Solving time: 0.000318413 seconds
plan limit 980
current timestep 226
num of flexible agents: 19
num of flexible tasks: 10
Solving time: 0.000476297 seconds
plan limit 980
current timestep 227
num of flexible agents: 19
num of flexible tasks: 10
Solving time: 0.000329722 seconds
plan limit 980
current timestep 228
num of flexible agents: 19
num of flexible tasks: 8
Solving time: 0.000419374 seconds
plan limit 980
current timestep 229
num of flexible agents: 23
num of flexible tasks: 8
Solving time: 0.000389302 seconds
plan limit 980
current timestep 230
num of flexible agents: 23
num of flexible tasks: 8
Solving time: 0.000260955 seconds
plan limit 980
current timestep 231
num of flexible agents: 25
num of flexible tasks: 8
Solving time: 0.000268978 seconds
plan limit 980
current timestep 232
num of flexible agents: 24
num of flexible tasks: 6
Solving time: 0.000365697 seconds
plan limit 980
current timestep 233
num of flexible agents: 23
num of flexible tasks: 5
Solving time: 0.000255187 seconds
plan limit 980
current timestep 234
num of flexible agents: 23
num of flexible tasks: 5
Solving time: 0.000357076 seconds
plan limit 980
current timestep 235
num of flexible agents: 24
num of flexible tasks: 3
Solving time: 0.000224158 seconds
plan limit 980
current timestep 236
num of flexible agents: 23
num of flexible tasks: 1
Solving time: 0.00021149 seconds
plan limit 980
current timestep 237
num of flexible agents: 24
num of flexible tasks: 1
Solving time: 0.00028361 seconds
plan limit 980
current timestep 238
num of flexible agents: 29
num of flexible tasks: 1
Solving time: 0.000232647 seconds
plan limit 980
current timestep 239
num of flexible agents: 30
num of flexible tasks: 1
Solving time: 0.000299877 seconds
plan limit 980
current timestep 240
num of flexible agents: 31
num of flexible tasks: 0
Solving time: 0.000291295 seconds
plan limit 980
current timestep 241
num of flexible agents: 34
num of flexible tasks: 0
Solving time: 0.000213456 seconds
plan limit 980
current timestep 242
num of flexible agents: 36
num of flexible tasks: 0
Solving time: 0.000283692 seconds
plan limit 980
current timestep 243
num of flexible agents: 36
num of flexible tasks: 0
Solving time: 0.00024255 seconds
plan limit 980
current timestep 244
num of flexible agents: 37
num of flexible tasks: 0
Solving time: 0.000268824 seconds
plan limit 980
current timestep 245
num of flexible agents: 38
num of flexible tasks: 0
Solving time: 0.000287727 seconds
plan limit 980
current timestep 246
num of flexible agents: 39
num of flexible tasks: 0
Solving time: 0.000203781 seconds
plan limit 980
current timestep 247
num of flexible agents: 41
num of flexible tasks: 0
Solving time: 0.000209221 seconds
plan limit 980
current timestep 248
num of flexible agents: 41
num of flexible tasks: 0
Solving time: 0.000291409 seconds
plan limit 980
current timestep 249
num of flexible agents: 42
num of flexible tasks: 0
Solving time: 0.000292621 seconds
plan limit 980
current timestep 250
num of flexible agents: 42
num of flexible tasks: 0
Solving time: 0.000205131 seconds
plan limit 980
current timestep 251
num of flexible agents: 42
num of flexible tasks: 0
Solving time: 0.000203434 seconds
plan limit 980
current timestep 252
num of flexible agents: 43
num of flexible tasks: 0
Solving time: 0.000287649 seconds
plan limit 980
current timestep 253
num of flexible agents: 44
num of flexible tasks: 0
Solving time: 0.000204737 seconds
plan limit 980
current timestep 254
num of flexible agents: 44
num of flexible tasks: 0
Solving time: 0.000287319 seconds
plan limit 980
current timestep 255
num of flexible agents: 45
num of flexible tasks: 0
Solving time: 0.000205905 seconds
plan limit 980
current timestep 256
num of flexible agents: 45
num of flexible tasks: 0
Solving time: 0.00029528 seconds
plan limit 980
current timestep 257
num of flexible agents: 45
num of flexible tasks: 0
Solving time: 0.000202885 seconds
plan limit 980
current timestep 258
num of flexible agents: 45
num of flexible tasks: 0
Solving time: 0.000282857 seconds
plan limit 980
current timestep 259
num of flexible agents: 45
num of flexible tasks: 0
Solving time: 0.000207673 seconds
plan limit 980
current timestep 260
num of flexible agents: 46
num of flexible tasks: 0
Solving time: 0.00029502 seconds
plan limit 980
current timestep 261
num of flexible agents: 47
num of flexible tasks: 0
Solving time: 0.000207218 seconds
plan limit 980
current timestep 262
num of flexible agents: 47
num of flexible tasks: 0
Solving time: 0.000282301 seconds
plan limit 980
current timestep 263
num of flexible agents: 47
num of flexible tasks: 0
Solving time: 0.000297955 seconds
plan limit 980
current timestep 264
num of flexible agents: 48
num of flexible tasks: 0
Solving time: 0.000213031 seconds
plan limit 980
current timestep 265
num of flexible agents: 49
num of flexible tasks: 0
Solving time: 0.000281267 seconds
plan limit 980
current timestep 266
num of flexible agents: 49
num of flexible tasks: 0
Solving time: 0.000201491 seconds
plan limit 980
current timestep 267
num of flexible agents: 49
num of flexible tasks: 0
Solving time: 0.000284871 seconds
plan limit 980
All tasks finished at timestep 268
