current timestep 0
num of flexible agents: 50
num of flexible tasks: 2
Solving time: 0.0003327 seconds
plan limit 980
current timestep 1
num of flexible agents: 48
num of flexible tasks: 2
Solving time: 0.0004261 seconds
plan limit 980
current timestep 2
num of flexible agents: 48
num of flexible tasks: 4
Solving time: 0.0003068 seconds
plan limit 980
current timestep 3
num of flexible agents: 47
num of flexible tasks: 5
Solving time: 0.0002989 seconds
plan limit 980
current timestep 4
num of flexible agents: 47
num of flexible tasks: 7
Solving time: 0.0004487 seconds
plan limit 980
current timestep 5
num of flexible agents: 45
num of flexible tasks: 7
Solving time: 0.0003152 seconds
plan limit 980
current timestep 6
num of flexible agents: 44
num of flexible tasks: 8
Solving time: 0.0003436 seconds
plan limit 980
current timestep 7
num of flexible agents: 44
num of flexible tasks: 10
Solving time: 0.0003559 seconds
plan limit 980
current timestep 8
num of flexible agents: 43
num of flexible tasks: 11
Solving time: 0.0003693 seconds
plan limit 980
current timestep 9
num of flexible agents: 43
num of flexible tasks: 13
Solving time: 0.0004259 seconds
plan limit 980
current timestep 10
num of flexible agents: 42
num of flexible tasks: 14
Solving time: 0.0004401 seconds
plan limit 980
current timestep 11
num of flexible agents: 41
num of flexible tasks: 15
Solving time: 0.0003617 seconds
plan limit 980
current timestep 12
num of flexible agents: 40
num of flexible tasks: 15
Solving time: 0.0003957 seconds
plan limit 980
current timestep 13
num of flexible agents: 40
num of flexible tasks: 17
Solving time: 0.0004108 seconds
plan limit 980
current timestep 14
num of flexible agents: 39
num of flexible tasks: 17
Solving time: 0.0004447 seconds
plan limit 980
current timestep 15
num of flexible agents: 35
num of flexible tasks: 15
Solving time: 0.0003714 seconds
plan limit 980
current timestep 16
num of flexible agents: 35
num of flexible tasks: 16
Solving time: 0.0004466 seconds
plan limit 980
current timestep 17
num of flexible agents: 31
num of flexible tasks: 14
Solving time: 0.0004429 seconds
plan limit 980
current timestep 18
num of flexible agents: 30
num of flexible tasks: 15
Solving time: 0.0004436 seconds
plan limit 980
current timestep 19
num of flexible agents: 28
num of flexible tasks: 15
Solving time: 0.000565 seconds
plan limit 980
current timestep 20
num of flexible agents: 27
num of flexible tasks: 16
Solving time: 0.0004763 seconds
plan limit 980
current timestep 21
num of flexible agents: 27
num of flexible tasks: 18
Solving time: 0.0007583 seconds
plan limit 979
current timestep 22
num of flexible agents: 26
num of flexible tasks: 18
Solving time: 0.0004666 seconds
plan limit 980
current timestep 23
num of flexible agents: 24
num of flexible tasks: 18
Solving time: 0.0004969 seconds
plan limit 980
current timestep 24
num of flexible agents: 26
num of flexible tasks: 20
Solving time: 0.0004466 seconds
plan limit 980
current timestep 25
num of flexible agents: 24
num of flexible tasks: 20
Solving time: 0.0004708 seconds
plan limit 980
current timestep 26
num of flexible agents: 24
num of flexible tasks: 21
Solving time: 0.0004518 seconds
plan limit 980
current timestep 27
num of flexible agents: 23
num of flexible tasks: 20
Solving time: 0.0004162 seconds
plan limit 980
current timestep 28
num of flexible agents: 23
num of flexible tasks: 21
Solving time: 0.0005436 seconds
plan limit 980
current timestep 29
num of flexible agents: 21
num of flexible tasks: 19
Solving time: 0.0009289 seconds
plan limit 979
current timestep 30
num of flexible agents: 18
num of flexible tasks: 17
Solving time: 0.0006227 seconds
plan limit 980
current timestep 31
num of flexible agents: 17
num of flexible tasks: 17
Solving time: 0.0004403 seconds
plan limit 980
current timestep 32
num of flexible agents: 15
num of flexible tasks: 16
Solving time: 0.0004113 seconds
plan limit 980
current timestep 33
num of flexible agents: 14
num of flexible tasks: 14
Solving time: 0.0003968 seconds
plan limit 980
current timestep 34
num of flexible agents: 13
num of flexible tasks: 15
Solving time: 0.0003686 seconds
plan limit 980
current timestep 35
num of flexible agents: 12
num of flexible tasks: 15
Solving time: 0.0003645 seconds
plan limit 980
current timestep 36
num of flexible agents: 8
num of flexible tasks: 13
Solving time: 0.0003906 seconds
plan limit 980
current timestep 37
num of flexible agents: 10
num of flexible tasks: 13
Solving time: 0.0004146 seconds
plan limit 980
current timestep 38
num of flexible agents: 12
num of flexible tasks: 15
Solving time: 0.0004573 seconds
plan limit 980
current timestep 39
num of flexible agents: 11
num of flexible tasks: 16
Solving time: 0.0004021 seconds
plan limit 980
current timestep 40
num of flexible agents: 11
num of flexible tasks: 15
Solving time: 0.000428 seconds
plan limit 980
current timestep 41
num of flexible agents: 12
num of flexible tasks: 17
Solving time: 0.0004229 seconds
plan limit 980
current timestep 42
num of flexible agents: 11
num of flexible tasks: 18
Solving time: 0.0004665 seconds
plan limit 980
current timestep 43
num of flexible agents: 10
num of flexible tasks: 16
Solving time: 0.0004668 seconds
plan limit 980
current timestep 44
num of flexible agents: 10
num of flexible tasks: 17
Solving time: 0.000387 seconds
plan limit 980
current timestep 45
num of flexible agents: 10
num of flexible tasks: 18
Solving time: 0.0004952 seconds
plan limit 980
current timestep 46
num of flexible agents: 8
num of flexible tasks: 18
Solving time: 0.0003849 seconds
plan limit 980
current timestep 47
num of flexible agents: 13
num of flexible tasks: 19
Solving time: 0.0004417 seconds
plan limit 980
current timestep 48
num of flexible agents: 11
num of flexible tasks: 19
Solving time: 0.0007333 seconds
plan limit 979
current timestep 49
num of flexible agents: 12
num of flexible tasks: 19
Solving time: 0.0004249 seconds
plan limit 980
current timestep 50
num of flexible agents: 11
num of flexible tasks: 19
Solving time: 0.0003972 seconds
plan limit 980
current timestep 51
num of flexible agents: 14
num of flexible tasks: 21
Solving time: 0.0003947 seconds
plan limit 980
current timestep 52
num of flexible agents: 13
num of flexible tasks: 21
Solving time: 0.0004605 seconds
plan limit 980
current timestep 53
num of flexible agents: 12
num of flexible tasks: 20
Solving time: 0.0003908 seconds
plan limit 980
current timestep 54
num of flexible agents: 12
num of flexible tasks: 20
Solving time: 0.0003609 seconds
plan limit 980
current timestep 55
num of flexible agents: 14
num of flexible tasks: 22
Solving time: 0.0004512 seconds
plan limit 980
current timestep 56
num of flexible agents: 15
num of flexible tasks: 23
Solving time: 0.0003434 seconds
plan limit 980
current timestep 57
num of flexible agents: 12
num of flexible tasks: 22
Solving time: 0.0004226 seconds
plan limit 980
current timestep 58
num of flexible agents: 11
num of flexible tasks: 22
Solving time: 0.0003581 seconds
plan limit 980
current timestep 59
num of flexible agents: 9
num of flexible tasks: 21
Solving time: 0.0003815 seconds
plan limit 980
current timestep 60
num of flexible agents: 12
num of flexible tasks: 20
Solving time: 0.0004141 seconds
plan limit 980
current timestep 61
num of flexible agents: 14
num of flexible tasks: 21
Solving time: 0.000537 seconds
plan limit 980
current timestep 62
num of flexible agents: 13
num of flexible tasks: 22
Solving time: 0.0004438 seconds
plan limit 980
current timestep 63
num of flexible agents: 14
num of flexible tasks: 22
Solving time: 0.0004375 seconds
plan limit 980
current timestep 64
num of flexible agents: 15
num of flexible tasks: 23
Solving time: 0.0006581 seconds
plan limit 980
current timestep 65
num of flexible agents: 15
num of flexible tasks: 22
Solving time: 0.0004688 seconds
plan limit 980
current timestep 66
num of flexible agents: 14
num of flexible tasks: 23
Solving time: 0.0005771 seconds
plan limit 980
current timestep 67
num of flexible agents: 16
num of flexible tasks: 25
Solving time: 0.0005327 seconds
plan limit 980
current timestep 68
num of flexible agents: 16
num of flexible tasks: 25
Solving time: 0.0005011 seconds
plan limit 980
current timestep 69
num of flexible agents: 13
num of flexible tasks: 24
Solving time: 0.0004865 seconds
plan limit 980
current timestep 70
num of flexible agents: 14
num of flexible tasks: 26
Solving time: 0.0003692 seconds
plan limit 980
current timestep 71
num of flexible agents: 13
num of flexible tasks: 27
Solving time: 0.0004381 seconds
plan limit 980
current timestep 72
num of flexible agents: 11
num of flexible tasks: 27
Solving time: 0.0003676 seconds
plan limit 980
current timestep 73
num of flexible agents: 12
num of flexible tasks: 28
Solving time: 0.0003529 seconds
plan limit 980
current timestep 74
num of flexible agents: 10
num of flexible tasks: 27
Solving time: 0.0003928 seconds
plan limit 980
current timestep 75
num of flexible agents: 10
num of flexible tasks: 26
Solving time: 0.0006352 seconds
plan limit 980
current timestep 76
num of flexible agents: 8
num of flexible tasks: 25
Solving time: 0.0005067 seconds
plan limit 979
current timestep 77
num of flexible agents: 14
num of flexible tasks: 27
Solving time: 0.0006449 seconds
plan limit 980
current timestep 78
num of flexible agents: 13
num of flexible tasks: 26
Solving time: 0.0004094 seconds
plan limit 980
current timestep 79
num of flexible agents: 12
num of flexible tasks: 26
Solving time: 0.0003912 seconds
plan limit 980
current timestep 80
num of flexible agents: 14
num of flexible tasks: 27
Solving time: 0.0004586 seconds
plan limit 980
current timestep 81
num of flexible agents: 14
num of flexible tasks: 28
Solving time: 0.0004249 seconds
plan limit 980
current timestep 82
num of flexible agents: 11
num of flexible tasks: 25
Solving time: 0.0003525 seconds
plan limit 980
current timestep 83
num of flexible agents: 10
num of flexible tasks: 25
Solving time: 0.0003499 seconds
plan limit 980
current timestep 84
num of flexible agents: 10
num of flexible tasks: 25
Solving time: 0.0003926 seconds
plan limit 980
current timestep 85
num of flexible agents: 12
num of flexible tasks: 26
Solving time: 0.0003624 seconds
plan limit 980
current timestep 86
num of flexible agents: 11
num of flexible tasks: 25
Solving time: 0.0004152 seconds
plan limit 980
current timestep 87
num of flexible agents: 10
num of flexible tasks: 24
Solving time: 0.0003557 seconds
plan limit 980
current timestep 88
num of flexible agents: 11
num of flexible tasks: 25
Solving time: 0.0003672 seconds
plan limit 980
current timestep 89
num of flexible agents: 12
num of flexible tasks: 27
Solving time: 0.0004137 seconds
plan limit 980
current timestep 90
num of flexible agents: 10
num of flexible tasks: 26
Solving time: 0.0004117 seconds
plan limit 980
current timestep 91
num of flexible agents: 9
num of flexible tasks: 26
Solving time: 0.000403 seconds
plan limit 980
current timestep 92
num of flexible agents: 12
num of flexible tasks: 27
Solving time: 0.0003588 seconds
plan limit 980
current timestep 93
num of flexible agents: 12
num of flexible tasks: 27
Solving time: 0.0004149 seconds
plan limit 980
current timestep 94
num of flexible agents: 14
num of flexible tasks: 27
Solving time: 0.0004692 seconds
plan limit 980
current timestep 95
num of flexible agents: 11
num of flexible tasks: 24
Solving time: 0.0005409 seconds
plan limit 980
current timestep 96
num of flexible agents: 12
num of flexible tasks: 25
Solving time: 0.0003681 seconds
plan limit 980
current timestep 97
num of flexible agents: 9
num of flexible tasks: 23
Solving time: 0.000403 seconds
plan limit 980
current timestep 98
num of flexible agents: 10
num of flexible tasks: 23
Solving time: 0.0003927 seconds
plan limit 980
current timestep 99
num of flexible agents: 10
num of flexible tasks: 25
Solving time: 0.0007652 seconds
plan limit 979
current timestep 100
num of flexible agents: 11
num of flexible tasks: 26
Solving time: 0.0003879 seconds
plan limit 980
current timestep 101
num of flexible agents: 12
num of flexible tasks: 28
Solving time: 0.0003381 seconds
plan limit 980
current timestep 102
num of flexible agents: 12
num of flexible tasks: 28
Solving time: 0.0004207 seconds
plan limit 980
current timestep 103
num of flexible agents: 13
num of flexible tasks: 29
Solving time: 0.0003356 seconds
plan limit 980
current timestep 104
num of flexible agents: 12
num of flexible tasks: 30
Solving time: 0.0004123 seconds
plan limit 980
current timestep 105
num of flexible agents: 8
num of flexible tasks: 27
Solving time: 0.0003054 seconds
plan limit 980
current timestep 106
num of flexible agents: 6
num of flexible tasks: 26
Solving time: 0.0003588 seconds
plan limit 980
current timestep 107
num of flexible agents: 6
num of flexible tasks: 26
Solving time: 0.0003505 seconds
plan limit 980
current timestep 108
num of flexible agents: 7
num of flexible tasks: 28
Solving time: 0.0003397 seconds
plan limit 980
current timestep 109
num of flexible agents: 9
num of flexible tasks: 28
Solving time: 0.0005193 seconds
plan limit 980
current timestep 110
num of flexible agents: 9
num of flexible tasks: 28
Solving time: 0.000334 seconds
plan limit 980
current timestep 111
num of flexible agents: 10
num of flexible tasks: 29
Solving time: 0.0005045 seconds
plan limit 980
current timestep 112
num of flexible agents: 10
num of flexible tasks: 29
Solving time: 0.0003973 seconds
plan limit 980
current timestep 113
num of flexible agents: 12
num of flexible tasks: 31
Solving time: 0.0007491 seconds
plan limit 979
current timestep 114
num of flexible agents: 13
num of flexible tasks: 32
Solving time: 0.0004081 seconds
plan limit 980
current timestep 115
num of flexible agents: 14
num of flexible tasks: 32
Solving time: 0.0003518 seconds
plan limit 980
current timestep 116
num of flexible agents: 12
num of flexible tasks: 31
Solving time: 0.0003694 seconds
plan limit 980
current timestep 117
num of flexible agents: 11
num of flexible tasks: 31
Solving time: 0.000326 seconds
plan limit 980
current timestep 118
num of flexible agents: 9
num of flexible tasks: 30
Solving time: 0.0005376 seconds
plan limit 980
current timestep 119
num of flexible agents: 11
num of flexible tasks: 32
Solving time: 0.0003501 seconds
plan limit 980
current timestep 120
num of flexible agents: 8
num of flexible tasks: 30
Solving time: 0.000354 seconds
plan limit 980
current timestep 121
num of flexible agents: 7
num of flexible tasks: 29
Solving time: 0.0003541 seconds
plan limit 980
current timestep 122
num of flexible agents: 11
num of flexible tasks: 31
Solving time: 0.0004105 seconds
plan limit 980
current timestep 123
num of flexible agents: 8
num of flexible tasks: 30
Solving time: 0.0004666 seconds
plan limit 980
current timestep 124
num of flexible agents: 9
num of flexible tasks: 32
Solving time: 0.0003414 seconds
plan limit 980
current timestep 125
num of flexible agents: 10
num of flexible tasks: 32
Solving time: 0.0004078 seconds
plan limit 980
current timestep 126
num of flexible agents: 9
num of flexible tasks: 31
Solving time: 0.0003254 seconds
plan limit 980
current timestep 127
num of flexible agents: 9
num of flexible tasks: 32
Solving time: 0.0004127 seconds
plan limit 980
current timestep 128
num of flexible agents: 10
num of flexible tasks: 33
Solving time: 0.0003845 seconds
plan limit 980
current timestep 129
num of flexible agents: 12
num of flexible tasks: 35
Solving time: 0.0004743 seconds
plan limit 980
current timestep 130
num of flexible agents: 13
num of flexible tasks: 36
Solving time: 0.000374 seconds
plan limit 980
current timestep 131
num of flexible agents: 10
num of flexible tasks: 34
Solving time: 0.000421 seconds
plan limit 980
current timestep 132
num of flexible agents: 14
num of flexible tasks: 35
Solving time: 0.0003904 seconds
plan limit 980
current timestep 133
num of flexible agents: 14
num of flexible tasks: 37
Solving time: 0.0003921 seconds
plan limit 980
current timestep 134
num of flexible agents: 12
num of flexible tasks: 34
Solving time: 0.0005079 seconds
plan limit 980
current timestep 135
num of flexible agents: 13
num of flexible tasks: 34
Solving time: 0.0003645 seconds
plan limit 980
current timestep 136
num of flexible agents: 11
num of flexible tasks: 33
Solving time: 0.000344 seconds
plan limit 980
current timestep 137
num of flexible agents: 10
num of flexible tasks: 33
Solving time: 0.0004397 seconds
plan limit 980
current timestep 138
num of flexible agents: 11
num of flexible tasks: 34
Solving time: 0.0004961 seconds
plan limit 980
current timestep 139
num of flexible agents: 10
num of flexible tasks: 34
Solving time: 0.0003667 seconds
plan limit 980
current timestep 140
num of flexible agents: 8
num of flexible tasks: 33
Solving time: 0.000341 seconds
plan limit 980
current timestep 141
num of flexible agents: 6
num of flexible tasks: 33
Solving time: 0.0003369 seconds
plan limit 980
current timestep 142
num of flexible agents: 10
num of flexible tasks: 35
Solving time: 0.0003717 seconds
plan limit 980
current timestep 143
num of flexible agents: 10
num of flexible tasks: 35
Solving time: 0.000359 seconds
plan limit 980
current timestep 144
num of flexible agents: 9
num of flexible tasks: 34
Solving time: 0.0005673 seconds
plan limit 980
current timestep 145
num of flexible agents: 7
num of flexible tasks: 32
Solving time: 0.0004881 seconds
plan limit 980
current timestep 146
num of flexible agents: 8
num of flexible tasks: 33
Solving time: 0.0005348 seconds
plan limit 958
current timestep 147
num of flexible agents: 8
num of flexible tasks: 34
Solving time: 0.0003144 seconds
plan limit 980
current timestep 148
num of flexible agents: 10
num of flexible tasks: 36
Solving time: 0.0003196 seconds
plan limit 980
current timestep 149
num of flexible agents: 10
num of flexible tasks: 37
Solving time: 0.0003426 seconds
plan limit 980
current timestep 150
num of flexible agents: 6
num of flexible tasks: 34
Solving time: 0.0003 seconds
plan limit 980
current timestep 151
num of flexible agents: 6
num of flexible tasks: 36
Solving time: 0.0003756 seconds
plan limit 980
current timestep 152
num of flexible agents: 7
num of flexible tasks: 37
Solving time: 0.0004845 seconds
plan limit 980
current timestep 153
num of flexible agents: 7
num of flexible tasks: 37
Solving time: 0.0003595 seconds
plan limit 980
current timestep 154
num of flexible agents: 6
num of flexible tasks: 36
Solving time: 0.0004785 seconds
plan limit 980
current timestep 155
num of flexible agents: 10
num of flexible tasks: 38
Solving time: 0.0003202 seconds
plan limit 980
current timestep 156
num of flexible agents: 10
num of flexible tasks: 37
Solving time: 0.000341 seconds
plan limit 980
current timestep 157
num of flexible agents: 10
num of flexible tasks: 36
Solving time: 0.0003416 seconds
plan limit 980
current timestep 158
num of flexible agents: 8
num of flexible tasks: 34
Solving time: 0.0003287 seconds
plan limit 980
current timestep 159
num of flexible agents: 9
num of flexible tasks: 32
Solving time: 0.0004083 seconds
plan limit 980
current timestep 160
num of flexible agents: 10
num of flexible tasks: 33
Solving time: 0.0003538 seconds
plan limit 980
current timestep 161
num of flexible agents: 10
num of flexible tasks: 33
Solving time: 0.0003341 seconds
plan limit 980
current timestep 162
num of flexible agents: 12
num of flexible tasks: 34
Solving time: 0.0003385 seconds
plan limit 980
current timestep 163
num of flexible agents: 12
num of flexible tasks: 35
Solving time: 0.0003711 seconds
plan limit 980
current timestep 164
num of flexible agents: 14
num of flexible tasks: 36
Solving time: 0.000341 seconds
plan limit 980
current timestep 165
num of flexible agents: 13
num of flexible tasks: 37
Solving time: 0.0003655 seconds
plan limit 980
current timestep 166
num of flexible agents: 9
num of flexible tasks: 35
Solving time: 0.0003211 seconds
plan limit 980
current timestep 167
num of flexible agents: 8
num of flexible tasks: 36
Solving time: 0.0003705 seconds
plan limit 980
current timestep 168
num of flexible agents: 6
num of flexible tasks: 35
Solving time: 0.0003584 seconds
plan limit 980
current timestep 169
num of flexible agents: 6
num of flexible tasks: 37
Solving time: 0.0003089 seconds
plan limit 980
current timestep 170
num of flexible agents: 10
num of flexible tasks: 39
Solving time: 0.0003569 seconds
plan limit 980
current timestep 171
num of flexible agents: 12
num of flexible tasks: 40
Solving time: 0.0003205 seconds
plan limit 980
current timestep 172
num of flexible agents: 13
num of flexible tasks: 40
Solving time: 0.0004887 seconds
plan limit 980
current timestep 173
num of flexible agents: 8
num of flexible tasks: 37
Solving time: 0.0003104 seconds
plan limit 980
current timestep 174
num of flexible agents: 5
num of flexible tasks: 36
Solving time: 0.0003558 seconds
plan limit 980
current timestep 175
num of flexible agents: 4
num of flexible tasks: 36
Solving time: 0.0002844 seconds
plan limit 980
current timestep 176
num of flexible agents: 7
num of flexible tasks: 37
Solving time: 0.0003393 seconds
plan limit 980
current timestep 177
num of flexible agents: 5
num of flexible tasks: 36
Solving time: 0.0003369 seconds
plan limit 980
current timestep 178
num of flexible agents: 8
num of flexible tasks: 37
Solving time: 0.0003684 seconds
plan limit 980
current timestep 179
num of flexible agents: 12
num of flexible tasks: 36
Solving time: 0.0003673 seconds
plan limit 980
current timestep 180
num of flexible agents: 13
num of flexible tasks: 36
Solving time: 0.0003993 seconds
plan limit 980
current timestep 181
num of flexible agents: 16
num of flexible tasks: 38
Solving time: 0.0003764 seconds
plan limit 980
current timestep 182
num of flexible agents: 17
num of flexible tasks: 38
Solving time: 0.00034 seconds
plan limit 980
current timestep 183
num of flexible agents: 15
num of flexible tasks: 38
Solving time: 0.0005015 seconds
plan limit 980
current timestep 184
num of flexible agents: 11
num of flexible tasks: 36
Solving time: 0.0002954 seconds
plan limit 980
current timestep 185
num of flexible agents: 7
num of flexible tasks: 33
Solving time: 0.000297 seconds
plan limit 980
current timestep 186
num of flexible agents: 10
num of flexible tasks: 35
Solving time: 0.0002999 seconds
plan limit 980
current timestep 187
num of flexible agents: 10
num of flexible tasks: 34
Solving time: 0.0002863 seconds
plan limit 980
current timestep 188
num of flexible agents: 6
num of flexible tasks: 32
Solving time: 0.0003844 seconds
plan limit 980
current timestep 189
num of flexible agents: 6
num of flexible tasks: 33
Solving time: 0.000286 seconds
plan limit 980
current timestep 190
num of flexible agents: 6
num of flexible tasks: 34
Solving time: 0.0003975 seconds
plan limit 980
current timestep 191
num of flexible agents: 6
num of flexible tasks: 33
Solving time: 0.0002814 seconds
plan limit 980
current timestep 192
num of flexible agents: 8
num of flexible tasks: 35
Solving time: 0.0003656 seconds
plan limit 980
current timestep 193
num of flexible agents: 10
num of flexible tasks: 36
Solving time: 0.0004185 seconds
plan limit 980
current timestep 194
num of flexible agents: 8
num of flexible tasks: 33
Solving time: 0.0002612 seconds
plan limit 980
current timestep 195
num of flexible agents: 7
num of flexible tasks: 33
Solving time: 0.0004158 seconds
plan limit 980
current timestep 196
num of flexible agents: 9
num of flexible tasks: 34
Solving time: 0.0003802 seconds
plan limit 980
current timestep 197
num of flexible agents: 8
num of flexible tasks: 33
Solving time: 0.0003605 seconds
plan limit 980
current timestep 198
num of flexible agents: 10
num of flexible tasks: 35
Solving time: 0.0002969 seconds
plan limit 980
current timestep 199
num of flexible agents: 10
num of flexible tasks: 36
Solving time: 0.0004046 seconds
plan limit 980
current timestep 200
num of flexible agents: 9
num of flexible tasks: 37
Solving time: 0.0004167 seconds
plan limit 980
current timestep 201
num of flexible agents: 6
num of flexible tasks: 36
Solving time: 0.0002753 seconds
plan limit 980
current timestep 202
num of flexible agents: 10
num of flexible tasks: 36
Solving time: 0.0005699 seconds
plan limit 980
current timestep 203
num of flexible agents: 11
num of flexible tasks: 36
Solving time: 0.0002973 seconds
plan limit 980
current timestep 204
num of flexible agents: 8
num of flexible tasks: 34
Solving time: 0.0004029 seconds
plan limit 980
current timestep 205
num of flexible agents: 12
num of flexible tasks: 36
Solving time: 0.0003294 seconds
plan limit 980
current timestep 206
num of flexible agents: 11
num of flexible tasks: 36
Solving time: 0.0003234 seconds
plan limit 980
current timestep 207
num of flexible agents: 14
num of flexible tasks: 38
Solving time: 0.0005735 seconds
plan limit 980
current timestep 208
num of flexible agents: 12
num of flexible tasks: 37
Solving time: 0.0005303 seconds
plan limit 980
current timestep 209
num of flexible agents: 11
num of flexible tasks: 36
Solving time: 0.0002893 seconds
plan limit 980
current timestep 210
num of flexible agents: 9
num of flexible tasks: 36
Solving time: 0.0002741 seconds
plan limit 980
current timestep 211
num of flexible agents: 8
num of flexible tasks: 36
Solving time: 0.0003115 seconds
plan limit 980
current timestep 212
num of flexible agents: 7
num of flexible tasks: 36
Solving time: 0.0008359 seconds
plan limit 976
current timestep 213
num of flexible agents: 9
num of flexible tasks: 37
Solving time: 0.0003743 seconds
plan limit 980
current timestep 214
num of flexible agents: 13
num of flexible tasks: 39
Solving time: 0.0005216 seconds
plan limit 980
current timestep 215
num of flexible agents: 11
num of flexible tasks: 37
Solving time: 0.0005841 seconds
plan limit 980
current timestep 216
num of flexible agents: 9
num of flexible tasks: 36
Solving time: 0.0003866 seconds
plan limit 980
current timestep 217
num of flexible agents: 4
num of flexible tasks: 32
Solving time: 0.0004214 seconds
plan limit 980
current timestep 218
num of flexible agents: 3
num of flexible tasks: 32
Solving time: 0.0013299 seconds
plan limit 979
current timestep 219
num of flexible agents: 5
num of flexible tasks: 34
Solving time: 0.0003415 seconds
plan limit 980
current timestep 220
num of flexible agents: 7
num of flexible tasks: 36
Solving time: 0.0005452 seconds
plan limit 980
current timestep 221
num of flexible agents: 8
num of flexible tasks: 37
Solving time: 0.0002767 seconds
plan limit 980
current timestep 222
num of flexible agents: 8
num of flexible tasks: 38
Solving time: 0.0003002 seconds
plan limit 980
current timestep 223
num of flexible agents: 8
num of flexible tasks: 38
Solving time: 0.0002667 seconds
plan limit 980
current timestep 224
num of flexible agents: 7
num of flexible tasks: 37
Solving time: 0.0002963 seconds
plan limit 980
current timestep 225
num of flexible agents: 9
num of flexible tasks: 38
Solving time: 0.0003231 seconds
plan limit 980
current timestep 226
num of flexible agents: 10
num of flexible tasks: 39
Solving time: 0.000333 seconds
plan limit 980
current timestep 227
num of flexible agents: 10
num of flexible tasks: 39
Solving time: 0.0003312 seconds
plan limit 980
current timestep 228
num of flexible agents: 9
num of flexible tasks: 38
Solving time: 0.0002976 seconds
plan limit 980
current timestep 229
num of flexible agents: 8
num of flexible tasks: 37
Solving time: 0.0002838 seconds
plan limit 980
current timestep 230
num of flexible agents: 9
num of flexible tasks: 38
Solving time: 0.0003307 seconds
plan limit 980
current timestep 231
num of flexible agents: 9
num of flexible tasks: 38
Solving time: 0.0003225 seconds
plan limit 980
current timestep 232
num of flexible agents: 8
num of flexible tasks: 37
Solving time: 0.000548 seconds
plan limit 980
current timestep 233
num of flexible agents: 7
num of flexible tasks: 38
Solving time: 0.0003065 seconds
plan limit 980
current timestep 234
num of flexible agents: 10
num of flexible tasks: 37
Solving time: 0.0003064 seconds
plan limit 980
current timestep 235
num of flexible agents: 9
num of flexible tasks: 38
Solving time: 0.0003305 seconds
plan limit 980
current timestep 236
num of flexible agents: 9
num of flexible tasks: 39
Solving time: 0.0002627 seconds
plan limit 980
current timestep 237
num of flexible agents: 9
num of flexible tasks: 38
Solving time: 0.0003207 seconds
plan limit 980
current timestep 238
num of flexible agents: 10
num of flexible tasks: 38
Solving time: 0.0003577 seconds
plan limit 980
current timestep 239
num of flexible agents: 12
num of flexible tasks: 36
Solving time: 0.0003049 seconds
plan limit 980
current timestep 240
num of flexible agents: 12
num of flexible tasks: 36
Solving time: 0.000336 seconds
plan limit 980
current timestep 241
num of flexible agents: 11
num of flexible tasks: 36
Solving time: 0.0002928 seconds
plan limit 980
current timestep 242
num of flexible agents: 11
num of flexible tasks: 35
Solving time: 0.0002957 seconds
plan limit 980
current timestep 243
num of flexible agents: 7
num of flexible tasks: 32
Solving time: 0.0003178 seconds
plan limit 980
current timestep 244
num of flexible agents: 7
num of flexible tasks: 33
Solving time: 0.000308 seconds
plan limit 980
current timestep 245
num of flexible agents: 8
num of flexible tasks: 31
Solving time: 0.0002882 seconds
plan limit 980
current timestep 246
num of flexible agents: 7
num of flexible tasks: 30
Solving time: 0.0004736 seconds
plan limit 980
current timestep 247
num of flexible agents: 7
num of flexible tasks: 31
Solving time: 0.0003473 seconds
plan limit 980
current timestep 248
num of flexible agents: 10
num of flexible tasks: 33
Solving time: 0.0007187 seconds
plan limit 979
current timestep 249
num of flexible agents: 13
num of flexible tasks: 34
Solving time: 0.0003555 seconds
plan limit 980
current timestep 250
num of flexible agents: 13
num of flexible tasks: 33
Solving time: 0.0003505 seconds
plan limit 980
current timestep 251
num of flexible agents: 12
num of flexible tasks: 32
Solving time: 0.0004829 seconds
plan limit 980
current timestep 252
num of flexible agents: 11
num of flexible tasks: 30
Solving time: 0.001333 seconds
plan limit 979
current timestep 253
num of flexible agents: 11
num of flexible tasks: 29
Solving time: 0.0008587 seconds
plan limit 979
current timestep 254
num of flexible agents: 11
num of flexible tasks: 27
Solving time: 0.0005247 seconds
plan limit 980
current timestep 255
num of flexible agents: 10
num of flexible tasks: 24
Solving time: 0.0003425 seconds
plan limit 980
current timestep 256
num of flexible agents: 9
num of flexible tasks: 20
Solving time: 0.0003149 seconds
plan limit 980
current timestep 257
num of flexible agents: 8
num of flexible tasks: 18
Solving time: 0.0004432 seconds
plan limit 980
current timestep 258
num of flexible agents: 9
num of flexible tasks: 18
Solving time: 0.0003131 seconds
plan limit 980
current timestep 259
num of flexible agents: 11
num of flexible tasks: 16
Solving time: 0.0003464 seconds
plan limit 980
current timestep 260
num of flexible agents: 12
num of flexible tasks: 16
Solving time: 0.000463 seconds
plan limit 980
current timestep 261
num of flexible agents: 12
num of flexible tasks: 13
Solving time: 0.0004317 seconds
plan limit 980
current timestep 262
num of flexible agents: 12
num of flexible tasks: 12
Solving time: 0.0004919 seconds
plan limit 980
current timestep 263
num of flexible agents: 14
num of flexible tasks: 12
Solving time: 0.0004881 seconds
plan limit 980
current timestep 264
num of flexible agents: 16
num of flexible tasks: 10
Solving time: 0.0003306 seconds
plan limit 980
current timestep 265
num of flexible agents: 14
num of flexible tasks: 6
Solving time: 0.0009296 seconds
plan limit 979
current timestep 266
num of flexible agents: 17
num of flexible tasks: 6
Solving time: 0.0004103 seconds
plan limit 980
current timestep 267
num of flexible agents: 17
num of flexible tasks: 6
Solving time: 0.0003845 seconds
plan limit 980
current timestep 268
num of flexible agents: 20
num of flexible tasks: 6
Solving time: 0.0002542 seconds
plan limit 980
current timestep 269
num of flexible agents: 20
num of flexible tasks: 5
Solving time: 0.0002585 seconds
plan limit 980
current timestep 270
num of flexible agents: 21
num of flexible tasks: 4
Solving time: 0.00024 seconds
plan limit 980
current timestep 271
num of flexible agents: 21
num of flexible tasks: 4
Solving time: 0.0002538 seconds
plan limit 980
current timestep 272
num of flexible agents: 21
num of flexible tasks: 3
Solving time: 0.0011683 seconds
plan limit 979
current timestep 273
num of flexible agents: 23
num of flexible tasks: 3
Solving time: 0.0003685 seconds
plan limit 980
current timestep 274
num of flexible agents: 26
num of flexible tasks: 3
Solving time: 0.0006291 seconds
plan limit 975
current timestep 275
num of flexible agents: 24
num of flexible tasks: 1
Solving time: 0.000885 seconds
plan limit 979
current timestep 276
num of flexible agents: 26
num of flexible tasks: 1
Solving time: 0.0003638 seconds
plan limit 980
current timestep 277
num of flexible agents: 29
num of flexible tasks: 1
Solving time: 0.0002173 seconds
plan limit 980
current timestep 278
num of flexible agents: 31
num of flexible tasks: 1
Solving time: 0.0002694 seconds
plan limit 980
current timestep 279
num of flexible agents: 32
num of flexible tasks: 0
Solving time: 0.0002896 seconds
plan limit 979
current timestep 280
num of flexible agents: 34
num of flexible tasks: 0
Solving time: 0.0006298 seconds
plan limit 979
current timestep 281
num of flexible agents: 37
num of flexible tasks: 0
Solving time: 0.0003718 seconds
plan limit 980
current timestep 282
num of flexible agents: 37
num of flexible tasks: 0
Solving time: 0.0004143 seconds
plan limit 979
current timestep 283
num of flexible agents: 37
num of flexible tasks: 0
Solving time: 0.0003143 seconds
plan limit 980
current timestep 284
num of flexible agents: 37
num of flexible tasks: 0
Solving time: 0.000265 seconds
plan limit 980
current timestep 285
num of flexible agents: 38
num of flexible tasks: 0
Solving time: 0.0002063 seconds
plan limit 980
current timestep 286
num of flexible agents: 38
num of flexible tasks: 0
Solving time: 0.0002403 seconds
plan limit 980
current timestep 287
num of flexible agents: 40
num of flexible tasks: 0
Solving time: 0.0001759 seconds
plan limit 980
current timestep 288
num of flexible agents: 40
num of flexible tasks: 0
Solving time: 0.0001757 seconds
plan limit 980
current timestep 289
num of flexible agents: 40
num of flexible tasks: 0
Solving time: 0.0001872 seconds
plan limit 980
current timestep 290
num of flexible agents: 40
num of flexible tasks: 0
Solving time: 0.0002035 seconds
plan limit 980
current timestep 291
num of flexible agents: 40
num of flexible tasks: 0
Solving time: 0.0002073 seconds
plan limit 980
current timestep 292
num of flexible agents: 40
num of flexible tasks: 0
Solving time: 0.0002095 seconds
plan limit 980
current timestep 293
num of flexible agents: 41
num of flexible tasks: 0
Solving time: 0.0001982 seconds
plan limit 980
current timestep 294
num of flexible agents: 43
num of flexible tasks: 0
Solving time: 0.0002067 seconds
plan limit 980
current timestep 295
num of flexible agents: 44
num of flexible tasks: 0
Solving time: 0.0002102 seconds
plan limit 980
current timestep 296
num of flexible agents: 44
num of flexible tasks: 0
Solving time: 0.0002028 seconds
plan limit 980
current timestep 297
num of flexible agents: 46
num of flexible tasks: 0
Solving time: 0.0002088 seconds
plan limit 980
current timestep 298
num of flexible agents: 47
num of flexible tasks: 0
Solving time: 0.0002304 seconds
plan limit 980
current timestep 299
num of flexible agents: 48
num of flexible tasks: 0
Solving time: 0.0001758 seconds
plan limit 980
current timestep 300
num of flexible agents: 48
num of flexible tasks: 0
Solving time: 0.0002504 seconds
plan limit 980
current timestep 301
num of flexible agents: 48
num of flexible tasks: 0
Solving time: 0.0001894 seconds
plan limit 980
current timestep 302
num of flexible agents: 49
num of flexible tasks: 0
Solving time: 0.0001733 seconds
plan limit 980
current timestep 303
num of flexible agents: 49
num of flexible tasks: 0
Solving time: 0.0002272 seconds
plan limit 980
current timestep 304
num of flexible agents: 49
num of flexible tasks: 0
Solving time: 0.0002098 seconds
plan limit 980
current timestep 305
num of flexible agents: 49
num of flexible tasks: 0
Solving time: 0.0003021 seconds
plan limit 979
