current timestep 0
num of flexible agents: 100
num of flexible tasks: 2
Solving time: 0.0003446 seconds
plan limit 980
current timestep 1
num of flexible agents: 98
num of flexible tasks: 2
Solving time: 0.0007636 seconds
plan limit 979
current timestep 2
num of flexible agents: 97
num of flexible tasks: 3
Solving time: 0.0003428 seconds
plan limit 980
current timestep 3
num of flexible agents: 96
num of flexible tasks: 4
Solving time: 0.0003612 seconds
plan limit 980
current timestep 4
num of flexible agents: 95
num of flexible tasks: 5
Solving time: 0.0004598 seconds
plan limit 980
current timestep 5
num of flexible agents: 93
num of flexible tasks: 5
Solving time: 0.0003834 seconds
plan limit 980
current timestep 6
num of flexible agents: 92
num of flexible tasks: 6
Solving time: 0.0003671 seconds
plan limit 980
current timestep 7
num of flexible agents: 92
num of flexible tasks: 8
Solving time: 0.0003707 seconds
plan limit 980
current timestep 8
num of flexible agents: 89
num of flexible tasks: 7
Solving time: 0.0004446 seconds
plan limit 980
current timestep 9
num of flexible agents: 88
num of flexible tasks: 8
Solving time: 0.000622 seconds
plan limit 980
current timestep 10
num of flexible agents: 88
num of flexible tasks: 10
Solving time: 0.0004664 seconds
plan limit 980
current timestep 11
num of flexible agents: 87
num of flexible tasks: 11
Solving time: 0.0004637 seconds
plan limit 980
current timestep 12
num of flexible agents: 88
num of flexible tasks: 13
Solving time: 0.0004943 seconds
plan limit 980
current timestep 13
num of flexible agents: 84
num of flexible tasks: 11
Solving time: 0.0004608 seconds
plan limit 980
current timestep 14
num of flexible agents: 83
num of flexible tasks: 11
Solving time: 0.0004319 seconds
plan limit 980
current timestep 15
num of flexible agents: 82
num of flexible tasks: 11
Solving time: 0.0006243 seconds
plan limit 979
current timestep 16
num of flexible agents: 80
num of flexible tasks: 11
Solving time: 0.000434 seconds
plan limit 980
current timestep 17
num of flexible agents: 76
num of flexible tasks: 9
Solving time: 0.0003927 seconds
plan limit 980
current timestep 18
num of flexible agents: 75
num of flexible tasks: 10
Solving time: 0.000429 seconds
plan limit 980
current timestep 19
num of flexible agents: 74
num of flexible tasks: 10
Solving time: 0.0004439 seconds
plan limit 980
current timestep 20
num of flexible agents: 70
num of flexible tasks: 8
Solving time: 0.0004088 seconds
plan limit 980
current timestep 21
num of flexible agents: 69
num of flexible tasks: 9
Solving time: 0.0003847 seconds
plan limit 980
current timestep 22
num of flexible agents: 67
num of flexible tasks: 8
Solving time: 0.0003664 seconds
plan limit 980
current timestep 23
num of flexible agents: 65
num of flexible tasks: 8
Solving time: 0.0004298 seconds
plan limit 980
current timestep 24
num of flexible agents: 65
num of flexible tasks: 7
Solving time: 0.0003887 seconds
plan limit 980
current timestep 25
num of flexible agents: 64
num of flexible tasks: 8
Solving time: 0.0003792 seconds
plan limit 980
current timestep 26
num of flexible agents: 66
num of flexible tasks: 9
Solving time: 0.0004336 seconds
plan limit 980
current timestep 27
num of flexible agents: 66
num of flexible tasks: 9
Solving time: 0.0003876 seconds
plan limit 980
current timestep 28
num of flexible agents: 64
num of flexible tasks: 8
Solving time: 0.0004057 seconds
plan limit 980
current timestep 29
num of flexible agents: 64
num of flexible tasks: 10
Solving time: 0.0007161 seconds
plan limit 979
current timestep 30
num of flexible agents: 63
num of flexible tasks: 9
Solving time: 0.0003714 seconds
plan limit 980
current timestep 31
num of flexible agents: 63
num of flexible tasks: 9
Solving time: 0.0004229 seconds
plan limit 980
current timestep 32
num of flexible agents: 63
num of flexible tasks: 8
Solving time: 0.0003704 seconds
plan limit 980
current timestep 33
num of flexible agents: 62
num of flexible tasks: 8
Solving time: 0.0006889 seconds
plan limit 979
current timestep 34
num of flexible agents: 61
num of flexible tasks: 8
Solving time: 0.000379 seconds
plan limit 980
current timestep 35
num of flexible agents: 63
num of flexible tasks: 10
Solving time: 0.0005446 seconds
plan limit 980
current timestep 36
num of flexible agents: 64
num of flexible tasks: 12
Solving time: 0.0003926 seconds
plan limit 980
current timestep 37
num of flexible agents: 63
num of flexible tasks: 12
Solving time: 0.0003614 seconds
plan limit 980
current timestep 38
num of flexible agents: 61
num of flexible tasks: 10
Solving time: 0.0005129 seconds
plan limit 980
current timestep 39
num of flexible agents: 59
num of flexible tasks: 10
Solving time: 0.0003835 seconds
plan limit 980
current timestep 40
num of flexible agents: 57
num of flexible tasks: 10
Solving time: 0.0003929 seconds
plan limit 980
current timestep 41
num of flexible agents: 58
num of flexible tasks: 11
Solving time: 0.0003764 seconds
plan limit 980
current timestep 42
num of flexible agents: 57
num of flexible tasks: 10
Solving time: 0.0003594 seconds
plan limit 980
current timestep 43
num of flexible agents: 58
num of flexible tasks: 11
Solving time: 0.0004029 seconds
plan limit 980
current timestep 44
num of flexible agents: 59
num of flexible tasks: 11
Solving time: 0.0004137 seconds
plan limit 980
current timestep 45
num of flexible agents: 58
num of flexible tasks: 9
Solving time: 0.0004231 seconds
plan limit 980
current timestep 46
num of flexible agents: 58
num of flexible tasks: 8
Solving time: 0.0003455 seconds
plan limit 980
current timestep 47
num of flexible agents: 59
num of flexible tasks: 8
Solving time: 0.0003802 seconds
plan limit 980
current timestep 48
num of flexible agents: 60
num of flexible tasks: 9
Solving time: 0.0003756 seconds
plan limit 980
current timestep 49
num of flexible agents: 58
num of flexible tasks: 9
Solving time: 0.0003967 seconds
plan limit 980
current timestep 50
num of flexible agents: 59
num of flexible tasks: 9
Solving time: 0.0004022 seconds
plan limit 980
current timestep 51
num of flexible agents: 59
num of flexible tasks: 10
Solving time: 0.0003903 seconds
plan limit 980
current timestep 52
num of flexible agents: 64
num of flexible tasks: 11
Solving time: 0.0004071 seconds
plan limit 980
current timestep 53
num of flexible agents: 64
num of flexible tasks: 11
Solving time: 0.000449 seconds
plan limit 980
current timestep 54
num of flexible agents: 63
num of flexible tasks: 11
Solving time: 0.0003956 seconds
plan limit 980
current timestep 55
num of flexible agents: 64
num of flexible tasks: 11
Solving time: 0.0003831 seconds
plan limit 980
current timestep 56
num of flexible agents: 60
num of flexible tasks: 9
Solving time: 0.0003747 seconds
plan limit 980
current timestep 57
num of flexible agents: 56
num of flexible tasks: 7
Solving time: 0.0003523 seconds
plan limit 980
current timestep 58
num of flexible agents: 59
num of flexible tasks: 9
Solving time: 0.0003585 seconds
plan limit 980
current timestep 59
num of flexible agents: 58
num of flexible tasks: 9
Solving time: 0.0004177 seconds
plan limit 980
current timestep 60
num of flexible agents: 59
num of flexible tasks: 11
Solving time: 0.0004405 seconds
plan limit 980
current timestep 61
num of flexible agents: 61
num of flexible tasks: 12
Solving time: 0.0004234 seconds
plan limit 980
current timestep 62
num of flexible agents: 60
num of flexible tasks: 12
Solving time: 0.0004816 seconds
plan limit 980
current timestep 63
num of flexible agents: 61
num of flexible tasks: 14
Solving time: 0.0004921 seconds
plan limit 980
current timestep 64
num of flexible agents: 59
num of flexible tasks: 14
Solving time: 0.0005018 seconds
plan limit 980
current timestep 65
num of flexible agents: 58
num of flexible tasks: 14
Solving time: 0.0008127 seconds
plan limit 979
current timestep 66
num of flexible agents: 55
num of flexible tasks: 11
Solving time: 0.0004648 seconds
plan limit 980
current timestep 67
num of flexible agents: 56
num of flexible tasks: 12
Solving time: 0.0004208 seconds
plan limit 980
current timestep 68
num of flexible agents: 56
num of flexible tasks: 13
Solving time: 0.0004403 seconds
plan limit 980
current timestep 69
num of flexible agents: 57
num of flexible tasks: 12
Solving time: 0.0004999 seconds
plan limit 980
current timestep 70
num of flexible agents: 60
num of flexible tasks: 13
Solving time: 0.0004057 seconds
plan limit 980
current timestep 71
num of flexible agents: 59
num of flexible tasks: 13
Solving time: 0.0003997 seconds
plan limit 980
current timestep 72
num of flexible agents: 59
num of flexible tasks: 12
Solving time: 0.0003831 seconds
plan limit 980
current timestep 73
num of flexible agents: 57
num of flexible tasks: 12
Solving time: 0.0003902 seconds
plan limit 980
current timestep 74
num of flexible agents: 56
num of flexible tasks: 11
Solving time: 0.0003671 seconds
plan limit 980
current timestep 75
num of flexible agents: 59
num of flexible tasks: 11
Solving time: 0.0003749 seconds
plan limit 980
current timestep 76
num of flexible agents: 58
num of flexible tasks: 12
Solving time: 0.0003932 seconds
plan limit 980
current timestep 77
num of flexible agents: 59
num of flexible tasks: 12
Solving time: 0.0003929 seconds
plan limit 980
current timestep 78
num of flexible agents: 57
num of flexible tasks: 9
Solving time: 0.0008012 seconds
plan limit 979
current timestep 79
num of flexible agents: 55
num of flexible tasks: 7
Solving time: 0.0004552 seconds
plan limit 979
current timestep 80
num of flexible agents: 57
num of flexible tasks: 9
Solving time: 0.0009512 seconds
plan limit 979
current timestep 81
num of flexible agents: 57
num of flexible tasks: 10
Solving time: 0.0004034 seconds
plan limit 980
current timestep 82
num of flexible agents: 55
num of flexible tasks: 8
Solving time: 0.0003578 seconds
plan limit 980
current timestep 83
num of flexible agents: 54
num of flexible tasks: 7
Solving time: 0.0003429 seconds
plan limit 980
current timestep 84
num of flexible agents: 52
num of flexible tasks: 7
Solving time: 0.0003235 seconds
plan limit 980
current timestep 85
num of flexible agents: 51
num of flexible tasks: 7
Solving time: 0.0004482 seconds
plan limit 980
current timestep 86
num of flexible agents: 49
num of flexible tasks: 7
Solving time: 0.0003628 seconds
plan limit 980
current timestep 87
num of flexible agents: 48
num of flexible tasks: 6
Solving time: 0.0004162 seconds
plan limit 980
current timestep 88
num of flexible agents: 51
num of flexible tasks: 6
Solving time: 0.0003909 seconds
plan limit 980
current timestep 89
num of flexible agents: 55
num of flexible tasks: 7
Solving time: 0.0003923 seconds
plan limit 980
current timestep 90
num of flexible agents: 55
num of flexible tasks: 8
Solving time: 0.0003496 seconds
plan limit 980
current timestep 91
num of flexible agents: 55
num of flexible tasks: 8
Solving time: 0.0003937 seconds
plan limit 980
current timestep 92
num of flexible agents: 55
num of flexible tasks: 7
Solving time: 0.0003329 seconds
plan limit 980
current timestep 93
num of flexible agents: 57
num of flexible tasks: 6
Solving time: 0.0003536 seconds
plan limit 980
current timestep 94
num of flexible agents: 59
num of flexible tasks: 7
Solving time: 0.000356 seconds
plan limit 980
current timestep 95
num of flexible agents: 57
num of flexible tasks: 5
Solving time: 0.0003815 seconds
plan limit 980
current timestep 96
num of flexible agents: 58
num of flexible tasks: 6
Solving time: 0.0004258 seconds
plan limit 980
current timestep 97
num of flexible agents: 58
num of flexible tasks: 6
Solving time: 0.0003475 seconds
plan limit 980
current timestep 98
num of flexible agents: 60
num of flexible tasks: 8
Solving time: 0.0003909 seconds
plan limit 980
current timestep 99
num of flexible agents: 58
num of flexible tasks: 8
Solving time: 0.0003733 seconds
plan limit 980
current timestep 100
num of flexible agents: 56
num of flexible tasks: 8
Solving time: 0.0003585 seconds
plan limit 980
current timestep 101
num of flexible agents: 56
num of flexible tasks: 9
Solving time: 0.000382 seconds
plan limit 980
current timestep 102
num of flexible agents: 54
num of flexible tasks: 7
Solving time: 0.0003882 seconds
plan limit 980
current timestep 103
num of flexible agents: 55
num of flexible tasks: 8
Solving time: 0.0003433 seconds
plan limit 980
current timestep 104
num of flexible agents: 54
num of flexible tasks: 9
Solving time: 0.0003711 seconds
plan limit 980
current timestep 105
num of flexible agents: 53
num of flexible tasks: 9
Solving time: 0.0003684 seconds
plan limit 980
current timestep 106
num of flexible agents: 50
num of flexible tasks: 8
Solving time: 0.0003612 seconds
plan limit 980
current timestep 107
num of flexible agents: 50
num of flexible tasks: 8
Solving time: 0.0003485 seconds
plan limit 980
current timestep 108
num of flexible agents: 50
num of flexible tasks: 9
Solving time: 0.0003523 seconds
plan limit 980
current timestep 109
num of flexible agents: 52
num of flexible tasks: 7
Solving time: 0.0003186 seconds
plan limit 980
current timestep 110
num of flexible agents: 52
num of flexible tasks: 6
Solving time: 0.0003632 seconds
plan limit 980
current timestep 111
num of flexible agents: 54
num of flexible tasks: 8
Solving time: 0.000378 seconds
plan limit 980
current timestep 112
num of flexible agents: 54
num of flexible tasks: 8
Solving time: 0.0002613 seconds
plan limit 980
current timestep 113
num of flexible agents: 51
num of flexible tasks: 5
Solving time: 0.0002917 seconds
plan limit 980
current timestep 114
num of flexible agents: 50
num of flexible tasks: 5
Solving time: 0.0002786 seconds
plan limit 980
current timestep 115
num of flexible agents: 50
num of flexible tasks: 6
Solving time: 0.0002683 seconds
plan limit 980
current timestep 116
num of flexible agents: 49
num of flexible tasks: 6
Solving time: 0.0002781 seconds
plan limit 980
current timestep 117
num of flexible agents: 51
num of flexible tasks: 7
Solving time: 0.0003025 seconds
plan limit 980
current timestep 118
num of flexible agents: 53
num of flexible tasks: 8
Solving time: 0.0002952 seconds
plan limit 980
current timestep 119
num of flexible agents: 49
num of flexible tasks: 4
Solving time: 0.0003493 seconds
plan limit 980
current timestep 120
num of flexible agents: 51
num of flexible tasks: 4
Solving time: 0.0003541 seconds
plan limit 980
current timestep 121
num of flexible agents: 53
num of flexible tasks: 6
Solving time: 0.0002897 seconds
plan limit 980
current timestep 122
num of flexible agents: 54
num of flexible tasks: 8
Solving time: 0.0003055 seconds
plan limit 980
current timestep 123
num of flexible agents: 55
num of flexible tasks: 8
Solving time: 0.0002967 seconds
plan limit 980
current timestep 124
num of flexible agents: 53
num of flexible tasks: 7
Solving time: 0.0002846 seconds
plan limit 980
current timestep 125
num of flexible agents: 56
num of flexible tasks: 8
Solving time: 0.0003591 seconds
plan limit 980
current timestep 126
num of flexible agents: 60
num of flexible tasks: 10
Solving time: 0.0003178 seconds
plan limit 980
current timestep 127
num of flexible agents: 58
num of flexible tasks: 9
Solving time: 0.0002852 seconds
plan limit 980
current timestep 128
num of flexible agents: 57
num of flexible tasks: 9
Solving time: 0.0003209 seconds
plan limit 980
current timestep 129
num of flexible agents: 59
num of flexible tasks: 10
Solving time: 0.00033 seconds
plan limit 980
current timestep 130
num of flexible agents: 59
num of flexible tasks: 10
Solving time: 0.0003079 seconds
plan limit 980
current timestep 131
num of flexible agents: 60
num of flexible tasks: 11
Solving time: 0.0003022 seconds
plan limit 980
current timestep 132
num of flexible agents: 59
num of flexible tasks: 10
Solving time: 0.0002748 seconds
plan limit 980
current timestep 133
num of flexible agents: 57
num of flexible tasks: 8
Solving time: 0.0003092 seconds
plan limit 980
current timestep 134
num of flexible agents: 55
num of flexible tasks: 7
Solving time: 0.0002866 seconds
plan limit 980
current timestep 135
num of flexible agents: 57
num of flexible tasks: 8
Solving time: 0.0002925 seconds
plan limit 980
current timestep 136
num of flexible agents: 56
num of flexible tasks: 7
Solving time: 0.0002937 seconds
plan limit 980
current timestep 137
num of flexible agents: 57
num of flexible tasks: 7
Solving time: 0.0002939 seconds
plan limit 980
current timestep 138
num of flexible agents: 56
num of flexible tasks: 5
Solving time: 0.0002858 seconds
plan limit 980
current timestep 139
num of flexible agents: 57
num of flexible tasks: 6
Solving time: 0.0002919 seconds
plan limit 980
current timestep 140
num of flexible agents: 59
num of flexible tasks: 7
Solving time: 0.0002926 seconds
plan limit 980
current timestep 141
num of flexible agents: 58
num of flexible tasks: 6
Solving time: 0.0002792 seconds
plan limit 980
current timestep 142
num of flexible agents: 57
num of flexible tasks: 6
Solving time: 0.0002902 seconds
plan limit 980
current timestep 143
num of flexible agents: 59
num of flexible tasks: 8
Solving time: 0.0002921 seconds
plan limit 980
current timestep 144
num of flexible agents: 57
num of flexible tasks: 7
Solving time: 0.0003028 seconds
plan limit 980
current timestep 145
num of flexible agents: 57
num of flexible tasks: 7
Solving time: 0.0005485 seconds
plan limit 979
current timestep 146
num of flexible agents: 56
num of flexible tasks: 8
Solving time: 0.0003223 seconds
plan limit 980
current timestep 147
num of flexible agents: 54
num of flexible tasks: 8
Solving time: 0.000275 seconds
plan limit 980
current timestep 148
num of flexible agents: 52
num of flexible tasks: 6
Solving time: 0.0002767 seconds
plan limit 980
current timestep 149
num of flexible agents: 51
num of flexible tasks: 6
Solving time: 0.0003204 seconds
plan limit 980
current timestep 150
num of flexible agents: 52
num of flexible tasks: 6
Solving time: 0.0002549 seconds
plan limit 980
current timestep 151
num of flexible agents: 54
num of flexible tasks: 6
Solving time: 0.0003256 seconds
plan limit 980
current timestep 152
num of flexible agents: 56
num of flexible tasks: 6
Solving time: 0.0002635 seconds
plan limit 980
current timestep 153
num of flexible agents: 57
num of flexible tasks: 6
Solving time: 0.0003251 seconds
plan limit 980
current timestep 154
num of flexible agents: 58
num of flexible tasks: 8
Solving time: 0.0002802 seconds
plan limit 980
current timestep 155
num of flexible agents: 55
num of flexible tasks: 5
Solving time: 0.0002676 seconds
plan limit 980
current timestep 156
num of flexible agents: 55
num of flexible tasks: 6
Solving time: 0.0002627 seconds
plan limit 980
current timestep 157
num of flexible agents: 56
num of flexible tasks: 7
Solving time: 0.0003196 seconds
plan limit 980
current timestep 158
num of flexible agents: 57
num of flexible tasks: 6
Solving time: 0.0002817 seconds
plan limit 980
current timestep 159
num of flexible agents: 56
num of flexible tasks: 5
Solving time: 0.0002672 seconds
plan limit 980
current timestep 160
num of flexible agents: 56
num of flexible tasks: 7
Solving time: 0.0003795 seconds
plan limit 980
current timestep 161
num of flexible agents: 56
num of flexible tasks: 7
Solving time: 0.0002781 seconds
plan limit 980
current timestep 162
num of flexible agents: 58
num of flexible tasks: 9
Solving time: 0.0003602 seconds
plan limit 980
current timestep 163
num of flexible agents: 58
num of flexible tasks: 8
Solving time: 0.0003919 seconds
plan limit 980
current timestep 164
num of flexible agents: 56
num of flexible tasks: 8
Solving time: 0.0002665 seconds
plan limit 980
current timestep 165
num of flexible agents: 56
num of flexible tasks: 9
Solving time: 0.0002863 seconds
plan limit 980
current timestep 166
num of flexible agents: 54
num of flexible tasks: 9
Solving time: 0.0003965 seconds
plan limit 980
current timestep 167
num of flexible agents: 55
num of flexible tasks: 8
Solving time: 0.0002758 seconds
plan limit 980
current timestep 168
num of flexible agents: 59
num of flexible tasks: 9
Solving time: 0.0003065 seconds
plan limit 980
current timestep 169
num of flexible agents: 56
num of flexible tasks: 6
Solving time: 0.0003424 seconds
plan limit 980
current timestep 170
num of flexible agents: 57
num of flexible tasks: 5
Solving time: 0.0003269 seconds
plan limit 980
current timestep 171
num of flexible agents: 59
num of flexible tasks: 7
Solving time: 0.0002908 seconds
plan limit 980
current timestep 172
num of flexible agents: 59
num of flexible tasks: 8
Solving time: 0.0002632 seconds
plan limit 980
current timestep 173
num of flexible agents: 60
num of flexible tasks: 8
Solving time: 0.000262 seconds
plan limit 980
current timestep 174
num of flexible agents: 58
num of flexible tasks: 7
Solving time: 0.0003192 seconds
plan limit 980
current timestep 175
num of flexible agents: 57
num of flexible tasks: 7
Solving time: 0.0003596 seconds
plan limit 980
current timestep 176
num of flexible agents: 57
num of flexible tasks: 8
Solving time: 0.0002997 seconds
plan limit 980
current timestep 177
num of flexible agents: 56
num of flexible tasks: 8
Solving time: 0.0002901 seconds
plan limit 980
current timestep 178
num of flexible agents: 55
num of flexible tasks: 8
Solving time: 0.0003968 seconds
plan limit 980
current timestep 179
num of flexible agents: 60
num of flexible tasks: 10
Solving time: 0.0003628 seconds
plan limit 980
current timestep 180
num of flexible agents: 62
num of flexible tasks: 11
Solving time: 0.000301 seconds
plan limit 980
current timestep 181
num of flexible agents: 63
num of flexible tasks: 11
Solving time: 0.0002606 seconds
plan limit 980
current timestep 182
num of flexible agents: 61
num of flexible tasks: 8
Solving time: 0.0003957 seconds
plan limit 980
current timestep 183
num of flexible agents: 58
num of flexible tasks: 7
Solving time: 0.0003044 seconds
plan limit 980
current timestep 184
num of flexible agents: 57
num of flexible tasks: 8
Solving time: 0.0002755 seconds
plan limit 980
current timestep 185
num of flexible agents: 54
num of flexible tasks: 5
Solving time: 0.0003432 seconds
plan limit 980
current timestep 186
num of flexible agents: 54
num of flexible tasks: 5
Solving time: 0.0002659 seconds
plan limit 980
current timestep 187
num of flexible agents: 54
num of flexible tasks: 5
Solving time: 0.0003106 seconds
plan limit 980
current timestep 188
num of flexible agents: 51
num of flexible tasks: 3
Solving time: 0.0003581 seconds
plan limit 980
current timestep 189
num of flexible agents: 50
num of flexible tasks: 3
Solving time: 0.0002923 seconds
plan limit 980
current timestep 190
num of flexible agents: 51
num of flexible tasks: 4
Solving time: 0.0002472 seconds
plan limit 980
current timestep 191
num of flexible agents: 50
num of flexible tasks: 4
Solving time: 0.0002602 seconds
plan limit 980
current timestep 192
num of flexible agents: 52
num of flexible tasks: 6
Solving time: 0.0003438 seconds
plan limit 980
current timestep 193
num of flexible agents: 56
num of flexible tasks: 7
Solving time: 0.0004061 seconds
plan limit 980
current timestep 194
num of flexible agents: 57
num of flexible tasks: 7
Solving time: 0.0002804 seconds
plan limit 980
current timestep 195
num of flexible agents: 57
num of flexible tasks: 6
Solving time: 0.0002963 seconds
plan limit 980
current timestep 196
num of flexible agents: 57
num of flexible tasks: 5
Solving time: 0.0002553 seconds
plan limit 980
current timestep 197
num of flexible agents: 54
num of flexible tasks: 3
Solving time: 0.0002626 seconds
plan limit 980
current timestep 198
num of flexible agents: 55
num of flexible tasks: 5
Solving time: 0.0002602 seconds
plan limit 980
current timestep 199
num of flexible agents: 57
num of flexible tasks: 5
Solving time: 0.0003656 seconds
plan limit 980
current timestep 200
num of flexible agents: 56
num of flexible tasks: 4
Solving time: 0.0003277 seconds
plan limit 980
current timestep 201
num of flexible agents: 58
num of flexible tasks: 6
Solving time: 0.0002837 seconds
plan limit 980
current timestep 202
num of flexible agents: 59
num of flexible tasks: 8
Solving time: 0.0003096 seconds
plan limit 980
current timestep 203
num of flexible agents: 57
num of flexible tasks: 8
Solving time: 0.0005076 seconds
plan limit 980
current timestep 204
num of flexible agents: 57
num of flexible tasks: 8
Solving time: 0.0002948 seconds
plan limit 980
current timestep 205
num of flexible agents: 58
num of flexible tasks: 10
Solving time: 0.0003393 seconds
plan limit 980
current timestep 206
num of flexible agents: 56
num of flexible tasks: 8
Solving time: 0.0002824 seconds
plan limit 980
current timestep 207
num of flexible agents: 53
num of flexible tasks: 7
Solving time: 0.0003216 seconds
plan limit 980
current timestep 208
num of flexible agents: 56
num of flexible tasks: 7
Solving time: 0.0002847 seconds
plan limit 980
current timestep 209
num of flexible agents: 56
num of flexible tasks: 7
Solving time: 0.0002848 seconds
plan limit 980
current timestep 210
num of flexible agents: 57
num of flexible tasks: 7
Solving time: 0.0002902 seconds
plan limit 980
current timestep 211
num of flexible agents: 56
num of flexible tasks: 8
Solving time: 0.0004325 seconds
plan limit 980
current timestep 212
num of flexible agents: 59
num of flexible tasks: 10
Solving time: 0.0003081 seconds
plan limit 980
current timestep 213
num of flexible agents: 60
num of flexible tasks: 11
Solving time: 0.0005789 seconds
plan limit 979
current timestep 214
num of flexible agents: 57
num of flexible tasks: 7
Solving time: 0.0003057 seconds
plan limit 980
current timestep 215
num of flexible agents: 58
num of flexible tasks: 7
Solving time: 0.0002836 seconds
plan limit 980
current timestep 216
num of flexible agents: 56
num of flexible tasks: 6
Solving time: 0.0002552 seconds
plan limit 980
current timestep 217
num of flexible agents: 56
num of flexible tasks: 6
Solving time: 0.0003818 seconds
plan limit 980
current timestep 218
num of flexible agents: 55
num of flexible tasks: 5
Solving time: 0.0002725 seconds
plan limit 980
current timestep 219
num of flexible agents: 54
num of flexible tasks: 5
Solving time: 0.0002854 seconds
plan limit 980
current timestep 220
num of flexible agents: 57
num of flexible tasks: 7
Solving time: 0.0003445 seconds
plan limit 980
current timestep 221
num of flexible agents: 56
num of flexible tasks: 6
Solving time: 0.0003183 seconds
plan limit 980
current timestep 222
num of flexible agents: 56
num of flexible tasks: 7
Solving time: 0.0002701 seconds
plan limit 980
current timestep 223
num of flexible agents: 56
num of flexible tasks: 9
Solving time: 0.000262 seconds
plan limit 980
current timestep 224
num of flexible agents: 55
num of flexible tasks: 9
Solving time: 0.0002698 seconds
plan limit 980
current timestep 225
num of flexible agents: 50
num of flexible tasks: 5
Solving time: 0.0003894 seconds
plan limit 980
current timestep 226
num of flexible agents: 53
num of flexible tasks: 6
Solving time: 0.0002781 seconds
plan limit 980
current timestep 227
num of flexible agents: 57
num of flexible tasks: 7
Solving time: 0.0002739 seconds
plan limit 980
current timestep 228
num of flexible agents: 60
num of flexible tasks: 7
Solving time: 0.0002687 seconds
plan limit 980
current timestep 229
num of flexible agents: 61
num of flexible tasks: 6
Solving time: 0.0002814 seconds
plan limit 980
current timestep 230
num of flexible agents: 60
num of flexible tasks: 5
Solving time: 0.000257 seconds
plan limit 980
current timestep 231
num of flexible agents: 62
num of flexible tasks: 5
Solving time: 0.0002513 seconds
plan limit 980
current timestep 232
num of flexible agents: 63
num of flexible tasks: 6
Solving time: 0.0002867 seconds
plan limit 980
current timestep 233
num of flexible agents: 62
num of flexible tasks: 6
Solving time: 0.0002534 seconds
plan limit 980
current timestep 234
num of flexible agents: 61
num of flexible tasks: 7
Solving time: 0.0002638 seconds
plan limit 980
current timestep 235
num of flexible agents: 59
num of flexible tasks: 7
Solving time: 0.000329 seconds
plan limit 980
current timestep 236
num of flexible agents: 60
num of flexible tasks: 7
Solving time: 0.0002912 seconds
plan limit 980
current timestep 237
num of flexible agents: 60
num of flexible tasks: 7
Solving time: 0.0002926 seconds
plan limit 980
current timestep 238
num of flexible agents: 60
num of flexible tasks: 5
Solving time: 0.0002575 seconds
plan limit 980
current timestep 239
num of flexible agents: 61
num of flexible tasks: 5
Solving time: 0.0002564 seconds
plan limit 980
current timestep 240
num of flexible agents: 63
num of flexible tasks: 6
Solving time: 0.0002414 seconds
plan limit 980
current timestep 241
num of flexible agents: 61
num of flexible tasks: 5
Solving time: 0.0003256 seconds
plan limit 980
current timestep 242
num of flexible agents: 59
num of flexible tasks: 4
Solving time: 0.0002503 seconds
plan limit 980
current timestep 243
num of flexible agents: 60
num of flexible tasks: 5
Solving time: 0.000285 seconds
plan limit 980
current timestep 244
num of flexible agents: 62
num of flexible tasks: 5
Solving time: 0.0002722 seconds
plan limit 980
current timestep 245
num of flexible agents: 63
num of flexible tasks: 6
Solving time: 0.0003435 seconds
plan limit 980
current timestep 246
num of flexible agents: 65
num of flexible tasks: 6
Solving time: 0.0002923 seconds
plan limit 980
current timestep 247
num of flexible agents: 64
num of flexible tasks: 5
Solving time: 0.0002753 seconds
plan limit 980
current timestep 248
num of flexible agents: 65
num of flexible tasks: 5
Solving time: 0.000261 seconds
plan limit 980
current timestep 249
num of flexible agents: 67
num of flexible tasks: 7
Solving time: 0.000409 seconds
plan limit 980
current timestep 250
num of flexible agents: 66
num of flexible tasks: 5
Solving time: 0.0002674 seconds
plan limit 980
current timestep 251
num of flexible agents: 68
num of flexible tasks: 4
Solving time: 0.0002665 seconds
plan limit 980
current timestep 252
num of flexible agents: 66
num of flexible tasks: 1
Solving time: 0.0002565 seconds
plan limit 980
current timestep 253
num of flexible agents: 67
num of flexible tasks: 1
Solving time: 0.0002568 seconds
plan limit 980
current timestep 254
num of flexible agents: 67
num of flexible tasks: 1
Solving time: 0.0002439 seconds
plan limit 980
current timestep 255
num of flexible agents: 68
num of flexible tasks: 1
Solving time: 0.0002987 seconds
plan limit 980
current timestep 256
num of flexible agents: 69
num of flexible tasks: 0
Solving time: 0.0002193 seconds
plan limit 980
current timestep 257
num of flexible agents: 70
num of flexible tasks: 0
Solving time: 0.0002449 seconds
plan limit 980
current timestep 258
num of flexible agents: 71
num of flexible tasks: 0
Solving time: 0.0002254 seconds
plan limit 980
current timestep 259
num of flexible agents: 73
num of flexible tasks: 0
Solving time: 0.0002255 seconds
plan limit 980
current timestep 260
num of flexible agents: 74
num of flexible tasks: 0
Solving time: 0.0002251 seconds
plan limit 980
current timestep 261
num of flexible agents: 75
num of flexible tasks: 0
Solving time: 0.0002253 seconds
plan limit 980
current timestep 262
num of flexible agents: 77
num of flexible tasks: 0
Solving time: 0.0002083 seconds
plan limit 980
current timestep 263
num of flexible agents: 78
num of flexible tasks: 0
Solving time: 0.0004352 seconds
plan limit 980
current timestep 264
num of flexible agents: 78
num of flexible tasks: 0
Solving time: 0.0002131 seconds
plan limit 980
current timestep 265
num of flexible agents: 80
num of flexible tasks: 0
Solving time: 0.0002747 seconds
plan limit 980
current timestep 266
num of flexible agents: 81
num of flexible tasks: 0
Solving time: 0.0002697 seconds
plan limit 980
current timestep 267
num of flexible agents: 81
num of flexible tasks: 0
Solving time: 0.0002321 seconds
plan limit 980
current timestep 268
num of flexible agents: 83
num of flexible tasks: 0
Solving time: 0.0002266 seconds
plan limit 980
current timestep 269
num of flexible agents: 84
num of flexible tasks: 0
Solving time: 0.0002118 seconds
plan limit 980
current timestep 270
num of flexible agents: 85
num of flexible tasks: 0
Solving time: 0.0002286 seconds
plan limit 980
current timestep 271
num of flexible agents: 85
num of flexible tasks: 0
Solving time: 0.0002259 seconds
plan limit 980
current timestep 272
num of flexible agents: 89
num of flexible tasks: 0
Solving time: 0.0002214 seconds
plan limit 980
current timestep 273
num of flexible agents: 90
num of flexible tasks: 0
Solving time: 0.0002605 seconds
plan limit 980
current timestep 274
num of flexible agents: 93
num of flexible tasks: 0
Solving time: 0.0002249 seconds
plan limit 980
current timestep 275
num of flexible agents: 94
num of flexible tasks: 0
Solving time: 0.000357 seconds
plan limit 980
current timestep 276
num of flexible agents: 95
num of flexible tasks: 0
Solving time: 0.0002305 seconds
plan limit 980
current timestep 277
num of flexible agents: 95
num of flexible tasks: 0
Solving time: 0.0006166 seconds
plan limit 979
current timestep 278
num of flexible agents: 96
num of flexible tasks: 0
Solving time: 0.0002306 seconds
plan limit 980
current timestep 279
num of flexible agents: 96
num of flexible tasks: 0
Solving time: 0.0002231 seconds
plan limit 980
current timestep 280
num of flexible agents: 97
num of flexible tasks: 0
Solving time: 0.0002264 seconds
plan limit 980
current timestep 281
num of flexible agents: 97
num of flexible tasks: 0
Solving time: 0.0002293 seconds
plan limit 980
current timestep 282
num of flexible agents: 97
num of flexible tasks: 0
Solving time: 0.0002316 seconds
plan limit 980
current timestep 283
num of flexible agents: 97
num of flexible tasks: 0
Solving time: 0.0002097 seconds
plan limit 980
current timestep 284
num of flexible agents: 97
num of flexible tasks: 0
Solving time: 0.000287 seconds
plan limit 980
current timestep 285
num of flexible agents: 97
num of flexible tasks: 0
Solving time: 0.0002395 seconds
plan limit 980
current timestep 286
num of flexible agents: 98
num of flexible tasks: 0
Solving time: 0.0002204 seconds
plan limit 980
current timestep 287
num of flexible agents: 98
num of flexible tasks: 0
Solving time: 0.0002095 seconds
plan limit 980
current timestep 288
num of flexible agents: 98
num of flexible tasks: 0
Solving time: 0.0002284 seconds
plan limit 980
current timestep 289
num of flexible agents: 98
num of flexible tasks: 0
Solving time: 0.0002174 seconds
plan limit 980
current timestep 290
num of flexible agents: 98
num of flexible tasks: 0
Solving time: 0.0002088 seconds
plan limit 980
current timestep 291
num of flexible agents: 99
num of flexible tasks: 0
Solving time: 0.0002308 seconds
plan limit 980
current timestep 292
num of flexible agents: 99
num of flexible tasks: 0
Solving time: 0.0002899 seconds
plan limit 980
All tasks finished at timestep 293
