current timestep 0
num of flexible agents: 80
num of flexible tasks: 2
Solving time: 0.0003684 seconds
plan limit 980
current timestep 1
num of flexible agents: 78
num of flexible tasks: 2
Solving time: 0.0003633 seconds
plan limit 980
current timestep 2
num of flexible agents: 77
num of flexible tasks: 3
Solving time: 0.0003964 seconds
plan limit 980
current timestep 3
num of flexible agents: 76
num of flexible tasks: 4
Solving time: 0.0003584 seconds
plan limit 980
current timestep 4
num of flexible agents: 76
num of flexible tasks: 6
Solving time: 0.000354 seconds
plan limit 980
current timestep 5
num of flexible agents: 75
num of flexible tasks: 7
Solving time: 0.0003766 seconds
plan limit 980
current timestep 6
num of flexible agents: 74
num of flexible tasks: 8
Solving time: 0.0003719 seconds
plan limit 980
current timestep 7
num of flexible agents: 74
num of flexible tasks: 10
Solving time: 0.0003671 seconds
plan limit 980
current timestep 8
num of flexible agents: 73
num of flexible tasks: 11
Solving time: 0.0004125 seconds
plan limit 980
current timestep 9
num of flexible agents: 72
num of flexible tasks: 12
Solving time: 0.0005377 seconds
plan limit 980
current timestep 10
num of flexible agents: 71
num of flexible tasks: 13
Solving time: 0.0004319 seconds
plan limit 980
current timestep 11
num of flexible agents: 69
num of flexible tasks: 13
Solving time: 0.0003987 seconds
plan limit 980
current timestep 12
num of flexible agents: 68
num of flexible tasks: 13
Solving time: 0.0005799 seconds
plan limit 980
current timestep 13
num of flexible agents: 66
num of flexible tasks: 13
Solving time: 0.0004676 seconds
plan limit 980
current timestep 14
num of flexible agents: 64
num of flexible tasks: 12
Solving time: 0.0004517 seconds
plan limit 980
current timestep 15
num of flexible agents: 63
num of flexible tasks: 13
Solving time: 0.0004547 seconds
plan limit 980
current timestep 16
num of flexible agents: 61
num of flexible tasks: 12
Solving time: 0.0004227 seconds
plan limit 980
current timestep 17
num of flexible agents: 58
num of flexible tasks: 11
Solving time: 0.0004505 seconds
plan limit 980
current timestep 18
num of flexible agents: 58
num of flexible tasks: 13
Solving time: 0.0004489 seconds
plan limit 980
current timestep 19
num of flexible agents: 55
num of flexible tasks: 12
Solving time: 0.0004176 seconds
plan limit 980
current timestep 20
num of flexible agents: 52
num of flexible tasks: 11
Solving time: 0.0004322 seconds
plan limit 980
current timestep 21
num of flexible agents: 51
num of flexible tasks: 12
Solving time: 0.0004696 seconds
plan limit 980
current timestep 22
num of flexible agents: 48
num of flexible tasks: 10
Solving time: 0.0004175 seconds
plan limit 980
current timestep 23
num of flexible agents: 47
num of flexible tasks: 11
Solving time: 0.0004622 seconds
plan limit 980
current timestep 24
num of flexible agents: 47
num of flexible tasks: 11
Solving time: 0.0004524 seconds
plan limit 980
current timestep 25
num of flexible agents: 48
num of flexible tasks: 13
Solving time: 0.0005334 seconds
plan limit 980
current timestep 26
num of flexible agents: 48
num of flexible tasks: 13
Solving time: 0.0004083 seconds
plan limit 980
current timestep 27
num of flexible agents: 47
num of flexible tasks: 14
Solving time: 0.0004528 seconds
plan limit 980
current timestep 28
num of flexible agents: 46
num of flexible tasks: 14
Solving time: 0.0004053 seconds
plan limit 980
current timestep 29
num of flexible agents: 42
num of flexible tasks: 11
Solving time: 0.0003597 seconds
plan limit 980
current timestep 30
num of flexible agents: 42
num of flexible tasks: 9
Solving time: 0.0003782 seconds
plan limit 980
current timestep 31
num of flexible agents: 43
num of flexible tasks: 11
Solving time: 0.0004029 seconds
plan limit 980
current timestep 32
num of flexible agents: 43
num of flexible tasks: 11
Solving time: 0.0003991 seconds
plan limit 980
current timestep 33
num of flexible agents: 42
num of flexible tasks: 10
Solving time: 0.0003826 seconds
plan limit 980
current timestep 34
num of flexible agents: 39
num of flexible tasks: 8
Solving time: 0.0004379 seconds
plan limit 980
current timestep 35
num of flexible agents: 39
num of flexible tasks: 10
Solving time: 0.000409 seconds
plan limit 980
current timestep 36
num of flexible agents: 38
num of flexible tasks: 9
Solving time: 0.0003898 seconds
plan limit 980
current timestep 37
num of flexible agents: 38
num of flexible tasks: 10
Solving time: 0.0003763 seconds
plan limit 980
current timestep 38
num of flexible agents: 39
num of flexible tasks: 11
Solving time: 0.0004367 seconds
plan limit 980
current timestep 39
num of flexible agents: 38
num of flexible tasks: 11
Solving time: 0.0004303 seconds
plan limit 980
current timestep 40
num of flexible agents: 38
num of flexible tasks: 12
Solving time: 0.0004916 seconds
plan limit 980
current timestep 41
num of flexible agents: 42
num of flexible tasks: 13
Solving time: 0.0004194 seconds
plan limit 980
current timestep 42
num of flexible agents: 43
num of flexible tasks: 13
Solving time: 0.0003895 seconds
plan limit 980
current timestep 43
num of flexible agents: 44
num of flexible tasks: 12
Solving time: 0.0004557 seconds
plan limit 980
current timestep 44
num of flexible agents: 44
num of flexible tasks: 13
Solving time: 0.000428 seconds
plan limit 980
current timestep 45
num of flexible agents: 44
num of flexible tasks: 14
Solving time: 0.0004141 seconds
plan limit 980
current timestep 46
num of flexible agents: 41
num of flexible tasks: 12
Solving time: 0.0003945 seconds
plan limit 980
current timestep 47
num of flexible agents: 41
num of flexible tasks: 13
Solving time: 0.0003996 seconds
plan limit 980
current timestep 48
num of flexible agents: 42
num of flexible tasks: 15
Solving time: 0.0004239 seconds
plan limit 980
current timestep 49
num of flexible agents: 43
num of flexible tasks: 16
Solving time: 0.0004068 seconds
plan limit 980
current timestep 50
num of flexible agents: 41
num of flexible tasks: 13
Solving time: 0.0004071 seconds
plan limit 980
current timestep 51
num of flexible agents: 41
num of flexible tasks: 12
Solving time: 0.0004501 seconds
plan limit 980
current timestep 52
num of flexible agents: 40
num of flexible tasks: 12
Solving time: 0.0004911 seconds
plan limit 980
current timestep 53
num of flexible agents: 38
num of flexible tasks: 11
Solving time: 0.000471 seconds
plan limit 980
current timestep 54
num of flexible agents: 43
num of flexible tasks: 12
Solving time: 0.00041 seconds
plan limit 980
current timestep 55
num of flexible agents: 42
num of flexible tasks: 11
Solving time: 0.000423 seconds
plan limit 980
current timestep 56
num of flexible agents: 44
num of flexible tasks: 13
Solving time: 0.0004508 seconds
plan limit 980
current timestep 57
num of flexible agents: 40
num of flexible tasks: 11
Solving time: 0.0004016 seconds
plan limit 980
current timestep 58
num of flexible agents: 43
num of flexible tasks: 12
Solving time: 0.0004478 seconds
plan limit 980
current timestep 59
num of flexible agents: 43
num of flexible tasks: 14
Solving time: 0.0004597 seconds
plan limit 980
current timestep 60
num of flexible agents: 41
num of flexible tasks: 14
Solving time: 0.0005083 seconds
plan limit 980
current timestep 61
num of flexible agents: 38
num of flexible tasks: 13
Solving time: 0.0004905 seconds
plan limit 980
current timestep 62
num of flexible agents: 38
num of flexible tasks: 14
Solving time: 0.0004516 seconds
plan limit 980
current timestep 63
num of flexible agents: 39
num of flexible tasks: 14
Solving time: 0.0005086 seconds
plan limit 980
current timestep 64
num of flexible agents: 38
num of flexible tasks: 14
Solving time: 0.0004898 seconds
plan limit 980
current timestep 65
num of flexible agents: 41
num of flexible tasks: 16
Solving time: 0.0004805 seconds
plan limit 980
current timestep 66
num of flexible agents: 38
num of flexible tasks: 15
Solving time: 0.000573 seconds
plan limit 980
current timestep 67
num of flexible agents: 36
num of flexible tasks: 14
Solving time: 0.0004496 seconds
plan limit 980
current timestep 68
num of flexible agents: 39
num of flexible tasks: 16
Solving time: 0.0004822 seconds
plan limit 980
current timestep 69
num of flexible agents: 39
num of flexible tasks: 16
Solving time: 0.0004547 seconds
plan limit 980
current timestep 70
num of flexible agents: 38
num of flexible tasks: 15
Solving time: 0.0004336 seconds
plan limit 980
current timestep 71
num of flexible agents: 40
num of flexible tasks: 15
Solving time: 0.0004045 seconds
plan limit 980
current timestep 72
num of flexible agents: 39
num of flexible tasks: 16
Solving time: 0.0004479 seconds
plan limit 980
current timestep 73
num of flexible agents: 39
num of flexible tasks: 14
Solving time: 0.0004056 seconds
plan limit 980
current timestep 74
num of flexible agents: 40
num of flexible tasks: 14
Solving time: 0.0004197 seconds
plan limit 980
current timestep 75
num of flexible agents: 37
num of flexible tasks: 13
Solving time: 0.0003898 seconds
plan limit 980
current timestep 76
num of flexible agents: 36
num of flexible tasks: 11
Solving time: 0.0003982 seconds
plan limit 980
current timestep 77
num of flexible agents: 33
num of flexible tasks: 10
Solving time: 0.0004049 seconds
plan limit 980
current timestep 78
num of flexible agents: 31
num of flexible tasks: 9
Solving time: 0.000478 seconds
plan limit 980
current timestep 79
num of flexible agents: 35
num of flexible tasks: 10
Solving time: 0.0004087 seconds
plan limit 980
current timestep 80
num of flexible agents: 36
num of flexible tasks: 11
Solving time: 0.0004752 seconds
plan limit 980
current timestep 81
num of flexible agents: 38
num of flexible tasks: 12
Solving time: 0.0004433 seconds
plan limit 980
current timestep 82
num of flexible agents: 39
num of flexible tasks: 13
Solving time: 0.0004276 seconds
plan limit 980
current timestep 83
num of flexible agents: 40
num of flexible tasks: 14
Solving time: 0.0004354 seconds
plan limit 980
current timestep 84
num of flexible agents: 42
num of flexible tasks: 14
Solving time: 0.0004101 seconds
plan limit 980
current timestep 85
num of flexible agents: 40
num of flexible tasks: 13
Solving time: 0.0003809 seconds
plan limit 980
current timestep 86
num of flexible agents: 39
num of flexible tasks: 13
Solving time: 0.0004072 seconds
plan limit 980
current timestep 87
num of flexible agents: 36
num of flexible tasks: 11
Solving time: 0.0003708 seconds
plan limit 980
current timestep 88
num of flexible agents: 34
num of flexible tasks: 10
Solving time: 0.0003863 seconds
plan limit 980
current timestep 89
num of flexible agents: 33
num of flexible tasks: 11
Solving time: 0.0004302 seconds
plan limit 980
current timestep 90
num of flexible agents: 35
num of flexible tasks: 12
Solving time: 0.0004052 seconds
plan limit 980
current timestep 91
num of flexible agents: 35
num of flexible tasks: 11
Solving time: 0.0004062 seconds
plan limit 980
current timestep 92
num of flexible agents: 36
num of flexible tasks: 9
Solving time: 0.0004577 seconds
plan limit 980
current timestep 93
num of flexible agents: 36
num of flexible tasks: 8
Solving time: 0.0003943 seconds
plan limit 980
current timestep 94
num of flexible agents: 37
num of flexible tasks: 9
Solving time: 0.000381 seconds
plan limit 980
current timestep 95
num of flexible agents: 36
num of flexible tasks: 9
Solving time: 0.0003912 seconds
plan limit 980
current timestep 96
num of flexible agents: 36
num of flexible tasks: 10
Solving time: 0.000402 seconds
plan limit 980
current timestep 97
num of flexible agents: 37
num of flexible tasks: 12
Solving time: 0.0003941 seconds
plan limit 980
current timestep 98
num of flexible agents: 38
num of flexible tasks: 12
Solving time: 0.0004075 seconds
plan limit 980
current timestep 99
num of flexible agents: 38
num of flexible tasks: 12
Solving time: 0.0004093 seconds
plan limit 980
current timestep 100
num of flexible agents: 36
num of flexible tasks: 11
Solving time: 0.0003872 seconds
plan limit 980
current timestep 101
num of flexible agents: 35
num of flexible tasks: 12
Solving time: 0.0005127 seconds
plan limit 980
current timestep 102
num of flexible agents: 32
num of flexible tasks: 10
Solving time: 0.0004432 seconds
plan limit 980
current timestep 103
num of flexible agents: 33
num of flexible tasks: 12
Solving time: 0.0004208 seconds
plan limit 980
current timestep 104
num of flexible agents: 32
num of flexible tasks: 12
Solving time: 0.0004304 seconds
plan limit 980
current timestep 105
num of flexible agents: 34
num of flexible tasks: 13
Solving time: 0.0004664 seconds
plan limit 980
current timestep 106
num of flexible agents: 32
num of flexible tasks: 12
Solving time: 0.0004499 seconds
plan limit 980
current timestep 107
num of flexible agents: 34
num of flexible tasks: 12
Solving time: 0.000403 seconds
plan limit 980
current timestep 108
num of flexible agents: 34
num of flexible tasks: 10
Solving time: 0.0003617 seconds
plan limit 980
current timestep 109
num of flexible agents: 35
num of flexible tasks: 10
Solving time: 0.000348 seconds
plan limit 980
current timestep 110
num of flexible agents: 36
num of flexible tasks: 12
Solving time: 0.0003729 seconds
plan limit 980
current timestep 111
num of flexible agents: 36
num of flexible tasks: 11
Solving time: 0.0003677 seconds
plan limit 980
current timestep 112
num of flexible agents: 33
num of flexible tasks: 9
Solving time: 0.0003346 seconds
plan limit 980
current timestep 113
num of flexible agents: 31
num of flexible tasks: 9
Solving time: 0.0003666 seconds
plan limit 980
current timestep 114
num of flexible agents: 33
num of flexible tasks: 10
Solving time: 0.0004185 seconds
plan limit 980
current timestep 115
num of flexible agents: 34
num of flexible tasks: 11
Solving time: 0.0004054 seconds
plan limit 980
current timestep 116
num of flexible agents: 34
num of flexible tasks: 11
Solving time: 0.0004084 seconds
plan limit 980
current timestep 117
num of flexible agents: 33
num of flexible tasks: 10
Solving time: 0.0004061 seconds
plan limit 980
current timestep 118
num of flexible agents: 33
num of flexible tasks: 9
Solving time: 0.0005149 seconds
plan limit 980
current timestep 119
num of flexible agents: 34
num of flexible tasks: 10
Solving time: 0.0003698 seconds
plan limit 980
current timestep 120
num of flexible agents: 34
num of flexible tasks: 9
Solving time: 0.0003558 seconds
plan limit 980
current timestep 121
num of flexible agents: 33
num of flexible tasks: 9
Solving time: 0.0003707 seconds
plan limit 980
current timestep 122
num of flexible agents: 34
num of flexible tasks: 11
Solving time: 0.0003665 seconds
plan limit 980
current timestep 123
num of flexible agents: 36
num of flexible tasks: 12
Solving time: 0.0003418 seconds
plan limit 980
current timestep 124
num of flexible agents: 37
num of flexible tasks: 12
Solving time: 0.0003579 seconds
plan limit 980
current timestep 125
num of flexible agents: 38
num of flexible tasks: 14
Solving time: 0.0003904 seconds
plan limit 980
current timestep 126
num of flexible agents: 37
num of flexible tasks: 14
Solving time: 0.0003932 seconds
plan limit 980
current timestep 127
num of flexible agents: 39
num of flexible tasks: 12
Solving time: 0.0003687 seconds
plan limit 980
current timestep 128
num of flexible agents: 38
num of flexible tasks: 10
Solving time: 0.0003718 seconds
plan limit 980
current timestep 129
num of flexible agents: 40
num of flexible tasks: 11
Solving time: 0.0003423 seconds
plan limit 980
current timestep 130
num of flexible agents: 36
num of flexible tasks: 8
Solving time: 0.0004042 seconds
plan limit 980
current timestep 131
num of flexible agents: 35
num of flexible tasks: 8
Solving time: 0.000369 seconds
plan limit 980
current timestep 132
num of flexible agents: 36
num of flexible tasks: 9
Solving time: 0.0004957 seconds
plan limit 980
current timestep 133
num of flexible agents: 38
num of flexible tasks: 10
Solving time: 0.0003691 seconds
plan limit 980
current timestep 134
num of flexible agents: 38
num of flexible tasks: 10
Solving time: 0.0003373 seconds
plan limit 980
current timestep 135
num of flexible agents: 34
num of flexible tasks: 7
Solving time: 0.0003315 seconds
plan limit 980
current timestep 136
num of flexible agents: 34
num of flexible tasks: 7
Solving time: 0.0003577 seconds
plan limit 980
current timestep 137
num of flexible agents: 40
num of flexible tasks: 9
Solving time: 0.0003436 seconds
plan limit 980
current timestep 138
num of flexible agents: 38
num of flexible tasks: 8
Solving time: 0.0003456 seconds
plan limit 980
current timestep 139
num of flexible agents: 39
num of flexible tasks: 10
Solving time: 0.0003675 seconds
plan limit 980
current timestep 140
num of flexible agents: 38
num of flexible tasks: 9
Solving time: 0.0003895 seconds
plan limit 980
current timestep 141
num of flexible agents: 38
num of flexible tasks: 10
Solving time: 0.0003738 seconds
plan limit 980
current timestep 142
num of flexible agents: 35
num of flexible tasks: 9
Solving time: 0.0003689 seconds
plan limit 980
current timestep 143
num of flexible agents: 36
num of flexible tasks: 9
Solving time: 0.0003456 seconds
plan limit 980
current timestep 144
num of flexible agents: 38
num of flexible tasks: 11
Solving time: 0.000357 seconds
plan limit 980
current timestep 145
num of flexible agents: 36
num of flexible tasks: 10
Solving time: 0.0003716 seconds
plan limit 980
current timestep 146
num of flexible agents: 36
num of flexible tasks: 11
Solving time: 0.0004615 seconds
plan limit 980
current timestep 147
num of flexible agents: 37
num of flexible tasks: 12
Solving time: 0.000562 seconds
plan limit 980
current timestep 148
num of flexible agents: 38
num of flexible tasks: 13
Solving time: 0.0004254 seconds
plan limit 980
current timestep 149
num of flexible agents: 38
num of flexible tasks: 13
Solving time: 0.0004327 seconds
plan limit 980
current timestep 150
num of flexible agents: 41
num of flexible tasks: 15
Solving time: 0.000364 seconds
plan limit 980
current timestep 151
num of flexible agents: 38
num of flexible tasks: 13
Solving time: 0.0003861 seconds
plan limit 980
current timestep 152
num of flexible agents: 38
num of flexible tasks: 10
Solving time: 0.0003564 seconds
plan limit 980
current timestep 153
num of flexible agents: 36
num of flexible tasks: 8
Solving time: 0.0003205 seconds
plan limit 980
current timestep 154
num of flexible agents: 35
num of flexible tasks: 8
Solving time: 0.0003777 seconds
plan limit 980
current timestep 155
num of flexible agents: 36
num of flexible tasks: 9
Solving time: 0.0003895 seconds
plan limit 980
current timestep 156
num of flexible agents: 35
num of flexible tasks: 8
Solving time: 0.0004206 seconds
plan limit 980
current timestep 157
num of flexible agents: 37
num of flexible tasks: 9
Solving time: 0.0004265 seconds
plan limit 980
current timestep 158
num of flexible agents: 37
num of flexible tasks: 11
Solving time: 0.0006672 seconds
plan limit 979
current timestep 159
num of flexible agents: 36
num of flexible tasks: 11
Solving time: 0.0003904 seconds
plan limit 980
current timestep 160
num of flexible agents: 40
num of flexible tasks: 13
Solving time: 0.0003566 seconds
plan limit 980
current timestep 161
num of flexible agents: 39
num of flexible tasks: 13
Solving time: 0.0004146 seconds
plan limit 980
current timestep 162
num of flexible agents: 38
num of flexible tasks: 13
Solving time: 0.0003701 seconds
plan limit 980
current timestep 163
num of flexible agents: 39
num of flexible tasks: 12
Solving time: 0.0003662 seconds
plan limit 980
current timestep 164
num of flexible agents: 40
num of flexible tasks: 11
Solving time: 0.0004382 seconds
plan limit 980
current timestep 165
num of flexible agents: 37
num of flexible tasks: 10
Solving time: 0.0003411 seconds
plan limit 980
current timestep 166
num of flexible agents: 34
num of flexible tasks: 8
Solving time: 0.0003806 seconds
plan limit 980
current timestep 167
num of flexible agents: 36
num of flexible tasks: 9
Solving time: 0.0003349 seconds
plan limit 980
current timestep 168
num of flexible agents: 37
num of flexible tasks: 9
Solving time: 0.0003529 seconds
plan limit 980
current timestep 169
num of flexible agents: 35
num of flexible tasks: 8
Solving time: 0.0005049 seconds
plan limit 979
current timestep 170
num of flexible agents: 33
num of flexible tasks: 8
Solving time: 0.0003477 seconds
plan limit 980
current timestep 171
num of flexible agents: 35
num of flexible tasks: 9
Solving time: 0.0003862 seconds
plan limit 980
current timestep 172
num of flexible agents: 38
num of flexible tasks: 11
Solving time: 0.0003681 seconds
plan limit 980
current timestep 173
num of flexible agents: 36
num of flexible tasks: 10
Solving time: 0.0004447 seconds
plan limit 980
current timestep 174
num of flexible agents: 34
num of flexible tasks: 9
Solving time: 0.0004272 seconds
plan limit 980
current timestep 175
num of flexible agents: 34
num of flexible tasks: 11
Solving time: 0.0003472 seconds
plan limit 980
current timestep 176
num of flexible agents: 33
num of flexible tasks: 11
Solving time: 0.0003513 seconds
plan limit 980
current timestep 177
num of flexible agents: 32
num of flexible tasks: 9
Solving time: 0.0004858 seconds
plan limit 980
current timestep 178
num of flexible agents: 34
num of flexible tasks: 11
Solving time: 0.0005696 seconds
plan limit 979
current timestep 179
num of flexible agents: 38
num of flexible tasks: 13
Solving time: 0.0003671 seconds
plan limit 980
current timestep 180
num of flexible agents: 40
num of flexible tasks: 12
Solving time: 0.0003196 seconds
plan limit 980
current timestep 181
num of flexible agents: 40
num of flexible tasks: 12
Solving time: 0.0003938 seconds
plan limit 980
current timestep 182
num of flexible agents: 38
num of flexible tasks: 11
Solving time: 0.0004387 seconds
plan limit 980
current timestep 183
num of flexible agents: 36
num of flexible tasks: 10
Solving time: 0.0003433 seconds
plan limit 980
current timestep 184
num of flexible agents: 37
num of flexible tasks: 11
Solving time: 0.0003709 seconds
plan limit 980
current timestep 185
num of flexible agents: 34
num of flexible tasks: 9
Solving time: 0.000332 seconds
plan limit 980
current timestep 186
num of flexible agents: 35
num of flexible tasks: 8
Solving time: 0.0002872 seconds
plan limit 980
current timestep 187
num of flexible agents: 32
num of flexible tasks: 6
Solving time: 0.0003074 seconds
plan limit 980
current timestep 188
num of flexible agents: 37
num of flexible tasks: 8
Solving time: 0.0005001 seconds
plan limit 980
current timestep 189
num of flexible agents: 34
num of flexible tasks: 6
Solving time: 0.0002922 seconds
plan limit 980
current timestep 190
num of flexible agents: 35
num of flexible tasks: 7
Solving time: 0.0004105 seconds
plan limit 980
current timestep 191
num of flexible agents: 33
num of flexible tasks: 6
Solving time: 0.0002869 seconds
plan limit 980
current timestep 192
num of flexible agents: 34
num of flexible tasks: 8
Solving time: 0.0003702 seconds
plan limit 980
current timestep 193
num of flexible agents: 33
num of flexible tasks: 7
Solving time: 0.0002883 seconds
plan limit 980
current timestep 194
num of flexible agents: 33
num of flexible tasks: 7
Solving time: 0.0002706 seconds
plan limit 980
current timestep 195
num of flexible agents: 32
num of flexible tasks: 7
Solving time: 0.0003262 seconds
plan limit 980
current timestep 196
num of flexible agents: 31
num of flexible tasks: 8
Solving time: 0.0002796 seconds
plan limit 980
current timestep 197
num of flexible agents: 31
num of flexible tasks: 8
Solving time: 0.0004926 seconds
plan limit 980
current timestep 198
num of flexible agents: 33
num of flexible tasks: 8
Solving time: 0.0002856 seconds
plan limit 980
current timestep 199
num of flexible agents: 38
num of flexible tasks: 8
Solving time: 0.0002835 seconds
plan limit 980
current timestep 200
num of flexible agents: 37
num of flexible tasks: 8
Solving time: 0.0003426 seconds
plan limit 980
current timestep 201
num of flexible agents: 35
num of flexible tasks: 6
Solving time: 0.0003387 seconds
plan limit 980
current timestep 202
num of flexible agents: 37
num of flexible tasks: 7
Solving time: 0.0003115 seconds
plan limit 980
current timestep 203
num of flexible agents: 39
num of flexible tasks: 8
Solving time: 0.000278 seconds
plan limit 980
current timestep 204
num of flexible agents: 40
num of flexible tasks: 9
Solving time: 0.0007903 seconds
plan limit 979
current timestep 205
num of flexible agents: 37
num of flexible tasks: 7
Solving time: 0.0002813 seconds
plan limit 980
current timestep 206
num of flexible agents: 36
num of flexible tasks: 7
Solving time: 0.0005229 seconds
plan limit 980
current timestep 207
num of flexible agents: 34
num of flexible tasks: 7
Solving time: 0.000287 seconds
plan limit 980
current timestep 208
num of flexible agents: 32
num of flexible tasks: 7
Solving time: 0.0003871 seconds
plan limit 980
current timestep 209
num of flexible agents: 33
num of flexible tasks: 7
Solving time: 0.0003135 seconds
plan limit 980
current timestep 210
num of flexible agents: 33
num of flexible tasks: 9
Solving time: 0.0003151 seconds
plan limit 980
current timestep 211
num of flexible agents: 32
num of flexible tasks: 8
Solving time: 0.0004712 seconds
plan limit 980
current timestep 212
num of flexible agents: 32
num of flexible tasks: 9
Solving time: 0.0002991 seconds
plan limit 980
current timestep 213
num of flexible agents: 33
num of flexible tasks: 8
Solving time: 0.00052 seconds
plan limit 980
current timestep 214
num of flexible agents: 34
num of flexible tasks: 9
Solving time: 0.0002957 seconds
plan limit 980
current timestep 215
num of flexible agents: 32
num of flexible tasks: 8
Solving time: 0.0002806 seconds
plan limit 980
current timestep 216
num of flexible agents: 33
num of flexible tasks: 7
Solving time: 0.0003528 seconds
plan limit 980
current timestep 217
num of flexible agents: 34
num of flexible tasks: 6
Solving time: 0.0002897 seconds
plan limit 980
current timestep 218
num of flexible agents: 35
num of flexible tasks: 6
Solving time: 0.0002785 seconds
plan limit 980
current timestep 219
num of flexible agents: 33
num of flexible tasks: 6
Solving time: 0.0003449 seconds
plan limit 980
current timestep 220
num of flexible agents: 31
num of flexible tasks: 6
Solving time: 0.0002883 seconds
plan limit 980
current timestep 221
num of flexible agents: 32
num of flexible tasks: 6
Solving time: 0.0003096 seconds
plan limit 980
current timestep 222
num of flexible agents: 33
num of flexible tasks: 7
Solving time: 0.0003225 seconds
plan limit 980
current timestep 223
num of flexible agents: 35
num of flexible tasks: 8
Solving time: 0.0002718 seconds
plan limit 980
current timestep 224
num of flexible agents: 32
num of flexible tasks: 6
Solving time: 0.0002864 seconds
plan limit 980
current timestep 225
num of flexible agents: 32
num of flexible tasks: 6
Solving time: 0.0003172 seconds
plan limit 980
current timestep 226
num of flexible agents: 35
num of flexible tasks: 7
Solving time: 0.0003664 seconds
plan limit 980
current timestep 227
num of flexible agents: 34
num of flexible tasks: 8
Solving time: 0.0003361 seconds
plan limit 980
current timestep 228
num of flexible agents: 35
num of flexible tasks: 6
Solving time: 0.0003503 seconds
plan limit 980
current timestep 229
num of flexible agents: 38
num of flexible tasks: 7
Solving time: 0.0002831 seconds
plan limit 980
current timestep 230
num of flexible agents: 37
num of flexible tasks: 7
Solving time: 0.0002742 seconds
plan limit 980
current timestep 231
num of flexible agents: 37
num of flexible tasks: 6
Solving time: 0.0002765 seconds
plan limit 980
current timestep 232
num of flexible agents: 41
num of flexible tasks: 8
Solving time: 0.0003446 seconds
plan limit 980
current timestep 233
num of flexible agents: 43
num of flexible tasks: 10
Solving time: 0.0002762 seconds
plan limit 980
current timestep 234
num of flexible agents: 40
num of flexible tasks: 8
Solving time: 0.0002673 seconds
plan limit 980
current timestep 235
num of flexible agents: 42
num of flexible tasks: 8
Solving time: 0.0003903 seconds
plan limit 980
current timestep 236
num of flexible agents: 41
num of flexible tasks: 7
Solving time: 0.0002825 seconds
plan limit 980
current timestep 237
num of flexible agents: 42
num of flexible tasks: 6
Solving time: 0.0002834 seconds
plan limit 980
current timestep 238
num of flexible agents: 43
num of flexible tasks: 8
Solving time: 0.0002843 seconds
plan limit 980
current timestep 239
num of flexible agents: 41
num of flexible tasks: 7
Solving time: 0.0004921 seconds
plan limit 979
current timestep 240
num of flexible agents: 41
num of flexible tasks: 8
Solving time: 0.0002893 seconds
plan limit 980
current timestep 241
num of flexible agents: 42
num of flexible tasks: 9
Solving time: 0.0003516 seconds
plan limit 980
current timestep 242
num of flexible agents: 41
num of flexible tasks: 7
Solving time: 0.0002653 seconds
plan limit 980
current timestep 243
num of flexible agents: 42
num of flexible tasks: 7
Solving time: 0.0002889 seconds
plan limit 980
current timestep 244
num of flexible agents: 44
num of flexible tasks: 9
Solving time: 0.0003758 seconds
plan limit 980
current timestep 245
num of flexible agents: 42
num of flexible tasks: 7
Solving time: 0.0002579 seconds
plan limit 980
current timestep 246
num of flexible agents: 43
num of flexible tasks: 7
Solving time: 0.0002768 seconds
plan limit 980
current timestep 247
num of flexible agents: 45
num of flexible tasks: 9
Solving time: 0.0002773 seconds
plan limit 980
current timestep 248
num of flexible agents: 46
num of flexible tasks: 7
Solving time: 0.0002874 seconds
plan limit 980
current timestep 249
num of flexible agents: 48
num of flexible tasks: 7
Solving time: 0.0004615 seconds
plan limit 980
current timestep 250
num of flexible agents: 47
num of flexible tasks: 4
Solving time: 0.0003423 seconds
plan limit 980
current timestep 251
num of flexible agents: 45
num of flexible tasks: 2
Solving time: 0.0003776 seconds
plan limit 980
current timestep 252
num of flexible agents: 46
num of flexible tasks: 2
Solving time: 0.0002387 seconds
plan limit 980
current timestep 253
num of flexible agents: 46
num of flexible tasks: 1
Solving time: 0.0002633 seconds
plan limit 980
current timestep 254
num of flexible agents: 46
num of flexible tasks: 0
Solving time: 0.0002298 seconds
plan limit 980
current timestep 255
num of flexible agents: 49
num of flexible tasks: 0
Solving time: 0.0003982 seconds
plan limit 980
current timestep 256
num of flexible agents: 51
num of flexible tasks: 0
Solving time: 0.0002435 seconds
plan limit 980
current timestep 257
num of flexible agents: 51
num of flexible tasks: 0
Solving time: 0.0002215 seconds
plan limit 980
current timestep 258
num of flexible agents: 52
num of flexible tasks: 0
Solving time: 0.0002282 seconds
plan limit 980
current timestep 259
num of flexible agents: 52
num of flexible tasks: 0
Solving time: 0.0002872 seconds
plan limit 980
current timestep 260
num of flexible agents: 53
num of flexible tasks: 0
Solving time: 0.0002423 seconds
plan limit 980
current timestep 261
num of flexible agents: 55
num of flexible tasks: 0
Solving time: 0.0002231 seconds
plan limit 980
current timestep 262
num of flexible agents: 55
num of flexible tasks: 0
Solving time: 0.0002284 seconds
plan limit 980
current timestep 263
num of flexible agents: 56
num of flexible tasks: 0
Solving time: 0.0003374 seconds
plan limit 980
current timestep 264
num of flexible agents: 57
num of flexible tasks: 0
Solving time: 0.0002279 seconds
plan limit 980
current timestep 265
num of flexible agents: 57
num of flexible tasks: 0
Solving time: 0.0002132 seconds
plan limit 980
current timestep 266
num of flexible agents: 61
num of flexible tasks: 0
Solving time: 0.0002292 seconds
plan limit 980
current timestep 267
num of flexible agents: 63
num of flexible tasks: 0
Solving time: 0.0002241 seconds
plan limit 980
current timestep 268
num of flexible agents: 63
num of flexible tasks: 0
Solving time: 0.0003066 seconds
plan limit 980
current timestep 269
num of flexible agents: 64
num of flexible tasks: 0
Solving time: 0.0002238 seconds
plan limit 980
current timestep 270
num of flexible agents: 65
num of flexible tasks: 0
Solving time: 0.0002134 seconds
plan limit 980
current timestep 271
num of flexible agents: 67
num of flexible tasks: 0
Solving time: 0.0003336 seconds
plan limit 980
current timestep 272
num of flexible agents: 68
num of flexible tasks: 0
Solving time: 0.0002254 seconds
plan limit 980
current timestep 273
num of flexible agents: 70
num of flexible tasks: 0
Solving time: 0.0002548 seconds
plan limit 980
current timestep 274
num of flexible agents: 70
num of flexible tasks: 0
Solving time: 0.0002689 seconds
plan limit 980
current timestep 275
num of flexible agents: 73
num of flexible tasks: 0
Solving time: 0.0002301 seconds
plan limit 980
current timestep 276
num of flexible agents: 73
num of flexible tasks: 0
Solving time: 0.0002118 seconds
plan limit 980
current timestep 277
num of flexible agents: 73
num of flexible tasks: 0
Solving time: 0.000269 seconds
plan limit 980
current timestep 278
num of flexible agents: 75
num of flexible tasks: 0
Solving time: 0.0002321 seconds
plan limit 980
current timestep 279
num of flexible agents: 75
num of flexible tasks: 0
Solving time: 0.0002362 seconds
plan limit 980
current timestep 280
num of flexible agents: 76
num of flexible tasks: 0
Solving time: 0.000212 seconds
plan limit 980
current timestep 281
num of flexible agents: 76
num of flexible tasks: 0
Solving time: 0.0002324 seconds
plan limit 980
current timestep 282
num of flexible agents: 77
num of flexible tasks: 0
Solving time: 0.0002311 seconds
plan limit 980
current timestep 283
num of flexible agents: 77
num of flexible tasks: 0
Solving time: 0.0002419 seconds
plan limit 980
current timestep 284
num of flexible agents: 78
num of flexible tasks: 0
Solving time: 0.0002483 seconds
plan limit 980
current timestep 285
num of flexible agents: 78
num of flexible tasks: 0
Solving time: 0.0002176 seconds
plan limit 980
current timestep 286
num of flexible agents: 78
num of flexible tasks: 0
Solving time: 0.0003038 seconds
plan limit 980
current timestep 287
num of flexible agents: 78
num of flexible tasks: 0
Solving time: 0.0002144 seconds
plan limit 980
current timestep 288
num of flexible agents: 79
num of flexible tasks: 0
Solving time: 0.0003506 seconds
plan limit 980
current timestep 289
num of flexible agents: 79
num of flexible tasks: 0
Solving time: 0.0002284 seconds
plan limit 980
All tasks finished at timestep 290
