current timestep 0
num of flexible agents: 80
num of flexible tasks: 2
Solving time: 0.000330712 seconds
plan limit 980
current timestep 1
num of flexible agents: 79
num of flexible tasks: 3
Solving time: 0.000344997 seconds
plan limit 980
current timestep 2
num of flexible agents: 79
num of flexible tasks: 5
Solving time: 0.000302895 seconds
plan limit 980
current timestep 3
num of flexible agents: 79
num of flexible tasks: 7
Solving time: 0.000295992 seconds
plan limit 980
current timestep 4
num of flexible agents: 78
num of flexible tasks: 8
Solving time: 0.000315869 seconds
plan limit 980
current timestep 5
num of flexible agents: 77
num of flexible tasks: 9
Solving time: 0.000373277 seconds
plan limit 980
current timestep 6
num of flexible agents: 76
num of flexible tasks: 10
Solving time: 0.000346134 seconds
plan limit 980
current timestep 7
num of flexible agents: 74
num of flexible tasks: 10
Solving time: 0.000306519 seconds
plan limit 980
current timestep 8
num of flexible agents: 72
num of flexible tasks: 10
Solving time: 0.000341505 seconds
plan limit 980
current timestep 9
num of flexible agents: 72
num of flexible tasks: 11
Solving time: 0.000303199 seconds
plan limit 980
current timestep 10
num of flexible agents: 71
num of flexible tasks: 12
Solving time: 0.000350416 seconds
plan limit 980
current timestep 11
num of flexible agents: 68
num of flexible tasks: 11
Solving time: 0.000332298 seconds
plan limit 980
current timestep 12
num of flexible agents: 64
num of flexible tasks: 9
Solving time: 0.00032317 seconds
plan limit 980
current timestep 13
num of flexible agents: 61
num of flexible tasks: 8
Solving time: 0.000313491 seconds
plan limit 980
current timestep 14
num of flexible agents: 61
num of flexible tasks: 10
Solving time: 0.000322484 seconds
plan limit 980
current timestep 15
num of flexible agents: 61
num of flexible tasks: 11
Solving time: 0.000315889 seconds
plan limit 980
current timestep 16
num of flexible agents: 58
num of flexible tasks: 10
Solving time: 0.000372841 seconds
plan limit 980
current timestep 17
num of flexible agents: 54
num of flexible tasks: 8
Solving time: 0.000345393 seconds
plan limit 980
current timestep 18
num of flexible agents: 55
num of flexible tasks: 10
Solving time: 0.000358412 seconds
plan limit 980
current timestep 19
num of flexible agents: 57
num of flexible tasks: 12
Solving time: 0.000343041 seconds
plan limit 980
current timestep 20
num of flexible agents: 57
num of flexible tasks: 12
Solving time: 0.000367107 seconds
plan limit 980
current timestep 21
num of flexible agents: 58
num of flexible tasks: 12
Solving time: 0.000384099 seconds
plan limit 980
current timestep 22
num of flexible agents: 60
num of flexible tasks: 14
Solving time: 0.000399371 seconds
plan limit 980
current timestep 23
num of flexible agents: 58
num of flexible tasks: 14
Solving time: 0.000348722 seconds
plan limit 980
current timestep 24
num of flexible agents: 57
num of flexible tasks: 15
Solving time: 0.000389722 seconds
plan limit 980
current timestep 25
num of flexible agents: 54
num of flexible tasks: 14
Solving time: 0.000417388 seconds
plan limit 980
current timestep 26
num of flexible agents: 55
num of flexible tasks: 15
Solving time: 0.000421062 seconds
plan limit 980
current timestep 27
num of flexible agents: 54
num of flexible tasks: 15
Solving time: 0.000423099 seconds
plan limit 980
current timestep 28
num of flexible agents: 55
num of flexible tasks: 17
Solving time: 0.000367949 seconds
plan limit 980
current timestep 29
num of flexible agents: 55
num of flexible tasks: 17
Solving time: 0.000502576 seconds
plan limit 980
current timestep 30
num of flexible agents: 54
num of flexible tasks: 16
Solving time: 0.000379835 seconds
plan limit 980
current timestep 31
num of flexible agents: 55
num of flexible tasks: 17
Solving time: 0.000410665 seconds
plan limit 980
current timestep 32
num of flexible agents: 55
num of flexible tasks: 18
Solving time: 0.000351019 seconds
plan limit 980
current timestep 33
num of flexible agents: 51
num of flexible tasks: 15
Solving time: 0.000331785 seconds
plan limit 980
current timestep 34
num of flexible agents: 50
num of flexible tasks: 14
Solving time: 0.000310762 seconds
plan limit 980
current timestep 35
num of flexible agents: 48
num of flexible tasks: 12
Solving time: 0.000352746 seconds
plan limit 980
current timestep 36
num of flexible agents: 47
num of flexible tasks: 12
Solving time: 0.000351012 seconds
plan limit 980
current timestep 37
num of flexible agents: 46
num of flexible tasks: 11
Solving time: 0.000384219 seconds
plan limit 980
current timestep 38
num of flexible agents: 44
num of flexible tasks: 11
Solving time: 0.000356209 seconds
plan limit 980
current timestep 39
num of flexible agents: 45
num of flexible tasks: 12
Solving time: 0.00031195 seconds
plan limit 980
current timestep 40
num of flexible agents: 44
num of flexible tasks: 13
Solving time: 0.000382904 seconds
plan limit 980
current timestep 41
num of flexible agents: 45
num of flexible tasks: 15
Solving time: 0.000365078 seconds
plan limit 980
current timestep 42
num of flexible agents: 42
num of flexible tasks: 13
Solving time: 0.000346202 seconds
plan limit 980
current timestep 43
num of flexible agents: 44
num of flexible tasks: 13
Solving time: 0.00034067 seconds
plan limit 980
current timestep 44
num of flexible agents: 45
num of flexible tasks: 15
Solving time: 0.000373691 seconds
plan limit 980
current timestep 45
num of flexible agents: 43
num of flexible tasks: 14
Solving time: 0.000368874 seconds
plan limit 980
current timestep 46
num of flexible agents: 43
num of flexible tasks: 14
Solving time: 0.000326075 seconds
plan limit 980
current timestep 47
num of flexible agents: 41
num of flexible tasks: 12
Solving time: 0.000317536 seconds
plan limit 980
current timestep 48
num of flexible agents: 40
num of flexible tasks: 12
Solving time: 0.000350443 seconds
plan limit 980
current timestep 49
num of flexible agents: 37
num of flexible tasks: 11
Solving time: 0.000420275 seconds
plan limit 980
current timestep 50
num of flexible agents: 40
num of flexible tasks: 13
Solving time: 0.000378998 seconds
plan limit 980
current timestep 51
num of flexible agents: 42
num of flexible tasks: 14
Solving time: 0.000345447 seconds
plan limit 980
current timestep 52
num of flexible agents: 40
num of flexible tasks: 12
Solving time: 0.000288214 seconds
plan limit 980
current timestep 53
num of flexible agents: 44
num of flexible tasks: 13
Solving time: 0.000257602 seconds
plan limit 980
current timestep 54
num of flexible agents: 41
num of flexible tasks: 11
Solving time: 0.000250751 seconds
plan limit 980
current timestep 55
num of flexible agents: 39
num of flexible tasks: 10
Solving time: 0.000274871 seconds
plan limit 980
current timestep 56
num of flexible agents: 39
num of flexible tasks: 9
Solving time: 0.000238374 seconds
plan limit 980
current timestep 57
num of flexible agents: 35
num of flexible tasks: 6
Solving time: 0.00023006 seconds
plan limit 980
current timestep 58
num of flexible agents: 36
num of flexible tasks: 7
Solving time: 0.00023668 seconds
plan limit 980
current timestep 59
num of flexible agents: 34
num of flexible tasks: 6
Solving time: 0.000248448 seconds
plan limit 980
current timestep 60
num of flexible agents: 32
num of flexible tasks: 4
Solving time: 0.000251023 seconds
plan limit 980
current timestep 61
num of flexible agents: 32
num of flexible tasks: 6
Solving time: 0.000258286 seconds
plan limit 980
current timestep 62
num of flexible agents: 32
num of flexible tasks: 6
Solving time: 0.000311144 seconds
plan limit 980
current timestep 63
num of flexible agents: 37
num of flexible tasks: 7
Solving time: 0.00024317 seconds
plan limit 980
current timestep 64
num of flexible agents: 37
num of flexible tasks: 7
Solving time: 0.000243955 seconds
plan limit 980
current timestep 65
num of flexible agents: 37
num of flexible tasks: 7
Solving time: 0.000260308 seconds
plan limit 980
current timestep 66
num of flexible agents: 38
num of flexible tasks: 7
Solving time: 0.000243011 seconds
plan limit 980
current timestep 67
num of flexible agents: 37
num of flexible tasks: 6
Solving time: 0.000270887 seconds
plan limit 980
current timestep 68
num of flexible agents: 37
num of flexible tasks: 7
Solving time: 0.000270203 seconds
plan limit 980
current timestep 69
num of flexible agents: 36
num of flexible tasks: 7
Solving time: 0.000282793 seconds
plan limit 980
current timestep 70
num of flexible agents: 40
num of flexible tasks: 8
Solving time: 0.000265683 seconds
plan limit 980
current timestep 71
num of flexible agents: 38
num of flexible tasks: 7
Solving time: 0.000330104 seconds
plan limit 980
current timestep 72
num of flexible agents: 41
num of flexible tasks: 9
Solving time: 0.000282536 seconds
plan limit 980
current timestep 73
num of flexible agents: 43
num of flexible tasks: 11
Solving time: 0.000280057 seconds
plan limit 980
current timestep 74
num of flexible agents: 41
num of flexible tasks: 11
Solving time: 0.000291301 seconds
plan limit 980
current timestep 75
num of flexible agents: 41
num of flexible tasks: 12
Solving time: 0.000289735 seconds
plan limit 980
current timestep 76
num of flexible agents: 39
num of flexible tasks: 12
Solving time: 0.000291278 seconds
plan limit 980
current timestep 77
num of flexible agents: 38
num of flexible tasks: 10
Solving time: 0.000294747 seconds
plan limit 980
current timestep 78
num of flexible agents: 37
num of flexible tasks: 11
Solving time: 0.000320571 seconds
plan limit 980
current timestep 79
num of flexible agents: 36
num of flexible tasks: 11
Solving time: 0.000351471 seconds
plan limit 980
current timestep 80
num of flexible agents: 33
num of flexible tasks: 9
Solving time: 0.000381639 seconds
plan limit 980
current timestep 81
num of flexible agents: 36
num of flexible tasks: 11
Solving time: 0.000331521 seconds
plan limit 980
current timestep 82
num of flexible agents: 36
num of flexible tasks: 11
Solving time: 0.000308485 seconds
plan limit 980
current timestep 83
num of flexible agents: 38
num of flexible tasks: 12
Solving time: 0.000330509 seconds
plan limit 980
current timestep 84
num of flexible agents: 37
num of flexible tasks: 13
Solving time: 0.000279427 seconds
plan limit 980
current timestep 85
num of flexible agents: 38
num of flexible tasks: 13
Solving time: 0.000304638 seconds
plan limit 980
current timestep 86
num of flexible agents: 38
num of flexible tasks: 12
Solving time: 0.000295493 seconds
plan limit 980
current timestep 87
num of flexible agents: 38
num of flexible tasks: 11
Solving time: 0.000337584 seconds
plan limit 980
current timestep 88
num of flexible agents: 40
num of flexible tasks: 12
Solving time: 0.00034374 seconds
plan limit 980
current timestep 89
num of flexible agents: 38
num of flexible tasks: 11
Solving time: 0.000303474 seconds
plan limit 980
current timestep 90
num of flexible agents: 38
num of flexible tasks: 10
Solving time: 0.000325367 seconds
plan limit 980
current timestep 91
num of flexible agents: 37
num of flexible tasks: 11
Solving time: 0.000320129 seconds
plan limit 980
current timestep 92
num of flexible agents: 38
num of flexible tasks: 12
Solving time: 0.000325768 seconds
plan limit 980
current timestep 93
num of flexible agents: 38
num of flexible tasks: 13
Solving time: 0.00033103 seconds
plan limit 980
current timestep 94
num of flexible agents: 36
num of flexible tasks: 12
Solving time: 0.000302799 seconds
plan limit 980
current timestep 95
num of flexible agents: 33
num of flexible tasks: 10
Solving time: 0.000302255 seconds
plan limit 980
current timestep 96
num of flexible agents: 36
num of flexible tasks: 11
Solving time: 0.000316252 seconds
plan limit 980
current timestep 97
num of flexible agents: 37
num of flexible tasks: 11
Solving time: 0.00029756 seconds
plan limit 980
current timestep 98
num of flexible agents: 33
num of flexible tasks: 9
Solving time: 0.000296479 seconds
plan limit 980
current timestep 99
num of flexible agents: 34
num of flexible tasks: 9
Solving time: 0.000295218 seconds
plan limit 980
current timestep 100
num of flexible agents: 33
num of flexible tasks: 9
Solving time: 0.000226774 seconds
plan limit 980
current timestep 101
num of flexible agents: 32
num of flexible tasks: 9
Solving time: 0.000300072 seconds
plan limit 980
current timestep 102
num of flexible agents: 30
num of flexible tasks: 8
Solving time: 0.000279029 seconds
plan limit 980
current timestep 103
num of flexible agents: 32
num of flexible tasks: 9
Solving time: 0.000310999 seconds
plan limit 980
current timestep 104
num of flexible agents: 32
num of flexible tasks: 9
Solving time: 0.000294005 seconds
plan limit 980
current timestep 105
num of flexible agents: 30
num of flexible tasks: 8
Solving time: 0.000288634 seconds
plan limit 980
current timestep 106
num of flexible agents: 29
num of flexible tasks: 8
Solving time: 0.000315113 seconds
plan limit 980
current timestep 107
num of flexible agents: 30
num of flexible tasks: 9
Solving time: 0.000271556 seconds
plan limit 980
current timestep 108
num of flexible agents: 29
num of flexible tasks: 10
Solving time: 0.000292165 seconds
plan limit 980
current timestep 109
num of flexible agents: 27
num of flexible tasks: 8
Solving time: 0.000343321 seconds
plan limit 980
current timestep 110
num of flexible agents: 28
num of flexible tasks: 9
Solving time: 0.000284172 seconds
plan limit 980
current timestep 111
num of flexible agents: 28
num of flexible tasks: 10
Solving time: 0.000301299 seconds
plan limit 980
current timestep 112
num of flexible agents: 28
num of flexible tasks: 10
Solving time: 0.000304958 seconds
plan limit 980
current timestep 113
num of flexible agents: 30
num of flexible tasks: 10
Solving time: 0.000288663 seconds
plan limit 980
current timestep 114
num of flexible agents: 35
num of flexible tasks: 11
Solving time: 0.000304685 seconds
plan limit 980
current timestep 115
num of flexible agents: 37
num of flexible tasks: 11
Solving time: 0.000294336 seconds
plan limit 980
current timestep 116
num of flexible agents: 33
num of flexible tasks: 9
Solving time: 0.000296729 seconds
plan limit 980
current timestep 117
num of flexible agents: 33
num of flexible tasks: 9
Solving time: 0.000258856 seconds
plan limit 980
current timestep 118
num of flexible agents: 29
num of flexible tasks: 7
Solving time: 0.000289817 seconds
plan limit 980
current timestep 119
num of flexible agents: 28
num of flexible tasks: 7
Solving time: 0.000319053 seconds
plan limit 980
current timestep 120
num of flexible agents: 32
num of flexible tasks: 8
Solving time: 0.00031793 seconds
plan limit 980
current timestep 121
num of flexible agents: 32
num of flexible tasks: 10
Solving time: 0.00034795 seconds
plan limit 980
current timestep 122
num of flexible agents: 33
num of flexible tasks: 11
Solving time: 0.0003313 seconds
plan limit 980
current timestep 123
num of flexible agents: 33
num of flexible tasks: 11
Solving time: 0.00033389 seconds
plan limit 980
current timestep 124
num of flexible agents: 38
num of flexible tasks: 13
Solving time: 0.000293773 seconds
plan limit 980
current timestep 125
num of flexible agents: 36
num of flexible tasks: 11
Solving time: 0.000293558 seconds
plan limit 980
current timestep 126
num of flexible agents: 39
num of flexible tasks: 13
Solving time: 0.000295875 seconds
plan limit 980
current timestep 127
num of flexible agents: 36
num of flexible tasks: 10
Solving time: 0.00029937 seconds
plan limit 980
current timestep 128
num of flexible agents: 34
num of flexible tasks: 8
Solving time: 0.000263836 seconds
plan limit 980
current timestep 129
num of flexible agents: 31
num of flexible tasks: 7
Solving time: 0.000363893 seconds
plan limit 980
current timestep 130
num of flexible agents: 32
num of flexible tasks: 9
Solving time: 0.000367559 seconds
plan limit 980
current timestep 131
num of flexible agents: 35
num of flexible tasks: 9
Solving time: 0.000296475 seconds
plan limit 980
current timestep 132
num of flexible agents: 35
num of flexible tasks: 9
Solving time: 0.000276758 seconds
plan limit 980
current timestep 133
num of flexible agents: 41
num of flexible tasks: 11
Solving time: 0.000276474 seconds
plan limit 980
current timestep 134
num of flexible agents: 40
num of flexible tasks: 10
Solving time: 0.000255124 seconds
plan limit 980
current timestep 135
num of flexible agents: 41
num of flexible tasks: 9
Solving time: 0.000301793 seconds
plan limit 980
current timestep 136
num of flexible agents: 41
num of flexible tasks: 8
Solving time: 0.000282321 seconds
plan limit 980
current timestep 137
num of flexible agents: 40
num of flexible tasks: 9
Solving time: 0.000295832 seconds
plan limit 980
current timestep 138
num of flexible agents: 38
num of flexible tasks: 7
Solving time: 0.000264199 seconds
plan limit 980
current timestep 139
num of flexible agents: 34
num of flexible tasks: 5
Solving time: 0.000261956 seconds
plan limit 980
current timestep 140
num of flexible agents: 36
num of flexible tasks: 6
Solving time: 0.00027497 seconds
plan limit 980
current timestep 141
num of flexible agents: 37
num of flexible tasks: 8
Solving time: 0.000258007 seconds
plan limit 980
current timestep 142
num of flexible agents: 38
num of flexible tasks: 10
Solving time: 0.000258469 seconds
plan limit 980
current timestep 143
num of flexible agents: 39
num of flexible tasks: 11
Solving time: 0.000284418 seconds
plan limit 980
current timestep 144
num of flexible agents: 39
num of flexible tasks: 11
Solving time: 0.000286662 seconds
plan limit 980
current timestep 145
num of flexible agents: 36
num of flexible tasks: 9
Solving time: 0.000269556 seconds
plan limit 980
current timestep 146
num of flexible agents: 32
num of flexible tasks: 6
Solving time: 0.000287705 seconds
plan limit 980
current timestep 147
num of flexible agents: 33
num of flexible tasks: 7
Solving time: 0.000274638 seconds
plan limit 980
current timestep 148
num of flexible agents: 36
num of flexible tasks: 7
Solving time: 0.000307897 seconds
plan limit 980
current timestep 149
num of flexible agents: 37
num of flexible tasks: 7
Solving time: 0.000282916 seconds
plan limit 980
current timestep 150
num of flexible agents: 36
num of flexible tasks: 8
Solving time: 0.000260436 seconds
plan limit 980
current timestep 151
num of flexible agents: 35
num of flexible tasks: 7
Solving time: 0.000317104 seconds
plan limit 980
current timestep 152
num of flexible agents: 35
num of flexible tasks: 9
Solving time: 0.000300545 seconds
plan limit 980
current timestep 153
num of flexible agents: 35
num of flexible tasks: 9
Solving time: 0.000338668 seconds
plan limit 980
current timestep 154
num of flexible agents: 38
num of flexible tasks: 11
Solving time: 0.000297663 seconds
plan limit 980
current timestep 155
num of flexible agents: 38
num of flexible tasks: 11
Solving time: 0.0003174 seconds
plan limit 980
current timestep 156
num of flexible agents: 36
num of flexible tasks: 10
Solving time: 0.000314768 seconds
plan limit 980
current timestep 157
num of flexible agents: 39
num of flexible tasks: 10
Solving time: 0.000294343 seconds
plan limit 980
current timestep 158
num of flexible agents: 42
num of flexible tasks: 11
Solving time: 0.000333293 seconds
plan limit 980
current timestep 159
num of flexible agents: 40
num of flexible tasks: 10
Solving time: 0.000274051 seconds
plan limit 980
current timestep 160
num of flexible agents: 42
num of flexible tasks: 11
Solving time: 0.000300319 seconds
plan limit 980
current timestep 161
num of flexible agents: 40
num of flexible tasks: 9
Solving time: 0.000271237 seconds
plan limit 980
current timestep 162
num of flexible agents: 38
num of flexible tasks: 7
Solving time: 0.000293436 seconds
plan limit 980
current timestep 163
num of flexible agents: 39
num of flexible tasks: 9
Solving time: 0.000320113 seconds
plan limit 980
current timestep 164
num of flexible agents: 38
num of flexible tasks: 9
Solving time: 0.000285968 seconds
plan limit 980
current timestep 165
num of flexible agents: 40
num of flexible tasks: 10
Solving time: 0.00027829 seconds
plan limit 980
current timestep 166
num of flexible agents: 41
num of flexible tasks: 10
Solving time: 0.000305774 seconds
plan limit 980
current timestep 167
num of flexible agents: 43
num of flexible tasks: 12
Solving time: 0.000316419 seconds
plan limit 980
current timestep 168
num of flexible agents: 44
num of flexible tasks: 12
Solving time: 0.000273786 seconds
plan limit 980
current timestep 169
num of flexible agents: 43
num of flexible tasks: 11
Solving time: 0.000310651 seconds
plan limit 980
current timestep 170
num of flexible agents: 44
num of flexible tasks: 13
Solving time: 0.000291768 seconds
plan limit 980
current timestep 171
num of flexible agents: 45
num of flexible tasks: 14
Solving time: 0.00030987 seconds
plan limit 980
current timestep 172
num of flexible agents: 42
num of flexible tasks: 12
Solving time: 0.000283623 seconds
plan limit 980
current timestep 173
num of flexible agents: 37
num of flexible tasks: 8
Solving time: 0.000266817 seconds
plan limit 980
current timestep 174
num of flexible agents: 37
num of flexible tasks: 8
Solving time: 0.000266178 seconds
plan limit 980
current timestep 175
num of flexible agents: 35
num of flexible tasks: 8
Solving time: 0.0003273 seconds
plan limit 980
current timestep 176
num of flexible agents: 38
num of flexible tasks: 8
Solving time: 0.000263459 seconds
plan limit 980
current timestep 177
num of flexible agents: 38
num of flexible tasks: 7
Solving time: 0.000271132 seconds
plan limit 980
current timestep 178
num of flexible agents: 37
num of flexible tasks: 7
Solving time: 0.000315007 seconds
plan limit 980
current timestep 179
num of flexible agents: 36
num of flexible tasks: 8
Solving time: 0.00029442 seconds
plan limit 980
current timestep 180
num of flexible agents: 35
num of flexible tasks: 7
Solving time: 0.000317233 seconds
plan limit 980
current timestep 181
num of flexible agents: 35
num of flexible tasks: 7
Solving time: 0.000295959 seconds
plan limit 980
current timestep 182
num of flexible agents: 36
num of flexible tasks: 9
Solving time: 0.000286303 seconds
plan limit 980
current timestep 183
num of flexible agents: 37
num of flexible tasks: 8
Solving time: 0.000262462 seconds
plan limit 980
current timestep 184
num of flexible agents: 39
num of flexible tasks: 9
Solving time: 0.000322588 seconds
plan limit 980
current timestep 185
num of flexible agents: 38
num of flexible tasks: 9
Solving time: 0.000263114 seconds
plan limit 980
current timestep 186
num of flexible agents: 34
num of flexible tasks: 7
Solving time: 0.000260171 seconds
plan limit 980
current timestep 187
num of flexible agents: 34
num of flexible tasks: 8
Solving time: 0.000275665 seconds
plan limit 980
current timestep 188
num of flexible agents: 38
num of flexible tasks: 10
Solving time: 0.000324397 seconds
plan limit 980
current timestep 189
num of flexible agents: 39
num of flexible tasks: 9
Solving time: 0.000320241 seconds
plan limit 980
current timestep 190
num of flexible agents: 37
num of flexible tasks: 8
Solving time: 0.000269816 seconds
plan limit 980
current timestep 191
num of flexible agents: 39
num of flexible tasks: 8
Solving time: 0.00029474 seconds
plan limit 980
current timestep 192
num of flexible agents: 35
num of flexible tasks: 5
Solving time: 0.000296496 seconds
plan limit 980
current timestep 193
num of flexible agents: 34
num of flexible tasks: 5
Solving time: 0.000295234 seconds
plan limit 980
current timestep 194
num of flexible agents: 34
num of flexible tasks: 6
Solving time: 0.000301225 seconds
plan limit 980
current timestep 195
num of flexible agents: 37
num of flexible tasks: 7
Solving time: 0.000272846 seconds
plan limit 980
current timestep 196
num of flexible agents: 37
num of flexible tasks: 6
Solving time: 0.00028788 seconds
plan limit 980
current timestep 197
num of flexible agents: 39
num of flexible tasks: 7
Solving time: 0.000286441 seconds
plan limit 980
current timestep 198
num of flexible agents: 39
num of flexible tasks: 8
Solving time: 0.000269444 seconds
plan limit 980
current timestep 199
num of flexible agents: 38
num of flexible tasks: 7
Solving time: 0.000276202 seconds
plan limit 980
current timestep 200
num of flexible agents: 40
num of flexible tasks: 7
Solving time: 0.000332382 seconds
plan limit 980
current timestep 201
num of flexible agents: 39
num of flexible tasks: 7
Solving time: 0.000317228 seconds
plan limit 980
current timestep 202
num of flexible agents: 39
num of flexible tasks: 8
Solving time: 0.000286874 seconds
plan limit 980
current timestep 203
num of flexible agents: 38
num of flexible tasks: 6
Solving time: 0.000271383 seconds
plan limit 980
current timestep 204
num of flexible agents: 37
num of flexible tasks: 7
Solving time: 0.000281914 seconds
plan limit 980
current timestep 205
num of flexible agents: 39
num of flexible tasks: 7
Solving time: 0.000269104 seconds
plan limit 980
current timestep 206
num of flexible agents: 39
num of flexible tasks: 8
Solving time: 0.000278807 seconds
plan limit 980
current timestep 207
num of flexible agents: 42
num of flexible tasks: 9
Solving time: 0.000284877 seconds
plan limit 980
current timestep 208
num of flexible agents: 42
num of flexible tasks: 9
Solving time: 0.000274009 seconds
plan limit 980
current timestep 209
num of flexible agents: 39
num of flexible tasks: 7
Solving time: 0.00029283 seconds
plan limit 980
current timestep 210
num of flexible agents: 41
num of flexible tasks: 7
Solving time: 0.000319402 seconds
plan limit 980
current timestep 211
num of flexible agents: 41
num of flexible tasks: 7
Solving time: 0.000288814 seconds
plan limit 980
current timestep 212
num of flexible agents: 42
num of flexible tasks: 9
Solving time: 0.00029331 seconds
plan limit 980
current timestep 213
num of flexible agents: 39
num of flexible tasks: 7
Solving time: 0.000314109 seconds
plan limit 980
current timestep 214
num of flexible agents: 40
num of flexible tasks: 8
Solving time: 0.00031256 seconds
plan limit 980
current timestep 215
num of flexible agents: 36
num of flexible tasks: 6
Solving time: 0.000317099 seconds
plan limit 980
current timestep 216
num of flexible agents: 35
num of flexible tasks: 5
Solving time: 0.000283132 seconds
plan limit 980
current timestep 217
num of flexible agents: 38
num of flexible tasks: 7
Solving time: 0.00030013 seconds
plan limit 980
current timestep 218
num of flexible agents: 41
num of flexible tasks: 8
Solving time: 0.000298194 seconds
plan limit 980
current timestep 219
num of flexible agents: 39
num of flexible tasks: 8
Solving time: 0.000277509 seconds
plan limit 980
current timestep 220
num of flexible agents: 40
num of flexible tasks: 8
Solving time: 0.000287716 seconds
plan limit 980
current timestep 221
num of flexible agents: 38
num of flexible tasks: 6
Solving time: 0.000244972 seconds
plan limit 980
current timestep 222
num of flexible agents: 38
num of flexible tasks: 6
Solving time: 0.00025369 seconds
plan limit 980
current timestep 223
num of flexible agents: 39
num of flexible tasks: 8
Solving time: 0.000267739 seconds
plan limit 980
current timestep 224
num of flexible agents: 39
num of flexible tasks: 8
Solving time: 0.000288525 seconds
plan limit 980
current timestep 225
num of flexible agents: 36
num of flexible tasks: 7
Solving time: 0.000298467 seconds
plan limit 980
current timestep 226
num of flexible agents: 37
num of flexible tasks: 8
Solving time: 0.000337398 seconds
plan limit 980
current timestep 227
num of flexible agents: 37
num of flexible tasks: 9
Solving time: 0.000276217 seconds
plan limit 980
current timestep 228
num of flexible agents: 35
num of flexible tasks: 8
Solving time: 0.000317058 seconds
plan limit 980
current timestep 229
num of flexible agents: 36
num of flexible tasks: 9
Solving time: 0.000325383 seconds
plan limit 980
current timestep 230
num of flexible agents: 36
num of flexible tasks: 9
Solving time: 0.000333973 seconds
plan limit 980
current timestep 231
num of flexible agents: 37
num of flexible tasks: 11
Solving time: 0.000347187 seconds
plan limit 980
current timestep 232
num of flexible agents: 40
num of flexible tasks: 12
Solving time: 0.00034208 seconds
plan limit 980
current timestep 233
num of flexible agents: 39
num of flexible tasks: 13
Solving time: 0.000329029 seconds
plan limit 980
current timestep 234
num of flexible agents: 39
num of flexible tasks: 13
Solving time: 0.000274989 seconds
plan limit 980
current timestep 235
num of flexible agents: 38
num of flexible tasks: 12
Solving time: 0.000280992 seconds
plan limit 980
current timestep 236
num of flexible agents: 36
num of flexible tasks: 12
Solving time: 0.000297808 seconds
plan limit 980
current timestep 237
num of flexible agents: 33
num of flexible tasks: 11
Solving time: 0.000280853 seconds
plan limit 980
current timestep 238
num of flexible agents: 38
num of flexible tasks: 12
Solving time: 0.00033745 seconds
plan limit 980
current timestep 239
num of flexible agents: 36
num of flexible tasks: 11
Solving time: 0.000349298 seconds
plan limit 980
current timestep 240
num of flexible agents: 35
num of flexible tasks: 12
Solving time: 0.000325524 seconds
plan limit 980
current timestep 241
num of flexible agents: 34
num of flexible tasks: 12
Solving time: 0.00034661 seconds
plan limit 980
current timestep 242
num of flexible agents: 37
num of flexible tasks: 11
Solving time: 0.000330022 seconds
plan limit 980
current timestep 243
num of flexible agents: 36
num of flexible tasks: 11
Solving time: 0.000290414 seconds
plan limit 980
current timestep 244
num of flexible agents: 37
num of flexible tasks: 10
Solving time: 0.000270606 seconds
plan limit 980
current timestep 245
num of flexible agents: 36
num of flexible tasks: 10
Solving time: 0.000279453 seconds
plan limit 980
current timestep 246
num of flexible agents: 35
num of flexible tasks: 10
Solving time: 0.000313004 seconds
plan limit 980
current timestep 247
num of flexible agents: 35
num of flexible tasks: 9
Solving time: 0.000294974 seconds
plan limit 980
current timestep 248
num of flexible agents: 33
num of flexible tasks: 9
Solving time: 0.000308934 seconds
plan limit 980
current timestep 249
num of flexible agents: 36
num of flexible tasks: 11
Solving time: 0.000370426 seconds
plan limit 980
current timestep 250
num of flexible agents: 35
num of flexible tasks: 7
Solving time: 0.000295709 seconds
plan limit 980
current timestep 251
num of flexible agents: 37
num of flexible tasks: 5
Solving time: 0.000274641 seconds
plan limit 980
current timestep 252
num of flexible agents: 38
num of flexible tasks: 5
Solving time: 0.000270459 seconds
plan limit 980
current timestep 253
num of flexible agents: 41
num of flexible tasks: 4
Solving time: 0.000272203 seconds
plan limit 980
current timestep 254
num of flexible agents: 43
num of flexible tasks: 4
Solving time: 0.000297733 seconds
plan limit 980
current timestep 255
num of flexible agents: 44
num of flexible tasks: 3
Solving time: 0.000261331 seconds
plan limit 980
current timestep 256
num of flexible agents: 43
num of flexible tasks: 2
Solving time: 0.000251295 seconds
plan limit 980
current timestep 257
num of flexible agents: 46
num of flexible tasks: 1
Solving time: 0.000269209 seconds
plan limit 980
current timestep 258
num of flexible agents: 48
num of flexible tasks: 0
Solving time: 0.000233157 seconds
plan limit 980
current timestep 259
num of flexible agents: 51
num of flexible tasks: 0
Solving time: 0.000237275 seconds
plan limit 980
current timestep 260
num of flexible agents: 53
num of flexible tasks: 0
Solving time: 0.000225238 seconds
plan limit 980
current timestep 261
num of flexible agents: 55
num of flexible tasks: 0
Solving time: 0.00023806 seconds
plan limit 980
current timestep 262
num of flexible agents: 58
num of flexible tasks: 0
Solving time: 0.000250971 seconds
plan limit 980
current timestep 263
num of flexible agents: 62
num of flexible tasks: 0
Solving time: 0.000238672 seconds
plan limit 980
current timestep 264
num of flexible agents: 66
num of flexible tasks: 0
Solving time: 0.00023524 seconds
plan limit 980
current timestep 265
num of flexible agents: 67
num of flexible tasks: 0
Solving time: 0.000246914 seconds
plan limit 980
current timestep 266
num of flexible agents: 67
num of flexible tasks: 0
Solving time: 0.000248823 seconds
plan limit 980
current timestep 267
num of flexible agents: 68
num of flexible tasks: 0
Solving time: 0.000240114 seconds
plan limit 980
current timestep 268
num of flexible agents: 69
num of flexible tasks: 0
Solving time: 0.000242636 seconds
plan limit 980
current timestep 269
num of flexible agents: 71
num of flexible tasks: 0
Solving time: 0.000219526 seconds
plan limit 980
current timestep 270
num of flexible agents: 71
num of flexible tasks: 0
Solving time: 0.00024172 seconds
plan limit 980
current timestep 271
num of flexible agents: 74
num of flexible tasks: 0
Solving time: 0.000209789 seconds
plan limit 980
current timestep 272
num of flexible agents: 74
num of flexible tasks: 0
Solving time: 0.000272537 seconds
plan limit 980
current timestep 273
num of flexible agents: 74
num of flexible tasks: 0
Solving time: 0.000240744 seconds
plan limit 980
current timestep 274
num of flexible agents: 74
num of flexible tasks: 0
Solving time: 0.000236212 seconds
plan limit 980
current timestep 275
num of flexible agents: 75
num of flexible tasks: 0
Solving time: 0.00023055 seconds
plan limit 980
current timestep 276
num of flexible agents: 75
num of flexible tasks: 0
Solving time: 0.000250206 seconds
plan limit 980
current timestep 277
num of flexible agents: 75
num of flexible tasks: 0
Solving time: 0.000282327 seconds
plan limit 980
current timestep 278
num of flexible agents: 75
num of flexible tasks: 0
Solving time: 0.000215165 seconds
plan limit 980
current timestep 279
num of flexible agents: 75
num of flexible tasks: 0
Solving time: 0.000239171 seconds
plan limit 980
current timestep 280
num of flexible agents: 76
num of flexible tasks: 0
Solving time: 0.000243094 seconds
plan limit 980
current timestep 281
num of flexible agents: 76
num of flexible tasks: 0
Solving time: 0.000232596 seconds
plan limit 980
current timestep 282
num of flexible agents: 77
num of flexible tasks: 0
Solving time: 0.000226343 seconds
plan limit 980
current timestep 283
num of flexible agents: 77
num of flexible tasks: 0
Solving time: 0.000238428 seconds
plan limit 980
current timestep 284
num of flexible agents: 78
num of flexible tasks: 0
Solving time: 0.000237766 seconds
plan limit 980
current timestep 285
num of flexible agents: 79
num of flexible tasks: 0
Solving time: 0.00026301 seconds
plan limit 980
current timestep 286
num of flexible agents: 79
num of flexible tasks: 0
Solving time: 0.000247953 seconds
plan limit 980
current timestep 287
num of flexible agents: 79
num of flexible tasks: 0
Solving time: 0.0002539 seconds
plan limit 980
current timestep 288
num of flexible agents: 79
num of flexible tasks: 0
Solving time: 0.000224409 seconds
plan limit 980
current timestep 289
num of flexible agents: 79
num of flexible tasks: 0
Solving time: 0.000246356 seconds
plan limit 980
current timestep 290
num of flexible agents: 79
num of flexible tasks: 0
Solving time: 0.000233159 seconds
plan limit 980
current timestep 291
num of flexible agents: 79
num of flexible tasks: 0
Solving time: 0.000232262 seconds
plan limit 980
current timestep 292
num of flexible agents: 79
num of flexible tasks: 0
Solving time: 0.000227496 seconds
plan limit 980
All tasks finished at timestep 293
